{"level":"info","message":"Initialising jasmine tests","timestamp":"2014-10-08T13:08:57.982Z"}
{"level":"info","message":"Initialising jasmine tests","timestamp":"2014-10-08T13:08:57.982Z"}
{"inline":{},"popover":{},"indiscriminate":{},"progressWrapper":{"parentElementArrayFinder":{"locator_":{"using":"css selector","value":".zoe-progress-wrapper"}},"elementArrayFinder_":{"locator_":{"$ref":"$[\"progressWrapper\"][\"parentElementArrayFinder\"][\"locator_\"]"}}},"widgetOverlay":{"parentElementArrayFinder":{"locator_":{"using":"css selector","value":"#zoe-zbox-overlay"}},"elementArrayFinder_":{"locator_":{"$ref":"$[\"widgetOverlay\"][\"parentElementArrayFinder\"][\"locator_\"]"}}},"widgetTrigger":{"parentElementArrayFinder":{"locator_":{"using":"css selector","value":".zoe-engage-trigger>img"}},"elementArrayFinder_":{"locator_":{"$ref":"$[\"widgetTrigger\"][\"parentElementArrayFinder\"][\"locator_\"]"}}},"widgetColorbox":{"parentElementArrayFinder":{"locator_":{"using":"css selector","value":"#zoe-zbox-content"}},"elementArrayFinder_":{"locator_":{"$ref":"$[\"widgetColorbox\"][\"parentElementArrayFinder\"][\"locator_\"]"}}},"helpButton":{"parentElementArrayFinder":{"locator_":{"using":"css selector","value":".zoe-btn-help"}},"elementArrayFinder_":{"locator_":{"$ref":"$[\"helpButton\"][\"parentElementArrayFinder\"][\"locator_\"]"}}},"helpElement":{"parentElementArrayFinder":{"locator_":{"using":"css selector","value":".zoe-help-overlay"}},"elementArrayFinder_":{"locator_":{"$ref":"$[\"helpElement\"][\"parentElementArrayFinder\"][\"locator_\"]"}}},"zoomButton":{"parentElementArrayFinder":{"locator_":{"using":"css selector","value":".zoe-btn-zoom"}},"elementArrayFinder_":{"locator_":{"$ref":"$[\"zoomButton\"][\"parentElementArrayFinder\"][\"locator_\"]"}}},"zoomElement":{"parentElementArrayFinder":{"locator_":{"using":"css selector","value":".zoe-zoom"}},"elementArrayFinder_":{"locator_":{"$ref":"$[\"zoomElement\"][\"parentElementArrayFinder\"][\"locator_\"]"}}},"zoomImage":{"parentElementArrayFinder":{"locator_":{"using":"css selector","value":".zoe-zoom-frame"}},"elementArrayFinder_":{"locator_":{"$ref":"$[\"zoomImage\"][\"parentElementArrayFinder\"][\"locator_\"]"}}},"closeButton":{"parentElementArrayFinder":{"locator_":{"using":"css selector","value":".zoe-btn-close"}},"elementArrayFinder_":{"locator_":{"$ref":"$[\"closeButton\"][\"parentElementArrayFinder\"][\"locator_\"]"}}},"widgetImageDiv":{"parentElementArrayFinder":{"locator_":{"using":"css selector","value":".zoe-engage-image.reel"}},"elementArrayFinder_":{"locator_":{"$ref":"$[\"widgetImageDiv\"][\"parentElementArrayFinder\"][\"locator_\"]"}}},"inlineDivSelector":{"parentElementArrayFinder":{"locator_":{"using":"css selector","value":".zoe-inline.reel"}},"elementArrayFinder_":{"locator_":{"$ref":"$[\"inlineDivSelector\"][\"parentElementArrayFinder\"][\"locator_\"]"}}},"widgetWrapperSelector":{"parentElementArrayFinder":{"locator_":{"using":"css selector","value":".zoe-engage-wrapper"}},"elementArrayFinder_":{"locator_":{"$ref":"$[\"widgetWrapperSelector\"][\"parentElementArrayFinder\"][\"locator_\"]"}}},"widgetWrapperImage":{"parentElementArrayFinder":{"locator_":{"using":"css selector","value":".zoe-frame"}},"elementArrayFinder_":{"locator_":{"$ref":"$[\"widgetWrapperImage\"][\"parentElementArrayFinder\"][\"locator_\"]"}}},"pageImageSelector":{"parentElementArrayFinder":{"locator_":{"using":"css selector","value":".zoe-engage-wrapper"}},"elementArrayFinder_":{"locator_":{"$ref":"$[\"pageImageSelector\"][\"parentElementArrayFinder\"][\"locator_\"]"}}},"inlineTrigger":{"parentElementArrayFinder":{"locator_":{"using":"css selector","value":"a.zoe-engage-trigger"}},"elementArrayFinder_":{"locator_":{"$ref":"$[\"inlineTrigger\"][\"parentElementArrayFinder\"][\"locator_\"]"}}},"inlineWrapper":{"parentElementArrayFinder":{"locator_":{"using":"css selector","value":".zoe-engage-wrapper.zoe-inline"}},"elementArrayFinder_":{"locator_":{"$ref":"$[\"inlineWrapper\"][\"parentElementArrayFinder\"][\"locator_\"]"}}},"frameSelector":{"parentElementArrayFinder":{"locator_":{"using":"css selector","value":".zoe-frame"}},"elementArrayFinder_":{"locator_":{"$ref":"$[\"frameSelector\"][\"parentElementArrayFinder\"][\"locator_\"]"}}},"interactCTA":{"parentElementArrayFinder":{"locator_":{"using":"css selector","value":".zoe-interact-cta"}},"elementArrayFinder_":{"locator_":{"$ref":"$[\"interactCTA\"][\"parentElementArrayFinder\"][\"locator_\"]"}}},"triggerCTA":{"parentElementArrayFinder":{"locator_":{"using":"css selector","value":".zoe-trigger-cta"}},"elementArrayFinder_":{"locator_":{"$ref":"$[\"triggerCTA\"][\"parentElementArrayFinder\"][\"locator_\"]"}}},"helpRotate":{"parentElementArrayFinder":{"locator_":{"using":"css selector","value":".zoe-help-rotate .zoe-help-text"}},"elementArrayFinder_":{"locator_":{"$ref":"$[\"helpRotate\"][\"parentElementArrayFinder\"][\"locator_\"]"}}},"helpElevate":{"parentElementArrayFinder":{"locator_":{"using":"css selector","value":".zoe-help-elevate .zoe-help-text"}},"elementArrayFinder_":{"locator_":{"$ref":"$[\"helpElevate\"][\"parentElementArrayFinder\"][\"locator_\"]"}}},"helpZoom":{"parentElementArrayFinder":{"locator_":{"using":"css selector","value":".zoe-help-zoom .zoe-help-text"}},"elementArrayFinder_":{"locator_":{"$ref":"$[\"helpZoom\"][\"parentElementArrayFinder\"][\"locator_\"]"}}},"helpBrand":{"parentElementArrayFinder":{"locator_":{"using":"css selector","value":".zoe-help-brand .zoe-help-text"}},"elementArrayFinder_":{"locator_":{"$ref":"$[\"helpBrand\"][\"parentElementArrayFinder\"][\"locator_\"]"}}},"extraContent":{"parentElementArrayFinder":{"locator_":{"using":"css selector","value":".zoe-display-extra-content"}},"elementArrayFinder_":{"locator_":{"$ref":"$[\"extraContent\"][\"parentElementArrayFinder\"][\"locator_\"]"}}},"level":"debug","message":"elementFinder is ","timestamp":"2014-10-08T13:08:57.985Z"}
{"inline":{},"popover":{},"indiscriminate":{},"progressWrapper":{"parentElementArrayFinder":{"locator_":{"using":"css selector","value":".zoe-progress-wrapper"}},"elementArrayFinder_":{"locator_":{"$ref":"$[\"progressWrapper\"][\"parentElementArrayFinder\"][\"locator_\"]"}}},"widgetOverlay":{"parentElementArrayFinder":{"locator_":{"using":"css selector","value":"#zoe-zbox-overlay"}},"elementArrayFinder_":{"locator_":{"$ref":"$[\"widgetOverlay\"][\"parentElementArrayFinder\"][\"locator_\"]"}}},"widgetTrigger":{"parentElementArrayFinder":{"locator_":{"using":"css selector","value":".zoe-engage-trigger>img"}},"elementArrayFinder_":{"locator_":{"$ref":"$[\"widgetTrigger\"][\"parentElementArrayFinder\"][\"locator_\"]"}}},"widgetColorbox":{"parentElementArrayFinder":{"locator_":{"using":"css selector","value":"#zoe-zbox-content"}},"elementArrayFinder_":{"locator_":{"$ref":"$[\"widgetColorbox\"][\"parentElementArrayFinder\"][\"locator_\"]"}}},"helpButton":{"parentElementArrayFinder":{"locator_":{"using":"css selector","value":".zoe-btn-help"}},"elementArrayFinder_":{"locator_":{"$ref":"$[\"helpButton\"][\"parentElementArrayFinder\"][\"locator_\"]"}}},"helpElement":{"parentElementArrayFinder":{"locator_":{"using":"css selector","value":".zoe-help-overlay"}},"elementArrayFinder_":{"locator_":{"$ref":"$[\"helpElement\"][\"parentElementArrayFinder\"][\"locator_\"]"}}},"zoomButton":{"parentElementArrayFinder":{"locator_":{"using":"css selector","value":".zoe-btn-zoom"}},"elementArrayFinder_":{"locator_":{"$ref":"$[\"zoomButton\"][\"parentElementArrayFinder\"][\"locator_\"]"}}},"zoomElement":{"parentElementArrayFinder":{"locator_":{"using":"css selector","value":".zoe-zoom"}},"elementArrayFinder_":{"locator_":{"$ref":"$[\"zoomElement\"][\"parentElementArrayFinder\"][\"locator_\"]"}}},"zoomImage":{"parentElementArrayFinder":{"locator_":{"using":"css selector","value":".zoe-zoom-frame"}},"elementArrayFinder_":{"locator_":{"$ref":"$[\"zoomImage\"][\"parentElementArrayFinder\"][\"locator_\"]"}}},"closeButton":{"parentElementArrayFinder":{"locator_":{"using":"css selector","value":".zoe-btn-close"}},"elementArrayFinder_":{"locator_":{"$ref":"$[\"closeButton\"][\"parentElementArrayFinder\"][\"locator_\"]"}}},"widgetImageDiv":{"parentElementArrayFinder":{"locator_":{"using":"css selector","value":".zoe-engage-image.reel"}},"elementArrayFinder_":{"locator_":{"$ref":"$[\"widgetImageDiv\"][\"parentElementArrayFinder\"][\"locator_\"]"}}},"inlineDivSelector":{"parentElementArrayFinder":{"locator_":{"using":"css selector","value":".zoe-inline.reel"}},"elementArrayFinder_":{"locator_":{"$ref":"$[\"inlineDivSelector\"][\"parentElementArrayFinder\"][\"locator_\"]"}}},"widgetWrapperSelector":{"parentElementArrayFinder":{"locator_":{"using":"css selector","value":".zoe-engage-wrapper"}},"elementArrayFinder_":{"locator_":{"$ref":"$[\"widgetWrapperSelector\"][\"parentElementArrayFinder\"][\"locator_\"]"}}},"widgetWrapperImage":{"parentElementArrayFinder":{"locator_":{"using":"css selector","value":".zoe-frame"}},"elementArrayFinder_":{"locator_":{"$ref":"$[\"widgetWrapperImage\"][\"parentElementArrayFinder\"][\"locator_\"]"}}},"pageImageSelector":{"parentElementArrayFinder":{"locator_":{"using":"css selector","value":".zoe-engage-wrapper"}},"elementArrayFinder_":{"locator_":{"$ref":"$[\"pageImageSelector\"][\"parentElementArrayFinder\"][\"locator_\"]"}}},"inlineTrigger":{"parentElementArrayFinder":{"locator_":{"using":"css selector","value":"a.zoe-engage-trigger"}},"elementArrayFinder_":{"locator_":{"$ref":"$[\"inlineTrigger\"][\"parentElementArrayFinder\"][\"locator_\"]"}}},"inlineWrapper":{"parentElementArrayFinder":{"locator_":{"using":"css selector","value":".zoe-engage-wrapper.zoe-inline"}},"elementArrayFinder_":{"locator_":{"$ref":"$[\"inlineWrapper\"][\"parentElementArrayFinder\"][\"locator_\"]"}}},"frameSelector":{"parentElementArrayFinder":{"locator_":{"using":"css selector","value":".zoe-frame"}},"elementArrayFinder_":{"locator_":{"$ref":"$[\"frameSelector\"][\"parentElementArrayFinder\"][\"locator_\"]"}}},"interactCTA":{"parentElementArrayFinder":{"locator_":{"using":"css selector","value":".zoe-interact-cta"}},"elementArrayFinder_":{"locator_":{"$ref":"$[\"interactCTA\"][\"parentElementArrayFinder\"][\"locator_\"]"}}},"triggerCTA":{"parentElementArrayFinder":{"locator_":{"using":"css selector","value":".zoe-trigger-cta"}},"elementArrayFinder_":{"locator_":{"$ref":"$[\"triggerCTA\"][\"parentElementArrayFinder\"][\"locator_\"]"}}},"helpRotate":{"parentElementArrayFinder":{"locator_":{"using":"css selector","value":".zoe-help-rotate .zoe-help-text"}},"elementArrayFinder_":{"locator_":{"$ref":"$[\"helpRotate\"][\"parentElementArrayFinder\"][\"locator_\"]"}}},"helpElevate":{"parentElementArrayFinder":{"locator_":{"using":"css selector","value":".zoe-help-elevate .zoe-help-text"}},"elementArrayFinder_":{"locator_":{"$ref":"$[\"helpElevate\"][\"parentElementArrayFinder\"][\"locator_\"]"}}},"helpZoom":{"parentElementArrayFinder":{"locator_":{"using":"css selector","value":".zoe-help-zoom .zoe-help-text"}},"elementArrayFinder_":{"locator_":{"$ref":"$[\"helpZoom\"][\"parentElementArrayFinder\"][\"locator_\"]"}}},"helpBrand":{"parentElementArrayFinder":{"locator_":{"using":"css selector","value":".zoe-help-brand .zoe-help-text"}},"elementArrayFinder_":{"locator_":{"$ref":"$[\"helpBrand\"][\"parentElementArrayFinder\"][\"locator_\"]"}}},"extraContent":{"parentElementArrayFinder":{"locator_":{"using":"css selector","value":".zoe-display-extra-content"}},"elementArrayFinder_":{"locator_":{"$ref":"$[\"extraContent\"][\"parentElementArrayFinder\"][\"locator_\"]"}}},"level":"debug","message":"elementFinder is ","timestamp":"2014-10-08T13:08:57.985Z"}
{"level":"info","message":"Initialising jasmine tests","timestamp":"2014-10-08T13:08:58.008Z"}
{"inline":{},"popover":{},"indiscriminate":{},"progressWrapper":{"parentElementArrayFinder":{"locator_":{"using":"css selector","value":".zoe-progress-wrapper"}},"elementArrayFinder_":{"locator_":{"$ref":"$[\"progressWrapper\"][\"parentElementArrayFinder\"][\"locator_\"]"}}},"widgetOverlay":{"parentElementArrayFinder":{"locator_":{"using":"css selector","value":"#zoe-zbox-overlay"}},"elementArrayFinder_":{"locator_":{"$ref":"$[\"widgetOverlay\"][\"parentElementArrayFinder\"][\"locator_\"]"}}},"widgetTrigger":{"parentElementArrayFinder":{"locator_":{"using":"css selector","value":".zoe-engage-trigger>img"}},"elementArrayFinder_":{"locator_":{"$ref":"$[\"widgetTrigger\"][\"parentElementArrayFinder\"][\"locator_\"]"}}},"widgetColorbox":{"parentElementArrayFinder":{"locator_":{"using":"css selector","value":"#zoe-zbox-content"}},"elementArrayFinder_":{"locator_":{"$ref":"$[\"widgetColorbox\"][\"parentElementArrayFinder\"][\"locator_\"]"}}},"helpButton":{"parentElementArrayFinder":{"locator_":{"using":"css selector","value":".zoe-btn-help"}},"elementArrayFinder_":{"locator_":{"$ref":"$[\"helpButton\"][\"parentElementArrayFinder\"][\"locator_\"]"}}},"helpElement":{"parentElementArrayFinder":{"locator_":{"using":"css selector","value":".zoe-help-overlay"}},"elementArrayFinder_":{"locator_":{"$ref":"$[\"helpElement\"][\"parentElementArrayFinder\"][\"locator_\"]"}}},"zoomButton":{"parentElementArrayFinder":{"locator_":{"using":"css selector","value":".zoe-btn-zoom"}},"elementArrayFinder_":{"locator_":{"$ref":"$[\"zoomButton\"][\"parentElementArrayFinder\"][\"locator_\"]"}}},"zoomElement":{"parentElementArrayFinder":{"locator_":{"using":"css selector","value":".zoe-zoom"}},"elementArrayFinder_":{"locator_":{"$ref":"$[\"zoomElement\"][\"parentElementArrayFinder\"][\"locator_\"]"}}},"zoomImage":{"parentElementArrayFinder":{"locator_":{"using":"css selector","value":".zoe-zoom-frame"}},"elementArrayFinder_":{"locator_":{"$ref":"$[\"zoomImage\"][\"parentElementArrayFinder\"][\"locator_\"]"}}},"closeButton":{"parentElementArrayFinder":{"locator_":{"using":"css selector","value":".zoe-btn-close"}},"elementArrayFinder_":{"locator_":{"$ref":"$[\"closeButton\"][\"parentElementArrayFinder\"][\"locator_\"]"}}},"widgetImageDiv":{"parentElementArrayFinder":{"locator_":{"using":"css selector","value":".zoe-engage-image.reel"}},"elementArrayFinder_":{"locator_":{"$ref":"$[\"widgetImageDiv\"][\"parentElementArrayFinder\"][\"locator_\"]"}}},"inlineDivSelector":{"parentElementArrayFinder":{"locator_":{"using":"css selector","value":".zoe-inline.reel"}},"elementArrayFinder_":{"locator_":{"$ref":"$[\"inlineDivSelector\"][\"parentElementArrayFinder\"][\"locator_\"]"}}},"widgetWrapperSelector":{"parentElementArrayFinder":{"locator_":{"using":"css selector","value":".zoe-engage-wrapper"}},"elementArrayFinder_":{"locator_":{"$ref":"$[\"widgetWrapperSelector\"][\"parentElementArrayFinder\"][\"locator_\"]"}}},"widgetWrapperImage":{"parentElementArrayFinder":{"locator_":{"using":"css selector","value":".zoe-frame"}},"elementArrayFinder_":{"locator_":{"$ref":"$[\"widgetWrapperImage\"][\"parentElementArrayFinder\"][\"locator_\"]"}}},"pageImageSelector":{"parentElementArrayFinder":{"locator_":{"using":"css selector","value":".zoe-engage-wrapper"}},"elementArrayFinder_":{"locator_":{"$ref":"$[\"pageImageSelector\"][\"parentElementArrayFinder\"][\"locator_\"]"}}},"inlineTrigger":{"parentElementArrayFinder":{"locator_":{"using":"css selector","value":"a.zoe-engage-trigger"}},"elementArrayFinder_":{"locator_":{"$ref":"$[\"inlineTrigger\"][\"parentElementArrayFinder\"][\"locator_\"]"}}},"inlineWrapper":{"parentElementArrayFinder":{"locator_":{"using":"css selector","value":".zoe-engage-wrapper.zoe-inline"}},"elementArrayFinder_":{"locator_":{"$ref":"$[\"inlineWrapper\"][\"parentElementArrayFinder\"][\"locator_\"]"}}},"frameSelector":{"parentElementArrayFinder":{"locator_":{"using":"css selector","value":".zoe-frame"}},"elementArrayFinder_":{"locator_":{"$ref":"$[\"frameSelector\"][\"parentElementArrayFinder\"][\"locator_\"]"}}},"interactCTA":{"parentElementArrayFinder":{"locator_":{"using":"css selector","value":".zoe-interact-cta"}},"elementArrayFinder_":{"locator_":{"$ref":"$[\"interactCTA\"][\"parentElementArrayFinder\"][\"locator_\"]"}}},"triggerCTA":{"parentElementArrayFinder":{"locator_":{"using":"css selector","value":".zoe-trigger-cta"}},"elementArrayFinder_":{"locator_":{"$ref":"$[\"triggerCTA\"][\"parentElementArrayFinder\"][\"locator_\"]"}}},"helpRotate":{"parentElementArrayFinder":{"locator_":{"using":"css selector","value":".zoe-help-rotate .zoe-help-text"}},"elementArrayFinder_":{"locator_":{"$ref":"$[\"helpRotate\"][\"parentElementArrayFinder\"][\"locator_\"]"}}},"helpElevate":{"parentElementArrayFinder":{"locator_":{"using":"css selector","value":".zoe-help-elevate .zoe-help-text"}},"elementArrayFinder_":{"locator_":{"$ref":"$[\"helpElevate\"][\"parentElementArrayFinder\"][\"locator_\"]"}}},"helpZoom":{"parentElementArrayFinder":{"locator_":{"using":"css selector","value":".zoe-help-zoom .zoe-help-text"}},"elementArrayFinder_":{"locator_":{"$ref":"$[\"helpZoom\"][\"parentElementArrayFinder\"][\"locator_\"]"}}},"helpBrand":{"parentElementArrayFinder":{"locator_":{"using":"css selector","value":".zoe-help-brand .zoe-help-text"}},"elementArrayFinder_":{"locator_":{"$ref":"$[\"helpBrand\"][\"parentElementArrayFinder\"][\"locator_\"]"}}},"extraContent":{"parentElementArrayFinder":{"locator_":{"using":"css selector","value":".zoe-display-extra-content"}},"elementArrayFinder_":{"locator_":{"$ref":"$[\"extraContent\"][\"parentElementArrayFinder\"][\"locator_\"]"}}},"level":"debug","message":"elementFinder is ","timestamp":"2014-10-08T13:08:58.011Z"}
{"level":"info","message":"Initialising jasmine tests","timestamp":"2014-10-08T13:08:58.012Z"}
{"inline":{},"popover":{},"indiscriminate":{},"progressWrapper":{"parentElementArrayFinder":{"locator_":{"using":"css selector","value":".zoe-progress-wrapper"}},"elementArrayFinder_":{"locator_":{"$ref":"$[\"progressWrapper\"][\"parentElementArrayFinder\"][\"locator_\"]"}}},"widgetOverlay":{"parentElementArrayFinder":{"locator_":{"using":"css selector","value":"#zoe-zbox-overlay"}},"elementArrayFinder_":{"locator_":{"$ref":"$[\"widgetOverlay\"][\"parentElementArrayFinder\"][\"locator_\"]"}}},"widgetTrigger":{"parentElementArrayFinder":{"locator_":{"using":"css selector","value":".zoe-engage-trigger>img"}},"elementArrayFinder_":{"locator_":{"$ref":"$[\"widgetTrigger\"][\"parentElementArrayFinder\"][\"locator_\"]"}}},"widgetColorbox":{"parentElementArrayFinder":{"locator_":{"using":"css selector","value":"#zoe-zbox-content"}},"elementArrayFinder_":{"locator_":{"$ref":"$[\"widgetColorbox\"][\"parentElementArrayFinder\"][\"locator_\"]"}}},"helpButton":{"parentElementArrayFinder":{"locator_":{"using":"css selector","value":".zoe-btn-help"}},"elementArrayFinder_":{"locator_":{"$ref":"$[\"helpButton\"][\"parentElementArrayFinder\"][\"locator_\"]"}}},"helpElement":{"parentElementArrayFinder":{"locator_":{"using":"css selector","value":".zoe-help-overlay"}},"elementArrayFinder_":{"locator_":{"$ref":"$[\"helpElement\"][\"parentElementArrayFinder\"][\"locator_\"]"}}},"zoomButton":{"parentElementArrayFinder":{"locator_":{"using":"css selector","value":".zoe-btn-zoom"}},"elementArrayFinder_":{"locator_":{"$ref":"$[\"zoomButton\"][\"parentElementArrayFinder\"][\"locator_\"]"}}},"zoomElement":{"parentElementArrayFinder":{"locator_":{"using":"css selector","value":".zoe-zoom"}},"elementArrayFinder_":{"locator_":{"$ref":"$[\"zoomElement\"][\"parentElementArrayFinder\"][\"locator_\"]"}}},"zoomImage":{"parentElementArrayFinder":{"locator_":{"using":"css selector","value":".zoe-zoom-frame"}},"elementArrayFinder_":{"locator_":{"$ref":"$[\"zoomImage\"][\"parentElementArrayFinder\"][\"locator_\"]"}}},"closeButton":{"parentElementArrayFinder":{"locator_":{"using":"css selector","value":".zoe-btn-close"}},"elementArrayFinder_":{"locator_":{"$ref":"$[\"closeButton\"][\"parentElementArrayFinder\"][\"locator_\"]"}}},"widgetImageDiv":{"parentElementArrayFinder":{"locator_":{"using":"css selector","value":".zoe-engage-image.reel"}},"elementArrayFinder_":{"locator_":{"$ref":"$[\"widgetImageDiv\"][\"parentElementArrayFinder\"][\"locator_\"]"}}},"inlineDivSelector":{"parentElementArrayFinder":{"locator_":{"using":"css selector","value":".zoe-inline.reel"}},"elementArrayFinder_":{"locator_":{"$ref":"$[\"inlineDivSelector\"][\"parentElementArrayFinder\"][\"locator_\"]"}}},"widgetWrapperSelector":{"parentElementArrayFinder":{"locator_":{"using":"css selector","value":".zoe-engage-wrapper"}},"elementArrayFinder_":{"locator_":{"$ref":"$[\"widgetWrapperSelector\"][\"parentElementArrayFinder\"][\"locator_\"]"}}},"widgetWrapperImage":{"parentElementArrayFinder":{"locator_":{"using":"css selector","value":".zoe-frame"}},"elementArrayFinder_":{"locator_":{"$ref":"$[\"widgetWrapperImage\"][\"parentElementArrayFinder\"][\"locator_\"]"}}},"pageImageSelector":{"parentElementArrayFinder":{"locator_":{"using":"css selector","value":".zoe-engage-wrapper"}},"elementArrayFinder_":{"locator_":{"$ref":"$[\"pageImageSelector\"][\"parentElementArrayFinder\"][\"locator_\"]"}}},"inlineTrigger":{"parentElementArrayFinder":{"locator_":{"using":"css selector","value":"a.zoe-engage-trigger"}},"elementArrayFinder_":{"locator_":{"$ref":"$[\"inlineTrigger\"][\"parentElementArrayFinder\"][\"locator_\"]"}}},"inlineWrapper":{"parentElementArrayFinder":{"locator_":{"using":"css selector","value":".zoe-engage-wrapper.zoe-inline"}},"elementArrayFinder_":{"locator_":{"$ref":"$[\"inlineWrapper\"][\"parentElementArrayFinder\"][\"locator_\"]"}}},"frameSelector":{"parentElementArrayFinder":{"locator_":{"using":"css selector","value":".zoe-frame"}},"elementArrayFinder_":{"locator_":{"$ref":"$[\"frameSelector\"][\"parentElementArrayFinder\"][\"locator_\"]"}}},"interactCTA":{"parentElementArrayFinder":{"locator_":{"using":"css selector","value":".zoe-interact-cta"}},"elementArrayFinder_":{"locator_":{"$ref":"$[\"interactCTA\"][\"parentElementArrayFinder\"][\"locator_\"]"}}},"triggerCTA":{"parentElementArrayFinder":{"locator_":{"using":"css selector","value":".zoe-trigger-cta"}},"elementArrayFinder_":{"locator_":{"$ref":"$[\"triggerCTA\"][\"parentElementArrayFinder\"][\"locator_\"]"}}},"helpRotate":{"parentElementArrayFinder":{"locator_":{"using":"css selector","value":".zoe-help-rotate .zoe-help-text"}},"elementArrayFinder_":{"locator_":{"$ref":"$[\"helpRotate\"][\"parentElementArrayFinder\"][\"locator_\"]"}}},"helpElevate":{"parentElementArrayFinder":{"locator_":{"using":"css selector","value":".zoe-help-elevate .zoe-help-text"}},"elementArrayFinder_":{"locator_":{"$ref":"$[\"helpElevate\"][\"parentElementArrayFinder\"][\"locator_\"]"}}},"helpZoom":{"parentElementArrayFinder":{"locator_":{"using":"css selector","value":".zoe-help-zoom .zoe-help-text"}},"elementArrayFinder_":{"locator_":{"$ref":"$[\"helpZoom\"][\"parentElementArrayFinder\"][\"locator_\"]"}}},"helpBrand":{"parentElementArrayFinder":{"locator_":{"using":"css selector","value":".zoe-help-brand .zoe-help-text"}},"elementArrayFinder_":{"locator_":{"$ref":"$[\"helpBrand\"][\"parentElementArrayFinder\"][\"locator_\"]"}}},"extraContent":{"parentElementArrayFinder":{"locator_":{"using":"css selector","value":".zoe-display-extra-content"}},"elementArrayFinder_":{"locator_":{"$ref":"$[\"extraContent\"][\"parentElementArrayFinder\"][\"locator_\"]"}}},"level":"debug","message":"elementFinder is ","timestamp":"2014-10-08T13:08:58.015Z"}
{"takesScreenshot":true,"version":"6.0.5","cssSelectorsEnabled":true,"javascriptEnabled":true,"browserName":"safari","platform":"MAC","secureSsl":true,"webdriver.remote.sessionid":"2ee421dfab9145bfbe438a44bbae2d06","hasMetadata":true,"level":"info","message":"","timestamp":"2014-10-08T13:10:03.097Z"}
{"level":"info","message":"undefined","timestamp":"2014-10-08T13:10:03.097Z"}
{"level":"info","message":"Initialising file paths with browser & version","timestamp":"2014-10-08T13:10:03.097Z"}
{"level":"info","message":"Initialising file paths with browser & version","timestamp":"2014-10-08T13:10:03.097Z"}
{"level":"info","message":"Initialising file paths with browser & version","timestamp":"2014-10-08T13:10:03.097Z"}
{"level":"info","message":"Initialising file paths with browser & version","timestamp":"2014-10-08T13:10:03.097Z"}
{"level":"info","message":"Initialising file paths with browser & version","timestamp":"2014-10-08T13:10:03.097Z"}
{"level":"info","message":"Initialising file paths with browser & version","timestamp":"2014-10-08T13:10:03.097Z"}
{"level":"info","message":"Initialising file paths with browser & version","timestamp":"2014-10-08T13:10:03.098Z"}
{"level":"info","message":"Initialising file paths with browser & version","timestamp":"2014-10-08T13:10:03.098Z"}
{"level":"info","message":"Initialising file paths with browser & version","timestamp":"2014-10-08T13:10:03.098Z"}
{"level":"info","message":"Initialising file paths with browser & version","timestamp":"2014-10-08T13:10:03.098Z"}
{"level":"info","message":"Initialising file paths with browser & version","timestamp":"2014-10-08T13:10:03.098Z"}
{"level":"info","message":"Initialising file paths with browser & version","timestamp":"2014-10-08T13:10:03.098Z"}
{"level":"info","message":"Initialising file paths with browser & version","timestamp":"2014-10-08T13:10:03.098Z"}
{"level":"info","message":"Initialising file paths with browser & version","timestamp":"2014-10-08T13:10:03.098Z"}
{"level":"info","message":"Initialising file paths with browser & version","timestamp":"2014-10-08T13:10:03.098Z"}
{"level":"info","message":"Initialising file paths with browser & version","timestamp":"2014-10-08T13:10:03.098Z"}
{"level":"info","message":"Initialising file paths with browser & version","timestamp":"2014-10-08T13:10:03.098Z"}
{"level":"info","message":"Initialising file paths with browser & version","timestamp":"2014-10-08T13:10:03.098Z"}
{"level":"info","message":"Initialising file paths with browser & version","timestamp":"2014-10-08T13:10:03.098Z"}
{"level":"info","message":"Initialising file paths with browser & version","timestamp":"2014-10-08T13:10:03.098Z"}
{"level":"info","message":"Initialising file paths with browser & version","timestamp":"2014-10-08T13:10:03.098Z"}
{"level":"info","message":"Initialising file paths with browser & version","timestamp":"2014-10-08T13:10:03.098Z"}
{"level":"info","message":"Initialising file paths with browser & version","timestamp":"2014-10-08T13:10:03.098Z"}
{"level":"info","message":"Initialising file paths with browser & version","timestamp":"2014-10-08T13:10:03.098Z"}
{"level":"info","message":"Initialising file paths with browser & version","timestamp":"2014-10-08T13:10:03.098Z"}
{"level":"info","message":"Initialising file paths with browser & version","timestamp":"2014-10-08T13:10:03.098Z"}
{"level":"info","message":"Opening URL: http://jenkins.zoetrope.io:8888/v3/testInline.html","timestamp":"2014-10-08T13:10:03.655Z"}
{"rotatable":false,"browserConnectionEnabled":false,"acceptSslCerts":true,"cssSelectorsEnabled":true,"chrome":{"chromedriverVersion":"2.4.226107"},"javascriptEnabled":true,"version":"30.0.1599.65","webdriver.remote.sessionid":"e59be57bec30427ab3f5a033e87d3c45","databaseEnabled":true,"locationContextEnabled":true,"platform":"Windows NT","browserName":"chrome","takesScreenshot":true,"hasMetadata":true,"nativeEvents":true,"applicationCacheEnabled":false,"webStorageEnabled":true,"handlesAlerts":true,"level":"info","message":"","timestamp":"2014-10-08T13:10:06.532Z"}
{"level":"info","message":"undefined","timestamp":"2014-10-08T13:10:06.533Z"}
{"level":"info","message":"Initialising file paths with browser & version","timestamp":"2014-10-08T13:10:06.533Z"}
{"level":"info","message":"Initialising file paths with browser & version","timestamp":"2014-10-08T13:10:06.533Z"}
{"level":"info","message":"Initialising file paths with browser & version","timestamp":"2014-10-08T13:10:06.533Z"}
{"level":"info","message":"Initialising file paths with browser & version","timestamp":"2014-10-08T13:10:06.533Z"}
{"level":"info","message":"Initialising file paths with browser & version","timestamp":"2014-10-08T13:10:06.533Z"}
{"level":"info","message":"Initialising file paths with browser & version","timestamp":"2014-10-08T13:10:06.533Z"}
{"level":"info","message":"Initialising file paths with browser & version","timestamp":"2014-10-08T13:10:06.533Z"}
{"level":"info","message":"Initialising file paths with browser & version","timestamp":"2014-10-08T13:10:06.533Z"}
{"level":"info","message":"Initialising file paths with browser & version","timestamp":"2014-10-08T13:10:06.533Z"}
{"level":"info","message":"Initialising file paths with browser & version","timestamp":"2014-10-08T13:10:06.533Z"}
{"level":"info","message":"Initialising file paths with browser & version","timestamp":"2014-10-08T13:10:06.533Z"}
{"level":"info","message":"Initialising file paths with browser & version","timestamp":"2014-10-08T13:10:06.533Z"}
{"level":"info","message":"Initialising file paths with browser & version","timestamp":"2014-10-08T13:10:06.533Z"}
{"level":"info","message":"Initialising file paths with browser & version","timestamp":"2014-10-08T13:10:06.533Z"}
{"level":"info","message":"Initialising file paths with browser & version","timestamp":"2014-10-08T13:10:06.533Z"}
{"level":"info","message":"Initialising file paths with browser & version","timestamp":"2014-10-08T13:10:06.533Z"}
{"level":"info","message":"Initialising file paths with browser & version","timestamp":"2014-10-08T13:10:06.534Z"}
{"level":"info","message":"Initialising file paths with browser & version","timestamp":"2014-10-08T13:10:06.534Z"}
{"level":"info","message":"Initialising file paths with browser & version","timestamp":"2014-10-08T13:10:06.534Z"}
{"level":"info","message":"Initialising file paths with browser & version","timestamp":"2014-10-08T13:10:06.534Z"}
{"level":"info","message":"Initialising file paths with browser & version","timestamp":"2014-10-08T13:10:06.534Z"}
{"level":"info","message":"Initialising file paths with browser & version","timestamp":"2014-10-08T13:10:06.534Z"}
{"level":"info","message":"Initialising file paths with browser & version","timestamp":"2014-10-08T13:10:06.534Z"}
{"level":"info","message":"Initialising file paths with browser & version","timestamp":"2014-10-08T13:10:06.534Z"}
{"level":"info","message":"Initialising file paths with browser & version","timestamp":"2014-10-08T13:10:06.534Z"}
{"level":"info","message":"Initialising file paths with browser & version","timestamp":"2014-10-08T13:10:06.534Z"}
{"level":"info","message":"Opening URL: http://jenkins.zoetrope.io:8888/v3/testInline.html","timestamp":"2014-10-08T13:10:08.435Z"}
{"level":"info","message":"Saving screenshot to images/load.jpg","timestamp":"2014-10-08T13:10:12.402Z"}
{"level":"info","message":"Saved screenshot","timestamp":"2014-10-08T13:10:16.729Z"}
{"level":"info","message":"Clicking the help button","timestamp":"2014-10-08T13:10:16.765Z"}
{"parentElementArrayFinder":{"locator_":{"using":"css selector","value":".zoe-btn-help"}},"elementArrayFinder_":{"locator_":{"$ref":"$[\"parentElementArrayFinder\"][\"locator_\"]"}},"level":"info","message":"help button is","timestamp":"2014-10-08T13:10:16.767Z"}
{"level":"info","message":"Saving screenshot to images/load.jpg","timestamp":"2014-10-08T13:10:26.411Z"}
{"level":"info","message":"Got help style of ","timestamp":"2014-10-08T13:10:27.833Z"}
{"level":"info","message":"Saving screenshot to images/help.jpg","timestamp":"2014-10-08T13:10:27.877Z"}
{"level":"info","message":"Saved screenshot","timestamp":"2014-10-08T13:10:30.239Z"}
{"level":"info","message":"Clicking the help button","timestamp":"2014-10-08T13:10:30.275Z"}
{"parentElementArrayFinder":{"locator_":{"using":"css selector","value":".zoe-btn-help"}},"elementArrayFinder_":{"locator_":{"$ref":"$[\"parentElementArrayFinder\"][\"locator_\"]"}},"level":"info","message":"help button is","timestamp":"2014-10-08T13:10:30.278Z"}
{"level":"info","message":"Saved screenshot","timestamp":"2014-10-08T13:10:32.983Z"}
{"level":"info","message":"Clicking the help button","timestamp":"2014-10-08T13:10:33.026Z"}
{"parentElementArrayFinder":{"locator_":{"using":"css selector","value":".zoe-btn-help"}},"elementArrayFinder_":{"locator_":{"$ref":"$[\"parentElementArrayFinder\"][\"locator_\"]"}},"level":"info","message":"help button is","timestamp":"2014-10-08T13:10:33.029Z"}
{"level":"info","message":"Got help style of ","timestamp":"2014-10-08T13:10:39.110Z"}
{"level":"info","message":"Saving screenshot to images/help.jpg","timestamp":"2014-10-08T13:10:39.155Z"}
{"level":"info","message":"Got help style of display: none; ","timestamp":"2014-10-08T13:10:39.839Z"}
{"level":"info","message":"Saving screenshot to images/helpClose.jpg","timestamp":"2014-10-08T13:10:39.883Z"}
{"level":"info","message":"Saved screenshot","timestamp":"2014-10-08T13:10:44.068Z"}
{"level":"info","message":"Clicking the help button","timestamp":"2014-10-08T13:10:44.111Z"}
{"parentElementArrayFinder":{"locator_":{"using":"css selector","value":".zoe-btn-help"}},"elementArrayFinder_":{"locator_":{"$ref":"$[\"parentElementArrayFinder\"][\"locator_\"]"}},"level":"info","message":"help button is","timestamp":"2014-10-08T13:10:44.114Z"}
{"level":"info","message":"Saved screenshot","timestamp":"2014-10-08T13:10:46.771Z"}
{"level":"info","message":"Clicking the zoom button","timestamp":"2014-10-08T13:10:46.812Z"}
{"level":"info","message":"Saving screenshot to images/zoom.jpg","timestamp":"2014-10-08T13:10:46.815Z"}
{"level":"info","message":"Got help style of display: none;","timestamp":"2014-10-08T13:10:52.445Z"}
{"level":"info","message":"Saving screenshot to images/helpClose.jpg","timestamp":"2014-10-08T13:10:52.488Z"}
{"level":"info","message":"Saved screenshot","timestamp":"2014-10-08T13:10:55.924Z"}
{"level":"info","message":"Clicking the zoom button","timestamp":"2014-10-08T13:10:55.964Z"}
{"level":"info","message":"Saving screenshot to images/zoom.jpg","timestamp":"2014-10-08T13:10:55.969Z"}
{"level":"info","message":"Saved screenshot","timestamp":"2014-10-08T13:11:02.856Z"}
{"level":"info","message":"Clicking the zoom button","timestamp":"2014-10-08T13:11:02.881Z"}
{"level":"info","message":"Saving screenshot to images/zoomClose.jpg","timestamp":"2014-10-08T13:11:02.885Z"}
{"level":"info","message":"Saved screenshot","timestamp":"2014-10-08T13:11:11.056Z"}
{"level":"info","message":"Clicking the zoom button","timestamp":"2014-10-08T13:11:11.084Z"}
{"level":"info","message":"Saving screenshot to images/zoomClose.jpg","timestamp":"2014-10-08T13:11:11.088Z"}
{"level":"info","message":"Saved screenshot","timestamp":"2014-10-08T13:11:13.126Z"}
{"level":"info","message":"Saved screenshot","timestamp":"2014-10-08T13:11:19.292Z"}
{"level":"info","message":"Initialising jasmine tests","timestamp":"2014-10-08T13:11:29.725Z"}
{"inline":{},"popover":{},"indiscriminate":{},"progressWrapper":{"parentElementArrayFinder":{"locator_":{"using":"css selector","value":".zoe-progress-wrapper"}},"elementArrayFinder_":{"locator_":{"$ref":"$[\"progressWrapper\"][\"parentElementArrayFinder\"][\"locator_\"]"}}},"widgetOverlay":{"parentElementArrayFinder":{"locator_":{"using":"css selector","value":"#zoe-zbox-overlay"}},"elementArrayFinder_":{"locator_":{"$ref":"$[\"widgetOverlay\"][\"parentElementArrayFinder\"][\"locator_\"]"}}},"widgetTrigger":{"parentElementArrayFinder":{"locator_":{"using":"css selector","value":".zoe-engage-trigger>img"}},"elementArrayFinder_":{"locator_":{"$ref":"$[\"widgetTrigger\"][\"parentElementArrayFinder\"][\"locator_\"]"}}},"widgetColorbox":{"parentElementArrayFinder":{"locator_":{"using":"css selector","value":"#zoe-zbox-content"}},"elementArrayFinder_":{"locator_":{"$ref":"$[\"widgetColorbox\"][\"parentElementArrayFinder\"][\"locator_\"]"}}},"helpButton":{"parentElementArrayFinder":{"locator_":{"using":"css selector","value":".zoe-btn-help"}},"elementArrayFinder_":{"locator_":{"$ref":"$[\"helpButton\"][\"parentElementArrayFinder\"][\"locator_\"]"}}},"helpElement":{"parentElementArrayFinder":{"locator_":{"using":"css selector","value":".zoe-help-overlay"}},"elementArrayFinder_":{"locator_":{"$ref":"$[\"helpElement\"][\"parentElementArrayFinder\"][\"locator_\"]"}}},"zoomButton":{"parentElementArrayFinder":{"locator_":{"using":"css selector","value":".zoe-btn-zoom"}},"elementArrayFinder_":{"locator_":{"$ref":"$[\"zoomButton\"][\"parentElementArrayFinder\"][\"locator_\"]"}}},"zoomElement":{"parentElementArrayFinder":{"locator_":{"using":"css selector","value":".zoe-zoom"}},"elementArrayFinder_":{"locator_":{"$ref":"$[\"zoomElement\"][\"parentElementArrayFinder\"][\"locator_\"]"}}},"zoomImage":{"parentElementArrayFinder":{"locator_":{"using":"css selector","value":".zoe-zoom-frame"}},"elementArrayFinder_":{"locator_":{"$ref":"$[\"zoomImage\"][\"parentElementArrayFinder\"][\"locator_\"]"}}},"closeButton":{"parentElementArrayFinder":{"locator_":{"using":"css selector","value":".zoe-btn-close"}},"elementArrayFinder_":{"locator_":{"$ref":"$[\"closeButton\"][\"parentElementArrayFinder\"][\"locator_\"]"}}},"widgetImageDiv":{"parentElementArrayFinder":{"locator_":{"using":"css selector","value":".zoe-engage-image.reel"}},"elementArrayFinder_":{"locator_":{"$ref":"$[\"widgetImageDiv\"][\"parentElementArrayFinder\"][\"locator_\"]"}}},"inlineDivSelector":{"parentElementArrayFinder":{"locator_":{"using":"css selector","value":".zoe-inline.reel"}},"elementArrayFinder_":{"locator_":{"$ref":"$[\"inlineDivSelector\"][\"parentElementArrayFinder\"][\"locator_\"]"}}},"widgetWrapperSelector":{"parentElementArrayFinder":{"locator_":{"using":"css selector","value":".zoe-engage-wrapper"}},"elementArrayFinder_":{"locator_":{"$ref":"$[\"widgetWrapperSelector\"][\"parentElementArrayFinder\"][\"locator_\"]"}}},"widgetWrapperImage":{"parentElementArrayFinder":{"locator_":{"using":"css selector","value":".zoe-frame"}},"elementArrayFinder_":{"locator_":{"$ref":"$[\"widgetWrapperImage\"][\"parentElementArrayFinder\"][\"locator_\"]"}}},"pageImageSelector":{"parentElementArrayFinder":{"locator_":{"using":"css selector","value":".zoe-engage-wrapper"}},"elementArrayFinder_":{"locator_":{"$ref":"$[\"pageImageSelector\"][\"parentElementArrayFinder\"][\"locator_\"]"}}},"inlineTrigger":{"parentElementArrayFinder":{"locator_":{"using":"css selector","value":"a.zoe-engage-trigger"}},"elementArrayFinder_":{"locator_":{"$ref":"$[\"inlineTrigger\"][\"parentElementArrayFinder\"][\"locator_\"]"}}},"inlineWrapper":{"parentElementArrayFinder":{"locator_":{"using":"css selector","value":".zoe-engage-wrapper.zoe-inline"}},"elementArrayFinder_":{"locator_":{"$ref":"$[\"inlineWrapper\"][\"parentElementArrayFinder\"][\"locator_\"]"}}},"frameSelector":{"parentElementArrayFinder":{"locator_":{"using":"css selector","value":".zoe-frame"}},"elementArrayFinder_":{"locator_":{"$ref":"$[\"frameSelector\"][\"parentElementArrayFinder\"][\"locator_\"]"}}},"interactCTA":{"parentElementArrayFinder":{"locator_":{"using":"css selector","value":".zoe-interact-cta"}},"elementArrayFinder_":{"locator_":{"$ref":"$[\"interactCTA\"][\"parentElementArrayFinder\"][\"locator_\"]"}}},"triggerCTA":{"parentElementArrayFinder":{"locator_":{"using":"css selector","value":".zoe-trigger-cta"}},"elementArrayFinder_":{"locator_":{"$ref":"$[\"triggerCTA\"][\"parentElementArrayFinder\"][\"locator_\"]"}}},"helpRotate":{"parentElementArrayFinder":{"locator_":{"using":"css selector","value":".zoe-help-rotate .zoe-help-text"}},"elementArrayFinder_":{"locator_":{"$ref":"$[\"helpRotate\"][\"parentElementArrayFinder\"][\"locator_\"]"}}},"helpElevate":{"parentElementArrayFinder":{"locator_":{"using":"css selector","value":".zoe-help-elevate .zoe-help-text"}},"elementArrayFinder_":{"locator_":{"$ref":"$[\"helpElevate\"][\"parentElementArrayFinder\"][\"locator_\"]"}}},"helpZoom":{"parentElementArrayFinder":{"locator_":{"using":"css selector","value":".zoe-help-zoom .zoe-help-text"}},"elementArrayFinder_":{"locator_":{"$ref":"$[\"helpZoom\"][\"parentElementArrayFinder\"][\"locator_\"]"}}},"helpBrand":{"parentElementArrayFinder":{"locator_":{"using":"css selector","value":".zoe-help-brand .zoe-help-text"}},"elementArrayFinder_":{"locator_":{"$ref":"$[\"helpBrand\"][\"parentElementArrayFinder\"][\"locator_\"]"}}},"extraContent":{"parentElementArrayFinder":{"locator_":{"using":"css selector","value":".zoe-display-extra-content"}},"elementArrayFinder_":{"locator_":{"$ref":"$[\"extraContent\"][\"parentElementArrayFinder\"][\"locator_\"]"}}},"level":"debug","message":"elementFinder is ","timestamp":"2014-10-08T13:11:29.727Z"}
{"level":"info","message":"Initialising jasmine tests","timestamp":"2014-10-08T13:11:29.726Z"}
{"inline":{},"popover":{},"indiscriminate":{},"progressWrapper":{"parentElementArrayFinder":{"locator_":{"using":"css selector","value":".zoe-progress-wrapper"}},"elementArrayFinder_":{"locator_":{"$ref":"$[\"progressWrapper\"][\"parentElementArrayFinder\"][\"locator_\"]"}}},"widgetOverlay":{"parentElementArrayFinder":{"locator_":{"using":"css selector","value":"#zoe-zbox-overlay"}},"elementArrayFinder_":{"locator_":{"$ref":"$[\"widgetOverlay\"][\"parentElementArrayFinder\"][\"locator_\"]"}}},"widgetTrigger":{"parentElementArrayFinder":{"locator_":{"using":"css selector","value":".zoe-engage-trigger>img"}},"elementArrayFinder_":{"locator_":{"$ref":"$[\"widgetTrigger\"][\"parentElementArrayFinder\"][\"locator_\"]"}}},"widgetColorbox":{"parentElementArrayFinder":{"locator_":{"using":"css selector","value":"#zoe-zbox-content"}},"elementArrayFinder_":{"locator_":{"$ref":"$[\"widgetColorbox\"][\"parentElementArrayFinder\"][\"locator_\"]"}}},"helpButton":{"parentElementArrayFinder":{"locator_":{"using":"css selector","value":".zoe-btn-help"}},"elementArrayFinder_":{"locator_":{"$ref":"$[\"helpButton\"][\"parentElementArrayFinder\"][\"locator_\"]"}}},"helpElement":{"parentElementArrayFinder":{"locator_":{"using":"css selector","value":".zoe-help-overlay"}},"elementArrayFinder_":{"locator_":{"$ref":"$[\"helpElement\"][\"parentElementArrayFinder\"][\"locator_\"]"}}},"zoomButton":{"parentElementArrayFinder":{"locator_":{"using":"css selector","value":".zoe-btn-zoom"}},"elementArrayFinder_":{"locator_":{"$ref":"$[\"zoomButton\"][\"parentElementArrayFinder\"][\"locator_\"]"}}},"zoomElement":{"parentElementArrayFinder":{"locator_":{"using":"css selector","value":".zoe-zoom"}},"elementArrayFinder_":{"locator_":{"$ref":"$[\"zoomElement\"][\"parentElementArrayFinder\"][\"locator_\"]"}}},"zoomImage":{"parentElementArrayFinder":{"locator_":{"using":"css selector","value":".zoe-zoom-frame"}},"elementArrayFinder_":{"locator_":{"$ref":"$[\"zoomImage\"][\"parentElementArrayFinder\"][\"locator_\"]"}}},"closeButton":{"parentElementArrayFinder":{"locator_":{"using":"css selector","value":".zoe-btn-close"}},"elementArrayFinder_":{"locator_":{"$ref":"$[\"closeButton\"][\"parentElementArrayFinder\"][\"locator_\"]"}}},"widgetImageDiv":{"parentElementArrayFinder":{"locator_":{"using":"css selector","value":".zoe-engage-image.reel"}},"elementArrayFinder_":{"locator_":{"$ref":"$[\"widgetImageDiv\"][\"parentElementArrayFinder\"][\"locator_\"]"}}},"inlineDivSelector":{"parentElementArrayFinder":{"locator_":{"using":"css selector","value":".zoe-inline.reel"}},"elementArrayFinder_":{"locator_":{"$ref":"$[\"inlineDivSelector\"][\"parentElementArrayFinder\"][\"locator_\"]"}}},"widgetWrapperSelector":{"parentElementArrayFinder":{"locator_":{"using":"css selector","value":".zoe-engage-wrapper"}},"elementArrayFinder_":{"locator_":{"$ref":"$[\"widgetWrapperSelector\"][\"parentElementArrayFinder\"][\"locator_\"]"}}},"widgetWrapperImage":{"parentElementArrayFinder":{"locator_":{"using":"css selector","value":".zoe-frame"}},"elementArrayFinder_":{"locator_":{"$ref":"$[\"widgetWrapperImage\"][\"parentElementArrayFinder\"][\"locator_\"]"}}},"pageImageSelector":{"parentElementArrayFinder":{"locator_":{"using":"css selector","value":".zoe-engage-wrapper"}},"elementArrayFinder_":{"locator_":{"$ref":"$[\"pageImageSelector\"][\"parentElementArrayFinder\"][\"locator_\"]"}}},"inlineTrigger":{"parentElementArrayFinder":{"locator_":{"using":"css selector","value":"a.zoe-engage-trigger"}},"elementArrayFinder_":{"locator_":{"$ref":"$[\"inlineTrigger\"][\"parentElementArrayFinder\"][\"locator_\"]"}}},"inlineWrapper":{"parentElementArrayFinder":{"locator_":{"using":"css selector","value":".zoe-engage-wrapper.zoe-inline"}},"elementArrayFinder_":{"locator_":{"$ref":"$[\"inlineWrapper\"][\"parentElementArrayFinder\"][\"locator_\"]"}}},"frameSelector":{"parentElementArrayFinder":{"locator_":{"using":"css selector","value":".zoe-frame"}},"elementArrayFinder_":{"locator_":{"$ref":"$[\"frameSelector\"][\"parentElementArrayFinder\"][\"locator_\"]"}}},"interactCTA":{"parentElementArrayFinder":{"locator_":{"using":"css selector","value":".zoe-interact-cta"}},"elementArrayFinder_":{"locator_":{"$ref":"$[\"interactCTA\"][\"parentElementArrayFinder\"][\"locator_\"]"}}},"triggerCTA":{"parentElementArrayFinder":{"locator_":{"using":"css selector","value":".zoe-trigger-cta"}},"elementArrayFinder_":{"locator_":{"$ref":"$[\"triggerCTA\"][\"parentElementArrayFinder\"][\"locator_\"]"}}},"helpRotate":{"parentElementArrayFinder":{"locator_":{"using":"css selector","value":".zoe-help-rotate .zoe-help-text"}},"elementArrayFinder_":{"locator_":{"$ref":"$[\"helpRotate\"][\"parentElementArrayFinder\"][\"locator_\"]"}}},"helpElevate":{"parentElementArrayFinder":{"locator_":{"using":"css selector","value":".zoe-help-elevate .zoe-help-text"}},"elementArrayFinder_":{"locator_":{"$ref":"$[\"helpElevate\"][\"parentElementArrayFinder\"][\"locator_\"]"}}},"helpZoom":{"parentElementArrayFinder":{"locator_":{"using":"css selector","value":".zoe-help-zoom .zoe-help-text"}},"elementArrayFinder_":{"locator_":{"$ref":"$[\"helpZoom\"][\"parentElementArrayFinder\"][\"locator_\"]"}}},"helpBrand":{"parentElementArrayFinder":{"locator_":{"using":"css selector","value":".zoe-help-brand .zoe-help-text"}},"elementArrayFinder_":{"locator_":{"$ref":"$[\"helpBrand\"][\"parentElementArrayFinder\"][\"locator_\"]"}}},"extraContent":{"parentElementArrayFinder":{"locator_":{"using":"css selector","value":".zoe-display-extra-content"}},"elementArrayFinder_":{"locator_":{"$ref":"$[\"extraContent\"][\"parentElementArrayFinder\"][\"locator_\"]"}}},"level":"debug","message":"elementFinder is ","timestamp":"2014-10-08T13:11:29.728Z"}
{"level":"info","message":"Initialising jasmine tests","timestamp":"2014-10-08T13:11:29.730Z"}
{"inline":{},"popover":{},"indiscriminate":{},"progressWrapper":{"parentElementArrayFinder":{"locator_":{"using":"css selector","value":".zoe-progress-wrapper"}},"elementArrayFinder_":{"locator_":{"$ref":"$[\"progressWrapper\"][\"parentElementArrayFinder\"][\"locator_\"]"}}},"widgetOverlay":{"parentElementArrayFinder":{"locator_":{"using":"css selector","value":"#zoe-zbox-overlay"}},"elementArrayFinder_":{"locator_":{"$ref":"$[\"widgetOverlay\"][\"parentElementArrayFinder\"][\"locator_\"]"}}},"widgetTrigger":{"parentElementArrayFinder":{"locator_":{"using":"css selector","value":".zoe-engage-trigger>img"}},"elementArrayFinder_":{"locator_":{"$ref":"$[\"widgetTrigger\"][\"parentElementArrayFinder\"][\"locator_\"]"}}},"widgetColorbox":{"parentElementArrayFinder":{"locator_":{"using":"css selector","value":"#zoe-zbox-content"}},"elementArrayFinder_":{"locator_":{"$ref":"$[\"widgetColorbox\"][\"parentElementArrayFinder\"][\"locator_\"]"}}},"helpButton":{"parentElementArrayFinder":{"locator_":{"using":"css selector","value":".zoe-btn-help"}},"elementArrayFinder_":{"locator_":{"$ref":"$[\"helpButton\"][\"parentElementArrayFinder\"][\"locator_\"]"}}},"helpElement":{"parentElementArrayFinder":{"locator_":{"using":"css selector","value":".zoe-help-overlay"}},"elementArrayFinder_":{"locator_":{"$ref":"$[\"helpElement\"][\"parentElementArrayFinder\"][\"locator_\"]"}}},"zoomButton":{"parentElementArrayFinder":{"locator_":{"using":"css selector","value":".zoe-btn-zoom"}},"elementArrayFinder_":{"locator_":{"$ref":"$[\"zoomButton\"][\"parentElementArrayFinder\"][\"locator_\"]"}}},"zoomElement":{"parentElementArrayFinder":{"locator_":{"using":"css selector","value":".zoe-zoom"}},"elementArrayFinder_":{"locator_":{"$ref":"$[\"zoomElement\"][\"parentElementArrayFinder\"][\"locator_\"]"}}},"zoomImage":{"parentElementArrayFinder":{"locator_":{"using":"css selector","value":".zoe-zoom-frame"}},"elementArrayFinder_":{"locator_":{"$ref":"$[\"zoomImage\"][\"parentElementArrayFinder\"][\"locator_\"]"}}},"closeButton":{"parentElementArrayFinder":{"locator_":{"using":"css selector","value":".zoe-btn-close"}},"elementArrayFinder_":{"locator_":{"$ref":"$[\"closeButton\"][\"parentElementArrayFinder\"][\"locator_\"]"}}},"widgetImageDiv":{"parentElementArrayFinder":{"locator_":{"using":"css selector","value":".zoe-engage-image.reel"}},"elementArrayFinder_":{"locator_":{"$ref":"$[\"widgetImageDiv\"][\"parentElementArrayFinder\"][\"locator_\"]"}}},"inlineDivSelector":{"parentElementArrayFinder":{"locator_":{"using":"css selector","value":".zoe-inline.reel"}},"elementArrayFinder_":{"locator_":{"$ref":"$[\"inlineDivSelector\"][\"parentElementArrayFinder\"][\"locator_\"]"}}},"widgetWrapperSelector":{"parentElementArrayFinder":{"locator_":{"using":"css selector","value":".zoe-engage-wrapper"}},"elementArrayFinder_":{"locator_":{"$ref":"$[\"widgetWrapperSelector\"][\"parentElementArrayFinder\"][\"locator_\"]"}}},"widgetWrapperImage":{"parentElementArrayFinder":{"locator_":{"using":"css selector","value":".zoe-frame"}},"elementArrayFinder_":{"locator_":{"$ref":"$[\"widgetWrapperImage\"][\"parentElementArrayFinder\"][\"locator_\"]"}}},"pageImageSelector":{"parentElementArrayFinder":{"locator_":{"using":"css selector","value":".zoe-engage-wrapper"}},"elementArrayFinder_":{"locator_":{"$ref":"$[\"pageImageSelector\"][\"parentElementArrayFinder\"][\"locator_\"]"}}},"inlineTrigger":{"parentElementArrayFinder":{"locator_":{"using":"css selector","value":"a.zoe-engage-trigger"}},"elementArrayFinder_":{"locator_":{"$ref":"$[\"inlineTrigger\"][\"parentElementArrayFinder\"][\"locator_\"]"}}},"inlineWrapper":{"parentElementArrayFinder":{"locator_":{"using":"css selector","value":".zoe-engage-wrapper.zoe-inline"}},"elementArrayFinder_":{"locator_":{"$ref":"$[\"inlineWrapper\"][\"parentElementArrayFinder\"][\"locator_\"]"}}},"frameSelector":{"parentElementArrayFinder":{"locator_":{"using":"css selector","value":".zoe-frame"}},"elementArrayFinder_":{"locator_":{"$ref":"$[\"frameSelector\"][\"parentElementArrayFinder\"][\"locator_\"]"}}},"interactCTA":{"parentElementArrayFinder":{"locator_":{"using":"css selector","value":".zoe-interact-cta"}},"elementArrayFinder_":{"locator_":{"$ref":"$[\"interactCTA\"][\"parentElementArrayFinder\"][\"locator_\"]"}}},"triggerCTA":{"parentElementArrayFinder":{"locator_":{"using":"css selector","value":".zoe-trigger-cta"}},"elementArrayFinder_":{"locator_":{"$ref":"$[\"triggerCTA\"][\"parentElementArrayFinder\"][\"locator_\"]"}}},"helpRotate":{"parentElementArrayFinder":{"locator_":{"using":"css selector","value":".zoe-help-rotate .zoe-help-text"}},"elementArrayFinder_":{"locator_":{"$ref":"$[\"helpRotate\"][\"parentElementArrayFinder\"][\"locator_\"]"}}},"helpElevate":{"parentElementArrayFinder":{"locator_":{"using":"css selector","value":".zoe-help-elevate .zoe-help-text"}},"elementArrayFinder_":{"locator_":{"$ref":"$[\"helpElevate\"][\"parentElementArrayFinder\"][\"locator_\"]"}}},"helpZoom":{"parentElementArrayFinder":{"locator_":{"using":"css selector","value":".zoe-help-zoom .zoe-help-text"}},"elementArrayFinder_":{"locator_":{"$ref":"$[\"helpZoom\"][\"parentElementArrayFinder\"][\"locator_\"]"}}},"helpBrand":{"parentElementArrayFinder":{"locator_":{"using":"css selector","value":".zoe-help-brand .zoe-help-text"}},"elementArrayFinder_":{"locator_":{"$ref":"$[\"helpBrand\"][\"parentElementArrayFinder\"][\"locator_\"]"}}},"extraContent":{"parentElementArrayFinder":{"locator_":{"using":"css selector","value":".zoe-display-extra-content"}},"elementArrayFinder_":{"locator_":{"$ref":"$[\"extraContent\"][\"parentElementArrayFinder\"][\"locator_\"]"}}},"level":"debug","message":"elementFinder is ","timestamp":"2014-10-08T13:11:29.732Z"}
{"level":"info","message":"Initialising jasmine tests","timestamp":"2014-10-08T13:11:29.731Z"}
{"inline":{},"popover":{},"indiscriminate":{},"progressWrapper":{"parentElementArrayFinder":{"locator_":{"using":"css selector","value":".zoe-progress-wrapper"}},"elementArrayFinder_":{"locator_":{"$ref":"$[\"progressWrapper\"][\"parentElementArrayFinder\"][\"locator_\"]"}}},"widgetOverlay":{"parentElementArrayFinder":{"locator_":{"using":"css selector","value":"#zoe-zbox-overlay"}},"elementArrayFinder_":{"locator_":{"$ref":"$[\"widgetOverlay\"][\"parentElementArrayFinder\"][\"locator_\"]"}}},"widgetTrigger":{"parentElementArrayFinder":{"locator_":{"using":"css selector","value":".zoe-engage-trigger>img"}},"elementArrayFinder_":{"locator_":{"$ref":"$[\"widgetTrigger\"][\"parentElementArrayFinder\"][\"locator_\"]"}}},"widgetColorbox":{"parentElementArrayFinder":{"locator_":{"using":"css selector","value":"#zoe-zbox-content"}},"elementArrayFinder_":{"locator_":{"$ref":"$[\"widgetColorbox\"][\"parentElementArrayFinder\"][\"locator_\"]"}}},"helpButton":{"parentElementArrayFinder":{"locator_":{"using":"css selector","value":".zoe-btn-help"}},"elementArrayFinder_":{"locator_":{"$ref":"$[\"helpButton\"][\"parentElementArrayFinder\"][\"locator_\"]"}}},"helpElement":{"parentElementArrayFinder":{"locator_":{"using":"css selector","value":".zoe-help-overlay"}},"elementArrayFinder_":{"locator_":{"$ref":"$[\"helpElement\"][\"parentElementArrayFinder\"][\"locator_\"]"}}},"zoomButton":{"parentElementArrayFinder":{"locator_":{"using":"css selector","value":".zoe-btn-zoom"}},"elementArrayFinder_":{"locator_":{"$ref":"$[\"zoomButton\"][\"parentElementArrayFinder\"][\"locator_\"]"}}},"zoomElement":{"parentElementArrayFinder":{"locator_":{"using":"css selector","value":".zoe-zoom"}},"elementArrayFinder_":{"locator_":{"$ref":"$[\"zoomElement\"][\"parentElementArrayFinder\"][\"locator_\"]"}}},"zoomImage":{"parentElementArrayFinder":{"locator_":{"using":"css selector","value":".zoe-zoom-frame"}},"elementArrayFinder_":{"locator_":{"$ref":"$[\"zoomImage\"][\"parentElementArrayFinder\"][\"locator_\"]"}}},"closeButton":{"parentElementArrayFinder":{"locator_":{"using":"css selector","value":".zoe-btn-close"}},"elementArrayFinder_":{"locator_":{"$ref":"$[\"closeButton\"][\"parentElementArrayFinder\"][\"locator_\"]"}}},"widgetImageDiv":{"parentElementArrayFinder":{"locator_":{"using":"css selector","value":".zoe-engage-image.reel"}},"elementArrayFinder_":{"locator_":{"$ref":"$[\"widgetImageDiv\"][\"parentElementArrayFinder\"][\"locator_\"]"}}},"inlineDivSelector":{"parentElementArrayFinder":{"locator_":{"using":"css selector","value":".zoe-inline.reel"}},"elementArrayFinder_":{"locator_":{"$ref":"$[\"inlineDivSelector\"][\"parentElementArrayFinder\"][\"locator_\"]"}}},"widgetWrapperSelector":{"parentElementArrayFinder":{"locator_":{"using":"css selector","value":".zoe-engage-wrapper"}},"elementArrayFinder_":{"locator_":{"$ref":"$[\"widgetWrapperSelector\"][\"parentElementArrayFinder\"][\"locator_\"]"}}},"widgetWrapperImage":{"parentElementArrayFinder":{"locator_":{"using":"css selector","value":".zoe-frame"}},"elementArrayFinder_":{"locator_":{"$ref":"$[\"widgetWrapperImage\"][\"parentElementArrayFinder\"][\"locator_\"]"}}},"pageImageSelector":{"parentElementArrayFinder":{"locator_":{"using":"css selector","value":".zoe-engage-wrapper"}},"elementArrayFinder_":{"locator_":{"$ref":"$[\"pageImageSelector\"][\"parentElementArrayFinder\"][\"locator_\"]"}}},"inlineTrigger":{"parentElementArrayFinder":{"locator_":{"using":"css selector","value":"a.zoe-engage-trigger"}},"elementArrayFinder_":{"locator_":{"$ref":"$[\"inlineTrigger\"][\"parentElementArrayFinder\"][\"locator_\"]"}}},"inlineWrapper":{"parentElementArrayFinder":{"locator_":{"using":"css selector","value":".zoe-engage-wrapper.zoe-inline"}},"elementArrayFinder_":{"locator_":{"$ref":"$[\"inlineWrapper\"][\"parentElementArrayFinder\"][\"locator_\"]"}}},"frameSelector":{"parentElementArrayFinder":{"locator_":{"using":"css selector","value":".zoe-frame"}},"elementArrayFinder_":{"locator_":{"$ref":"$[\"frameSelector\"][\"parentElementArrayFinder\"][\"locator_\"]"}}},"interactCTA":{"parentElementArrayFinder":{"locator_":{"using":"css selector","value":".zoe-interact-cta"}},"elementArrayFinder_":{"locator_":{"$ref":"$[\"interactCTA\"][\"parentElementArrayFinder\"][\"locator_\"]"}}},"triggerCTA":{"parentElementArrayFinder":{"locator_":{"using":"css selector","value":".zoe-trigger-cta"}},"elementArrayFinder_":{"locator_":{"$ref":"$[\"triggerCTA\"][\"parentElementArrayFinder\"][\"locator_\"]"}}},"helpRotate":{"parentElementArrayFinder":{"locator_":{"using":"css selector","value":".zoe-help-rotate .zoe-help-text"}},"elementArrayFinder_":{"locator_":{"$ref":"$[\"helpRotate\"][\"parentElementArrayFinder\"][\"locator_\"]"}}},"helpElevate":{"parentElementArrayFinder":{"locator_":{"using":"css selector","value":".zoe-help-elevate .zoe-help-text"}},"elementArrayFinder_":{"locator_":{"$ref":"$[\"helpElevate\"][\"parentElementArrayFinder\"][\"locator_\"]"}}},"helpZoom":{"parentElementArrayFinder":{"locator_":{"using":"css selector","value":".zoe-help-zoom .zoe-help-text"}},"elementArrayFinder_":{"locator_":{"$ref":"$[\"helpZoom\"][\"parentElementArrayFinder\"][\"locator_\"]"}}},"helpBrand":{"parentElementArrayFinder":{"locator_":{"using":"css selector","value":".zoe-help-brand .zoe-help-text"}},"elementArrayFinder_":{"locator_":{"$ref":"$[\"helpBrand\"][\"parentElementArrayFinder\"][\"locator_\"]"}}},"extraContent":{"parentElementArrayFinder":{"locator_":{"using":"css selector","value":".zoe-display-extra-content"}},"elementArrayFinder_":{"locator_":{"$ref":"$[\"extraContent\"][\"parentElementArrayFinder\"][\"locator_\"]"}}},"level":"debug","message":"elementFinder is ","timestamp":"2014-10-08T13:11:29.733Z"}
{"rotatable":false,"browserConnectionEnabled":true,"acceptSslCerts":true,"cssSelectorsEnabled":true,"javascriptEnabled":true,"nativeEvents":true,"databaseEnabled":true,"locationContextEnabled":true,"takesScreenshot":true,"platform":"XP","browserName":"firefox","webdriver.remote.sessionid":"98231cb4989e46e9b9e5a5721dd542a0","hasMetadata":true,"version":"27.0","applicationCacheEnabled":true,"webStorageEnabled":true,"handlesAlerts":true,"level":"info","message":"","timestamp":"2014-10-08T13:11:53.794Z"}
{"level":"info","message":"undefined","timestamp":"2014-10-08T13:11:53.795Z"}
{"level":"info","message":"Initialising file paths with browser & version","timestamp":"2014-10-08T13:11:53.795Z"}
{"level":"info","message":"Initialising file paths with browser & version","timestamp":"2014-10-08T13:11:53.795Z"}
{"level":"info","message":"Initialising file paths with browser & version","timestamp":"2014-10-08T13:11:53.795Z"}
{"level":"info","message":"Initialising file paths with browser & version","timestamp":"2014-10-08T13:11:53.796Z"}
{"level":"info","message":"Initialising file paths with browser & version","timestamp":"2014-10-08T13:11:53.796Z"}
{"level":"info","message":"Initialising file paths with browser & version","timestamp":"2014-10-08T13:11:53.796Z"}
{"level":"info","message":"Initialising file paths with browser & version","timestamp":"2014-10-08T13:11:53.796Z"}
{"level":"info","message":"Initialising file paths with browser & version","timestamp":"2014-10-08T13:11:53.796Z"}
{"level":"info","message":"Initialising file paths with browser & version","timestamp":"2014-10-08T13:11:53.796Z"}
{"level":"info","message":"Initialising file paths with browser & version","timestamp":"2014-10-08T13:11:53.796Z"}
{"level":"info","message":"Initialising file paths with browser & version","timestamp":"2014-10-08T13:11:53.796Z"}
{"level":"info","message":"Initialising file paths with browser & version","timestamp":"2014-10-08T13:11:53.796Z"}
{"level":"info","message":"Initialising file paths with browser & version","timestamp":"2014-10-08T13:11:53.796Z"}
{"level":"info","message":"Initialising file paths with browser & version","timestamp":"2014-10-08T13:11:53.796Z"}
{"level":"info","message":"Initialising file paths with browser & version","timestamp":"2014-10-08T13:11:53.796Z"}
{"level":"info","message":"Initialising file paths with browser & version","timestamp":"2014-10-08T13:11:53.796Z"}
{"level":"info","message":"Initialising file paths with browser & version","timestamp":"2014-10-08T13:11:53.796Z"}
{"level":"info","message":"Initialising file paths with browser & version","timestamp":"2014-10-08T13:11:53.796Z"}
{"level":"info","message":"Initialising file paths with browser & version","timestamp":"2014-10-08T13:11:53.796Z"}
{"level":"info","message":"Initialising file paths with browser & version","timestamp":"2014-10-08T13:11:53.796Z"}
{"level":"info","message":"Initialising file paths with browser & version","timestamp":"2014-10-08T13:11:53.796Z"}
{"level":"info","message":"Initialising file paths with browser & version","timestamp":"2014-10-08T13:11:53.796Z"}
{"level":"info","message":"Initialising file paths with browser & version","timestamp":"2014-10-08T13:11:53.796Z"}
{"level":"info","message":"Initialising file paths with browser & version","timestamp":"2014-10-08T13:11:53.796Z"}
{"level":"info","message":"Initialising file paths with browser & version","timestamp":"2014-10-08T13:11:53.796Z"}
{"level":"info","message":"Initialising file paths with browser & version","timestamp":"2014-10-08T13:11:53.796Z"}
{"level":"info","message":"Opening URL: http://jenkins.zoetrope.io:8888/v3/testInline.html","timestamp":"2014-10-08T13:11:54.954Z"}
{"level":"info","message":"Saving screenshot to images/load.jpgfirefox27.0.png","timestamp":"2014-10-08T13:12:24.482Z"}
{"level":"info","message":"Saved screenshot","timestamp":"2014-10-08T13:12:26.878Z"}
{"level":"info","message":"Clicking the help button","timestamp":"2014-10-08T13:12:26.911Z"}
{"parentElementArrayFinder":{"locator_":{"using":"css selector","value":".zoe-btn-help"}},"elementArrayFinder_":{"locator_":{"$ref":"$[\"parentElementArrayFinder\"][\"locator_\"]"}},"level":"info","message":"help button is","timestamp":"2014-10-08T13:12:26.914Z"}
{"level":"info","message":"Got help style of ","timestamp":"2014-10-08T13:12:32.470Z"}
{"level":"info","message":"Saving screenshot to images/help.jpgfirefox27.0.png","timestamp":"2014-10-08T13:12:32.514Z"}
{"level":"info","message":"Saved screenshot","timestamp":"2014-10-08T13:12:34.806Z"}
{"level":"info","message":"Clicking the help button","timestamp":"2014-10-08T13:12:34.862Z"}
{"parentElementArrayFinder":{"locator_":{"using":"css selector","value":".zoe-btn-help"}},"elementArrayFinder_":{"locator_":{"$ref":"$[\"parentElementArrayFinder\"][\"locator_\"]"}},"level":"info","message":"help button is","timestamp":"2014-10-08T13:12:34.866Z"}
{"level":"info","message":"Got help style of display: none;","timestamp":"2014-10-08T13:12:42.449Z"}
{"level":"info","message":"Saving screenshot to images/helpClose.jpgfirefox27.0.png","timestamp":"2014-10-08T13:12:42.492Z"}
{"level":"info","message":"Saved screenshot","timestamp":"2014-10-08T13:12:45.393Z"}
{"level":"info","message":"Clicking the zoom button","timestamp":"2014-10-08T13:12:45.439Z"}
{"level":"info","message":"Saving screenshot to images/zoom.jpgfirefox27.0.png","timestamp":"2014-10-08T13:12:45.444Z"}
{"level":"info","message":"Saved screenshot","timestamp":"2014-10-08T13:12:55.239Z"}
{"level":"info","message":"Clicking the zoom button","timestamp":"2014-10-08T13:12:55.268Z"}
{"level":"info","message":"Saving screenshot to images/zoomClose.jpgfirefox27.0.png","timestamp":"2014-10-08T13:12:55.272Z"}
{"level":"info","message":"Saved screenshot","timestamp":"2014-10-08T13:13:01.210Z"}
{"takesScreenshot":true,"webdriver.remote.sessionid":"6a05c9e8933140c2a9dd0cd4e1b45384","unexpectedAlertBehaviour":"dismiss","ie.browserCommandLineSwitches":"","browserAttachTimeout":0,"ie.ensureCleanSession":false,"ignoreProtectedModeSettings":false,"platform":"WINDOWS","version":"11","ignoreZoomSetting":false,"nativeEvents":true,"handlesAlerts":true,"javascriptEnabled":true,"requireWindowFocus":false,"ie.usePerProcessProxy":false,"hasMetadata":true,"initialBrowserUrl":"http://localhost:5316/","enableElementCacheCleanup":true,"cssSelectorsEnabled":true,"browserName":"internet explorer","elementScrollBehavior":0,"enablePersistentHover":true,"ie.forceCreateProcessApi":false,"level":"info","message":"","timestamp":"2014-10-08T13:13:18.444Z"}
{"level":"info","message":"undefined","timestamp":"2014-10-08T13:13:18.444Z"}
{"level":"info","message":"Initialising file paths with browser & version","timestamp":"2014-10-08T13:13:18.444Z"}
{"level":"info","message":"Initialising file paths with browser & version","timestamp":"2014-10-08T13:13:18.445Z"}
{"level":"info","message":"Initialising file paths with browser & version","timestamp":"2014-10-08T13:13:18.445Z"}
{"level":"info","message":"Initialising file paths with browser & version","timestamp":"2014-10-08T13:13:18.445Z"}
{"level":"info","message":"Initialising file paths with browser & version","timestamp":"2014-10-08T13:13:18.445Z"}
{"level":"info","message":"Initialising file paths with browser & version","timestamp":"2014-10-08T13:13:18.445Z"}
{"level":"info","message":"Initialising file paths with browser & version","timestamp":"2014-10-08T13:13:18.445Z"}
{"level":"info","message":"Initialising file paths with browser & version","timestamp":"2014-10-08T13:13:18.445Z"}
{"level":"info","message":"Initialising file paths with browser & version","timestamp":"2014-10-08T13:13:18.445Z"}
{"level":"info","message":"Initialising file paths with browser & version","timestamp":"2014-10-08T13:13:18.445Z"}
{"level":"info","message":"Initialising file paths with browser & version","timestamp":"2014-10-08T13:13:18.445Z"}
{"level":"info","message":"Initialising file paths with browser & version","timestamp":"2014-10-08T13:13:18.445Z"}
{"level":"info","message":"Initialising file paths with browser & version","timestamp":"2014-10-08T13:13:18.445Z"}
{"level":"info","message":"Initialising file paths with browser & version","timestamp":"2014-10-08T13:13:18.445Z"}
{"level":"info","message":"Initialising file paths with browser & version","timestamp":"2014-10-08T13:13:18.445Z"}
{"level":"info","message":"Initialising file paths with browser & version","timestamp":"2014-10-08T13:13:18.445Z"}
{"level":"info","message":"Initialising file paths with browser & version","timestamp":"2014-10-08T13:13:18.445Z"}
{"level":"info","message":"Initialising file paths with browser & version","timestamp":"2014-10-08T13:13:18.445Z"}
{"level":"info","message":"Initialising file paths with browser & version","timestamp":"2014-10-08T13:13:18.445Z"}
{"level":"info","message":"Initialising file paths with browser & version","timestamp":"2014-10-08T13:13:18.445Z"}
{"level":"info","message":"Initialising file paths with browser & version","timestamp":"2014-10-08T13:13:18.445Z"}
{"level":"info","message":"Initialising file paths with browser & version","timestamp":"2014-10-08T13:13:18.445Z"}
{"level":"info","message":"Initialising file paths with browser & version","timestamp":"2014-10-08T13:13:18.446Z"}
{"level":"info","message":"Initialising file paths with browser & version","timestamp":"2014-10-08T13:13:18.446Z"}
{"level":"info","message":"Initialising file paths with browser & version","timestamp":"2014-10-08T13:13:18.446Z"}
{"level":"info","message":"Initialising file paths with browser & version","timestamp":"2014-10-08T13:13:18.446Z"}
{"level":"info","message":"Opening URL: http://jenkins.zoetrope.io:8888/v3/testInline.html","timestamp":"2014-10-08T13:13:20.231Z"}
{"rotatable":false,"browserConnectionEnabled":false,"acceptSslCerts":true,"cssSelectorsEnabled":true,"chrome":{"chromedriverVersion":"2.4.226107"},"javascriptEnabled":true,"version":"30.0.1599.65","webdriver.remote.sessionid":"e4a090a3737b40c5861871c9e740cc80","databaseEnabled":true,"locationContextEnabled":true,"platform":"Windows NT","browserName":"chrome","takesScreenshot":true,"hasMetadata":true,"nativeEvents":true,"applicationCacheEnabled":false,"webStorageEnabled":true,"handlesAlerts":true,"level":"info","message":"","timestamp":"2014-10-08T13:13:38.081Z"}
{"level":"info","message":"undefined","timestamp":"2014-10-08T13:13:38.082Z"}
{"level":"info","message":"Initialising file paths with browser & version","timestamp":"2014-10-08T13:13:38.082Z"}
{"level":"info","message":"Initialising file paths with browser & version","timestamp":"2014-10-08T13:13:38.083Z"}
{"level":"info","message":"Initialising file paths with browser & version","timestamp":"2014-10-08T13:13:38.083Z"}
{"level":"info","message":"Initialising file paths with browser & version","timestamp":"2014-10-08T13:13:38.083Z"}
{"level":"info","message":"Initialising file paths with browser & version","timestamp":"2014-10-08T13:13:38.083Z"}
{"level":"info","message":"Initialising file paths with browser & version","timestamp":"2014-10-08T13:13:38.083Z"}
{"level":"info","message":"Initialising file paths with browser & version","timestamp":"2014-10-08T13:13:38.083Z"}
{"level":"info","message":"Initialising file paths with browser & version","timestamp":"2014-10-08T13:13:38.083Z"}
{"level":"info","message":"Initialising file paths with browser & version","timestamp":"2014-10-08T13:13:38.083Z"}
{"level":"info","message":"Initialising file paths with browser & version","timestamp":"2014-10-08T13:13:38.083Z"}
{"level":"info","message":"Initialising file paths with browser & version","timestamp":"2014-10-08T13:13:38.083Z"}
{"level":"info","message":"Initialising file paths with browser & version","timestamp":"2014-10-08T13:13:38.083Z"}
{"level":"info","message":"Initialising file paths with browser & version","timestamp":"2014-10-08T13:13:38.083Z"}
{"level":"info","message":"Initialising file paths with browser & version","timestamp":"2014-10-08T13:13:38.083Z"}
{"level":"info","message":"Initialising file paths with browser & version","timestamp":"2014-10-08T13:13:38.083Z"}
{"level":"info","message":"Initialising file paths with browser & version","timestamp":"2014-10-08T13:13:38.084Z"}
{"level":"info","message":"Initialising file paths with browser & version","timestamp":"2014-10-08T13:13:38.084Z"}
{"level":"info","message":"Initialising file paths with browser & version","timestamp":"2014-10-08T13:13:38.084Z"}
{"level":"info","message":"Initialising file paths with browser & version","timestamp":"2014-10-08T13:13:38.084Z"}
{"level":"info","message":"Initialising file paths with browser & version","timestamp":"2014-10-08T13:13:38.084Z"}
{"level":"info","message":"Initialising file paths with browser & version","timestamp":"2014-10-08T13:13:38.084Z"}
{"level":"info","message":"Initialising file paths with browser & version","timestamp":"2014-10-08T13:13:38.084Z"}
{"level":"info","message":"Initialising file paths with browser & version","timestamp":"2014-10-08T13:13:38.084Z"}
{"level":"info","message":"Initialising file paths with browser & version","timestamp":"2014-10-08T13:13:38.084Z"}
{"level":"info","message":"Initialising file paths with browser & version","timestamp":"2014-10-08T13:13:38.084Z"}
{"level":"info","message":"Initialising file paths with browser & version","timestamp":"2014-10-08T13:13:38.084Z"}
{"level":"info","message":"Opening URL: http://jenkins.zoetrope.io:8888/v3/testInline.html","timestamp":"2014-10-08T13:13:39.081Z"}
{"level":"info","message":"Saving screenshot to images/load.jpginternet explorer11.png","timestamp":"2014-10-08T13:13:40.406Z"}
{"level":"info","message":"Saved screenshot","timestamp":"2014-10-08T13:13:46.329Z"}
{"level":"info","message":"Clicking the help button","timestamp":"2014-10-08T13:13:46.366Z"}
{"parentElementArrayFinder":{"locator_":{"using":"css selector","value":".zoe-btn-help"}},"elementArrayFinder_":{"locator_":{"$ref":"$[\"parentElementArrayFinder\"][\"locator_\"]"}},"level":"info","message":"help button is","timestamp":"2014-10-08T13:13:46.370Z"}
{"level":"info","message":"Got help style of ","timestamp":"2014-10-08T13:13:53.450Z"}
{"level":"info","message":"Saving screenshot to images/help.jpginternet explorer11.png","timestamp":"2014-10-08T13:13:53.495Z"}
{"level":"info","message":"Saved screenshot","timestamp":"2014-10-08T13:13:56.966Z"}
{"level":"info","message":"Clicking the help button","timestamp":"2014-10-08T13:13:57.012Z"}
{"parentElementArrayFinder":{"locator_":{"using":"css selector","value":".zoe-btn-help"}},"elementArrayFinder_":{"locator_":{"$ref":"$[\"parentElementArrayFinder\"][\"locator_\"]"}},"level":"info","message":"help button is","timestamp":"2014-10-08T13:13:57.016Z"}
{"level":"info","message":"Got help style of display: none;","timestamp":"2014-10-08T13:14:07.379Z"}
{"level":"info","message":"Saving screenshot to images/helpClose.jpginternet explorer11.png","timestamp":"2014-10-08T13:14:07.424Z"}
{"level":"info","message":"Saved screenshot","timestamp":"2014-10-08T13:14:13.277Z"}
{"level":"info","message":"Clicking the zoom button","timestamp":"2014-10-08T13:14:13.322Z"}
{"level":"info","message":"Saving screenshot to images/zoom.jpginternet explorer11.png","timestamp":"2014-10-08T13:14:13.327Z"}
{"level":"info","message":"Saving screenshot to images/load.jpgchrome30.0.1599.65.png","timestamp":"2014-10-08T13:14:20.417Z"}
{"level":"info","message":"Saved screenshot","timestamp":"2014-10-08T13:14:23.104Z"}
{"level":"info","message":"Clicking the zoom button","timestamp":"2014-10-08T13:14:23.130Z"}
{"level":"info","message":"Saving screenshot to images/zoomClose.jpginternet explorer11.png","timestamp":"2014-10-08T13:14:23.133Z"}
{"level":"info","message":"Saved screenshot","timestamp":"2014-10-08T13:14:23.418Z"}
{"level":"info","message":"Clicking the help button","timestamp":"2014-10-08T13:14:23.457Z"}
{"parentElementArrayFinder":{"locator_":{"using":"css selector","value":".zoe-btn-help"}},"elementArrayFinder_":{"locator_":{"$ref":"$[\"parentElementArrayFinder\"][\"locator_\"]"}},"level":"info","message":"help button is","timestamp":"2014-10-08T13:14:23.460Z"}
{"level":"info","message":"Got help style of ","timestamp":"2014-10-08T13:14:27.449Z"}
{"level":"info","message":"Saving screenshot to images/help.jpgchrome30.0.1599.65.png","timestamp":"2014-10-08T13:14:27.494Z"}
{"level":"info","message":"Saved screenshot","timestamp":"2014-10-08T13:14:29.330Z"}
{"level":"info","message":"Clicking the help button","timestamp":"2014-10-08T13:14:29.375Z"}
{"parentElementArrayFinder":{"locator_":{"using":"css selector","value":".zoe-btn-help"}},"elementArrayFinder_":{"locator_":{"$ref":"$[\"parentElementArrayFinder\"][\"locator_\"]"}},"level":"info","message":"help button is","timestamp":"2014-10-08T13:14:29.378Z"}
{"level":"info","message":"Saved screenshot","timestamp":"2014-10-08T13:14:30.658Z"}
{"level":"info","message":"Got help style of display: none;","timestamp":"2014-10-08T13:14:32.543Z"}
{"level":"info","message":"Saving screenshot to images/helpClose.jpgchrome30.0.1599.65.png","timestamp":"2014-10-08T13:14:32.589Z"}
{"level":"info","message":"Saved screenshot","timestamp":"2014-10-08T13:14:34.548Z"}
{"level":"info","message":"Clicking the zoom button","timestamp":"2014-10-08T13:14:34.594Z"}
{"level":"info","message":"Saving screenshot to images/zoom.jpgchrome30.0.1599.65.png","timestamp":"2014-10-08T13:14:34.598Z"}
{"level":"info","message":"Saved screenshot","timestamp":"2014-10-08T13:14:41.086Z"}
{"level":"info","message":"Clicking the zoom button","timestamp":"2014-10-08T13:14:41.098Z"}
{"level":"info","message":"Saving screenshot to images/zoomClose.jpgchrome30.0.1599.65.png","timestamp":"2014-10-08T13:14:41.102Z"}
{"level":"info","message":"Saved screenshot","timestamp":"2014-10-08T13:14:45.178Z"}
{"takesScreenshot":true,"version":"6.0.5","cssSelectorsEnabled":true,"javascriptEnabled":true,"browserName":"safari","platform":"MAC","secureSsl":true,"webdriver.remote.sessionid":"95fbb8d1e85f4778846d8f93512dff85","hasMetadata":true,"level":"info","message":"","timestamp":"2014-10-08T13:14:51.485Z"}
{"level":"info","message":"undefined","timestamp":"2014-10-08T13:14:51.486Z"}
{"level":"info","message":"Initialising file paths with browser & version","timestamp":"2014-10-08T13:14:51.486Z"}
{"level":"info","message":"Initialising file paths with browser & version","timestamp":"2014-10-08T13:14:51.486Z"}
{"level":"info","message":"Initialising file paths with browser & version","timestamp":"2014-10-08T13:14:51.486Z"}
{"level":"info","message":"Initialising file paths with browser & version","timestamp":"2014-10-08T13:14:51.486Z"}
{"level":"info","message":"Initialising file paths with browser & version","timestamp":"2014-10-08T13:14:51.486Z"}
{"level":"info","message":"Initialising file paths with browser & version","timestamp":"2014-10-08T13:14:51.486Z"}
{"level":"info","message":"Initialising file paths with browser & version","timestamp":"2014-10-08T13:14:51.486Z"}
{"level":"info","message":"Initialising file paths with browser & version","timestamp":"2014-10-08T13:14:51.486Z"}
{"level":"info","message":"Initialising file paths with browser & version","timestamp":"2014-10-08T13:14:51.486Z"}
{"level":"info","message":"Initialising file paths with browser & version","timestamp":"2014-10-08T13:14:51.487Z"}
{"level":"info","message":"Initialising file paths with browser & version","timestamp":"2014-10-08T13:14:51.487Z"}
{"level":"info","message":"Initialising file paths with browser & version","timestamp":"2014-10-08T13:14:51.487Z"}
{"level":"info","message":"Initialising file paths with browser & version","timestamp":"2014-10-08T13:14:51.487Z"}
{"level":"info","message":"Initialising file paths with browser & version","timestamp":"2014-10-08T13:14:51.487Z"}
{"level":"info","message":"Initialising file paths with browser & version","timestamp":"2014-10-08T13:14:51.487Z"}
{"level":"info","message":"Initialising file paths with browser & version","timestamp":"2014-10-08T13:14:51.487Z"}
{"level":"info","message":"Initialising file paths with browser & version","timestamp":"2014-10-08T13:14:51.487Z"}
{"level":"info","message":"Initialising file paths with browser & version","timestamp":"2014-10-08T13:14:51.487Z"}
{"level":"info","message":"Initialising file paths with browser & version","timestamp":"2014-10-08T13:14:51.487Z"}
{"level":"info","message":"Initialising file paths with browser & version","timestamp":"2014-10-08T13:14:51.487Z"}
{"level":"info","message":"Initialising file paths with browser & version","timestamp":"2014-10-08T13:14:51.487Z"}
{"level":"info","message":"Initialising file paths with browser & version","timestamp":"2014-10-08T13:14:51.487Z"}
{"level":"info","message":"Initialising file paths with browser & version","timestamp":"2014-10-08T13:14:51.487Z"}
{"level":"info","message":"Initialising file paths with browser & version","timestamp":"2014-10-08T13:14:51.487Z"}
{"level":"info","message":"Initialising file paths with browser & version","timestamp":"2014-10-08T13:14:51.487Z"}
{"level":"info","message":"Initialising file paths with browser & version","timestamp":"2014-10-08T13:14:51.487Z"}
{"level":"info","message":"Opening URL: http://jenkins.zoetrope.io:8888/v3/testInline.html","timestamp":"2014-10-08T13:14:51.916Z"}
{"level":"info","message":"Saving screenshot to images/load.jpgsafari6.0.5.png","timestamp":"2014-10-08T13:14:57.031Z"}
{"level":"info","message":"Saved screenshot","timestamp":"2014-10-08T13:15:03.195Z"}
{"level":"info","message":"Clicking the help button","timestamp":"2014-10-08T13:15:03.231Z"}
{"parentElementArrayFinder":{"locator_":{"using":"css selector","value":".zoe-btn-help"}},"elementArrayFinder_":{"locator_":{"$ref":"$[\"parentElementArrayFinder\"][\"locator_\"]"}},"level":"info","message":"help button is","timestamp":"2014-10-08T13:15:03.234Z"}
{"level":"info","message":"Got help style of ","timestamp":"2014-10-08T13:15:05.732Z"}
{"level":"info","message":"Saving screenshot to images/help.jpgsafari6.0.5.png","timestamp":"2014-10-08T13:15:05.777Z"}
{"level":"info","message":"Saved screenshot","timestamp":"2014-10-08T13:15:09.810Z"}
{"level":"info","message":"Clicking the help button","timestamp":"2014-10-08T13:15:09.853Z"}
{"parentElementArrayFinder":{"locator_":{"using":"css selector","value":".zoe-btn-help"}},"elementArrayFinder_":{"locator_":{"$ref":"$[\"parentElementArrayFinder\"][\"locator_\"]"}},"level":"info","message":"help button is","timestamp":"2014-10-08T13:15:09.856Z"}
{"level":"info","message":"Got help style of display: none; ","timestamp":"2014-10-08T13:15:12.621Z"}
{"level":"info","message":"Saving screenshot to images/helpClose.jpgsafari6.0.5.png","timestamp":"2014-10-08T13:15:12.665Z"}
{"level":"info","message":"Saved screenshot","timestamp":"2014-10-08T13:15:15.842Z"}
{"level":"info","message":"Clicking the zoom button","timestamp":"2014-10-08T13:15:15.885Z"}
{"level":"info","message":"Saving screenshot to images/zoom.jpgsafari6.0.5.png","timestamp":"2014-10-08T13:15:15.890Z"}
{"level":"info","message":"Saved screenshot","timestamp":"2014-10-08T13:15:33.279Z"}
{"level":"info","message":"Clicking the zoom button","timestamp":"2014-10-08T13:15:33.290Z"}
{"level":"info","message":"Saving screenshot to images/zoomClose.jpgsafari6.0.5.png","timestamp":"2014-10-08T13:15:33.293Z"}
{"level":"info","message":"Saved screenshot","timestamp":"2014-10-08T13:15:42.762Z"}
{"level":"info","message":"Initialising jasmine tests","timestamp":"2014-10-08T13:17:24.491Z"}
{"inline":{},"popover":{},"indiscriminate":{},"progressWrapper":{"parentElementArrayFinder":{"locator_":{"using":"css selector","value":".zoe-progress-wrapper"}},"elementArrayFinder_":{"locator_":{"$ref":"$[\"progressWrapper\"][\"parentElementArrayFinder\"][\"locator_\"]"}}},"widgetOverlay":{"parentElementArrayFinder":{"locator_":{"using":"css selector","value":"#zoe-zbox-overlay"}},"elementArrayFinder_":{"locator_":{"$ref":"$[\"widgetOverlay\"][\"parentElementArrayFinder\"][\"locator_\"]"}}},"widgetTrigger":{"parentElementArrayFinder":{"locator_":{"using":"css selector","value":".zoe-engage-trigger>img"}},"elementArrayFinder_":{"locator_":{"$ref":"$[\"widgetTrigger\"][\"parentElementArrayFinder\"][\"locator_\"]"}}},"widgetColorbox":{"parentElementArrayFinder":{"locator_":{"using":"css selector","value":"#zoe-zbox-content"}},"elementArrayFinder_":{"locator_":{"$ref":"$[\"widgetColorbox\"][\"parentElementArrayFinder\"][\"locator_\"]"}}},"helpButton":{"parentElementArrayFinder":{"locator_":{"using":"css selector","value":".zoe-btn-help"}},"elementArrayFinder_":{"locator_":{"$ref":"$[\"helpButton\"][\"parentElementArrayFinder\"][\"locator_\"]"}}},"helpElement":{"parentElementArrayFinder":{"locator_":{"using":"css selector","value":".zoe-help-overlay"}},"elementArrayFinder_":{"locator_":{"$ref":"$[\"helpElement\"][\"parentElementArrayFinder\"][\"locator_\"]"}}},"zoomButton":{"parentElementArrayFinder":{"locator_":{"using":"css selector","value":".zoe-btn-zoom"}},"elementArrayFinder_":{"locator_":{"$ref":"$[\"zoomButton\"][\"parentElementArrayFinder\"][\"locator_\"]"}}},"zoomElement":{"parentElementArrayFinder":{"locator_":{"using":"css selector","value":".zoe-zoom"}},"elementArrayFinder_":{"locator_":{"$ref":"$[\"zoomElement\"][\"parentElementArrayFinder\"][\"locator_\"]"}}},"zoomImage":{"parentElementArrayFinder":{"locator_":{"using":"css selector","value":".zoe-zoom-frame"}},"elementArrayFinder_":{"locator_":{"$ref":"$[\"zoomImage\"][\"parentElementArrayFinder\"][\"locator_\"]"}}},"closeButton":{"parentElementArrayFinder":{"locator_":{"using":"css selector","value":".zoe-btn-close"}},"elementArrayFinder_":{"locator_":{"$ref":"$[\"closeButton\"][\"parentElementArrayFinder\"][\"locator_\"]"}}},"widgetImageDiv":{"parentElementArrayFinder":{"locator_":{"using":"css selector","value":".zoe-engage-image.reel"}},"elementArrayFinder_":{"locator_":{"$ref":"$[\"widgetImageDiv\"][\"parentElementArrayFinder\"][\"locator_\"]"}}},"inlineDivSelector":{"parentElementArrayFinder":{"locator_":{"using":"css selector","value":".zoe-inline.reel"}},"elementArrayFinder_":{"locator_":{"$ref":"$[\"inlineDivSelector\"][\"parentElementArrayFinder\"][\"locator_\"]"}}},"widgetWrapperSelector":{"parentElementArrayFinder":{"locator_":{"using":"css selector","value":".zoe-engage-wrapper"}},"elementArrayFinder_":{"locator_":{"$ref":"$[\"widgetWrapperSelector\"][\"parentElementArrayFinder\"][\"locator_\"]"}}},"widgetWrapperImage":{"parentElementArrayFinder":{"locator_":{"using":"css selector","value":".zoe-frame"}},"elementArrayFinder_":{"locator_":{"$ref":"$[\"widgetWrapperImage\"][\"parentElementArrayFinder\"][\"locator_\"]"}}},"pageImageSelector":{"parentElementArrayFinder":{"locator_":{"using":"css selector","value":".zoe-engage-wrapper"}},"elementArrayFinder_":{"locator_":{"$ref":"$[\"pageImageSelector\"][\"parentElementArrayFinder\"][\"locator_\"]"}}},"inlineTrigger":{"parentElementArrayFinder":{"locator_":{"using":"css selector","value":"a.zoe-engage-trigger"}},"elementArrayFinder_":{"locator_":{"$ref":"$[\"inlineTrigger\"][\"parentElementArrayFinder\"][\"locator_\"]"}}},"inlineWrapper":{"parentElementArrayFinder":{"locator_":{"using":"css selector","value":".zoe-engage-wrapper.zoe-inline"}},"elementArrayFinder_":{"locator_":{"$ref":"$[\"inlineWrapper\"][\"parentElementArrayFinder\"][\"locator_\"]"}}},"frameSelector":{"parentElementArrayFinder":{"locator_":{"using":"css selector","value":".zoe-frame"}},"elementArrayFinder_":{"locator_":{"$ref":"$[\"frameSelector\"][\"parentElementArrayFinder\"][\"locator_\"]"}}},"interactCTA":{"parentElementArrayFinder":{"locator_":{"using":"css selector","value":".zoe-interact-cta"}},"elementArrayFinder_":{"locator_":{"$ref":"$[\"interactCTA\"][\"parentElementArrayFinder\"][\"locator_\"]"}}},"triggerCTA":{"parentElementArrayFinder":{"locator_":{"using":"css selector","value":".zoe-trigger-cta"}},"elementArrayFinder_":{"locator_":{"$ref":"$[\"triggerCTA\"][\"parentElementArrayFinder\"][\"locator_\"]"}}},"helpRotate":{"parentElementArrayFinder":{"locator_":{"using":"css selector","value":".zoe-help-rotate .zoe-help-text"}},"elementArrayFinder_":{"locator_":{"$ref":"$[\"helpRotate\"][\"parentElementArrayFinder\"][\"locator_\"]"}}},"helpElevate":{"parentElementArrayFinder":{"locator_":{"using":"css selector","value":".zoe-help-elevate .zoe-help-text"}},"elementArrayFinder_":{"locator_":{"$ref":"$[\"helpElevate\"][\"parentElementArrayFinder\"][\"locator_\"]"}}},"helpZoom":{"parentElementArrayFinder":{"locator_":{"using":"css selector","value":".zoe-help-zoom .zoe-help-text"}},"elementArrayFinder_":{"locator_":{"$ref":"$[\"helpZoom\"][\"parentElementArrayFinder\"][\"locator_\"]"}}},"helpBrand":{"parentElementArrayFinder":{"locator_":{"using":"css selector","value":".zoe-help-brand .zoe-help-text"}},"elementArrayFinder_":{"locator_":{"$ref":"$[\"helpBrand\"][\"parentElementArrayFinder\"][\"locator_\"]"}}},"extraContent":{"parentElementArrayFinder":{"locator_":{"using":"css selector","value":".zoe-display-extra-content"}},"elementArrayFinder_":{"locator_":{"$ref":"$[\"extraContent\"][\"parentElementArrayFinder\"][\"locator_\"]"}}},"level":"debug","message":"elementFinder is ","timestamp":"2014-10-08T13:17:24.493Z"}
{"level":"info","message":"Initialising jasmine tests","timestamp":"2014-10-08T13:17:24.494Z"}
{"inline":{},"popover":{},"indiscriminate":{},"progressWrapper":{"parentElementArrayFinder":{"locator_":{"using":"css selector","value":".zoe-progress-wrapper"}},"elementArrayFinder_":{"locator_":{"$ref":"$[\"progressWrapper\"][\"parentElementArrayFinder\"][\"locator_\"]"}}},"widgetOverlay":{"parentElementArrayFinder":{"locator_":{"using":"css selector","value":"#zoe-zbox-overlay"}},"elementArrayFinder_":{"locator_":{"$ref":"$[\"widgetOverlay\"][\"parentElementArrayFinder\"][\"locator_\"]"}}},"widgetTrigger":{"parentElementArrayFinder":{"locator_":{"using":"css selector","value":".zoe-engage-trigger>img"}},"elementArrayFinder_":{"locator_":{"$ref":"$[\"widgetTrigger\"][\"parentElementArrayFinder\"][\"locator_\"]"}}},"widgetColorbox":{"parentElementArrayFinder":{"locator_":{"using":"css selector","value":"#zoe-zbox-content"}},"elementArrayFinder_":{"locator_":{"$ref":"$[\"widgetColorbox\"][\"parentElementArrayFinder\"][\"locator_\"]"}}},"helpButton":{"parentElementArrayFinder":{"locator_":{"using":"css selector","value":".zoe-btn-help"}},"elementArrayFinder_":{"locator_":{"$ref":"$[\"helpButton\"][\"parentElementArrayFinder\"][\"locator_\"]"}}},"helpElement":{"parentElementArrayFinder":{"locator_":{"using":"css selector","value":".zoe-help-overlay"}},"elementArrayFinder_":{"locator_":{"$ref":"$[\"helpElement\"][\"parentElementArrayFinder\"][\"locator_\"]"}}},"zoomButton":{"parentElementArrayFinder":{"locator_":{"using":"css selector","value":".zoe-btn-zoom"}},"elementArrayFinder_":{"locator_":{"$ref":"$[\"zoomButton\"][\"parentElementArrayFinder\"][\"locator_\"]"}}},"zoomElement":{"parentElementArrayFinder":{"locator_":{"using":"css selector","value":".zoe-zoom"}},"elementArrayFinder_":{"locator_":{"$ref":"$[\"zoomElement\"][\"parentElementArrayFinder\"][\"locator_\"]"}}},"zoomImage":{"parentElementArrayFinder":{"locator_":{"using":"css selector","value":".zoe-zoom-frame"}},"elementArrayFinder_":{"locator_":{"$ref":"$[\"zoomImage\"][\"parentElementArrayFinder\"][\"locator_\"]"}}},"closeButton":{"parentElementArrayFinder":{"locator_":{"using":"css selector","value":".zoe-btn-close"}},"elementArrayFinder_":{"locator_":{"$ref":"$[\"closeButton\"][\"parentElementArrayFinder\"][\"locator_\"]"}}},"widgetImageDiv":{"parentElementArrayFinder":{"locator_":{"using":"css selector","value":".zoe-engage-image.reel"}},"elementArrayFinder_":{"locator_":{"$ref":"$[\"widgetImageDiv\"][\"parentElementArrayFinder\"][\"locator_\"]"}}},"inlineDivSelector":{"parentElementArrayFinder":{"locator_":{"using":"css selector","value":".zoe-inline.reel"}},"elementArrayFinder_":{"locator_":{"$ref":"$[\"inlineDivSelector\"][\"parentElementArrayFinder\"][\"locator_\"]"}}},"widgetWrapperSelector":{"parentElementArrayFinder":{"locator_":{"using":"css selector","value":".zoe-engage-wrapper"}},"elementArrayFinder_":{"locator_":{"$ref":"$[\"widgetWrapperSelector\"][\"parentElementArrayFinder\"][\"locator_\"]"}}},"widgetWrapperImage":{"parentElementArrayFinder":{"locator_":{"using":"css selector","value":".zoe-frame"}},"elementArrayFinder_":{"locator_":{"$ref":"$[\"widgetWrapperImage\"][\"parentElementArrayFinder\"][\"locator_\"]"}}},"pageImageSelector":{"parentElementArrayFinder":{"locator_":{"using":"css selector","value":".zoe-engage-wrapper"}},"elementArrayFinder_":{"locator_":{"$ref":"$[\"pageImageSelector\"][\"parentElementArrayFinder\"][\"locator_\"]"}}},"inlineTrigger":{"parentElementArrayFinder":{"locator_":{"using":"css selector","value":"a.zoe-engage-trigger"}},"elementArrayFinder_":{"locator_":{"$ref":"$[\"inlineTrigger\"][\"parentElementArrayFinder\"][\"locator_\"]"}}},"inlineWrapper":{"parentElementArrayFinder":{"locator_":{"using":"css selector","value":".zoe-engage-wrapper.zoe-inline"}},"elementArrayFinder_":{"locator_":{"$ref":"$[\"inlineWrapper\"][\"parentElementArrayFinder\"][\"locator_\"]"}}},"frameSelector":{"parentElementArrayFinder":{"locator_":{"using":"css selector","value":".zoe-frame"}},"elementArrayFinder_":{"locator_":{"$ref":"$[\"frameSelector\"][\"parentElementArrayFinder\"][\"locator_\"]"}}},"interactCTA":{"parentElementArrayFinder":{"locator_":{"using":"css selector","value":".zoe-interact-cta"}},"elementArrayFinder_":{"locator_":{"$ref":"$[\"interactCTA\"][\"parentElementArrayFinder\"][\"locator_\"]"}}},"triggerCTA":{"parentElementArrayFinder":{"locator_":{"using":"css selector","value":".zoe-trigger-cta"}},"elementArrayFinder_":{"locator_":{"$ref":"$[\"triggerCTA\"][\"parentElementArrayFinder\"][\"locator_\"]"}}},"helpRotate":{"parentElementArrayFinder":{"locator_":{"using":"css selector","value":".zoe-help-rotate .zoe-help-text"}},"elementArrayFinder_":{"locator_":{"$ref":"$[\"helpRotate\"][\"parentElementArrayFinder\"][\"locator_\"]"}}},"helpElevate":{"parentElementArrayFinder":{"locator_":{"using":"css selector","value":".zoe-help-elevate .zoe-help-text"}},"elementArrayFinder_":{"locator_":{"$ref":"$[\"helpElevate\"][\"parentElementArrayFinder\"][\"locator_\"]"}}},"helpZoom":{"parentElementArrayFinder":{"locator_":{"using":"css selector","value":".zoe-help-zoom .zoe-help-text"}},"elementArrayFinder_":{"locator_":{"$ref":"$[\"helpZoom\"][\"parentElementArrayFinder\"][\"locator_\"]"}}},"helpBrand":{"parentElementArrayFinder":{"locator_":{"using":"css selector","value":".zoe-help-brand .zoe-help-text"}},"elementArrayFinder_":{"locator_":{"$ref":"$[\"helpBrand\"][\"parentElementArrayFinder\"][\"locator_\"]"}}},"extraContent":{"parentElementArrayFinder":{"locator_":{"using":"css selector","value":".zoe-display-extra-content"}},"elementArrayFinder_":{"locator_":{"$ref":"$[\"extraContent\"][\"parentElementArrayFinder\"][\"locator_\"]"}}},"level":"debug","message":"elementFinder is ","timestamp":"2014-10-08T13:17:24.496Z"}
{"level":"info","message":"Initialising jasmine tests","timestamp":"2014-10-08T13:17:24.499Z"}
{"inline":{},"popover":{},"indiscriminate":{},"progressWrapper":{"parentElementArrayFinder":{"locator_":{"using":"css selector","value":".zoe-progress-wrapper"}},"elementArrayFinder_":{"locator_":{"$ref":"$[\"progressWrapper\"][\"parentElementArrayFinder\"][\"locator_\"]"}}},"widgetOverlay":{"parentElementArrayFinder":{"locator_":{"using":"css selector","value":"#zoe-zbox-overlay"}},"elementArrayFinder_":{"locator_":{"$ref":"$[\"widgetOverlay\"][\"parentElementArrayFinder\"][\"locator_\"]"}}},"widgetTrigger":{"parentElementArrayFinder":{"locator_":{"using":"css selector","value":".zoe-engage-trigger>img"}},"elementArrayFinder_":{"locator_":{"$ref":"$[\"widgetTrigger\"][\"parentElementArrayFinder\"][\"locator_\"]"}}},"widgetColorbox":{"parentElementArrayFinder":{"locator_":{"using":"css selector","value":"#zoe-zbox-content"}},"elementArrayFinder_":{"locator_":{"$ref":"$[\"widgetColorbox\"][\"parentElementArrayFinder\"][\"locator_\"]"}}},"helpButton":{"parentElementArrayFinder":{"locator_":{"using":"css selector","value":".zoe-btn-help"}},"elementArrayFinder_":{"locator_":{"$ref":"$[\"helpButton\"][\"parentElementArrayFinder\"][\"locator_\"]"}}},"helpElement":{"parentElementArrayFinder":{"locator_":{"using":"css selector","value":".zoe-help-overlay"}},"elementArrayFinder_":{"locator_":{"$ref":"$[\"helpElement\"][\"parentElementArrayFinder\"][\"locator_\"]"}}},"zoomButton":{"parentElementArrayFinder":{"locator_":{"using":"css selector","value":".zoe-btn-zoom"}},"elementArrayFinder_":{"locator_":{"$ref":"$[\"zoomButton\"][\"parentElementArrayFinder\"][\"locator_\"]"}}},"zoomElement":{"parentElementArrayFinder":{"locator_":{"using":"css selector","value":".zoe-zoom"}},"elementArrayFinder_":{"locator_":{"$ref":"$[\"zoomElement\"][\"parentElementArrayFinder\"][\"locator_\"]"}}},"zoomImage":{"parentElementArrayFinder":{"locator_":{"using":"css selector","value":".zoe-zoom-frame"}},"elementArrayFinder_":{"locator_":{"$ref":"$[\"zoomImage\"][\"parentElementArrayFinder\"][\"locator_\"]"}}},"closeButton":{"parentElementArrayFinder":{"locator_":{"using":"css selector","value":".zoe-btn-close"}},"elementArrayFinder_":{"locator_":{"$ref":"$[\"closeButton\"][\"parentElementArrayFinder\"][\"locator_\"]"}}},"widgetImageDiv":{"parentElementArrayFinder":{"locator_":{"using":"css selector","value":".zoe-engage-image.reel"}},"elementArrayFinder_":{"locator_":{"$ref":"$[\"widgetImageDiv\"][\"parentElementArrayFinder\"][\"locator_\"]"}}},"inlineDivSelector":{"parentElementArrayFinder":{"locator_":{"using":"css selector","value":".zoe-inline.reel"}},"elementArrayFinder_":{"locator_":{"$ref":"$[\"inlineDivSelector\"][\"parentElementArrayFinder\"][\"locator_\"]"}}},"widgetWrapperSelector":{"parentElementArrayFinder":{"locator_":{"using":"css selector","value":".zoe-engage-wrapper"}},"elementArrayFinder_":{"locator_":{"$ref":"$[\"widgetWrapperSelector\"][\"parentElementArrayFinder\"][\"locator_\"]"}}},"widgetWrapperImage":{"parentElementArrayFinder":{"locator_":{"using":"css selector","value":".zoe-frame"}},"elementArrayFinder_":{"locator_":{"$ref":"$[\"widgetWrapperImage\"][\"parentElementArrayFinder\"][\"locator_\"]"}}},"pageImageSelector":{"parentElementArrayFinder":{"locator_":{"using":"css selector","value":".zoe-engage-wrapper"}},"elementArrayFinder_":{"locator_":{"$ref":"$[\"pageImageSelector\"][\"parentElementArrayFinder\"][\"locator_\"]"}}},"inlineTrigger":{"parentElementArrayFinder":{"locator_":{"using":"css selector","value":"a.zoe-engage-trigger"}},"elementArrayFinder_":{"locator_":{"$ref":"$[\"inlineTrigger\"][\"parentElementArrayFinder\"][\"locator_\"]"}}},"inlineWrapper":{"parentElementArrayFinder":{"locator_":{"using":"css selector","value":".zoe-engage-wrapper.zoe-inline"}},"elementArrayFinder_":{"locator_":{"$ref":"$[\"inlineWrapper\"][\"parentElementArrayFinder\"][\"locator_\"]"}}},"frameSelector":{"parentElementArrayFinder":{"locator_":{"using":"css selector","value":".zoe-frame"}},"elementArrayFinder_":{"locator_":{"$ref":"$[\"frameSelector\"][\"parentElementArrayFinder\"][\"locator_\"]"}}},"interactCTA":{"parentElementArrayFinder":{"locator_":{"using":"css selector","value":".zoe-interact-cta"}},"elementArrayFinder_":{"locator_":{"$ref":"$[\"interactCTA\"][\"parentElementArrayFinder\"][\"locator_\"]"}}},"triggerCTA":{"parentElementArrayFinder":{"locator_":{"using":"css selector","value":".zoe-trigger-cta"}},"elementArrayFinder_":{"locator_":{"$ref":"$[\"triggerCTA\"][\"parentElementArrayFinder\"][\"locator_\"]"}}},"helpRotate":{"parentElementArrayFinder":{"locator_":{"using":"css selector","value":".zoe-help-rotate .zoe-help-text"}},"elementArrayFinder_":{"locator_":{"$ref":"$[\"helpRotate\"][\"parentElementArrayFinder\"][\"locator_\"]"}}},"helpElevate":{"parentElementArrayFinder":{"locator_":{"using":"css selector","value":".zoe-help-elevate .zoe-help-text"}},"elementArrayFinder_":{"locator_":{"$ref":"$[\"helpElevate\"][\"parentElementArrayFinder\"][\"locator_\"]"}}},"helpZoom":{"parentElementArrayFinder":{"locator_":{"using":"css selector","value":".zoe-help-zoom .zoe-help-text"}},"elementArrayFinder_":{"locator_":{"$ref":"$[\"helpZoom\"][\"parentElementArrayFinder\"][\"locator_\"]"}}},"helpBrand":{"parentElementArrayFinder":{"locator_":{"using":"css selector","value":".zoe-help-brand .zoe-help-text"}},"elementArrayFinder_":{"locator_":{"$ref":"$[\"helpBrand\"][\"parentElementArrayFinder\"][\"locator_\"]"}}},"extraContent":{"parentElementArrayFinder":{"locator_":{"using":"css selector","value":".zoe-display-extra-content"}},"elementArrayFinder_":{"locator_":{"$ref":"$[\"extraContent\"][\"parentElementArrayFinder\"][\"locator_\"]"}}},"level":"debug","message":"elementFinder is ","timestamp":"2014-10-08T13:17:24.501Z"}
{"level":"info","message":"Initialising jasmine tests","timestamp":"2014-10-08T13:17:24.511Z"}
{"inline":{},"popover":{},"indiscriminate":{},"progressWrapper":{"parentElementArrayFinder":{"locator_":{"using":"css selector","value":".zoe-progress-wrapper"}},"elementArrayFinder_":{"locator_":{"$ref":"$[\"progressWrapper\"][\"parentElementArrayFinder\"][\"locator_\"]"}}},"widgetOverlay":{"parentElementArrayFinder":{"locator_":{"using":"css selector","value":"#zoe-zbox-overlay"}},"elementArrayFinder_":{"locator_":{"$ref":"$[\"widgetOverlay\"][\"parentElementArrayFinder\"][\"locator_\"]"}}},"widgetTrigger":{"parentElementArrayFinder":{"locator_":{"using":"css selector","value":".zoe-engage-trigger>img"}},"elementArrayFinder_":{"locator_":{"$ref":"$[\"widgetTrigger\"][\"parentElementArrayFinder\"][\"locator_\"]"}}},"widgetColorbox":{"parentElementArrayFinder":{"locator_":{"using":"css selector","value":"#zoe-zbox-content"}},"elementArrayFinder_":{"locator_":{"$ref":"$[\"widgetColorbox\"][\"parentElementArrayFinder\"][\"locator_\"]"}}},"helpButton":{"parentElementArrayFinder":{"locator_":{"using":"css selector","value":".zoe-btn-help"}},"elementArrayFinder_":{"locator_":{"$ref":"$[\"helpButton\"][\"parentElementArrayFinder\"][\"locator_\"]"}}},"helpElement":{"parentElementArrayFinder":{"locator_":{"using":"css selector","value":".zoe-help-overlay"}},"elementArrayFinder_":{"locator_":{"$ref":"$[\"helpElement\"][\"parentElementArrayFinder\"][\"locator_\"]"}}},"zoomButton":{"parentElementArrayFinder":{"locator_":{"using":"css selector","value":".zoe-btn-zoom"}},"elementArrayFinder_":{"locator_":{"$ref":"$[\"zoomButton\"][\"parentElementArrayFinder\"][\"locator_\"]"}}},"zoomElement":{"parentElementArrayFinder":{"locator_":{"using":"css selector","value":".zoe-zoom"}},"elementArrayFinder_":{"locator_":{"$ref":"$[\"zoomElement\"][\"parentElementArrayFinder\"][\"locator_\"]"}}},"zoomImage":{"parentElementArrayFinder":{"locator_":{"using":"css selector","value":".zoe-zoom-frame"}},"elementArrayFinder_":{"locator_":{"$ref":"$[\"zoomImage\"][\"parentElementArrayFinder\"][\"locator_\"]"}}},"closeButton":{"parentElementArrayFinder":{"locator_":{"using":"css selector","value":".zoe-btn-close"}},"elementArrayFinder_":{"locator_":{"$ref":"$[\"closeButton\"][\"parentElementArrayFinder\"][\"locator_\"]"}}},"widgetImageDiv":{"parentElementArrayFinder":{"locator_":{"using":"css selector","value":".zoe-engage-image.reel"}},"elementArrayFinder_":{"locator_":{"$ref":"$[\"widgetImageDiv\"][\"parentElementArrayFinder\"][\"locator_\"]"}}},"inlineDivSelector":{"parentElementArrayFinder":{"locator_":{"using":"css selector","value":".zoe-inline.reel"}},"elementArrayFinder_":{"locator_":{"$ref":"$[\"inlineDivSelector\"][\"parentElementArrayFinder\"][\"locator_\"]"}}},"widgetWrapperSelector":{"parentElementArrayFinder":{"locator_":{"using":"css selector","value":".zoe-engage-wrapper"}},"elementArrayFinder_":{"locator_":{"$ref":"$[\"widgetWrapperSelector\"][\"parentElementArrayFinder\"][\"locator_\"]"}}},"widgetWrapperImage":{"parentElementArrayFinder":{"locator_":{"using":"css selector","value":".zoe-frame"}},"elementArrayFinder_":{"locator_":{"$ref":"$[\"widgetWrapperImage\"][\"parentElementArrayFinder\"][\"locator_\"]"}}},"pageImageSelector":{"parentElementArrayFinder":{"locator_":{"using":"css selector","value":".zoe-engage-wrapper"}},"elementArrayFinder_":{"locator_":{"$ref":"$[\"pageImageSelector\"][\"parentElementArrayFinder\"][\"locator_\"]"}}},"inlineTrigger":{"parentElementArrayFinder":{"locator_":{"using":"css selector","value":"a.zoe-engage-trigger"}},"elementArrayFinder_":{"locator_":{"$ref":"$[\"inlineTrigger\"][\"parentElementArrayFinder\"][\"locator_\"]"}}},"inlineWrapper":{"parentElementArrayFinder":{"locator_":{"using":"css selector","value":".zoe-engage-wrapper.zoe-inline"}},"elementArrayFinder_":{"locator_":{"$ref":"$[\"inlineWrapper\"][\"parentElementArrayFinder\"][\"locator_\"]"}}},"frameSelector":{"parentElementArrayFinder":{"locator_":{"using":"css selector","value":".zoe-frame"}},"elementArrayFinder_":{"locator_":{"$ref":"$[\"frameSelector\"][\"parentElementArrayFinder\"][\"locator_\"]"}}},"interactCTA":{"parentElementArrayFinder":{"locator_":{"using":"css selector","value":".zoe-interact-cta"}},"elementArrayFinder_":{"locator_":{"$ref":"$[\"interactCTA\"][\"parentElementArrayFinder\"][\"locator_\"]"}}},"triggerCTA":{"parentElementArrayFinder":{"locator_":{"using":"css selector","value":".zoe-trigger-cta"}},"elementArrayFinder_":{"locator_":{"$ref":"$[\"triggerCTA\"][\"parentElementArrayFinder\"][\"locator_\"]"}}},"helpRotate":{"parentElementArrayFinder":{"locator_":{"using":"css selector","value":".zoe-help-rotate .zoe-help-text"}},"elementArrayFinder_":{"locator_":{"$ref":"$[\"helpRotate\"][\"parentElementArrayFinder\"][\"locator_\"]"}}},"helpElevate":{"parentElementArrayFinder":{"locator_":{"using":"css selector","value":".zoe-help-elevate .zoe-help-text"}},"elementArrayFinder_":{"locator_":{"$ref":"$[\"helpElevate\"][\"parentElementArrayFinder\"][\"locator_\"]"}}},"helpZoom":{"parentElementArrayFinder":{"locator_":{"using":"css selector","value":".zoe-help-zoom .zoe-help-text"}},"elementArrayFinder_":{"locator_":{"$ref":"$[\"helpZoom\"][\"parentElementArrayFinder\"][\"locator_\"]"}}},"helpBrand":{"parentElementArrayFinder":{"locator_":{"using":"css selector","value":".zoe-help-brand .zoe-help-text"}},"elementArrayFinder_":{"locator_":{"$ref":"$[\"helpBrand\"][\"parentElementArrayFinder\"][\"locator_\"]"}}},"extraContent":{"parentElementArrayFinder":{"locator_":{"using":"css selector","value":".zoe-display-extra-content"}},"elementArrayFinder_":{"locator_":{"$ref":"$[\"extraContent\"][\"parentElementArrayFinder\"][\"locator_\"]"}}},"level":"debug","message":"elementFinder is ","timestamp":"2014-10-08T13:17:24.514Z"}
{"takesScreenshot":true,"webdriver.remote.sessionid":"734b3b098f554efe90f6f0b5a033a970","unexpectedAlertBehaviour":"dismiss","ie.browserCommandLineSwitches":"","browserAttachTimeout":0,"ie.ensureCleanSession":false,"ignoreProtectedModeSettings":false,"platform":"WINDOWS","version":"11","ignoreZoomSetting":false,"nativeEvents":true,"handlesAlerts":true,"javascriptEnabled":true,"requireWindowFocus":false,"ie.usePerProcessProxy":false,"hasMetadata":true,"initialBrowserUrl":"http://localhost:5086/","enableElementCacheCleanup":true,"cssSelectorsEnabled":true,"browserName":"internet explorer","elementScrollBehavior":0,"enablePersistentHover":true,"ie.forceCreateProcessApi":false,"level":"info","message":"","timestamp":"2014-10-08T13:17:35.244Z"}
{"level":"info","message":"undefined","timestamp":"2014-10-08T13:17:35.245Z"}
{"level":"info","message":"Initialising file paths with browser & version","timestamp":"2014-10-08T13:17:35.245Z"}
{"level":"info","message":"Initialising file paths with browser & version","timestamp":"2014-10-08T13:17:35.245Z"}
{"level":"info","message":"Initialising file paths with browser & version","timestamp":"2014-10-08T13:17:35.245Z"}
{"level":"info","message":"Initialising file paths with browser & version","timestamp":"2014-10-08T13:17:35.245Z"}
{"level":"info","message":"Initialising file paths with browser & version","timestamp":"2014-10-08T13:17:35.245Z"}
{"level":"info","message":"Initialising file paths with browser & version","timestamp":"2014-10-08T13:17:35.245Z"}
{"level":"info","message":"Initialising file paths with browser & version","timestamp":"2014-10-08T13:17:35.245Z"}
{"level":"info","message":"Initialising file paths with browser & version","timestamp":"2014-10-08T13:17:35.246Z"}
{"level":"info","message":"Initialising file paths with browser & version","timestamp":"2014-10-08T13:17:35.246Z"}
{"level":"info","message":"Initialising file paths with browser & version","timestamp":"2014-10-08T13:17:35.246Z"}
{"level":"info","message":"Initialising file paths with browser & version","timestamp":"2014-10-08T13:17:35.246Z"}
{"level":"info","message":"Initialising file paths with browser & version","timestamp":"2014-10-08T13:17:35.246Z"}
{"level":"info","message":"Initialising file paths with browser & version","timestamp":"2014-10-08T13:17:35.246Z"}
{"level":"info","message":"Initialising file paths with browser & version","timestamp":"2014-10-08T13:17:35.246Z"}
{"level":"info","message":"Initialising file paths with browser & version","timestamp":"2014-10-08T13:17:35.246Z"}
{"level":"info","message":"Initialising file paths with browser & version","timestamp":"2014-10-08T13:17:35.246Z"}
{"level":"info","message":"Initialising file paths with browser & version","timestamp":"2014-10-08T13:17:35.246Z"}
{"level":"info","message":"Initialising file paths with browser & version","timestamp":"2014-10-08T13:17:35.246Z"}
{"level":"info","message":"Initialising file paths with browser & version","timestamp":"2014-10-08T13:17:35.246Z"}
{"level":"info","message":"Initialising file paths with browser & version","timestamp":"2014-10-08T13:17:35.246Z"}
{"level":"info","message":"Initialising file paths with browser & version","timestamp":"2014-10-08T13:17:35.246Z"}
{"level":"info","message":"Initialising file paths with browser & version","timestamp":"2014-10-08T13:17:35.246Z"}
{"level":"info","message":"Initialising file paths with browser & version","timestamp":"2014-10-08T13:17:35.247Z"}
{"level":"info","message":"Initialising file paths with browser & version","timestamp":"2014-10-08T13:17:35.247Z"}
{"level":"info","message":"Initialising file paths with browser & version","timestamp":"2014-10-08T13:17:35.247Z"}
{"level":"info","message":"Initialising file paths with browser & version","timestamp":"2014-10-08T13:17:35.247Z"}
{"rotatable":false,"browserConnectionEnabled":false,"acceptSslCerts":true,"cssSelectorsEnabled":true,"chrome":{"chromedriverVersion":"2.4.226107"},"javascriptEnabled":true,"version":"30.0.1599.65","webdriver.remote.sessionid":"e3406ea82c444c0f8d6a8c049315cc05","databaseEnabled":true,"locationContextEnabled":true,"platform":"Windows NT","browserName":"chrome","takesScreenshot":true,"hasMetadata":true,"nativeEvents":true,"applicationCacheEnabled":false,"webStorageEnabled":true,"handlesAlerts":true,"level":"info","message":"","timestamp":"2014-10-08T13:17:35.337Z"}
{"level":"info","message":"undefined","timestamp":"2014-10-08T13:17:35.338Z"}
{"level":"info","message":"Initialising file paths with browser & version","timestamp":"2014-10-08T13:17:35.338Z"}
{"level":"info","message":"Initialising file paths with browser & version","timestamp":"2014-10-08T13:17:35.338Z"}
{"level":"info","message":"Initialising file paths with browser & version","timestamp":"2014-10-08T13:17:35.338Z"}
{"level":"info","message":"Initialising file paths with browser & version","timestamp":"2014-10-08T13:17:35.338Z"}
{"level":"info","message":"Initialising file paths with browser & version","timestamp":"2014-10-08T13:17:35.338Z"}
{"level":"info","message":"Initialising file paths with browser & version","timestamp":"2014-10-08T13:17:35.338Z"}
{"level":"info","message":"Initialising file paths with browser & version","timestamp":"2014-10-08T13:17:35.339Z"}
{"level":"info","message":"Initialising file paths with browser & version","timestamp":"2014-10-08T13:17:35.339Z"}
{"level":"info","message":"Initialising file paths with browser & version","timestamp":"2014-10-08T13:17:35.339Z"}
{"level":"info","message":"Initialising file paths with browser & version","timestamp":"2014-10-08T13:17:35.339Z"}
{"level":"info","message":"Initialising file paths with browser & version","timestamp":"2014-10-08T13:17:35.339Z"}
{"level":"info","message":"Initialising file paths with browser & version","timestamp":"2014-10-08T13:17:35.339Z"}
{"level":"info","message":"Initialising file paths with browser & version","timestamp":"2014-10-08T13:17:35.339Z"}
{"level":"info","message":"Initialising file paths with browser & version","timestamp":"2014-10-08T13:17:35.339Z"}
{"level":"info","message":"Initialising file paths with browser & version","timestamp":"2014-10-08T13:17:35.339Z"}
{"level":"info","message":"Initialising file paths with browser & version","timestamp":"2014-10-08T13:17:35.339Z"}
{"level":"info","message":"Initialising file paths with browser & version","timestamp":"2014-10-08T13:17:35.339Z"}
{"level":"info","message":"Initialising file paths with browser & version","timestamp":"2014-10-08T13:17:35.339Z"}
{"level":"info","message":"Initialising file paths with browser & version","timestamp":"2014-10-08T13:17:35.339Z"}
{"level":"info","message":"Initialising file paths with browser & version","timestamp":"2014-10-08T13:17:35.339Z"}
{"level":"info","message":"Initialising file paths with browser & version","timestamp":"2014-10-08T13:17:35.339Z"}
{"level":"info","message":"Initialising file paths with browser & version","timestamp":"2014-10-08T13:17:35.339Z"}
{"level":"info","message":"Initialising file paths with browser & version","timestamp":"2014-10-08T13:17:35.340Z"}
{"level":"info","message":"Initialising file paths with browser & version","timestamp":"2014-10-08T13:17:35.340Z"}
{"level":"info","message":"Initialising file paths with browser & version","timestamp":"2014-10-08T13:17:35.340Z"}
{"level":"info","message":"Initialising file paths with browser & version","timestamp":"2014-10-08T13:17:35.340Z"}
{"level":"info","message":"Opening URL: http://jenkins.zoetrope.io:8888/v3/testInline.html","timestamp":"2014-10-08T13:17:35.787Z"}
{"level":"info","message":"Opening URL: http://jenkins.zoetrope.io:8888/v3/testInline.html","timestamp":"2014-10-08T13:17:35.880Z"}
{"level":"info","message":"Saving screenshot to images/load.jpgpopoverchrome30.0.1599.65.png","timestamp":"2014-10-08T13:17:45.366Z"}
{"level":"info","message":"Saved screenshot","timestamp":"2014-10-08T13:17:47.666Z"}
{"level":"info","message":"Saving screenshot to images/load.jpgpopoverinternet explorer11.png","timestamp":"2014-10-08T13:17:47.697Z"}
{"level":"info","message":"Clicking the help button","timestamp":"2014-10-08T13:17:47.701Z"}
{"parentElementArrayFinder":{"locator_":{"using":"css selector","value":".zoe-btn-help"}},"elementArrayFinder_":{"locator_":{"$ref":"$[\"parentElementArrayFinder\"][\"locator_\"]"}},"level":"info","message":"help button is","timestamp":"2014-10-08T13:17:47.704Z"}
{"level":"info","message":"Saved screenshot","timestamp":"2014-10-08T13:17:50.714Z"}
{"level":"info","message":"Clicking the help button","timestamp":"2014-10-08T13:17:50.752Z"}
{"parentElementArrayFinder":{"locator_":{"using":"css selector","value":".zoe-btn-help"}},"elementArrayFinder_":{"locator_":{"$ref":"$[\"parentElementArrayFinder\"][\"locator_\"]"}},"level":"info","message":"help button is","timestamp":"2014-10-08T13:17:50.756Z"}
{"level":"info","message":"Got help style of ","timestamp":"2014-10-08T13:17:53.548Z"}
{"level":"info","message":"Saving screenshot to images/help.jpgpopoverchrome30.0.1599.65.png","timestamp":"2014-10-08T13:17:53.592Z"}
{"level":"info","message":"Got help style of ","timestamp":"2014-10-08T13:17:54.694Z"}
{"level":"info","message":"Saving screenshot to images/help.jpgpopoverinternet explorer11.png","timestamp":"2014-10-08T13:17:54.739Z"}
{"level":"info","message":"Saved screenshot","timestamp":"2014-10-08T13:17:55.337Z"}
{"level":"info","message":"Clicking the help button","timestamp":"2014-10-08T13:17:55.379Z"}
{"parentElementArrayFinder":{"locator_":{"using":"css selector","value":".zoe-btn-help"}},"elementArrayFinder_":{"locator_":{"$ref":"$[\"parentElementArrayFinder\"][\"locator_\"]"}},"level":"info","message":"help button is","timestamp":"2014-10-08T13:17:55.382Z"}
{"level":"info","message":"Got help style of display: none;","timestamp":"2014-10-08T13:17:58.023Z"}
{"level":"info","message":"Saving screenshot to images/helpClose.jpgpopoverchrome30.0.1599.65.png","timestamp":"2014-10-08T13:17:58.065Z"}
{"level":"info","message":"Saved screenshot","timestamp":"2014-10-08T13:17:59.904Z"}
{"level":"info","message":"Clicking the help button","timestamp":"2014-10-08T13:17:59.954Z"}
{"parentElementArrayFinder":{"locator_":{"using":"css selector","value":".zoe-btn-help"}},"elementArrayFinder_":{"locator_":{"$ref":"$[\"parentElementArrayFinder\"][\"locator_\"]"}},"level":"info","message":"help button is","timestamp":"2014-10-08T13:17:59.957Z"}
{"level":"info","message":"Saved screenshot","timestamp":"2014-10-08T13:18:00.171Z"}
{"level":"info","message":"Clicking the zoom button","timestamp":"2014-10-08T13:18:00.229Z"}
{"level":"info","message":"Saving screenshot to images/zoom.jpgpopoverchrome30.0.1599.65.png","timestamp":"2014-10-08T13:18:00.234Z"}
{"level":"info","message":"Got help style of display: none;","timestamp":"2014-10-08T13:18:02.656Z"}
{"level":"info","message":"Saving screenshot to images/helpClose.jpgpopoverinternet explorer11.png","timestamp":"2014-10-08T13:18:02.698Z"}
{"level":"info","message":"Saved screenshot","timestamp":"2014-10-08T13:18:03.884Z"}
{"level":"info","message":"Clicking the zoom button","timestamp":"2014-10-08T13:18:03.927Z"}
{"level":"info","message":"Saving screenshot to images/zoom.jpgpopoverinternet explorer11.png","timestamp":"2014-10-08T13:18:03.932Z"}
{"level":"info","message":"Saved screenshot","timestamp":"2014-10-08T13:18:05.112Z"}
{"level":"info","message":"Clicking the zoom button","timestamp":"2014-10-08T13:18:05.124Z"}
{"level":"info","message":"Saving screenshot to images/zoomClose.jpgpopoverchrome30.0.1599.65.png","timestamp":"2014-10-08T13:18:05.128Z"}
{"level":"info","message":"Saved screenshot","timestamp":"2014-10-08T13:18:08.052Z"}
{"level":"info","message":"Clicking the zoom button","timestamp":"2014-10-08T13:18:08.066Z"}
{"level":"info","message":"Saving screenshot to images/zoomClose.jpgpopoverinternet explorer11.png","timestamp":"2014-10-08T13:18:08.069Z"}
{"level":"info","message":"Saved screenshot","timestamp":"2014-10-08T13:18:09.031Z"}
{"level":"info","message":"Opening URL: http://jenkins.zoetrope.io:8888/v3/testPopover.html","timestamp":"2014-10-08T13:18:09.042Z"}
{"level":"info","message":"Saving screenshot to images/load.jpgpopoverchrome30.0.1599.65.png","timestamp":"2014-10-08T13:18:10.413Z"}
{"level":"info","message":"Saved screenshot","timestamp":"2014-10-08T13:18:12.630Z"}
{"level":"info","message":"Clicking the help button","timestamp":"2014-10-08T13:18:12.670Z"}
{"parentElementArrayFinder":{"locator_":{"using":"css selector","value":".zoe-btn-help"}},"elementArrayFinder_":{"locator_":{"$ref":"$[\"parentElementArrayFinder\"][\"locator_\"]"}},"level":"info","message":"help button is","timestamp":"2014-10-08T13:18:12.673Z"}
{"level":"info","message":"Clicking the help button","timestamp":"2014-10-08T13:18:13.125Z"}
{"parentElementArrayFinder":{"locator_":{"using":"css selector","value":".zoe-btn-help"}},"elementArrayFinder_":{"locator_":{"$ref":"$[\"parentElementArrayFinder\"][\"locator_\"]"}},"level":"info","message":"help button is","timestamp":"2014-10-08T13:18:13.127Z"}
{"level":"info","message":"Saved screenshot","timestamp":"2014-10-08T13:18:13.201Z"}
{"level":"info","message":"Opening URL: http://jenkins.zoetrope.io:8888/v3/testPopover.html","timestamp":"2014-10-08T13:18:13.226Z"}
{"level":"info","message":"Clicking the zoom button","timestamp":"2014-10-08T13:18:13.570Z"}
{"level":"info","message":"Saving screenshot to images/zoom.jpgpopoverchrome30.0.1599.65.png","timestamp":"2014-10-08T13:18:13.573Z"}
{"level":"info","message":"Clicking the zoom button","timestamp":"2014-10-08T13:18:14.028Z"}
{"level":"info","message":"Saving screenshot to images/zoomClose.jpgpopoverchrome30.0.1599.65.png","timestamp":"2014-10-08T13:18:14.033Z"}
{"level":"info","message":"Saving screenshot to images/load.jpgpopoverinternet explorer11.png","timestamp":"2014-10-08T13:18:14.619Z"}
{"level":"info","message":"Initialising jasmine tests","timestamp":"2014-10-08T13:22:39.571Z"}
{"inline":{},"popover":{},"indiscriminate":{},"progressWrapper":{"parentElementArrayFinder":{"locator_":{"using":"css selector","value":".zoe-progress-wrapper"}},"elementArrayFinder_":{"locator_":{"$ref":"$[\"progressWrapper\"][\"parentElementArrayFinder\"][\"locator_\"]"}}},"widgetOverlay":{"parentElementArrayFinder":{"locator_":{"using":"css selector","value":"#zoe-zbox-overlay"}},"elementArrayFinder_":{"locator_":{"$ref":"$[\"widgetOverlay\"][\"parentElementArrayFinder\"][\"locator_\"]"}}},"widgetTrigger":{"parentElementArrayFinder":{"locator_":{"using":"css selector","value":".zoe-engage-trigger>img"}},"elementArrayFinder_":{"locator_":{"$ref":"$[\"widgetTrigger\"][\"parentElementArrayFinder\"][\"locator_\"]"}}},"widgetColorbox":{"parentElementArrayFinder":{"locator_":{"using":"css selector","value":"#zoe-zbox-content"}},"elementArrayFinder_":{"locator_":{"$ref":"$[\"widgetColorbox\"][\"parentElementArrayFinder\"][\"locator_\"]"}}},"helpButton":{"parentElementArrayFinder":{"locator_":{"using":"css selector","value":".zoe-btn-help"}},"elementArrayFinder_":{"locator_":{"$ref":"$[\"helpButton\"][\"parentElementArrayFinder\"][\"locator_\"]"}}},"helpElement":{"parentElementArrayFinder":{"locator_":{"using":"css selector","value":".zoe-help-overlay"}},"elementArrayFinder_":{"locator_":{"$ref":"$[\"helpElement\"][\"parentElementArrayFinder\"][\"locator_\"]"}}},"zoomButton":{"parentElementArrayFinder":{"locator_":{"using":"css selector","value":".zoe-btn-zoom"}},"elementArrayFinder_":{"locator_":{"$ref":"$[\"zoomButton\"][\"parentElementArrayFinder\"][\"locator_\"]"}}},"zoomElement":{"parentElementArrayFinder":{"locator_":{"using":"css selector","value":".zoe-zoom"}},"elementArrayFinder_":{"locator_":{"$ref":"$[\"zoomElement\"][\"parentElementArrayFinder\"][\"locator_\"]"}}},"zoomImage":{"parentElementArrayFinder":{"locator_":{"using":"css selector","value":".zoe-zoom-frame"}},"elementArrayFinder_":{"locator_":{"$ref":"$[\"zoomImage\"][\"parentElementArrayFinder\"][\"locator_\"]"}}},"closeButton":{"parentElementArrayFinder":{"locator_":{"using":"css selector","value":".zoe-btn-close"}},"elementArrayFinder_":{"locator_":{"$ref":"$[\"closeButton\"][\"parentElementArrayFinder\"][\"locator_\"]"}}},"widgetImageDiv":{"parentElementArrayFinder":{"locator_":{"using":"css selector","value":".zoe-engage-image.reel"}},"elementArrayFinder_":{"locator_":{"$ref":"$[\"widgetImageDiv\"][\"parentElementArrayFinder\"][\"locator_\"]"}}},"inlineDivSelector":{"parentElementArrayFinder":{"locator_":{"using":"css selector","value":".zoe-inline.reel"}},"elementArrayFinder_":{"locator_":{"$ref":"$[\"inlineDivSelector\"][\"parentElementArrayFinder\"][\"locator_\"]"}}},"widgetWrapperSelector":{"parentElementArrayFinder":{"locator_":{"using":"css selector","value":".zoe-engage-wrapper"}},"elementArrayFinder_":{"locator_":{"$ref":"$[\"widgetWrapperSelector\"][\"parentElementArrayFinder\"][\"locator_\"]"}}},"widgetWrapperImage":{"parentElementArrayFinder":{"locator_":{"using":"css selector","value":".zoe-frame"}},"elementArrayFinder_":{"locator_":{"$ref":"$[\"widgetWrapperImage\"][\"parentElementArrayFinder\"][\"locator_\"]"}}},"pageImageSelector":{"parentElementArrayFinder":{"locator_":{"using":"css selector","value":".zoe-engage-wrapper"}},"elementArrayFinder_":{"locator_":{"$ref":"$[\"pageImageSelector\"][\"parentElementArrayFinder\"][\"locator_\"]"}}},"inlineTrigger":{"parentElementArrayFinder":{"locator_":{"using":"css selector","value":"a.zoe-engage-trigger"}},"elementArrayFinder_":{"locator_":{"$ref":"$[\"inlineTrigger\"][\"parentElementArrayFinder\"][\"locator_\"]"}}},"inlineWrapper":{"parentElementArrayFinder":{"locator_":{"using":"css selector","value":".zoe-engage-wrapper.zoe-inline"}},"elementArrayFinder_":{"locator_":{"$ref":"$[\"inlineWrapper\"][\"parentElementArrayFinder\"][\"locator_\"]"}}},"frameSelector":{"parentElementArrayFinder":{"locator_":{"using":"css selector","value":".zoe-frame"}},"elementArrayFinder_":{"locator_":{"$ref":"$[\"frameSelector\"][\"parentElementArrayFinder\"][\"locator_\"]"}}},"interactCTA":{"parentElementArrayFinder":{"locator_":{"using":"css selector","value":".zoe-interact-cta"}},"elementArrayFinder_":{"locator_":{"$ref":"$[\"interactCTA\"][\"parentElementArrayFinder\"][\"locator_\"]"}}},"triggerCTA":{"parentElementArrayFinder":{"locator_":{"using":"css selector","value":".zoe-trigger-cta"}},"elementArrayFinder_":{"locator_":{"$ref":"$[\"triggerCTA\"][\"parentElementArrayFinder\"][\"locator_\"]"}}},"helpRotate":{"parentElementArrayFinder":{"locator_":{"using":"css selector","value":".zoe-help-rotate .zoe-help-text"}},"elementArrayFinder_":{"locator_":{"$ref":"$[\"helpRotate\"][\"parentElementArrayFinder\"][\"locator_\"]"}}},"helpElevate":{"parentElementArrayFinder":{"locator_":{"using":"css selector","value":".zoe-help-elevate .zoe-help-text"}},"elementArrayFinder_":{"locator_":{"$ref":"$[\"helpElevate\"][\"parentElementArrayFinder\"][\"locator_\"]"}}},"helpZoom":{"parentElementArrayFinder":{"locator_":{"using":"css selector","value":".zoe-help-zoom .zoe-help-text"}},"elementArrayFinder_":{"locator_":{"$ref":"$[\"helpZoom\"][\"parentElementArrayFinder\"][\"locator_\"]"}}},"helpBrand":{"parentElementArrayFinder":{"locator_":{"using":"css selector","value":".zoe-help-brand .zoe-help-text"}},"elementArrayFinder_":{"locator_":{"$ref":"$[\"helpBrand\"][\"parentElementArrayFinder\"][\"locator_\"]"}}},"extraContent":{"parentElementArrayFinder":{"locator_":{"using":"css selector","value":".zoe-display-extra-content"}},"elementArrayFinder_":{"locator_":{"$ref":"$[\"extraContent\"][\"parentElementArrayFinder\"][\"locator_\"]"}}},"level":"debug","message":"elementFinder is ","timestamp":"2014-10-08T13:22:39.574Z"}
{"level":"info","message":"Initialising jasmine tests","timestamp":"2014-10-08T13:22:39.571Z"}
{"inline":{},"popover":{},"indiscriminate":{},"progressWrapper":{"parentElementArrayFinder":{"locator_":{"using":"css selector","value":".zoe-progress-wrapper"}},"elementArrayFinder_":{"locator_":{"$ref":"$[\"progressWrapper\"][\"parentElementArrayFinder\"][\"locator_\"]"}}},"widgetOverlay":{"parentElementArrayFinder":{"locator_":{"using":"css selector","value":"#zoe-zbox-overlay"}},"elementArrayFinder_":{"locator_":{"$ref":"$[\"widgetOverlay\"][\"parentElementArrayFinder\"][\"locator_\"]"}}},"widgetTrigger":{"parentElementArrayFinder":{"locator_":{"using":"css selector","value":".zoe-engage-trigger>img"}},"elementArrayFinder_":{"locator_":{"$ref":"$[\"widgetTrigger\"][\"parentElementArrayFinder\"][\"locator_\"]"}}},"widgetColorbox":{"parentElementArrayFinder":{"locator_":{"using":"css selector","value":"#zoe-zbox-content"}},"elementArrayFinder_":{"locator_":{"$ref":"$[\"widgetColorbox\"][\"parentElementArrayFinder\"][\"locator_\"]"}}},"helpButton":{"parentElementArrayFinder":{"locator_":{"using":"css selector","value":".zoe-btn-help"}},"elementArrayFinder_":{"locator_":{"$ref":"$[\"helpButton\"][\"parentElementArrayFinder\"][\"locator_\"]"}}},"helpElement":{"parentElementArrayFinder":{"locator_":{"using":"css selector","value":".zoe-help-overlay"}},"elementArrayFinder_":{"locator_":{"$ref":"$[\"helpElement\"][\"parentElementArrayFinder\"][\"locator_\"]"}}},"zoomButton":{"parentElementArrayFinder":{"locator_":{"using":"css selector","value":".zoe-btn-zoom"}},"elementArrayFinder_":{"locator_":{"$ref":"$[\"zoomButton\"][\"parentElementArrayFinder\"][\"locator_\"]"}}},"zoomElement":{"parentElementArrayFinder":{"locator_":{"using":"css selector","value":".zoe-zoom"}},"elementArrayFinder_":{"locator_":{"$ref":"$[\"zoomElement\"][\"parentElementArrayFinder\"][\"locator_\"]"}}},"zoomImage":{"parentElementArrayFinder":{"locator_":{"using":"css selector","value":".zoe-zoom-frame"}},"elementArrayFinder_":{"locator_":{"$ref":"$[\"zoomImage\"][\"parentElementArrayFinder\"][\"locator_\"]"}}},"closeButton":{"parentElementArrayFinder":{"locator_":{"using":"css selector","value":".zoe-btn-close"}},"elementArrayFinder_":{"locator_":{"$ref":"$[\"closeButton\"][\"parentElementArrayFinder\"][\"locator_\"]"}}},"widgetImageDiv":{"parentElementArrayFinder":{"locator_":{"using":"css selector","value":".zoe-engage-image.reel"}},"elementArrayFinder_":{"locator_":{"$ref":"$[\"widgetImageDiv\"][\"parentElementArrayFinder\"][\"locator_\"]"}}},"inlineDivSelector":{"parentElementArrayFinder":{"locator_":{"using":"css selector","value":".zoe-inline.reel"}},"elementArrayFinder_":{"locator_":{"$ref":"$[\"inlineDivSelector\"][\"parentElementArrayFinder\"][\"locator_\"]"}}},"widgetWrapperSelector":{"parentElementArrayFinder":{"locator_":{"using":"css selector","value":".zoe-engage-wrapper"}},"elementArrayFinder_":{"locator_":{"$ref":"$[\"widgetWrapperSelector\"][\"parentElementArrayFinder\"][\"locator_\"]"}}},"widgetWrapperImage":{"parentElementArrayFinder":{"locator_":{"using":"css selector","value":".zoe-frame"}},"elementArrayFinder_":{"locator_":{"$ref":"$[\"widgetWrapperImage\"][\"parentElementArrayFinder\"][\"locator_\"]"}}},"pageImageSelector":{"parentElementArrayFinder":{"locator_":{"using":"css selector","value":".zoe-engage-wrapper"}},"elementArrayFinder_":{"locator_":{"$ref":"$[\"pageImageSelector\"][\"parentElementArrayFinder\"][\"locator_\"]"}}},"inlineTrigger":{"parentElementArrayFinder":{"locator_":{"using":"css selector","value":"a.zoe-engage-trigger"}},"elementArrayFinder_":{"locator_":{"$ref":"$[\"inlineTrigger\"][\"parentElementArrayFinder\"][\"locator_\"]"}}},"inlineWrapper":{"parentElementArrayFinder":{"locator_":{"using":"css selector","value":".zoe-engage-wrapper.zoe-inline"}},"elementArrayFinder_":{"locator_":{"$ref":"$[\"inlineWrapper\"][\"parentElementArrayFinder\"][\"locator_\"]"}}},"frameSelector":{"parentElementArrayFinder":{"locator_":{"using":"css selector","value":".zoe-frame"}},"elementArrayFinder_":{"locator_":{"$ref":"$[\"frameSelector\"][\"parentElementArrayFinder\"][\"locator_\"]"}}},"interactCTA":{"parentElementArrayFinder":{"locator_":{"using":"css selector","value":".zoe-interact-cta"}},"elementArrayFinder_":{"locator_":{"$ref":"$[\"interactCTA\"][\"parentElementArrayFinder\"][\"locator_\"]"}}},"triggerCTA":{"parentElementArrayFinder":{"locator_":{"using":"css selector","value":".zoe-trigger-cta"}},"elementArrayFinder_":{"locator_":{"$ref":"$[\"triggerCTA\"][\"parentElementArrayFinder\"][\"locator_\"]"}}},"helpRotate":{"parentElementArrayFinder":{"locator_":{"using":"css selector","value":".zoe-help-rotate .zoe-help-text"}},"elementArrayFinder_":{"locator_":{"$ref":"$[\"helpRotate\"][\"parentElementArrayFinder\"][\"locator_\"]"}}},"helpElevate":{"parentElementArrayFinder":{"locator_":{"using":"css selector","value":".zoe-help-elevate .zoe-help-text"}},"elementArrayFinder_":{"locator_":{"$ref":"$[\"helpElevate\"][\"parentElementArrayFinder\"][\"locator_\"]"}}},"helpZoom":{"parentElementArrayFinder":{"locator_":{"using":"css selector","value":".zoe-help-zoom .zoe-help-text"}},"elementArrayFinder_":{"locator_":{"$ref":"$[\"helpZoom\"][\"parentElementArrayFinder\"][\"locator_\"]"}}},"helpBrand":{"parentElementArrayFinder":{"locator_":{"using":"css selector","value":".zoe-help-brand .zoe-help-text"}},"elementArrayFinder_":{"locator_":{"$ref":"$[\"helpBrand\"][\"parentElementArrayFinder\"][\"locator_\"]"}}},"extraContent":{"parentElementArrayFinder":{"locator_":{"using":"css selector","value":".zoe-display-extra-content"}},"elementArrayFinder_":{"locator_":{"$ref":"$[\"extraContent\"][\"parentElementArrayFinder\"][\"locator_\"]"}}},"level":"debug","message":"elementFinder is ","timestamp":"2014-10-08T13:22:39.574Z"}
{"level":"info","message":"Initialising jasmine tests","timestamp":"2014-10-08T13:22:39.575Z"}
{"inline":{},"popover":{},"indiscriminate":{},"progressWrapper":{"parentElementArrayFinder":{"locator_":{"using":"css selector","value":".zoe-progress-wrapper"}},"elementArrayFinder_":{"locator_":{"$ref":"$[\"progressWrapper\"][\"parentElementArrayFinder\"][\"locator_\"]"}}},"widgetOverlay":{"parentElementArrayFinder":{"locator_":{"using":"css selector","value":"#zoe-zbox-overlay"}},"elementArrayFinder_":{"locator_":{"$ref":"$[\"widgetOverlay\"][\"parentElementArrayFinder\"][\"locator_\"]"}}},"widgetTrigger":{"parentElementArrayFinder":{"locator_":{"using":"css selector","value":".zoe-engage-trigger>img"}},"elementArrayFinder_":{"locator_":{"$ref":"$[\"widgetTrigger\"][\"parentElementArrayFinder\"][\"locator_\"]"}}},"widgetColorbox":{"parentElementArrayFinder":{"locator_":{"using":"css selector","value":"#zoe-zbox-content"}},"elementArrayFinder_":{"locator_":{"$ref":"$[\"widgetColorbox\"][\"parentElementArrayFinder\"][\"locator_\"]"}}},"helpButton":{"parentElementArrayFinder":{"locator_":{"using":"css selector","value":".zoe-btn-help"}},"elementArrayFinder_":{"locator_":{"$ref":"$[\"helpButton\"][\"parentElementArrayFinder\"][\"locator_\"]"}}},"helpElement":{"parentElementArrayFinder":{"locator_":{"using":"css selector","value":".zoe-help-overlay"}},"elementArrayFinder_":{"locator_":{"$ref":"$[\"helpElement\"][\"parentElementArrayFinder\"][\"locator_\"]"}}},"zoomButton":{"parentElementArrayFinder":{"locator_":{"using":"css selector","value":".zoe-btn-zoom"}},"elementArrayFinder_":{"locator_":{"$ref":"$[\"zoomButton\"][\"parentElementArrayFinder\"][\"locator_\"]"}}},"zoomElement":{"parentElementArrayFinder":{"locator_":{"using":"css selector","value":".zoe-zoom"}},"elementArrayFinder_":{"locator_":{"$ref":"$[\"zoomElement\"][\"parentElementArrayFinder\"][\"locator_\"]"}}},"zoomImage":{"parentElementArrayFinder":{"locator_":{"using":"css selector","value":".zoe-zoom-frame"}},"elementArrayFinder_":{"locator_":{"$ref":"$[\"zoomImage\"][\"parentElementArrayFinder\"][\"locator_\"]"}}},"closeButton":{"parentElementArrayFinder":{"locator_":{"using":"css selector","value":".zoe-btn-close"}},"elementArrayFinder_":{"locator_":{"$ref":"$[\"closeButton\"][\"parentElementArrayFinder\"][\"locator_\"]"}}},"widgetImageDiv":{"parentElementArrayFinder":{"locator_":{"using":"css selector","value":".zoe-engage-image.reel"}},"elementArrayFinder_":{"locator_":{"$ref":"$[\"widgetImageDiv\"][\"parentElementArrayFinder\"][\"locator_\"]"}}},"inlineDivSelector":{"parentElementArrayFinder":{"locator_":{"using":"css selector","value":".zoe-inline.reel"}},"elementArrayFinder_":{"locator_":{"$ref":"$[\"inlineDivSelector\"][\"parentElementArrayFinder\"][\"locator_\"]"}}},"widgetWrapperSelector":{"parentElementArrayFinder":{"locator_":{"using":"css selector","value":".zoe-engage-wrapper"}},"elementArrayFinder_":{"locator_":{"$ref":"$[\"widgetWrapperSelector\"][\"parentElementArrayFinder\"][\"locator_\"]"}}},"widgetWrapperImage":{"parentElementArrayFinder":{"locator_":{"using":"css selector","value":".zoe-frame"}},"elementArrayFinder_":{"locator_":{"$ref":"$[\"widgetWrapperImage\"][\"parentElementArrayFinder\"][\"locator_\"]"}}},"pageImageSelector":{"parentElementArrayFinder":{"locator_":{"using":"css selector","value":".zoe-engage-wrapper"}},"elementArrayFinder_":{"locator_":{"$ref":"$[\"pageImageSelector\"][\"parentElementArrayFinder\"][\"locator_\"]"}}},"inlineTrigger":{"parentElementArrayFinder":{"locator_":{"using":"css selector","value":"a.zoe-engage-trigger"}},"elementArrayFinder_":{"locator_":{"$ref":"$[\"inlineTrigger\"][\"parentElementArrayFinder\"][\"locator_\"]"}}},"inlineWrapper":{"parentElementArrayFinder":{"locator_":{"using":"css selector","value":".zoe-engage-wrapper.zoe-inline"}},"elementArrayFinder_":{"locator_":{"$ref":"$[\"inlineWrapper\"][\"parentElementArrayFinder\"][\"locator_\"]"}}},"frameSelector":{"parentElementArrayFinder":{"locator_":{"using":"css selector","value":".zoe-frame"}},"elementArrayFinder_":{"locator_":{"$ref":"$[\"frameSelector\"][\"parentElementArrayFinder\"][\"locator_\"]"}}},"interactCTA":{"parentElementArrayFinder":{"locator_":{"using":"css selector","value":".zoe-interact-cta"}},"elementArrayFinder_":{"locator_":{"$ref":"$[\"interactCTA\"][\"parentElementArrayFinder\"][\"locator_\"]"}}},"triggerCTA":{"parentElementArrayFinder":{"locator_":{"using":"css selector","value":".zoe-trigger-cta"}},"elementArrayFinder_":{"locator_":{"$ref":"$[\"triggerCTA\"][\"parentElementArrayFinder\"][\"locator_\"]"}}},"helpRotate":{"parentElementArrayFinder":{"locator_":{"using":"css selector","value":".zoe-help-rotate .zoe-help-text"}},"elementArrayFinder_":{"locator_":{"$ref":"$[\"helpRotate\"][\"parentElementArrayFinder\"][\"locator_\"]"}}},"helpElevate":{"parentElementArrayFinder":{"locator_":{"using":"css selector","value":".zoe-help-elevate .zoe-help-text"}},"elementArrayFinder_":{"locator_":{"$ref":"$[\"helpElevate\"][\"parentElementArrayFinder\"][\"locator_\"]"}}},"helpZoom":{"parentElementArrayFinder":{"locator_":{"using":"css selector","value":".zoe-help-zoom .zoe-help-text"}},"elementArrayFinder_":{"locator_":{"$ref":"$[\"helpZoom\"][\"parentElementArrayFinder\"][\"locator_\"]"}}},"helpBrand":{"parentElementArrayFinder":{"locator_":{"using":"css selector","value":".zoe-help-brand .zoe-help-text"}},"elementArrayFinder_":{"locator_":{"$ref":"$[\"helpBrand\"][\"parentElementArrayFinder\"][\"locator_\"]"}}},"extraContent":{"parentElementArrayFinder":{"locator_":{"using":"css selector","value":".zoe-display-extra-content"}},"elementArrayFinder_":{"locator_":{"$ref":"$[\"extraContent\"][\"parentElementArrayFinder\"][\"locator_\"]"}}},"level":"debug","message":"elementFinder is ","timestamp":"2014-10-08T13:22:39.578Z"}
{"level":"info","message":"Initialising jasmine tests","timestamp":"2014-10-08T13:22:39.580Z"}
{"inline":{},"popover":{},"indiscriminate":{},"progressWrapper":{"parentElementArrayFinder":{"locator_":{"using":"css selector","value":".zoe-progress-wrapper"}},"elementArrayFinder_":{"locator_":{"$ref":"$[\"progressWrapper\"][\"parentElementArrayFinder\"][\"locator_\"]"}}},"widgetOverlay":{"parentElementArrayFinder":{"locator_":{"using":"css selector","value":"#zoe-zbox-overlay"}},"elementArrayFinder_":{"locator_":{"$ref":"$[\"widgetOverlay\"][\"parentElementArrayFinder\"][\"locator_\"]"}}},"widgetTrigger":{"parentElementArrayFinder":{"locator_":{"using":"css selector","value":".zoe-engage-trigger>img"}},"elementArrayFinder_":{"locator_":{"$ref":"$[\"widgetTrigger\"][\"parentElementArrayFinder\"][\"locator_\"]"}}},"widgetColorbox":{"parentElementArrayFinder":{"locator_":{"using":"css selector","value":"#zoe-zbox-content"}},"elementArrayFinder_":{"locator_":{"$ref":"$[\"widgetColorbox\"][\"parentElementArrayFinder\"][\"locator_\"]"}}},"helpButton":{"parentElementArrayFinder":{"locator_":{"using":"css selector","value":".zoe-btn-help"}},"elementArrayFinder_":{"locator_":{"$ref":"$[\"helpButton\"][\"parentElementArrayFinder\"][\"locator_\"]"}}},"helpElement":{"parentElementArrayFinder":{"locator_":{"using":"css selector","value":".zoe-help-overlay"}},"elementArrayFinder_":{"locator_":{"$ref":"$[\"helpElement\"][\"parentElementArrayFinder\"][\"locator_\"]"}}},"zoomButton":{"parentElementArrayFinder":{"locator_":{"using":"css selector","value":".zoe-btn-zoom"}},"elementArrayFinder_":{"locator_":{"$ref":"$[\"zoomButton\"][\"parentElementArrayFinder\"][\"locator_\"]"}}},"zoomElement":{"parentElementArrayFinder":{"locator_":{"using":"css selector","value":".zoe-zoom"}},"elementArrayFinder_":{"locator_":{"$ref":"$[\"zoomElement\"][\"parentElementArrayFinder\"][\"locator_\"]"}}},"zoomImage":{"parentElementArrayFinder":{"locator_":{"using":"css selector","value":".zoe-zoom-frame"}},"elementArrayFinder_":{"locator_":{"$ref":"$[\"zoomImage\"][\"parentElementArrayFinder\"][\"locator_\"]"}}},"closeButton":{"parentElementArrayFinder":{"locator_":{"using":"css selector","value":".zoe-btn-close"}},"elementArrayFinder_":{"locator_":{"$ref":"$[\"closeButton\"][\"parentElementArrayFinder\"][\"locator_\"]"}}},"widgetImageDiv":{"parentElementArrayFinder":{"locator_":{"using":"css selector","value":".zoe-engage-image.reel"}},"elementArrayFinder_":{"locator_":{"$ref":"$[\"widgetImageDiv\"][\"parentElementArrayFinder\"][\"locator_\"]"}}},"inlineDivSelector":{"parentElementArrayFinder":{"locator_":{"using":"css selector","value":".zoe-inline.reel"}},"elementArrayFinder_":{"locator_":{"$ref":"$[\"inlineDivSelector\"][\"parentElementArrayFinder\"][\"locator_\"]"}}},"widgetWrapperSelector":{"parentElementArrayFinder":{"locator_":{"using":"css selector","value":".zoe-engage-wrapper"}},"elementArrayFinder_":{"locator_":{"$ref":"$[\"widgetWrapperSelector\"][\"parentElementArrayFinder\"][\"locator_\"]"}}},"widgetWrapperImage":{"parentElementArrayFinder":{"locator_":{"using":"css selector","value":".zoe-frame"}},"elementArrayFinder_":{"locator_":{"$ref":"$[\"widgetWrapperImage\"][\"parentElementArrayFinder\"][\"locator_\"]"}}},"pageImageSelector":{"parentElementArrayFinder":{"locator_":{"using":"css selector","value":".zoe-engage-wrapper"}},"elementArrayFinder_":{"locator_":{"$ref":"$[\"pageImageSelector\"][\"parentElementArrayFinder\"][\"locator_\"]"}}},"inlineTrigger":{"parentElementArrayFinder":{"locator_":{"using":"css selector","value":"a.zoe-engage-trigger"}},"elementArrayFinder_":{"locator_":{"$ref":"$[\"inlineTrigger\"][\"parentElementArrayFinder\"][\"locator_\"]"}}},"inlineWrapper":{"parentElementArrayFinder":{"locator_":{"using":"css selector","value":".zoe-engage-wrapper.zoe-inline"}},"elementArrayFinder_":{"locator_":{"$ref":"$[\"inlineWrapper\"][\"parentElementArrayFinder\"][\"locator_\"]"}}},"frameSelector":{"parentElementArrayFinder":{"locator_":{"using":"css selector","value":".zoe-frame"}},"elementArrayFinder_":{"locator_":{"$ref":"$[\"frameSelector\"][\"parentElementArrayFinder\"][\"locator_\"]"}}},"interactCTA":{"parentElementArrayFinder":{"locator_":{"using":"css selector","value":".zoe-interact-cta"}},"elementArrayFinder_":{"locator_":{"$ref":"$[\"interactCTA\"][\"parentElementArrayFinder\"][\"locator_\"]"}}},"triggerCTA":{"parentElementArrayFinder":{"locator_":{"using":"css selector","value":".zoe-trigger-cta"}},"elementArrayFinder_":{"locator_":{"$ref":"$[\"triggerCTA\"][\"parentElementArrayFinder\"][\"locator_\"]"}}},"helpRotate":{"parentElementArrayFinder":{"locator_":{"using":"css selector","value":".zoe-help-rotate .zoe-help-text"}},"elementArrayFinder_":{"locator_":{"$ref":"$[\"helpRotate\"][\"parentElementArrayFinder\"][\"locator_\"]"}}},"helpElevate":{"parentElementArrayFinder":{"locator_":{"using":"css selector","value":".zoe-help-elevate .zoe-help-text"}},"elementArrayFinder_":{"locator_":{"$ref":"$[\"helpElevate\"][\"parentElementArrayFinder\"][\"locator_\"]"}}},"helpZoom":{"parentElementArrayFinder":{"locator_":{"using":"css selector","value":".zoe-help-zoom .zoe-help-text"}},"elementArrayFinder_":{"locator_":{"$ref":"$[\"helpZoom\"][\"parentElementArrayFinder\"][\"locator_\"]"}}},"helpBrand":{"parentElementArrayFinder":{"locator_":{"using":"css selector","value":".zoe-help-brand .zoe-help-text"}},"elementArrayFinder_":{"locator_":{"$ref":"$[\"helpBrand\"][\"parentElementArrayFinder\"][\"locator_\"]"}}},"extraContent":{"parentElementArrayFinder":{"locator_":{"using":"css selector","value":".zoe-display-extra-content"}},"elementArrayFinder_":{"locator_":{"$ref":"$[\"extraContent\"][\"parentElementArrayFinder\"][\"locator_\"]"}}},"level":"debug","message":"elementFinder is ","timestamp":"2014-10-08T13:22:39.583Z"}
{"takesScreenshot":true,"webdriver.remote.sessionid":"192be9e43b5b4fffb4f1497f4add4589","unexpectedAlertBehaviour":"dismiss","ie.browserCommandLineSwitches":"","browserAttachTimeout":0,"ie.ensureCleanSession":false,"ignoreProtectedModeSettings":false,"platform":"WINDOWS","version":"11","ignoreZoomSetting":false,"nativeEvents":true,"handlesAlerts":true,"javascriptEnabled":true,"requireWindowFocus":false,"ie.usePerProcessProxy":false,"hasMetadata":true,"initialBrowserUrl":"http://localhost:35052/","enableElementCacheCleanup":true,"cssSelectorsEnabled":true,"browserName":"internet explorer","elementScrollBehavior":0,"enablePersistentHover":true,"ie.forceCreateProcessApi":false,"level":"info","message":"","timestamp":"2014-10-08T13:22:48.407Z"}
{"level":"info","message":"undefined","timestamp":"2014-10-08T13:22:48.408Z"}
{"level":"info","message":"Initialising file paths with browser & version","timestamp":"2014-10-08T13:22:48.408Z"}
{"level":"info","message":"Initialising file paths with browser & version","timestamp":"2014-10-08T13:22:48.408Z"}
{"level":"info","message":"Initialising file paths with browser & version","timestamp":"2014-10-08T13:22:48.408Z"}
{"level":"info","message":"Initialising file paths with browser & version","timestamp":"2014-10-08T13:22:48.408Z"}
{"level":"info","message":"Initialising file paths with browser & version","timestamp":"2014-10-08T13:22:48.408Z"}
{"level":"info","message":"Initialising file paths with browser & version","timestamp":"2014-10-08T13:22:48.408Z"}
{"level":"info","message":"Initialising file paths with browser & version","timestamp":"2014-10-08T13:22:48.408Z"}
{"level":"info","message":"Initialising file paths with browser & version","timestamp":"2014-10-08T13:22:48.409Z"}
{"level":"info","message":"Initialising file paths with browser & version","timestamp":"2014-10-08T13:22:48.409Z"}
{"level":"info","message":"Initialising file paths with browser & version","timestamp":"2014-10-08T13:22:48.409Z"}
{"level":"info","message":"Initialising file paths with browser & version","timestamp":"2014-10-08T13:22:48.409Z"}
{"level":"info","message":"Initialising file paths with browser & version","timestamp":"2014-10-08T13:22:48.409Z"}
{"level":"info","message":"Initialising file paths with browser & version","timestamp":"2014-10-08T13:22:48.409Z"}
{"level":"info","message":"Initialising file paths with browser & version","timestamp":"2014-10-08T13:22:48.409Z"}
{"level":"info","message":"Initialising file paths with browser & version","timestamp":"2014-10-08T13:22:48.409Z"}
{"level":"info","message":"Initialising file paths with browser & version","timestamp":"2014-10-08T13:22:48.409Z"}
{"level":"info","message":"Initialising file paths with browser & version","timestamp":"2014-10-08T13:22:48.409Z"}
{"level":"info","message":"Initialising file paths with browser & version","timestamp":"2014-10-08T13:22:48.409Z"}
{"level":"info","message":"Initialising file paths with browser & version","timestamp":"2014-10-08T13:22:48.409Z"}
{"level":"info","message":"Initialising file paths with browser & version","timestamp":"2014-10-08T13:22:48.409Z"}
{"level":"info","message":"Initialising file paths with browser & version","timestamp":"2014-10-08T13:22:48.409Z"}
{"level":"info","message":"Initialising file paths with browser & version","timestamp":"2014-10-08T13:22:48.409Z"}
{"level":"info","message":"Initialising file paths with browser & version","timestamp":"2014-10-08T13:22:48.409Z"}
{"level":"info","message":"Initialising file paths with browser & version","timestamp":"2014-10-08T13:22:48.410Z"}
{"level":"info","message":"Initialising file paths with browser & version","timestamp":"2014-10-08T13:22:48.410Z"}
{"level":"info","message":"Initialising file paths with browser & version","timestamp":"2014-10-08T13:22:48.410Z"}
{"level":"info","message":"Initialising file paths with browser & version","timestamp":"2014-10-08T13:22:48.410Z"}
{"rotatable":false,"browserConnectionEnabled":true,"acceptSslCerts":true,"cssSelectorsEnabled":true,"javascriptEnabled":true,"nativeEvents":true,"databaseEnabled":true,"locationContextEnabled":true,"takesScreenshot":true,"platform":"XP","browserName":"firefox","webdriver.remote.sessionid":"eb5d7af5bfe94c308bb2debb0622e755","hasMetadata":true,"version":"27.0","applicationCacheEnabled":true,"webStorageEnabled":true,"handlesAlerts":true,"level":"info","message":"","timestamp":"2014-10-08T13:22:48.847Z"}
{"level":"info","message":"undefined","timestamp":"2014-10-08T13:22:48.847Z"}
{"level":"info","message":"Initialising file paths with browser & version","timestamp":"2014-10-08T13:22:48.848Z"}
{"level":"info","message":"Initialising file paths with browser & version","timestamp":"2014-10-08T13:22:48.848Z"}
{"level":"info","message":"Initialising file paths with browser & version","timestamp":"2014-10-08T13:22:48.848Z"}
{"level":"info","message":"Initialising file paths with browser & version","timestamp":"2014-10-08T13:22:48.848Z"}
{"level":"info","message":"Initialising file paths with browser & version","timestamp":"2014-10-08T13:22:48.848Z"}
{"level":"info","message":"Initialising file paths with browser & version","timestamp":"2014-10-08T13:22:48.848Z"}
{"level":"info","message":"Initialising file paths with browser & version","timestamp":"2014-10-08T13:22:48.848Z"}
{"level":"info","message":"Initialising file paths with browser & version","timestamp":"2014-10-08T13:22:48.848Z"}
{"level":"info","message":"Initialising file paths with browser & version","timestamp":"2014-10-08T13:22:48.848Z"}
{"level":"info","message":"Initialising file paths with browser & version","timestamp":"2014-10-08T13:22:48.848Z"}
{"level":"info","message":"Initialising file paths with browser & version","timestamp":"2014-10-08T13:22:48.848Z"}
{"level":"info","message":"Initialising file paths with browser & version","timestamp":"2014-10-08T13:22:48.848Z"}
{"level":"info","message":"Initialising file paths with browser & version","timestamp":"2014-10-08T13:22:48.848Z"}
{"level":"info","message":"Initialising file paths with browser & version","timestamp":"2014-10-08T13:22:48.848Z"}
{"level":"info","message":"Initialising file paths with browser & version","timestamp":"2014-10-08T13:22:48.848Z"}
{"level":"info","message":"Initialising file paths with browser & version","timestamp":"2014-10-08T13:22:48.849Z"}
{"level":"info","message":"Initialising file paths with browser & version","timestamp":"2014-10-08T13:22:48.849Z"}
{"level":"info","message":"Initialising file paths with browser & version","timestamp":"2014-10-08T13:22:48.849Z"}
{"level":"info","message":"Initialising file paths with browser & version","timestamp":"2014-10-08T13:22:48.849Z"}
{"level":"info","message":"Initialising file paths with browser & version","timestamp":"2014-10-08T13:22:48.849Z"}
{"level":"info","message":"Initialising file paths with browser & version","timestamp":"2014-10-08T13:22:48.849Z"}
{"level":"info","message":"Initialising file paths with browser & version","timestamp":"2014-10-08T13:22:48.849Z"}
{"level":"info","message":"Initialising file paths with browser & version","timestamp":"2014-10-08T13:22:48.849Z"}
{"level":"info","message":"Initialising file paths with browser & version","timestamp":"2014-10-08T13:22:48.849Z"}
{"level":"info","message":"Initialising file paths with browser & version","timestamp":"2014-10-08T13:22:48.849Z"}
{"level":"info","message":"Initialising file paths with browser & version","timestamp":"2014-10-08T13:22:48.849Z"}
{"level":"info","message":"Initialising file paths with browser & version","timestamp":"2014-10-08T13:22:48.849Z"}
{"level":"info","message":"Opening URL: http://jenkins.zoetrope.io:8888/v3/testInline.html","timestamp":"2014-10-08T13:22:49.722Z"}
{"level":"info","message":"Opening URL: http://jenkins.zoetrope.io:8888/v3/testInline.html","timestamp":"2014-10-08T13:22:50.183Z"}
{"level":"info","message":"Saving screenshot to images/load.jpgpopoverinternet explorer11.png","timestamp":"2014-10-08T13:23:11.808Z"}
{"level":"info","message":"Saving screenshot to images/load.jpgpopoverfirefox27.0.png","timestamp":"2014-10-08T13:23:13.996Z"}
{"level":"info","message":"Saved screenshot","timestamp":"2014-10-08T13:23:15.206Z"}
{"level":"info","message":"Clicking the help button","timestamp":"2014-10-08T13:23:15.244Z"}
{"parentElementArrayFinder":{"locator_":{"using":"css selector","value":".zoe-btn-help"}},"elementArrayFinder_":{"locator_":{"$ref":"$[\"parentElementArrayFinder\"][\"locator_\"]"}},"level":"info","message":"help button is","timestamp":"2014-10-08T13:23:15.248Z"}
{"level":"info","message":"Saved screenshot","timestamp":"2014-10-08T13:23:16.748Z"}
{"level":"info","message":"Clicking the help button","timestamp":"2014-10-08T13:23:16.786Z"}
{"parentElementArrayFinder":{"locator_":{"using":"css selector","value":".zoe-btn-help"}},"elementArrayFinder_":{"locator_":{"$ref":"$[\"parentElementArrayFinder\"][\"locator_\"]"}},"level":"info","message":"help button is","timestamp":"2014-10-08T13:23:16.788Z"}
{"level":"info","message":"Got help style of ","timestamp":"2014-10-08T13:23:22.590Z"}
{"level":"info","message":"Saving screenshot to images/help.jpgpopoverinternet explorer11.png","timestamp":"2014-10-08T13:23:22.633Z"}
{"level":"info","message":"Got help style of ","timestamp":"2014-10-08T13:23:22.901Z"}
{"level":"info","message":"Saving screenshot to images/help.jpgpopoverfirefox27.0.png","timestamp":"2014-10-08T13:23:22.945Z"}
{"level":"info","message":"Saved screenshot","timestamp":"2014-10-08T13:23:24.815Z"}
{"level":"info","message":"Clicking the help button","timestamp":"2014-10-08T13:23:24.859Z"}
{"parentElementArrayFinder":{"locator_":{"using":"css selector","value":".zoe-btn-help"}},"elementArrayFinder_":{"locator_":{"$ref":"$[\"parentElementArrayFinder\"][\"locator_\"]"}},"level":"info","message":"help button is","timestamp":"2014-10-08T13:23:24.862Z"}
{"level":"info","message":"Saved screenshot","timestamp":"2014-10-08T13:23:25.123Z"}
{"level":"info","message":"Clicking the help button","timestamp":"2014-10-08T13:23:25.174Z"}
{"parentElementArrayFinder":{"locator_":{"using":"css selector","value":".zoe-btn-help"}},"elementArrayFinder_":{"locator_":{"$ref":"$[\"parentElementArrayFinder\"][\"locator_\"]"}},"level":"info","message":"help button is","timestamp":"2014-10-08T13:23:25.178Z"}
{"level":"info","message":"Got help style of display: none;","timestamp":"2014-10-08T13:23:30.521Z"}
{"level":"info","message":"Saving screenshot to images/helpClose.jpgpopoverfirefox27.0.png","timestamp":"2014-10-08T13:23:30.563Z"}
{"level":"info","message":"Got help style of display: none;","timestamp":"2014-10-08T13:23:30.779Z"}
{"level":"info","message":"Saving screenshot to images/helpClose.jpgpopoverinternet explorer11.png","timestamp":"2014-10-08T13:23:30.823Z"}
{"level":"info","message":"Saved screenshot","timestamp":"2014-10-08T13:23:33.016Z"}
{"level":"info","message":"Clicking the zoom button","timestamp":"2014-10-08T13:23:33.075Z"}
{"level":"info","message":"Saving screenshot to images/zoom.jpgpopoverfirefox27.0.png","timestamp":"2014-10-08T13:23:33.079Z"}
{"level":"info","message":"Saved screenshot","timestamp":"2014-10-08T13:23:38.104Z"}
{"level":"info","message":"Clicking the zoom button","timestamp":"2014-10-08T13:23:38.153Z"}
{"level":"info","message":"Saving screenshot to images/zoom.jpgpopoverinternet explorer11.png","timestamp":"2014-10-08T13:23:38.156Z"}
{"level":"info","message":"Saved screenshot","timestamp":"2014-10-08T13:23:41.671Z"}
{"level":"info","message":"Clicking the zoom button","timestamp":"2014-10-08T13:23:41.689Z"}
{"level":"info","message":"Saving screenshot to images/zoomClose.jpgpopoverfirefox27.0.png","timestamp":"2014-10-08T13:23:41.693Z"}
{"level":"info","message":"Saved screenshot","timestamp":"2014-10-08T13:23:47.765Z"}
{"level":"info","message":"Opening URL: http://jenkins.zoetrope.io:8888/v3/testPopover.html","timestamp":"2014-10-08T13:23:47.795Z"}
{"level":"info","message":"Saving screenshot to images/load.jpgpopoverfirefox27.0.png","timestamp":"2014-10-08T13:23:49.810Z"}
{"level":"info","message":"Saved screenshot","timestamp":"2014-10-08T13:23:53.029Z"}
{"level":"info","message":"Clicking the zoom button","timestamp":"2014-10-08T13:23:53.040Z"}
{"level":"info","message":"Saving screenshot to images/zoomClose.jpgpopoverinternet explorer11.png","timestamp":"2014-10-08T13:23:53.044Z"}
{"level":"info","message":"Saved screenshot","timestamp":"2014-10-08T13:23:55.399Z"}
{"level":"info","message":"Clicking on widget trigger","timestamp":"2014-10-08T13:23:55.432Z"}
{"level":"info","message":"Saving screenshot to images/openWidget.jpgpopoverfirefox27.0.png","timestamp":"2014-10-08T13:23:58.311Z"}
{"level":"info","message":"Saved screenshot","timestamp":"2014-10-08T13:24:06.167Z"}
{"level":"info","message":"Opening URL: http://jenkins.zoetrope.io:8888/v3/testPopover.html","timestamp":"2014-10-08T13:24:06.178Z"}
{"level":"info","message":"Saved screenshot","timestamp":"2014-10-08T13:24:07.406Z"}
{"level":"info","message":"Clicking the help button","timestamp":"2014-10-08T13:24:07.452Z"}
{"parentElementArrayFinder":{"locator_":{"using":"css selector","value":".zoe-btn-help"}},"elementArrayFinder_":{"locator_":{"$ref":"$[\"parentElementArrayFinder\"][\"locator_\"]"}},"level":"info","message":"help button is","timestamp":"2014-10-08T13:24:07.456Z"}
{"level":"info","message":"Saving screenshot to images/load.jpgpopoverinternet explorer11.png","timestamp":"2014-10-08T13:24:10.411Z"}
{"level":"info","message":"Got help style of ","timestamp":"2014-10-08T13:24:14.360Z"}
{"level":"info","message":"Saving screenshot to images/help.jpgpopoverfirefox27.0.png","timestamp":"2014-10-08T13:24:14.403Z"}
{"level":"info","message":"Saved screenshot","timestamp":"2014-10-08T13:24:20.434Z"}
{"level":"info","message":"Clicking the help button","timestamp":"2014-10-08T13:24:20.478Z"}
{"parentElementArrayFinder":{"locator_":{"using":"css selector","value":".zoe-btn-help"}},"elementArrayFinder_":{"locator_":{"$ref":"$[\"parentElementArrayFinder\"][\"locator_\"]"}},"level":"info","message":"help button is","timestamp":"2014-10-08T13:24:20.481Z"}
{"level":"info","message":"Saved screenshot","timestamp":"2014-10-08T13:24:21.404Z"}
{"level":"info","message":"Clicking on widget trigger","timestamp":"2014-10-08T13:24:21.438Z"}
{"level":"info","message":"Saving screenshot to images/openWidget.jpgpopoverinternet explorer11.png","timestamp":"2014-10-08T13:24:25.140Z"}
{"level":"info","message":"Got help style of display: none;","timestamp":"2014-10-08T13:24:26.088Z"}
{"level":"info","message":"Saving screenshot to images/helpClose.jpgpopoverfirefox27.0.png","timestamp":"2014-10-08T13:24:26.131Z"}
{"level":"info","message":"Saved screenshot","timestamp":"2014-10-08T13:24:30.451Z"}
{"level":"info","message":"Clicking the zoom button","timestamp":"2014-10-08T13:24:30.494Z"}
{"level":"info","message":"Saving screenshot to images/zoom.jpgpopoverfirefox27.0.png","timestamp":"2014-10-08T13:24:30.498Z"}
{"level":"info","message":"Saved screenshot","timestamp":"2014-10-08T13:24:30.770Z"}
{"level":"info","message":"Clicking the help button","timestamp":"2014-10-08T13:24:30.801Z"}
{"parentElementArrayFinder":{"locator_":{"using":"css selector","value":".zoe-btn-help"}},"elementArrayFinder_":{"locator_":{"$ref":"$[\"parentElementArrayFinder\"][\"locator_\"]"}},"level":"info","message":"help button is","timestamp":"2014-10-08T13:24:30.803Z"}
{"level":"info","message":"Got help style of ","timestamp":"2014-10-08T13:24:37.069Z"}
{"level":"info","message":"Saving screenshot to images/help.jpgpopoverinternet explorer11.png","timestamp":"2014-10-08T13:24:37.113Z"}
{"level":"info","message":"Saved screenshot","timestamp":"2014-10-08T13:24:43.698Z"}
{"level":"info","message":"Clicking the zoom button","timestamp":"2014-10-08T13:24:43.721Z"}
{"level":"info","message":"Saving screenshot to images/zoomClose.jpgpopoverfirefox27.0.png","timestamp":"2014-10-08T13:24:43.726Z"}
{"level":"info","message":"Saved screenshot","timestamp":"2014-10-08T13:24:45.944Z"}
{"level":"info","message":"Clicking the help button","timestamp":"2014-10-08T13:24:45.989Z"}
{"parentElementArrayFinder":{"locator_":{"using":"css selector","value":".zoe-btn-help"}},"elementArrayFinder_":{"locator_":{"$ref":"$[\"parentElementArrayFinder\"][\"locator_\"]"}},"level":"info","message":"help button is","timestamp":"2014-10-08T13:24:45.992Z"}
{"level":"info","message":"Got help style of display: none;","timestamp":"2014-10-08T13:24:52.490Z"}
{"level":"info","message":"Saving screenshot to images/helpClose.jpgpopoverinternet explorer11.png","timestamp":"2014-10-08T13:24:52.532Z"}
{"level":"info","message":"Saved screenshot","timestamp":"2014-10-08T13:24:56.327Z"}
{"level":"info","message":"Saved screenshot","timestamp":"2014-10-08T13:25:00.531Z"}
{"level":"info","message":"Clicking the zoom button","timestamp":"2014-10-08T13:25:00.575Z"}
{"level":"info","message":"Saving screenshot to images/zoom.jpgpopoverinternet explorer11.png","timestamp":"2014-10-08T13:25:00.579Z"}
{"level":"info","message":"Saved screenshot","timestamp":"2014-10-08T13:25:14.591Z"}
{"level":"info","message":"Clicking the zoom button","timestamp":"2014-10-08T13:25:14.602Z"}
{"level":"info","message":"Saving screenshot to images/zoomClose.jpgpopoverinternet explorer11.png","timestamp":"2014-10-08T13:25:14.608Z"}
{"takesScreenshot":true,"version":"6.0.5","cssSelectorsEnabled":true,"javascriptEnabled":true,"browserName":"safari","platform":"MAC","secureSsl":true,"webdriver.remote.sessionid":"d41b4962a0fc4e35aa2b82e53d80c2ad","hasMetadata":true,"level":"info","message":"","timestamp":"2014-10-08T13:25:17.361Z"}
{"level":"info","message":"undefined","timestamp":"2014-10-08T13:25:17.362Z"}
{"level":"info","message":"Initialising file paths with browser & version","timestamp":"2014-10-08T13:25:17.362Z"}
{"level":"info","message":"Initialising file paths with browser & version","timestamp":"2014-10-08T13:25:17.362Z"}
{"level":"info","message":"Initialising file paths with browser & version","timestamp":"2014-10-08T13:25:17.362Z"}
{"level":"info","message":"Initialising file paths with browser & version","timestamp":"2014-10-08T13:25:17.362Z"}
{"level":"info","message":"Initialising file paths with browser & version","timestamp":"2014-10-08T13:25:17.362Z"}
{"level":"info","message":"Initialising file paths with browser & version","timestamp":"2014-10-08T13:25:17.362Z"}
{"level":"info","message":"Initialising file paths with browser & version","timestamp":"2014-10-08T13:25:17.362Z"}
{"level":"info","message":"Initialising file paths with browser & version","timestamp":"2014-10-08T13:25:17.362Z"}
{"level":"info","message":"Initialising file paths with browser & version","timestamp":"2014-10-08T13:25:17.363Z"}
{"level":"info","message":"Initialising file paths with browser & version","timestamp":"2014-10-08T13:25:17.363Z"}
{"level":"info","message":"Initialising file paths with browser & version","timestamp":"2014-10-08T13:25:17.363Z"}
{"level":"info","message":"Initialising file paths with browser & version","timestamp":"2014-10-08T13:25:17.363Z"}
{"level":"info","message":"Initialising file paths with browser & version","timestamp":"2014-10-08T13:25:17.363Z"}
{"level":"info","message":"Initialising file paths with browser & version","timestamp":"2014-10-08T13:25:17.363Z"}
{"level":"info","message":"Initialising file paths with browser & version","timestamp":"2014-10-08T13:25:17.363Z"}
{"level":"info","message":"Initialising file paths with browser & version","timestamp":"2014-10-08T13:25:17.363Z"}
{"level":"info","message":"Initialising file paths with browser & version","timestamp":"2014-10-08T13:25:17.363Z"}
{"level":"info","message":"Initialising file paths with browser & version","timestamp":"2014-10-08T13:25:17.363Z"}
{"level":"info","message":"Initialising file paths with browser & version","timestamp":"2014-10-08T13:25:17.363Z"}
{"level":"info","message":"Initialising file paths with browser & version","timestamp":"2014-10-08T13:25:17.363Z"}
{"level":"info","message":"Initialising file paths with browser & version","timestamp":"2014-10-08T13:25:17.363Z"}
{"level":"info","message":"Initialising file paths with browser & version","timestamp":"2014-10-08T13:25:17.363Z"}
{"level":"info","message":"Initialising file paths with browser & version","timestamp":"2014-10-08T13:25:17.363Z"}
{"level":"info","message":"Initialising file paths with browser & version","timestamp":"2014-10-08T13:25:17.363Z"}
{"level":"info","message":"Initialising file paths with browser & version","timestamp":"2014-10-08T13:25:17.364Z"}
{"level":"info","message":"Initialising file paths with browser & version","timestamp":"2014-10-08T13:25:17.364Z"}
{"level":"info","message":"Initialising file paths with browser & version","timestamp":"2014-10-08T13:25:17.364Z"}
{"level":"info","message":"Opening URL: http://jenkins.zoetrope.io:8888/v3/testInline.html","timestamp":"2014-10-08T13:25:18.444Z"}
{"level":"info","message":"Saved screenshot","timestamp":"2014-10-08T13:25:28.000Z"}
{"rotatable":false,"browserConnectionEnabled":false,"acceptSslCerts":true,"cssSelectorsEnabled":true,"chrome":{"chromedriverVersion":"2.4.226107"},"javascriptEnabled":true,"version":"30.0.1599.65","webdriver.remote.sessionid":"4ac5023aab12424cbc83b075cec38870","databaseEnabled":true,"locationContextEnabled":true,"platform":"Windows NT","browserName":"chrome","takesScreenshot":true,"hasMetadata":true,"nativeEvents":true,"applicationCacheEnabled":false,"webStorageEnabled":true,"handlesAlerts":true,"level":"info","message":"","timestamp":"2014-10-08T13:25:42.014Z"}
{"level":"info","message":"undefined","timestamp":"2014-10-08T13:25:42.015Z"}
{"level":"info","message":"Initialising file paths with browser & version","timestamp":"2014-10-08T13:25:42.015Z"}
{"level":"info","message":"Initialising file paths with browser & version","timestamp":"2014-10-08T13:25:42.015Z"}
{"level":"info","message":"Initialising file paths with browser & version","timestamp":"2014-10-08T13:25:42.015Z"}
{"level":"info","message":"Initialising file paths with browser & version","timestamp":"2014-10-08T13:25:42.015Z"}
{"level":"info","message":"Initialising file paths with browser & version","timestamp":"2014-10-08T13:25:42.015Z"}
{"level":"info","message":"Initialising file paths with browser & version","timestamp":"2014-10-08T13:25:42.015Z"}
{"level":"info","message":"Initialising file paths with browser & version","timestamp":"2014-10-08T13:25:42.015Z"}
{"level":"info","message":"Initialising file paths with browser & version","timestamp":"2014-10-08T13:25:42.015Z"}
{"level":"info","message":"Initialising file paths with browser & version","timestamp":"2014-10-08T13:25:42.015Z"}
{"level":"info","message":"Initialising file paths with browser & version","timestamp":"2014-10-08T13:25:42.015Z"}
{"level":"info","message":"Initialising file paths with browser & version","timestamp":"2014-10-08T13:25:42.016Z"}
{"level":"info","message":"Initialising file paths with browser & version","timestamp":"2014-10-08T13:25:42.016Z"}
{"level":"info","message":"Initialising file paths with browser & version","timestamp":"2014-10-08T13:25:42.016Z"}
{"level":"info","message":"Initialising file paths with browser & version","timestamp":"2014-10-08T13:25:42.016Z"}
{"level":"info","message":"Initialising file paths with browser & version","timestamp":"2014-10-08T13:25:42.016Z"}
{"level":"info","message":"Initialising file paths with browser & version","timestamp":"2014-10-08T13:25:42.016Z"}
{"level":"info","message":"Initialising file paths with browser & version","timestamp":"2014-10-08T13:25:42.016Z"}
{"level":"info","message":"Initialising file paths with browser & version","timestamp":"2014-10-08T13:25:42.016Z"}
{"level":"info","message":"Initialising file paths with browser & version","timestamp":"2014-10-08T13:25:42.016Z"}
{"level":"info","message":"Initialising file paths with browser & version","timestamp":"2014-10-08T13:25:42.016Z"}
{"level":"info","message":"Initialising file paths with browser & version","timestamp":"2014-10-08T13:25:42.016Z"}
{"level":"info","message":"Initialising file paths with browser & version","timestamp":"2014-10-08T13:25:42.016Z"}
{"level":"info","message":"Initialising file paths with browser & version","timestamp":"2014-10-08T13:25:42.016Z"}
{"level":"info","message":"Initialising file paths with browser & version","timestamp":"2014-10-08T13:25:42.016Z"}
{"level":"info","message":"Initialising file paths with browser & version","timestamp":"2014-10-08T13:25:42.017Z"}
{"level":"info","message":"Initialising file paths with browser & version","timestamp":"2014-10-08T13:25:42.017Z"}
{"level":"info","message":"Initialising file paths with browser & version","timestamp":"2014-10-08T13:25:42.017Z"}
{"level":"info","message":"Opening URL: http://jenkins.zoetrope.io:8888/v3/testInline.html","timestamp":"2014-10-08T13:25:42.679Z"}
{"level":"info","message":"Saving screenshot to images/load.jpgpopoverchrome30.0.1599.65.png","timestamp":"2014-10-08T13:25:49.492Z"}
{"level":"info","message":"Saved screenshot","timestamp":"2014-10-08T13:25:51.734Z"}
{"level":"info","message":"Clicking the help button","timestamp":"2014-10-08T13:25:51.773Z"}
{"parentElementArrayFinder":{"locator_":{"using":"css selector","value":".zoe-btn-help"}},"elementArrayFinder_":{"locator_":{"$ref":"$[\"parentElementArrayFinder\"][\"locator_\"]"}},"level":"info","message":"help button is","timestamp":"2014-10-08T13:25:51.777Z"}
{"level":"info","message":"Got help style of ","timestamp":"2014-10-08T13:25:54.316Z"}
{"level":"info","message":"Saving screenshot to images/help.jpgpopoverchrome30.0.1599.65.png","timestamp":"2014-10-08T13:25:54.358Z"}
{"level":"info","message":"Saved screenshot","timestamp":"2014-10-08T13:25:56.094Z"}
{"level":"info","message":"Saving screenshot to images/load.jpgpopoversafari6.0.5.png","timestamp":"2014-10-08T13:25:56.100Z"}
{"level":"info","message":"Clicking the help button","timestamp":"2014-10-08T13:25:56.152Z"}
{"parentElementArrayFinder":{"locator_":{"using":"css selector","value":".zoe-btn-help"}},"elementArrayFinder_":{"locator_":{"$ref":"$[\"parentElementArrayFinder\"][\"locator_\"]"}},"level":"info","message":"help button is","timestamp":"2014-10-08T13:25:56.155Z"}
{"level":"info","message":"Saved screenshot","timestamp":"2014-10-08T13:25:59.025Z"}
{"level":"info","message":"Clicking the help button","timestamp":"2014-10-08T13:25:59.062Z"}
{"parentElementArrayFinder":{"locator_":{"using":"css selector","value":".zoe-btn-help"}},"elementArrayFinder_":{"locator_":{"$ref":"$[\"parentElementArrayFinder\"][\"locator_\"]"}},"level":"info","message":"help button is","timestamp":"2014-10-08T13:25:59.066Z"}
{"level":"info","message":"Got help style of display: none;","timestamp":"2014-10-08T13:25:59.649Z"}
{"level":"info","message":"Saving screenshot to images/helpClose.jpgpopoverchrome30.0.1599.65.png","timestamp":"2014-10-08T13:25:59.694Z"}
{"level":"info","message":"Saved screenshot","timestamp":"2014-10-08T13:26:01.438Z"}
{"level":"info","message":"Clicking the zoom button","timestamp":"2014-10-08T13:26:01.481Z"}
{"level":"info","message":"Saving screenshot to images/zoom.jpgpopoverchrome30.0.1599.65.png","timestamp":"2014-10-08T13:26:01.486Z"}
{"level":"info","message":"Got help style of ","timestamp":"2014-10-08T13:26:01.796Z"}
{"level":"info","message":"Saving screenshot to images/help.jpgpopoversafari6.0.5.png","timestamp":"2014-10-08T13:26:01.838Z"}
{"level":"info","message":"Saved screenshot","timestamp":"2014-10-08T13:26:06.184Z"}
{"level":"info","message":"Clicking the zoom button","timestamp":"2014-10-08T13:26:06.197Z"}
{"level":"info","message":"Saving screenshot to images/zoomClose.jpgpopoverchrome30.0.1599.65.png","timestamp":"2014-10-08T13:26:06.201Z"}
{"level":"info","message":"Saved screenshot","timestamp":"2014-10-08T13:26:06.916Z"}
{"level":"info","message":"Clicking the help button","timestamp":"2014-10-08T13:26:06.961Z"}
{"parentElementArrayFinder":{"locator_":{"using":"css selector","value":".zoe-btn-help"}},"elementArrayFinder_":{"locator_":{"$ref":"$[\"parentElementArrayFinder\"][\"locator_\"]"}},"level":"info","message":"help button is","timestamp":"2014-10-08T13:26:06.965Z"}
{"level":"info","message":"Got help style of display: none; ","timestamp":"2014-10-08T13:26:09.546Z"}
{"level":"info","message":"Saving screenshot to images/helpClose.jpgpopoversafari6.0.5.png","timestamp":"2014-10-08T13:26:09.587Z"}
{"level":"info","message":"Saved screenshot","timestamp":"2014-10-08T13:26:10.909Z"}
{"level":"info","message":"Opening URL: http://jenkins.zoetrope.io:8888/v3/testPopover.html","timestamp":"2014-10-08T13:26:10.926Z"}
{"level":"info","message":"Saving screenshot to images/load.jpgpopoverchrome30.0.1599.65.png","timestamp":"2014-10-08T13:26:12.310Z"}
{"level":"info","message":"Saved screenshot","timestamp":"2014-10-08T13:26:13.246Z"}
{"level":"info","message":"Clicking the zoom button","timestamp":"2014-10-08T13:26:13.302Z"}
{"level":"info","message":"Saving screenshot to images/zoom.jpgpopoversafari6.0.5.png","timestamp":"2014-10-08T13:26:13.306Z"}
{"level":"info","message":"Saved screenshot","timestamp":"2014-10-08T13:26:15.370Z"}
{"level":"info","message":"Clicking on widget trigger","timestamp":"2014-10-08T13:26:15.422Z"}
{"level":"info","message":"Saving screenshot to images/openWidget.jpgpopoverchrome30.0.1599.65.png","timestamp":"2014-10-08T13:26:17.417Z"}
{"level":"info","message":"Saved screenshot","timestamp":"2014-10-08T13:26:20.486Z"}
{"level":"info","message":"Clicking the help button","timestamp":"2014-10-08T13:26:20.524Z"}
{"parentElementArrayFinder":{"locator_":{"using":"css selector","value":".zoe-btn-help"}},"elementArrayFinder_":{"locator_":{"$ref":"$[\"parentElementArrayFinder\"][\"locator_\"]"}},"level":"info","message":"help button is","timestamp":"2014-10-08T13:26:20.527Z"}
{"level":"info","message":"Saved screenshot","timestamp":"2014-10-08T13:26:23.117Z"}
{"level":"info","message":"Clicking the zoom button","timestamp":"2014-10-08T13:26:23.128Z"}
{"level":"info","message":"Saving screenshot to images/zoomClose.jpgpopoversafari6.0.5.png","timestamp":"2014-10-08T13:26:23.133Z"}
{"level":"info","message":"Got help style of ","timestamp":"2014-10-08T13:26:24.448Z"}
{"level":"info","message":"Saving screenshot to images/help.jpgpopoverchrome30.0.1599.65.png","timestamp":"2014-10-08T13:26:24.490Z"}
{"level":"info","message":"Saved screenshot","timestamp":"2014-10-08T13:26:27.105Z"}
{"level":"info","message":"Clicking the help button","timestamp":"2014-10-08T13:26:27.153Z"}
{"parentElementArrayFinder":{"locator_":{"using":"css selector","value":".zoe-btn-help"}},"elementArrayFinder_":{"locator_":{"$ref":"$[\"parentElementArrayFinder\"][\"locator_\"]"}},"level":"info","message":"help button is","timestamp":"2014-10-08T13:26:27.156Z"}
{"level":"info","message":"Got help style of display: none;","timestamp":"2014-10-08T13:26:30.522Z"}
{"level":"info","message":"Saving screenshot to images/helpClose.jpgpopoverchrome30.0.1599.65.png","timestamp":"2014-10-08T13:26:30.564Z"}
{"level":"info","message":"Saved screenshot","timestamp":"2014-10-08T13:26:31.568Z"}
{"level":"info","message":"Opening URL: http://jenkins.zoetrope.io:8888/v3/testPopover.html","timestamp":"2014-10-08T13:26:31.580Z"}
{"level":"info","message":"Saving screenshot to images/load.jpgpopoversafari6.0.5.png","timestamp":"2014-10-08T13:26:32.817Z"}
{"level":"info","message":"Saved screenshot","timestamp":"2014-10-08T13:26:33.280Z"}
{"level":"info","message":"Clicking the zoom button","timestamp":"2014-10-08T13:26:33.334Z"}
{"level":"info","message":"Saving screenshot to images/zoom.jpgpopoverchrome30.0.1599.65.png","timestamp":"2014-10-08T13:26:33.341Z"}
{"level":"info","message":"Saved screenshot","timestamp":"2014-10-08T13:26:37.345Z"}
{"level":"info","message":"Clicking on widget trigger","timestamp":"2014-10-08T13:26:37.377Z"}
{"level":"info","message":"Saving screenshot to images/openWidget.jpgpopoversafari6.0.5.png","timestamp":"2014-10-08T13:26:39.140Z"}
{"level":"info","message":"Saved screenshot","timestamp":"2014-10-08T13:26:39.873Z"}
{"level":"info","message":"Clicking the zoom button","timestamp":"2014-10-08T13:26:39.886Z"}
{"level":"info","message":"Saving screenshot to images/zoomClose.jpgpopoverchrome30.0.1599.65.png","timestamp":"2014-10-08T13:26:39.890Z"}
{"level":"info","message":"Saved screenshot","timestamp":"2014-10-08T13:26:42.735Z"}
{"level":"info","message":"Clicking the help button","timestamp":"2014-10-08T13:26:42.768Z"}
{"parentElementArrayFinder":{"locator_":{"using":"css selector","value":".zoe-btn-help"}},"elementArrayFinder_":{"locator_":{"$ref":"$[\"parentElementArrayFinder\"][\"locator_\"]"}},"level":"info","message":"help button is","timestamp":"2014-10-08T13:26:42.770Z"}
{"level":"info","message":"Saved screenshot","timestamp":"2014-10-08T13:26:44.937Z"}
{"level":"info","message":"Got help style of ","timestamp":"2014-10-08T13:26:45.171Z"}
{"level":"info","message":"Saving screenshot to images/help.jpgpopoversafari6.0.5.png","timestamp":"2014-10-08T13:26:45.213Z"}
{"level":"info","message":"Saved screenshot","timestamp":"2014-10-08T13:26:47.867Z"}
{"level":"info","message":"Clicking the help button","timestamp":"2014-10-08T13:26:47.923Z"}
{"parentElementArrayFinder":{"locator_":{"using":"css selector","value":".zoe-btn-help"}},"elementArrayFinder_":{"locator_":{"$ref":"$[\"parentElementArrayFinder\"][\"locator_\"]"}},"level":"info","message":"help button is","timestamp":"2014-10-08T13:26:47.926Z"}
{"level":"info","message":"Got help style of display: none; ","timestamp":"2014-10-08T13:26:50.164Z"}
{"level":"info","message":"Saving screenshot to images/helpClose.jpgpopoversafari6.0.5.png","timestamp":"2014-10-08T13:26:50.207Z"}
{"level":"info","message":"Saved screenshot","timestamp":"2014-10-08T13:26:53.041Z"}
{"level":"info","message":"Clicking the zoom button","timestamp":"2014-10-08T13:26:53.083Z"}
{"level":"info","message":"Saving screenshot to images/zoom.jpgpopoversafari6.0.5.png","timestamp":"2014-10-08T13:26:53.087Z"}
{"level":"info","message":"Saved screenshot","timestamp":"2014-10-08T13:27:01.345Z"}
{"level":"info","message":"Clicking the zoom button","timestamp":"2014-10-08T13:27:01.355Z"}
{"level":"info","message":"Saving screenshot to images/zoomClose.jpgpopoversafari6.0.5.png","timestamp":"2014-10-08T13:27:01.360Z"}
{"level":"info","message":"Initialising jasmine tests","timestamp":"2014-10-08T13:27:34.003Z"}
{"inline":{},"popover":{},"indiscriminate":{},"progressWrapper":{"parentElementArrayFinder":{"locator_":{"using":"css selector","value":".zoe-progress-wrapper"}},"elementArrayFinder_":{"locator_":{"$ref":"$[\"progressWrapper\"][\"parentElementArrayFinder\"][\"locator_\"]"}}},"widgetOverlay":{"parentElementArrayFinder":{"locator_":{"using":"css selector","value":"#zoe-zbox-overlay"}},"elementArrayFinder_":{"locator_":{"$ref":"$[\"widgetOverlay\"][\"parentElementArrayFinder\"][\"locator_\"]"}}},"widgetTrigger":{"parentElementArrayFinder":{"locator_":{"using":"css selector","value":".zoe-engage-trigger>img"}},"elementArrayFinder_":{"locator_":{"$ref":"$[\"widgetTrigger\"][\"parentElementArrayFinder\"][\"locator_\"]"}}},"widgetColorbox":{"parentElementArrayFinder":{"locator_":{"using":"css selector","value":"#zoe-zbox-content"}},"elementArrayFinder_":{"locator_":{"$ref":"$[\"widgetColorbox\"][\"parentElementArrayFinder\"][\"locator_\"]"}}},"helpButton":{"parentElementArrayFinder":{"locator_":{"using":"css selector","value":".zoe-btn-help"}},"elementArrayFinder_":{"locator_":{"$ref":"$[\"helpButton\"][\"parentElementArrayFinder\"][\"locator_\"]"}}},"helpElement":{"parentElementArrayFinder":{"locator_":{"using":"css selector","value":".zoe-help-overlay"}},"elementArrayFinder_":{"locator_":{"$ref":"$[\"helpElement\"][\"parentElementArrayFinder\"][\"locator_\"]"}}},"zoomButton":{"parentElementArrayFinder":{"locator_":{"using":"css selector","value":".zoe-btn-zoom"}},"elementArrayFinder_":{"locator_":{"$ref":"$[\"zoomButton\"][\"parentElementArrayFinder\"][\"locator_\"]"}}},"zoomElement":{"parentElementArrayFinder":{"locator_":{"using":"css selector","value":".zoe-zoom"}},"elementArrayFinder_":{"locator_":{"$ref":"$[\"zoomElement\"][\"parentElementArrayFinder\"][\"locator_\"]"}}},"zoomImage":{"parentElementArrayFinder":{"locator_":{"using":"css selector","value":".zoe-zoom-frame"}},"elementArrayFinder_":{"locator_":{"$ref":"$[\"zoomImage\"][\"parentElementArrayFinder\"][\"locator_\"]"}}},"closeButton":{"parentElementArrayFinder":{"locator_":{"using":"css selector","value":".zoe-btn-close"}},"elementArrayFinder_":{"locator_":{"$ref":"$[\"closeButton\"][\"parentElementArrayFinder\"][\"locator_\"]"}}},"widgetImageDiv":{"parentElementArrayFinder":{"locator_":{"using":"css selector","value":".zoe-engage-image.reel"}},"elementArrayFinder_":{"locator_":{"$ref":"$[\"widgetImageDiv\"][\"parentElementArrayFinder\"][\"locator_\"]"}}},"inlineDivSelector":{"parentElementArrayFinder":{"locator_":{"using":"css selector","value":".zoe-inline.reel"}},"elementArrayFinder_":{"locator_":{"$ref":"$[\"inlineDivSelector\"][\"parentElementArrayFinder\"][\"locator_\"]"}}},"widgetWrapperSelector":{"parentElementArrayFinder":{"locator_":{"using":"css selector","value":".zoe-engage-wrapper"}},"elementArrayFinder_":{"locator_":{"$ref":"$[\"widgetWrapperSelector\"][\"parentElementArrayFinder\"][\"locator_\"]"}}},"widgetWrapperImage":{"parentElementArrayFinder":{"locator_":{"using":"css selector","value":".zoe-frame"}},"elementArrayFinder_":{"locator_":{"$ref":"$[\"widgetWrapperImage\"][\"parentElementArrayFinder\"][\"locator_\"]"}}},"pageImageSelector":{"parentElementArrayFinder":{"locator_":{"using":"css selector","value":".zoe-engage-wrapper"}},"elementArrayFinder_":{"locator_":{"$ref":"$[\"pageImageSelector\"][\"parentElementArrayFinder\"][\"locator_\"]"}}},"inlineTrigger":{"parentElementArrayFinder":{"locator_":{"using":"css selector","value":"a.zoe-engage-trigger"}},"elementArrayFinder_":{"locator_":{"$ref":"$[\"inlineTrigger\"][\"parentElementArrayFinder\"][\"locator_\"]"}}},"inlineWrapper":{"parentElementArrayFinder":{"locator_":{"using":"css selector","value":".zoe-engage-wrapper.zoe-inline"}},"elementArrayFinder_":{"locator_":{"$ref":"$[\"inlineWrapper\"][\"parentElementArrayFinder\"][\"locator_\"]"}}},"frameSelector":{"parentElementArrayFinder":{"locator_":{"using":"css selector","value":".zoe-frame"}},"elementArrayFinder_":{"locator_":{"$ref":"$[\"frameSelector\"][\"parentElementArrayFinder\"][\"locator_\"]"}}},"interactCTA":{"parentElementArrayFinder":{"locator_":{"using":"css selector","value":".zoe-interact-cta"}},"elementArrayFinder_":{"locator_":{"$ref":"$[\"interactCTA\"][\"parentElementArrayFinder\"][\"locator_\"]"}}},"triggerCTA":{"parentElementArrayFinder":{"locator_":{"using":"css selector","value":".zoe-trigger-cta"}},"elementArrayFinder_":{"locator_":{"$ref":"$[\"triggerCTA\"][\"parentElementArrayFinder\"][\"locator_\"]"}}},"helpRotate":{"parentElementArrayFinder":{"locator_":{"using":"css selector","value":".zoe-help-rotate .zoe-help-text"}},"elementArrayFinder_":{"locator_":{"$ref":"$[\"helpRotate\"][\"parentElementArrayFinder\"][\"locator_\"]"}}},"helpElevate":{"parentElementArrayFinder":{"locator_":{"using":"css selector","value":".zoe-help-elevate .zoe-help-text"}},"elementArrayFinder_":{"locator_":{"$ref":"$[\"helpElevate\"][\"parentElementArrayFinder\"][\"locator_\"]"}}},"helpZoom":{"parentElementArrayFinder":{"locator_":{"using":"css selector","value":".zoe-help-zoom .zoe-help-text"}},"elementArrayFinder_":{"locator_":{"$ref":"$[\"helpZoom\"][\"parentElementArrayFinder\"][\"locator_\"]"}}},"helpBrand":{"parentElementArrayFinder":{"locator_":{"using":"css selector","value":".zoe-help-brand .zoe-help-text"}},"elementArrayFinder_":{"locator_":{"$ref":"$[\"helpBrand\"][\"parentElementArrayFinder\"][\"locator_\"]"}}},"extraContent":{"parentElementArrayFinder":{"locator_":{"using":"css selector","value":".zoe-display-extra-content"}},"elementArrayFinder_":{"locator_":{"$ref":"$[\"extraContent\"][\"parentElementArrayFinder\"][\"locator_\"]"}}},"level":"debug","message":"elementFinder is ","timestamp":"2014-10-08T13:27:34.006Z"}
{"level":"info","message":"Initialising jasmine tests","timestamp":"2014-10-08T13:27:34.004Z"}
{"inline":{},"popover":{},"indiscriminate":{},"progressWrapper":{"parentElementArrayFinder":{"locator_":{"using":"css selector","value":".zoe-progress-wrapper"}},"elementArrayFinder_":{"locator_":{"$ref":"$[\"progressWrapper\"][\"parentElementArrayFinder\"][\"locator_\"]"}}},"widgetOverlay":{"parentElementArrayFinder":{"locator_":{"using":"css selector","value":"#zoe-zbox-overlay"}},"elementArrayFinder_":{"locator_":{"$ref":"$[\"widgetOverlay\"][\"parentElementArrayFinder\"][\"locator_\"]"}}},"widgetTrigger":{"parentElementArrayFinder":{"locator_":{"using":"css selector","value":".zoe-engage-trigger>img"}},"elementArrayFinder_":{"locator_":{"$ref":"$[\"widgetTrigger\"][\"parentElementArrayFinder\"][\"locator_\"]"}}},"widgetColorbox":{"parentElementArrayFinder":{"locator_":{"using":"css selector","value":"#zoe-zbox-content"}},"elementArrayFinder_":{"locator_":{"$ref":"$[\"widgetColorbox\"][\"parentElementArrayFinder\"][\"locator_\"]"}}},"helpButton":{"parentElementArrayFinder":{"locator_":{"using":"css selector","value":".zoe-btn-help"}},"elementArrayFinder_":{"locator_":{"$ref":"$[\"helpButton\"][\"parentElementArrayFinder\"][\"locator_\"]"}}},"helpElement":{"parentElementArrayFinder":{"locator_":{"using":"css selector","value":".zoe-help-overlay"}},"elementArrayFinder_":{"locator_":{"$ref":"$[\"helpElement\"][\"parentElementArrayFinder\"][\"locator_\"]"}}},"zoomButton":{"parentElementArrayFinder":{"locator_":{"using":"css selector","value":".zoe-btn-zoom"}},"elementArrayFinder_":{"locator_":{"$ref":"$[\"zoomButton\"][\"parentElementArrayFinder\"][\"locator_\"]"}}},"zoomElement":{"parentElementArrayFinder":{"locator_":{"using":"css selector","value":".zoe-zoom"}},"elementArrayFinder_":{"locator_":{"$ref":"$[\"zoomElement\"][\"parentElementArrayFinder\"][\"locator_\"]"}}},"zoomImage":{"parentElementArrayFinder":{"locator_":{"using":"css selector","value":".zoe-zoom-frame"}},"elementArrayFinder_":{"locator_":{"$ref":"$[\"zoomImage\"][\"parentElementArrayFinder\"][\"locator_\"]"}}},"closeButton":{"parentElementArrayFinder":{"locator_":{"using":"css selector","value":".zoe-btn-close"}},"elementArrayFinder_":{"locator_":{"$ref":"$[\"closeButton\"][\"parentElementArrayFinder\"][\"locator_\"]"}}},"widgetImageDiv":{"parentElementArrayFinder":{"locator_":{"using":"css selector","value":".zoe-engage-image.reel"}},"elementArrayFinder_":{"locator_":{"$ref":"$[\"widgetImageDiv\"][\"parentElementArrayFinder\"][\"locator_\"]"}}},"inlineDivSelector":{"parentElementArrayFinder":{"locator_":{"using":"css selector","value":".zoe-inline.reel"}},"elementArrayFinder_":{"locator_":{"$ref":"$[\"inlineDivSelector\"][\"parentElementArrayFinder\"][\"locator_\"]"}}},"widgetWrapperSelector":{"parentElementArrayFinder":{"locator_":{"using":"css selector","value":".zoe-engage-wrapper"}},"elementArrayFinder_":{"locator_":{"$ref":"$[\"widgetWrapperSelector\"][\"parentElementArrayFinder\"][\"locator_\"]"}}},"widgetWrapperImage":{"parentElementArrayFinder":{"locator_":{"using":"css selector","value":".zoe-frame"}},"elementArrayFinder_":{"locator_":{"$ref":"$[\"widgetWrapperImage\"][\"parentElementArrayFinder\"][\"locator_\"]"}}},"pageImageSelector":{"parentElementArrayFinder":{"locator_":{"using":"css selector","value":".zoe-engage-wrapper"}},"elementArrayFinder_":{"locator_":{"$ref":"$[\"pageImageSelector\"][\"parentElementArrayFinder\"][\"locator_\"]"}}},"inlineTrigger":{"parentElementArrayFinder":{"locator_":{"using":"css selector","value":"a.zoe-engage-trigger"}},"elementArrayFinder_":{"locator_":{"$ref":"$[\"inlineTrigger\"][\"parentElementArrayFinder\"][\"locator_\"]"}}},"inlineWrapper":{"parentElementArrayFinder":{"locator_":{"using":"css selector","value":".zoe-engage-wrapper.zoe-inline"}},"elementArrayFinder_":{"locator_":{"$ref":"$[\"inlineWrapper\"][\"parentElementArrayFinder\"][\"locator_\"]"}}},"frameSelector":{"parentElementArrayFinder":{"locator_":{"using":"css selector","value":".zoe-frame"}},"elementArrayFinder_":{"locator_":{"$ref":"$[\"frameSelector\"][\"parentElementArrayFinder\"][\"locator_\"]"}}},"interactCTA":{"parentElementArrayFinder":{"locator_":{"using":"css selector","value":".zoe-interact-cta"}},"elementArrayFinder_":{"locator_":{"$ref":"$[\"interactCTA\"][\"parentElementArrayFinder\"][\"locator_\"]"}}},"triggerCTA":{"parentElementArrayFinder":{"locator_":{"using":"css selector","value":".zoe-trigger-cta"}},"elementArrayFinder_":{"locator_":{"$ref":"$[\"triggerCTA\"][\"parentElementArrayFinder\"][\"locator_\"]"}}},"helpRotate":{"parentElementArrayFinder":{"locator_":{"using":"css selector","value":".zoe-help-rotate .zoe-help-text"}},"elementArrayFinder_":{"locator_":{"$ref":"$[\"helpRotate\"][\"parentElementArrayFinder\"][\"locator_\"]"}}},"helpElevate":{"parentElementArrayFinder":{"locator_":{"using":"css selector","value":".zoe-help-elevate .zoe-help-text"}},"elementArrayFinder_":{"locator_":{"$ref":"$[\"helpElevate\"][\"parentElementArrayFinder\"][\"locator_\"]"}}},"helpZoom":{"parentElementArrayFinder":{"locator_":{"using":"css selector","value":".zoe-help-zoom .zoe-help-text"}},"elementArrayFinder_":{"locator_":{"$ref":"$[\"helpZoom\"][\"parentElementArrayFinder\"][\"locator_\"]"}}},"helpBrand":{"parentElementArrayFinder":{"locator_":{"using":"css selector","value":".zoe-help-brand .zoe-help-text"}},"elementArrayFinder_":{"locator_":{"$ref":"$[\"helpBrand\"][\"parentElementArrayFinder\"][\"locator_\"]"}}},"extraContent":{"parentElementArrayFinder":{"locator_":{"using":"css selector","value":".zoe-display-extra-content"}},"elementArrayFinder_":{"locator_":{"$ref":"$[\"extraContent\"][\"parentElementArrayFinder\"][\"locator_\"]"}}},"level":"debug","message":"elementFinder is ","timestamp":"2014-10-08T13:27:34.007Z"}
{"level":"info","message":"Initialising jasmine tests","timestamp":"2014-10-08T13:27:34.024Z"}
{"inline":{},"popover":{},"indiscriminate":{},"progressWrapper":{"parentElementArrayFinder":{"locator_":{"using":"css selector","value":".zoe-progress-wrapper"}},"elementArrayFinder_":{"locator_":{"$ref":"$[\"progressWrapper\"][\"parentElementArrayFinder\"][\"locator_\"]"}}},"widgetOverlay":{"parentElementArrayFinder":{"locator_":{"using":"css selector","value":"#zoe-zbox-overlay"}},"elementArrayFinder_":{"locator_":{"$ref":"$[\"widgetOverlay\"][\"parentElementArrayFinder\"][\"locator_\"]"}}},"widgetTrigger":{"parentElementArrayFinder":{"locator_":{"using":"css selector","value":".zoe-engage-trigger>img"}},"elementArrayFinder_":{"locator_":{"$ref":"$[\"widgetTrigger\"][\"parentElementArrayFinder\"][\"locator_\"]"}}},"widgetColorbox":{"parentElementArrayFinder":{"locator_":{"using":"css selector","value":"#zoe-zbox-content"}},"elementArrayFinder_":{"locator_":{"$ref":"$[\"widgetColorbox\"][\"parentElementArrayFinder\"][\"locator_\"]"}}},"helpButton":{"parentElementArrayFinder":{"locator_":{"using":"css selector","value":".zoe-btn-help"}},"elementArrayFinder_":{"locator_":{"$ref":"$[\"helpButton\"][\"parentElementArrayFinder\"][\"locator_\"]"}}},"helpElement":{"parentElementArrayFinder":{"locator_":{"using":"css selector","value":".zoe-help-overlay"}},"elementArrayFinder_":{"locator_":{"$ref":"$[\"helpElement\"][\"parentElementArrayFinder\"][\"locator_\"]"}}},"zoomButton":{"parentElementArrayFinder":{"locator_":{"using":"css selector","value":".zoe-btn-zoom"}},"elementArrayFinder_":{"locator_":{"$ref":"$[\"zoomButton\"][\"parentElementArrayFinder\"][\"locator_\"]"}}},"zoomElement":{"parentElementArrayFinder":{"locator_":{"using":"css selector","value":".zoe-zoom"}},"elementArrayFinder_":{"locator_":{"$ref":"$[\"zoomElement\"][\"parentElementArrayFinder\"][\"locator_\"]"}}},"zoomImage":{"parentElementArrayFinder":{"locator_":{"using":"css selector","value":".zoe-zoom-frame"}},"elementArrayFinder_":{"locator_":{"$ref":"$[\"zoomImage\"][\"parentElementArrayFinder\"][\"locator_\"]"}}},"closeButton":{"parentElementArrayFinder":{"locator_":{"using":"css selector","value":".zoe-btn-close"}},"elementArrayFinder_":{"locator_":{"$ref":"$[\"closeButton\"][\"parentElementArrayFinder\"][\"locator_\"]"}}},"widgetImageDiv":{"parentElementArrayFinder":{"locator_":{"using":"css selector","value":".zoe-engage-image.reel"}},"elementArrayFinder_":{"locator_":{"$ref":"$[\"widgetImageDiv\"][\"parentElementArrayFinder\"][\"locator_\"]"}}},"inlineDivSelector":{"parentElementArrayFinder":{"locator_":{"using":"css selector","value":".zoe-inline.reel"}},"elementArrayFinder_":{"locator_":{"$ref":"$[\"inlineDivSelector\"][\"parentElementArrayFinder\"][\"locator_\"]"}}},"widgetWrapperSelector":{"parentElementArrayFinder":{"locator_":{"using":"css selector","value":".zoe-engage-wrapper"}},"elementArrayFinder_":{"locator_":{"$ref":"$[\"widgetWrapperSelector\"][\"parentElementArrayFinder\"][\"locator_\"]"}}},"widgetWrapperImage":{"parentElementArrayFinder":{"locator_":{"using":"css selector","value":".zoe-frame"}},"elementArrayFinder_":{"locator_":{"$ref":"$[\"widgetWrapperImage\"][\"parentElementArrayFinder\"][\"locator_\"]"}}},"pageImageSelector":{"parentElementArrayFinder":{"locator_":{"using":"css selector","value":".zoe-engage-wrapper"}},"elementArrayFinder_":{"locator_":{"$ref":"$[\"pageImageSelector\"][\"parentElementArrayFinder\"][\"locator_\"]"}}},"inlineTrigger":{"parentElementArrayFinder":{"locator_":{"using":"css selector","value":"a.zoe-engage-trigger"}},"elementArrayFinder_":{"locator_":{"$ref":"$[\"inlineTrigger\"][\"parentElementArrayFinder\"][\"locator_\"]"}}},"inlineWrapper":{"parentElementArrayFinder":{"locator_":{"using":"css selector","value":".zoe-engage-wrapper.zoe-inline"}},"elementArrayFinder_":{"locator_":{"$ref":"$[\"inlineWrapper\"][\"parentElementArrayFinder\"][\"locator_\"]"}}},"frameSelector":{"parentElementArrayFinder":{"locator_":{"using":"css selector","value":".zoe-frame"}},"elementArrayFinder_":{"locator_":{"$ref":"$[\"frameSelector\"][\"parentElementArrayFinder\"][\"locator_\"]"}}},"interactCTA":{"parentElementArrayFinder":{"locator_":{"using":"css selector","value":".zoe-interact-cta"}},"elementArrayFinder_":{"locator_":{"$ref":"$[\"interactCTA\"][\"parentElementArrayFinder\"][\"locator_\"]"}}},"triggerCTA":{"parentElementArrayFinder":{"locator_":{"using":"css selector","value":".zoe-trigger-cta"}},"elementArrayFinder_":{"locator_":{"$ref":"$[\"triggerCTA\"][\"parentElementArrayFinder\"][\"locator_\"]"}}},"helpRotate":{"parentElementArrayFinder":{"locator_":{"using":"css selector","value":".zoe-help-rotate .zoe-help-text"}},"elementArrayFinder_":{"locator_":{"$ref":"$[\"helpRotate\"][\"parentElementArrayFinder\"][\"locator_\"]"}}},"helpElevate":{"parentElementArrayFinder":{"locator_":{"using":"css selector","value":".zoe-help-elevate .zoe-help-text"}},"elementArrayFinder_":{"locator_":{"$ref":"$[\"helpElevate\"][\"parentElementArrayFinder\"][\"locator_\"]"}}},"helpZoom":{"parentElementArrayFinder":{"locator_":{"using":"css selector","value":".zoe-help-zoom .zoe-help-text"}},"elementArrayFinder_":{"locator_":{"$ref":"$[\"helpZoom\"][\"parentElementArrayFinder\"][\"locator_\"]"}}},"helpBrand":{"parentElementArrayFinder":{"locator_":{"using":"css selector","value":".zoe-help-brand .zoe-help-text"}},"elementArrayFinder_":{"locator_":{"$ref":"$[\"helpBrand\"][\"parentElementArrayFinder\"][\"locator_\"]"}}},"extraContent":{"parentElementArrayFinder":{"locator_":{"using":"css selector","value":".zoe-display-extra-content"}},"elementArrayFinder_":{"locator_":{"$ref":"$[\"extraContent\"][\"parentElementArrayFinder\"][\"locator_\"]"}}},"level":"debug","message":"elementFinder is ","timestamp":"2014-10-08T13:27:34.027Z"}
{"level":"info","message":"Initialising jasmine tests","timestamp":"2014-10-08T13:27:34.028Z"}
{"inline":{},"popover":{},"indiscriminate":{},"progressWrapper":{"parentElementArrayFinder":{"locator_":{"using":"css selector","value":".zoe-progress-wrapper"}},"elementArrayFinder_":{"locator_":{"$ref":"$[\"progressWrapper\"][\"parentElementArrayFinder\"][\"locator_\"]"}}},"widgetOverlay":{"parentElementArrayFinder":{"locator_":{"using":"css selector","value":"#zoe-zbox-overlay"}},"elementArrayFinder_":{"locator_":{"$ref":"$[\"widgetOverlay\"][\"parentElementArrayFinder\"][\"locator_\"]"}}},"widgetTrigger":{"parentElementArrayFinder":{"locator_":{"using":"css selector","value":".zoe-engage-trigger>img"}},"elementArrayFinder_":{"locator_":{"$ref":"$[\"widgetTrigger\"][\"parentElementArrayFinder\"][\"locator_\"]"}}},"widgetColorbox":{"parentElementArrayFinder":{"locator_":{"using":"css selector","value":"#zoe-zbox-content"}},"elementArrayFinder_":{"locator_":{"$ref":"$[\"widgetColorbox\"][\"parentElementArrayFinder\"][\"locator_\"]"}}},"helpButton":{"parentElementArrayFinder":{"locator_":{"using":"css selector","value":".zoe-btn-help"}},"elementArrayFinder_":{"locator_":{"$ref":"$[\"helpButton\"][\"parentElementArrayFinder\"][\"locator_\"]"}}},"helpElement":{"parentElementArrayFinder":{"locator_":{"using":"css selector","value":".zoe-help-overlay"}},"elementArrayFinder_":{"locator_":{"$ref":"$[\"helpElement\"][\"parentElementArrayFinder\"][\"locator_\"]"}}},"zoomButton":{"parentElementArrayFinder":{"locator_":{"using":"css selector","value":".zoe-btn-zoom"}},"elementArrayFinder_":{"locator_":{"$ref":"$[\"zoomButton\"][\"parentElementArrayFinder\"][\"locator_\"]"}}},"zoomElement":{"parentElementArrayFinder":{"locator_":{"using":"css selector","value":".zoe-zoom"}},"elementArrayFinder_":{"locator_":{"$ref":"$[\"zoomElement\"][\"parentElementArrayFinder\"][\"locator_\"]"}}},"zoomImage":{"parentElementArrayFinder":{"locator_":{"using":"css selector","value":".zoe-zoom-frame"}},"elementArrayFinder_":{"locator_":{"$ref":"$[\"zoomImage\"][\"parentElementArrayFinder\"][\"locator_\"]"}}},"closeButton":{"parentElementArrayFinder":{"locator_":{"using":"css selector","value":".zoe-btn-close"}},"elementArrayFinder_":{"locator_":{"$ref":"$[\"closeButton\"][\"parentElementArrayFinder\"][\"locator_\"]"}}},"widgetImageDiv":{"parentElementArrayFinder":{"locator_":{"using":"css selector","value":".zoe-engage-image.reel"}},"elementArrayFinder_":{"locator_":{"$ref":"$[\"widgetImageDiv\"][\"parentElementArrayFinder\"][\"locator_\"]"}}},"inlineDivSelector":{"parentElementArrayFinder":{"locator_":{"using":"css selector","value":".zoe-inline.reel"}},"elementArrayFinder_":{"locator_":{"$ref":"$[\"inlineDivSelector\"][\"parentElementArrayFinder\"][\"locator_\"]"}}},"widgetWrapperSelector":{"parentElementArrayFinder":{"locator_":{"using":"css selector","value":".zoe-engage-wrapper"}},"elementArrayFinder_":{"locator_":{"$ref":"$[\"widgetWrapperSelector\"][\"parentElementArrayFinder\"][\"locator_\"]"}}},"widgetWrapperImage":{"parentElementArrayFinder":{"locator_":{"using":"css selector","value":".zoe-frame"}},"elementArrayFinder_":{"locator_":{"$ref":"$[\"widgetWrapperImage\"][\"parentElementArrayFinder\"][\"locator_\"]"}}},"pageImageSelector":{"parentElementArrayFinder":{"locator_":{"using":"css selector","value":".zoe-engage-wrapper"}},"elementArrayFinder_":{"locator_":{"$ref":"$[\"pageImageSelector\"][\"parentElementArrayFinder\"][\"locator_\"]"}}},"inlineTrigger":{"parentElementArrayFinder":{"locator_":{"using":"css selector","value":"a.zoe-engage-trigger"}},"elementArrayFinder_":{"locator_":{"$ref":"$[\"inlineTrigger\"][\"parentElementArrayFinder\"][\"locator_\"]"}}},"inlineWrapper":{"parentElementArrayFinder":{"locator_":{"using":"css selector","value":".zoe-engage-wrapper.zoe-inline"}},"elementArrayFinder_":{"locator_":{"$ref":"$[\"inlineWrapper\"][\"parentElementArrayFinder\"][\"locator_\"]"}}},"frameSelector":{"parentElementArrayFinder":{"locator_":{"using":"css selector","value":".zoe-frame"}},"elementArrayFinder_":{"locator_":{"$ref":"$[\"frameSelector\"][\"parentElementArrayFinder\"][\"locator_\"]"}}},"interactCTA":{"parentElementArrayFinder":{"locator_":{"using":"css selector","value":".zoe-interact-cta"}},"elementArrayFinder_":{"locator_":{"$ref":"$[\"interactCTA\"][\"parentElementArrayFinder\"][\"locator_\"]"}}},"triggerCTA":{"parentElementArrayFinder":{"locator_":{"using":"css selector","value":".zoe-trigger-cta"}},"elementArrayFinder_":{"locator_":{"$ref":"$[\"triggerCTA\"][\"parentElementArrayFinder\"][\"locator_\"]"}}},"helpRotate":{"parentElementArrayFinder":{"locator_":{"using":"css selector","value":".zoe-help-rotate .zoe-help-text"}},"elementArrayFinder_":{"locator_":{"$ref":"$[\"helpRotate\"][\"parentElementArrayFinder\"][\"locator_\"]"}}},"helpElevate":{"parentElementArrayFinder":{"locator_":{"using":"css selector","value":".zoe-help-elevate .zoe-help-text"}},"elementArrayFinder_":{"locator_":{"$ref":"$[\"helpElevate\"][\"parentElementArrayFinder\"][\"locator_\"]"}}},"helpZoom":{"parentElementArrayFinder":{"locator_":{"using":"css selector","value":".zoe-help-zoom .zoe-help-text"}},"elementArrayFinder_":{"locator_":{"$ref":"$[\"helpZoom\"][\"parentElementArrayFinder\"][\"locator_\"]"}}},"helpBrand":{"parentElementArrayFinder":{"locator_":{"using":"css selector","value":".zoe-help-brand .zoe-help-text"}},"elementArrayFinder_":{"locator_":{"$ref":"$[\"helpBrand\"][\"parentElementArrayFinder\"][\"locator_\"]"}}},"extraContent":{"parentElementArrayFinder":{"locator_":{"using":"css selector","value":".zoe-display-extra-content"}},"elementArrayFinder_":{"locator_":{"$ref":"$[\"extraContent\"][\"parentElementArrayFinder\"][\"locator_\"]"}}},"level":"debug","message":"elementFinder is ","timestamp":"2014-10-08T13:27:34.030Z"}
{"takesScreenshot":true,"webdriver.remote.sessionid":"e540b053c9aa4f2d8cb223b56483e5d3","unexpectedAlertBehaviour":"dismiss","ie.browserCommandLineSwitches":"","browserAttachTimeout":0,"ie.ensureCleanSession":false,"ignoreProtectedModeSettings":false,"platform":"WINDOWS","version":"11","ignoreZoomSetting":false,"nativeEvents":true,"handlesAlerts":true,"javascriptEnabled":true,"requireWindowFocus":false,"ie.usePerProcessProxy":false,"hasMetadata":true,"initialBrowserUrl":"http://localhost:1629/","enableElementCacheCleanup":true,"cssSelectorsEnabled":true,"browserName":"internet explorer","elementScrollBehavior":0,"enablePersistentHover":true,"ie.forceCreateProcessApi":false,"level":"info","message":"","timestamp":"2014-10-08T13:27:45.117Z"}
{"level":"info","message":"undefined","timestamp":"2014-10-08T13:27:45.117Z"}
{"level":"info","message":"Initialising file paths with browser & version","timestamp":"2014-10-08T13:27:45.117Z"}
{"level":"info","message":"Initialising file paths with browser & version","timestamp":"2014-10-08T13:27:45.117Z"}
{"level":"info","message":"Initialising file paths with browser & version","timestamp":"2014-10-08T13:27:45.117Z"}
{"level":"info","message":"Initialising file paths with browser & version","timestamp":"2014-10-08T13:27:45.117Z"}
{"level":"info","message":"Initialising file paths with browser & version","timestamp":"2014-10-08T13:27:45.117Z"}
{"level":"info","message":"Initialising file paths with browser & version","timestamp":"2014-10-08T13:27:45.117Z"}
{"level":"info","message":"Initialising file paths with browser & version","timestamp":"2014-10-08T13:27:45.117Z"}
{"level":"info","message":"Initialising file paths with browser & version","timestamp":"2014-10-08T13:27:45.117Z"}
{"level":"info","message":"Initialising file paths with browser & version","timestamp":"2014-10-08T13:27:45.118Z"}
{"level":"info","message":"Initialising file paths with browser & version","timestamp":"2014-10-08T13:27:45.118Z"}
{"level":"info","message":"Initialising file paths with browser & version","timestamp":"2014-10-08T13:27:45.118Z"}
{"level":"info","message":"Initialising file paths with browser & version","timestamp":"2014-10-08T13:27:45.118Z"}
{"level":"info","message":"Initialising file paths with browser & version","timestamp":"2014-10-08T13:27:45.118Z"}
{"level":"info","message":"Initialising file paths with browser & version","timestamp":"2014-10-08T13:27:45.118Z"}
{"level":"info","message":"Initialising file paths with browser & version","timestamp":"2014-10-08T13:27:45.118Z"}
{"level":"info","message":"Initialising file paths with browser & version","timestamp":"2014-10-08T13:27:45.118Z"}
{"level":"info","message":"Initialising file paths with browser & version","timestamp":"2014-10-08T13:27:45.118Z"}
{"level":"info","message":"Initialising file paths with browser & version","timestamp":"2014-10-08T13:27:45.118Z"}
{"level":"info","message":"Initialising file paths with browser & version","timestamp":"2014-10-08T13:27:45.118Z"}
{"level":"info","message":"Initialising file paths with browser & version","timestamp":"2014-10-08T13:27:45.118Z"}
{"level":"info","message":"Initialising file paths with browser & version","timestamp":"2014-10-08T13:27:45.118Z"}
{"level":"info","message":"Initialising file paths with browser & version","timestamp":"2014-10-08T13:27:45.118Z"}
{"level":"info","message":"Initialising file paths with browser & version","timestamp":"2014-10-08T13:27:45.118Z"}
{"level":"info","message":"Initialising file paths with browser & version","timestamp":"2014-10-08T13:27:45.118Z"}
{"level":"info","message":"Initialising file paths with browser & version","timestamp":"2014-10-08T13:27:45.118Z"}
{"level":"info","message":"Initialising file paths with browser & version","timestamp":"2014-10-08T13:27:45.118Z"}
{"level":"info","message":"Initialising file paths with browser & version","timestamp":"2014-10-08T13:27:45.118Z"}
{"level":"info","message":"Opening URL: http://jenkins.zoetrope.io:8888/v3/testInline.html","timestamp":"2014-10-08T13:27:46.233Z"}
{"rotatable":false,"browserConnectionEnabled":true,"acceptSslCerts":true,"cssSelectorsEnabled":true,"javascriptEnabled":true,"nativeEvents":true,"databaseEnabled":true,"locationContextEnabled":true,"takesScreenshot":true,"platform":"XP","browserName":"firefox","webdriver.remote.sessionid":"16f2a98f36554ef687ebd023e22e2046","hasMetadata":true,"version":"27.0","applicationCacheEnabled":true,"webStorageEnabled":true,"handlesAlerts":true,"level":"info","message":"","timestamp":"2014-10-08T13:27:51.458Z"}
{"level":"info","message":"undefined","timestamp":"2014-10-08T13:27:51.458Z"}
{"level":"info","message":"Initialising file paths with browser & version","timestamp":"2014-10-08T13:27:51.458Z"}
{"level":"info","message":"Initialising file paths with browser & version","timestamp":"2014-10-08T13:27:51.459Z"}
{"level":"info","message":"Initialising file paths with browser & version","timestamp":"2014-10-08T13:27:51.459Z"}
{"level":"info","message":"Initialising file paths with browser & version","timestamp":"2014-10-08T13:27:51.459Z"}
{"level":"info","message":"Initialising file paths with browser & version","timestamp":"2014-10-08T13:27:51.459Z"}
{"level":"info","message":"Initialising file paths with browser & version","timestamp":"2014-10-08T13:27:51.459Z"}
{"level":"info","message":"Initialising file paths with browser & version","timestamp":"2014-10-08T13:27:51.459Z"}
{"level":"info","message":"Initialising file paths with browser & version","timestamp":"2014-10-08T13:27:51.459Z"}
{"level":"info","message":"Initialising file paths with browser & version","timestamp":"2014-10-08T13:27:51.459Z"}
{"level":"info","message":"Initialising file paths with browser & version","timestamp":"2014-10-08T13:27:51.459Z"}
{"level":"info","message":"Initialising file paths with browser & version","timestamp":"2014-10-08T13:27:51.459Z"}
{"level":"info","message":"Initialising file paths with browser & version","timestamp":"2014-10-08T13:27:51.459Z"}
{"level":"info","message":"Initialising file paths with browser & version","timestamp":"2014-10-08T13:27:51.459Z"}
{"level":"info","message":"Initialising file paths with browser & version","timestamp":"2014-10-08T13:27:51.459Z"}
{"level":"info","message":"Initialising file paths with browser & version","timestamp":"2014-10-08T13:27:51.459Z"}
{"level":"info","message":"Initialising file paths with browser & version","timestamp":"2014-10-08T13:27:51.459Z"}
{"level":"info","message":"Initialising file paths with browser & version","timestamp":"2014-10-08T13:27:51.459Z"}
{"level":"info","message":"Initialising file paths with browser & version","timestamp":"2014-10-08T13:27:51.459Z"}
{"level":"info","message":"Initialising file paths with browser & version","timestamp":"2014-10-08T13:27:51.459Z"}
{"level":"info","message":"Initialising file paths with browser & version","timestamp":"2014-10-08T13:27:51.459Z"}
{"level":"info","message":"Initialising file paths with browser & version","timestamp":"2014-10-08T13:27:51.459Z"}
{"level":"info","message":"Initialising file paths with browser & version","timestamp":"2014-10-08T13:27:51.459Z"}
{"level":"info","message":"Initialising file paths with browser & version","timestamp":"2014-10-08T13:27:51.459Z"}
{"level":"info","message":"Initialising file paths with browser & version","timestamp":"2014-10-08T13:27:51.459Z"}
{"level":"info","message":"Initialising file paths with browser & version","timestamp":"2014-10-08T13:27:51.459Z"}
{"level":"info","message":"Initialising file paths with browser & version","timestamp":"2014-10-08T13:27:51.459Z"}
{"level":"info","message":"Initialising file paths with browser & version","timestamp":"2014-10-08T13:27:51.459Z"}
{"level":"info","message":"Opening URL: http://jenkins.zoetrope.io:8888/v3/testInline.html","timestamp":"2014-10-08T13:27:53.606Z"}
{"level":"info","message":"Saving screenshot to images/load.jpginlinefirefox27.0.png","timestamp":"2014-10-08T13:28:16.427Z"}
{"level":"info","message":"Saved screenshot","timestamp":"2014-10-08T13:28:19.017Z"}
{"level":"info","message":"Clicking the help button","timestamp":"2014-10-08T13:28:19.067Z"}
{"parentElementArrayFinder":{"locator_":{"using":"css selector","value":".zoe-btn-help"}},"elementArrayFinder_":{"locator_":{"$ref":"$[\"parentElementArrayFinder\"][\"locator_\"]"}},"level":"info","message":"help button is","timestamp":"2014-10-08T13:28:19.070Z"}
{"level":"info","message":"Got help style of ","timestamp":"2014-10-08T13:28:26.407Z"}
{"level":"info","message":"Saving screenshot to images/help.jpginlinefirefox27.0.png","timestamp":"2014-10-08T13:28:26.449Z"}
{"level":"info","message":"Saved screenshot","timestamp":"2014-10-08T13:28:28.622Z"}
{"level":"info","message":"Clicking the help button","timestamp":"2014-10-08T13:28:28.679Z"}
{"parentElementArrayFinder":{"locator_":{"using":"css selector","value":".zoe-btn-help"}},"elementArrayFinder_":{"locator_":{"$ref":"$[\"parentElementArrayFinder\"][\"locator_\"]"}},"level":"info","message":"help button is","timestamp":"2014-10-08T13:28:28.684Z"}
{"level":"info","message":"Saving screenshot to images/load.jpginlineinternet explorer11.png","timestamp":"2014-10-08T13:28:36.088Z"}
{"level":"info","message":"Got help style of display: none;","timestamp":"2014-10-08T13:28:36.406Z"}
{"level":"info","message":"Saving screenshot to images/helpClose.jpginlinefirefox27.0.png","timestamp":"2014-10-08T13:28:36.448Z"}
{"level":"info","message":"Saved screenshot","timestamp":"2014-10-08T13:28:38.700Z"}
{"level":"info","message":"Clicking the zoom button","timestamp":"2014-10-08T13:28:38.767Z"}
{"level":"info","message":"Saving screenshot to images/zoom.jpginlinefirefox27.0.png","timestamp":"2014-10-08T13:28:38.771Z"}
{"level":"info","message":"Saved screenshot","timestamp":"2014-10-08T13:28:40.387Z"}
{"level":"info","message":"Clicking the help button","timestamp":"2014-10-08T13:28:40.438Z"}
{"parentElementArrayFinder":{"locator_":{"using":"css selector","value":".zoe-btn-help"}},"elementArrayFinder_":{"locator_":{"$ref":"$[\"parentElementArrayFinder\"][\"locator_\"]"}},"level":"info","message":"help button is","timestamp":"2014-10-08T13:28:40.441Z"}
{"level":"info","message":"Got help style of ","timestamp":"2014-10-08T13:28:46.477Z"}
{"level":"info","message":"Saving screenshot to images/help.jpginlineinternet explorer11.png","timestamp":"2014-10-08T13:28:46.519Z"}
{"level":"info","message":"Saved screenshot","timestamp":"2014-10-08T13:28:47.092Z"}
{"level":"info","message":"Clicking the zoom button","timestamp":"2014-10-08T13:28:47.117Z"}
{"level":"info","message":"Saving screenshot to images/zoomClose.jpginlinefirefox27.0.png","timestamp":"2014-10-08T13:28:47.120Z"}
{"level":"info","message":"Saved screenshot","timestamp":"2014-10-08T13:28:50.973Z"}
{"level":"info","message":"Clicking the help button","timestamp":"2014-10-08T13:28:51.038Z"}
{"parentElementArrayFinder":{"locator_":{"using":"css selector","value":".zoe-btn-help"}},"elementArrayFinder_":{"locator_":{"$ref":"$[\"parentElementArrayFinder\"][\"locator_\"]"}},"level":"info","message":"help button is","timestamp":"2014-10-08T13:28:51.040Z"}
{"level":"info","message":"Saved screenshot","timestamp":"2014-10-08T13:28:56.186Z"}
{"level":"info","message":"Opening URL: http://jenkins.zoetrope.io:8888/v3/testPopover.html","timestamp":"2014-10-08T13:28:56.209Z"}
{"level":"info","message":"Got help style of display: none;","timestamp":"2014-10-08T13:28:58.513Z"}
{"level":"info","message":"Saving screenshot to images/helpClose.jpginlineinternet explorer11.png","timestamp":"2014-10-08T13:28:58.555Z"}
{"level":"info","message":"Saving screenshot to images/load.jpginlinefirefox27.0.png","timestamp":"2014-10-08T13:28:58.705Z"}
{"level":"info","message":"Saved screenshot","timestamp":"2014-10-08T13:29:02.840Z"}
{"level":"info","message":"Clicking the zoom button","timestamp":"2014-10-08T13:29:02.896Z"}
{"level":"info","message":"Saving screenshot to images/zoom.jpginlineinternet explorer11.png","timestamp":"2014-10-08T13:29:02.900Z"}
{"level":"info","message":"Saved screenshot","timestamp":"2014-10-08T13:29:03.382Z"}
{"level":"info","message":"Clicking on widget trigger","timestamp":"2014-10-08T13:29:03.425Z"}
{"level":"info","message":"Saving screenshot to images/openWidget.jpginlinefirefox27.0.png","timestamp":"2014-10-08T13:29:06.082Z"}
{"level":"info","message":"Saved screenshot","timestamp":"2014-10-08T13:29:12.458Z"}
{"level":"info","message":"Clicking the help button","timestamp":"2014-10-08T13:29:12.502Z"}
{"parentElementArrayFinder":{"locator_":{"using":"css selector","value":".zoe-btn-help"}},"elementArrayFinder_":{"locator_":{"$ref":"$[\"parentElementArrayFinder\"][\"locator_\"]"}},"level":"info","message":"help button is","timestamp":"2014-10-08T13:29:12.505Z"}
{"level":"info","message":"Got help style of ","timestamp":"2014-10-08T13:29:20.448Z"}
{"level":"info","message":"Saving screenshot to images/help.jpginlinefirefox27.0.png","timestamp":"2014-10-08T13:29:20.491Z"}
{"level":"info","message":"Saved screenshot","timestamp":"2014-10-08T13:29:20.811Z"}
{"level":"info","message":"Clicking the zoom button","timestamp":"2014-10-08T13:29:20.848Z"}
{"level":"info","message":"Saving screenshot to images/zoomClose.jpginlineinternet explorer11.png","timestamp":"2014-10-08T13:29:20.853Z"}
{"level":"info","message":"Saved screenshot","timestamp":"2014-10-08T13:29:24.281Z"}
{"level":"info","message":"Clicking the help button","timestamp":"2014-10-08T13:29:24.337Z"}
{"parentElementArrayFinder":{"locator_":{"using":"css selector","value":".zoe-btn-help"}},"elementArrayFinder_":{"locator_":{"$ref":"$[\"parentElementArrayFinder\"][\"locator_\"]"}},"level":"info","message":"help button is","timestamp":"2014-10-08T13:29:24.340Z"}
{"level":"info","message":"Saved screenshot","timestamp":"2014-10-08T13:29:29.228Z"}
{"level":"info","message":"Opening URL: http://jenkins.zoetrope.io:8888/v3/testPopover.html","timestamp":"2014-10-08T13:29:29.257Z"}
{"level":"info","message":"Got help style of display: none;","timestamp":"2014-10-08T13:29:29.575Z"}
{"level":"info","message":"Saving screenshot to images/helpClose.jpginlinefirefox27.0.png","timestamp":"2014-10-08T13:29:29.619Z"}
{"level":"info","message":"Saving screenshot to images/load.jpginlineinternet explorer11.png","timestamp":"2014-10-08T13:29:32.088Z"}
{"level":"info","message":"Saved screenshot","timestamp":"2014-10-08T13:29:38.932Z"}
{"level":"info","message":"Clicking the zoom button","timestamp":"2014-10-08T13:29:38.988Z"}
{"level":"info","message":"Saving screenshot to images/zoom.jpginlinefirefox27.0.png","timestamp":"2014-10-08T13:29:38.992Z"}
{"level":"info","message":"Saved screenshot","timestamp":"2014-10-08T13:29:41.897Z"}
{"level":"info","message":"Clicking on widget trigger","timestamp":"2014-10-08T13:29:41.944Z"}
{"level":"info","message":"Saving screenshot to images/openWidget.jpginlineinternet explorer11.png","timestamp":"2014-10-08T13:29:44.982Z"}
{"level":"info","message":"Saved screenshot","timestamp":"2014-10-08T13:29:49.843Z"}
{"level":"info","message":"Clicking the zoom button","timestamp":"2014-10-08T13:29:49.865Z"}
{"level":"info","message":"Saving screenshot to images/zoomClose.jpginlinefirefox27.0.png","timestamp":"2014-10-08T13:29:49.875Z"}
{"level":"info","message":"Saved screenshot","timestamp":"2014-10-08T13:29:51.739Z"}
{"level":"info","message":"Clicking the help button","timestamp":"2014-10-08T13:29:51.782Z"}
{"parentElementArrayFinder":{"locator_":{"using":"css selector","value":".zoe-btn-help"}},"elementArrayFinder_":{"locator_":{"$ref":"$[\"parentElementArrayFinder\"][\"locator_\"]"}},"level":"info","message":"help button is","timestamp":"2014-10-08T13:29:51.784Z"}
{"level":"info","message":"Saved screenshot","timestamp":"2014-10-08T13:29:55.521Z"}
{"level":"info","message":"Got help style of ","timestamp":"2014-10-08T13:29:57.364Z"}
{"level":"info","message":"Saving screenshot to images/help.jpginlineinternet explorer11.png","timestamp":"2014-10-08T13:29:57.405Z"}
{"level":"info","message":"Saved screenshot","timestamp":"2014-10-08T13:30:03.443Z"}
{"level":"info","message":"Clicking the help button","timestamp":"2014-10-08T13:30:03.509Z"}
{"parentElementArrayFinder":{"locator_":{"using":"css selector","value":".zoe-btn-help"}},"elementArrayFinder_":{"locator_":{"$ref":"$[\"parentElementArrayFinder\"][\"locator_\"]"}},"level":"info","message":"help button is","timestamp":"2014-10-08T13:30:03.513Z"}
{"level":"info","message":"Initialising jasmine tests","timestamp":"2014-10-08T13:31:35.852Z"}
{"inline":{},"popover":{},"indiscriminate":{},"progressWrapper":{"parentElementArrayFinder":{"locator_":{"using":"css selector","value":".zoe-progress-wrapper"}},"elementArrayFinder_":{"locator_":{"$ref":"$[\"progressWrapper\"][\"parentElementArrayFinder\"][\"locator_\"]"}}},"widgetOverlay":{"parentElementArrayFinder":{"locator_":{"using":"css selector","value":"#zoe-zbox-overlay"}},"elementArrayFinder_":{"locator_":{"$ref":"$[\"widgetOverlay\"][\"parentElementArrayFinder\"][\"locator_\"]"}}},"widgetTrigger":{"parentElementArrayFinder":{"locator_":{"using":"css selector","value":".zoe-engage-trigger>img"}},"elementArrayFinder_":{"locator_":{"$ref":"$[\"widgetTrigger\"][\"parentElementArrayFinder\"][\"locator_\"]"}}},"widgetColorbox":{"parentElementArrayFinder":{"locator_":{"using":"css selector","value":"#zoe-zbox-content"}},"elementArrayFinder_":{"locator_":{"$ref":"$[\"widgetColorbox\"][\"parentElementArrayFinder\"][\"locator_\"]"}}},"helpButton":{"parentElementArrayFinder":{"locator_":{"using":"css selector","value":".zoe-btn-help"}},"elementArrayFinder_":{"locator_":{"$ref":"$[\"helpButton\"][\"parentElementArrayFinder\"][\"locator_\"]"}}},"helpElement":{"parentElementArrayFinder":{"locator_":{"using":"css selector","value":".zoe-help-overlay"}},"elementArrayFinder_":{"locator_":{"$ref":"$[\"helpElement\"][\"parentElementArrayFinder\"][\"locator_\"]"}}},"zoomButton":{"parentElementArrayFinder":{"locator_":{"using":"css selector","value":".zoe-btn-zoom"}},"elementArrayFinder_":{"locator_":{"$ref":"$[\"zoomButton\"][\"parentElementArrayFinder\"][\"locator_\"]"}}},"zoomElement":{"parentElementArrayFinder":{"locator_":{"using":"css selector","value":".zoe-zoom"}},"elementArrayFinder_":{"locator_":{"$ref":"$[\"zoomElement\"][\"parentElementArrayFinder\"][\"locator_\"]"}}},"zoomImage":{"parentElementArrayFinder":{"locator_":{"using":"css selector","value":".zoe-zoom-frame"}},"elementArrayFinder_":{"locator_":{"$ref":"$[\"zoomImage\"][\"parentElementArrayFinder\"][\"locator_\"]"}}},"closeButton":{"parentElementArrayFinder":{"locator_":{"using":"css selector","value":".zoe-btn-close"}},"elementArrayFinder_":{"locator_":{"$ref":"$[\"closeButton\"][\"parentElementArrayFinder\"][\"locator_\"]"}}},"widgetImageDiv":{"parentElementArrayFinder":{"locator_":{"using":"css selector","value":".zoe-engage-image.reel"}},"elementArrayFinder_":{"locator_":{"$ref":"$[\"widgetImageDiv\"][\"parentElementArrayFinder\"][\"locator_\"]"}}},"inlineDivSelector":{"parentElementArrayFinder":{"locator_":{"using":"css selector","value":".zoe-inline.reel"}},"elementArrayFinder_":{"locator_":{"$ref":"$[\"inlineDivSelector\"][\"parentElementArrayFinder\"][\"locator_\"]"}}},"widgetWrapperSelector":{"parentElementArrayFinder":{"locator_":{"using":"css selector","value":".zoe-engage-wrapper"}},"elementArrayFinder_":{"locator_":{"$ref":"$[\"widgetWrapperSelector\"][\"parentElementArrayFinder\"][\"locator_\"]"}}},"widgetWrapperImage":{"parentElementArrayFinder":{"locator_":{"using":"css selector","value":".zoe-frame"}},"elementArrayFinder_":{"locator_":{"$ref":"$[\"widgetWrapperImage\"][\"parentElementArrayFinder\"][\"locator_\"]"}}},"pageImageSelector":{"parentElementArrayFinder":{"locator_":{"using":"css selector","value":".zoe-engage-wrapper"}},"elementArrayFinder_":{"locator_":{"$ref":"$[\"pageImageSelector\"][\"parentElementArrayFinder\"][\"locator_\"]"}}},"inlineTrigger":{"parentElementArrayFinder":{"locator_":{"using":"css selector","value":"a.zoe-engage-trigger"}},"elementArrayFinder_":{"locator_":{"$ref":"$[\"inlineTrigger\"][\"parentElementArrayFinder\"][\"locator_\"]"}}},"inlineWrapper":{"parentElementArrayFinder":{"locator_":{"using":"css selector","value":".zoe-engage-wrapper.zoe-inline"}},"elementArrayFinder_":{"locator_":{"$ref":"$[\"inlineWrapper\"][\"parentElementArrayFinder\"][\"locator_\"]"}}},"frameSelector":{"parentElementArrayFinder":{"locator_":{"using":"css selector","value":".zoe-frame"}},"elementArrayFinder_":{"locator_":{"$ref":"$[\"frameSelector\"][\"parentElementArrayFinder\"][\"locator_\"]"}}},"interactCTA":{"parentElementArrayFinder":{"locator_":{"using":"css selector","value":".zoe-interact-cta"}},"elementArrayFinder_":{"locator_":{"$ref":"$[\"interactCTA\"][\"parentElementArrayFinder\"][\"locator_\"]"}}},"triggerCTA":{"parentElementArrayFinder":{"locator_":{"using":"css selector","value":".zoe-trigger-cta"}},"elementArrayFinder_":{"locator_":{"$ref":"$[\"triggerCTA\"][\"parentElementArrayFinder\"][\"locator_\"]"}}},"helpRotate":{"parentElementArrayFinder":{"locator_":{"using":"css selector","value":".zoe-help-rotate .zoe-help-text"}},"elementArrayFinder_":{"locator_":{"$ref":"$[\"helpRotate\"][\"parentElementArrayFinder\"][\"locator_\"]"}}},"helpElevate":{"parentElementArrayFinder":{"locator_":{"using":"css selector","value":".zoe-help-elevate .zoe-help-text"}},"elementArrayFinder_":{"locator_":{"$ref":"$[\"helpElevate\"][\"parentElementArrayFinder\"][\"locator_\"]"}}},"helpZoom":{"parentElementArrayFinder":{"locator_":{"using":"css selector","value":".zoe-help-zoom .zoe-help-text"}},"elementArrayFinder_":{"locator_":{"$ref":"$[\"helpZoom\"][\"parentElementArrayFinder\"][\"locator_\"]"}}},"helpBrand":{"parentElementArrayFinder":{"locator_":{"using":"css selector","value":".zoe-help-brand .zoe-help-text"}},"elementArrayFinder_":{"locator_":{"$ref":"$[\"helpBrand\"][\"parentElementArrayFinder\"][\"locator_\"]"}}},"extraContent":{"parentElementArrayFinder":{"locator_":{"using":"css selector","value":".zoe-display-extra-content"}},"elementArrayFinder_":{"locator_":{"$ref":"$[\"extraContent\"][\"parentElementArrayFinder\"][\"locator_\"]"}}},"level":"debug","message":"elementFinder is ","timestamp":"2014-10-08T13:31:35.854Z"}
{"level":"info","message":"Initialising jasmine tests","timestamp":"2014-10-08T13:31:35.859Z"}
{"inline":{},"popover":{},"indiscriminate":{},"progressWrapper":{"parentElementArrayFinder":{"locator_":{"using":"css selector","value":".zoe-progress-wrapper"}},"elementArrayFinder_":{"locator_":{"$ref":"$[\"progressWrapper\"][\"parentElementArrayFinder\"][\"locator_\"]"}}},"widgetOverlay":{"parentElementArrayFinder":{"locator_":{"using":"css selector","value":"#zoe-zbox-overlay"}},"elementArrayFinder_":{"locator_":{"$ref":"$[\"widgetOverlay\"][\"parentElementArrayFinder\"][\"locator_\"]"}}},"widgetTrigger":{"parentElementArrayFinder":{"locator_":{"using":"css selector","value":".zoe-engage-trigger>img"}},"elementArrayFinder_":{"locator_":{"$ref":"$[\"widgetTrigger\"][\"parentElementArrayFinder\"][\"locator_\"]"}}},"widgetColorbox":{"parentElementArrayFinder":{"locator_":{"using":"css selector","value":"#zoe-zbox-content"}},"elementArrayFinder_":{"locator_":{"$ref":"$[\"widgetColorbox\"][\"parentElementArrayFinder\"][\"locator_\"]"}}},"helpButton":{"parentElementArrayFinder":{"locator_":{"using":"css selector","value":".zoe-btn-help"}},"elementArrayFinder_":{"locator_":{"$ref":"$[\"helpButton\"][\"parentElementArrayFinder\"][\"locator_\"]"}}},"helpElement":{"parentElementArrayFinder":{"locator_":{"using":"css selector","value":".zoe-help-overlay"}},"elementArrayFinder_":{"locator_":{"$ref":"$[\"helpElement\"][\"parentElementArrayFinder\"][\"locator_\"]"}}},"zoomButton":{"parentElementArrayFinder":{"locator_":{"using":"css selector","value":".zoe-btn-zoom"}},"elementArrayFinder_":{"locator_":{"$ref":"$[\"zoomButton\"][\"parentElementArrayFinder\"][\"locator_\"]"}}},"zoomElement":{"parentElementArrayFinder":{"locator_":{"using":"css selector","value":".zoe-zoom"}},"elementArrayFinder_":{"locator_":{"$ref":"$[\"zoomElement\"][\"parentElementArrayFinder\"][\"locator_\"]"}}},"zoomImage":{"parentElementArrayFinder":{"locator_":{"using":"css selector","value":".zoe-zoom-frame"}},"elementArrayFinder_":{"locator_":{"$ref":"$[\"zoomImage\"][\"parentElementArrayFinder\"][\"locator_\"]"}}},"closeButton":{"parentElementArrayFinder":{"locator_":{"using":"css selector","value":".zoe-btn-close"}},"elementArrayFinder_":{"locator_":{"$ref":"$[\"closeButton\"][\"parentElementArrayFinder\"][\"locator_\"]"}}},"widgetImageDiv":{"parentElementArrayFinder":{"locator_":{"using":"css selector","value":".zoe-engage-image.reel"}},"elementArrayFinder_":{"locator_":{"$ref":"$[\"widgetImageDiv\"][\"parentElementArrayFinder\"][\"locator_\"]"}}},"inlineDivSelector":{"parentElementArrayFinder":{"locator_":{"using":"css selector","value":".zoe-inline.reel"}},"elementArrayFinder_":{"locator_":{"$ref":"$[\"inlineDivSelector\"][\"parentElementArrayFinder\"][\"locator_\"]"}}},"widgetWrapperSelector":{"parentElementArrayFinder":{"locator_":{"using":"css selector","value":".zoe-engage-wrapper"}},"elementArrayFinder_":{"locator_":{"$ref":"$[\"widgetWrapperSelector\"][\"parentElementArrayFinder\"][\"locator_\"]"}}},"widgetWrapperImage":{"parentElementArrayFinder":{"locator_":{"using":"css selector","value":".zoe-frame"}},"elementArrayFinder_":{"locator_":{"$ref":"$[\"widgetWrapperImage\"][\"parentElementArrayFinder\"][\"locator_\"]"}}},"pageImageSelector":{"parentElementArrayFinder":{"locator_":{"using":"css selector","value":".zoe-engage-wrapper"}},"elementArrayFinder_":{"locator_":{"$ref":"$[\"pageImageSelector\"][\"parentElementArrayFinder\"][\"locator_\"]"}}},"inlineTrigger":{"parentElementArrayFinder":{"locator_":{"using":"css selector","value":"a.zoe-engage-trigger"}},"elementArrayFinder_":{"locator_":{"$ref":"$[\"inlineTrigger\"][\"parentElementArrayFinder\"][\"locator_\"]"}}},"inlineWrapper":{"parentElementArrayFinder":{"locator_":{"using":"css selector","value":".zoe-engage-wrapper.zoe-inline"}},"elementArrayFinder_":{"locator_":{"$ref":"$[\"inlineWrapper\"][\"parentElementArrayFinder\"][\"locator_\"]"}}},"frameSelector":{"parentElementArrayFinder":{"locator_":{"using":"css selector","value":".zoe-frame"}},"elementArrayFinder_":{"locator_":{"$ref":"$[\"frameSelector\"][\"parentElementArrayFinder\"][\"locator_\"]"}}},"interactCTA":{"parentElementArrayFinder":{"locator_":{"using":"css selector","value":".zoe-interact-cta"}},"elementArrayFinder_":{"locator_":{"$ref":"$[\"interactCTA\"][\"parentElementArrayFinder\"][\"locator_\"]"}}},"triggerCTA":{"parentElementArrayFinder":{"locator_":{"using":"css selector","value":".zoe-trigger-cta"}},"elementArrayFinder_":{"locator_":{"$ref":"$[\"triggerCTA\"][\"parentElementArrayFinder\"][\"locator_\"]"}}},"helpRotate":{"parentElementArrayFinder":{"locator_":{"using":"css selector","value":".zoe-help-rotate .zoe-help-text"}},"elementArrayFinder_":{"locator_":{"$ref":"$[\"helpRotate\"][\"parentElementArrayFinder\"][\"locator_\"]"}}},"helpElevate":{"parentElementArrayFinder":{"locator_":{"using":"css selector","value":".zoe-help-elevate .zoe-help-text"}},"elementArrayFinder_":{"locator_":{"$ref":"$[\"helpElevate\"][\"parentElementArrayFinder\"][\"locator_\"]"}}},"helpZoom":{"parentElementArrayFinder":{"locator_":{"using":"css selector","value":".zoe-help-zoom .zoe-help-text"}},"elementArrayFinder_":{"locator_":{"$ref":"$[\"helpZoom\"][\"parentElementArrayFinder\"][\"locator_\"]"}}},"helpBrand":{"parentElementArrayFinder":{"locator_":{"using":"css selector","value":".zoe-help-brand .zoe-help-text"}},"elementArrayFinder_":{"locator_":{"$ref":"$[\"helpBrand\"][\"parentElementArrayFinder\"][\"locator_\"]"}}},"extraContent":{"parentElementArrayFinder":{"locator_":{"using":"css selector","value":".zoe-display-extra-content"}},"elementArrayFinder_":{"locator_":{"$ref":"$[\"extraContent\"][\"parentElementArrayFinder\"][\"locator_\"]"}}},"level":"debug","message":"elementFinder is ","timestamp":"2014-10-08T13:31:35.862Z"}
{"level":"info","message":"Initialising jasmine tests","timestamp":"2014-10-08T13:31:35.874Z"}
{"inline":{},"popover":{},"indiscriminate":{},"progressWrapper":{"parentElementArrayFinder":{"locator_":{"using":"css selector","value":".zoe-progress-wrapper"}},"elementArrayFinder_":{"locator_":{"$ref":"$[\"progressWrapper\"][\"parentElementArrayFinder\"][\"locator_\"]"}}},"widgetOverlay":{"parentElementArrayFinder":{"locator_":{"using":"css selector","value":"#zoe-zbox-overlay"}},"elementArrayFinder_":{"locator_":{"$ref":"$[\"widgetOverlay\"][\"parentElementArrayFinder\"][\"locator_\"]"}}},"widgetTrigger":{"parentElementArrayFinder":{"locator_":{"using":"css selector","value":".zoe-engage-trigger>img"}},"elementArrayFinder_":{"locator_":{"$ref":"$[\"widgetTrigger\"][\"parentElementArrayFinder\"][\"locator_\"]"}}},"widgetColorbox":{"parentElementArrayFinder":{"locator_":{"using":"css selector","value":"#zoe-zbox-content"}},"elementArrayFinder_":{"locator_":{"$ref":"$[\"widgetColorbox\"][\"parentElementArrayFinder\"][\"locator_\"]"}}},"helpButton":{"parentElementArrayFinder":{"locator_":{"using":"css selector","value":".zoe-btn-help"}},"elementArrayFinder_":{"locator_":{"$ref":"$[\"helpButton\"][\"parentElementArrayFinder\"][\"locator_\"]"}}},"helpElement":{"parentElementArrayFinder":{"locator_":{"using":"css selector","value":".zoe-help-overlay"}},"elementArrayFinder_":{"locator_":{"$ref":"$[\"helpElement\"][\"parentElementArrayFinder\"][\"locator_\"]"}}},"zoomButton":{"parentElementArrayFinder":{"locator_":{"using":"css selector","value":".zoe-btn-zoom"}},"elementArrayFinder_":{"locator_":{"$ref":"$[\"zoomButton\"][\"parentElementArrayFinder\"][\"locator_\"]"}}},"zoomElement":{"parentElementArrayFinder":{"locator_":{"using":"css selector","value":".zoe-zoom"}},"elementArrayFinder_":{"locator_":{"$ref":"$[\"zoomElement\"][\"parentElementArrayFinder\"][\"locator_\"]"}}},"zoomImage":{"parentElementArrayFinder":{"locator_":{"using":"css selector","value":".zoe-zoom-frame"}},"elementArrayFinder_":{"locator_":{"$ref":"$[\"zoomImage\"][\"parentElementArrayFinder\"][\"locator_\"]"}}},"closeButton":{"parentElementArrayFinder":{"locator_":{"using":"css selector","value":".zoe-btn-close"}},"elementArrayFinder_":{"locator_":{"$ref":"$[\"closeButton\"][\"parentElementArrayFinder\"][\"locator_\"]"}}},"widgetImageDiv":{"parentElementArrayFinder":{"locator_":{"using":"css selector","value":".zoe-engage-image.reel"}},"elementArrayFinder_":{"locator_":{"$ref":"$[\"widgetImageDiv\"][\"parentElementArrayFinder\"][\"locator_\"]"}}},"inlineDivSelector":{"parentElementArrayFinder":{"locator_":{"using":"css selector","value":".zoe-inline.reel"}},"elementArrayFinder_":{"locator_":{"$ref":"$[\"inlineDivSelector\"][\"parentElementArrayFinder\"][\"locator_\"]"}}},"widgetWrapperSelector":{"parentElementArrayFinder":{"locator_":{"using":"css selector","value":".zoe-engage-wrapper"}},"elementArrayFinder_":{"locator_":{"$ref":"$[\"widgetWrapperSelector\"][\"parentElementArrayFinder\"][\"locator_\"]"}}},"widgetWrapperImage":{"parentElementArrayFinder":{"locator_":{"using":"css selector","value":".zoe-frame"}},"elementArrayFinder_":{"locator_":{"$ref":"$[\"widgetWrapperImage\"][\"parentElementArrayFinder\"][\"locator_\"]"}}},"pageImageSelector":{"parentElementArrayFinder":{"locator_":{"using":"css selector","value":".zoe-engage-wrapper"}},"elementArrayFinder_":{"locator_":{"$ref":"$[\"pageImageSelector\"][\"parentElementArrayFinder\"][\"locator_\"]"}}},"inlineTrigger":{"parentElementArrayFinder":{"locator_":{"using":"css selector","value":"a.zoe-engage-trigger"}},"elementArrayFinder_":{"locator_":{"$ref":"$[\"inlineTrigger\"][\"parentElementArrayFinder\"][\"locator_\"]"}}},"inlineWrapper":{"parentElementArrayFinder":{"locator_":{"using":"css selector","value":".zoe-engage-wrapper.zoe-inline"}},"elementArrayFinder_":{"locator_":{"$ref":"$[\"inlineWrapper\"][\"parentElementArrayFinder\"][\"locator_\"]"}}},"frameSelector":{"parentElementArrayFinder":{"locator_":{"using":"css selector","value":".zoe-frame"}},"elementArrayFinder_":{"locator_":{"$ref":"$[\"frameSelector\"][\"parentElementArrayFinder\"][\"locator_\"]"}}},"interactCTA":{"parentElementArrayFinder":{"locator_":{"using":"css selector","value":".zoe-interact-cta"}},"elementArrayFinder_":{"locator_":{"$ref":"$[\"interactCTA\"][\"parentElementArrayFinder\"][\"locator_\"]"}}},"triggerCTA":{"parentElementArrayFinder":{"locator_":{"using":"css selector","value":".zoe-trigger-cta"}},"elementArrayFinder_":{"locator_":{"$ref":"$[\"triggerCTA\"][\"parentElementArrayFinder\"][\"locator_\"]"}}},"helpRotate":{"parentElementArrayFinder":{"locator_":{"using":"css selector","value":".zoe-help-rotate .zoe-help-text"}},"elementArrayFinder_":{"locator_":{"$ref":"$[\"helpRotate\"][\"parentElementArrayFinder\"][\"locator_\"]"}}},"helpElevate":{"parentElementArrayFinder":{"locator_":{"using":"css selector","value":".zoe-help-elevate .zoe-help-text"}},"elementArrayFinder_":{"locator_":{"$ref":"$[\"helpElevate\"][\"parentElementArrayFinder\"][\"locator_\"]"}}},"helpZoom":{"parentElementArrayFinder":{"locator_":{"using":"css selector","value":".zoe-help-zoom .zoe-help-text"}},"elementArrayFinder_":{"locator_":{"$ref":"$[\"helpZoom\"][\"parentElementArrayFinder\"][\"locator_\"]"}}},"helpBrand":{"parentElementArrayFinder":{"locator_":{"using":"css selector","value":".zoe-help-brand .zoe-help-text"}},"elementArrayFinder_":{"locator_":{"$ref":"$[\"helpBrand\"][\"parentElementArrayFinder\"][\"locator_\"]"}}},"extraContent":{"parentElementArrayFinder":{"locator_":{"using":"css selector","value":".zoe-display-extra-content"}},"elementArrayFinder_":{"locator_":{"$ref":"$[\"extraContent\"][\"parentElementArrayFinder\"][\"locator_\"]"}}},"level":"debug","message":"elementFinder is ","timestamp":"2014-10-08T13:31:35.877Z"}
{"level":"info","message":"Initialising jasmine tests","timestamp":"2014-10-08T13:31:35.898Z"}
{"inline":{},"popover":{},"indiscriminate":{},"progressWrapper":{"parentElementArrayFinder":{"locator_":{"using":"css selector","value":".zoe-progress-wrapper"}},"elementArrayFinder_":{"locator_":{"$ref":"$[\"progressWrapper\"][\"parentElementArrayFinder\"][\"locator_\"]"}}},"widgetOverlay":{"parentElementArrayFinder":{"locator_":{"using":"css selector","value":"#zoe-zbox-overlay"}},"elementArrayFinder_":{"locator_":{"$ref":"$[\"widgetOverlay\"][\"parentElementArrayFinder\"][\"locator_\"]"}}},"widgetTrigger":{"parentElementArrayFinder":{"locator_":{"using":"css selector","value":".zoe-engage-trigger>img"}},"elementArrayFinder_":{"locator_":{"$ref":"$[\"widgetTrigger\"][\"parentElementArrayFinder\"][\"locator_\"]"}}},"widgetColorbox":{"parentElementArrayFinder":{"locator_":{"using":"css selector","value":"#zoe-zbox-content"}},"elementArrayFinder_":{"locator_":{"$ref":"$[\"widgetColorbox\"][\"parentElementArrayFinder\"][\"locator_\"]"}}},"helpButton":{"parentElementArrayFinder":{"locator_":{"using":"css selector","value":".zoe-btn-help"}},"elementArrayFinder_":{"locator_":{"$ref":"$[\"helpButton\"][\"parentElementArrayFinder\"][\"locator_\"]"}}},"helpElement":{"parentElementArrayFinder":{"locator_":{"using":"css selector","value":".zoe-help-overlay"}},"elementArrayFinder_":{"locator_":{"$ref":"$[\"helpElement\"][\"parentElementArrayFinder\"][\"locator_\"]"}}},"zoomButton":{"parentElementArrayFinder":{"locator_":{"using":"css selector","value":".zoe-btn-zoom"}},"elementArrayFinder_":{"locator_":{"$ref":"$[\"zoomButton\"][\"parentElementArrayFinder\"][\"locator_\"]"}}},"zoomElement":{"parentElementArrayFinder":{"locator_":{"using":"css selector","value":".zoe-zoom"}},"elementArrayFinder_":{"locator_":{"$ref":"$[\"zoomElement\"][\"parentElementArrayFinder\"][\"locator_\"]"}}},"zoomImage":{"parentElementArrayFinder":{"locator_":{"using":"css selector","value":".zoe-zoom-frame"}},"elementArrayFinder_":{"locator_":{"$ref":"$[\"zoomImage\"][\"parentElementArrayFinder\"][\"locator_\"]"}}},"closeButton":{"parentElementArrayFinder":{"locator_":{"using":"css selector","value":".zoe-btn-close"}},"elementArrayFinder_":{"locator_":{"$ref":"$[\"closeButton\"][\"parentElementArrayFinder\"][\"locator_\"]"}}},"widgetImageDiv":{"parentElementArrayFinder":{"locator_":{"using":"css selector","value":".zoe-engage-image.reel"}},"elementArrayFinder_":{"locator_":{"$ref":"$[\"widgetImageDiv\"][\"parentElementArrayFinder\"][\"locator_\"]"}}},"inlineDivSelector":{"parentElementArrayFinder":{"locator_":{"using":"css selector","value":".zoe-inline.reel"}},"elementArrayFinder_":{"locator_":{"$ref":"$[\"inlineDivSelector\"][\"parentElementArrayFinder\"][\"locator_\"]"}}},"widgetWrapperSelector":{"parentElementArrayFinder":{"locator_":{"using":"css selector","value":".zoe-engage-wrapper"}},"elementArrayFinder_":{"locator_":{"$ref":"$[\"widgetWrapperSelector\"][\"parentElementArrayFinder\"][\"locator_\"]"}}},"widgetWrapperImage":{"parentElementArrayFinder":{"locator_":{"using":"css selector","value":".zoe-frame"}},"elementArrayFinder_":{"locator_":{"$ref":"$[\"widgetWrapperImage\"][\"parentElementArrayFinder\"][\"locator_\"]"}}},"pageImageSelector":{"parentElementArrayFinder":{"locator_":{"using":"css selector","value":".zoe-engage-wrapper"}},"elementArrayFinder_":{"locator_":{"$ref":"$[\"pageImageSelector\"][\"parentElementArrayFinder\"][\"locator_\"]"}}},"inlineTrigger":{"parentElementArrayFinder":{"locator_":{"using":"css selector","value":"a.zoe-engage-trigger"}},"elementArrayFinder_":{"locator_":{"$ref":"$[\"inlineTrigger\"][\"parentElementArrayFinder\"][\"locator_\"]"}}},"inlineWrapper":{"parentElementArrayFinder":{"locator_":{"using":"css selector","value":".zoe-engage-wrapper.zoe-inline"}},"elementArrayFinder_":{"locator_":{"$ref":"$[\"inlineWrapper\"][\"parentElementArrayFinder\"][\"locator_\"]"}}},"frameSelector":{"parentElementArrayFinder":{"locator_":{"using":"css selector","value":".zoe-frame"}},"elementArrayFinder_":{"locator_":{"$ref":"$[\"frameSelector\"][\"parentElementArrayFinder\"][\"locator_\"]"}}},"interactCTA":{"parentElementArrayFinder":{"locator_":{"using":"css selector","value":".zoe-interact-cta"}},"elementArrayFinder_":{"locator_":{"$ref":"$[\"interactCTA\"][\"parentElementArrayFinder\"][\"locator_\"]"}}},"triggerCTA":{"parentElementArrayFinder":{"locator_":{"using":"css selector","value":".zoe-trigger-cta"}},"elementArrayFinder_":{"locator_":{"$ref":"$[\"triggerCTA\"][\"parentElementArrayFinder\"][\"locator_\"]"}}},"helpRotate":{"parentElementArrayFinder":{"locator_":{"using":"css selector","value":".zoe-help-rotate .zoe-help-text"}},"elementArrayFinder_":{"locator_":{"$ref":"$[\"helpRotate\"][\"parentElementArrayFinder\"][\"locator_\"]"}}},"helpElevate":{"parentElementArrayFinder":{"locator_":{"using":"css selector","value":".zoe-help-elevate .zoe-help-text"}},"elementArrayFinder_":{"locator_":{"$ref":"$[\"helpElevate\"][\"parentElementArrayFinder\"][\"locator_\"]"}}},"helpZoom":{"parentElementArrayFinder":{"locator_":{"using":"css selector","value":".zoe-help-zoom .zoe-help-text"}},"elementArrayFinder_":{"locator_":{"$ref":"$[\"helpZoom\"][\"parentElementArrayFinder\"][\"locator_\"]"}}},"helpBrand":{"parentElementArrayFinder":{"locator_":{"using":"css selector","value":".zoe-help-brand .zoe-help-text"}},"elementArrayFinder_":{"locator_":{"$ref":"$[\"helpBrand\"][\"parentElementArrayFinder\"][\"locator_\"]"}}},"extraContent":{"parentElementArrayFinder":{"locator_":{"using":"css selector","value":".zoe-display-extra-content"}},"elementArrayFinder_":{"locator_":{"$ref":"$[\"extraContent\"][\"parentElementArrayFinder\"][\"locator_\"]"}}},"level":"debug","message":"elementFinder is ","timestamp":"2014-10-08T13:31:35.901Z"}
{"takesScreenshot":true,"version":"6.0.5","cssSelectorsEnabled":true,"javascriptEnabled":true,"browserName":"safari","platform":"MAC","secureSsl":true,"webdriver.remote.sessionid":"2d2e3c08cd174fa08e5a74bf7ab3a4b9","hasMetadata":true,"level":"info","message":"","timestamp":"2014-10-08T13:31:53.331Z"}
{"level":"info","message":"undefined","timestamp":"2014-10-08T13:31:53.332Z"}
{"level":"info","message":"Initialising file paths with browser & version","timestamp":"2014-10-08T13:31:53.332Z"}
{"level":"info","message":"Initialising file paths with browser & version","timestamp":"2014-10-08T13:31:53.332Z"}
{"level":"info","message":"Initialising file paths with browser & version","timestamp":"2014-10-08T13:31:53.332Z"}
{"level":"info","message":"Initialising file paths with browser & version","timestamp":"2014-10-08T13:31:53.332Z"}
{"level":"info","message":"Initialising file paths with browser & version","timestamp":"2014-10-08T13:31:53.332Z"}
{"level":"info","message":"Initialising file paths with browser & version","timestamp":"2014-10-08T13:31:53.332Z"}
{"level":"info","message":"Initialising file paths with browser & version","timestamp":"2014-10-08T13:31:53.333Z"}
{"level":"info","message":"Initialising file paths with browser & version","timestamp":"2014-10-08T13:31:53.333Z"}
{"level":"info","message":"Initialising file paths with browser & version","timestamp":"2014-10-08T13:31:53.333Z"}
{"level":"info","message":"Initialising file paths with browser & version","timestamp":"2014-10-08T13:31:53.333Z"}
{"level":"info","message":"Initialising file paths with browser & version","timestamp":"2014-10-08T13:31:53.333Z"}
{"level":"info","message":"Initialising file paths with browser & version","timestamp":"2014-10-08T13:31:53.333Z"}
{"level":"info","message":"Initialising file paths with browser & version","timestamp":"2014-10-08T13:31:53.333Z"}
{"level":"info","message":"Initialising file paths with browser & version","timestamp":"2014-10-08T13:31:53.333Z"}
{"level":"info","message":"Initialising file paths with browser & version","timestamp":"2014-10-08T13:31:53.333Z"}
{"level":"info","message":"Initialising file paths with browser & version","timestamp":"2014-10-08T13:31:53.333Z"}
{"level":"info","message":"Initialising file paths with browser & version","timestamp":"2014-10-08T13:31:53.333Z"}
{"level":"info","message":"Initialising file paths with browser & version","timestamp":"2014-10-08T13:31:53.333Z"}
{"level":"info","message":"Initialising file paths with browser & version","timestamp":"2014-10-08T13:31:53.333Z"}
{"level":"info","message":"Initialising file paths with browser & version","timestamp":"2014-10-08T13:31:53.333Z"}
{"level":"info","message":"Initialising file paths with browser & version","timestamp":"2014-10-08T13:31:53.333Z"}
{"level":"info","message":"Initialising file paths with browser & version","timestamp":"2014-10-08T13:31:53.333Z"}
{"level":"info","message":"Initialising file paths with browser & version","timestamp":"2014-10-08T13:31:53.334Z"}
{"level":"info","message":"Initialising file paths with browser & version","timestamp":"2014-10-08T13:31:53.334Z"}
{"level":"info","message":"Initialising file paths with browser & version","timestamp":"2014-10-08T13:31:53.334Z"}
{"level":"info","message":"Initialising file paths with browser & version","timestamp":"2014-10-08T13:31:53.334Z"}
{"level":"info","message":"Initialising file paths with browser & version","timestamp":"2014-10-08T13:31:53.334Z"}
{"level":"info","message":"Opening URL: http://jenkins.zoetrope.io:8888/v3/testInline.html","timestamp":"2014-10-08T13:31:54.444Z"}
{"level":"info","message":"Saving screenshot to images/load.jpgpopoversafari6.0.5.png","timestamp":"2014-10-08T13:32:14.423Z"}
{"level":"info","message":"Saved screenshot","timestamp":"2014-10-08T13:32:23.936Z"}
{"level":"info","message":"Clicking the help button","timestamp":"2014-10-08T13:32:23.974Z"}
{"parentElementArrayFinder":{"locator_":{"using":"css selector","value":".zoe-btn-help"}},"elementArrayFinder_":{"locator_":{"$ref":"$[\"parentElementArrayFinder\"][\"locator_\"]"}},"level":"info","message":"help button is","timestamp":"2014-10-08T13:32:23.978Z"}
{"level":"info","message":"Got help style of ","timestamp":"2014-10-08T13:32:30.064Z"}
{"level":"info","message":"Saving screenshot to images/help.jpgpopoversafari6.0.5.png","timestamp":"2014-10-08T13:32:30.110Z"}
{"level":"info","message":"Saved screenshot","timestamp":"2014-10-08T13:32:36.382Z"}
{"level":"info","message":"Clicking the help button","timestamp":"2014-10-08T13:32:36.424Z"}
{"parentElementArrayFinder":{"locator_":{"using":"css selector","value":".zoe-btn-help"}},"elementArrayFinder_":{"locator_":{"$ref":"$[\"parentElementArrayFinder\"][\"locator_\"]"}},"level":"info","message":"help button is","timestamp":"2014-10-08T13:32:36.427Z"}
{"rotatable":false,"browserConnectionEnabled":true,"acceptSslCerts":true,"cssSelectorsEnabled":true,"javascriptEnabled":true,"nativeEvents":true,"databaseEnabled":true,"locationContextEnabled":true,"takesScreenshot":true,"platform":"XP","browserName":"firefox","webdriver.remote.sessionid":"6fd3db84bcc14330b4bb9a0765fd7da1","hasMetadata":true,"version":"27.0","applicationCacheEnabled":true,"webStorageEnabled":true,"handlesAlerts":true,"level":"info","message":"","timestamp":"2014-10-08T13:32:44.637Z"}
{"level":"info","message":"undefined","timestamp":"2014-10-08T13:32:44.638Z"}
{"level":"info","message":"Initialising file paths with browser & version","timestamp":"2014-10-08T13:32:44.638Z"}
{"level":"info","message":"Initialising file paths with browser & version","timestamp":"2014-10-08T13:32:44.638Z"}
{"level":"info","message":"Initialising file paths with browser & version","timestamp":"2014-10-08T13:32:44.638Z"}
{"level":"info","message":"Initialising file paths with browser & version","timestamp":"2014-10-08T13:32:44.638Z"}
{"level":"info","message":"Initialising file paths with browser & version","timestamp":"2014-10-08T13:32:44.638Z"}
{"level":"info","message":"Initialising file paths with browser & version","timestamp":"2014-10-08T13:32:44.638Z"}
{"level":"info","message":"Initialising file paths with browser & version","timestamp":"2014-10-08T13:32:44.639Z"}
{"level":"info","message":"Initialising file paths with browser & version","timestamp":"2014-10-08T13:32:44.639Z"}
{"level":"info","message":"Initialising file paths with browser & version","timestamp":"2014-10-08T13:32:44.639Z"}
{"level":"info","message":"Initialising file paths with browser & version","timestamp":"2014-10-08T13:32:44.639Z"}
{"level":"info","message":"Initialising file paths with browser & version","timestamp":"2014-10-08T13:32:44.639Z"}
{"level":"info","message":"Initialising file paths with browser & version","timestamp":"2014-10-08T13:32:44.639Z"}
{"level":"info","message":"Initialising file paths with browser & version","timestamp":"2014-10-08T13:32:44.639Z"}
{"level":"info","message":"Initialising file paths with browser & version","timestamp":"2014-10-08T13:32:44.639Z"}
{"level":"info","message":"Initialising file paths with browser & version","timestamp":"2014-10-08T13:32:44.639Z"}
{"level":"info","message":"Initialising file paths with browser & version","timestamp":"2014-10-08T13:32:44.639Z"}
{"level":"info","message":"Initialising file paths with browser & version","timestamp":"2014-10-08T13:32:44.639Z"}
{"level":"info","message":"Initialising file paths with browser & version","timestamp":"2014-10-08T13:32:44.639Z"}
{"level":"info","message":"Initialising file paths with browser & version","timestamp":"2014-10-08T13:32:44.639Z"}
{"level":"info","message":"Initialising file paths with browser & version","timestamp":"2014-10-08T13:32:44.639Z"}
{"level":"info","message":"Initialising file paths with browser & version","timestamp":"2014-10-08T13:32:44.639Z"}
{"level":"info","message":"Initialising file paths with browser & version","timestamp":"2014-10-08T13:32:44.639Z"}
{"level":"info","message":"Initialising file paths with browser & version","timestamp":"2014-10-08T13:32:44.639Z"}
{"level":"info","message":"Initialising file paths with browser & version","timestamp":"2014-10-08T13:32:44.640Z"}
{"level":"info","message":"Initialising file paths with browser & version","timestamp":"2014-10-08T13:32:44.640Z"}
{"level":"info","message":"Initialising file paths with browser & version","timestamp":"2014-10-08T13:32:44.640Z"}
{"level":"info","message":"Initialising file paths with browser & version","timestamp":"2014-10-08T13:32:44.640Z"}
{"level":"info","message":"Opening URL: http://jenkins.zoetrope.io:8888/v3/testInline.html","timestamp":"2014-10-08T13:32:45.616Z"}
{"level":"info","message":"Got help style of display: none; ","timestamp":"2014-10-08T13:32:45.914Z"}
{"level":"info","message":"Saving screenshot to images/helpClose.jpgpopoversafari6.0.5.png","timestamp":"2014-10-08T13:32:45.955Z"}
{"level":"info","message":"Saved screenshot","timestamp":"2014-10-08T13:32:53.216Z"}
{"level":"info","message":"Clicking the zoom button","timestamp":"2014-10-08T13:32:53.261Z"}
{"level":"info","message":"Saving screenshot to images/zoom.jpgpopoversafari6.0.5.png","timestamp":"2014-10-08T13:32:53.266Z"}
{"level":"info","message":"Saving screenshot to images/load.jpgpopoverfirefox27.0.png","timestamp":"2014-10-08T13:33:07.031Z"}
{"level":"info","message":"Saved screenshot","timestamp":"2014-10-08T13:33:09.445Z"}
{"level":"info","message":"Clicking the zoom button","timestamp":"2014-10-08T13:33:09.470Z"}
{"level":"info","message":"Saving screenshot to images/zoomClose.jpgpopoversafari6.0.5.png","timestamp":"2014-10-08T13:33:09.474Z"}
{"level":"info","message":"Saved screenshot","timestamp":"2014-10-08T13:33:09.540Z"}
{"level":"info","message":"Clicking the help button","timestamp":"2014-10-08T13:33:09.580Z"}
{"parentElementArrayFinder":{"locator_":{"using":"css selector","value":".zoe-btn-help"}},"elementArrayFinder_":{"locator_":{"$ref":"$[\"parentElementArrayFinder\"][\"locator_\"]"}},"level":"info","message":"help button is","timestamp":"2014-10-08T13:33:09.584Z"}
{"level":"info","message":"Got help style of ","timestamp":"2014-10-08T13:33:14.911Z"}
{"level":"info","message":"Saving screenshot to images/help.jpgpopoverfirefox27.0.png","timestamp":"2014-10-08T13:33:14.953Z"}
{"level":"info","message":"Saved screenshot","timestamp":"2014-10-08T13:33:16.588Z"}
{"level":"info","message":"Clicking the help button","timestamp":"2014-10-08T13:33:16.629Z"}
{"parentElementArrayFinder":{"locator_":{"using":"css selector","value":".zoe-btn-help"}},"elementArrayFinder_":{"locator_":{"$ref":"$[\"parentElementArrayFinder\"][\"locator_\"]"}},"level":"info","message":"help button is","timestamp":"2014-10-08T13:33:16.633Z"}
{"level":"info","message":"Got help style of display: none;","timestamp":"2014-10-08T13:33:23.395Z"}
{"level":"info","message":"Saving screenshot to images/helpClose.jpgpopoverfirefox27.0.png","timestamp":"2014-10-08T13:33:23.438Z"}
{"level":"info","message":"Saved screenshot","timestamp":"2014-10-08T13:33:23.632Z"}
{"level":"info","message":"Opening URL: http://jenkins.zoetrope.io:8888/v3/testPopover.html","timestamp":"2014-10-08T13:33:23.657Z"}
{"level":"info","message":"Saved screenshot","timestamp":"2014-10-08T13:33:25.204Z"}
{"level":"info","message":"Clicking the zoom button","timestamp":"2014-10-08T13:33:25.255Z"}
{"level":"info","message":"Saving screenshot to images/zoom.jpgpopoverfirefox27.0.png","timestamp":"2014-10-08T13:33:25.260Z"}
{"level":"info","message":"Saving screenshot to images/load.jpgpopoversafari6.0.5.png","timestamp":"2014-10-08T13:33:26.471Z"}
{"level":"info","message":"Saved screenshot","timestamp":"2014-10-08T13:33:32.114Z"}
{"level":"info","message":"Clicking on widget trigger","timestamp":"2014-10-08T13:33:32.147Z"}
{"level":"info","message":"Saving screenshot to images/openWidget.jpgpopoversafari6.0.5.png","timestamp":"2014-10-08T13:33:34.640Z"}
{"level":"info","message":"Saved screenshot","timestamp":"2014-10-08T13:33:38.287Z"}
{"level":"info","message":"Clicking the zoom button","timestamp":"2014-10-08T13:33:38.307Z"}
{"level":"info","message":"Saving screenshot to images/zoomClose.jpgpopoverfirefox27.0.png","timestamp":"2014-10-08T13:33:38.311Z"}
{"level":"info","message":"Saved screenshot","timestamp":"2014-10-08T13:33:44.265Z"}
{"level":"info","message":"Opening URL: http://jenkins.zoetrope.io:8888/v3/testPopover.html","timestamp":"2014-10-08T13:33:44.298Z"}
{"level":"info","message":"Saved screenshot","timestamp":"2014-10-08T13:33:45.548Z"}
{"level":"info","message":"Clicking the help button","timestamp":"2014-10-08T13:33:45.593Z"}
{"parentElementArrayFinder":{"locator_":{"using":"css selector","value":".zoe-btn-help"}},"elementArrayFinder_":{"locator_":{"$ref":"$[\"parentElementArrayFinder\"][\"locator_\"]"}},"level":"info","message":"help button is","timestamp":"2014-10-08T13:33:45.596Z"}
{"level":"info","message":"Saving screenshot to images/load.jpgpopoverfirefox27.0.png","timestamp":"2014-10-08T13:33:48.412Z"}
{"level":"info","message":"Got help style of ","timestamp":"2014-10-08T13:33:52.737Z"}
{"level":"info","message":"Saving screenshot to images/help.jpgpopoversafari6.0.5.png","timestamp":"2014-10-08T13:33:52.779Z"}
{"level":"info","message":"Saved screenshot","timestamp":"2014-10-08T13:33:56.040Z"}
{"level":"info","message":"Clicking on widget trigger","timestamp":"2014-10-08T13:33:56.077Z"}
{"level":"info","message":"Saving screenshot to images/openWidget.jpgpopoverfirefox27.0.png","timestamp":"2014-10-08T13:34:00.409Z"}
{"level":"info","message":"Saved screenshot","timestamp":"2014-10-08T13:34:02.379Z"}
{"level":"info","message":"Clicking the help button","timestamp":"2014-10-08T13:34:02.423Z"}
{"parentElementArrayFinder":{"locator_":{"using":"css selector","value":".zoe-btn-help"}},"elementArrayFinder_":{"locator_":{"$ref":"$[\"parentElementArrayFinder\"][\"locator_\"]"}},"level":"info","message":"help button is","timestamp":"2014-10-08T13:34:02.428Z"}
{"level":"info","message":"Saved screenshot","timestamp":"2014-10-08T13:34:09.726Z"}
{"level":"info","message":"Clicking the help button","timestamp":"2014-10-08T13:34:09.757Z"}
{"parentElementArrayFinder":{"locator_":{"using":"css selector","value":".zoe-btn-help"}},"elementArrayFinder_":{"locator_":{"$ref":"$[\"parentElementArrayFinder\"][\"locator_\"]"}},"level":"info","message":"help button is","timestamp":"2014-10-08T13:34:09.760Z"}
{"level":"info","message":"Got help style of display: none; ","timestamp":"2014-10-08T13:34:10.883Z"}
{"level":"info","message":"Saving screenshot to images/helpClose.jpgpopoversafari6.0.5.png","timestamp":"2014-10-08T13:34:10.923Z"}
{"level":"info","message":"Got help style of ","timestamp":"2014-10-08T13:34:16.455Z"}
{"level":"info","message":"Saving screenshot to images/help.jpgpopoverfirefox27.0.png","timestamp":"2014-10-08T13:34:16.498Z"}
{"level":"info","message":"Saved screenshot","timestamp":"2014-10-08T13:34:17.820Z"}
{"level":"info","message":"Clicking the zoom button","timestamp":"2014-10-08T13:34:17.864Z"}
{"level":"info","message":"Saving screenshot to images/zoom.jpgpopoversafari6.0.5.png","timestamp":"2014-10-08T13:34:17.869Z"}
{"level":"info","message":"Saved screenshot","timestamp":"2014-10-08T13:34:20.206Z"}
{"level":"info","message":"Clicking the help button","timestamp":"2014-10-08T13:34:20.248Z"}
{"parentElementArrayFinder":{"locator_":{"using":"css selector","value":".zoe-btn-help"}},"elementArrayFinder_":{"locator_":{"$ref":"$[\"parentElementArrayFinder\"][\"locator_\"]"}},"level":"info","message":"help button is","timestamp":"2014-10-08T13:34:20.251Z"}
{"level":"info","message":"Got help style of display: none;","timestamp":"2014-10-08T13:34:24.445Z"}
{"level":"info","message":"Saving screenshot to images/helpClose.jpgpopoverfirefox27.0.png","timestamp":"2014-10-08T13:34:24.489Z"}
{"level":"info","message":"Saved screenshot","timestamp":"2014-10-08T13:34:29.559Z"}
{"level":"info","message":"Clicking the zoom button","timestamp":"2014-10-08T13:34:29.604Z"}
{"level":"info","message":"Saving screenshot to images/zoom.jpgpopoverfirefox27.0.png","timestamp":"2014-10-08T13:34:29.608Z"}
{"level":"info","message":"Saved screenshot","timestamp":"2014-10-08T13:34:31.297Z"}
{"level":"info","message":"Clicking the zoom button","timestamp":"2014-10-08T13:34:31.309Z"}
{"level":"info","message":"Saving screenshot to images/zoomClose.jpgpopoversafari6.0.5.png","timestamp":"2014-10-08T13:34:31.313Z"}
{"level":"info","message":"Saved screenshot","timestamp":"2014-10-08T13:34:39.274Z"}
{"level":"info","message":"Saved screenshot","timestamp":"2014-10-08T13:34:39.761Z"}
{"level":"info","message":"Clicking the zoom button","timestamp":"2014-10-08T13:34:39.785Z"}
{"level":"info","message":"Saving screenshot to images/zoomClose.jpgpopoverfirefox27.0.png","timestamp":"2014-10-08T13:34:39.789Z"}
{"level":"info","message":"Saved screenshot","timestamp":"2014-10-08T13:34:43.695Z"}
{"takesScreenshot":true,"webdriver.remote.sessionid":"933132475eb0460d99354818647657a1","unexpectedAlertBehaviour":"dismiss","ie.browserCommandLineSwitches":"","browserAttachTimeout":0,"ie.ensureCleanSession":false,"ignoreProtectedModeSettings":false,"platform":"WINDOWS","version":"11","ignoreZoomSetting":false,"nativeEvents":true,"handlesAlerts":true,"javascriptEnabled":true,"requireWindowFocus":false,"ie.usePerProcessProxy":false,"hasMetadata":true,"initialBrowserUrl":"http://localhost:7603/","enableElementCacheCleanup":true,"cssSelectorsEnabled":true,"browserName":"internet explorer","elementScrollBehavior":0,"enablePersistentHover":true,"ie.forceCreateProcessApi":false,"level":"info","message":"","timestamp":"2014-10-08T13:34:55.399Z"}
{"level":"info","message":"undefined","timestamp":"2014-10-08T13:34:55.400Z"}
{"level":"info","message":"Initialising file paths with browser & version","timestamp":"2014-10-08T13:34:55.400Z"}
{"level":"info","message":"Initialising file paths with browser & version","timestamp":"2014-10-08T13:34:55.400Z"}
{"level":"info","message":"Initialising file paths with browser & version","timestamp":"2014-10-08T13:34:55.400Z"}
{"level":"info","message":"Initialising file paths with browser & version","timestamp":"2014-10-08T13:34:55.400Z"}
{"level":"info","message":"Initialising file paths with browser & version","timestamp":"2014-10-08T13:34:55.400Z"}
{"level":"info","message":"Initialising file paths with browser & version","timestamp":"2014-10-08T13:34:55.400Z"}
{"level":"info","message":"Initialising file paths with browser & version","timestamp":"2014-10-08T13:34:55.400Z"}
{"level":"info","message":"Initialising file paths with browser & version","timestamp":"2014-10-08T13:34:55.401Z"}
{"level":"info","message":"Initialising file paths with browser & version","timestamp":"2014-10-08T13:34:55.401Z"}
{"level":"info","message":"Initialising file paths with browser & version","timestamp":"2014-10-08T13:34:55.401Z"}
{"level":"info","message":"Initialising file paths with browser & version","timestamp":"2014-10-08T13:34:55.401Z"}
{"level":"info","message":"Initialising file paths with browser & version","timestamp":"2014-10-08T13:34:55.401Z"}
{"level":"info","message":"Initialising file paths with browser & version","timestamp":"2014-10-08T13:34:55.401Z"}
{"level":"info","message":"Initialising file paths with browser & version","timestamp":"2014-10-08T13:34:55.401Z"}
{"level":"info","message":"Initialising file paths with browser & version","timestamp":"2014-10-08T13:34:55.401Z"}
{"level":"info","message":"Initialising file paths with browser & version","timestamp":"2014-10-08T13:34:55.401Z"}
{"level":"info","message":"Initialising file paths with browser & version","timestamp":"2014-10-08T13:34:55.401Z"}
{"level":"info","message":"Initialising file paths with browser & version","timestamp":"2014-10-08T13:34:55.401Z"}
{"level":"info","message":"Initialising file paths with browser & version","timestamp":"2014-10-08T13:34:55.401Z"}
{"level":"info","message":"Initialising file paths with browser & version","timestamp":"2014-10-08T13:34:55.401Z"}
{"level":"info","message":"Initialising file paths with browser & version","timestamp":"2014-10-08T13:34:55.401Z"}
{"level":"info","message":"Initialising file paths with browser & version","timestamp":"2014-10-08T13:34:55.401Z"}
{"level":"info","message":"Initialising file paths with browser & version","timestamp":"2014-10-08T13:34:55.401Z"}
{"level":"info","message":"Initialising file paths with browser & version","timestamp":"2014-10-08T13:34:55.401Z"}
{"level":"info","message":"Initialising file paths with browser & version","timestamp":"2014-10-08T13:34:55.401Z"}
{"level":"info","message":"Initialising file paths with browser & version","timestamp":"2014-10-08T13:34:55.402Z"}
{"level":"info","message":"Initialising file paths with browser & version","timestamp":"2014-10-08T13:34:55.402Z"}
{"level":"info","message":"Opening URL: http://jenkins.zoetrope.io:8888/v3/testInline.html","timestamp":"2014-10-08T13:34:55.862Z"}
{"rotatable":false,"browserConnectionEnabled":false,"acceptSslCerts":true,"cssSelectorsEnabled":true,"chrome":{"chromedriverVersion":"2.4.226107"},"javascriptEnabled":true,"version":"30.0.1599.65","webdriver.remote.sessionid":"2f1c015bacf9436197b905801758d905","databaseEnabled":true,"locationContextEnabled":true,"platform":"Windows NT","browserName":"chrome","takesScreenshot":true,"hasMetadata":true,"nativeEvents":true,"applicationCacheEnabled":false,"webStorageEnabled":true,"handlesAlerts":true,"level":"info","message":"","timestamp":"2014-10-08T13:35:00.482Z"}
{"level":"info","message":"undefined","timestamp":"2014-10-08T13:35:00.483Z"}
{"level":"info","message":"Initialising file paths with browser & version","timestamp":"2014-10-08T13:35:00.484Z"}
{"level":"info","message":"Initialising file paths with browser & version","timestamp":"2014-10-08T13:35:00.484Z"}
{"level":"info","message":"Initialising file paths with browser & version","timestamp":"2014-10-08T13:35:00.484Z"}
{"level":"info","message":"Initialising file paths with browser & version","timestamp":"2014-10-08T13:35:00.484Z"}
{"level":"info","message":"Initialising file paths with browser & version","timestamp":"2014-10-08T13:35:00.484Z"}
{"level":"info","message":"Initialising file paths with browser & version","timestamp":"2014-10-08T13:35:00.484Z"}
{"level":"info","message":"Initialising file paths with browser & version","timestamp":"2014-10-08T13:35:00.484Z"}
{"level":"info","message":"Initialising file paths with browser & version","timestamp":"2014-10-08T13:35:00.484Z"}
{"level":"info","message":"Initialising file paths with browser & version","timestamp":"2014-10-08T13:35:00.484Z"}
{"level":"info","message":"Initialising file paths with browser & version","timestamp":"2014-10-08T13:35:00.484Z"}
{"level":"info","message":"Initialising file paths with browser & version","timestamp":"2014-10-08T13:35:00.484Z"}
{"level":"info","message":"Initialising file paths with browser & version","timestamp":"2014-10-08T13:35:00.484Z"}
{"level":"info","message":"Initialising file paths with browser & version","timestamp":"2014-10-08T13:35:00.484Z"}
{"level":"info","message":"Initialising file paths with browser & version","timestamp":"2014-10-08T13:35:00.484Z"}
{"level":"info","message":"Initialising file paths with browser & version","timestamp":"2014-10-08T13:35:00.484Z"}
{"level":"info","message":"Initialising file paths with browser & version","timestamp":"2014-10-08T13:35:00.485Z"}
{"level":"info","message":"Initialising file paths with browser & version","timestamp":"2014-10-08T13:35:00.485Z"}
{"level":"info","message":"Initialising file paths with browser & version","timestamp":"2014-10-08T13:35:00.485Z"}
{"level":"info","message":"Initialising file paths with browser & version","timestamp":"2014-10-08T13:35:00.485Z"}
{"level":"info","message":"Initialising file paths with browser & version","timestamp":"2014-10-08T13:35:00.485Z"}
{"level":"info","message":"Initialising file paths with browser & version","timestamp":"2014-10-08T13:35:00.485Z"}
{"level":"info","message":"Initialising file paths with browser & version","timestamp":"2014-10-08T13:35:00.485Z"}
{"level":"info","message":"Initialising file paths with browser & version","timestamp":"2014-10-08T13:35:00.485Z"}
{"level":"info","message":"Initialising file paths with browser & version","timestamp":"2014-10-08T13:35:00.485Z"}
{"level":"info","message":"Initialising file paths with browser & version","timestamp":"2014-10-08T13:35:00.485Z"}
{"level":"info","message":"Initialising file paths with browser & version","timestamp":"2014-10-08T13:35:00.485Z"}
{"level":"info","message":"Initialising file paths with browser & version","timestamp":"2014-10-08T13:35:00.485Z"}
{"level":"info","message":"Opening URL: http://jenkins.zoetrope.io:8888/v3/testInline.html","timestamp":"2014-10-08T13:35:00.893Z"}
{"level":"info","message":"Saving screenshot to images/load.jpgpopoverchrome30.0.1599.65.png","timestamp":"2014-10-08T13:35:06.067Z"}
{"level":"info","message":"Saving screenshot to images/load.jpgpopoverinternet explorer11.png","timestamp":"2014-10-08T13:35:07.400Z"}
{"level":"info","message":"Saved screenshot","timestamp":"2014-10-08T13:35:08.007Z"}
{"level":"info","message":"Clicking the help button","timestamp":"2014-10-08T13:35:08.043Z"}
{"parentElementArrayFinder":{"locator_":{"using":"css selector","value":".zoe-btn-help"}},"elementArrayFinder_":{"locator_":{"$ref":"$[\"parentElementArrayFinder\"][\"locator_\"]"}},"level":"info","message":"help button is","timestamp":"2014-10-08T13:35:08.047Z"}
{"level":"info","message":"Saved screenshot","timestamp":"2014-10-08T13:35:09.704Z"}
{"level":"info","message":"Clicking the help button","timestamp":"2014-10-08T13:35:09.739Z"}
{"parentElementArrayFinder":{"locator_":{"using":"css selector","value":".zoe-btn-help"}},"elementArrayFinder_":{"locator_":{"$ref":"$[\"parentElementArrayFinder\"][\"locator_\"]"}},"level":"info","message":"help button is","timestamp":"2014-10-08T13:35:09.741Z"}
{"level":"info","message":"Got help style of ","timestamp":"2014-10-08T13:35:10.450Z"}
{"level":"info","message":"Saving screenshot to images/help.jpgpopoverchrome30.0.1599.65.png","timestamp":"2014-10-08T13:35:10.494Z"}
{"level":"info","message":"Saved screenshot","timestamp":"2014-10-08T13:35:11.943Z"}
{"level":"info","message":"Clicking the help button","timestamp":"2014-10-08T13:35:11.988Z"}
{"parentElementArrayFinder":{"locator_":{"using":"css selector","value":".zoe-btn-help"}},"elementArrayFinder_":{"locator_":{"$ref":"$[\"parentElementArrayFinder\"][\"locator_\"]"}},"level":"info","message":"help button is","timestamp":"2014-10-08T13:35:11.991Z"}
{"level":"info","message":"Got help style of ","timestamp":"2014-10-08T13:35:12.813Z"}
{"level":"info","message":"Saving screenshot to images/help.jpgpopoverinternet explorer11.png","timestamp":"2014-10-08T13:35:12.855Z"}
{"level":"info","message":"Saved screenshot","timestamp":"2014-10-08T13:35:14.052Z"}
{"level":"info","message":"Clicking the help button","timestamp":"2014-10-08T13:35:14.110Z"}
{"parentElementArrayFinder":{"locator_":{"using":"css selector","value":".zoe-btn-help"}},"elementArrayFinder_":{"locator_":{"$ref":"$[\"parentElementArrayFinder\"][\"locator_\"]"}},"level":"info","message":"help button is","timestamp":"2014-10-08T13:35:14.114Z"}
{"level":"info","message":"Got help style of display: none;","timestamp":"2014-10-08T13:35:14.167Z"}
{"level":"info","message":"Saving screenshot to images/helpClose.jpgpopoverchrome30.0.1599.65.png","timestamp":"2014-10-08T13:35:14.209Z"}
{"level":"info","message":"Saved screenshot","timestamp":"2014-10-08T13:35:16.411Z"}
{"level":"info","message":"Clicking the zoom button","timestamp":"2014-10-08T13:35:16.452Z"}
{"level":"info","message":"Saving screenshot to images/zoom.jpgpopoverchrome30.0.1599.65.png","timestamp":"2014-10-08T13:35:16.457Z"}
{"level":"info","message":"Got help style of display: none;","timestamp":"2014-10-08T13:35:17.464Z"}
{"level":"info","message":"Saving screenshot to images/helpClose.jpgpopoverinternet explorer11.png","timestamp":"2014-10-08T13:35:17.508Z"}
{"level":"info","message":"Saved screenshot","timestamp":"2014-10-08T13:35:18.713Z"}
{"level":"info","message":"Clicking the zoom button","timestamp":"2014-10-08T13:35:18.759Z"}
{"level":"info","message":"Saving screenshot to images/zoom.jpgpopoverinternet explorer11.png","timestamp":"2014-10-08T13:35:18.764Z"}
{"level":"info","message":"Saved screenshot","timestamp":"2014-10-08T13:35:20.669Z"}
{"level":"info","message":"Clicking the zoom button","timestamp":"2014-10-08T13:35:20.691Z"}
{"level":"info","message":"Saving screenshot to images/zoomClose.jpgpopoverchrome30.0.1599.65.png","timestamp":"2014-10-08T13:35:20.695Z"}
{"level":"info","message":"Saved screenshot","timestamp":"2014-10-08T13:35:23.852Z"}
{"level":"info","message":"Opening URL: http://jenkins.zoetrope.io:8888/v3/testPopover.html","timestamp":"2014-10-08T13:35:23.879Z"}
{"level":"info","message":"Saved screenshot","timestamp":"2014-10-08T13:35:24.334Z"}
{"level":"info","message":"Clicking the zoom button","timestamp":"2014-10-08T13:35:24.360Z"}
{"level":"info","message":"Saving screenshot to images/zoomClose.jpgpopoverinternet explorer11.png","timestamp":"2014-10-08T13:35:24.364Z"}
{"level":"info","message":"Saving screenshot to images/load.jpgpopoverchrome30.0.1599.65.png","timestamp":"2014-10-08T13:35:25.138Z"}
{"level":"info","message":"Saved screenshot","timestamp":"2014-10-08T13:35:28.753Z"}
{"level":"info","message":"Clicking on widget trigger","timestamp":"2014-10-08T13:35:28.790Z"}
{"level":"info","message":"Saving screenshot to images/openWidget.jpgpopoverchrome30.0.1599.65.png","timestamp":"2014-10-08T13:35:29.919Z"}
{"level":"info","message":"Saved screenshot","timestamp":"2014-10-08T13:35:29.940Z"}
{"level":"info","message":"Opening URL: http://jenkins.zoetrope.io:8888/v3/testPopover.html","timestamp":"2014-10-08T13:35:29.951Z"}
{"level":"info","message":"Saving screenshot to images/load.jpgpopoverinternet explorer11.png","timestamp":"2014-10-08T13:35:31.386Z"}
{"level":"info","message":"Saved screenshot","timestamp":"2014-10-08T13:35:31.758Z"}
{"level":"info","message":"Clicking the help button","timestamp":"2014-10-08T13:35:31.793Z"}
{"parentElementArrayFinder":{"locator_":{"using":"css selector","value":".zoe-btn-help"}},"elementArrayFinder_":{"locator_":{"$ref":"$[\"parentElementArrayFinder\"][\"locator_\"]"}},"level":"info","message":"help button is","timestamp":"2014-10-08T13:35:31.797Z"}
{"level":"info","message":"Got help style of ","timestamp":"2014-10-08T13:35:33.821Z"}
{"level":"info","message":"Saving screenshot to images/help.jpgpopoverchrome30.0.1599.65.png","timestamp":"2014-10-08T13:35:33.862Z"}
{"level":"info","message":"Saved screenshot","timestamp":"2014-10-08T13:35:36.586Z"}
{"level":"info","message":"Clicking the help button","timestamp":"2014-10-08T13:35:36.646Z"}
{"parentElementArrayFinder":{"locator_":{"using":"css selector","value":".zoe-btn-help"}},"elementArrayFinder_":{"locator_":{"$ref":"$[\"parentElementArrayFinder\"][\"locator_\"]"}},"level":"info","message":"help button is","timestamp":"2014-10-08T13:35:36.649Z"}
{"level":"info","message":"Saved screenshot","timestamp":"2014-10-08T13:35:37.307Z"}
{"level":"info","message":"Clicking on widget trigger","timestamp":"2014-10-08T13:35:37.355Z"}
{"level":"info","message":"Got help style of display: none;","timestamp":"2014-10-08T13:35:38.817Z"}
{"level":"info","message":"Saving screenshot to images/helpClose.jpgpopoverchrome30.0.1599.65.png","timestamp":"2014-10-08T13:35:38.861Z"}
{"level":"info","message":"Saving screenshot to images/openWidget.jpgpopoverinternet explorer11.png","timestamp":"2014-10-08T13:35:39.405Z"}
{"level":"info","message":"Saved screenshot","timestamp":"2014-10-08T13:35:40.517Z"}
{"level":"info","message":"Clicking the zoom button","timestamp":"2014-10-08T13:35:40.560Z"}
{"level":"info","message":"Saving screenshot to images/zoom.jpgpopoverchrome30.0.1599.65.png","timestamp":"2014-10-08T13:35:40.569Z"}
{"level":"info","message":"Saved screenshot","timestamp":"2014-10-08T13:35:45.338Z"}
{"level":"info","message":"Clicking the help button","timestamp":"2014-10-08T13:35:45.368Z"}
{"parentElementArrayFinder":{"locator_":{"using":"css selector","value":".zoe-btn-help"}},"elementArrayFinder_":{"locator_":{"$ref":"$[\"parentElementArrayFinder\"][\"locator_\"]"}},"level":"info","message":"help button is","timestamp":"2014-10-08T13:35:45.372Z"}
{"level":"info","message":"Saved screenshot","timestamp":"2014-10-08T13:35:46.300Z"}
{"level":"info","message":"Clicking the zoom button","timestamp":"2014-10-08T13:35:46.323Z"}
{"level":"info","message":"Saving screenshot to images/zoomClose.jpgpopoverchrome30.0.1599.65.png","timestamp":"2014-10-08T13:35:46.329Z"}
{"level":"info","message":"Got help style of ","timestamp":"2014-10-08T13:35:49.420Z"}
{"level":"info","message":"Saving screenshot to images/help.jpgpopoverinternet explorer11.png","timestamp":"2014-10-08T13:35:49.464Z"}
{"level":"info","message":"Saved screenshot","timestamp":"2014-10-08T13:35:51.335Z"}
{"level":"info","message":"Saved screenshot","timestamp":"2014-10-08T13:35:55.693Z"}
{"level":"info","message":"Clicking the help button","timestamp":"2014-10-08T13:35:55.736Z"}
{"parentElementArrayFinder":{"locator_":{"using":"css selector","value":".zoe-btn-help"}},"elementArrayFinder_":{"locator_":{"$ref":"$[\"parentElementArrayFinder\"][\"locator_\"]"}},"level":"info","message":"help button is","timestamp":"2014-10-08T13:35:55.740Z"}
{"level":"info","message":"Got help style of display: none;","timestamp":"2014-10-08T13:36:00.470Z"}
{"level":"info","message":"Saving screenshot to images/helpClose.jpgpopoverinternet explorer11.png","timestamp":"2014-10-08T13:36:00.512Z"}
{"level":"info","message":"Saved screenshot","timestamp":"2014-10-08T13:36:04.880Z"}
{"level":"info","message":"Clicking the zoom button","timestamp":"2014-10-08T13:36:04.925Z"}
{"level":"info","message":"Saving screenshot to images/zoom.jpgpopoverinternet explorer11.png","timestamp":"2014-10-08T13:36:04.928Z"}
{"level":"info","message":"Saved screenshot","timestamp":"2014-10-08T13:36:15.992Z"}
{"level":"info","message":"Clicking the zoom button","timestamp":"2014-10-08T13:36:16.018Z"}
{"level":"info","message":"Saving screenshot to images/zoomClose.jpgpopoverinternet explorer11.png","timestamp":"2014-10-08T13:36:16.022Z"}
{"level":"info","message":"Saved screenshot","timestamp":"2014-10-08T13:36:24.598Z"}
{"level":"info","message":"Initialising jasmine tests","timestamp":"2014-10-08T13:43:17.248Z"}
{"level":"info","message":"Initialising jasmine tests","timestamp":"2014-10-08T13:43:17.248Z"}
{"level":"info","message":"Initialising jasmine tests","timestamp":"2014-10-08T13:43:17.248Z"}
{"inline":{},"popover":{},"indiscriminate":{},"progressWrapper":{"parentElementArrayFinder":{"locator_":{"using":"css selector","value":".zoe-progress-wrapper"}},"elementArrayFinder_":{"locator_":{"$ref":"$[\"progressWrapper\"][\"parentElementArrayFinder\"][\"locator_\"]"}}},"widgetOverlay":{"parentElementArrayFinder":{"locator_":{"using":"css selector","value":"#zoe-zbox-overlay"}},"elementArrayFinder_":{"locator_":{"$ref":"$[\"widgetOverlay\"][\"parentElementArrayFinder\"][\"locator_\"]"}}},"widgetTrigger":{"parentElementArrayFinder":{"locator_":{"using":"css selector","value":".zoe-engage-trigger>img"}},"elementArrayFinder_":{"locator_":{"$ref":"$[\"widgetTrigger\"][\"parentElementArrayFinder\"][\"locator_\"]"}}},"widgetColorbox":{"parentElementArrayFinder":{"locator_":{"using":"css selector","value":"#zoe-zbox-content"}},"elementArrayFinder_":{"locator_":{"$ref":"$[\"widgetColorbox\"][\"parentElementArrayFinder\"][\"locator_\"]"}}},"helpButton":{"parentElementArrayFinder":{"locator_":{"using":"css selector","value":".zoe-btn-help"}},"elementArrayFinder_":{"locator_":{"$ref":"$[\"helpButton\"][\"parentElementArrayFinder\"][\"locator_\"]"}}},"helpElement":{"parentElementArrayFinder":{"locator_":{"using":"css selector","value":".zoe-help-overlay"}},"elementArrayFinder_":{"locator_":{"$ref":"$[\"helpElement\"][\"parentElementArrayFinder\"][\"locator_\"]"}}},"zoomButton":{"parentElementArrayFinder":{"locator_":{"using":"css selector","value":".zoe-btn-zoom"}},"elementArrayFinder_":{"locator_":{"$ref":"$[\"zoomButton\"][\"parentElementArrayFinder\"][\"locator_\"]"}}},"zoomElement":{"parentElementArrayFinder":{"locator_":{"using":"css selector","value":".zoe-zoom"}},"elementArrayFinder_":{"locator_":{"$ref":"$[\"zoomElement\"][\"parentElementArrayFinder\"][\"locator_\"]"}}},"zoomImage":{"parentElementArrayFinder":{"locator_":{"using":"css selector","value":".zoe-zoom-frame"}},"elementArrayFinder_":{"locator_":{"$ref":"$[\"zoomImage\"][\"parentElementArrayFinder\"][\"locator_\"]"}}},"closeButton":{"parentElementArrayFinder":{"locator_":{"using":"css selector","value":".zoe-btn-close"}},"elementArrayFinder_":{"locator_":{"$ref":"$[\"closeButton\"][\"parentElementArrayFinder\"][\"locator_\"]"}}},"widgetImageDiv":{"parentElementArrayFinder":{"locator_":{"using":"css selector","value":".zoe-engage-image.reel"}},"elementArrayFinder_":{"locator_":{"$ref":"$[\"widgetImageDiv\"][\"parentElementArrayFinder\"][\"locator_\"]"}}},"inlineDivSelector":{"parentElementArrayFinder":{"locator_":{"using":"css selector","value":".zoe-inline.reel"}},"elementArrayFinder_":{"locator_":{"$ref":"$[\"inlineDivSelector\"][\"parentElementArrayFinder\"][\"locator_\"]"}}},"widgetWrapperSelector":{"parentElementArrayFinder":{"locator_":{"using":"css selector","value":".zoe-engage-wrapper"}},"elementArrayFinder_":{"locator_":{"$ref":"$[\"widgetWrapperSelector\"][\"parentElementArrayFinder\"][\"locator_\"]"}}},"widgetWrapperImage":{"parentElementArrayFinder":{"locator_":{"using":"css selector","value":".zoe-frame"}},"elementArrayFinder_":{"locator_":{"$ref":"$[\"widgetWrapperImage\"][\"parentElementArrayFinder\"][\"locator_\"]"}}},"pageImageSelector":{"parentElementArrayFinder":{"locator_":{"using":"css selector","value":".zoe-engage-wrapper"}},"elementArrayFinder_":{"locator_":{"$ref":"$[\"pageImageSelector\"][\"parentElementArrayFinder\"][\"locator_\"]"}}},"inlineTrigger":{"parentElementArrayFinder":{"locator_":{"using":"css selector","value":"a.zoe-engage-trigger"}},"elementArrayFinder_":{"locator_":{"$ref":"$[\"inlineTrigger\"][\"parentElementArrayFinder\"][\"locator_\"]"}}},"inlineWrapper":{"parentElementArrayFinder":{"locator_":{"using":"css selector","value":".zoe-engage-wrapper.zoe-inline"}},"elementArrayFinder_":{"locator_":{"$ref":"$[\"inlineWrapper\"][\"parentElementArrayFinder\"][\"locator_\"]"}}},"frameSelector":{"parentElementArrayFinder":{"locator_":{"using":"css selector","value":".zoe-frame"}},"elementArrayFinder_":{"locator_":{"$ref":"$[\"frameSelector\"][\"parentElementArrayFinder\"][\"locator_\"]"}}},"interactCTA":{"parentElementArrayFinder":{"locator_":{"using":"css selector","value":".zoe-interact-cta"}},"elementArrayFinder_":{"locator_":{"$ref":"$[\"interactCTA\"][\"parentElementArrayFinder\"][\"locator_\"]"}}},"triggerCTA":{"parentElementArrayFinder":{"locator_":{"using":"css selector","value":".zoe-trigger-cta"}},"elementArrayFinder_":{"locator_":{"$ref":"$[\"triggerCTA\"][\"parentElementArrayFinder\"][\"locator_\"]"}}},"helpRotate":{"parentElementArrayFinder":{"locator_":{"using":"css selector","value":".zoe-help-rotate .zoe-help-text"}},"elementArrayFinder_":{"locator_":{"$ref":"$[\"helpRotate\"][\"parentElementArrayFinder\"][\"locator_\"]"}}},"helpElevate":{"parentElementArrayFinder":{"locator_":{"using":"css selector","value":".zoe-help-elevate .zoe-help-text"}},"elementArrayFinder_":{"locator_":{"$ref":"$[\"helpElevate\"][\"parentElementArrayFinder\"][\"locator_\"]"}}},"helpZoom":{"parentElementArrayFinder":{"locator_":{"using":"css selector","value":".zoe-help-zoom .zoe-help-text"}},"elementArrayFinder_":{"locator_":{"$ref":"$[\"helpZoom\"][\"parentElementArrayFinder\"][\"locator_\"]"}}},"helpBrand":{"parentElementArrayFinder":{"locator_":{"using":"css selector","value":".zoe-help-brand .zoe-help-text"}},"elementArrayFinder_":{"locator_":{"$ref":"$[\"helpBrand\"][\"parentElementArrayFinder\"][\"locator_\"]"}}},"extraContent":{"parentElementArrayFinder":{"locator_":{"using":"css selector","value":".zoe-display-extra-content"}},"elementArrayFinder_":{"locator_":{"$ref":"$[\"extraContent\"][\"parentElementArrayFinder\"][\"locator_\"]"}}},"level":"debug","message":"elementFinder is ","timestamp":"2014-10-08T13:43:17.250Z"}
{"inline":{},"popover":{},"indiscriminate":{},"progressWrapper":{"parentElementArrayFinder":{"locator_":{"using":"css selector","value":".zoe-progress-wrapper"}},"elementArrayFinder_":{"locator_":{"$ref":"$[\"progressWrapper\"][\"parentElementArrayFinder\"][\"locator_\"]"}}},"widgetOverlay":{"parentElementArrayFinder":{"locator_":{"using":"css selector","value":"#zoe-zbox-overlay"}},"elementArrayFinder_":{"locator_":{"$ref":"$[\"widgetOverlay\"][\"parentElementArrayFinder\"][\"locator_\"]"}}},"widgetTrigger":{"parentElementArrayFinder":{"locator_":{"using":"css selector","value":".zoe-engage-trigger>img"}},"elementArrayFinder_":{"locator_":{"$ref":"$[\"widgetTrigger\"][\"parentElementArrayFinder\"][\"locator_\"]"}}},"widgetColorbox":{"parentElementArrayFinder":{"locator_":{"using":"css selector","value":"#zoe-zbox-content"}},"elementArrayFinder_":{"locator_":{"$ref":"$[\"widgetColorbox\"][\"parentElementArrayFinder\"][\"locator_\"]"}}},"helpButton":{"parentElementArrayFinder":{"locator_":{"using":"css selector","value":".zoe-btn-help"}},"elementArrayFinder_":{"locator_":{"$ref":"$[\"helpButton\"][\"parentElementArrayFinder\"][\"locator_\"]"}}},"helpElement":{"parentElementArrayFinder":{"locator_":{"using":"css selector","value":".zoe-help-overlay"}},"elementArrayFinder_":{"locator_":{"$ref":"$[\"helpElement\"][\"parentElementArrayFinder\"][\"locator_\"]"}}},"zoomButton":{"parentElementArrayFinder":{"locator_":{"using":"css selector","value":".zoe-btn-zoom"}},"elementArrayFinder_":{"locator_":{"$ref":"$[\"zoomButton\"][\"parentElementArrayFinder\"][\"locator_\"]"}}},"zoomElement":{"parentElementArrayFinder":{"locator_":{"using":"css selector","value":".zoe-zoom"}},"elementArrayFinder_":{"locator_":{"$ref":"$[\"zoomElement\"][\"parentElementArrayFinder\"][\"locator_\"]"}}},"zoomImage":{"parentElementArrayFinder":{"locator_":{"using":"css selector","value":".zoe-zoom-frame"}},"elementArrayFinder_":{"locator_":{"$ref":"$[\"zoomImage\"][\"parentElementArrayFinder\"][\"locator_\"]"}}},"closeButton":{"parentElementArrayFinder":{"locator_":{"using":"css selector","value":".zoe-btn-close"}},"elementArrayFinder_":{"locator_":{"$ref":"$[\"closeButton\"][\"parentElementArrayFinder\"][\"locator_\"]"}}},"widgetImageDiv":{"parentElementArrayFinder":{"locator_":{"using":"css selector","value":".zoe-engage-image.reel"}},"elementArrayFinder_":{"locator_":{"$ref":"$[\"widgetImageDiv\"][\"parentElementArrayFinder\"][\"locator_\"]"}}},"inlineDivSelector":{"parentElementArrayFinder":{"locator_":{"using":"css selector","value":".zoe-inline.reel"}},"elementArrayFinder_":{"locator_":{"$ref":"$[\"inlineDivSelector\"][\"parentElementArrayFinder\"][\"locator_\"]"}}},"widgetWrapperSelector":{"parentElementArrayFinder":{"locator_":{"using":"css selector","value":".zoe-engage-wrapper"}},"elementArrayFinder_":{"locator_":{"$ref":"$[\"widgetWrapperSelector\"][\"parentElementArrayFinder\"][\"locator_\"]"}}},"widgetWrapperImage":{"parentElementArrayFinder":{"locator_":{"using":"css selector","value":".zoe-frame"}},"elementArrayFinder_":{"locator_":{"$ref":"$[\"widgetWrapperImage\"][\"parentElementArrayFinder\"][\"locator_\"]"}}},"pageImageSelector":{"parentElementArrayFinder":{"locator_":{"using":"css selector","value":".zoe-engage-wrapper"}},"elementArrayFinder_":{"locator_":{"$ref":"$[\"pageImageSelector\"][\"parentElementArrayFinder\"][\"locator_\"]"}}},"inlineTrigger":{"parentElementArrayFinder":{"locator_":{"using":"css selector","value":"a.zoe-engage-trigger"}},"elementArrayFinder_":{"locator_":{"$ref":"$[\"inlineTrigger\"][\"parentElementArrayFinder\"][\"locator_\"]"}}},"inlineWrapper":{"parentElementArrayFinder":{"locator_":{"using":"css selector","value":".zoe-engage-wrapper.zoe-inline"}},"elementArrayFinder_":{"locator_":{"$ref":"$[\"inlineWrapper\"][\"parentElementArrayFinder\"][\"locator_\"]"}}},"frameSelector":{"parentElementArrayFinder":{"locator_":{"using":"css selector","value":".zoe-frame"}},"elementArrayFinder_":{"locator_":{"$ref":"$[\"frameSelector\"][\"parentElementArrayFinder\"][\"locator_\"]"}}},"interactCTA":{"parentElementArrayFinder":{"locator_":{"using":"css selector","value":".zoe-interact-cta"}},"elementArrayFinder_":{"locator_":{"$ref":"$[\"interactCTA\"][\"parentElementArrayFinder\"][\"locator_\"]"}}},"triggerCTA":{"parentElementArrayFinder":{"locator_":{"using":"css selector","value":".zoe-trigger-cta"}},"elementArrayFinder_":{"locator_":{"$ref":"$[\"triggerCTA\"][\"parentElementArrayFinder\"][\"locator_\"]"}}},"helpRotate":{"parentElementArrayFinder":{"locator_":{"using":"css selector","value":".zoe-help-rotate .zoe-help-text"}},"elementArrayFinder_":{"locator_":{"$ref":"$[\"helpRotate\"][\"parentElementArrayFinder\"][\"locator_\"]"}}},"helpElevate":{"parentElementArrayFinder":{"locator_":{"using":"css selector","value":".zoe-help-elevate .zoe-help-text"}},"elementArrayFinder_":{"locator_":{"$ref":"$[\"helpElevate\"][\"parentElementArrayFinder\"][\"locator_\"]"}}},"helpZoom":{"parentElementArrayFinder":{"locator_":{"using":"css selector","value":".zoe-help-zoom .zoe-help-text"}},"elementArrayFinder_":{"locator_":{"$ref":"$[\"helpZoom\"][\"parentElementArrayFinder\"][\"locator_\"]"}}},"helpBrand":{"parentElementArrayFinder":{"locator_":{"using":"css selector","value":".zoe-help-brand .zoe-help-text"}},"elementArrayFinder_":{"locator_":{"$ref":"$[\"helpBrand\"][\"parentElementArrayFinder\"][\"locator_\"]"}}},"extraContent":{"parentElementArrayFinder":{"locator_":{"using":"css selector","value":".zoe-display-extra-content"}},"elementArrayFinder_":{"locator_":{"$ref":"$[\"extraContent\"][\"parentElementArrayFinder\"][\"locator_\"]"}}},"level":"debug","message":"elementFinder is ","timestamp":"2014-10-08T13:43:17.250Z"}
{"level":"info","message":"Initialising file paths with browser & version","timestamp":"2014-10-08T13:43:17.257Z"}
{"inline":{},"popover":{},"indiscriminate":{},"progressWrapper":{"parentElementArrayFinder":{"locator_":{"using":"css selector","value":".zoe-progress-wrapper"}},"elementArrayFinder_":{"locator_":{"$ref":"$[\"progressWrapper\"][\"parentElementArrayFinder\"][\"locator_\"]"}}},"widgetOverlay":{"parentElementArrayFinder":{"locator_":{"using":"css selector","value":"#zoe-zbox-overlay"}},"elementArrayFinder_":{"locator_":{"$ref":"$[\"widgetOverlay\"][\"parentElementArrayFinder\"][\"locator_\"]"}}},"widgetTrigger":{"parentElementArrayFinder":{"locator_":{"using":"css selector","value":".zoe-engage-trigger>img"}},"elementArrayFinder_":{"locator_":{"$ref":"$[\"widgetTrigger\"][\"parentElementArrayFinder\"][\"locator_\"]"}}},"widgetColorbox":{"parentElementArrayFinder":{"locator_":{"using":"css selector","value":"#zoe-zbox-content"}},"elementArrayFinder_":{"locator_":{"$ref":"$[\"widgetColorbox\"][\"parentElementArrayFinder\"][\"locator_\"]"}}},"helpButton":{"parentElementArrayFinder":{"locator_":{"using":"css selector","value":".zoe-btn-help"}},"elementArrayFinder_":{"locator_":{"$ref":"$[\"helpButton\"][\"parentElementArrayFinder\"][\"locator_\"]"}}},"helpElement":{"parentElementArrayFinder":{"locator_":{"using":"css selector","value":".zoe-help-overlay"}},"elementArrayFinder_":{"locator_":{"$ref":"$[\"helpElement\"][\"parentElementArrayFinder\"][\"locator_\"]"}}},"zoomButton":{"parentElementArrayFinder":{"locator_":{"using":"css selector","value":".zoe-btn-zoom"}},"elementArrayFinder_":{"locator_":{"$ref":"$[\"zoomButton\"][\"parentElementArrayFinder\"][\"locator_\"]"}}},"zoomElement":{"parentElementArrayFinder":{"locator_":{"using":"css selector","value":".zoe-zoom"}},"elementArrayFinder_":{"locator_":{"$ref":"$[\"zoomElement\"][\"parentElementArrayFinder\"][\"locator_\"]"}}},"zoomImage":{"parentElementArrayFinder":{"locator_":{"using":"css selector","value":".zoe-zoom-frame"}},"elementArrayFinder_":{"locator_":{"$ref":"$[\"zoomImage\"][\"parentElementArrayFinder\"][\"locator_\"]"}}},"closeButton":{"parentElementArrayFinder":{"locator_":{"using":"css selector","value":".zoe-btn-close"}},"elementArrayFinder_":{"locator_":{"$ref":"$[\"closeButton\"][\"parentElementArrayFinder\"][\"locator_\"]"}}},"widgetImageDiv":{"parentElementArrayFinder":{"locator_":{"using":"css selector","value":".zoe-engage-image.reel"}},"elementArrayFinder_":{"locator_":{"$ref":"$[\"widgetImageDiv\"][\"parentElementArrayFinder\"][\"locator_\"]"}}},"inlineDivSelector":{"parentElementArrayFinder":{"locator_":{"using":"css selector","value":".zoe-inline.reel"}},"elementArrayFinder_":{"locator_":{"$ref":"$[\"inlineDivSelector\"][\"parentElementArrayFinder\"][\"locator_\"]"}}},"widgetWrapperSelector":{"parentElementArrayFinder":{"locator_":{"using":"css selector","value":".zoe-engage-wrapper"}},"elementArrayFinder_":{"locator_":{"$ref":"$[\"widgetWrapperSelector\"][\"parentElementArrayFinder\"][\"locator_\"]"}}},"widgetWrapperImage":{"parentElementArrayFinder":{"locator_":{"using":"css selector","value":".zoe-frame"}},"elementArrayFinder_":{"locator_":{"$ref":"$[\"widgetWrapperImage\"][\"parentElementArrayFinder\"][\"locator_\"]"}}},"pageImageSelector":{"parentElementArrayFinder":{"locator_":{"using":"css selector","value":".zoe-engage-wrapper"}},"elementArrayFinder_":{"locator_":{"$ref":"$[\"pageImageSelector\"][\"parentElementArrayFinder\"][\"locator_\"]"}}},"inlineTrigger":{"parentElementArrayFinder":{"locator_":{"using":"css selector","value":"a.zoe-engage-trigger"}},"elementArrayFinder_":{"locator_":{"$ref":"$[\"inlineTrigger\"][\"parentElementArrayFinder\"][\"locator_\"]"}}},"inlineWrapper":{"parentElementArrayFinder":{"locator_":{"using":"css selector","value":".zoe-engage-wrapper.zoe-inline"}},"elementArrayFinder_":{"locator_":{"$ref":"$[\"inlineWrapper\"][\"parentElementArrayFinder\"][\"locator_\"]"}}},"frameSelector":{"parentElementArrayFinder":{"locator_":{"using":"css selector","value":".zoe-frame"}},"elementArrayFinder_":{"locator_":{"$ref":"$[\"frameSelector\"][\"parentElementArrayFinder\"][\"locator_\"]"}}},"interactCTA":{"parentElementArrayFinder":{"locator_":{"using":"css selector","value":".zoe-interact-cta"}},"elementArrayFinder_":{"locator_":{"$ref":"$[\"interactCTA\"][\"parentElementArrayFinder\"][\"locator_\"]"}}},"triggerCTA":{"parentElementArrayFinder":{"locator_":{"using":"css selector","value":".zoe-trigger-cta"}},"elementArrayFinder_":{"locator_":{"$ref":"$[\"triggerCTA\"][\"parentElementArrayFinder\"][\"locator_\"]"}}},"helpRotate":{"parentElementArrayFinder":{"locator_":{"using":"css selector","value":".zoe-help-rotate .zoe-help-text"}},"elementArrayFinder_":{"locator_":{"$ref":"$[\"helpRotate\"][\"parentElementArrayFinder\"][\"locator_\"]"}}},"helpElevate":{"parentElementArrayFinder":{"locator_":{"using":"css selector","value":".zoe-help-elevate .zoe-help-text"}},"elementArrayFinder_":{"locator_":{"$ref":"$[\"helpElevate\"][\"parentElementArrayFinder\"][\"locator_\"]"}}},"helpZoom":{"parentElementArrayFinder":{"locator_":{"using":"css selector","value":".zoe-help-zoom .zoe-help-text"}},"elementArrayFinder_":{"locator_":{"$ref":"$[\"helpZoom\"][\"parentElementArrayFinder\"][\"locator_\"]"}}},"helpBrand":{"parentElementArrayFinder":{"locator_":{"using":"css selector","value":".zoe-help-brand .zoe-help-text"}},"elementArrayFinder_":{"locator_":{"$ref":"$[\"helpBrand\"][\"parentElementArrayFinder\"][\"locator_\"]"}}},"extraContent":{"parentElementArrayFinder":{"locator_":{"using":"css selector","value":".zoe-display-extra-content"}},"elementArrayFinder_":{"locator_":{"$ref":"$[\"extraContent\"][\"parentElementArrayFinder\"][\"locator_\"]"}}},"level":"debug","message":"elementFinder is ","timestamp":"2014-10-08T13:43:17.250Z"}
{"level":"info","message":"Initialising file paths with browser & version","timestamp":"2014-10-08T13:43:17.257Z"}
{"level":"info","message":"Initialising file paths with browser & version","timestamp":"2014-10-08T13:43:17.257Z"}
{"level":"info","message":"Initialising file paths with browser & version","timestamp":"2014-10-08T13:43:17.258Z"}
{"level":"info","message":"Initialising file paths with browser & version","timestamp":"2014-10-08T13:43:17.258Z"}
{"level":"info","message":"Initialising file paths with browser & version","timestamp":"2014-10-08T13:43:17.257Z"}
{"level":"info","message":"Initialising file paths with browser & version","timestamp":"2014-10-08T13:43:17.258Z"}
{"level":"info","message":"Initialising file paths with browser & version","timestamp":"2014-10-08T13:43:17.258Z"}
{"level":"info","message":"Initialising file paths with browser & version","timestamp":"2014-10-08T13:43:17.258Z"}
{"level":"info","message":"Initialising file paths with browser & version","timestamp":"2014-10-08T13:43:17.258Z"}
{"level":"info","message":"Initialising file paths with browser & version","timestamp":"2014-10-08T13:43:17.258Z"}
{"level":"info","message":"Initialising file paths with browser & version","timestamp":"2014-10-08T13:43:17.258Z"}
{"level":"info","message":"Initialising file paths with browser & version","timestamp":"2014-10-08T13:43:17.258Z"}
{"level":"info","message":"Initialising file paths with browser & version","timestamp":"2014-10-08T13:43:17.258Z"}
{"level":"info","message":"Initialising file paths with browser & version","timestamp":"2014-10-08T13:43:17.263Z"}
{"level":"info","message":"Initialising file paths with browser & version","timestamp":"2014-10-08T13:43:17.258Z"}
{"level":"info","message":"Initialising file paths with browser & version","timestamp":"2014-10-08T13:43:17.263Z"}
{"level":"info","message":"Initialising file paths with browser & version","timestamp":"2014-10-08T13:43:17.258Z"}
{"level":"info","message":"Initialising file paths with browser & version","timestamp":"2014-10-08T13:43:17.258Z"}
{"level":"info","message":"Initialising file paths with browser & version","timestamp":"2014-10-08T13:43:17.263Z"}
{"level":"info","message":"Initialising file paths with browser & version","timestamp":"2014-10-08T13:43:17.263Z"}
{"level":"info","message":"Initialising file paths with browser & version","timestamp":"2014-10-08T13:43:17.263Z"}
{"level":"info","message":"Initialising file paths with browser & version","timestamp":"2014-10-08T13:43:17.263Z"}
{"level":"info","message":"Initialising file paths with browser & version","timestamp":"2014-10-08T13:43:17.263Z"}
{"level":"info","message":"Initialising file paths with browser & version","timestamp":"2014-10-08T13:43:17.263Z"}
{"level":"info","message":"Initialising file paths with browser & version","timestamp":"2014-10-08T13:43:17.263Z"}
{"level":"info","message":"Initialising file paths with browser & version","timestamp":"2014-10-08T13:43:17.263Z"}
{"level":"info","message":"Initialising file paths with browser & version","timestamp":"2014-10-08T13:43:17.263Z"}
{"level":"info","message":"Initialising file paths with browser & version","timestamp":"2014-10-08T13:43:17.263Z"}
{"level":"info","message":"Initialising file paths with browser & version","timestamp":"2014-10-08T13:43:17.258Z"}
{"level":"info","message":"Initialising file paths with browser & version","timestamp":"2014-10-08T13:43:17.263Z"}
{"level":"info","message":"Initialising file paths with browser & version","timestamp":"2014-10-08T13:43:17.263Z"}
{"level":"info","message":"Initialising file paths with browser & version","timestamp":"2014-10-08T13:43:17.264Z"}
{"level":"info","message":"Initialising file paths with browser & version","timestamp":"2014-10-08T13:43:17.264Z"}
{"level":"info","message":"Initialising file paths with browser & version","timestamp":"2014-10-08T13:43:17.264Z"}
{"level":"info","message":"Initialising file paths with browser & version","timestamp":"2014-10-08T13:43:17.264Z"}
{"level":"info","message":"Initialising jasmine tests","timestamp":"2014-10-08T13:43:17.255Z"}
{"inline":{},"popover":{},"indiscriminate":{},"progressWrapper":{"parentElementArrayFinder":{"locator_":{"using":"css selector","value":".zoe-progress-wrapper"}},"elementArrayFinder_":{"locator_":{"$ref":"$[\"progressWrapper\"][\"parentElementArrayFinder\"][\"locator_\"]"}}},"widgetOverlay":{"parentElementArrayFinder":{"locator_":{"using":"css selector","value":"#zoe-zbox-overlay"}},"elementArrayFinder_":{"locator_":{"$ref":"$[\"widgetOverlay\"][\"parentElementArrayFinder\"][\"locator_\"]"}}},"widgetTrigger":{"parentElementArrayFinder":{"locator_":{"using":"css selector","value":".zoe-engage-trigger>img"}},"elementArrayFinder_":{"locator_":{"$ref":"$[\"widgetTrigger\"][\"parentElementArrayFinder\"][\"locator_\"]"}}},"widgetColorbox":{"parentElementArrayFinder":{"locator_":{"using":"css selector","value":"#zoe-zbox-content"}},"elementArrayFinder_":{"locator_":{"$ref":"$[\"widgetColorbox\"][\"parentElementArrayFinder\"][\"locator_\"]"}}},"helpButton":{"parentElementArrayFinder":{"locator_":{"using":"css selector","value":".zoe-btn-help"}},"elementArrayFinder_":{"locator_":{"$ref":"$[\"helpButton\"][\"parentElementArrayFinder\"][\"locator_\"]"}}},"helpElement":{"parentElementArrayFinder":{"locator_":{"using":"css selector","value":".zoe-help-overlay"}},"elementArrayFinder_":{"locator_":{"$ref":"$[\"helpElement\"][\"parentElementArrayFinder\"][\"locator_\"]"}}},"zoomButton":{"parentElementArrayFinder":{"locator_":{"using":"css selector","value":".zoe-btn-zoom"}},"elementArrayFinder_":{"locator_":{"$ref":"$[\"zoomButton\"][\"parentElementArrayFinder\"][\"locator_\"]"}}},"zoomElement":{"parentElementArrayFinder":{"locator_":{"using":"css selector","value":".zoe-zoom"}},"elementArrayFinder_":{"locator_":{"$ref":"$[\"zoomElement\"][\"parentElementArrayFinder\"][\"locator_\"]"}}},"zoomImage":{"parentElementArrayFinder":{"locator_":{"using":"css selector","value":".zoe-zoom-frame"}},"elementArrayFinder_":{"locator_":{"$ref":"$[\"zoomImage\"][\"parentElementArrayFinder\"][\"locator_\"]"}}},"closeButton":{"parentElementArrayFinder":{"locator_":{"using":"css selector","value":".zoe-btn-close"}},"elementArrayFinder_":{"locator_":{"$ref":"$[\"closeButton\"][\"parentElementArrayFinder\"][\"locator_\"]"}}},"widgetImageDiv":{"parentElementArrayFinder":{"locator_":{"using":"css selector","value":".zoe-engage-image.reel"}},"elementArrayFinder_":{"locator_":{"$ref":"$[\"widgetImageDiv\"][\"parentElementArrayFinder\"][\"locator_\"]"}}},"inlineDivSelector":{"parentElementArrayFinder":{"locator_":{"using":"css selector","value":".zoe-inline.reel"}},"elementArrayFinder_":{"locator_":{"$ref":"$[\"inlineDivSelector\"][\"parentElementArrayFinder\"][\"locator_\"]"}}},"widgetWrapperSelector":{"parentElementArrayFinder":{"locator_":{"using":"css selector","value":".zoe-engage-wrapper"}},"elementArrayFinder_":{"locator_":{"$ref":"$[\"widgetWrapperSelector\"][\"parentElementArrayFinder\"][\"locator_\"]"}}},"widgetWrapperImage":{"parentElementArrayFinder":{"locator_":{"using":"css selector","value":".zoe-frame"}},"elementArrayFinder_":{"locator_":{"$ref":"$[\"widgetWrapperImage\"][\"parentElementArrayFinder\"][\"locator_\"]"}}},"pageImageSelector":{"parentElementArrayFinder":{"locator_":{"using":"css selector","value":".zoe-engage-wrapper"}},"elementArrayFinder_":{"locator_":{"$ref":"$[\"pageImageSelector\"][\"parentElementArrayFinder\"][\"locator_\"]"}}},"inlineTrigger":{"parentElementArrayFinder":{"locator_":{"using":"css selector","value":"a.zoe-engage-trigger"}},"elementArrayFinder_":{"locator_":{"$ref":"$[\"inlineTrigger\"][\"parentElementArrayFinder\"][\"locator_\"]"}}},"inlineWrapper":{"parentElementArrayFinder":{"locator_":{"using":"css selector","value":".zoe-engage-wrapper.zoe-inline"}},"elementArrayFinder_":{"locator_":{"$ref":"$[\"inlineWrapper\"][\"parentElementArrayFinder\"][\"locator_\"]"}}},"frameSelector":{"parentElementArrayFinder":{"locator_":{"using":"css selector","value":".zoe-frame"}},"elementArrayFinder_":{"locator_":{"$ref":"$[\"frameSelector\"][\"parentElementArrayFinder\"][\"locator_\"]"}}},"interactCTA":{"parentElementArrayFinder":{"locator_":{"using":"css selector","value":".zoe-interact-cta"}},"elementArrayFinder_":{"locator_":{"$ref":"$[\"interactCTA\"][\"parentElementArrayFinder\"][\"locator_\"]"}}},"triggerCTA":{"parentElementArrayFinder":{"locator_":{"using":"css selector","value":".zoe-trigger-cta"}},"elementArrayFinder_":{"locator_":{"$ref":"$[\"triggerCTA\"][\"parentElementArrayFinder\"][\"locator_\"]"}}},"helpRotate":{"parentElementArrayFinder":{"locator_":{"using":"css selector","value":".zoe-help-rotate .zoe-help-text"}},"elementArrayFinder_":{"locator_":{"$ref":"$[\"helpRotate\"][\"parentElementArrayFinder\"][\"locator_\"]"}}},"helpElevate":{"parentElementArrayFinder":{"locator_":{"using":"css selector","value":".zoe-help-elevate .zoe-help-text"}},"elementArrayFinder_":{"locator_":{"$ref":"$[\"helpElevate\"][\"parentElementArrayFinder\"][\"locator_\"]"}}},"helpZoom":{"parentElementArrayFinder":{"locator_":{"using":"css selector","value":".zoe-help-zoom .zoe-help-text"}},"elementArrayFinder_":{"locator_":{"$ref":"$[\"helpZoom\"][\"parentElementArrayFinder\"][\"locator_\"]"}}},"helpBrand":{"parentElementArrayFinder":{"locator_":{"using":"css selector","value":".zoe-help-brand .zoe-help-text"}},"elementArrayFinder_":{"locator_":{"$ref":"$[\"helpBrand\"][\"parentElementArrayFinder\"][\"locator_\"]"}}},"extraContent":{"parentElementArrayFinder":{"locator_":{"using":"css selector","value":".zoe-display-extra-content"}},"elementArrayFinder_":{"locator_":{"$ref":"$[\"extraContent\"][\"parentElementArrayFinder\"][\"locator_\"]"}}},"level":"debug","message":"elementFinder is ","timestamp":"2014-10-08T13:43:17.257Z"}
{"level":"info","message":"Initialising file paths with browser & version","timestamp":"2014-10-08T13:43:17.265Z"}
{"level":"info","message":"Initialising file paths with browser & version","timestamp":"2014-10-08T13:43:17.265Z"}
{"level":"info","message":"Initialising file paths with browser & version","timestamp":"2014-10-08T13:43:17.265Z"}
{"level":"info","message":"Initialising file paths with browser & version","timestamp":"2014-10-08T13:43:17.265Z"}
{"level":"info","message":"Initialising file paths with browser & version","timestamp":"2014-10-08T13:43:17.265Z"}
{"level":"info","message":"Initialising file paths with browser & version","timestamp":"2014-10-08T13:43:17.265Z"}
{"level":"info","message":"Initialising file paths with browser & version","timestamp":"2014-10-08T13:43:17.274Z"}
{"level":"info","message":"Initialising file paths with browser & version","timestamp":"2014-10-08T13:43:17.274Z"}
{"level":"info","message":"Initialising file paths with browser & version","timestamp":"2014-10-08T13:43:17.274Z"}
{"level":"info","message":"Initialising file paths with browser & version","timestamp":"2014-10-08T13:43:17.274Z"}
{"level":"info","message":"Initialising file paths with browser & version","timestamp":"2014-10-08T13:43:17.275Z"}
{"level":"info","message":"Initialising file paths with browser & version","timestamp":"2014-10-08T13:43:17.275Z"}
{"takesScreenshot":true,"webdriver.remote.sessionid":"3746aedde8f64c4891e05744e7604928","unexpectedAlertBehaviour":"dismiss","ie.browserCommandLineSwitches":"","browserAttachTimeout":0,"ie.ensureCleanSession":false,"ignoreProtectedModeSettings":false,"platform":"WINDOWS","version":"11","ignoreZoomSetting":false,"nativeEvents":true,"handlesAlerts":true,"javascriptEnabled":true,"requireWindowFocus":false,"ie.usePerProcessProxy":false,"hasMetadata":true,"initialBrowserUrl":"http://localhost:8425/","enableElementCacheCleanup":true,"cssSelectorsEnabled":true,"browserName":"internet explorer","elementScrollBehavior":0,"enablePersistentHover":true,"ie.forceCreateProcessApi":false,"level":"info","message":"","timestamp":"2014-10-08T13:43:24.627Z"}
{"level":"info","message":"undefined","timestamp":"2014-10-08T13:43:24.628Z"}
{"level":"info","message":"Initialising file paths with browser & version","timestamp":"2014-10-08T13:43:24.628Z"}
{"level":"info","message":"Initialising file paths with browser & version","timestamp":"2014-10-08T13:43:24.628Z"}
{"level":"info","message":"Initialising file paths with browser & version","timestamp":"2014-10-08T13:43:24.628Z"}
{"level":"info","message":"Initialising file paths with browser & version","timestamp":"2014-10-08T13:43:24.628Z"}
{"level":"info","message":"Initialising file paths with browser & version","timestamp":"2014-10-08T13:43:24.628Z"}
{"level":"info","message":"Initialising file paths with browser & version","timestamp":"2014-10-08T13:43:24.628Z"}
{"level":"info","message":"Initialising file paths with browser & version","timestamp":"2014-10-08T13:43:24.628Z"}
{"level":"info","message":"Initialising file paths with browser & version","timestamp":"2014-10-08T13:43:24.628Z"}
{"level":"info","message":"Initialising file paths with browser & version","timestamp":"2014-10-08T13:43:24.628Z"}
{"level":"info","message":"Initialising file paths with browser & version","timestamp":"2014-10-08T13:43:24.628Z"}
{"level":"info","message":"Initialising file paths with browser & version","timestamp":"2014-10-08T13:43:24.629Z"}
{"level":"info","message":"Initialising file paths with browser & version","timestamp":"2014-10-08T13:43:24.629Z"}
{"level":"info","message":"Initialising file paths with browser & version","timestamp":"2014-10-08T13:43:24.629Z"}
{"level":"info","message":"Initialising file paths with browser & version","timestamp":"2014-10-08T13:43:24.629Z"}
{"level":"info","message":"Initialising file paths with browser & version","timestamp":"2014-10-08T13:43:24.629Z"}
{"level":"info","message":"Initialising file paths with browser & version","timestamp":"2014-10-08T13:43:24.629Z"}
{"level":"info","message":"Initialising file paths with browser & version","timestamp":"2014-10-08T13:43:24.629Z"}
{"level":"info","message":"Initialising file paths with browser & version","timestamp":"2014-10-08T13:43:24.629Z"}
{"level":"info","message":"Initialising file paths with browser & version","timestamp":"2014-10-08T13:43:24.629Z"}
{"level":"info","message":"Initialising file paths with browser & version","timestamp":"2014-10-08T13:43:24.629Z"}
{"level":"info","message":"Initialising file paths with browser & version","timestamp":"2014-10-08T13:43:24.629Z"}
{"level":"info","message":"Opening URL: http://jenkins.zoetrope.io:8888/v3/testInline.html","timestamp":"2014-10-08T13:43:25.048Z"}
{"rotatable":false,"browserConnectionEnabled":true,"acceptSslCerts":true,"cssSelectorsEnabled":true,"javascriptEnabled":true,"nativeEvents":true,"databaseEnabled":true,"locationContextEnabled":true,"takesScreenshot":true,"platform":"XP","browserName":"firefox","webdriver.remote.sessionid":"451a1f4a1fa54d3185f0a8ad25c48c00","hasMetadata":true,"version":"27.0","applicationCacheEnabled":true,"webStorageEnabled":true,"handlesAlerts":true,"level":"info","message":"","timestamp":"2014-10-08T13:43:25.933Z"}
{"level":"info","message":"undefined","timestamp":"2014-10-08T13:43:25.934Z"}
{"level":"info","message":"Initialising file paths with browser & version","timestamp":"2014-10-08T13:43:25.934Z"}
{"level":"info","message":"Initialising file paths with browser & version","timestamp":"2014-10-08T13:43:25.934Z"}
{"level":"info","message":"Initialising file paths with browser & version","timestamp":"2014-10-08T13:43:25.934Z"}
{"level":"info","message":"Initialising file paths with browser & version","timestamp":"2014-10-08T13:43:25.934Z"}
{"level":"info","message":"Initialising file paths with browser & version","timestamp":"2014-10-08T13:43:25.934Z"}
{"level":"info","message":"Initialising file paths with browser & version","timestamp":"2014-10-08T13:43:25.935Z"}
{"level":"info","message":"Initialising file paths with browser & version","timestamp":"2014-10-08T13:43:25.935Z"}
{"level":"info","message":"Initialising file paths with browser & version","timestamp":"2014-10-08T13:43:25.935Z"}
{"level":"info","message":"Initialising file paths with browser & version","timestamp":"2014-10-08T13:43:25.935Z"}
{"level":"info","message":"Initialising file paths with browser & version","timestamp":"2014-10-08T13:43:25.935Z"}
{"level":"info","message":"Initialising file paths with browser & version","timestamp":"2014-10-08T13:43:25.935Z"}
{"level":"info","message":"Initialising file paths with browser & version","timestamp":"2014-10-08T13:43:25.935Z"}
{"level":"info","message":"Initialising file paths with browser & version","timestamp":"2014-10-08T13:43:25.935Z"}
{"level":"info","message":"Initialising file paths with browser & version","timestamp":"2014-10-08T13:43:25.935Z"}
{"level":"info","message":"Initialising file paths with browser & version","timestamp":"2014-10-08T13:43:25.935Z"}
{"level":"info","message":"Initialising file paths with browser & version","timestamp":"2014-10-08T13:43:25.935Z"}
{"level":"info","message":"Initialising file paths with browser & version","timestamp":"2014-10-08T13:43:25.935Z"}
{"level":"info","message":"Initialising file paths with browser & version","timestamp":"2014-10-08T13:43:25.935Z"}
{"level":"info","message":"Initialising file paths with browser & version","timestamp":"2014-10-08T13:43:25.935Z"}
{"level":"info","message":"Initialising file paths with browser & version","timestamp":"2014-10-08T13:43:25.935Z"}
{"level":"info","message":"Initialising file paths with browser & version","timestamp":"2014-10-08T13:43:25.935Z"}
{"level":"info","message":"Opening URL: http://jenkins.zoetrope.io:8888/v3/testInline.html","timestamp":"2014-10-08T13:43:26.355Z"}
{"level":"info","message":"Saving screenshot to images/load.jpginline0.pngpopover0.png","timestamp":"2014-10-08T13:43:33.174Z"}
{"level":"info","message":"Saving screenshot to images/load.jpginline0.pngpopover0.png","timestamp":"2014-10-08T13:43:34.005Z"}
{"level":"info","message":"Saved screenshot","timestamp":"2014-10-08T13:43:34.322Z"}
{"level":"info","message":"Clicking the help button","timestamp":"2014-10-08T13:43:34.358Z"}
{"parentElementArrayFinder":{"locator_":{"using":"css selector","value":".zoe-btn-help"}},"elementArrayFinder_":{"locator_":{"$ref":"$[\"parentElementArrayFinder\"][\"locator_\"]"}},"level":"info","message":"help button is","timestamp":"2014-10-08T13:43:34.361Z"}
{"level":"info","message":"Saved screenshot","timestamp":"2014-10-08T13:43:35.612Z"}
{"level":"info","message":"Clicking the help button","timestamp":"2014-10-08T13:43:35.649Z"}
{"parentElementArrayFinder":{"locator_":{"using":"css selector","value":".zoe-btn-help"}},"elementArrayFinder_":{"locator_":{"$ref":"$[\"parentElementArrayFinder\"][\"locator_\"]"}},"level":"info","message":"help button is","timestamp":"2014-10-08T13:43:35.652Z"}
{"level":"info","message":"Got help style of ","timestamp":"2014-10-08T13:43:36.476Z"}
{"level":"info","message":"Saving screenshot to images/help.jpginline0.pngpopover0.png","timestamp":"2014-10-08T13:43:36.521Z"}
{"level":"info","message":"Saved screenshot","timestamp":"2014-10-08T13:43:37.437Z"}
{"level":"info","message":"Clicking the help button","timestamp":"2014-10-08T13:43:37.480Z"}
{"parentElementArrayFinder":{"locator_":{"using":"css selector","value":".zoe-btn-help"}},"elementArrayFinder_":{"locator_":{"$ref":"$[\"parentElementArrayFinder\"][\"locator_\"]"}},"level":"info","message":"help button is","timestamp":"2014-10-08T13:43:37.482Z"}
{"level":"info","message":"Got help style of ","timestamp":"2014-10-08T13:43:38.144Z"}
{"level":"info","message":"Saving screenshot to images/help.jpginline0.pngpopover0.png","timestamp":"2014-10-08T13:43:38.189Z"}
{"level":"info","message":"Got help style of display: none;","timestamp":"2014-10-08T13:43:39.519Z"}
{"level":"info","message":"Saving screenshot to images/helpClose.jpginline0.pngpopover0.png","timestamp":"2014-10-08T13:43:39.561Z"}
{"level":"info","message":"Saved screenshot","timestamp":"2014-10-08T13:43:39.703Z"}
{"level":"info","message":"Clicking the help button","timestamp":"2014-10-08T13:43:39.746Z"}
{"parentElementArrayFinder":{"locator_":{"using":"css selector","value":".zoe-btn-help"}},"elementArrayFinder_":{"locator_":{"$ref":"$[\"parentElementArrayFinder\"][\"locator_\"]"}},"level":"info","message":"help button is","timestamp":"2014-10-08T13:43:39.748Z"}
{"level":"info","message":"Saved screenshot","timestamp":"2014-10-08T13:43:40.443Z"}
{"level":"info","message":"Clicking the zoom button","timestamp":"2014-10-08T13:43:40.491Z"}
{"level":"info","message":"Saving screenshot to images/zoom.jpginline0.pngpopover0.png","timestamp":"2014-10-08T13:43:40.495Z"}
{"level":"info","message":"Got help style of display: none;","timestamp":"2014-10-08T13:43:42.112Z"}
{"level":"info","message":"Saving screenshot to images/helpClose.jpginline0.pngpopover0.png","timestamp":"2014-10-08T13:43:42.153Z"}
{"level":"info","message":"Saved screenshot","timestamp":"2014-10-08T13:43:43.582Z"}
{"level":"info","message":"Clicking the zoom button","timestamp":"2014-10-08T13:43:43.599Z"}
{"level":"info","message":"Saving screenshot to images/zoomClose.jpginline0.pngpopover0.png","timestamp":"2014-10-08T13:43:43.601Z"}
{"level":"info","message":"Saved screenshot","timestamp":"2014-10-08T13:43:46.060Z"}
{"level":"info","message":"Opening URL: http://jenkins.zoetrope.io:8888/v3/testPopover.html","timestamp":"2014-10-08T13:43:46.072Z"}
{"level":"info","message":"Saved screenshot","timestamp":"2014-10-08T13:43:46.625Z"}
{"level":"info","message":"Clicking the zoom button","timestamp":"2014-10-08T13:43:46.680Z"}
{"level":"info","message":"Saving screenshot to images/zoom.jpginline0.pngpopover0.png","timestamp":"2014-10-08T13:43:46.685Z"}
{"level":"info","message":"Saving screenshot to images/load.jpginline0.pngpopover0.png","timestamp":"2014-10-08T13:43:47.084Z"}
{"level":"info","message":"Saved screenshot","timestamp":"2014-10-08T13:43:48.965Z"}
{"level":"info","message":"Clicking on widget trigger","timestamp":"2014-10-08T13:43:48.999Z"}
{"level":"info","message":"Saving screenshot to images/openWidget.jpginline0.pngpopover0.png","timestamp":"2014-10-08T13:43:50.383Z"}
{"level":"info","message":"Saved screenshot","timestamp":"2014-10-08T13:43:52.599Z"}
{"level":"info","message":"Clicking the zoom button","timestamp":"2014-10-08T13:43:52.611Z"}
{"level":"info","message":"Saving screenshot to images/zoomClose.jpginline0.pngpopover0.png","timestamp":"2014-10-08T13:43:52.616Z"}
{"level":"info","message":"Saved screenshot","timestamp":"2014-10-08T13:43:53.497Z"}
{"level":"info","message":"Clicking the help button","timestamp":"2014-10-08T13:43:53.528Z"}
{"parentElementArrayFinder":{"locator_":{"using":"css selector","value":".zoe-btn-help"}},"elementArrayFinder_":{"locator_":{"$ref":"$[\"parentElementArrayFinder\"][\"locator_\"]"}},"level":"info","message":"help button is","timestamp":"2014-10-08T13:43:53.531Z"}
{"level":"info","message":"Got help style of ","timestamp":"2014-10-08T13:43:58.957Z"}
{"level":"info","message":"Saving screenshot to images/help.jpginline0.pngpopover0.png","timestamp":"2014-10-08T13:43:59.000Z"}
{"level":"info","message":"Saved screenshot","timestamp":"2014-10-08T13:43:59.100Z"}
{"level":"info","message":"Opening URL: http://jenkins.zoetrope.io:8888/v3/testPopover.html","timestamp":"2014-10-08T13:43:59.111Z"}
{"level":"info","message":"Saving screenshot to images/load.jpginline0.pngpopover0.png","timestamp":"2014-10-08T13:44:00.564Z"}
{"level":"info","message":"Saved screenshot","timestamp":"2014-10-08T13:44:00.729Z"}
{"level":"info","message":"Clicking the help button","timestamp":"2014-10-08T13:44:00.772Z"}
{"parentElementArrayFinder":{"locator_":{"using":"css selector","value":".zoe-btn-help"}},"elementArrayFinder_":{"locator_":{"$ref":"$[\"parentElementArrayFinder\"][\"locator_\"]"}},"level":"info","message":"help button is","timestamp":"2014-10-08T13:44:00.776Z"}
{"level":"info","message":"Got help style of display: none;","timestamp":"2014-10-08T13:44:02.954Z"}
{"level":"info","message":"Saving screenshot to images/helpClose.jpginline0.pngpopover0.png","timestamp":"2014-10-08T13:44:02.995Z"}
{"level":"info","message":"Saved screenshot","timestamp":"2014-10-08T13:44:04.776Z"}
{"level":"info","message":"Clicking on widget trigger","timestamp":"2014-10-08T13:44:04.824Z"}
{"level":"info","message":"Saved screenshot","timestamp":"2014-10-08T13:44:05.585Z"}
{"level":"info","message":"Clicking the zoom button","timestamp":"2014-10-08T13:44:05.630Z"}
{"level":"info","message":"Saving screenshot to images/zoom.jpginline0.pngpopover0.png","timestamp":"2014-10-08T13:44:05.635Z"}
{"level":"info","message":"Saving screenshot to images/openWidget.jpginline0.pngpopover0.png","timestamp":"2014-10-08T13:44:06.636Z"}
{"level":"info","message":"Saved screenshot","timestamp":"2014-10-08T13:44:10.609Z"}
{"level":"info","message":"Clicking the help button","timestamp":"2014-10-08T13:44:10.642Z"}
{"parentElementArrayFinder":{"locator_":{"using":"css selector","value":".zoe-btn-help"}},"elementArrayFinder_":{"locator_":{"$ref":"$[\"parentElementArrayFinder\"][\"locator_\"]"}},"level":"info","message":"help button is","timestamp":"2014-10-08T13:44:10.645Z"}
{"level":"info","message":"Saved screenshot","timestamp":"2014-10-08T13:44:10.749Z"}
{"level":"info","message":"Clicking the zoom button","timestamp":"2014-10-08T13:44:10.775Z"}
{"level":"info","message":"Saving screenshot to images/zoomClose.jpginline0.pngpopover0.png","timestamp":"2014-10-08T13:44:10.779Z"}
{"level":"info","message":"Got help style of ","timestamp":"2014-10-08T13:44:13.442Z"}
{"level":"info","message":"Saving screenshot to images/help.jpginline0.pngpopover0.png","timestamp":"2014-10-08T13:44:13.485Z"}
{"level":"info","message":"Saved screenshot","timestamp":"2014-10-08T13:44:14.505Z"}
{"level":"info","message":"Saved screenshot","timestamp":"2014-10-08T13:44:17.798Z"}
{"level":"info","message":"Clicking the help button","timestamp":"2014-10-08T13:44:17.841Z"}
{"parentElementArrayFinder":{"locator_":{"using":"css selector","value":".zoe-btn-help"}},"elementArrayFinder_":{"locator_":{"$ref":"$[\"parentElementArrayFinder\"][\"locator_\"]"}},"level":"info","message":"help button is","timestamp":"2014-10-08T13:44:17.844Z"}
{"level":"info","message":"Got help style of display: none;","timestamp":"2014-10-08T13:44:20.801Z"}
{"level":"info","message":"Saving screenshot to images/helpClose.jpginline0.pngpopover0.png","timestamp":"2014-10-08T13:44:20.843Z"}
{"level":"info","message":"Saved screenshot","timestamp":"2014-10-08T13:44:26.757Z"}
{"level":"info","message":"Clicking the zoom button","timestamp":"2014-10-08T13:44:26.799Z"}
{"level":"info","message":"Saving screenshot to images/zoom.jpginline0.pngpopover0.png","timestamp":"2014-10-08T13:44:26.804Z"}
{"level":"info","message":"Saved screenshot","timestamp":"2014-10-08T13:44:34.733Z"}
{"level":"info","message":"Clicking the zoom button","timestamp":"2014-10-08T13:44:34.745Z"}
{"level":"info","message":"Saving screenshot to images/zoomClose.jpginline0.pngpopover0.png","timestamp":"2014-10-08T13:44:34.751Z"}
{"level":"info","message":"Saved screenshot","timestamp":"2014-10-08T13:44:40.905Z"}
{"takesScreenshot":true,"version":"6.0.5","cssSelectorsEnabled":true,"javascriptEnabled":true,"browserName":"safari","platform":"MAC","secureSsl":true,"webdriver.remote.sessionid":"ddac513a0ed74571ac835ff1a74b0160","hasMetadata":true,"level":"info","message":"","timestamp":"2014-10-08T13:44:43.366Z"}
{"level":"info","message":"undefined","timestamp":"2014-10-08T13:44:43.367Z"}
{"level":"info","message":"Initialising file paths with browser & version","timestamp":"2014-10-08T13:44:43.367Z"}
{"level":"info","message":"Initialising file paths with browser & version","timestamp":"2014-10-08T13:44:43.367Z"}
{"level":"info","message":"Initialising file paths with browser & version","timestamp":"2014-10-08T13:44:43.368Z"}
{"level":"info","message":"Initialising file paths with browser & version","timestamp":"2014-10-08T13:44:43.368Z"}
{"level":"info","message":"Initialising file paths with browser & version","timestamp":"2014-10-08T13:44:43.368Z"}
{"level":"info","message":"Initialising file paths with browser & version","timestamp":"2014-10-08T13:44:43.368Z"}
{"level":"info","message":"Initialising file paths with browser & version","timestamp":"2014-10-08T13:44:43.368Z"}
{"level":"info","message":"Initialising file paths with browser & version","timestamp":"2014-10-08T13:44:43.368Z"}
{"level":"info","message":"Initialising file paths with browser & version","timestamp":"2014-10-08T13:44:43.368Z"}
{"level":"info","message":"Initialising file paths with browser & version","timestamp":"2014-10-08T13:44:43.368Z"}
{"level":"info","message":"Initialising file paths with browser & version","timestamp":"2014-10-08T13:44:43.368Z"}
{"level":"info","message":"Initialising file paths with browser & version","timestamp":"2014-10-08T13:44:43.368Z"}
{"level":"info","message":"Initialising file paths with browser & version","timestamp":"2014-10-08T13:44:43.368Z"}
{"level":"info","message":"Initialising file paths with browser & version","timestamp":"2014-10-08T13:44:43.368Z"}
{"level":"info","message":"Initialising file paths with browser & version","timestamp":"2014-10-08T13:44:43.368Z"}
{"level":"info","message":"Initialising file paths with browser & version","timestamp":"2014-10-08T13:44:43.368Z"}
{"level":"info","message":"Initialising file paths with browser & version","timestamp":"2014-10-08T13:44:43.368Z"}
{"level":"info","message":"Initialising file paths with browser & version","timestamp":"2014-10-08T13:44:43.368Z"}
{"level":"info","message":"Initialising file paths with browser & version","timestamp":"2014-10-08T13:44:43.368Z"}
{"level":"info","message":"Initialising file paths with browser & version","timestamp":"2014-10-08T13:44:43.369Z"}
{"level":"info","message":"Initialising file paths with browser & version","timestamp":"2014-10-08T13:44:43.369Z"}
{"level":"info","message":"Opening URL: http://jenkins.zoetrope.io:8888/v3/testInline.html","timestamp":"2014-10-08T13:44:43.776Z"}
{"level":"info","message":"Saving screenshot to images/load.jpginline0.pngpopover0.png","timestamp":"2014-10-08T13:44:50.425Z"}
{"level":"info","message":"Saved screenshot","timestamp":"2014-10-08T13:44:55.679Z"}
{"level":"info","message":"Clicking the help button","timestamp":"2014-10-08T13:44:55.714Z"}
{"parentElementArrayFinder":{"locator_":{"using":"css selector","value":".zoe-btn-help"}},"elementArrayFinder_":{"locator_":{"$ref":"$[\"parentElementArrayFinder\"][\"locator_\"]"}},"level":"info","message":"help button is","timestamp":"2014-10-08T13:44:55.718Z"}
{"level":"info","message":"Got help style of ","timestamp":"2014-10-08T13:44:58.078Z"}
{"level":"info","message":"Saving screenshot to images/help.jpginline0.pngpopover0.png","timestamp":"2014-10-08T13:44:58.122Z"}
{"rotatable":false,"browserConnectionEnabled":false,"acceptSslCerts":true,"cssSelectorsEnabled":true,"chrome":{"chromedriverVersion":"2.4.226107"},"javascriptEnabled":true,"version":"30.0.1599.65","webdriver.remote.sessionid":"421f2b4c37d044b49314c1a5738d182f","databaseEnabled":true,"locationContextEnabled":true,"platform":"Windows NT","browserName":"chrome","takesScreenshot":true,"hasMetadata":true,"nativeEvents":true,"applicationCacheEnabled":false,"webStorageEnabled":true,"handlesAlerts":true,"level":"info","message":"","timestamp":"2014-10-08T13:44:58.875Z"}
{"level":"info","message":"undefined","timestamp":"2014-10-08T13:44:58.876Z"}
{"level":"info","message":"Initialising file paths with browser & version","timestamp":"2014-10-08T13:44:58.877Z"}
{"level":"info","message":"Initialising file paths with browser & version","timestamp":"2014-10-08T13:44:58.877Z"}
{"level":"info","message":"Initialising file paths with browser & version","timestamp":"2014-10-08T13:44:58.877Z"}
{"level":"info","message":"Initialising file paths with browser & version","timestamp":"2014-10-08T13:44:58.877Z"}
{"level":"info","message":"Initialising file paths with browser & version","timestamp":"2014-10-08T13:44:58.877Z"}
{"level":"info","message":"Initialising file paths with browser & version","timestamp":"2014-10-08T13:44:58.877Z"}
{"level":"info","message":"Initialising file paths with browser & version","timestamp":"2014-10-08T13:44:58.877Z"}
{"level":"info","message":"Initialising file paths with browser & version","timestamp":"2014-10-08T13:44:58.877Z"}
{"level":"info","message":"Initialising file paths with browser & version","timestamp":"2014-10-08T13:44:58.877Z"}
{"level":"info","message":"Initialising file paths with browser & version","timestamp":"2014-10-08T13:44:58.877Z"}
{"level":"info","message":"Initialising file paths with browser & version","timestamp":"2014-10-08T13:44:58.877Z"}
{"level":"info","message":"Initialising file paths with browser & version","timestamp":"2014-10-08T13:44:58.877Z"}
{"level":"info","message":"Initialising file paths with browser & version","timestamp":"2014-10-08T13:44:58.877Z"}
{"level":"info","message":"Initialising file paths with browser & version","timestamp":"2014-10-08T13:44:58.877Z"}
{"level":"info","message":"Initialising file paths with browser & version","timestamp":"2014-10-08T13:44:58.878Z"}
{"level":"info","message":"Initialising file paths with browser & version","timestamp":"2014-10-08T13:44:58.878Z"}
{"level":"info","message":"Initialising file paths with browser & version","timestamp":"2014-10-08T13:44:58.878Z"}
{"level":"info","message":"Initialising file paths with browser & version","timestamp":"2014-10-08T13:44:58.878Z"}
{"level":"info","message":"Initialising file paths with browser & version","timestamp":"2014-10-08T13:44:58.878Z"}
{"level":"info","message":"Initialising file paths with browser & version","timestamp":"2014-10-08T13:44:58.878Z"}
{"level":"info","message":"Initialising file paths with browser & version","timestamp":"2014-10-08T13:44:58.878Z"}
{"level":"info","message":"Opening URL: http://jenkins.zoetrope.io:8888/v3/testInline.html","timestamp":"2014-10-08T13:44:59.266Z"}
{"level":"info","message":"Saved screenshot","timestamp":"2014-10-08T13:45:00.645Z"}
{"level":"info","message":"Clicking the help button","timestamp":"2014-10-08T13:45:00.686Z"}
{"parentElementArrayFinder":{"locator_":{"using":"css selector","value":".zoe-btn-help"}},"elementArrayFinder_":{"locator_":{"$ref":"$[\"parentElementArrayFinder\"][\"locator_\"]"}},"level":"info","message":"help button is","timestamp":"2014-10-08T13:45:00.690Z"}
{"level":"info","message":"Got help style of display: none; ","timestamp":"2014-10-08T13:45:03.335Z"}
{"level":"info","message":"Saving screenshot to images/helpClose.jpginline0.pngpopover0.png","timestamp":"2014-10-08T13:45:03.376Z"}
{"level":"info","message":"Saving screenshot to images/load.jpginline0.pngpopover0.png","timestamp":"2014-10-08T13:45:04.562Z"}
{"level":"info","message":"Saved screenshot","timestamp":"2014-10-08T13:45:06.121Z"}
{"level":"info","message":"Clicking the zoom button","timestamp":"2014-10-08T13:45:06.178Z"}
{"level":"info","message":"Saving screenshot to images/zoom.jpginline0.pngpopover0.png","timestamp":"2014-10-08T13:45:06.183Z"}
{"level":"info","message":"Saved screenshot","timestamp":"2014-10-08T13:45:06.540Z"}
{"level":"info","message":"Clicking the help button","timestamp":"2014-10-08T13:45:06.577Z"}
{"parentElementArrayFinder":{"locator_":{"using":"css selector","value":".zoe-btn-help"}},"elementArrayFinder_":{"locator_":{"$ref":"$[\"parentElementArrayFinder\"][\"locator_\"]"}},"level":"info","message":"help button is","timestamp":"2014-10-08T13:45:06.580Z"}
{"level":"info","message":"Got help style of ","timestamp":"2014-10-08T13:45:08.975Z"}
{"level":"info","message":"Saving screenshot to images/help.jpginline0.pngpopover0.png","timestamp":"2014-10-08T13:45:09.019Z"}
{"level":"info","message":"Saved screenshot","timestamp":"2014-10-08T13:45:10.620Z"}
{"level":"info","message":"Clicking the help button","timestamp":"2014-10-08T13:45:10.676Z"}
{"parentElementArrayFinder":{"locator_":{"using":"css selector","value":".zoe-btn-help"}},"elementArrayFinder_":{"locator_":{"$ref":"$[\"parentElementArrayFinder\"][\"locator_\"]"}},"level":"info","message":"help button is","timestamp":"2014-10-08T13:45:10.680Z"}
{"level":"info","message":"Saved screenshot","timestamp":"2014-10-08T13:45:11.444Z"}
{"level":"info","message":"Clicking the zoom button","timestamp":"2014-10-08T13:45:11.455Z"}
{"level":"info","message":"Saving screenshot to images/zoomClose.jpginline0.pngpopover0.png","timestamp":"2014-10-08T13:45:11.459Z"}
{"level":"info","message":"Got help style of display: none;","timestamp":"2014-10-08T13:45:12.816Z"}
{"level":"info","message":"Saving screenshot to images/helpClose.jpginline0.pngpopover0.png","timestamp":"2014-10-08T13:45:12.858Z"}
{"level":"info","message":"Saved screenshot","timestamp":"2014-10-08T13:45:14.936Z"}
{"level":"info","message":"Clicking the zoom button","timestamp":"2014-10-08T13:45:14.980Z"}
{"level":"info","message":"Saving screenshot to images/zoom.jpginline0.pngpopover0.png","timestamp":"2014-10-08T13:45:14.985Z"}
{"level":"info","message":"Saved screenshot","timestamp":"2014-10-08T13:45:16.176Z"}
{"level":"info","message":"Opening URL: http://jenkins.zoetrope.io:8888/v3/testPopover.html","timestamp":"2014-10-08T13:45:16.200Z"}
{"level":"info","message":"Saving screenshot to images/load.jpginline0.pngpopover0.png","timestamp":"2014-10-08T13:45:17.385Z"}
{"level":"info","message":"Saved screenshot","timestamp":"2014-10-08T13:45:20.946Z"}
{"level":"info","message":"Clicking the zoom button","timestamp":"2014-10-08T13:45:20.961Z"}
{"level":"info","message":"Saving screenshot to images/zoomClose.jpginline0.pngpopover0.png","timestamp":"2014-10-08T13:45:20.964Z"}
{"level":"info","message":"Saved screenshot","timestamp":"2014-10-08T13:45:22.595Z"}
{"level":"info","message":"Clicking on widget trigger","timestamp":"2014-10-08T13:45:22.627Z"}
{"level":"info","message":"Saving screenshot to images/openWidget.jpginline0.pngpopover0.png","timestamp":"2014-10-08T13:45:24.522Z"}
{"level":"info","message":"Saved screenshot","timestamp":"2014-10-08T13:45:25.606Z"}
{"level":"info","message":"Opening URL: http://jenkins.zoetrope.io:8888/v3/testPopover.html","timestamp":"2014-10-08T13:45:25.618Z"}
{"level":"info","message":"Saving screenshot to images/load.jpginline0.pngpopover0.png","timestamp":"2014-10-08T13:45:26.842Z"}
{"level":"info","message":"Saved screenshot","timestamp":"2014-10-08T13:45:27.131Z"}
{"level":"info","message":"Clicking the help button","timestamp":"2014-10-08T13:45:27.175Z"}
{"parentElementArrayFinder":{"locator_":{"using":"css selector","value":".zoe-btn-help"}},"elementArrayFinder_":{"locator_":{"$ref":"$[\"parentElementArrayFinder\"][\"locator_\"]"}},"level":"info","message":"help button is","timestamp":"2014-10-08T13:45:27.179Z"}
{"level":"info","message":"Saved screenshot","timestamp":"2014-10-08T13:45:29.030Z"}
{"level":"info","message":"Clicking on widget trigger","timestamp":"2014-10-08T13:45:29.066Z"}
{"level":"info","message":"Got help style of ","timestamp":"2014-10-08T13:45:29.616Z"}
{"level":"info","message":"Saving screenshot to images/help.jpginline0.pngpopover0.png","timestamp":"2014-10-08T13:45:29.661Z"}
{"level":"info","message":"Saving screenshot to images/openWidget.jpginline0.pngpopover0.png","timestamp":"2014-10-08T13:45:30.536Z"}
{"level":"info","message":"Saved screenshot","timestamp":"2014-10-08T13:45:31.891Z"}
{"level":"info","message":"Clicking the help button","timestamp":"2014-10-08T13:45:31.935Z"}
{"parentElementArrayFinder":{"locator_":{"using":"css selector","value":".zoe-btn-help"}},"elementArrayFinder_":{"locator_":{"$ref":"$[\"parentElementArrayFinder\"][\"locator_\"]"}},"level":"info","message":"help button is","timestamp":"2014-10-08T13:45:31.937Z"}
{"level":"info","message":"Saved screenshot","timestamp":"2014-10-08T13:45:32.548Z"}
{"level":"info","message":"Clicking the help button","timestamp":"2014-10-08T13:45:32.592Z"}
{"parentElementArrayFinder":{"locator_":{"using":"css selector","value":".zoe-btn-help"}},"elementArrayFinder_":{"locator_":{"$ref":"$[\"parentElementArrayFinder\"][\"locator_\"]"}},"level":"info","message":"help button is","timestamp":"2014-10-08T13:45:32.595Z"}
{"level":"info","message":"Got help style of display: none; ","timestamp":"2014-10-08T13:45:34.412Z"}
{"level":"info","message":"Saving screenshot to images/helpClose.jpginline0.pngpopover0.png","timestamp":"2014-10-08T13:45:34.456Z"}
{"level":"info","message":"Got help style of ","timestamp":"2014-10-08T13:45:34.673Z"}
{"level":"info","message":"Saving screenshot to images/help.jpginline0.pngpopover0.png","timestamp":"2014-10-08T13:45:34.719Z"}
{"level":"info","message":"Saved screenshot","timestamp":"2014-10-08T13:45:36.526Z"}
{"level":"info","message":"Clicking the help button","timestamp":"2014-10-08T13:45:36.573Z"}
{"parentElementArrayFinder":{"locator_":{"using":"css selector","value":".zoe-btn-help"}},"elementArrayFinder_":{"locator_":{"$ref":"$[\"parentElementArrayFinder\"][\"locator_\"]"}},"level":"info","message":"help button is","timestamp":"2014-10-08T13:45:36.576Z"}
{"level":"info","message":"Saved screenshot","timestamp":"2014-10-08T13:45:37.063Z"}
{"level":"info","message":"Clicking the zoom button","timestamp":"2014-10-08T13:45:37.105Z"}
{"level":"info","message":"Saving screenshot to images/zoom.jpginline0.pngpopover0.png","timestamp":"2014-10-08T13:45:37.110Z"}
{"level":"info","message":"Got help style of display: none;","timestamp":"2014-10-08T13:45:38.913Z"}
{"level":"info","message":"Saving screenshot to images/helpClose.jpginline0.pngpopover0.png","timestamp":"2014-10-08T13:45:38.955Z"}
{"level":"info","message":"Saved screenshot","timestamp":"2014-10-08T13:45:40.741Z"}
{"level":"info","message":"Clicking the zoom button","timestamp":"2014-10-08T13:45:40.796Z"}
{"level":"info","message":"Saving screenshot to images/zoom.jpginline0.pngpopover0.png","timestamp":"2014-10-08T13:45:40.802Z"}
{"level":"info","message":"Saved screenshot","timestamp":"2014-10-08T13:45:42.961Z"}
{"level":"info","message":"Clicking the zoom button","timestamp":"2014-10-08T13:45:42.985Z"}
{"level":"info","message":"Saving screenshot to images/zoomClose.jpginline0.pngpopover0.png","timestamp":"2014-10-08T13:45:42.989Z"}
{"level":"info","message":"Saved screenshot","timestamp":"2014-10-08T13:45:47.185Z"}
{"level":"info","message":"Clicking the zoom button","timestamp":"2014-10-08T13:45:47.196Z"}
{"level":"info","message":"Saving screenshot to images/zoomClose.jpginline0.pngpopover0.png","timestamp":"2014-10-08T13:45:47.202Z"}
{"level":"info","message":"Saved screenshot","timestamp":"2014-10-08T13:45:49.633Z"}
{"level":"info","message":"Saved screenshot","timestamp":"2014-10-08T13:45:51.028Z"}
{"level":"info","message":"Initialising jasmine tests","timestamp":"2014-10-08T13:49:23.376Z"}
{"level":"info","message":"Initialising jasmine tests","timestamp":"2014-10-08T13:49:23.376Z"}
{"inline":{},"popover":{},"indiscriminate":{},"progressWrapper":{"parentElementArrayFinder":{"locator_":{"using":"css selector","value":".zoe-progress-wrapper"}},"elementArrayFinder_":{"locator_":{"$ref":"$[\"progressWrapper\"][\"parentElementArrayFinder\"][\"locator_\"]"}}},"widgetOverlay":{"parentElementArrayFinder":{"locator_":{"using":"css selector","value":"#zoe-zbox-overlay"}},"elementArrayFinder_":{"locator_":{"$ref":"$[\"widgetOverlay\"][\"parentElementArrayFinder\"][\"locator_\"]"}}},"widgetTrigger":{"parentElementArrayFinder":{"locator_":{"using":"css selector","value":".zoe-engage-trigger>img"}},"elementArrayFinder_":{"locator_":{"$ref":"$[\"widgetTrigger\"][\"parentElementArrayFinder\"][\"locator_\"]"}}},"widgetColorbox":{"parentElementArrayFinder":{"locator_":{"using":"css selector","value":"#zoe-zbox-content"}},"elementArrayFinder_":{"locator_":{"$ref":"$[\"widgetColorbox\"][\"parentElementArrayFinder\"][\"locator_\"]"}}},"helpButton":{"parentElementArrayFinder":{"locator_":{"using":"css selector","value":".zoe-btn-help"}},"elementArrayFinder_":{"locator_":{"$ref":"$[\"helpButton\"][\"parentElementArrayFinder\"][\"locator_\"]"}}},"helpElement":{"parentElementArrayFinder":{"locator_":{"using":"css selector","value":".zoe-help-overlay"}},"elementArrayFinder_":{"locator_":{"$ref":"$[\"helpElement\"][\"parentElementArrayFinder\"][\"locator_\"]"}}},"zoomButton":{"parentElementArrayFinder":{"locator_":{"using":"css selector","value":".zoe-btn-zoom"}},"elementArrayFinder_":{"locator_":{"$ref":"$[\"zoomButton\"][\"parentElementArrayFinder\"][\"locator_\"]"}}},"zoomElement":{"parentElementArrayFinder":{"locator_":{"using":"css selector","value":".zoe-zoom"}},"elementArrayFinder_":{"locator_":{"$ref":"$[\"zoomElement\"][\"parentElementArrayFinder\"][\"locator_\"]"}}},"zoomImage":{"parentElementArrayFinder":{"locator_":{"using":"css selector","value":".zoe-zoom-frame"}},"elementArrayFinder_":{"locator_":{"$ref":"$[\"zoomImage\"][\"parentElementArrayFinder\"][\"locator_\"]"}}},"closeButton":{"parentElementArrayFinder":{"locator_":{"using":"css selector","value":".zoe-btn-close"}},"elementArrayFinder_":{"locator_":{"$ref":"$[\"closeButton\"][\"parentElementArrayFinder\"][\"locator_\"]"}}},"widgetImageDiv":{"parentElementArrayFinder":{"locator_":{"using":"css selector","value":".zoe-engage-image.reel"}},"elementArrayFinder_":{"locator_":{"$ref":"$[\"widgetImageDiv\"][\"parentElementArrayFinder\"][\"locator_\"]"}}},"inlineDivSelector":{"parentElementArrayFinder":{"locator_":{"using":"css selector","value":".zoe-inline.reel"}},"elementArrayFinder_":{"locator_":{"$ref":"$[\"inlineDivSelector\"][\"parentElementArrayFinder\"][\"locator_\"]"}}},"widgetWrapperSelector":{"parentElementArrayFinder":{"locator_":{"using":"css selector","value":".zoe-engage-wrapper"}},"elementArrayFinder_":{"locator_":{"$ref":"$[\"widgetWrapperSelector\"][\"parentElementArrayFinder\"][\"locator_\"]"}}},"widgetWrapperImage":{"parentElementArrayFinder":{"locator_":{"using":"css selector","value":".zoe-frame"}},"elementArrayFinder_":{"locator_":{"$ref":"$[\"widgetWrapperImage\"][\"parentElementArrayFinder\"][\"locator_\"]"}}},"pageImageSelector":{"parentElementArrayFinder":{"locator_":{"using":"css selector","value":".zoe-engage-wrapper"}},"elementArrayFinder_":{"locator_":{"$ref":"$[\"pageImageSelector\"][\"parentElementArrayFinder\"][\"locator_\"]"}}},"inlineTrigger":{"parentElementArrayFinder":{"locator_":{"using":"css selector","value":"a.zoe-engage-trigger"}},"elementArrayFinder_":{"locator_":{"$ref":"$[\"inlineTrigger\"][\"parentElementArrayFinder\"][\"locator_\"]"}}},"inlineWrapper":{"parentElementArrayFinder":{"locator_":{"using":"css selector","value":".zoe-engage-wrapper.zoe-inline"}},"elementArrayFinder_":{"locator_":{"$ref":"$[\"inlineWrapper\"][\"parentElementArrayFinder\"][\"locator_\"]"}}},"frameSelector":{"parentElementArrayFinder":{"locator_":{"using":"css selector","value":".zoe-frame"}},"elementArrayFinder_":{"locator_":{"$ref":"$[\"frameSelector\"][\"parentElementArrayFinder\"][\"locator_\"]"}}},"interactCTA":{"parentElementArrayFinder":{"locator_":{"using":"css selector","value":".zoe-interact-cta"}},"elementArrayFinder_":{"locator_":{"$ref":"$[\"interactCTA\"][\"parentElementArrayFinder\"][\"locator_\"]"}}},"triggerCTA":{"parentElementArrayFinder":{"locator_":{"using":"css selector","value":".zoe-trigger-cta"}},"elementArrayFinder_":{"locator_":{"$ref":"$[\"triggerCTA\"][\"parentElementArrayFinder\"][\"locator_\"]"}}},"helpRotate":{"parentElementArrayFinder":{"locator_":{"using":"css selector","value":".zoe-help-rotate .zoe-help-text"}},"elementArrayFinder_":{"locator_":{"$ref":"$[\"helpRotate\"][\"parentElementArrayFinder\"][\"locator_\"]"}}},"helpElevate":{"parentElementArrayFinder":{"locator_":{"using":"css selector","value":".zoe-help-elevate .zoe-help-text"}},"elementArrayFinder_":{"locator_":{"$ref":"$[\"helpElevate\"][\"parentElementArrayFinder\"][\"locator_\"]"}}},"helpZoom":{"parentElementArrayFinder":{"locator_":{"using":"css selector","value":".zoe-help-zoom .zoe-help-text"}},"elementArrayFinder_":{"locator_":{"$ref":"$[\"helpZoom\"][\"parentElementArrayFinder\"][\"locator_\"]"}}},"helpBrand":{"parentElementArrayFinder":{"locator_":{"using":"css selector","value":".zoe-help-brand .zoe-help-text"}},"elementArrayFinder_":{"locator_":{"$ref":"$[\"helpBrand\"][\"parentElementArrayFinder\"][\"locator_\"]"}}},"extraContent":{"parentElementArrayFinder":{"locator_":{"using":"css selector","value":".zoe-display-extra-content"}},"elementArrayFinder_":{"locator_":{"$ref":"$[\"extraContent\"][\"parentElementArrayFinder\"][\"locator_\"]"}}},"level":"debug","message":"elementFinder is ","timestamp":"2014-10-08T13:49:23.378Z"}
{"inline":{},"popover":{},"indiscriminate":{},"progressWrapper":{"parentElementArrayFinder":{"locator_":{"using":"css selector","value":".zoe-progress-wrapper"}},"elementArrayFinder_":{"locator_":{"$ref":"$[\"progressWrapper\"][\"parentElementArrayFinder\"][\"locator_\"]"}}},"widgetOverlay":{"parentElementArrayFinder":{"locator_":{"using":"css selector","value":"#zoe-zbox-overlay"}},"elementArrayFinder_":{"locator_":{"$ref":"$[\"widgetOverlay\"][\"parentElementArrayFinder\"][\"locator_\"]"}}},"widgetTrigger":{"parentElementArrayFinder":{"locator_":{"using":"css selector","value":".zoe-engage-trigger>img"}},"elementArrayFinder_":{"locator_":{"$ref":"$[\"widgetTrigger\"][\"parentElementArrayFinder\"][\"locator_\"]"}}},"widgetColorbox":{"parentElementArrayFinder":{"locator_":{"using":"css selector","value":"#zoe-zbox-content"}},"elementArrayFinder_":{"locator_":{"$ref":"$[\"widgetColorbox\"][\"parentElementArrayFinder\"][\"locator_\"]"}}},"helpButton":{"parentElementArrayFinder":{"locator_":{"using":"css selector","value":".zoe-btn-help"}},"elementArrayFinder_":{"locator_":{"$ref":"$[\"helpButton\"][\"parentElementArrayFinder\"][\"locator_\"]"}}},"helpElement":{"parentElementArrayFinder":{"locator_":{"using":"css selector","value":".zoe-help-overlay"}},"elementArrayFinder_":{"locator_":{"$ref":"$[\"helpElement\"][\"parentElementArrayFinder\"][\"locator_\"]"}}},"zoomButton":{"parentElementArrayFinder":{"locator_":{"using":"css selector","value":".zoe-btn-zoom"}},"elementArrayFinder_":{"locator_":{"$ref":"$[\"zoomButton\"][\"parentElementArrayFinder\"][\"locator_\"]"}}},"zoomElement":{"parentElementArrayFinder":{"locator_":{"using":"css selector","value":".zoe-zoom"}},"elementArrayFinder_":{"locator_":{"$ref":"$[\"zoomElement\"][\"parentElementArrayFinder\"][\"locator_\"]"}}},"zoomImage":{"parentElementArrayFinder":{"locator_":{"using":"css selector","value":".zoe-zoom-frame"}},"elementArrayFinder_":{"locator_":{"$ref":"$[\"zoomImage\"][\"parentElementArrayFinder\"][\"locator_\"]"}}},"closeButton":{"parentElementArrayFinder":{"locator_":{"using":"css selector","value":".zoe-btn-close"}},"elementArrayFinder_":{"locator_":{"$ref":"$[\"closeButton\"][\"parentElementArrayFinder\"][\"locator_\"]"}}},"widgetImageDiv":{"parentElementArrayFinder":{"locator_":{"using":"css selector","value":".zoe-engage-image.reel"}},"elementArrayFinder_":{"locator_":{"$ref":"$[\"widgetImageDiv\"][\"parentElementArrayFinder\"][\"locator_\"]"}}},"inlineDivSelector":{"parentElementArrayFinder":{"locator_":{"using":"css selector","value":".zoe-inline.reel"}},"elementArrayFinder_":{"locator_":{"$ref":"$[\"inlineDivSelector\"][\"parentElementArrayFinder\"][\"locator_\"]"}}},"widgetWrapperSelector":{"parentElementArrayFinder":{"locator_":{"using":"css selector","value":".zoe-engage-wrapper"}},"elementArrayFinder_":{"locator_":{"$ref":"$[\"widgetWrapperSelector\"][\"parentElementArrayFinder\"][\"locator_\"]"}}},"widgetWrapperImage":{"parentElementArrayFinder":{"locator_":{"using":"css selector","value":".zoe-frame"}},"elementArrayFinder_":{"locator_":{"$ref":"$[\"widgetWrapperImage\"][\"parentElementArrayFinder\"][\"locator_\"]"}}},"pageImageSelector":{"parentElementArrayFinder":{"locator_":{"using":"css selector","value":".zoe-engage-wrapper"}},"elementArrayFinder_":{"locator_":{"$ref":"$[\"pageImageSelector\"][\"parentElementArrayFinder\"][\"locator_\"]"}}},"inlineTrigger":{"parentElementArrayFinder":{"locator_":{"using":"css selector","value":"a.zoe-engage-trigger"}},"elementArrayFinder_":{"locator_":{"$ref":"$[\"inlineTrigger\"][\"parentElementArrayFinder\"][\"locator_\"]"}}},"inlineWrapper":{"parentElementArrayFinder":{"locator_":{"using":"css selector","value":".zoe-engage-wrapper.zoe-inline"}},"elementArrayFinder_":{"locator_":{"$ref":"$[\"inlineWrapper\"][\"parentElementArrayFinder\"][\"locator_\"]"}}},"frameSelector":{"parentElementArrayFinder":{"locator_":{"using":"css selector","value":".zoe-frame"}},"elementArrayFinder_":{"locator_":{"$ref":"$[\"frameSelector\"][\"parentElementArrayFinder\"][\"locator_\"]"}}},"interactCTA":{"parentElementArrayFinder":{"locator_":{"using":"css selector","value":".zoe-interact-cta"}},"elementArrayFinder_":{"locator_":{"$ref":"$[\"interactCTA\"][\"parentElementArrayFinder\"][\"locator_\"]"}}},"triggerCTA":{"parentElementArrayFinder":{"locator_":{"using":"css selector","value":".zoe-trigger-cta"}},"elementArrayFinder_":{"locator_":{"$ref":"$[\"triggerCTA\"][\"parentElementArrayFinder\"][\"locator_\"]"}}},"helpRotate":{"parentElementArrayFinder":{"locator_":{"using":"css selector","value":".zoe-help-rotate .zoe-help-text"}},"elementArrayFinder_":{"locator_":{"$ref":"$[\"helpRotate\"][\"parentElementArrayFinder\"][\"locator_\"]"}}},"helpElevate":{"parentElementArrayFinder":{"locator_":{"using":"css selector","value":".zoe-help-elevate .zoe-help-text"}},"elementArrayFinder_":{"locator_":{"$ref":"$[\"helpElevate\"][\"parentElementArrayFinder\"][\"locator_\"]"}}},"helpZoom":{"parentElementArrayFinder":{"locator_":{"using":"css selector","value":".zoe-help-zoom .zoe-help-text"}},"elementArrayFinder_":{"locator_":{"$ref":"$[\"helpZoom\"][\"parentElementArrayFinder\"][\"locator_\"]"}}},"helpBrand":{"parentElementArrayFinder":{"locator_":{"using":"css selector","value":".zoe-help-brand .zoe-help-text"}},"elementArrayFinder_":{"locator_":{"$ref":"$[\"helpBrand\"][\"parentElementArrayFinder\"][\"locator_\"]"}}},"extraContent":{"parentElementArrayFinder":{"locator_":{"using":"css selector","value":".zoe-display-extra-content"}},"elementArrayFinder_":{"locator_":{"$ref":"$[\"extraContent\"][\"parentElementArrayFinder\"][\"locator_\"]"}}},"level":"debug","message":"elementFinder is ","timestamp":"2014-10-08T13:49:23.379Z"}
{"level":"info","message":"Initialising file paths with browser & version","timestamp":"2014-10-08T13:49:23.385Z"}
{"level":"info","message":"Initialising file paths with browser & version","timestamp":"2014-10-08T13:49:23.386Z"}
{"level":"info","message":"Initialising file paths with browser & version","timestamp":"2014-10-08T13:49:23.386Z"}
{"level":"info","message":"Initialising file paths with browser & version","timestamp":"2014-10-08T13:49:23.386Z"}
{"level":"info","message":"Initialising jasmine tests","timestamp":"2014-10-08T13:49:23.376Z"}
{"inline":{},"popover":{},"indiscriminate":{},"progressWrapper":{"parentElementArrayFinder":{"locator_":{"using":"css selector","value":".zoe-progress-wrapper"}},"elementArrayFinder_":{"locator_":{"$ref":"$[\"progressWrapper\"][\"parentElementArrayFinder\"][\"locator_\"]"}}},"widgetOverlay":{"parentElementArrayFinder":{"locator_":{"using":"css selector","value":"#zoe-zbox-overlay"}},"elementArrayFinder_":{"locator_":{"$ref":"$[\"widgetOverlay\"][\"parentElementArrayFinder\"][\"locator_\"]"}}},"widgetTrigger":{"parentElementArrayFinder":{"locator_":{"using":"css selector","value":".zoe-engage-trigger>img"}},"elementArrayFinder_":{"locator_":{"$ref":"$[\"widgetTrigger\"][\"parentElementArrayFinder\"][\"locator_\"]"}}},"widgetColorbox":{"parentElementArrayFinder":{"locator_":{"using":"css selector","value":"#zoe-zbox-content"}},"elementArrayFinder_":{"locator_":{"$ref":"$[\"widgetColorbox\"][\"parentElementArrayFinder\"][\"locator_\"]"}}},"helpButton":{"parentElementArrayFinder":{"locator_":{"using":"css selector","value":".zoe-btn-help"}},"elementArrayFinder_":{"locator_":{"$ref":"$[\"helpButton\"][\"parentElementArrayFinder\"][\"locator_\"]"}}},"helpElement":{"parentElementArrayFinder":{"locator_":{"using":"css selector","value":".zoe-help-overlay"}},"elementArrayFinder_":{"locator_":{"$ref":"$[\"helpElement\"][\"parentElementArrayFinder\"][\"locator_\"]"}}},"zoomButton":{"parentElementArrayFinder":{"locator_":{"using":"css selector","value":".zoe-btn-zoom"}},"elementArrayFinder_":{"locator_":{"$ref":"$[\"zoomButton\"][\"parentElementArrayFinder\"][\"locator_\"]"}}},"zoomElement":{"parentElementArrayFinder":{"locator_":{"using":"css selector","value":".zoe-zoom"}},"elementArrayFinder_":{"locator_":{"$ref":"$[\"zoomElement\"][\"parentElementArrayFinder\"][\"locator_\"]"}}},"zoomImage":{"parentElementArrayFinder":{"locator_":{"using":"css selector","value":".zoe-zoom-frame"}},"elementArrayFinder_":{"locator_":{"$ref":"$[\"zoomImage\"][\"parentElementArrayFinder\"][\"locator_\"]"}}},"closeButton":{"parentElementArrayFinder":{"locator_":{"using":"css selector","value":".zoe-btn-close"}},"elementArrayFinder_":{"locator_":{"$ref":"$[\"closeButton\"][\"parentElementArrayFinder\"][\"locator_\"]"}}},"widgetImageDiv":{"parentElementArrayFinder":{"locator_":{"using":"css selector","value":".zoe-engage-image.reel"}},"elementArrayFinder_":{"locator_":{"$ref":"$[\"widgetImageDiv\"][\"parentElementArrayFinder\"][\"locator_\"]"}}},"inlineDivSelector":{"parentElementArrayFinder":{"locator_":{"using":"css selector","value":".zoe-inline.reel"}},"elementArrayFinder_":{"locator_":{"$ref":"$[\"inlineDivSelector\"][\"parentElementArrayFinder\"][\"locator_\"]"}}},"widgetWrapperSelector":{"parentElementArrayFinder":{"locator_":{"using":"css selector","value":".zoe-engage-wrapper"}},"elementArrayFinder_":{"locator_":{"$ref":"$[\"widgetWrapperSelector\"][\"parentElementArrayFinder\"][\"locator_\"]"}}},"widgetWrapperImage":{"parentElementArrayFinder":{"locator_":{"using":"css selector","value":".zoe-frame"}},"elementArrayFinder_":{"locator_":{"$ref":"$[\"widgetWrapperImage\"][\"parentElementArrayFinder\"][\"locator_\"]"}}},"pageImageSelector":{"parentElementArrayFinder":{"locator_":{"using":"css selector","value":".zoe-engage-wrapper"}},"elementArrayFinder_":{"locator_":{"$ref":"$[\"pageImageSelector\"][\"parentElementArrayFinder\"][\"locator_\"]"}}},"inlineTrigger":{"parentElementArrayFinder":{"locator_":{"using":"css selector","value":"a.zoe-engage-trigger"}},"elementArrayFinder_":{"locator_":{"$ref":"$[\"inlineTrigger\"][\"parentElementArrayFinder\"][\"locator_\"]"}}},"inlineWrapper":{"parentElementArrayFinder":{"locator_":{"using":"css selector","value":".zoe-engage-wrapper.zoe-inline"}},"elementArrayFinder_":{"locator_":{"$ref":"$[\"inlineWrapper\"][\"parentElementArrayFinder\"][\"locator_\"]"}}},"frameSelector":{"parentElementArrayFinder":{"locator_":{"using":"css selector","value":".zoe-frame"}},"elementArrayFinder_":{"locator_":{"$ref":"$[\"frameSelector\"][\"parentElementArrayFinder\"][\"locator_\"]"}}},"interactCTA":{"parentElementArrayFinder":{"locator_":{"using":"css selector","value":".zoe-interact-cta"}},"elementArrayFinder_":{"locator_":{"$ref":"$[\"interactCTA\"][\"parentElementArrayFinder\"][\"locator_\"]"}}},"triggerCTA":{"parentElementArrayFinder":{"locator_":{"using":"css selector","value":".zoe-trigger-cta"}},"elementArrayFinder_":{"locator_":{"$ref":"$[\"triggerCTA\"][\"parentElementArrayFinder\"][\"locator_\"]"}}},"helpRotate":{"parentElementArrayFinder":{"locator_":{"using":"css selector","value":".zoe-help-rotate .zoe-help-text"}},"elementArrayFinder_":{"locator_":{"$ref":"$[\"helpRotate\"][\"parentElementArrayFinder\"][\"locator_\"]"}}},"helpElevate":{"parentElementArrayFinder":{"locator_":{"using":"css selector","value":".zoe-help-elevate .zoe-help-text"}},"elementArrayFinder_":{"locator_":{"$ref":"$[\"helpElevate\"][\"parentElementArrayFinder\"][\"locator_\"]"}}},"helpZoom":{"parentElementArrayFinder":{"locator_":{"using":"css selector","value":".zoe-help-zoom .zoe-help-text"}},"elementArrayFinder_":{"locator_":{"$ref":"$[\"helpZoom\"][\"parentElementArrayFinder\"][\"locator_\"]"}}},"helpBrand":{"parentElementArrayFinder":{"locator_":{"using":"css selector","value":".zoe-help-brand .zoe-help-text"}},"elementArrayFinder_":{"locator_":{"$ref":"$[\"helpBrand\"][\"parentElementArrayFinder\"][\"locator_\"]"}}},"extraContent":{"parentElementArrayFinder":{"locator_":{"using":"css selector","value":".zoe-display-extra-content"}},"elementArrayFinder_":{"locator_":{"$ref":"$[\"extraContent\"][\"parentElementArrayFinder\"][\"locator_\"]"}}},"level":"debug","message":"elementFinder is ","timestamp":"2014-10-08T13:49:23.379Z"}
{"level":"info","message":"Initialising file paths with browser & version","timestamp":"2014-10-08T13:49:23.386Z"}
{"level":"info","message":"Initialising file paths with browser & version","timestamp":"2014-10-08T13:49:23.386Z"}
{"level":"info","message":"Initialising jasmine tests","timestamp":"2014-10-08T13:49:23.391Z"}
{"inline":{},"popover":{},"indiscriminate":{},"progressWrapper":{"parentElementArrayFinder":{"locator_":{"using":"css selector","value":".zoe-progress-wrapper"}},"elementArrayFinder_":{"locator_":{"$ref":"$[\"progressWrapper\"][\"parentElementArrayFinder\"][\"locator_\"]"}}},"widgetOverlay":{"parentElementArrayFinder":{"locator_":{"using":"css selector","value":"#zoe-zbox-overlay"}},"elementArrayFinder_":{"locator_":{"$ref":"$[\"widgetOverlay\"][\"parentElementArrayFinder\"][\"locator_\"]"}}},"widgetTrigger":{"parentElementArrayFinder":{"locator_":{"using":"css selector","value":".zoe-engage-trigger>img"}},"elementArrayFinder_":{"locator_":{"$ref":"$[\"widgetTrigger\"][\"parentElementArrayFinder\"][\"locator_\"]"}}},"widgetColorbox":{"parentElementArrayFinder":{"locator_":{"using":"css selector","value":"#zoe-zbox-content"}},"elementArrayFinder_":{"locator_":{"$ref":"$[\"widgetColorbox\"][\"parentElementArrayFinder\"][\"locator_\"]"}}},"helpButton":{"parentElementArrayFinder":{"locator_":{"using":"css selector","value":".zoe-btn-help"}},"elementArrayFinder_":{"locator_":{"$ref":"$[\"helpButton\"][\"parentElementArrayFinder\"][\"locator_\"]"}}},"helpElement":{"parentElementArrayFinder":{"locator_":{"using":"css selector","value":".zoe-help-overlay"}},"elementArrayFinder_":{"locator_":{"$ref":"$[\"helpElement\"][\"parentElementArrayFinder\"][\"locator_\"]"}}},"zoomButton":{"parentElementArrayFinder":{"locator_":{"using":"css selector","value":".zoe-btn-zoom"}},"elementArrayFinder_":{"locator_":{"$ref":"$[\"zoomButton\"][\"parentElementArrayFinder\"][\"locator_\"]"}}},"zoomElement":{"parentElementArrayFinder":{"locator_":{"using":"css selector","value":".zoe-zoom"}},"elementArrayFinder_":{"locator_":{"$ref":"$[\"zoomElement\"][\"parentElementArrayFinder\"][\"locator_\"]"}}},"zoomImage":{"parentElementArrayFinder":{"locator_":{"using":"css selector","value":".zoe-zoom-frame"}},"elementArrayFinder_":{"locator_":{"$ref":"$[\"zoomImage\"][\"parentElementArrayFinder\"][\"locator_\"]"}}},"closeButton":{"parentElementArrayFinder":{"locator_":{"using":"css selector","value":".zoe-btn-close"}},"elementArrayFinder_":{"locator_":{"$ref":"$[\"closeButton\"][\"parentElementArrayFinder\"][\"locator_\"]"}}},"widgetImageDiv":{"parentElementArrayFinder":{"locator_":{"using":"css selector","value":".zoe-engage-image.reel"}},"elementArrayFinder_":{"locator_":{"$ref":"$[\"widgetImageDiv\"][\"parentElementArrayFinder\"][\"locator_\"]"}}},"inlineDivSelector":{"parentElementArrayFinder":{"locator_":{"using":"css selector","value":".zoe-inline.reel"}},"elementArrayFinder_":{"locator_":{"$ref":"$[\"inlineDivSelector\"][\"parentElementArrayFinder\"][\"locator_\"]"}}},"widgetWrapperSelector":{"parentElementArrayFinder":{"locator_":{"using":"css selector","value":".zoe-engage-wrapper"}},"elementArrayFinder_":{"locator_":{"$ref":"$[\"widgetWrapperSelector\"][\"parentElementArrayFinder\"][\"locator_\"]"}}},"widgetWrapperImage":{"parentElementArrayFinder":{"locator_":{"using":"css selector","value":".zoe-frame"}},"elementArrayFinder_":{"locator_":{"$ref":"$[\"widgetWrapperImage\"][\"parentElementArrayFinder\"][\"locator_\"]"}}},"pageImageSelector":{"parentElementArrayFinder":{"locator_":{"using":"css selector","value":".zoe-engage-wrapper"}},"elementArrayFinder_":{"locator_":{"$ref":"$[\"pageImageSelector\"][\"parentElementArrayFinder\"][\"locator_\"]"}}},"inlineTrigger":{"parentElementArrayFinder":{"locator_":{"using":"css selector","value":"a.zoe-engage-trigger"}},"elementArrayFinder_":{"locator_":{"$ref":"$[\"inlineTrigger\"][\"parentElementArrayFinder\"][\"locator_\"]"}}},"inlineWrapper":{"parentElementArrayFinder":{"locator_":{"using":"css selector","value":".zoe-engage-wrapper.zoe-inline"}},"elementArrayFinder_":{"locator_":{"$ref":"$[\"inlineWrapper\"][\"parentElementArrayFinder\"][\"locator_\"]"}}},"frameSelector":{"parentElementArrayFinder":{"locator_":{"using":"css selector","value":".zoe-frame"}},"elementArrayFinder_":{"locator_":{"$ref":"$[\"frameSelector\"][\"parentElementArrayFinder\"][\"locator_\"]"}}},"interactCTA":{"parentElementArrayFinder":{"locator_":{"using":"css selector","value":".zoe-interact-cta"}},"elementArrayFinder_":{"locator_":{"$ref":"$[\"interactCTA\"][\"parentElementArrayFinder\"][\"locator_\"]"}}},"triggerCTA":{"parentElementArrayFinder":{"locator_":{"using":"css selector","value":".zoe-trigger-cta"}},"elementArrayFinder_":{"locator_":{"$ref":"$[\"triggerCTA\"][\"parentElementArrayFinder\"][\"locator_\"]"}}},"helpRotate":{"parentElementArrayFinder":{"locator_":{"using":"css selector","value":".zoe-help-rotate .zoe-help-text"}},"elementArrayFinder_":{"locator_":{"$ref":"$[\"helpRotate\"][\"parentElementArrayFinder\"][\"locator_\"]"}}},"helpElevate":{"parentElementArrayFinder":{"locator_":{"using":"css selector","value":".zoe-help-elevate .zoe-help-text"}},"elementArrayFinder_":{"locator_":{"$ref":"$[\"helpElevate\"][\"parentElementArrayFinder\"][\"locator_\"]"}}},"helpZoom":{"parentElementArrayFinder":{"locator_":{"using":"css selector","value":".zoe-help-zoom .zoe-help-text"}},"elementArrayFinder_":{"locator_":{"$ref":"$[\"helpZoom\"][\"parentElementArrayFinder\"][\"locator_\"]"}}},"helpBrand":{"parentElementArrayFinder":{"locator_":{"using":"css selector","value":".zoe-help-brand .zoe-help-text"}},"elementArrayFinder_":{"locator_":{"$ref":"$[\"helpBrand\"][\"parentElementArrayFinder\"][\"locator_\"]"}}},"extraContent":{"parentElementArrayFinder":{"locator_":{"using":"css selector","value":".zoe-display-extra-content"}},"elementArrayFinder_":{"locator_":{"$ref":"$[\"extraContent\"][\"parentElementArrayFinder\"][\"locator_\"]"}}},"level":"debug","message":"elementFinder is ","timestamp":"2014-10-08T13:49:23.396Z"}
{"level":"info","message":"Initialising file paths with browser & version","timestamp":"2014-10-08T13:49:23.404Z"}
{"level":"info","message":"Initialising file paths with browser & version","timestamp":"2014-10-08T13:49:23.404Z"}
{"level":"info","message":"Initialising jasmine tests","timestamp":"2014-10-08T13:49:44.170Z"}
{"inline":{},"popover":{},"indiscriminate":{},"progressWrapper":{"parentElementArrayFinder":{"locator_":{"using":"css selector","value":".zoe-progress-wrapper"}},"elementArrayFinder_":{"locator_":{"$ref":"$[\"progressWrapper\"][\"parentElementArrayFinder\"][\"locator_\"]"}}},"widgetOverlay":{"parentElementArrayFinder":{"locator_":{"using":"css selector","value":"#zoe-zbox-overlay"}},"elementArrayFinder_":{"locator_":{"$ref":"$[\"widgetOverlay\"][\"parentElementArrayFinder\"][\"locator_\"]"}}},"widgetTrigger":{"parentElementArrayFinder":{"locator_":{"using":"css selector","value":".zoe-engage-trigger>img"}},"elementArrayFinder_":{"locator_":{"$ref":"$[\"widgetTrigger\"][\"parentElementArrayFinder\"][\"locator_\"]"}}},"widgetColorbox":{"parentElementArrayFinder":{"locator_":{"using":"css selector","value":"#zoe-zbox-content"}},"elementArrayFinder_":{"locator_":{"$ref":"$[\"widgetColorbox\"][\"parentElementArrayFinder\"][\"locator_\"]"}}},"helpButton":{"parentElementArrayFinder":{"locator_":{"using":"css selector","value":".zoe-btn-help"}},"elementArrayFinder_":{"locator_":{"$ref":"$[\"helpButton\"][\"parentElementArrayFinder\"][\"locator_\"]"}}},"helpElement":{"parentElementArrayFinder":{"locator_":{"using":"css selector","value":".zoe-help-overlay"}},"elementArrayFinder_":{"locator_":{"$ref":"$[\"helpElement\"][\"parentElementArrayFinder\"][\"locator_\"]"}}},"zoomButton":{"parentElementArrayFinder":{"locator_":{"using":"css selector","value":".zoe-btn-zoom"}},"elementArrayFinder_":{"locator_":{"$ref":"$[\"zoomButton\"][\"parentElementArrayFinder\"][\"locator_\"]"}}},"zoomElement":{"parentElementArrayFinder":{"locator_":{"using":"css selector","value":".zoe-zoom"}},"elementArrayFinder_":{"locator_":{"$ref":"$[\"zoomElement\"][\"parentElementArrayFinder\"][\"locator_\"]"}}},"zoomImage":{"parentElementArrayFinder":{"locator_":{"using":"css selector","value":".zoe-zoom-frame"}},"elementArrayFinder_":{"locator_":{"$ref":"$[\"zoomImage\"][\"parentElementArrayFinder\"][\"locator_\"]"}}},"closeButton":{"parentElementArrayFinder":{"locator_":{"using":"css selector","value":".zoe-btn-close"}},"elementArrayFinder_":{"locator_":{"$ref":"$[\"closeButton\"][\"parentElementArrayFinder\"][\"locator_\"]"}}},"widgetImageDiv":{"parentElementArrayFinder":{"locator_":{"using":"css selector","value":".zoe-engage-image.reel"}},"elementArrayFinder_":{"locator_":{"$ref":"$[\"widgetImageDiv\"][\"parentElementArrayFinder\"][\"locator_\"]"}}},"inlineDivSelector":{"parentElementArrayFinder":{"locator_":{"using":"css selector","value":".zoe-inline.reel"}},"elementArrayFinder_":{"locator_":{"$ref":"$[\"inlineDivSelector\"][\"parentElementArrayFinder\"][\"locator_\"]"}}},"widgetWrapperSelector":{"parentElementArrayFinder":{"locator_":{"using":"css selector","value":".zoe-engage-wrapper"}},"elementArrayFinder_":{"locator_":{"$ref":"$[\"widgetWrapperSelector\"][\"parentElementArrayFinder\"][\"locator_\"]"}}},"widgetWrapperImage":{"parentElementArrayFinder":{"locator_":{"using":"css selector","value":".zoe-frame"}},"elementArrayFinder_":{"locator_":{"$ref":"$[\"widgetWrapperImage\"][\"parentElementArrayFinder\"][\"locator_\"]"}}},"pageImageSelector":{"parentElementArrayFinder":{"locator_":{"using":"css selector","value":".zoe-engage-wrapper"}},"elementArrayFinder_":{"locator_":{"$ref":"$[\"pageImageSelector\"][\"parentElementArrayFinder\"][\"locator_\"]"}}},"inlineTrigger":{"parentElementArrayFinder":{"locator_":{"using":"css selector","value":"a.zoe-engage-trigger"}},"elementArrayFinder_":{"locator_":{"$ref":"$[\"inlineTrigger\"][\"parentElementArrayFinder\"][\"locator_\"]"}}},"inlineWrapper":{"parentElementArrayFinder":{"locator_":{"using":"css selector","value":".zoe-engage-wrapper.zoe-inline"}},"elementArrayFinder_":{"locator_":{"$ref":"$[\"inlineWrapper\"][\"parentElementArrayFinder\"][\"locator_\"]"}}},"frameSelector":{"parentElementArrayFinder":{"locator_":{"using":"css selector","value":".zoe-frame"}},"elementArrayFinder_":{"locator_":{"$ref":"$[\"frameSelector\"][\"parentElementArrayFinder\"][\"locator_\"]"}}},"interactCTA":{"parentElementArrayFinder":{"locator_":{"using":"css selector","value":".zoe-interact-cta"}},"elementArrayFinder_":{"locator_":{"$ref":"$[\"interactCTA\"][\"parentElementArrayFinder\"][\"locator_\"]"}}},"triggerCTA":{"parentElementArrayFinder":{"locator_":{"using":"css selector","value":".zoe-trigger-cta"}},"elementArrayFinder_":{"locator_":{"$ref":"$[\"triggerCTA\"][\"parentElementArrayFinder\"][\"locator_\"]"}}},"helpRotate":{"parentElementArrayFinder":{"locator_":{"using":"css selector","value":".zoe-help-rotate .zoe-help-text"}},"elementArrayFinder_":{"locator_":{"$ref":"$[\"helpRotate\"][\"parentElementArrayFinder\"][\"locator_\"]"}}},"helpElevate":{"parentElementArrayFinder":{"locator_":{"using":"css selector","value":".zoe-help-elevate .zoe-help-text"}},"elementArrayFinder_":{"locator_":{"$ref":"$[\"helpElevate\"][\"parentElementArrayFinder\"][\"locator_\"]"}}},"helpZoom":{"parentElementArrayFinder":{"locator_":{"using":"css selector","value":".zoe-help-zoom .zoe-help-text"}},"elementArrayFinder_":{"locator_":{"$ref":"$[\"helpZoom\"][\"parentElementArrayFinder\"][\"locator_\"]"}}},"helpBrand":{"parentElementArrayFinder":{"locator_":{"using":"css selector","value":".zoe-help-brand .zoe-help-text"}},"elementArrayFinder_":{"locator_":{"$ref":"$[\"helpBrand\"][\"parentElementArrayFinder\"][\"locator_\"]"}}},"extraContent":{"parentElementArrayFinder":{"locator_":{"using":"css selector","value":".zoe-display-extra-content"}},"elementArrayFinder_":{"locator_":{"$ref":"$[\"extraContent\"][\"parentElementArrayFinder\"][\"locator_\"]"}}},"level":"debug","message":"elementFinder is ","timestamp":"2014-10-08T13:49:44.172Z"}
{"level":"info","message":"Initialising file paths with browser & version","timestamp":"2014-10-08T13:49:44.180Z"}
{"level":"info","message":"Initialising file paths with browser & version","timestamp":"2014-10-08T13:49:44.180Z"}
{"level":"info","message":"Initialising file paths with browser & version","timestamp":"2014-10-08T13:49:44.180Z"}
{"level":"info","message":"Initialising file paths with browser & version","timestamp":"2014-10-08T13:49:44.180Z"}
{"level":"info","message":"Initialising file paths with browser & version","timestamp":"2014-10-08T13:49:44.180Z"}
{"level":"info","message":"Initialising file paths with browser & version","timestamp":"2014-10-08T13:49:44.180Z"}
{"level":"info","message":"Initialising file paths with browser & version","timestamp":"2014-10-08T13:49:44.186Z"}
{"level":"info","message":"Initialising file paths with browser & version","timestamp":"2014-10-08T13:49:44.186Z"}
{"level":"info","message":"Initialising file paths with browser & version","timestamp":"2014-10-08T13:49:44.186Z"}
{"level":"info","message":"Initialising file paths with browser & version","timestamp":"2014-10-08T13:49:44.186Z"}
{"level":"info","message":"Initialising file paths with browser & version","timestamp":"2014-10-08T13:49:44.186Z"}
{"level":"info","message":"Initialising file paths with browser & version","timestamp":"2014-10-08T13:49:44.186Z"}
{"level":"info","message":"Initialising jasmine tests","timestamp":"2014-10-08T13:49:44.174Z"}
{"level":"info","message":"Initialising jasmine tests","timestamp":"2014-10-08T13:49:44.174Z"}
{"inline":{},"popover":{},"indiscriminate":{},"progressWrapper":{"parentElementArrayFinder":{"locator_":{"using":"css selector","value":".zoe-progress-wrapper"}},"elementArrayFinder_":{"locator_":{"$ref":"$[\"progressWrapper\"][\"parentElementArrayFinder\"][\"locator_\"]"}}},"widgetOverlay":{"parentElementArrayFinder":{"locator_":{"using":"css selector","value":"#zoe-zbox-overlay"}},"elementArrayFinder_":{"locator_":{"$ref":"$[\"widgetOverlay\"][\"parentElementArrayFinder\"][\"locator_\"]"}}},"widgetTrigger":{"parentElementArrayFinder":{"locator_":{"using":"css selector","value":".zoe-engage-trigger>img"}},"elementArrayFinder_":{"locator_":{"$ref":"$[\"widgetTrigger\"][\"parentElementArrayFinder\"][\"locator_\"]"}}},"widgetColorbox":{"parentElementArrayFinder":{"locator_":{"using":"css selector","value":"#zoe-zbox-content"}},"elementArrayFinder_":{"locator_":{"$ref":"$[\"widgetColorbox\"][\"parentElementArrayFinder\"][\"locator_\"]"}}},"helpButton":{"parentElementArrayFinder":{"locator_":{"using":"css selector","value":".zoe-btn-help"}},"elementArrayFinder_":{"locator_":{"$ref":"$[\"helpButton\"][\"parentElementArrayFinder\"][\"locator_\"]"}}},"helpElement":{"parentElementArrayFinder":{"locator_":{"using":"css selector","value":".zoe-help-overlay"}},"elementArrayFinder_":{"locator_":{"$ref":"$[\"helpElement\"][\"parentElementArrayFinder\"][\"locator_\"]"}}},"zoomButton":{"parentElementArrayFinder":{"locator_":{"using":"css selector","value":".zoe-btn-zoom"}},"elementArrayFinder_":{"locator_":{"$ref":"$[\"zoomButton\"][\"parentElementArrayFinder\"][\"locator_\"]"}}},"zoomElement":{"parentElementArrayFinder":{"locator_":{"using":"css selector","value":".zoe-zoom"}},"elementArrayFinder_":{"locator_":{"$ref":"$[\"zoomElement\"][\"parentElementArrayFinder\"][\"locator_\"]"}}},"zoomImage":{"parentElementArrayFinder":{"locator_":{"using":"css selector","value":".zoe-zoom-frame"}},"elementArrayFinder_":{"locator_":{"$ref":"$[\"zoomImage\"][\"parentElementArrayFinder\"][\"locator_\"]"}}},"closeButton":{"parentElementArrayFinder":{"locator_":{"using":"css selector","value":".zoe-btn-close"}},"elementArrayFinder_":{"locator_":{"$ref":"$[\"closeButton\"][\"parentElementArrayFinder\"][\"locator_\"]"}}},"widgetImageDiv":{"parentElementArrayFinder":{"locator_":{"using":"css selector","value":".zoe-engage-image.reel"}},"elementArrayFinder_":{"locator_":{"$ref":"$[\"widgetImageDiv\"][\"parentElementArrayFinder\"][\"locator_\"]"}}},"inlineDivSelector":{"parentElementArrayFinder":{"locator_":{"using":"css selector","value":".zoe-inline.reel"}},"elementArrayFinder_":{"locator_":{"$ref":"$[\"inlineDivSelector\"][\"parentElementArrayFinder\"][\"locator_\"]"}}},"widgetWrapperSelector":{"parentElementArrayFinder":{"locator_":{"using":"css selector","value":".zoe-engage-wrapper"}},"elementArrayFinder_":{"locator_":{"$ref":"$[\"widgetWrapperSelector\"][\"parentElementArrayFinder\"][\"locator_\"]"}}},"widgetWrapperImage":{"parentElementArrayFinder":{"locator_":{"using":"css selector","value":".zoe-frame"}},"elementArrayFinder_":{"locator_":{"$ref":"$[\"widgetWrapperImage\"][\"parentElementArrayFinder\"][\"locator_\"]"}}},"pageImageSelector":{"parentElementArrayFinder":{"locator_":{"using":"css selector","value":".zoe-engage-wrapper"}},"elementArrayFinder_":{"locator_":{"$ref":"$[\"pageImageSelector\"][\"parentElementArrayFinder\"][\"locator_\"]"}}},"inlineTrigger":{"parentElementArrayFinder":{"locator_":{"using":"css selector","value":"a.zoe-engage-trigger"}},"elementArrayFinder_":{"locator_":{"$ref":"$[\"inlineTrigger\"][\"parentElementArrayFinder\"][\"locator_\"]"}}},"inlineWrapper":{"parentElementArrayFinder":{"locator_":{"using":"css selector","value":".zoe-engage-wrapper.zoe-inline"}},"elementArrayFinder_":{"locator_":{"$ref":"$[\"inlineWrapper\"][\"parentElementArrayFinder\"][\"locator_\"]"}}},"frameSelector":{"parentElementArrayFinder":{"locator_":{"using":"css selector","value":".zoe-frame"}},"elementArrayFinder_":{"locator_":{"$ref":"$[\"frameSelector\"][\"parentElementArrayFinder\"][\"locator_\"]"}}},"interactCTA":{"parentElementArrayFinder":{"locator_":{"using":"css selector","value":".zoe-interact-cta"}},"elementArrayFinder_":{"locator_":{"$ref":"$[\"interactCTA\"][\"parentElementArrayFinder\"][\"locator_\"]"}}},"triggerCTA":{"parentElementArrayFinder":{"locator_":{"using":"css selector","value":".zoe-trigger-cta"}},"elementArrayFinder_":{"locator_":{"$ref":"$[\"triggerCTA\"][\"parentElementArrayFinder\"][\"locator_\"]"}}},"helpRotate":{"parentElementArrayFinder":{"locator_":{"using":"css selector","value":".zoe-help-rotate .zoe-help-text"}},"elementArrayFinder_":{"locator_":{"$ref":"$[\"helpRotate\"][\"parentElementArrayFinder\"][\"locator_\"]"}}},"helpElevate":{"parentElementArrayFinder":{"locator_":{"using":"css selector","value":".zoe-help-elevate .zoe-help-text"}},"elementArrayFinder_":{"locator_":{"$ref":"$[\"helpElevate\"][\"parentElementArrayFinder\"][\"locator_\"]"}}},"helpZoom":{"parentElementArrayFinder":{"locator_":{"using":"css selector","value":".zoe-help-zoom .zoe-help-text"}},"elementArrayFinder_":{"locator_":{"$ref":"$[\"helpZoom\"][\"parentElementArrayFinder\"][\"locator_\"]"}}},"helpBrand":{"parentElementArrayFinder":{"locator_":{"using":"css selector","value":".zoe-help-brand .zoe-help-text"}},"elementArrayFinder_":{"locator_":{"$ref":"$[\"helpBrand\"][\"parentElementArrayFinder\"][\"locator_\"]"}}},"extraContent":{"parentElementArrayFinder":{"locator_":{"using":"css selector","value":".zoe-display-extra-content"}},"elementArrayFinder_":{"locator_":{"$ref":"$[\"extraContent\"][\"parentElementArrayFinder\"][\"locator_\"]"}}},"level":"debug","message":"elementFinder is ","timestamp":"2014-10-08T13:49:44.176Z"}
{"inline":{},"popover":{},"indiscriminate":{},"progressWrapper":{"parentElementArrayFinder":{"locator_":{"using":"css selector","value":".zoe-progress-wrapper"}},"elementArrayFinder_":{"locator_":{"$ref":"$[\"progressWrapper\"][\"parentElementArrayFinder\"][\"locator_\"]"}}},"widgetOverlay":{"parentElementArrayFinder":{"locator_":{"using":"css selector","value":"#zoe-zbox-overlay"}},"elementArrayFinder_":{"locator_":{"$ref":"$[\"widgetOverlay\"][\"parentElementArrayFinder\"][\"locator_\"]"}}},"widgetTrigger":{"parentElementArrayFinder":{"locator_":{"using":"css selector","value":".zoe-engage-trigger>img"}},"elementArrayFinder_":{"locator_":{"$ref":"$[\"widgetTrigger\"][\"parentElementArrayFinder\"][\"locator_\"]"}}},"widgetColorbox":{"parentElementArrayFinder":{"locator_":{"using":"css selector","value":"#zoe-zbox-content"}},"elementArrayFinder_":{"locator_":{"$ref":"$[\"widgetColorbox\"][\"parentElementArrayFinder\"][\"locator_\"]"}}},"helpButton":{"parentElementArrayFinder":{"locator_":{"using":"css selector","value":".zoe-btn-help"}},"elementArrayFinder_":{"locator_":{"$ref":"$[\"helpButton\"][\"parentElementArrayFinder\"][\"locator_\"]"}}},"helpElement":{"parentElementArrayFinder":{"locator_":{"using":"css selector","value":".zoe-help-overlay"}},"elementArrayFinder_":{"locator_":{"$ref":"$[\"helpElement\"][\"parentElementArrayFinder\"][\"locator_\"]"}}},"zoomButton":{"parentElementArrayFinder":{"locator_":{"using":"css selector","value":".zoe-btn-zoom"}},"elementArrayFinder_":{"locator_":{"$ref":"$[\"zoomButton\"][\"parentElementArrayFinder\"][\"locator_\"]"}}},"zoomElement":{"parentElementArrayFinder":{"locator_":{"using":"css selector","value":".zoe-zoom"}},"elementArrayFinder_":{"locator_":{"$ref":"$[\"zoomElement\"][\"parentElementArrayFinder\"][\"locator_\"]"}}},"zoomImage":{"parentElementArrayFinder":{"locator_":{"using":"css selector","value":".zoe-zoom-frame"}},"elementArrayFinder_":{"locator_":{"$ref":"$[\"zoomImage\"][\"parentElementArrayFinder\"][\"locator_\"]"}}},"closeButton":{"parentElementArrayFinder":{"locator_":{"using":"css selector","value":".zoe-btn-close"}},"elementArrayFinder_":{"locator_":{"$ref":"$[\"closeButton\"][\"parentElementArrayFinder\"][\"locator_\"]"}}},"widgetImageDiv":{"parentElementArrayFinder":{"locator_":{"using":"css selector","value":".zoe-engage-image.reel"}},"elementArrayFinder_":{"locator_":{"$ref":"$[\"widgetImageDiv\"][\"parentElementArrayFinder\"][\"locator_\"]"}}},"inlineDivSelector":{"parentElementArrayFinder":{"locator_":{"using":"css selector","value":".zoe-inline.reel"}},"elementArrayFinder_":{"locator_":{"$ref":"$[\"inlineDivSelector\"][\"parentElementArrayFinder\"][\"locator_\"]"}}},"widgetWrapperSelector":{"parentElementArrayFinder":{"locator_":{"using":"css selector","value":".zoe-engage-wrapper"}},"elementArrayFinder_":{"locator_":{"$ref":"$[\"widgetWrapperSelector\"][\"parentElementArrayFinder\"][\"locator_\"]"}}},"widgetWrapperImage":{"parentElementArrayFinder":{"locator_":{"using":"css selector","value":".zoe-frame"}},"elementArrayFinder_":{"locator_":{"$ref":"$[\"widgetWrapperImage\"][\"parentElementArrayFinder\"][\"locator_\"]"}}},"pageImageSelector":{"parentElementArrayFinder":{"locator_":{"using":"css selector","value":".zoe-engage-wrapper"}},"elementArrayFinder_":{"locator_":{"$ref":"$[\"pageImageSelector\"][\"parentElementArrayFinder\"][\"locator_\"]"}}},"inlineTrigger":{"parentElementArrayFinder":{"locator_":{"using":"css selector","value":"a.zoe-engage-trigger"}},"elementArrayFinder_":{"locator_":{"$ref":"$[\"inlineTrigger\"][\"parentElementArrayFinder\"][\"locator_\"]"}}},"inlineWrapper":{"parentElementArrayFinder":{"locator_":{"using":"css selector","value":".zoe-engage-wrapper.zoe-inline"}},"elementArrayFinder_":{"locator_":{"$ref":"$[\"inlineWrapper\"][\"parentElementArrayFinder\"][\"locator_\"]"}}},"frameSelector":{"parentElementArrayFinder":{"locator_":{"using":"css selector","value":".zoe-frame"}},"elementArrayFinder_":{"locator_":{"$ref":"$[\"frameSelector\"][\"parentElementArrayFinder\"][\"locator_\"]"}}},"interactCTA":{"parentElementArrayFinder":{"locator_":{"using":"css selector","value":".zoe-interact-cta"}},"elementArrayFinder_":{"locator_":{"$ref":"$[\"interactCTA\"][\"parentElementArrayFinder\"][\"locator_\"]"}}},"triggerCTA":{"parentElementArrayFinder":{"locator_":{"using":"css selector","value":".zoe-trigger-cta"}},"elementArrayFinder_":{"locator_":{"$ref":"$[\"triggerCTA\"][\"parentElementArrayFinder\"][\"locator_\"]"}}},"helpRotate":{"parentElementArrayFinder":{"locator_":{"using":"css selector","value":".zoe-help-rotate .zoe-help-text"}},"elementArrayFinder_":{"locator_":{"$ref":"$[\"helpRotate\"][\"parentElementArrayFinder\"][\"locator_\"]"}}},"helpElevate":{"parentElementArrayFinder":{"locator_":{"using":"css selector","value":".zoe-help-elevate .zoe-help-text"}},"elementArrayFinder_":{"locator_":{"$ref":"$[\"helpElevate\"][\"parentElementArrayFinder\"][\"locator_\"]"}}},"helpZoom":{"parentElementArrayFinder":{"locator_":{"using":"css selector","value":".zoe-help-zoom .zoe-help-text"}},"elementArrayFinder_":{"locator_":{"$ref":"$[\"helpZoom\"][\"parentElementArrayFinder\"][\"locator_\"]"}}},"helpBrand":{"parentElementArrayFinder":{"locator_":{"using":"css selector","value":".zoe-help-brand .zoe-help-text"}},"elementArrayFinder_":{"locator_":{"$ref":"$[\"helpBrand\"][\"parentElementArrayFinder\"][\"locator_\"]"}}},"extraContent":{"parentElementArrayFinder":{"locator_":{"using":"css selector","value":".zoe-display-extra-content"}},"elementArrayFinder_":{"locator_":{"$ref":"$[\"extraContent\"][\"parentElementArrayFinder\"][\"locator_\"]"}}},"level":"debug","message":"elementFinder is ","timestamp":"2014-10-08T13:49:44.176Z"}
{"level":"info","message":"Initialising file paths with browser & version","timestamp":"2014-10-08T13:49:44.183Z"}
{"level":"info","message":"Initialising file paths with browser & version","timestamp":"2014-10-08T13:49:44.184Z"}
{"level":"info","message":"Initialising file paths with browser & version","timestamp":"2014-10-08T13:49:44.183Z"}
{"level":"info","message":"Initialising file paths with browser & version","timestamp":"2014-10-08T13:49:44.184Z"}
{"level":"info","message":"Initialising file paths with browser & version","timestamp":"2014-10-08T13:49:44.183Z"}
{"level":"info","message":"Initialising file paths with browser & version","timestamp":"2014-10-08T13:49:44.184Z"}
{"level":"info","message":"Initialising file paths with browser & version","timestamp":"2014-10-08T13:49:44.184Z"}
{"level":"info","message":"Initialising file paths with browser & version","timestamp":"2014-10-08T13:49:44.184Z"}
{"level":"info","message":"Initialising file paths with browser & version","timestamp":"2014-10-08T13:49:44.184Z"}
{"level":"info","message":"Initialising file paths with browser & version","timestamp":"2014-10-08T13:49:44.184Z"}
{"level":"info","message":"Initialising file paths with browser & version","timestamp":"2014-10-08T13:49:44.184Z"}
{"level":"info","message":"Initialising file paths with browser & version","timestamp":"2014-10-08T13:49:44.190Z"}
{"level":"info","message":"Initialising file paths with browser & version","timestamp":"2014-10-08T13:49:44.184Z"}
{"level":"info","message":"Initialising file paths with browser & version","timestamp":"2014-10-08T13:49:44.190Z"}
{"level":"info","message":"Initialising file paths with browser & version","timestamp":"2014-10-08T13:49:44.190Z"}
{"level":"info","message":"Initialising file paths with browser & version","timestamp":"2014-10-08T13:49:44.190Z"}
{"level":"info","message":"Initialising file paths with browser & version","timestamp":"2014-10-08T13:49:44.190Z"}
{"level":"info","message":"Initialising file paths with browser & version","timestamp":"2014-10-08T13:49:44.190Z"}
{"level":"info","message":"Initialising file paths with browser & version","timestamp":"2014-10-08T13:49:44.190Z"}
{"level":"info","message":"Initialising file paths with browser & version","timestamp":"2014-10-08T13:49:44.190Z"}
{"level":"info","message":"Initialising file paths with browser & version","timestamp":"2014-10-08T13:49:44.190Z"}
{"level":"info","message":"Initialising file paths with browser & version","timestamp":"2014-10-08T13:49:44.190Z"}
{"level":"info","message":"Initialising file paths with browser & version","timestamp":"2014-10-08T13:49:44.190Z"}
{"level":"info","message":"Initialising file paths with browser & version","timestamp":"2014-10-08T13:49:44.190Z"}
{"level":"info","message":"Initialising jasmine tests","timestamp":"2014-10-08T13:49:44.186Z"}
{"inline":{},"popover":{},"indiscriminate":{},"progressWrapper":{"parentElementArrayFinder":{"locator_":{"using":"css selector","value":".zoe-progress-wrapper"}},"elementArrayFinder_":{"locator_":{"$ref":"$[\"progressWrapper\"][\"parentElementArrayFinder\"][\"locator_\"]"}}},"widgetOverlay":{"parentElementArrayFinder":{"locator_":{"using":"css selector","value":"#zoe-zbox-overlay"}},"elementArrayFinder_":{"locator_":{"$ref":"$[\"widgetOverlay\"][\"parentElementArrayFinder\"][\"locator_\"]"}}},"widgetTrigger":{"parentElementArrayFinder":{"locator_":{"using":"css selector","value":".zoe-engage-trigger>img"}},"elementArrayFinder_":{"locator_":{"$ref":"$[\"widgetTrigger\"][\"parentElementArrayFinder\"][\"locator_\"]"}}},"widgetColorbox":{"parentElementArrayFinder":{"locator_":{"using":"css selector","value":"#zoe-zbox-content"}},"elementArrayFinder_":{"locator_":{"$ref":"$[\"widgetColorbox\"][\"parentElementArrayFinder\"][\"locator_\"]"}}},"helpButton":{"parentElementArrayFinder":{"locator_":{"using":"css selector","value":".zoe-btn-help"}},"elementArrayFinder_":{"locator_":{"$ref":"$[\"helpButton\"][\"parentElementArrayFinder\"][\"locator_\"]"}}},"helpElement":{"parentElementArrayFinder":{"locator_":{"using":"css selector","value":".zoe-help-overlay"}},"elementArrayFinder_":{"locator_":{"$ref":"$[\"helpElement\"][\"parentElementArrayFinder\"][\"locator_\"]"}}},"zoomButton":{"parentElementArrayFinder":{"locator_":{"using":"css selector","value":".zoe-btn-zoom"}},"elementArrayFinder_":{"locator_":{"$ref":"$[\"zoomButton\"][\"parentElementArrayFinder\"][\"locator_\"]"}}},"zoomElement":{"parentElementArrayFinder":{"locator_":{"using":"css selector","value":".zoe-zoom"}},"elementArrayFinder_":{"locator_":{"$ref":"$[\"zoomElement\"][\"parentElementArrayFinder\"][\"locator_\"]"}}},"zoomImage":{"parentElementArrayFinder":{"locator_":{"using":"css selector","value":".zoe-zoom-frame"}},"elementArrayFinder_":{"locator_":{"$ref":"$[\"zoomImage\"][\"parentElementArrayFinder\"][\"locator_\"]"}}},"closeButton":{"parentElementArrayFinder":{"locator_":{"using":"css selector","value":".zoe-btn-close"}},"elementArrayFinder_":{"locator_":{"$ref":"$[\"closeButton\"][\"parentElementArrayFinder\"][\"locator_\"]"}}},"widgetImageDiv":{"parentElementArrayFinder":{"locator_":{"using":"css selector","value":".zoe-engage-image.reel"}},"elementArrayFinder_":{"locator_":{"$ref":"$[\"widgetImageDiv\"][\"parentElementArrayFinder\"][\"locator_\"]"}}},"inlineDivSelector":{"parentElementArrayFinder":{"locator_":{"using":"css selector","value":".zoe-inline.reel"}},"elementArrayFinder_":{"locator_":{"$ref":"$[\"inlineDivSelector\"][\"parentElementArrayFinder\"][\"locator_\"]"}}},"widgetWrapperSelector":{"parentElementArrayFinder":{"locator_":{"using":"css selector","value":".zoe-engage-wrapper"}},"elementArrayFinder_":{"locator_":{"$ref":"$[\"widgetWrapperSelector\"][\"parentElementArrayFinder\"][\"locator_\"]"}}},"widgetWrapperImage":{"parentElementArrayFinder":{"locator_":{"using":"css selector","value":".zoe-frame"}},"elementArrayFinder_":{"locator_":{"$ref":"$[\"widgetWrapperImage\"][\"parentElementArrayFinder\"][\"locator_\"]"}}},"pageImageSelector":{"parentElementArrayFinder":{"locator_":{"using":"css selector","value":".zoe-engage-wrapper"}},"elementArrayFinder_":{"locator_":{"$ref":"$[\"pageImageSelector\"][\"parentElementArrayFinder\"][\"locator_\"]"}}},"inlineTrigger":{"parentElementArrayFinder":{"locator_":{"using":"css selector","value":"a.zoe-engage-trigger"}},"elementArrayFinder_":{"locator_":{"$ref":"$[\"inlineTrigger\"][\"parentElementArrayFinder\"][\"locator_\"]"}}},"inlineWrapper":{"parentElementArrayFinder":{"locator_":{"using":"css selector","value":".zoe-engage-wrapper.zoe-inline"}},"elementArrayFinder_":{"locator_":{"$ref":"$[\"inlineWrapper\"][\"parentElementArrayFinder\"][\"locator_\"]"}}},"frameSelector":{"parentElementArrayFinder":{"locator_":{"using":"css selector","value":".zoe-frame"}},"elementArrayFinder_":{"locator_":{"$ref":"$[\"frameSelector\"][\"parentElementArrayFinder\"][\"locator_\"]"}}},"interactCTA":{"parentElementArrayFinder":{"locator_":{"using":"css selector","value":".zoe-interact-cta"}},"elementArrayFinder_":{"locator_":{"$ref":"$[\"interactCTA\"][\"parentElementArrayFinder\"][\"locator_\"]"}}},"triggerCTA":{"parentElementArrayFinder":{"locator_":{"using":"css selector","value":".zoe-trigger-cta"}},"elementArrayFinder_":{"locator_":{"$ref":"$[\"triggerCTA\"][\"parentElementArrayFinder\"][\"locator_\"]"}}},"helpRotate":{"parentElementArrayFinder":{"locator_":{"using":"css selector","value":".zoe-help-rotate .zoe-help-text"}},"elementArrayFinder_":{"locator_":{"$ref":"$[\"helpRotate\"][\"parentElementArrayFinder\"][\"locator_\"]"}}},"helpElevate":{"parentElementArrayFinder":{"locator_":{"using":"css selector","value":".zoe-help-elevate .zoe-help-text"}},"elementArrayFinder_":{"locator_":{"$ref":"$[\"helpElevate\"][\"parentElementArrayFinder\"][\"locator_\"]"}}},"helpZoom":{"parentElementArrayFinder":{"locator_":{"using":"css selector","value":".zoe-help-zoom .zoe-help-text"}},"elementArrayFinder_":{"locator_":{"$ref":"$[\"helpZoom\"][\"parentElementArrayFinder\"][\"locator_\"]"}}},"helpBrand":{"parentElementArrayFinder":{"locator_":{"using":"css selector","value":".zoe-help-brand .zoe-help-text"}},"elementArrayFinder_":{"locator_":{"$ref":"$[\"helpBrand\"][\"parentElementArrayFinder\"][\"locator_\"]"}}},"extraContent":{"parentElementArrayFinder":{"locator_":{"using":"css selector","value":".zoe-display-extra-content"}},"elementArrayFinder_":{"locator_":{"$ref":"$[\"extraContent\"][\"parentElementArrayFinder\"][\"locator_\"]"}}},"level":"debug","message":"elementFinder is ","timestamp":"2014-10-08T13:49:44.188Z"}
{"level":"info","message":"Initialising file paths with browser & version","timestamp":"2014-10-08T13:49:44.197Z"}
{"level":"info","message":"Initialising file paths with browser & version","timestamp":"2014-10-08T13:49:44.198Z"}
{"level":"info","message":"Initialising file paths with browser & version","timestamp":"2014-10-08T13:49:44.198Z"}
{"level":"info","message":"Initialising file paths with browser & version","timestamp":"2014-10-08T13:49:44.198Z"}
{"level":"info","message":"Initialising file paths with browser & version","timestamp":"2014-10-08T13:49:44.198Z"}
{"level":"info","message":"Initialising file paths with browser & version","timestamp":"2014-10-08T13:49:44.198Z"}
{"level":"info","message":"Initialising file paths with browser & version","timestamp":"2014-10-08T13:49:44.204Z"}
{"level":"info","message":"Initialising file paths with browser & version","timestamp":"2014-10-08T13:49:44.204Z"}
{"level":"info","message":"Initialising file paths with browser & version","timestamp":"2014-10-08T13:49:44.204Z"}
{"level":"info","message":"Initialising file paths with browser & version","timestamp":"2014-10-08T13:49:44.204Z"}
{"level":"info","message":"Initialising file paths with browser & version","timestamp":"2014-10-08T13:49:44.204Z"}
{"level":"info","message":"Initialising file paths with browser & version","timestamp":"2014-10-08T13:49:44.204Z"}
{"rotatable":false,"browserConnectionEnabled":true,"acceptSslCerts":true,"cssSelectorsEnabled":true,"javascriptEnabled":true,"nativeEvents":true,"databaseEnabled":true,"locationContextEnabled":true,"takesScreenshot":true,"platform":"XP","browserName":"firefox","webdriver.remote.sessionid":"00142f55fddf49df817f5473bde64549","hasMetadata":true,"version":"27.0","applicationCacheEnabled":true,"webStorageEnabled":true,"handlesAlerts":true,"level":"info","message":"","timestamp":"2014-10-08T13:49:52.568Z"}
{"level":"info","message":"undefined","timestamp":"2014-10-08T13:49:52.569Z"}
{"level":"info","message":"Initialising file paths with browser & version","timestamp":"2014-10-08T13:49:52.569Z"}
{"level":"info","message":"Initialising file paths with browser & version","timestamp":"2014-10-08T13:49:52.570Z"}
{"level":"info","message":"Initialising file paths with browser & version","timestamp":"2014-10-08T13:49:52.570Z"}
{"level":"info","message":"Initialising file paths with browser & version","timestamp":"2014-10-08T13:49:52.570Z"}
{"level":"info","message":"Initialising file paths with browser & version","timestamp":"2014-10-08T13:49:52.570Z"}
{"level":"info","message":"Initialising file paths with browser & version","timestamp":"2014-10-08T13:49:52.570Z"}
{"level":"info","message":"Initialising file paths with browser & version","timestamp":"2014-10-08T13:49:52.570Z"}
{"level":"info","message":"Initialising file paths with browser & version","timestamp":"2014-10-08T13:49:52.570Z"}
{"level":"info","message":"Initialising file paths with browser & version","timestamp":"2014-10-08T13:49:52.570Z"}
{"level":"info","message":"Initialising file paths with browser & version","timestamp":"2014-10-08T13:49:52.570Z"}
{"level":"info","message":"Initialising file paths with browser & version","timestamp":"2014-10-08T13:49:52.570Z"}
{"level":"info","message":"Initialising file paths with browser & version","timestamp":"2014-10-08T13:49:52.570Z"}
{"level":"info","message":"Initialising file paths with browser & version","timestamp":"2014-10-08T13:49:52.570Z"}
{"level":"info","message":"Initialising file paths with browser & version","timestamp":"2014-10-08T13:49:52.570Z"}
{"level":"info","message":"Initialising file paths with browser & version","timestamp":"2014-10-08T13:49:52.570Z"}
{"level":"info","message":"Initialising file paths with browser & version","timestamp":"2014-10-08T13:49:52.570Z"}
{"level":"info","message":"Initialising file paths with browser & version","timestamp":"2014-10-08T13:49:52.570Z"}
{"level":"info","message":"Initialising file paths with browser & version","timestamp":"2014-10-08T13:49:52.570Z"}
{"level":"info","message":"Initialising file paths with browser & version","timestamp":"2014-10-08T13:49:52.571Z"}
{"level":"info","message":"Initialising file paths with browser & version","timestamp":"2014-10-08T13:49:52.571Z"}
{"level":"info","message":"Initialising file paths with browser & version","timestamp":"2014-10-08T13:49:52.571Z"}
{"level":"info","message":"Opening URL: http://jenkins.zoetrope.io:8888/v3/testInline.html","timestamp":"2014-10-08T13:49:55.057Z"}
{"takesScreenshot":true,"version":"6.0.5","cssSelectorsEnabled":true,"javascriptEnabled":true,"browserName":"safari","platform":"MAC","secureSsl":true,"webdriver.remote.sessionid":"a26cbc37a71744a6be5fe5d7618c11a4","hasMetadata":true,"level":"info","message":"","timestamp":"2014-10-08T13:49:59.936Z"}
{"level":"info","message":"undefined","timestamp":"2014-10-08T13:49:59.937Z"}
{"level":"info","message":"Initialising file paths with browser & version","timestamp":"2014-10-08T13:49:59.938Z"}
{"level":"info","message":"Initialising file paths with browser & version","timestamp":"2014-10-08T13:49:59.938Z"}
{"level":"info","message":"Initialising file paths with browser & version","timestamp":"2014-10-08T13:49:59.938Z"}
{"level":"info","message":"Initialising file paths with browser & version","timestamp":"2014-10-08T13:49:59.938Z"}
{"level":"info","message":"Initialising file paths with browser & version","timestamp":"2014-10-08T13:49:59.938Z"}
{"level":"info","message":"Initialising file paths with browser & version","timestamp":"2014-10-08T13:49:59.938Z"}
{"level":"info","message":"Initialising file paths with browser & version","timestamp":"2014-10-08T13:49:59.938Z"}
{"level":"info","message":"Initialising file paths with browser & version","timestamp":"2014-10-08T13:49:59.938Z"}
{"level":"info","message":"Initialising file paths with browser & version","timestamp":"2014-10-08T13:49:59.938Z"}
{"level":"info","message":"Initialising file paths with browser & version","timestamp":"2014-10-08T13:49:59.938Z"}
{"level":"info","message":"Initialising file paths with browser & version","timestamp":"2014-10-08T13:49:59.938Z"}
{"level":"info","message":"Initialising file paths with browser & version","timestamp":"2014-10-08T13:49:59.938Z"}
{"level":"info","message":"Initialising file paths with browser & version","timestamp":"2014-10-08T13:49:59.938Z"}
{"level":"info","message":"Initialising file paths with browser & version","timestamp":"2014-10-08T13:49:59.938Z"}
{"level":"info","message":"Initialising file paths with browser & version","timestamp":"2014-10-08T13:49:59.938Z"}
{"level":"info","message":"Initialising file paths with browser & version","timestamp":"2014-10-08T13:49:59.939Z"}
{"level":"info","message":"Initialising file paths with browser & version","timestamp":"2014-10-08T13:49:59.939Z"}
{"level":"info","message":"Initialising file paths with browser & version","timestamp":"2014-10-08T13:49:59.939Z"}
{"level":"info","message":"Initialising file paths with browser & version","timestamp":"2014-10-08T13:49:59.939Z"}
{"level":"info","message":"Initialising file paths with browser & version","timestamp":"2014-10-08T13:49:59.939Z"}
{"level":"info","message":"Initialising file paths with browser & version","timestamp":"2014-10-08T13:49:59.939Z"}
{"level":"info","message":"Saving screenshot to images/load.jpgpopover0.png","timestamp":"2014-10-08T13:50:00.318Z"}
{"level":"info","message":"Opening URL: http://jenkins.zoetrope.io:8888/v3/testInline.html","timestamp":"2014-10-08T13:50:00.401Z"}
{"level":"info","message":"Saved screenshot","timestamp":"2014-10-08T13:50:01.455Z"}
{"level":"info","message":"Clicking the help button","timestamp":"2014-10-08T13:50:01.491Z"}
{"parentElementArrayFinder":{"locator_":{"using":"css selector","value":".zoe-btn-help"}},"elementArrayFinder_":{"locator_":{"$ref":"$[\"parentElementArrayFinder\"][\"locator_\"]"}},"level":"info","message":"help button is","timestamp":"2014-10-08T13:50:01.494Z"}
{"level":"info","message":"Saving screenshot to images/load.jpgpopover0.png","timestamp":"2014-10-08T13:50:05.340Z"}
{"level":"info","message":"Got help style of ","timestamp":"2014-10-08T13:50:05.922Z"}
{"level":"info","message":"Saving screenshot to images/help.jpgpopover0.png","timestamp":"2014-10-08T13:50:05.965Z"}
{"level":"info","message":"Saved screenshot","timestamp":"2014-10-08T13:50:06.840Z"}
{"level":"info","message":"Clicking the help button","timestamp":"2014-10-08T13:50:06.882Z"}
{"parentElementArrayFinder":{"locator_":{"using":"css selector","value":".zoe-btn-help"}},"elementArrayFinder_":{"locator_":{"$ref":"$[\"parentElementArrayFinder\"][\"locator_\"]"}},"level":"info","message":"help button is","timestamp":"2014-10-08T13:50:06.885Z"}
{"level":"info","message":"Saved screenshot","timestamp":"2014-10-08T13:50:07.884Z"}
{"level":"info","message":"Clicking the help button","timestamp":"2014-10-08T13:50:07.918Z"}
{"parentElementArrayFinder":{"locator_":{"using":"css selector","value":".zoe-btn-help"}},"elementArrayFinder_":{"locator_":{"$ref":"$[\"parentElementArrayFinder\"][\"locator_\"]"}},"level":"info","message":"help button is","timestamp":"2014-10-08T13:50:07.920Z"}
{"level":"info","message":"Got help style of display: none;","timestamp":"2014-10-08T13:50:08.900Z"}
{"level":"info","message":"Saving screenshot to images/helpClose.jpgpopover0.png","timestamp":"2014-10-08T13:50:08.942Z"}
{"level":"info","message":"Saved screenshot","timestamp":"2014-10-08T13:50:09.820Z"}
{"level":"info","message":"Clicking the zoom button","timestamp":"2014-10-08T13:50:09.881Z"}
{"level":"info","message":"Saving screenshot to images/zoom.jpgpopover0.png","timestamp":"2014-10-08T13:50:09.886Z"}
{"level":"info","message":"Got help style of ","timestamp":"2014-10-08T13:50:10.010Z"}
{"level":"info","message":"Saving screenshot to images/help.jpgpopover0.png","timestamp":"2014-10-08T13:50:10.053Z"}
{"level":"info","message":"Saved screenshot","timestamp":"2014-10-08T13:50:11.730Z"}
{"level":"info","message":"Clicking the help button","timestamp":"2014-10-08T13:50:11.772Z"}
{"parentElementArrayFinder":{"locator_":{"using":"css selector","value":".zoe-btn-help"}},"elementArrayFinder_":{"locator_":{"$ref":"$[\"parentElementArrayFinder\"][\"locator_\"]"}},"level":"info","message":"help button is","timestamp":"2014-10-08T13:50:11.776Z"}
{"level":"info","message":"Saved screenshot","timestamp":"2014-10-08T13:50:14.615Z"}
{"level":"info","message":"Clicking the zoom button","timestamp":"2014-10-08T13:50:14.626Z"}
{"level":"info","message":"Saving screenshot to images/zoomClose.jpgpopover0.png","timestamp":"2014-10-08T13:50:14.631Z"}
{"level":"info","message":"Got help style of display: none; ","timestamp":"2014-10-08T13:50:15.352Z"}
{"level":"info","message":"Saving screenshot to images/helpClose.jpgpopover0.png","timestamp":"2014-10-08T13:50:15.395Z"}
{"level":"info","message":"Saved screenshot","timestamp":"2014-10-08T13:50:17.769Z"}
{"level":"info","message":"Opening URL: http://jenkins.zoetrope.io:8888/v3/testPopover.html","timestamp":"2014-10-08T13:50:17.783Z"}
{"level":"info","message":"Saved screenshot","timestamp":"2014-10-08T13:50:17.884Z"}
{"level":"info","message":"Clicking the zoom button","timestamp":"2014-10-08T13:50:17.932Z"}
{"level":"info","message":"Saving screenshot to images/zoom.jpgpopover0.png","timestamp":"2014-10-08T13:50:17.937Z"}
{"level":"info","message":"Saving screenshot to images/load.jpgpopover0.png","timestamp":"2014-10-08T13:50:18.784Z"}
{"level":"info","message":"Saved screenshot","timestamp":"2014-10-08T13:50:20.728Z"}
{"level":"info","message":"Clicking on widget trigger","timestamp":"2014-10-08T13:50:20.761Z"}
{"level":"info","message":"Saving screenshot to images/openWidget.jpgpopover0.png","timestamp":"2014-10-08T13:50:25.499Z"}
{"level":"info","message":"Saved screenshot","timestamp":"2014-10-08T13:50:25.698Z"}
{"level":"info","message":"Clicking the zoom button","timestamp":"2014-10-08T13:50:25.708Z"}
{"level":"info","message":"Saving screenshot to images/zoomClose.jpgpopover0.png","timestamp":"2014-10-08T13:50:25.712Z"}
{"level":"info","message":"Saved screenshot","timestamp":"2014-10-08T13:50:29.132Z"}
{"level":"info","message":"Opening URL: http://jenkins.zoetrope.io:8888/v3/testPopover.html","timestamp":"2014-10-08T13:50:29.157Z"}
{"level":"info","message":"Saving screenshot to images/load.jpgpopover0.png","timestamp":"2014-10-08T13:50:30.189Z"}
{"level":"info","message":"Saved screenshot","timestamp":"2014-10-08T13:50:31.769Z"}
{"level":"info","message":"Clicking the help button","timestamp":"2014-10-08T13:50:31.799Z"}
{"parentElementArrayFinder":{"locator_":{"using":"css selector","value":".zoe-btn-help"}},"elementArrayFinder_":{"locator_":{"$ref":"$[\"parentElementArrayFinder\"][\"locator_\"]"}},"level":"info","message":"help button is","timestamp":"2014-10-08T13:50:31.801Z"}
{"level":"info","message":"Saved screenshot","timestamp":"2014-10-08T13:50:32.754Z"}
{"level":"info","message":"Clicking on widget trigger","timestamp":"2014-10-08T13:50:32.789Z"}
{"level":"info","message":"Got help style of ","timestamp":"2014-10-08T13:50:34.206Z"}
{"level":"info","message":"Saving screenshot to images/openWidget.jpgpopover0.png","timestamp":"2014-10-08T13:50:34.237Z"}
{"level":"info","message":"Saving screenshot to images/help.jpgpopover0.png","timestamp":"2014-10-08T13:50:34.247Z"}
{"level":"info","message":"Saved screenshot","timestamp":"2014-10-08T13:50:37.197Z"}
{"level":"info","message":"Clicking the help button","timestamp":"2014-10-08T13:50:37.252Z"}
{"parentElementArrayFinder":{"locator_":{"using":"css selector","value":".zoe-btn-help"}},"elementArrayFinder_":{"locator_":{"$ref":"$[\"parentElementArrayFinder\"][\"locator_\"]"}},"level":"info","message":"help button is","timestamp":"2014-10-08T13:50:37.257Z"}
{"level":"info","message":"Saved screenshot","timestamp":"2014-10-08T13:50:37.617Z"}
{"level":"info","message":"Clicking the help button","timestamp":"2014-10-08T13:50:37.648Z"}
{"parentElementArrayFinder":{"locator_":{"using":"css selector","value":".zoe-btn-help"}},"elementArrayFinder_":{"locator_":{"$ref":"$[\"parentElementArrayFinder\"][\"locator_\"]"}},"level":"info","message":"help button is","timestamp":"2014-10-08T13:50:37.650Z"}
{"level":"info","message":"Got help style of display: none;","timestamp":"2014-10-08T13:50:39.614Z"}
{"level":"info","message":"Saving screenshot to images/helpClose.jpgpopover0.png","timestamp":"2014-10-08T13:50:39.657Z"}
{"level":"info","message":"Got help style of ","timestamp":"2014-10-08T13:50:39.799Z"}
{"level":"info","message":"Saving screenshot to images/help.jpgpopover0.png","timestamp":"2014-10-08T13:50:39.841Z"}
{"level":"info","message":"Saved screenshot","timestamp":"2014-10-08T13:50:41.703Z"}
{"level":"info","message":"Clicking the zoom button","timestamp":"2014-10-08T13:50:41.745Z"}
{"level":"info","message":"Saving screenshot to images/zoom.jpgpopover0.png","timestamp":"2014-10-08T13:50:41.749Z"}
{"level":"info","message":"Saved screenshot","timestamp":"2014-10-08T13:50:41.802Z"}
{"level":"info","message":"Clicking the help button","timestamp":"2014-10-08T13:50:41.848Z"}
{"parentElementArrayFinder":{"locator_":{"using":"css selector","value":".zoe-btn-help"}},"elementArrayFinder_":{"locator_":{"$ref":"$[\"parentElementArrayFinder\"][\"locator_\"]"}},"level":"info","message":"help button is","timestamp":"2014-10-08T13:50:41.850Z"}
{"level":"info","message":"Got help style of display: none; ","timestamp":"2014-10-08T13:50:44.095Z"}
{"level":"info","message":"Saving screenshot to images/helpClose.jpgpopover0.png","timestamp":"2014-10-08T13:50:44.137Z"}
{"level":"info","message":"Saved screenshot","timestamp":"2014-10-08T13:50:46.272Z"}
{"level":"info","message":"Clicking the zoom button","timestamp":"2014-10-08T13:50:46.315Z"}
{"level":"info","message":"Saving screenshot to images/zoom.jpgpopover0.png","timestamp":"2014-10-08T13:50:46.319Z"}
{"level":"info","message":"Saved screenshot","timestamp":"2014-10-08T13:50:46.471Z"}
{"level":"info","message":"Clicking the zoom button","timestamp":"2014-10-08T13:50:46.496Z"}
{"level":"info","message":"Saving screenshot to images/zoomClose.jpgpopover0.png","timestamp":"2014-10-08T13:50:46.500Z"}
{"level":"info","message":"Saved screenshot","timestamp":"2014-10-08T13:50:50.365Z"}
{"level":"info","message":"Saved screenshot","timestamp":"2014-10-08T13:50:51.709Z"}
{"level":"info","message":"Clicking the zoom button","timestamp":"2014-10-08T13:50:51.719Z"}
{"level":"info","message":"Saving screenshot to images/zoomClose.jpgpopover0.png","timestamp":"2014-10-08T13:50:51.723Z"}
{"level":"info","message":"Saved screenshot","timestamp":"2014-10-08T13:50:55.682Z"}
{"rotatable":false,"browserConnectionEnabled":false,"acceptSslCerts":true,"cssSelectorsEnabled":true,"chrome":{"chromedriverVersion":"2.4.226107"},"javascriptEnabled":true,"version":"30.0.1599.65","webdriver.remote.sessionid":"3f6ee05cf2d64c24a27cc3394282cf57","databaseEnabled":true,"locationContextEnabled":true,"platform":"Windows NT","browserName":"chrome","takesScreenshot":true,"hasMetadata":true,"nativeEvents":true,"applicationCacheEnabled":false,"webStorageEnabled":true,"handlesAlerts":true,"level":"info","message":"","timestamp":"2014-10-08T13:51:01.144Z"}
{"level":"info","message":"undefined","timestamp":"2014-10-08T13:51:01.144Z"}
{"level":"info","message":"Initialising file paths with browser & version","timestamp":"2014-10-08T13:51:01.145Z"}
{"level":"info","message":"Initialising file paths with browser & version","timestamp":"2014-10-08T13:51:01.145Z"}
{"level":"info","message":"Initialising file paths with browser & version","timestamp":"2014-10-08T13:51:01.145Z"}
{"level":"info","message":"Initialising file paths with browser & version","timestamp":"2014-10-08T13:51:01.145Z"}
{"level":"info","message":"Initialising file paths with browser & version","timestamp":"2014-10-08T13:51:01.145Z"}
{"level":"info","message":"Initialising file paths with browser & version","timestamp":"2014-10-08T13:51:01.145Z"}
{"level":"info","message":"Initialising file paths with browser & version","timestamp":"2014-10-08T13:51:01.145Z"}
{"level":"info","message":"Initialising file paths with browser & version","timestamp":"2014-10-08T13:51:01.145Z"}
{"level":"info","message":"Initialising file paths with browser & version","timestamp":"2014-10-08T13:51:01.145Z"}
{"level":"info","message":"Initialising file paths with browser & version","timestamp":"2014-10-08T13:51:01.145Z"}
{"level":"info","message":"Initialising file paths with browser & version","timestamp":"2014-10-08T13:51:01.145Z"}
{"level":"info","message":"Initialising file paths with browser & version","timestamp":"2014-10-08T13:51:01.145Z"}
{"level":"info","message":"Initialising file paths with browser & version","timestamp":"2014-10-08T13:51:01.145Z"}
{"level":"info","message":"Initialising file paths with browser & version","timestamp":"2014-10-08T13:51:01.145Z"}
{"level":"info","message":"Initialising file paths with browser & version","timestamp":"2014-10-08T13:51:01.145Z"}
{"level":"info","message":"Initialising file paths with browser & version","timestamp":"2014-10-08T13:51:01.146Z"}
{"level":"info","message":"Initialising file paths with browser & version","timestamp":"2014-10-08T13:51:01.146Z"}
{"level":"info","message":"Initialising file paths with browser & version","timestamp":"2014-10-08T13:51:01.146Z"}
{"level":"info","message":"Initialising file paths with browser & version","timestamp":"2014-10-08T13:51:01.146Z"}
{"level":"info","message":"Initialising file paths with browser & version","timestamp":"2014-10-08T13:51:01.146Z"}
{"level":"info","message":"Initialising file paths with browser & version","timestamp":"2014-10-08T13:51:01.146Z"}
{"level":"info","message":"Opening URL: http://jenkins.zoetrope.io:8888/v3/testInline.html","timestamp":"2014-10-08T13:51:01.566Z"}
{"level":"info","message":"Saving screenshot to images/load.jpgpopover0.png","timestamp":"2014-10-08T13:51:06.434Z"}
{"level":"info","message":"Saved screenshot","timestamp":"2014-10-08T13:51:08.389Z"}
{"level":"info","message":"Clicking the help button","timestamp":"2014-10-08T13:51:08.425Z"}
{"parentElementArrayFinder":{"locator_":{"using":"css selector","value":".zoe-btn-help"}},"elementArrayFinder_":{"locator_":{"$ref":"$[\"parentElementArrayFinder\"][\"locator_\"]"}},"level":"info","message":"help button is","timestamp":"2014-10-08T13:51:08.428Z"}
{"level":"info","message":"Got help style of ","timestamp":"2014-10-08T13:51:10.414Z"}
{"level":"info","message":"Saving screenshot to images/help.jpgpopover0.png","timestamp":"2014-10-08T13:51:10.459Z"}
{"takesScreenshot":true,"webdriver.remote.sessionid":"efbaa2c91fc84ba0b75741d5c9708284","unexpectedAlertBehaviour":"dismiss","ie.browserCommandLineSwitches":"","browserAttachTimeout":0,"ie.ensureCleanSession":false,"ignoreProtectedModeSettings":false,"platform":"WINDOWS","version":"11","ignoreZoomSetting":false,"nativeEvents":true,"handlesAlerts":true,"javascriptEnabled":true,"requireWindowFocus":false,"ie.usePerProcessProxy":false,"hasMetadata":true,"initialBrowserUrl":"http://localhost:18648/","enableElementCacheCleanup":true,"cssSelectorsEnabled":true,"browserName":"internet explorer","elementScrollBehavior":0,"enablePersistentHover":true,"ie.forceCreateProcessApi":false,"level":"info","message":"","timestamp":"2014-10-08T13:51:10.584Z"}
{"level":"info","message":"undefined","timestamp":"2014-10-08T13:51:10.585Z"}
{"level":"info","message":"Initialising file paths with browser & version","timestamp":"2014-10-08T13:51:10.585Z"}
{"level":"info","message":"Initialising file paths with browser & version","timestamp":"2014-10-08T13:51:10.585Z"}
{"level":"info","message":"Initialising file paths with browser & version","timestamp":"2014-10-08T13:51:10.585Z"}
{"level":"info","message":"Initialising file paths with browser & version","timestamp":"2014-10-08T13:51:10.585Z"}
{"level":"info","message":"Initialising file paths with browser & version","timestamp":"2014-10-08T13:51:10.585Z"}
{"level":"info","message":"Initialising file paths with browser & version","timestamp":"2014-10-08T13:51:10.585Z"}
{"level":"info","message":"Initialising file paths with browser & version","timestamp":"2014-10-08T13:51:10.585Z"}
{"level":"info","message":"Initialising file paths with browser & version","timestamp":"2014-10-08T13:51:10.585Z"}
{"level":"info","message":"Initialising file paths with browser & version","timestamp":"2014-10-08T13:51:10.586Z"}
{"level":"info","message":"Initialising file paths with browser & version","timestamp":"2014-10-08T13:51:10.586Z"}
{"level":"info","message":"Initialising file paths with browser & version","timestamp":"2014-10-08T13:51:10.586Z"}
{"level":"info","message":"Initialising file paths with browser & version","timestamp":"2014-10-08T13:51:10.586Z"}
{"level":"info","message":"Initialising file paths with browser & version","timestamp":"2014-10-08T13:51:10.586Z"}
{"level":"info","message":"Initialising file paths with browser & version","timestamp":"2014-10-08T13:51:10.586Z"}
{"level":"info","message":"Initialising file paths with browser & version","timestamp":"2014-10-08T13:51:10.586Z"}
{"level":"info","message":"Initialising file paths with browser & version","timestamp":"2014-10-08T13:51:10.586Z"}
{"level":"info","message":"Initialising file paths with browser & version","timestamp":"2014-10-08T13:51:10.586Z"}
{"level":"info","message":"Initialising file paths with browser & version","timestamp":"2014-10-08T13:51:10.586Z"}
{"level":"info","message":"Initialising file paths with browser & version","timestamp":"2014-10-08T13:51:10.586Z"}
{"level":"info","message":"Initialising file paths with browser & version","timestamp":"2014-10-08T13:51:10.586Z"}
{"level":"info","message":"Initialising file paths with browser & version","timestamp":"2014-10-08T13:51:10.586Z"}
{"level":"info","message":"Opening URL: http://jenkins.zoetrope.io:8888/v3/testInline.html","timestamp":"2014-10-08T13:51:10.995Z"}
{"level":"info","message":"Saved screenshot","timestamp":"2014-10-08T13:51:12.078Z"}
{"level":"info","message":"Clicking the help button","timestamp":"2014-10-08T13:51:12.119Z"}
{"parentElementArrayFinder":{"locator_":{"using":"css selector","value":".zoe-btn-help"}},"elementArrayFinder_":{"locator_":{"$ref":"$[\"parentElementArrayFinder\"][\"locator_\"]"}},"level":"info","message":"help button is","timestamp":"2014-10-08T13:51:12.123Z"}
{"level":"info","message":"Got help style of display: none;","timestamp":"2014-10-08T13:51:14.863Z"}
{"level":"info","message":"Saving screenshot to images/helpClose.jpgpopover0.png","timestamp":"2014-10-08T13:51:14.906Z"}
{"level":"info","message":"Saving screenshot to images/load.jpgpopover0.png","timestamp":"2014-10-08T13:51:15.789Z"}
{"level":"info","message":"Saved screenshot","timestamp":"2014-10-08T13:51:16.634Z"}
{"level":"info","message":"Clicking the zoom button","timestamp":"2014-10-08T13:51:16.678Z"}
{"level":"info","message":"Saving screenshot to images/zoom.jpgpopover0.png","timestamp":"2014-10-08T13:51:16.684Z"}
{"level":"info","message":"Saved screenshot","timestamp":"2014-10-08T13:51:17.097Z"}
{"level":"info","message":"Clicking the help button","timestamp":"2014-10-08T13:51:17.134Z"}
{"parentElementArrayFinder":{"locator_":{"using":"css selector","value":".zoe-btn-help"}},"elementArrayFinder_":{"locator_":{"$ref":"$[\"parentElementArrayFinder\"][\"locator_\"]"}},"level":"info","message":"help button is","timestamp":"2014-10-08T13:51:17.137Z"}
{"level":"info","message":"Got help style of ","timestamp":"2014-10-08T13:51:19.350Z"}
{"level":"info","message":"Saving screenshot to images/help.jpgpopover0.png","timestamp":"2014-10-08T13:51:19.393Z"}
{"level":"info","message":"Saved screenshot","timestamp":"2014-10-08T13:51:21.138Z"}
{"level":"info","message":"Clicking the zoom button","timestamp":"2014-10-08T13:51:21.149Z"}
{"level":"info","message":"Saving screenshot to images/zoomClose.jpgpopover0.png","timestamp":"2014-10-08T13:51:21.153Z"}
{"level":"info","message":"Saved screenshot","timestamp":"2014-10-08T13:51:24.536Z"}
{"level":"info","message":"Opening URL: http://jenkins.zoetrope.io:8888/v3/testPopover.html","timestamp":"2014-10-08T13:51:24.564Z"}
{"level":"info","message":"Saved screenshot","timestamp":"2014-10-08T13:51:24.928Z"}
{"level":"info","message":"Clicking the help button","timestamp":"2014-10-08T13:51:24.985Z"}
{"parentElementArrayFinder":{"locator_":{"using":"css selector","value":".zoe-btn-help"}},"elementArrayFinder_":{"locator_":{"$ref":"$[\"parentElementArrayFinder\"][\"locator_\"]"}},"level":"info","message":"help button is","timestamp":"2014-10-08T13:51:24.988Z"}
{"level":"info","message":"Saving screenshot to images/load.jpgpopover0.png","timestamp":"2014-10-08T13:51:26.509Z"}
{"level":"info","message":"Got help style of display: none;","timestamp":"2014-10-08T13:51:27.306Z"}
{"level":"info","message":"Saving screenshot to images/helpClose.jpgpopover0.png","timestamp":"2014-10-08T13:51:27.349Z"}
{"level":"info","message":"Saved screenshot","timestamp":"2014-10-08T13:51:30.583Z"}
{"level":"info","message":"Saved screenshot","timestamp":"2014-10-08T13:51:30.598Z"}
{"level":"info","message":"Clicking on widget trigger","timestamp":"2014-10-08T13:51:30.615Z"}
{"level":"info","message":"Clicking the zoom button","timestamp":"2014-10-08T13:51:30.648Z"}
{"level":"info","message":"Saving screenshot to images/zoom.jpgpopover0.png","timestamp":"2014-10-08T13:51:30.652Z"}
{"level":"info","message":"Saving screenshot to images/openWidget.jpgpopover0.png","timestamp":"2014-10-08T13:51:32.040Z"}
{"level":"info","message":"Saved screenshot","timestamp":"2014-10-08T13:51:34.021Z"}
{"level":"info","message":"Clicking the help button","timestamp":"2014-10-08T13:51:34.054Z"}
{"parentElementArrayFinder":{"locator_":{"using":"css selector","value":".zoe-btn-help"}},"elementArrayFinder_":{"locator_":{"$ref":"$[\"parentElementArrayFinder\"][\"locator_\"]"}},"level":"info","message":"help button is","timestamp":"2014-10-08T13:51:34.057Z"}
{"level":"info","message":"Got help style of ","timestamp":"2014-10-08T13:51:36.219Z"}
{"level":"info","message":"Saving screenshot to images/help.jpgpopover0.png","timestamp":"2014-10-08T13:51:36.264Z"}
{"level":"info","message":"Saved screenshot","timestamp":"2014-10-08T13:51:38.041Z"}
{"level":"info","message":"Clicking the help button","timestamp":"2014-10-08T13:51:38.088Z"}
{"parentElementArrayFinder":{"locator_":{"using":"css selector","value":".zoe-btn-help"}},"elementArrayFinder_":{"locator_":{"$ref":"$[\"parentElementArrayFinder\"][\"locator_\"]"}},"level":"info","message":"help button is","timestamp":"2014-10-08T13:51:38.093Z"}
{"level":"info","message":"Saved screenshot","timestamp":"2014-10-08T13:51:38.408Z"}
{"level":"info","message":"Clicking the zoom button","timestamp":"2014-10-08T13:51:38.427Z"}
{"level":"info","message":"Saving screenshot to images/zoomClose.jpgpopover0.png","timestamp":"2014-10-08T13:51:38.431Z"}
{"level":"info","message":"Got help style of display: none;","timestamp":"2014-10-08T13:51:40.068Z"}
{"level":"info","message":"Saving screenshot to images/helpClose.jpgpopover0.png","timestamp":"2014-10-08T13:51:40.111Z"}
{"level":"info","message":"Saved screenshot","timestamp":"2014-10-08T13:51:41.527Z"}
{"level":"info","message":"Opening URL: http://jenkins.zoetrope.io:8888/v3/testPopover.html","timestamp":"2014-10-08T13:51:41.545Z"}
{"level":"info","message":"Saved screenshot","timestamp":"2014-10-08T13:51:42.434Z"}
{"level":"info","message":"Clicking the zoom button","timestamp":"2014-10-08T13:51:42.490Z"}
{"level":"info","message":"Saving screenshot to images/zoom.jpgpopover0.png","timestamp":"2014-10-08T13:51:42.494Z"}
{"level":"info","message":"Saving screenshot to images/load.jpgpopover0.png","timestamp":"2014-10-08T13:51:43.407Z"}
{"level":"info","message":"Saved screenshot","timestamp":"2014-10-08T13:51:46.987Z"}
{"level":"info","message":"Clicking the zoom button","timestamp":"2014-10-08T13:51:46.998Z"}
{"level":"info","message":"Saving screenshot to images/zoomClose.jpgpopover0.png","timestamp":"2014-10-08T13:51:47.003Z"}
{"level":"info","message":"Saved screenshot","timestamp":"2014-10-08T13:51:47.474Z"}
{"level":"info","message":"Clicking on widget trigger","timestamp":"2014-10-08T13:51:47.524Z"}
{"level":"info","message":"Saving screenshot to images/openWidget.jpgpopover0.png","timestamp":"2014-10-08T13:51:49.338Z"}
{"level":"info","message":"Saved screenshot","timestamp":"2014-10-08T13:51:50.454Z"}
{"level":"info","message":"Saved screenshot","timestamp":"2014-10-08T13:51:53.324Z"}
{"level":"info","message":"Clicking the help button","timestamp":"2014-10-08T13:51:53.359Z"}
{"parentElementArrayFinder":{"locator_":{"using":"css selector","value":".zoe-btn-help"}},"elementArrayFinder_":{"locator_":{"$ref":"$[\"parentElementArrayFinder\"][\"locator_\"]"}},"level":"info","message":"help button is","timestamp":"2014-10-08T13:51:53.368Z"}
{"level":"info","message":"Got help style of ","timestamp":"2014-10-08T13:51:55.984Z"}
{"level":"info","message":"Saving screenshot to images/help.jpgpopover0.png","timestamp":"2014-10-08T13:51:56.029Z"}
{"level":"info","message":"Saved screenshot","timestamp":"2014-10-08T13:51:59.666Z"}
{"level":"info","message":"Clicking the help button","timestamp":"2014-10-08T13:51:59.710Z"}
{"parentElementArrayFinder":{"locator_":{"using":"css selector","value":".zoe-btn-help"}},"elementArrayFinder_":{"locator_":{"$ref":"$[\"parentElementArrayFinder\"][\"locator_\"]"}},"level":"info","message":"help button is","timestamp":"2014-10-08T13:51:59.712Z"}
{"level":"info","message":"Got help style of display: none;","timestamp":"2014-10-08T13:52:05.925Z"}
{"level":"info","message":"Saving screenshot to images/helpClose.jpgpopover0.png","timestamp":"2014-10-08T13:52:05.967Z"}
{"level":"info","message":"Saved screenshot","timestamp":"2014-10-08T13:52:10.817Z"}
{"level":"info","message":"Clicking the zoom button","timestamp":"2014-10-08T13:52:10.861Z"}
{"level":"info","message":"Saving screenshot to images/zoom.jpgpopover0.png","timestamp":"2014-10-08T13:52:10.866Z"}
{"level":"info","message":"Saved screenshot","timestamp":"2014-10-08T13:52:21.670Z"}
{"level":"info","message":"Clicking the zoom button","timestamp":"2014-10-08T13:52:21.681Z"}
{"level":"info","message":"Saving screenshot to images/zoomClose.jpgpopover0.png","timestamp":"2014-10-08T13:52:21.685Z"}
{"level":"info","message":"Saved screenshot","timestamp":"2014-10-08T13:52:27.845Z"}
{"level":"info","message":"Initialising jasmine tests","timestamp":"2014-10-08T13:56:28.199Z"}
{"inline":{},"popover":{},"indiscriminate":{},"progressWrapper":{"parentElementArrayFinder":{"locator_":{"using":"css selector","value":".zoe-progress-wrapper"}},"elementArrayFinder_":{"locator_":{"$ref":"$[\"progressWrapper\"][\"parentElementArrayFinder\"][\"locator_\"]"}}},"widgetOverlay":{"parentElementArrayFinder":{"locator_":{"using":"css selector","value":"#zoe-zbox-overlay"}},"elementArrayFinder_":{"locator_":{"$ref":"$[\"widgetOverlay\"][\"parentElementArrayFinder\"][\"locator_\"]"}}},"widgetTrigger":{"parentElementArrayFinder":{"locator_":{"using":"css selector","value":".zoe-engage-trigger>img"}},"elementArrayFinder_":{"locator_":{"$ref":"$[\"widgetTrigger\"][\"parentElementArrayFinder\"][\"locator_\"]"}}},"widgetColorbox":{"parentElementArrayFinder":{"locator_":{"using":"css selector","value":"#zoe-zbox-content"}},"elementArrayFinder_":{"locator_":{"$ref":"$[\"widgetColorbox\"][\"parentElementArrayFinder\"][\"locator_\"]"}}},"helpButton":{"parentElementArrayFinder":{"locator_":{"using":"css selector","value":".zoe-btn-help"}},"elementArrayFinder_":{"locator_":{"$ref":"$[\"helpButton\"][\"parentElementArrayFinder\"][\"locator_\"]"}}},"helpElement":{"parentElementArrayFinder":{"locator_":{"using":"css selector","value":".zoe-help-overlay"}},"elementArrayFinder_":{"locator_":{"$ref":"$[\"helpElement\"][\"parentElementArrayFinder\"][\"locator_\"]"}}},"zoomButton":{"parentElementArrayFinder":{"locator_":{"using":"css selector","value":".zoe-btn-zoom"}},"elementArrayFinder_":{"locator_":{"$ref":"$[\"zoomButton\"][\"parentElementArrayFinder\"][\"locator_\"]"}}},"zoomElement":{"parentElementArrayFinder":{"locator_":{"using":"css selector","value":".zoe-zoom"}},"elementArrayFinder_":{"locator_":{"$ref":"$[\"zoomElement\"][\"parentElementArrayFinder\"][\"locator_\"]"}}},"zoomImage":{"parentElementArrayFinder":{"locator_":{"using":"css selector","value":".zoe-zoom-frame"}},"elementArrayFinder_":{"locator_":{"$ref":"$[\"zoomImage\"][\"parentElementArrayFinder\"][\"locator_\"]"}}},"closeButton":{"parentElementArrayFinder":{"locator_":{"using":"css selector","value":".zoe-btn-close"}},"elementArrayFinder_":{"locator_":{"$ref":"$[\"closeButton\"][\"parentElementArrayFinder\"][\"locator_\"]"}}},"widgetImageDiv":{"parentElementArrayFinder":{"locator_":{"using":"css selector","value":".zoe-engage-image.reel"}},"elementArrayFinder_":{"locator_":{"$ref":"$[\"widgetImageDiv\"][\"parentElementArrayFinder\"][\"locator_\"]"}}},"inlineDivSelector":{"parentElementArrayFinder":{"locator_":{"using":"css selector","value":".zoe-inline.reel"}},"elementArrayFinder_":{"locator_":{"$ref":"$[\"inlineDivSelector\"][\"parentElementArrayFinder\"][\"locator_\"]"}}},"widgetWrapperSelector":{"parentElementArrayFinder":{"locator_":{"using":"css selector","value":".zoe-engage-wrapper"}},"elementArrayFinder_":{"locator_":{"$ref":"$[\"widgetWrapperSelector\"][\"parentElementArrayFinder\"][\"locator_\"]"}}},"widgetWrapperImage":{"parentElementArrayFinder":{"locator_":{"using":"css selector","value":".zoe-frame"}},"elementArrayFinder_":{"locator_":{"$ref":"$[\"widgetWrapperImage\"][\"parentElementArrayFinder\"][\"locator_\"]"}}},"pageImageSelector":{"parentElementArrayFinder":{"locator_":{"using":"css selector","value":".zoe-engage-wrapper"}},"elementArrayFinder_":{"locator_":{"$ref":"$[\"pageImageSelector\"][\"parentElementArrayFinder\"][\"locator_\"]"}}},"inlineTrigger":{"parentElementArrayFinder":{"locator_":{"using":"css selector","value":"a.zoe-engage-trigger"}},"elementArrayFinder_":{"locator_":{"$ref":"$[\"inlineTrigger\"][\"parentElementArrayFinder\"][\"locator_\"]"}}},"inlineWrapper":{"parentElementArrayFinder":{"locator_":{"using":"css selector","value":".zoe-engage-wrapper.zoe-inline"}},"elementArrayFinder_":{"locator_":{"$ref":"$[\"inlineWrapper\"][\"parentElementArrayFinder\"][\"locator_\"]"}}},"frameSelector":{"parentElementArrayFinder":{"locator_":{"using":"css selector","value":".zoe-frame"}},"elementArrayFinder_":{"locator_":{"$ref":"$[\"frameSelector\"][\"parentElementArrayFinder\"][\"locator_\"]"}}},"interactCTA":{"parentElementArrayFinder":{"locator_":{"using":"css selector","value":".zoe-interact-cta"}},"elementArrayFinder_":{"locator_":{"$ref":"$[\"interactCTA\"][\"parentElementArrayFinder\"][\"locator_\"]"}}},"triggerCTA":{"parentElementArrayFinder":{"locator_":{"using":"css selector","value":".zoe-trigger-cta"}},"elementArrayFinder_":{"locator_":{"$ref":"$[\"triggerCTA\"][\"parentElementArrayFinder\"][\"locator_\"]"}}},"helpRotate":{"parentElementArrayFinder":{"locator_":{"using":"css selector","value":".zoe-help-rotate .zoe-help-text"}},"elementArrayFinder_":{"locator_":{"$ref":"$[\"helpRotate\"][\"parentElementArrayFinder\"][\"locator_\"]"}}},"helpElevate":{"parentElementArrayFinder":{"locator_":{"using":"css selector","value":".zoe-help-elevate .zoe-help-text"}},"elementArrayFinder_":{"locator_":{"$ref":"$[\"helpElevate\"][\"parentElementArrayFinder\"][\"locator_\"]"}}},"helpZoom":{"parentElementArrayFinder":{"locator_":{"using":"css selector","value":".zoe-help-zoom .zoe-help-text"}},"elementArrayFinder_":{"locator_":{"$ref":"$[\"helpZoom\"][\"parentElementArrayFinder\"][\"locator_\"]"}}},"helpBrand":{"parentElementArrayFinder":{"locator_":{"using":"css selector","value":".zoe-help-brand .zoe-help-text"}},"elementArrayFinder_":{"locator_":{"$ref":"$[\"helpBrand\"][\"parentElementArrayFinder\"][\"locator_\"]"}}},"extraContent":{"parentElementArrayFinder":{"locator_":{"using":"css selector","value":".zoe-display-extra-content"}},"elementArrayFinder_":{"locator_":{"$ref":"$[\"extraContent\"][\"parentElementArrayFinder\"][\"locator_\"]"}}},"level":"debug","message":"elementFinder is ","timestamp":"2014-10-08T13:56:28.202Z"}
{"level":"info","message":"Initialising file paths with browser & version","timestamp":"2014-10-08T13:56:28.209Z"}
{"level":"info","message":"Initialising file paths with browser & version","timestamp":"2014-10-08T13:56:28.209Z"}
{"level":"info","message":"Initialising file paths with browser & version","timestamp":"2014-10-08T13:56:28.209Z"}
{"level":"info","message":"Initialising file paths with browser & version","timestamp":"2014-10-08T13:56:28.209Z"}
{"level":"info","message":"Initialising file paths with browser & version","timestamp":"2014-10-08T13:56:28.209Z"}
{"level":"info","message":"Initialising file paths with browser & version","timestamp":"2014-10-08T13:56:28.209Z"}
{"level":"info","message":"Initialising file paths with browser & version","timestamp":"2014-10-08T13:56:28.214Z"}
{"level":"info","message":"Initialising file paths with browser & version","timestamp":"2014-10-08T13:56:28.215Z"}
{"level":"info","message":"Initialising file paths with browser & version","timestamp":"2014-10-08T13:56:28.215Z"}
{"level":"info","message":"Initialising file paths with browser & version","timestamp":"2014-10-08T13:56:28.215Z"}
{"level":"info","message":"Initialising file paths with browser & version","timestamp":"2014-10-08T13:56:28.215Z"}
{"level":"info","message":"Initialising file paths with browser & version","timestamp":"2014-10-08T13:56:28.215Z"}
{"level":"info","message":"Initialising jasmine tests","timestamp":"2014-10-08T13:56:28.199Z"}
{"inline":{},"popover":{},"indiscriminate":{},"progressWrapper":{"parentElementArrayFinder":{"locator_":{"using":"css selector","value":".zoe-progress-wrapper"}},"elementArrayFinder_":{"locator_":{"$ref":"$[\"progressWrapper\"][\"parentElementArrayFinder\"][\"locator_\"]"}}},"widgetOverlay":{"parentElementArrayFinder":{"locator_":{"using":"css selector","value":"#zoe-zbox-overlay"}},"elementArrayFinder_":{"locator_":{"$ref":"$[\"widgetOverlay\"][\"parentElementArrayFinder\"][\"locator_\"]"}}},"widgetTrigger":{"parentElementArrayFinder":{"locator_":{"using":"css selector","value":".zoe-engage-trigger>img"}},"elementArrayFinder_":{"locator_":{"$ref":"$[\"widgetTrigger\"][\"parentElementArrayFinder\"][\"locator_\"]"}}},"widgetColorbox":{"parentElementArrayFinder":{"locator_":{"using":"css selector","value":"#zoe-zbox-content"}},"elementArrayFinder_":{"locator_":{"$ref":"$[\"widgetColorbox\"][\"parentElementArrayFinder\"][\"locator_\"]"}}},"helpButton":{"parentElementArrayFinder":{"locator_":{"using":"css selector","value":".zoe-btn-help"}},"elementArrayFinder_":{"locator_":{"$ref":"$[\"helpButton\"][\"parentElementArrayFinder\"][\"locator_\"]"}}},"helpElement":{"parentElementArrayFinder":{"locator_":{"using":"css selector","value":".zoe-help-overlay"}},"elementArrayFinder_":{"locator_":{"$ref":"$[\"helpElement\"][\"parentElementArrayFinder\"][\"locator_\"]"}}},"zoomButton":{"parentElementArrayFinder":{"locator_":{"using":"css selector","value":".zoe-btn-zoom"}},"elementArrayFinder_":{"locator_":{"$ref":"$[\"zoomButton\"][\"parentElementArrayFinder\"][\"locator_\"]"}}},"zoomElement":{"parentElementArrayFinder":{"locator_":{"using":"css selector","value":".zoe-zoom"}},"elementArrayFinder_":{"locator_":{"$ref":"$[\"zoomElement\"][\"parentElementArrayFinder\"][\"locator_\"]"}}},"zoomImage":{"parentElementArrayFinder":{"locator_":{"using":"css selector","value":".zoe-zoom-frame"}},"elementArrayFinder_":{"locator_":{"$ref":"$[\"zoomImage\"][\"parentElementArrayFinder\"][\"locator_\"]"}}},"closeButton":{"parentElementArrayFinder":{"locator_":{"using":"css selector","value":".zoe-btn-close"}},"elementArrayFinder_":{"locator_":{"$ref":"$[\"closeButton\"][\"parentElementArrayFinder\"][\"locator_\"]"}}},"widgetImageDiv":{"parentElementArrayFinder":{"locator_":{"using":"css selector","value":".zoe-engage-image.reel"}},"elementArrayFinder_":{"locator_":{"$ref":"$[\"widgetImageDiv\"][\"parentElementArrayFinder\"][\"locator_\"]"}}},"inlineDivSelector":{"parentElementArrayFinder":{"locator_":{"using":"css selector","value":".zoe-inline.reel"}},"elementArrayFinder_":{"locator_":{"$ref":"$[\"inlineDivSelector\"][\"parentElementArrayFinder\"][\"locator_\"]"}}},"widgetWrapperSelector":{"parentElementArrayFinder":{"locator_":{"using":"css selector","value":".zoe-engage-wrapper"}},"elementArrayFinder_":{"locator_":{"$ref":"$[\"widgetWrapperSelector\"][\"parentElementArrayFinder\"][\"locator_\"]"}}},"widgetWrapperImage":{"parentElementArrayFinder":{"locator_":{"using":"css selector","value":".zoe-frame"}},"elementArrayFinder_":{"locator_":{"$ref":"$[\"widgetWrapperImage\"][\"parentElementArrayFinder\"][\"locator_\"]"}}},"pageImageSelector":{"parentElementArrayFinder":{"locator_":{"using":"css selector","value":".zoe-engage-wrapper"}},"elementArrayFinder_":{"locator_":{"$ref":"$[\"pageImageSelector\"][\"parentElementArrayFinder\"][\"locator_\"]"}}},"inlineTrigger":{"parentElementArrayFinder":{"locator_":{"using":"css selector","value":"a.zoe-engage-trigger"}},"elementArrayFinder_":{"locator_":{"$ref":"$[\"inlineTrigger\"][\"parentElementArrayFinder\"][\"locator_\"]"}}},"inlineWrapper":{"parentElementArrayFinder":{"locator_":{"using":"css selector","value":".zoe-engage-wrapper.zoe-inline"}},"elementArrayFinder_":{"locator_":{"$ref":"$[\"inlineWrapper\"][\"parentElementArrayFinder\"][\"locator_\"]"}}},"frameSelector":{"parentElementArrayFinder":{"locator_":{"using":"css selector","value":".zoe-frame"}},"elementArrayFinder_":{"locator_":{"$ref":"$[\"frameSelector\"][\"parentElementArrayFinder\"][\"locator_\"]"}}},"interactCTA":{"parentElementArrayFinder":{"locator_":{"using":"css selector","value":".zoe-interact-cta"}},"elementArrayFinder_":{"locator_":{"$ref":"$[\"interactCTA\"][\"parentElementArrayFinder\"][\"locator_\"]"}}},"triggerCTA":{"parentElementArrayFinder":{"locator_":{"using":"css selector","value":".zoe-trigger-cta"}},"elementArrayFinder_":{"locator_":{"$ref":"$[\"triggerCTA\"][\"parentElementArrayFinder\"][\"locator_\"]"}}},"helpRotate":{"parentElementArrayFinder":{"locator_":{"using":"css selector","value":".zoe-help-rotate .zoe-help-text"}},"elementArrayFinder_":{"locator_":{"$ref":"$[\"helpRotate\"][\"parentElementArrayFinder\"][\"locator_\"]"}}},"helpElevate":{"parentElementArrayFinder":{"locator_":{"using":"css selector","value":".zoe-help-elevate .zoe-help-text"}},"elementArrayFinder_":{"locator_":{"$ref":"$[\"helpElevate\"][\"parentElementArrayFinder\"][\"locator_\"]"}}},"helpZoom":{"parentElementArrayFinder":{"locator_":{"using":"css selector","value":".zoe-help-zoom .zoe-help-text"}},"elementArrayFinder_":{"locator_":{"$ref":"$[\"helpZoom\"][\"parentElementArrayFinder\"][\"locator_\"]"}}},"helpBrand":{"parentElementArrayFinder":{"locator_":{"using":"css selector","value":".zoe-help-brand .zoe-help-text"}},"elementArrayFinder_":{"locator_":{"$ref":"$[\"helpBrand\"][\"parentElementArrayFinder\"][\"locator_\"]"}}},"extraContent":{"parentElementArrayFinder":{"locator_":{"using":"css selector","value":".zoe-display-extra-content"}},"elementArrayFinder_":{"locator_":{"$ref":"$[\"extraContent\"][\"parentElementArrayFinder\"][\"locator_\"]"}}},"level":"debug","message":"elementFinder is ","timestamp":"2014-10-08T13:56:28.202Z"}
{"level":"info","message":"Initialising file paths with browser & version","timestamp":"2014-10-08T13:56:28.209Z"}
{"level":"info","message":"Initialising file paths with browser & version","timestamp":"2014-10-08T13:56:28.209Z"}
{"level":"info","message":"Initialising file paths with browser & version","timestamp":"2014-10-08T13:56:28.209Z"}
{"level":"info","message":"Initialising file paths with browser & version","timestamp":"2014-10-08T13:56:28.209Z"}
{"level":"info","message":"Initialising file paths with browser & version","timestamp":"2014-10-08T13:56:28.209Z"}
{"level":"info","message":"Initialising file paths with browser & version","timestamp":"2014-10-08T13:56:28.209Z"}
{"level":"info","message":"Initialising file paths with browser & version","timestamp":"2014-10-08T13:56:28.214Z"}
{"level":"info","message":"Initialising file paths with browser & version","timestamp":"2014-10-08T13:56:28.215Z"}
{"level":"info","message":"Initialising file paths with browser & version","timestamp":"2014-10-08T13:56:28.215Z"}
{"level":"info","message":"Initialising file paths with browser & version","timestamp":"2014-10-08T13:56:28.215Z"}
{"level":"info","message":"Initialising file paths with browser & version","timestamp":"2014-10-08T13:56:28.215Z"}
{"level":"info","message":"Initialising file paths with browser & version","timestamp":"2014-10-08T13:56:28.215Z"}
{"level":"info","message":"Initialising jasmine tests","timestamp":"2014-10-08T13:56:28.199Z"}
{"inline":{},"popover":{},"indiscriminate":{},"progressWrapper":{"parentElementArrayFinder":{"locator_":{"using":"css selector","value":".zoe-progress-wrapper"}},"elementArrayFinder_":{"locator_":{"$ref":"$[\"progressWrapper\"][\"parentElementArrayFinder\"][\"locator_\"]"}}},"widgetOverlay":{"parentElementArrayFinder":{"locator_":{"using":"css selector","value":"#zoe-zbox-overlay"}},"elementArrayFinder_":{"locator_":{"$ref":"$[\"widgetOverlay\"][\"parentElementArrayFinder\"][\"locator_\"]"}}},"widgetTrigger":{"parentElementArrayFinder":{"locator_":{"using":"css selector","value":".zoe-engage-trigger>img"}},"elementArrayFinder_":{"locator_":{"$ref":"$[\"widgetTrigger\"][\"parentElementArrayFinder\"][\"locator_\"]"}}},"widgetColorbox":{"parentElementArrayFinder":{"locator_":{"using":"css selector","value":"#zoe-zbox-content"}},"elementArrayFinder_":{"locator_":{"$ref":"$[\"widgetColorbox\"][\"parentElementArrayFinder\"][\"locator_\"]"}}},"helpButton":{"parentElementArrayFinder":{"locator_":{"using":"css selector","value":".zoe-btn-help"}},"elementArrayFinder_":{"locator_":{"$ref":"$[\"helpButton\"][\"parentElementArrayFinder\"][\"locator_\"]"}}},"helpElement":{"parentElementArrayFinder":{"locator_":{"using":"css selector","value":".zoe-help-overlay"}},"elementArrayFinder_":{"locator_":{"$ref":"$[\"helpElement\"][\"parentElementArrayFinder\"][\"locator_\"]"}}},"zoomButton":{"parentElementArrayFinder":{"locator_":{"using":"css selector","value":".zoe-btn-zoom"}},"elementArrayFinder_":{"locator_":{"$ref":"$[\"zoomButton\"][\"parentElementArrayFinder\"][\"locator_\"]"}}},"zoomElement":{"parentElementArrayFinder":{"locator_":{"using":"css selector","value":".zoe-zoom"}},"elementArrayFinder_":{"locator_":{"$ref":"$[\"zoomElement\"][\"parentElementArrayFinder\"][\"locator_\"]"}}},"zoomImage":{"parentElementArrayFinder":{"locator_":{"using":"css selector","value":".zoe-zoom-frame"}},"elementArrayFinder_":{"locator_":{"$ref":"$[\"zoomImage\"][\"parentElementArrayFinder\"][\"locator_\"]"}}},"closeButton":{"parentElementArrayFinder":{"locator_":{"using":"css selector","value":".zoe-btn-close"}},"elementArrayFinder_":{"locator_":{"$ref":"$[\"closeButton\"][\"parentElementArrayFinder\"][\"locator_\"]"}}},"widgetImageDiv":{"parentElementArrayFinder":{"locator_":{"using":"css selector","value":".zoe-engage-image.reel"}},"elementArrayFinder_":{"locator_":{"$ref":"$[\"widgetImageDiv\"][\"parentElementArrayFinder\"][\"locator_\"]"}}},"inlineDivSelector":{"parentElementArrayFinder":{"locator_":{"using":"css selector","value":".zoe-inline.reel"}},"elementArrayFinder_":{"locator_":{"$ref":"$[\"inlineDivSelector\"][\"parentElementArrayFinder\"][\"locator_\"]"}}},"widgetWrapperSelector":{"parentElementArrayFinder":{"locator_":{"using":"css selector","value":".zoe-engage-wrapper"}},"elementArrayFinder_":{"locator_":{"$ref":"$[\"widgetWrapperSelector\"][\"parentElementArrayFinder\"][\"locator_\"]"}}},"widgetWrapperImage":{"parentElementArrayFinder":{"locator_":{"using":"css selector","value":".zoe-frame"}},"elementArrayFinder_":{"locator_":{"$ref":"$[\"widgetWrapperImage\"][\"parentElementArrayFinder\"][\"locator_\"]"}}},"pageImageSelector":{"parentElementArrayFinder":{"locator_":{"using":"css selector","value":".zoe-engage-wrapper"}},"elementArrayFinder_":{"locator_":{"$ref":"$[\"pageImageSelector\"][\"parentElementArrayFinder\"][\"locator_\"]"}}},"inlineTrigger":{"parentElementArrayFinder":{"locator_":{"using":"css selector","value":"a.zoe-engage-trigger"}},"elementArrayFinder_":{"locator_":{"$ref":"$[\"inlineTrigger\"][\"parentElementArrayFinder\"][\"locator_\"]"}}},"inlineWrapper":{"parentElementArrayFinder":{"locator_":{"using":"css selector","value":".zoe-engage-wrapper.zoe-inline"}},"elementArrayFinder_":{"locator_":{"$ref":"$[\"inlineWrapper\"][\"parentElementArrayFinder\"][\"locator_\"]"}}},"frameSelector":{"parentElementArrayFinder":{"locator_":{"using":"css selector","value":".zoe-frame"}},"elementArrayFinder_":{"locator_":{"$ref":"$[\"frameSelector\"][\"parentElementArrayFinder\"][\"locator_\"]"}}},"interactCTA":{"parentElementArrayFinder":{"locator_":{"using":"css selector","value":".zoe-interact-cta"}},"elementArrayFinder_":{"locator_":{"$ref":"$[\"interactCTA\"][\"parentElementArrayFinder\"][\"locator_\"]"}}},"triggerCTA":{"parentElementArrayFinder":{"locator_":{"using":"css selector","value":".zoe-trigger-cta"}},"elementArrayFinder_":{"locator_":{"$ref":"$[\"triggerCTA\"][\"parentElementArrayFinder\"][\"locator_\"]"}}},"helpRotate":{"parentElementArrayFinder":{"locator_":{"using":"css selector","value":".zoe-help-rotate .zoe-help-text"}},"elementArrayFinder_":{"locator_":{"$ref":"$[\"helpRotate\"][\"parentElementArrayFinder\"][\"locator_\"]"}}},"helpElevate":{"parentElementArrayFinder":{"locator_":{"using":"css selector","value":".zoe-help-elevate .zoe-help-text"}},"elementArrayFinder_":{"locator_":{"$ref":"$[\"helpElevate\"][\"parentElementArrayFinder\"][\"locator_\"]"}}},"helpZoom":{"parentElementArrayFinder":{"locator_":{"using":"css selector","value":".zoe-help-zoom .zoe-help-text"}},"elementArrayFinder_":{"locator_":{"$ref":"$[\"helpZoom\"][\"parentElementArrayFinder\"][\"locator_\"]"}}},"helpBrand":{"parentElementArrayFinder":{"locator_":{"using":"css selector","value":".zoe-help-brand .zoe-help-text"}},"elementArrayFinder_":{"locator_":{"$ref":"$[\"helpBrand\"][\"parentElementArrayFinder\"][\"locator_\"]"}}},"extraContent":{"parentElementArrayFinder":{"locator_":{"using":"css selector","value":".zoe-display-extra-content"}},"elementArrayFinder_":{"locator_":{"$ref":"$[\"extraContent\"][\"parentElementArrayFinder\"][\"locator_\"]"}}},"level":"debug","message":"elementFinder is ","timestamp":"2014-10-08T13:56:28.201Z"}
{"level":"info","message":"Initialising file paths with browser & version","timestamp":"2014-10-08T13:56:28.209Z"}
{"level":"info","message":"Initialising file paths with browser & version","timestamp":"2014-10-08T13:56:28.209Z"}
{"level":"info","message":"Initialising file paths with browser & version","timestamp":"2014-10-08T13:56:28.209Z"}
{"level":"info","message":"Initialising file paths with browser & version","timestamp":"2014-10-08T13:56:28.209Z"}
{"level":"info","message":"Initialising file paths with browser & version","timestamp":"2014-10-08T13:56:28.209Z"}
{"level":"info","message":"Initialising file paths with browser & version","timestamp":"2014-10-08T13:56:28.209Z"}
{"level":"info","message":"Initialising file paths with browser & version","timestamp":"2014-10-08T13:56:28.214Z"}
{"level":"info","message":"Initialising file paths with browser & version","timestamp":"2014-10-08T13:56:28.215Z"}
{"level":"info","message":"Initialising file paths with browser & version","timestamp":"2014-10-08T13:56:28.215Z"}
{"level":"info","message":"Initialising file paths with browser & version","timestamp":"2014-10-08T13:56:28.215Z"}
{"level":"info","message":"Initialising file paths with browser & version","timestamp":"2014-10-08T13:56:28.215Z"}
{"level":"info","message":"Initialising file paths with browser & version","timestamp":"2014-10-08T13:56:28.215Z"}
{"level":"info","message":"Initialising jasmine tests","timestamp":"2014-10-08T13:56:28.207Z"}
{"inline":{},"popover":{},"indiscriminate":{},"progressWrapper":{"parentElementArrayFinder":{"locator_":{"using":"css selector","value":".zoe-progress-wrapper"}},"elementArrayFinder_":{"locator_":{"$ref":"$[\"progressWrapper\"][\"parentElementArrayFinder\"][\"locator_\"]"}}},"widgetOverlay":{"parentElementArrayFinder":{"locator_":{"using":"css selector","value":"#zoe-zbox-overlay"}},"elementArrayFinder_":{"locator_":{"$ref":"$[\"widgetOverlay\"][\"parentElementArrayFinder\"][\"locator_\"]"}}},"widgetTrigger":{"parentElementArrayFinder":{"locator_":{"using":"css selector","value":".zoe-engage-trigger>img"}},"elementArrayFinder_":{"locator_":{"$ref":"$[\"widgetTrigger\"][\"parentElementArrayFinder\"][\"locator_\"]"}}},"widgetColorbox":{"parentElementArrayFinder":{"locator_":{"using":"css selector","value":"#zoe-zbox-content"}},"elementArrayFinder_":{"locator_":{"$ref":"$[\"widgetColorbox\"][\"parentElementArrayFinder\"][\"locator_\"]"}}},"helpButton":{"parentElementArrayFinder":{"locator_":{"using":"css selector","value":".zoe-btn-help"}},"elementArrayFinder_":{"locator_":{"$ref":"$[\"helpButton\"][\"parentElementArrayFinder\"][\"locator_\"]"}}},"helpElement":{"parentElementArrayFinder":{"locator_":{"using":"css selector","value":".zoe-help-overlay"}},"elementArrayFinder_":{"locator_":{"$ref":"$[\"helpElement\"][\"parentElementArrayFinder\"][\"locator_\"]"}}},"zoomButton":{"parentElementArrayFinder":{"locator_":{"using":"css selector","value":".zoe-btn-zoom"}},"elementArrayFinder_":{"locator_":{"$ref":"$[\"zoomButton\"][\"parentElementArrayFinder\"][\"locator_\"]"}}},"zoomElement":{"parentElementArrayFinder":{"locator_":{"using":"css selector","value":".zoe-zoom"}},"elementArrayFinder_":{"locator_":{"$ref":"$[\"zoomElement\"][\"parentElementArrayFinder\"][\"locator_\"]"}}},"zoomImage":{"parentElementArrayFinder":{"locator_":{"using":"css selector","value":".zoe-zoom-frame"}},"elementArrayFinder_":{"locator_":{"$ref":"$[\"zoomImage\"][\"parentElementArrayFinder\"][\"locator_\"]"}}},"closeButton":{"parentElementArrayFinder":{"locator_":{"using":"css selector","value":".zoe-btn-close"}},"elementArrayFinder_":{"locator_":{"$ref":"$[\"closeButton\"][\"parentElementArrayFinder\"][\"locator_\"]"}}},"widgetImageDiv":{"parentElementArrayFinder":{"locator_":{"using":"css selector","value":".zoe-engage-image.reel"}},"elementArrayFinder_":{"locator_":{"$ref":"$[\"widgetImageDiv\"][\"parentElementArrayFinder\"][\"locator_\"]"}}},"inlineDivSelector":{"parentElementArrayFinder":{"locator_":{"using":"css selector","value":".zoe-inline.reel"}},"elementArrayFinder_":{"locator_":{"$ref":"$[\"inlineDivSelector\"][\"parentElementArrayFinder\"][\"locator_\"]"}}},"widgetWrapperSelector":{"parentElementArrayFinder":{"locator_":{"using":"css selector","value":".zoe-engage-wrapper"}},"elementArrayFinder_":{"locator_":{"$ref":"$[\"widgetWrapperSelector\"][\"parentElementArrayFinder\"][\"locator_\"]"}}},"widgetWrapperImage":{"parentElementArrayFinder":{"locator_":{"using":"css selector","value":".zoe-frame"}},"elementArrayFinder_":{"locator_":{"$ref":"$[\"widgetWrapperImage\"][\"parentElementArrayFinder\"][\"locator_\"]"}}},"pageImageSelector":{"parentElementArrayFinder":{"locator_":{"using":"css selector","value":".zoe-engage-wrapper"}},"elementArrayFinder_":{"locator_":{"$ref":"$[\"pageImageSelector\"][\"parentElementArrayFinder\"][\"locator_\"]"}}},"inlineTrigger":{"parentElementArrayFinder":{"locator_":{"using":"css selector","value":"a.zoe-engage-trigger"}},"elementArrayFinder_":{"locator_":{"$ref":"$[\"inlineTrigger\"][\"parentElementArrayFinder\"][\"locator_\"]"}}},"inlineWrapper":{"parentElementArrayFinder":{"locator_":{"using":"css selector","value":".zoe-engage-wrapper.zoe-inline"}},"elementArrayFinder_":{"locator_":{"$ref":"$[\"inlineWrapper\"][\"parentElementArrayFinder\"][\"locator_\"]"}}},"frameSelector":{"parentElementArrayFinder":{"locator_":{"using":"css selector","value":".zoe-frame"}},"elementArrayFinder_":{"locator_":{"$ref":"$[\"frameSelector\"][\"parentElementArrayFinder\"][\"locator_\"]"}}},"interactCTA":{"parentElementArrayFinder":{"locator_":{"using":"css selector","value":".zoe-interact-cta"}},"elementArrayFinder_":{"locator_":{"$ref":"$[\"interactCTA\"][\"parentElementArrayFinder\"][\"locator_\"]"}}},"triggerCTA":{"parentElementArrayFinder":{"locator_":{"using":"css selector","value":".zoe-trigger-cta"}},"elementArrayFinder_":{"locator_":{"$ref":"$[\"triggerCTA\"][\"parentElementArrayFinder\"][\"locator_\"]"}}},"helpRotate":{"parentElementArrayFinder":{"locator_":{"using":"css selector","value":".zoe-help-rotate .zoe-help-text"}},"elementArrayFinder_":{"locator_":{"$ref":"$[\"helpRotate\"][\"parentElementArrayFinder\"][\"locator_\"]"}}},"helpElevate":{"parentElementArrayFinder":{"locator_":{"using":"css selector","value":".zoe-help-elevate .zoe-help-text"}},"elementArrayFinder_":{"locator_":{"$ref":"$[\"helpElevate\"][\"parentElementArrayFinder\"][\"locator_\"]"}}},"helpZoom":{"parentElementArrayFinder":{"locator_":{"using":"css selector","value":".zoe-help-zoom .zoe-help-text"}},"elementArrayFinder_":{"locator_":{"$ref":"$[\"helpZoom\"][\"parentElementArrayFinder\"][\"locator_\"]"}}},"helpBrand":{"parentElementArrayFinder":{"locator_":{"using":"css selector","value":".zoe-help-brand .zoe-help-text"}},"elementArrayFinder_":{"locator_":{"$ref":"$[\"helpBrand\"][\"parentElementArrayFinder\"][\"locator_\"]"}}},"extraContent":{"parentElementArrayFinder":{"locator_":{"using":"css selector","value":".zoe-display-extra-content"}},"elementArrayFinder_":{"locator_":{"$ref":"$[\"extraContent\"][\"parentElementArrayFinder\"][\"locator_\"]"}}},"level":"debug","message":"elementFinder is ","timestamp":"2014-10-08T13:56:28.210Z"}
{"level":"info","message":"Initialising file paths with browser & version","timestamp":"2014-10-08T13:56:28.217Z"}
{"level":"info","message":"Initialising file paths with browser & version","timestamp":"2014-10-08T13:56:28.217Z"}
{"level":"info","message":"Initialising file paths with browser & version","timestamp":"2014-10-08T13:56:28.217Z"}
{"level":"info","message":"Initialising file paths with browser & version","timestamp":"2014-10-08T13:56:28.217Z"}
{"level":"info","message":"Initialising file paths with browser & version","timestamp":"2014-10-08T13:56:28.217Z"}
{"level":"info","message":"Initialising file paths with browser & version","timestamp":"2014-10-08T13:56:28.218Z"}
{"level":"info","message":"Initialising file paths with browser & version","timestamp":"2014-10-08T13:56:28.225Z"}
{"level":"info","message":"Initialising file paths with browser & version","timestamp":"2014-10-08T13:56:28.226Z"}
{"level":"info","message":"Initialising file paths with browser & version","timestamp":"2014-10-08T13:56:28.226Z"}
{"level":"info","message":"Initialising file paths with browser & version","timestamp":"2014-10-08T13:56:28.226Z"}
{"level":"info","message":"Initialising file paths with browser & version","timestamp":"2014-10-08T13:56:28.226Z"}
{"level":"info","message":"Initialising file paths with browser & version","timestamp":"2014-10-08T13:56:28.226Z"}
{"takesScreenshot":true,"webdriver.remote.sessionid":"4b9314b0192e490083c317d1985a1589","unexpectedAlertBehaviour":"dismiss","ie.browserCommandLineSwitches":"","browserAttachTimeout":0,"ie.ensureCleanSession":false,"ignoreProtectedModeSettings":false,"platform":"WINDOWS","version":"11","ignoreZoomSetting":false,"nativeEvents":true,"handlesAlerts":true,"javascriptEnabled":true,"requireWindowFocus":false,"ie.usePerProcessProxy":false,"hasMetadata":true,"initialBrowserUrl":"http://localhost:5186/","enableElementCacheCleanup":true,"cssSelectorsEnabled":true,"browserName":"internet explorer","elementScrollBehavior":0,"enablePersistentHover":true,"ie.forceCreateProcessApi":false,"level":"info","message":"","timestamp":"2014-10-08T13:56:36.412Z"}
{"level":"info","message":"undefined","timestamp":"2014-10-08T13:56:36.413Z"}
{"level":"info","message":"Initialising file paths with browser & version","timestamp":"2014-10-08T13:56:36.413Z"}
{"level":"info","message":"Initialising file paths with browser & version","timestamp":"2014-10-08T13:56:36.413Z"}
{"level":"info","message":"Initialising file paths with browser & version","timestamp":"2014-10-08T13:56:36.414Z"}
{"level":"info","message":"Initialising file paths with browser & version","timestamp":"2014-10-08T13:56:36.414Z"}
{"level":"info","message":"Initialising file paths with browser & version","timestamp":"2014-10-08T13:56:36.414Z"}
{"level":"info","message":"Initialising file paths with browser & version","timestamp":"2014-10-08T13:56:36.414Z"}
{"level":"info","message":"Initialising file paths with browser & version","timestamp":"2014-10-08T13:56:36.414Z"}
{"level":"info","message":"Initialising file paths with browser & version","timestamp":"2014-10-08T13:56:36.414Z"}
{"level":"info","message":"Initialising file paths with browser & version","timestamp":"2014-10-08T13:56:36.414Z"}
{"level":"info","message":"Initialising file paths with browser & version","timestamp":"2014-10-08T13:56:36.414Z"}
{"level":"info","message":"Initialising file paths with browser & version","timestamp":"2014-10-08T13:56:36.414Z"}
{"level":"info","message":"Initialising file paths with browser & version","timestamp":"2014-10-08T13:56:36.414Z"}
{"level":"info","message":"Initialising file paths with browser & version","timestamp":"2014-10-08T13:56:36.414Z"}
{"level":"info","message":"Initialising file paths with browser & version","timestamp":"2014-10-08T13:56:36.414Z"}
{"level":"info","message":"Initialising file paths with browser & version","timestamp":"2014-10-08T13:56:36.414Z"}
{"level":"info","message":"Initialising file paths with browser & version","timestamp":"2014-10-08T13:56:36.414Z"}
{"level":"info","message":"Initialising file paths with browser & version","timestamp":"2014-10-08T13:56:36.414Z"}
{"level":"info","message":"Initialising file paths with browser & version","timestamp":"2014-10-08T13:56:36.414Z"}
{"level":"info","message":"Initialising file paths with browser & version","timestamp":"2014-10-08T13:56:36.415Z"}
{"level":"info","message":"Initialising file paths with browser & version","timestamp":"2014-10-08T13:56:36.415Z"}
{"level":"info","message":"Initialising file paths with browser & version","timestamp":"2014-10-08T13:56:36.415Z"}
{"level":"info","message":"Opening URL: http://jenkins.zoetrope.io:8888/v3/testInline.html","timestamp":"2014-10-08T13:56:36.835Z"}
{"rotatable":false,"browserConnectionEnabled":false,"acceptSslCerts":true,"cssSelectorsEnabled":true,"chrome":{"chromedriverVersion":"2.4.226107"},"javascriptEnabled":true,"version":"30.0.1599.65","webdriver.remote.sessionid":"2c1d1cef7c144cd4b61bccc3e374888f","databaseEnabled":true,"locationContextEnabled":true,"platform":"Windows NT","browserName":"chrome","takesScreenshot":true,"hasMetadata":true,"nativeEvents":true,"applicationCacheEnabled":false,"webStorageEnabled":true,"handlesAlerts":true,"level":"info","message":"","timestamp":"2014-10-08T13:56:40.933Z"}
{"level":"info","message":"undefined","timestamp":"2014-10-08T13:56:40.934Z"}
{"level":"info","message":"Initialising file paths with browser & version","timestamp":"2014-10-08T13:56:40.935Z"}
{"level":"info","message":"Initialising file paths with browser & version","timestamp":"2014-10-08T13:56:40.935Z"}
{"level":"info","message":"Initialising file paths with browser & version","timestamp":"2014-10-08T13:56:40.935Z"}
{"level":"info","message":"Initialising file paths with browser & version","timestamp":"2014-10-08T13:56:40.935Z"}
{"level":"info","message":"Initialising file paths with browser & version","timestamp":"2014-10-08T13:56:40.935Z"}
{"level":"info","message":"Initialising file paths with browser & version","timestamp":"2014-10-08T13:56:40.935Z"}
{"level":"info","message":"Initialising file paths with browser & version","timestamp":"2014-10-08T13:56:40.935Z"}
{"level":"info","message":"Initialising file paths with browser & version","timestamp":"2014-10-08T13:56:40.935Z"}
{"level":"info","message":"Initialising file paths with browser & version","timestamp":"2014-10-08T13:56:40.935Z"}
{"level":"info","message":"Initialising file paths with browser & version","timestamp":"2014-10-08T13:56:40.935Z"}
{"level":"info","message":"Initialising file paths with browser & version","timestamp":"2014-10-08T13:56:40.935Z"}
{"level":"info","message":"Initialising file paths with browser & version","timestamp":"2014-10-08T13:56:40.935Z"}
{"level":"info","message":"Initialising file paths with browser & version","timestamp":"2014-10-08T13:56:40.935Z"}
{"level":"info","message":"Initialising file paths with browser & version","timestamp":"2014-10-08T13:56:40.935Z"}
{"level":"info","message":"Initialising file paths with browser & version","timestamp":"2014-10-08T13:56:40.936Z"}
{"level":"info","message":"Initialising file paths with browser & version","timestamp":"2014-10-08T13:56:40.936Z"}
{"level":"info","message":"Initialising file paths with browser & version","timestamp":"2014-10-08T13:56:40.936Z"}
{"level":"info","message":"Initialising file paths with browser & version","timestamp":"2014-10-08T13:56:40.936Z"}
{"level":"info","message":"Initialising file paths with browser & version","timestamp":"2014-10-08T13:56:40.936Z"}
{"level":"info","message":"Initialising file paths with browser & version","timestamp":"2014-10-08T13:56:40.936Z"}
{"level":"info","message":"Initialising file paths with browser & version","timestamp":"2014-10-08T13:56:40.936Z"}
{"level":"info","message":"Opening URL: http://jenkins.zoetrope.io:8888/v3/testInline.html","timestamp":"2014-10-08T13:56:41.343Z"}
{"level":"info","message":"Saving screenshot to images/load.jpgpopover0.png","timestamp":"2014-10-08T13:56:42.418Z"}
{"level":"info","message":"Saving screenshot to images/load.jpgpopover0.png","timestamp":"2014-10-08T13:56:47.229Z"}
{"level":"info","message":"Saved screenshot","timestamp":"2014-10-08T13:56:47.716Z"}
{"level":"info","message":"Clicking the help button","timestamp":"2014-10-08T13:56:47.748Z"}
{"parentElementArrayFinder":{"locator_":{"using":"css selector","value":".zoe-btn-help"}},"elementArrayFinder_":{"locator_":{"$ref":"$[\"parentElementArrayFinder\"][\"locator_\"]"}},"level":"info","message":"help button is","timestamp":"2014-10-08T13:56:47.752Z"}
{"level":"info","message":"Saved screenshot","timestamp":"2014-10-08T13:56:50.972Z"}
{"level":"info","message":"Clicking the help button","timestamp":"2014-10-08T13:56:51.009Z"}
{"parentElementArrayFinder":{"locator_":{"using":"css selector","value":".zoe-btn-help"}},"elementArrayFinder_":{"locator_":{"$ref":"$[\"parentElementArrayFinder\"][\"locator_\"]"}},"level":"info","message":"help button is","timestamp":"2014-10-08T13:56:51.012Z"}
{"level":"info","message":"Got help style of ","timestamp":"2014-10-08T13:56:52.168Z"}
{"level":"info","message":"Saving screenshot to images/help.jpgpopover0.png","timestamp":"2014-10-08T13:56:52.213Z"}
{"level":"info","message":"Got help style of ","timestamp":"2014-10-08T13:56:54.930Z"}
{"level":"info","message":"Saved screenshot","timestamp":"2014-10-08T13:56:54.945Z"}
{"level":"info","message":"Saving screenshot to images/help.jpgpopover0.png","timestamp":"2014-10-08T13:56:54.972Z"}
{"level":"info","message":"Clicking the help button","timestamp":"2014-10-08T13:56:54.995Z"}
{"parentElementArrayFinder":{"locator_":{"using":"css selector","value":".zoe-btn-help"}},"elementArrayFinder_":{"locator_":{"$ref":"$[\"parentElementArrayFinder\"][\"locator_\"]"}},"level":"info","message":"help button is","timestamp":"2014-10-08T13:56:54.998Z"}
{"level":"info","message":"Saved screenshot","timestamp":"2014-10-08T13:56:56.508Z"}
{"level":"info","message":"Clicking the help button","timestamp":"2014-10-08T13:56:56.550Z"}
{"parentElementArrayFinder":{"locator_":{"using":"css selector","value":".zoe-btn-help"}},"elementArrayFinder_":{"locator_":{"$ref":"$[\"parentElementArrayFinder\"][\"locator_\"]"}},"level":"info","message":"help button is","timestamp":"2014-10-08T13:56:56.553Z"}
{"level":"info","message":"Got help style of display: none;","timestamp":"2014-10-08T13:56:57.111Z"}
{"level":"info","message":"Saving screenshot to images/helpClose.jpgpopover0.png","timestamp":"2014-10-08T13:56:57.153Z"}
{"level":"info","message":"Saved screenshot","timestamp":"2014-10-08T13:56:58.119Z"}
{"level":"info","message":"Clicking the zoom button","timestamp":"2014-10-08T13:56:58.176Z"}
{"level":"info","message":"Saving screenshot to images/zoom.jpgpopover0.png","timestamp":"2014-10-08T13:56:58.181Z"}
{"level":"info","message":"Got help style of display: none;","timestamp":"2014-10-08T13:56:58.750Z"}
{"level":"info","message":"Saving screenshot to images/helpClose.jpgpopover0.png","timestamp":"2014-10-08T13:56:58.792Z"}
{"level":"info","message":"Saved screenshot","timestamp":"2014-10-08T13:57:01.767Z"}
{"level":"info","message":"Clicking the zoom button","timestamp":"2014-10-08T13:57:01.826Z"}
{"level":"info","message":"Saving screenshot to images/zoom.jpgpopover0.png","timestamp":"2014-10-08T13:57:01.831Z"}
{"level":"info","message":"Saved screenshot","timestamp":"2014-10-08T13:57:02.635Z"}
{"level":"info","message":"Clicking the zoom button","timestamp":"2014-10-08T13:57:02.656Z"}
{"level":"info","message":"Saving screenshot to images/zoomClose.jpgpopover0.png","timestamp":"2014-10-08T13:57:02.660Z"}
{"level":"info","message":"Saved screenshot","timestamp":"2014-10-08T13:57:08.414Z"}
{"level":"info","message":"Clicking the zoom button","timestamp":"2014-10-08T13:57:08.427Z"}
{"level":"info","message":"Saving screenshot to images/zoomClose.jpgpopover0.png","timestamp":"2014-10-08T13:57:08.431Z"}
{"level":"info","message":"Saved screenshot","timestamp":"2014-10-08T13:57:10.158Z"}
{"level":"info","message":"Opening URL: http://jenkins.zoetrope.io:8888/v3/testPopover.html","timestamp":"2014-10-08T13:57:10.169Z"}
{"level":"info","message":"Saving screenshot to images/load.jpgpopover0.png","timestamp":"2014-10-08T13:57:11.403Z"}
{"level":"info","message":"Saved screenshot","timestamp":"2014-10-08T13:57:11.830Z"}
{"level":"info","message":"Opening URL: http://jenkins.zoetrope.io:8888/v3/testPopover.html","timestamp":"2014-10-08T13:57:11.848Z"}
{"level":"info","message":"Saving screenshot to images/load.jpgpopover0.png","timestamp":"2014-10-08T13:57:14.429Z"}
{"level":"info","message":"Saved screenshot","timestamp":"2014-10-08T13:57:15.289Z"}
{"level":"info","message":"Clicking on widget trigger","timestamp":"2014-10-08T13:57:15.329Z"}
{"level":"info","message":"Saved screenshot","timestamp":"2014-10-08T13:57:16.435Z"}
{"level":"info","message":"Clicking on widget trigger","timestamp":"2014-10-08T13:57:16.465Z"}
{"level":"info","message":"Saving screenshot to images/openWidget.jpgpopover0.png","timestamp":"2014-10-08T13:57:17.149Z"}
{"level":"info","message":"Saving screenshot to images/openWidget.jpgpopover0.png","timestamp":"2014-10-08T13:57:17.839Z"}
{"level":"info","message":"Saved screenshot","timestamp":"2014-10-08T13:57:19.848Z"}
{"level":"info","message":"Clicking the help button","timestamp":"2014-10-08T13:57:19.899Z"}
{"parentElementArrayFinder":{"locator_":{"using":"css selector","value":".zoe-btn-help"}},"elementArrayFinder_":{"locator_":{"$ref":"$[\"parentElementArrayFinder\"][\"locator_\"]"}},"level":"info","message":"help button is","timestamp":"2014-10-08T13:57:19.903Z"}
{"level":"info","message":"Saved screenshot","timestamp":"2014-10-08T13:57:21.074Z"}
{"level":"info","message":"Clicking the help button","timestamp":"2014-10-08T13:57:21.104Z"}
{"parentElementArrayFinder":{"locator_":{"using":"css selector","value":".zoe-btn-help"}},"elementArrayFinder_":{"locator_":{"$ref":"$[\"parentElementArrayFinder\"][\"locator_\"]"}},"level":"info","message":"help button is","timestamp":"2014-10-08T13:57:21.108Z"}
{"level":"info","message":"Got help style of ","timestamp":"2014-10-08T13:57:23.294Z"}
{"level":"info","message":"Saving screenshot to images/help.jpgpopover0.png","timestamp":"2014-10-08T13:57:23.341Z"}
{"level":"info","message":"Got help style of ","timestamp":"2014-10-08T13:57:23.721Z"}
{"level":"info","message":"Saving screenshot to images/help.jpgpopover0.png","timestamp":"2014-10-08T13:57:23.764Z"}
{"level":"info","message":"Saved screenshot","timestamp":"2014-10-08T13:57:25.139Z"}
{"level":"info","message":"Clicking the help button","timestamp":"2014-10-08T13:57:25.182Z"}
{"parentElementArrayFinder":{"locator_":{"using":"css selector","value":".zoe-btn-help"}},"elementArrayFinder_":{"locator_":{"$ref":"$[\"parentElementArrayFinder\"][\"locator_\"]"}},"level":"info","message":"help button is","timestamp":"2014-10-08T13:57:25.185Z"}
{"level":"info","message":"Saved screenshot","timestamp":"2014-10-08T13:57:27.340Z"}
{"level":"info","message":"Got help style of display: none;","timestamp":"2014-10-08T13:57:27.376Z"}
{"level":"info","message":"Clicking the help button","timestamp":"2014-10-08T13:57:27.383Z"}
{"parentElementArrayFinder":{"locator_":{"using":"css selector","value":".zoe-btn-help"}},"elementArrayFinder_":{"locator_":{"$ref":"$[\"parentElementArrayFinder\"][\"locator_\"]"}},"level":"info","message":"help button is","timestamp":"2014-10-08T13:57:27.387Z"}
{"level":"info","message":"Saving screenshot to images/helpClose.jpgpopover0.png","timestamp":"2014-10-08T13:57:27.418Z"}
{"level":"info","message":"Saved screenshot","timestamp":"2014-10-08T13:57:29.183Z"}
{"level":"info","message":"Clicking the zoom button","timestamp":"2014-10-08T13:57:29.240Z"}
{"level":"info","message":"Saving screenshot to images/zoom.jpgpopover0.png","timestamp":"2014-10-08T13:57:29.244Z"}
{"level":"info","message":"Got help style of display: none;","timestamp":"2014-10-08T13:57:29.824Z"}
{"level":"info","message":"Saving screenshot to images/helpClose.jpgpopover0.png","timestamp":"2014-10-08T13:57:29.865Z"}
{"level":"info","message":"Saved screenshot","timestamp":"2014-10-08T13:57:33.918Z"}
{"level":"info","message":"Clicking the zoom button","timestamp":"2014-10-08T13:57:33.929Z"}
{"level":"info","message":"Saving screenshot to images/zoomClose.jpgpopover0.png","timestamp":"2014-10-08T13:57:33.933Z"}
{"level":"info","message":"Saved screenshot","timestamp":"2014-10-08T13:57:34.033Z"}
{"level":"info","message":"Clicking the zoom button","timestamp":"2014-10-08T13:57:34.090Z"}
{"level":"info","message":"Saving screenshot to images/zoom.jpgpopover0.png","timestamp":"2014-10-08T13:57:34.095Z"}
{"level":"info","message":"Saved screenshot","timestamp":"2014-10-08T13:57:37.343Z"}
{"level":"info","message":"Saved screenshot","timestamp":"2014-10-08T13:57:43.512Z"}
{"level":"info","message":"Clicking the zoom button","timestamp":"2014-10-08T13:57:43.522Z"}
{"level":"info","message":"Saving screenshot to images/zoomClose.jpgpopover0.png","timestamp":"2014-10-08T13:57:43.526Z"}
{"level":"info","message":"Saved screenshot","timestamp":"2014-10-08T13:57:50.399Z"}
{"rotatable":false,"browserConnectionEnabled":true,"acceptSslCerts":true,"cssSelectorsEnabled":true,"javascriptEnabled":true,"nativeEvents":true,"databaseEnabled":true,"locationContextEnabled":true,"takesScreenshot":true,"platform":"XP","browserName":"firefox","webdriver.remote.sessionid":"39fa230841774171b5ee2f767db49ca1","hasMetadata":true,"version":"27.0","applicationCacheEnabled":true,"webStorageEnabled":true,"handlesAlerts":true,"level":"info","message":"","timestamp":"2014-10-08T13:57:51.374Z"}
{"level":"info","message":"undefined","timestamp":"2014-10-08T13:57:51.375Z"}
{"level":"info","message":"Initialising file paths with browser & version","timestamp":"2014-10-08T13:57:51.375Z"}
{"level":"info","message":"Initialising file paths with browser & version","timestamp":"2014-10-08T13:57:51.375Z"}
{"level":"info","message":"Initialising file paths with browser & version","timestamp":"2014-10-08T13:57:51.376Z"}
{"level":"info","message":"Initialising file paths with browser & version","timestamp":"2014-10-08T13:57:51.376Z"}
{"level":"info","message":"Initialising file paths with browser & version","timestamp":"2014-10-08T13:57:51.376Z"}
{"level":"info","message":"Initialising file paths with browser & version","timestamp":"2014-10-08T13:57:51.376Z"}
{"level":"info","message":"Initialising file paths with browser & version","timestamp":"2014-10-08T13:57:51.376Z"}
{"level":"info","message":"Initialising file paths with browser & version","timestamp":"2014-10-08T13:57:51.376Z"}
{"level":"info","message":"Initialising file paths with browser & version","timestamp":"2014-10-08T13:57:51.376Z"}
{"level":"info","message":"Initialising file paths with browser & version","timestamp":"2014-10-08T13:57:51.376Z"}
{"level":"info","message":"Initialising file paths with browser & version","timestamp":"2014-10-08T13:57:51.376Z"}
{"level":"info","message":"Initialising file paths with browser & version","timestamp":"2014-10-08T13:57:51.376Z"}
{"level":"info","message":"Initialising file paths with browser & version","timestamp":"2014-10-08T13:57:51.376Z"}
{"level":"info","message":"Initialising file paths with browser & version","timestamp":"2014-10-08T13:57:51.376Z"}
{"level":"info","message":"Initialising file paths with browser & version","timestamp":"2014-10-08T13:57:51.376Z"}
{"level":"info","message":"Initialising file paths with browser & version","timestamp":"2014-10-08T13:57:51.376Z"}
{"level":"info","message":"Initialising file paths with browser & version","timestamp":"2014-10-08T13:57:51.376Z"}
{"level":"info","message":"Initialising file paths with browser & version","timestamp":"2014-10-08T13:57:51.376Z"}
{"level":"info","message":"Initialising file paths with browser & version","timestamp":"2014-10-08T13:57:51.376Z"}
{"level":"info","message":"Initialising file paths with browser & version","timestamp":"2014-10-08T13:57:51.376Z"}
{"level":"info","message":"Initialising file paths with browser & version","timestamp":"2014-10-08T13:57:51.377Z"}
{"level":"info","message":"Opening URL: http://jenkins.zoetrope.io:8888/v3/testInline.html","timestamp":"2014-10-08T13:57:51.777Z"}
{"level":"info","message":"Saving screenshot to images/load.jpgpopover0.png","timestamp":"2014-10-08T13:57:56.563Z"}
{"level":"info","message":"Saved screenshot","timestamp":"2014-10-08T13:57:57.747Z"}
{"level":"info","message":"Clicking the help button","timestamp":"2014-10-08T13:57:57.780Z"}
{"parentElementArrayFinder":{"locator_":{"using":"css selector","value":".zoe-btn-help"}},"elementArrayFinder_":{"locator_":{"$ref":"$[\"parentElementArrayFinder\"][\"locator_\"]"}},"level":"info","message":"help button is","timestamp":"2014-10-08T13:57:57.783Z"}
{"level":"info","message":"Got help style of ","timestamp":"2014-10-08T13:58:00.438Z"}
{"level":"info","message":"Saving screenshot to images/help.jpgpopover0.png","timestamp":"2014-10-08T13:58:00.484Z"}
{"level":"info","message":"Saved screenshot","timestamp":"2014-10-08T13:58:01.344Z"}
{"level":"info","message":"Clicking the help button","timestamp":"2014-10-08T13:58:01.387Z"}
{"parentElementArrayFinder":{"locator_":{"using":"css selector","value":".zoe-btn-help"}},"elementArrayFinder_":{"locator_":{"$ref":"$[\"parentElementArrayFinder\"][\"locator_\"]"}},"level":"info","message":"help button is","timestamp":"2014-10-08T13:58:01.391Z"}
{"level":"info","message":"Got help style of display: none;","timestamp":"2014-10-08T13:58:03.435Z"}
{"level":"info","message":"Saving screenshot to images/helpClose.jpgpopover0.png","timestamp":"2014-10-08T13:58:03.477Z"}
{"level":"info","message":"Saved screenshot","timestamp":"2014-10-08T13:58:04.339Z"}
{"level":"info","message":"Clicking the zoom button","timestamp":"2014-10-08T13:58:04.384Z"}
{"level":"info","message":"Saving screenshot to images/zoom.jpgpopover0.png","timestamp":"2014-10-08T13:58:04.389Z"}
{"level":"info","message":"Saved screenshot","timestamp":"2014-10-08T13:58:07.362Z"}
{"level":"info","message":"Clicking the zoom button","timestamp":"2014-10-08T13:58:07.394Z"}
{"level":"info","message":"Saving screenshot to images/zoomClose.jpgpopover0.png","timestamp":"2014-10-08T13:58:07.399Z"}
{"level":"info","message":"Saved screenshot","timestamp":"2014-10-08T13:58:09.866Z"}
{"level":"info","message":"Opening URL: http://jenkins.zoetrope.io:8888/v3/testPopover.html","timestamp":"2014-10-08T13:58:09.877Z"}
{"level":"info","message":"Saving screenshot to images/load.jpgpopover0.png","timestamp":"2014-10-08T13:58:10.929Z"}
{"level":"info","message":"Saved screenshot","timestamp":"2014-10-08T13:58:12.825Z"}
{"level":"info","message":"Clicking on widget trigger","timestamp":"2014-10-08T13:58:12.861Z"}
{"takesScreenshot":true,"version":"6.0.5","cssSelectorsEnabled":true,"javascriptEnabled":true,"browserName":"safari","platform":"MAC","secureSsl":true,"webdriver.remote.sessionid":"11711d1814b34f788246f6cdc217f220","hasMetadata":true,"level":"info","message":"","timestamp":"2014-10-08T13:58:13.006Z"}
{"level":"info","message":"undefined","timestamp":"2014-10-08T13:58:13.007Z"}
{"level":"info","message":"Initialising file paths with browser & version","timestamp":"2014-10-08T13:58:13.007Z"}
{"level":"info","message":"Initialising file paths with browser & version","timestamp":"2014-10-08T13:58:13.007Z"}
{"level":"info","message":"Initialising file paths with browser & version","timestamp":"2014-10-08T13:58:13.007Z"}
{"level":"info","message":"Initialising file paths with browser & version","timestamp":"2014-10-08T13:58:13.007Z"}
{"level":"info","message":"Initialising file paths with browser & version","timestamp":"2014-10-08T13:58:13.007Z"}
{"level":"info","message":"Initialising file paths with browser & version","timestamp":"2014-10-08T13:58:13.007Z"}
{"level":"info","message":"Initialising file paths with browser & version","timestamp":"2014-10-08T13:58:13.007Z"}
{"level":"info","message":"Initialising file paths with browser & version","timestamp":"2014-10-08T13:58:13.008Z"}
{"level":"info","message":"Initialising file paths with browser & version","timestamp":"2014-10-08T13:58:13.008Z"}
{"level":"info","message":"Initialising file paths with browser & version","timestamp":"2014-10-08T13:58:13.008Z"}
{"level":"info","message":"Initialising file paths with browser & version","timestamp":"2014-10-08T13:58:13.008Z"}
{"level":"info","message":"Initialising file paths with browser & version","timestamp":"2014-10-08T13:58:13.008Z"}
{"level":"info","message":"Initialising file paths with browser & version","timestamp":"2014-10-08T13:58:13.008Z"}
{"level":"info","message":"Initialising file paths with browser & version","timestamp":"2014-10-08T13:58:13.008Z"}
{"level":"info","message":"Initialising file paths with browser & version","timestamp":"2014-10-08T13:58:13.008Z"}
{"level":"info","message":"Initialising file paths with browser & version","timestamp":"2014-10-08T13:58:13.008Z"}
{"level":"info","message":"Initialising file paths with browser & version","timestamp":"2014-10-08T13:58:13.008Z"}
{"level":"info","message":"Initialising file paths with browser & version","timestamp":"2014-10-08T13:58:13.008Z"}
{"level":"info","message":"Initialising file paths with browser & version","timestamp":"2014-10-08T13:58:13.008Z"}
{"level":"info","message":"Initialising file paths with browser & version","timestamp":"2014-10-08T13:58:13.008Z"}
{"level":"info","message":"Initialising file paths with browser & version","timestamp":"2014-10-08T13:58:13.008Z"}
{"level":"info","message":"Opening URL: http://jenkins.zoetrope.io:8888/v3/testInline.html","timestamp":"2014-10-08T13:58:13.416Z"}
{"level":"info","message":"Saving screenshot to images/openWidget.jpgpopover0.png","timestamp":"2014-10-08T13:58:14.171Z"}
{"level":"info","message":"Saved screenshot","timestamp":"2014-10-08T13:58:16.651Z"}
{"level":"info","message":"Clicking the help button","timestamp":"2014-10-08T13:58:16.698Z"}
{"parentElementArrayFinder":{"locator_":{"using":"css selector","value":".zoe-btn-help"}},"elementArrayFinder_":{"locator_":{"$ref":"$[\"parentElementArrayFinder\"][\"locator_\"]"}},"level":"info","message":"help button is","timestamp":"2014-10-08T13:58:16.701Z"}
{"level":"info","message":"Saving screenshot to images/load.jpgpopover0.png","timestamp":"2014-10-08T13:58:18.388Z"}
{"level":"info","message":"Got help style of ","timestamp":"2014-10-08T13:58:18.957Z"}
{"level":"info","message":"Saving screenshot to images/help.jpgpopover0.png","timestamp":"2014-10-08T13:58:19.003Z"}
{"level":"info","message":"Saved screenshot","timestamp":"2014-10-08T13:58:20.542Z"}
{"level":"info","message":"Clicking the help button","timestamp":"2014-10-08T13:58:20.577Z"}
{"parentElementArrayFinder":{"locator_":{"using":"css selector","value":".zoe-btn-help"}},"elementArrayFinder_":{"locator_":{"$ref":"$[\"parentElementArrayFinder\"][\"locator_\"]"}},"level":"info","message":"help button is","timestamp":"2014-10-08T13:58:20.581Z"}
{"level":"info","message":"Saved screenshot","timestamp":"2014-10-08T13:58:21.150Z"}
{"level":"info","message":"Clicking the help button","timestamp":"2014-10-08T13:58:21.192Z"}
{"parentElementArrayFinder":{"locator_":{"using":"css selector","value":".zoe-btn-help"}},"elementArrayFinder_":{"locator_":{"$ref":"$[\"parentElementArrayFinder\"][\"locator_\"]"}},"level":"info","message":"help button is","timestamp":"2014-10-08T13:58:21.196Z"}
{"level":"info","message":"Got help style of ","timestamp":"2014-10-08T13:58:22.651Z"}
{"level":"info","message":"Saving screenshot to images/help.jpgpopover0.png","timestamp":"2014-10-08T13:58:22.694Z"}
{"level":"info","message":"Got help style of display: none;","timestamp":"2014-10-08T13:58:23.310Z"}
{"level":"info","message":"Saving screenshot to images/helpClose.jpgpopover0.png","timestamp":"2014-10-08T13:58:23.352Z"}
{"level":"info","message":"Saved screenshot","timestamp":"2014-10-08T13:58:24.319Z"}
{"level":"info","message":"Clicking the help button","timestamp":"2014-10-08T13:58:24.374Z"}
{"parentElementArrayFinder":{"locator_":{"using":"css selector","value":".zoe-btn-help"}},"elementArrayFinder_":{"locator_":{"$ref":"$[\"parentElementArrayFinder\"][\"locator_\"]"}},"level":"info","message":"help button is","timestamp":"2014-10-08T13:58:24.378Z"}
{"level":"info","message":"Saved screenshot","timestamp":"2014-10-08T13:58:25.315Z"}
{"level":"info","message":"Clicking the zoom button","timestamp":"2014-10-08T13:58:25.358Z"}
{"level":"info","message":"Saving screenshot to images/zoom.jpgpopover0.png","timestamp":"2014-10-08T13:58:25.362Z"}
{"level":"info","message":"Got help style of display: none; ","timestamp":"2014-10-08T13:58:27.571Z"}
{"level":"info","message":"Saving screenshot to images/helpClose.jpgpopover0.png","timestamp":"2014-10-08T13:58:27.614Z"}
{"level":"info","message":"Saved screenshot","timestamp":"2014-10-08T13:58:29.338Z"}
{"level":"info","message":"Clicking the zoom button","timestamp":"2014-10-08T13:58:29.381Z"}
{"level":"info","message":"Saving screenshot to images/zoom.jpgpopover0.png","timestamp":"2014-10-08T13:58:29.386Z"}
{"level":"info","message":"Saved screenshot","timestamp":"2014-10-08T13:58:30.637Z"}
{"level":"info","message":"Clicking the zoom button","timestamp":"2014-10-08T13:58:30.649Z"}
{"level":"info","message":"Saving screenshot to images/zoomClose.jpgpopover0.png","timestamp":"2014-10-08T13:58:30.654Z"}
{"level":"info","message":"Saved screenshot","timestamp":"2014-10-08T13:58:34.228Z"}
{"level":"info","message":"Saved screenshot","timestamp":"2014-10-08T13:58:34.339Z"}
{"level":"info","message":"Clicking the zoom button","timestamp":"2014-10-08T13:58:34.350Z"}
{"level":"info","message":"Saving screenshot to images/zoomClose.jpgpopover0.png","timestamp":"2014-10-08T13:58:34.353Z"}
{"level":"info","message":"Saved screenshot","timestamp":"2014-10-08T13:58:39.484Z"}
{"level":"info","message":"Opening URL: http://jenkins.zoetrope.io:8888/v3/testPopover.html","timestamp":"2014-10-08T13:58:39.497Z"}
{"level":"info","message":"Saving screenshot to images/load.jpgpopover0.png","timestamp":"2014-10-08T13:58:40.631Z"}
{"level":"info","message":"Saved screenshot","timestamp":"2014-10-08T13:58:46.423Z"}
{"level":"info","message":"Clicking on widget trigger","timestamp":"2014-10-08T13:58:46.455Z"}
{"level":"info","message":"Saving screenshot to images/openWidget.jpgpopover0.png","timestamp":"2014-10-08T13:58:47.932Z"}
{"level":"info","message":"Saved screenshot","timestamp":"2014-10-08T13:58:50.439Z"}
{"level":"info","message":"Clicking the help button","timestamp":"2014-10-08T13:58:50.471Z"}
{"parentElementArrayFinder":{"locator_":{"using":"css selector","value":".zoe-btn-help"}},"elementArrayFinder_":{"locator_":{"$ref":"$[\"parentElementArrayFinder\"][\"locator_\"]"}},"level":"info","message":"help button is","timestamp":"2014-10-08T13:58:50.474Z"}
{"level":"info","message":"Got help style of ","timestamp":"2014-10-08T13:58:52.601Z"}
{"level":"info","message":"Saving screenshot to images/help.jpgpopover0.png","timestamp":"2014-10-08T13:58:52.645Z"}
{"level":"info","message":"Saved screenshot","timestamp":"2014-10-08T13:58:54.539Z"}
{"level":"info","message":"Clicking the help button","timestamp":"2014-10-08T13:58:54.594Z"}
{"parentElementArrayFinder":{"locator_":{"using":"css selector","value":".zoe-btn-help"}},"elementArrayFinder_":{"locator_":{"$ref":"$[\"parentElementArrayFinder\"][\"locator_\"]"}},"level":"info","message":"help button is","timestamp":"2014-10-08T13:58:54.597Z"}
{"level":"info","message":"Got help style of display: none; ","timestamp":"2014-10-08T13:58:56.627Z"}
{"level":"info","message":"Saving screenshot to images/helpClose.jpgpopover0.png","timestamp":"2014-10-08T13:58:56.669Z"}
{"level":"info","message":"Saved screenshot","timestamp":"2014-10-08T13:58:58.734Z"}
{"level":"info","message":"Clicking the zoom button","timestamp":"2014-10-08T13:58:58.777Z"}
{"level":"info","message":"Saving screenshot to images/zoom.jpgpopover0.png","timestamp":"2014-10-08T13:58:58.781Z"}
{"level":"info","message":"Saved screenshot","timestamp":"2014-10-08T13:59:04.478Z"}
{"level":"info","message":"Clicking the zoom button","timestamp":"2014-10-08T13:59:04.489Z"}
{"level":"info","message":"Saving screenshot to images/zoomClose.jpgpopover0.png","timestamp":"2014-10-08T13:59:04.493Z"}
{"level":"info","message":"Saved screenshot","timestamp":"2014-10-08T13:59:08.402Z"}
{"level":"info","message":"Initialising jasmine tests","timestamp":"2014-10-08T14:04:15.574Z"}
{"inline":{},"popover":{},"indiscriminate":{},"progressWrapper":{"parentElementArrayFinder":{"locator_":{"using":"css selector","value":".zoe-progress-wrapper"}},"elementArrayFinder_":{"locator_":{"$ref":"$[\"progressWrapper\"][\"parentElementArrayFinder\"][\"locator_\"]"}}},"widgetOverlay":{"parentElementArrayFinder":{"locator_":{"using":"css selector","value":"#zoe-zbox-overlay"}},"elementArrayFinder_":{"locator_":{"$ref":"$[\"widgetOverlay\"][\"parentElementArrayFinder\"][\"locator_\"]"}}},"widgetTrigger":{"parentElementArrayFinder":{"locator_":{"using":"css selector","value":".zoe-engage-trigger>img"}},"elementArrayFinder_":{"locator_":{"$ref":"$[\"widgetTrigger\"][\"parentElementArrayFinder\"][\"locator_\"]"}}},"widgetColorbox":{"parentElementArrayFinder":{"locator_":{"using":"css selector","value":"#zoe-zbox-content"}},"elementArrayFinder_":{"locator_":{"$ref":"$[\"widgetColorbox\"][\"parentElementArrayFinder\"][\"locator_\"]"}}},"helpButton":{"parentElementArrayFinder":{"locator_":{"using":"css selector","value":".zoe-btn-help"}},"elementArrayFinder_":{"locator_":{"$ref":"$[\"helpButton\"][\"parentElementArrayFinder\"][\"locator_\"]"}}},"helpElement":{"parentElementArrayFinder":{"locator_":{"using":"css selector","value":".zoe-help-overlay"}},"elementArrayFinder_":{"locator_":{"$ref":"$[\"helpElement\"][\"parentElementArrayFinder\"][\"locator_\"]"}}},"zoomButton":{"parentElementArrayFinder":{"locator_":{"using":"css selector","value":".zoe-btn-zoom"}},"elementArrayFinder_":{"locator_":{"$ref":"$[\"zoomButton\"][\"parentElementArrayFinder\"][\"locator_\"]"}}},"zoomElement":{"parentElementArrayFinder":{"locator_":{"using":"css selector","value":".zoe-zoom"}},"elementArrayFinder_":{"locator_":{"$ref":"$[\"zoomElement\"][\"parentElementArrayFinder\"][\"locator_\"]"}}},"zoomImage":{"parentElementArrayFinder":{"locator_":{"using":"css selector","value":".zoe-zoom-frame"}},"elementArrayFinder_":{"locator_":{"$ref":"$[\"zoomImage\"][\"parentElementArrayFinder\"][\"locator_\"]"}}},"closeButton":{"parentElementArrayFinder":{"locator_":{"using":"css selector","value":".zoe-btn-close"}},"elementArrayFinder_":{"locator_":{"$ref":"$[\"closeButton\"][\"parentElementArrayFinder\"][\"locator_\"]"}}},"widgetImageDiv":{"parentElementArrayFinder":{"locator_":{"using":"css selector","value":".zoe-engage-image.reel"}},"elementArrayFinder_":{"locator_":{"$ref":"$[\"widgetImageDiv\"][\"parentElementArrayFinder\"][\"locator_\"]"}}},"inlineDivSelector":{"parentElementArrayFinder":{"locator_":{"using":"css selector","value":".zoe-inline.reel"}},"elementArrayFinder_":{"locator_":{"$ref":"$[\"inlineDivSelector\"][\"parentElementArrayFinder\"][\"locator_\"]"}}},"widgetWrapperSelector":{"parentElementArrayFinder":{"locator_":{"using":"css selector","value":".zoe-engage-wrapper"}},"elementArrayFinder_":{"locator_":{"$ref":"$[\"widgetWrapperSelector\"][\"parentElementArrayFinder\"][\"locator_\"]"}}},"widgetWrapperImage":{"parentElementArrayFinder":{"locator_":{"using":"css selector","value":".zoe-frame"}},"elementArrayFinder_":{"locator_":{"$ref":"$[\"widgetWrapperImage\"][\"parentElementArrayFinder\"][\"locator_\"]"}}},"pageImageSelector":{"parentElementArrayFinder":{"locator_":{"using":"css selector","value":".zoe-engage-wrapper"}},"elementArrayFinder_":{"locator_":{"$ref":"$[\"pageImageSelector\"][\"parentElementArrayFinder\"][\"locator_\"]"}}},"inlineTrigger":{"parentElementArrayFinder":{"locator_":{"using":"css selector","value":"a.zoe-engage-trigger"}},"elementArrayFinder_":{"locator_":{"$ref":"$[\"inlineTrigger\"][\"parentElementArrayFinder\"][\"locator_\"]"}}},"inlineWrapper":{"parentElementArrayFinder":{"locator_":{"using":"css selector","value":".zoe-engage-wrapper.zoe-inline"}},"elementArrayFinder_":{"locator_":{"$ref":"$[\"inlineWrapper\"][\"parentElementArrayFinder\"][\"locator_\"]"}}},"frameSelector":{"parentElementArrayFinder":{"locator_":{"using":"css selector","value":".zoe-frame"}},"elementArrayFinder_":{"locator_":{"$ref":"$[\"frameSelector\"][\"parentElementArrayFinder\"][\"locator_\"]"}}},"interactCTA":{"parentElementArrayFinder":{"locator_":{"using":"css selector","value":".zoe-interact-cta"}},"elementArrayFinder_":{"locator_":{"$ref":"$[\"interactCTA\"][\"parentElementArrayFinder\"][\"locator_\"]"}}},"triggerCTA":{"parentElementArrayFinder":{"locator_":{"using":"css selector","value":".zoe-trigger-cta"}},"elementArrayFinder_":{"locator_":{"$ref":"$[\"triggerCTA\"][\"parentElementArrayFinder\"][\"locator_\"]"}}},"helpRotate":{"parentElementArrayFinder":{"locator_":{"using":"css selector","value":".zoe-help-rotate .zoe-help-text"}},"elementArrayFinder_":{"locator_":{"$ref":"$[\"helpRotate\"][\"parentElementArrayFinder\"][\"locator_\"]"}}},"helpElevate":{"parentElementArrayFinder":{"locator_":{"using":"css selector","value":".zoe-help-elevate .zoe-help-text"}},"elementArrayFinder_":{"locator_":{"$ref":"$[\"helpElevate\"][\"parentElementArrayFinder\"][\"locator_\"]"}}},"helpZoom":{"parentElementArrayFinder":{"locator_":{"using":"css selector","value":".zoe-help-zoom .zoe-help-text"}},"elementArrayFinder_":{"locator_":{"$ref":"$[\"helpZoom\"][\"parentElementArrayFinder\"][\"locator_\"]"}}},"helpBrand":{"parentElementArrayFinder":{"locator_":{"using":"css selector","value":".zoe-help-brand .zoe-help-text"}},"elementArrayFinder_":{"locator_":{"$ref":"$[\"helpBrand\"][\"parentElementArrayFinder\"][\"locator_\"]"}}},"extraContent":{"parentElementArrayFinder":{"locator_":{"using":"css selector","value":".zoe-display-extra-content"}},"elementArrayFinder_":{"locator_":{"$ref":"$[\"extraContent\"][\"parentElementArrayFinder\"][\"locator_\"]"}}},"level":"debug","message":"elementFinder is ","timestamp":"2014-10-08T14:04:15.576Z"}
{"level":"info","message":"Initialising file paths with browser & version","timestamp":"2014-10-08T14:04:15.584Z"}
{"level":"info","message":"Initialising file paths with browser & version","timestamp":"2014-10-08T14:04:15.584Z"}
{"level":"info","message":"Initialising file paths with browser & version","timestamp":"2014-10-08T14:04:15.584Z"}
{"level":"info","message":"Initialising file paths with browser & version","timestamp":"2014-10-08T14:04:15.584Z"}
{"level":"info","message":"Initialising file paths with browser & version","timestamp":"2014-10-08T14:04:15.584Z"}
{"level":"info","message":"Initialising file paths with browser & version","timestamp":"2014-10-08T14:04:15.584Z"}
{"level":"info","message":"Initialising file paths with browser & version","timestamp":"2014-10-08T14:04:15.590Z"}
{"level":"info","message":"Initialising file paths with browser & version","timestamp":"2014-10-08T14:04:15.590Z"}
{"level":"info","message":"Initialising file paths with browser & version","timestamp":"2014-10-08T14:04:15.590Z"}
{"level":"info","message":"Initialising file paths with browser & version","timestamp":"2014-10-08T14:04:15.590Z"}
{"level":"info","message":"Initialising file paths with browser & version","timestamp":"2014-10-08T14:04:15.590Z"}
{"level":"info","message":"Initialising file paths with browser & version","timestamp":"2014-10-08T14:04:15.590Z"}
{"level":"info","message":"Initialising jasmine tests","timestamp":"2014-10-08T14:04:15.579Z"}
{"inline":{},"popover":{},"indiscriminate":{},"progressWrapper":{"parentElementArrayFinder":{"locator_":{"using":"css selector","value":".zoe-progress-wrapper"}},"elementArrayFinder_":{"locator_":{"$ref":"$[\"progressWrapper\"][\"parentElementArrayFinder\"][\"locator_\"]"}}},"widgetOverlay":{"parentElementArrayFinder":{"locator_":{"using":"css selector","value":"#zoe-zbox-overlay"}},"elementArrayFinder_":{"locator_":{"$ref":"$[\"widgetOverlay\"][\"parentElementArrayFinder\"][\"locator_\"]"}}},"widgetTrigger":{"parentElementArrayFinder":{"locator_":{"using":"css selector","value":".zoe-engage-trigger>img"}},"elementArrayFinder_":{"locator_":{"$ref":"$[\"widgetTrigger\"][\"parentElementArrayFinder\"][\"locator_\"]"}}},"widgetColorbox":{"parentElementArrayFinder":{"locator_":{"using":"css selector","value":"#zoe-zbox-content"}},"elementArrayFinder_":{"locator_":{"$ref":"$[\"widgetColorbox\"][\"parentElementArrayFinder\"][\"locator_\"]"}}},"helpButton":{"parentElementArrayFinder":{"locator_":{"using":"css selector","value":".zoe-btn-help"}},"elementArrayFinder_":{"locator_":{"$ref":"$[\"helpButton\"][\"parentElementArrayFinder\"][\"locator_\"]"}}},"helpElement":{"parentElementArrayFinder":{"locator_":{"using":"css selector","value":".zoe-help-overlay"}},"elementArrayFinder_":{"locator_":{"$ref":"$[\"helpElement\"][\"parentElementArrayFinder\"][\"locator_\"]"}}},"zoomButton":{"parentElementArrayFinder":{"locator_":{"using":"css selector","value":".zoe-btn-zoom"}},"elementArrayFinder_":{"locator_":{"$ref":"$[\"zoomButton\"][\"parentElementArrayFinder\"][\"locator_\"]"}}},"zoomElement":{"parentElementArrayFinder":{"locator_":{"using":"css selector","value":".zoe-zoom"}},"elementArrayFinder_":{"locator_":{"$ref":"$[\"zoomElement\"][\"parentElementArrayFinder\"][\"locator_\"]"}}},"zoomImage":{"parentElementArrayFinder":{"locator_":{"using":"css selector","value":".zoe-zoom-frame"}},"elementArrayFinder_":{"locator_":{"$ref":"$[\"zoomImage\"][\"parentElementArrayFinder\"][\"locator_\"]"}}},"closeButton":{"parentElementArrayFinder":{"locator_":{"using":"css selector","value":".zoe-btn-close"}},"elementArrayFinder_":{"locator_":{"$ref":"$[\"closeButton\"][\"parentElementArrayFinder\"][\"locator_\"]"}}},"widgetImageDiv":{"parentElementArrayFinder":{"locator_":{"using":"css selector","value":".zoe-engage-image.reel"}},"elementArrayFinder_":{"locator_":{"$ref":"$[\"widgetImageDiv\"][\"parentElementArrayFinder\"][\"locator_\"]"}}},"inlineDivSelector":{"parentElementArrayFinder":{"locator_":{"using":"css selector","value":".zoe-inline.reel"}},"elementArrayFinder_":{"locator_":{"$ref":"$[\"inlineDivSelector\"][\"parentElementArrayFinder\"][\"locator_\"]"}}},"widgetWrapperSelector":{"parentElementArrayFinder":{"locator_":{"using":"css selector","value":".zoe-engage-wrapper"}},"elementArrayFinder_":{"locator_":{"$ref":"$[\"widgetWrapperSelector\"][\"parentElementArrayFinder\"][\"locator_\"]"}}},"widgetWrapperImage":{"parentElementArrayFinder":{"locator_":{"using":"css selector","value":".zoe-frame"}},"elementArrayFinder_":{"locator_":{"$ref":"$[\"widgetWrapperImage\"][\"parentElementArrayFinder\"][\"locator_\"]"}}},"pageImageSelector":{"parentElementArrayFinder":{"locator_":{"using":"css selector","value":".zoe-engage-wrapper"}},"elementArrayFinder_":{"locator_":{"$ref":"$[\"pageImageSelector\"][\"parentElementArrayFinder\"][\"locator_\"]"}}},"inlineTrigger":{"parentElementArrayFinder":{"locator_":{"using":"css selector","value":"a.zoe-engage-trigger"}},"elementArrayFinder_":{"locator_":{"$ref":"$[\"inlineTrigger\"][\"parentElementArrayFinder\"][\"locator_\"]"}}},"inlineWrapper":{"parentElementArrayFinder":{"locator_":{"using":"css selector","value":".zoe-engage-wrapper.zoe-inline"}},"elementArrayFinder_":{"locator_":{"$ref":"$[\"inlineWrapper\"][\"parentElementArrayFinder\"][\"locator_\"]"}}},"frameSelector":{"parentElementArrayFinder":{"locator_":{"using":"css selector","value":".zoe-frame"}},"elementArrayFinder_":{"locator_":{"$ref":"$[\"frameSelector\"][\"parentElementArrayFinder\"][\"locator_\"]"}}},"interactCTA":{"parentElementArrayFinder":{"locator_":{"using":"css selector","value":".zoe-interact-cta"}},"elementArrayFinder_":{"locator_":{"$ref":"$[\"interactCTA\"][\"parentElementArrayFinder\"][\"locator_\"]"}}},"triggerCTA":{"parentElementArrayFinder":{"locator_":{"using":"css selector","value":".zoe-trigger-cta"}},"elementArrayFinder_":{"locator_":{"$ref":"$[\"triggerCTA\"][\"parentElementArrayFinder\"][\"locator_\"]"}}},"helpRotate":{"parentElementArrayFinder":{"locator_":{"using":"css selector","value":".zoe-help-rotate .zoe-help-text"}},"elementArrayFinder_":{"locator_":{"$ref":"$[\"helpRotate\"][\"parentElementArrayFinder\"][\"locator_\"]"}}},"helpElevate":{"parentElementArrayFinder":{"locator_":{"using":"css selector","value":".zoe-help-elevate .zoe-help-text"}},"elementArrayFinder_":{"locator_":{"$ref":"$[\"helpElevate\"][\"parentElementArrayFinder\"][\"locator_\"]"}}},"helpZoom":{"parentElementArrayFinder":{"locator_":{"using":"css selector","value":".zoe-help-zoom .zoe-help-text"}},"elementArrayFinder_":{"locator_":{"$ref":"$[\"helpZoom\"][\"parentElementArrayFinder\"][\"locator_\"]"}}},"helpBrand":{"parentElementArrayFinder":{"locator_":{"using":"css selector","value":".zoe-help-brand .zoe-help-text"}},"elementArrayFinder_":{"locator_":{"$ref":"$[\"helpBrand\"][\"parentElementArrayFinder\"][\"locator_\"]"}}},"extraContent":{"parentElementArrayFinder":{"locator_":{"using":"css selector","value":".zoe-display-extra-content"}},"elementArrayFinder_":{"locator_":{"$ref":"$[\"extraContent\"][\"parentElementArrayFinder\"][\"locator_\"]"}}},"level":"debug","message":"elementFinder is ","timestamp":"2014-10-08T14:04:15.581Z"}
{"level":"info","message":"Initialising file paths with browser & version","timestamp":"2014-10-08T14:04:15.589Z"}
{"level":"info","message":"Initialising file paths with browser & version","timestamp":"2014-10-08T14:04:15.589Z"}
{"level":"info","message":"Initialising file paths with browser & version","timestamp":"2014-10-08T14:04:15.589Z"}
{"level":"info","message":"Initialising file paths with browser & version","timestamp":"2014-10-08T14:04:15.589Z"}
{"level":"info","message":"Initialising file paths with browser & version","timestamp":"2014-10-08T14:04:15.589Z"}
{"level":"info","message":"Initialising file paths with browser & version","timestamp":"2014-10-08T14:04:15.589Z"}
{"level":"info","message":"Initialising file paths with browser & version","timestamp":"2014-10-08T14:04:15.596Z"}
{"level":"info","message":"Initialising file paths with browser & version","timestamp":"2014-10-08T14:04:15.596Z"}
{"level":"info","message":"Initialising file paths with browser & version","timestamp":"2014-10-08T14:04:15.596Z"}
{"level":"info","message":"Initialising file paths with browser & version","timestamp":"2014-10-08T14:04:15.596Z"}
{"level":"info","message":"Initialising file paths with browser & version","timestamp":"2014-10-08T14:04:15.596Z"}
{"level":"info","message":"Initialising file paths with browser & version","timestamp":"2014-10-08T14:04:15.596Z"}
{"level":"info","message":"Initialising jasmine tests","timestamp":"2014-10-08T14:04:15.580Z"}
{"inline":{},"popover":{},"indiscriminate":{},"progressWrapper":{"parentElementArrayFinder":{"locator_":{"using":"css selector","value":".zoe-progress-wrapper"}},"elementArrayFinder_":{"locator_":{"$ref":"$[\"progressWrapper\"][\"parentElementArrayFinder\"][\"locator_\"]"}}},"widgetOverlay":{"parentElementArrayFinder":{"locator_":{"using":"css selector","value":"#zoe-zbox-overlay"}},"elementArrayFinder_":{"locator_":{"$ref":"$[\"widgetOverlay\"][\"parentElementArrayFinder\"][\"locator_\"]"}}},"widgetTrigger":{"parentElementArrayFinder":{"locator_":{"using":"css selector","value":".zoe-engage-trigger>img"}},"elementArrayFinder_":{"locator_":{"$ref":"$[\"widgetTrigger\"][\"parentElementArrayFinder\"][\"locator_\"]"}}},"widgetColorbox":{"parentElementArrayFinder":{"locator_":{"using":"css selector","value":"#zoe-zbox-content"}},"elementArrayFinder_":{"locator_":{"$ref":"$[\"widgetColorbox\"][\"parentElementArrayFinder\"][\"locator_\"]"}}},"helpButton":{"parentElementArrayFinder":{"locator_":{"using":"css selector","value":".zoe-btn-help"}},"elementArrayFinder_":{"locator_":{"$ref":"$[\"helpButton\"][\"parentElementArrayFinder\"][\"locator_\"]"}}},"helpElement":{"parentElementArrayFinder":{"locator_":{"using":"css selector","value":".zoe-help-overlay"}},"elementArrayFinder_":{"locator_":{"$ref":"$[\"helpElement\"][\"parentElementArrayFinder\"][\"locator_\"]"}}},"zoomButton":{"parentElementArrayFinder":{"locator_":{"using":"css selector","value":".zoe-btn-zoom"}},"elementArrayFinder_":{"locator_":{"$ref":"$[\"zoomButton\"][\"parentElementArrayFinder\"][\"locator_\"]"}}},"zoomElement":{"parentElementArrayFinder":{"locator_":{"using":"css selector","value":".zoe-zoom"}},"elementArrayFinder_":{"locator_":{"$ref":"$[\"zoomElement\"][\"parentElementArrayFinder\"][\"locator_\"]"}}},"zoomImage":{"parentElementArrayFinder":{"locator_":{"using":"css selector","value":".zoe-zoom-frame"}},"elementArrayFinder_":{"locator_":{"$ref":"$[\"zoomImage\"][\"parentElementArrayFinder\"][\"locator_\"]"}}},"closeButton":{"parentElementArrayFinder":{"locator_":{"using":"css selector","value":".zoe-btn-close"}},"elementArrayFinder_":{"locator_":{"$ref":"$[\"closeButton\"][\"parentElementArrayFinder\"][\"locator_\"]"}}},"widgetImageDiv":{"parentElementArrayFinder":{"locator_":{"using":"css selector","value":".zoe-engage-image.reel"}},"elementArrayFinder_":{"locator_":{"$ref":"$[\"widgetImageDiv\"][\"parentElementArrayFinder\"][\"locator_\"]"}}},"inlineDivSelector":{"parentElementArrayFinder":{"locator_":{"using":"css selector","value":".zoe-inline.reel"}},"elementArrayFinder_":{"locator_":{"$ref":"$[\"inlineDivSelector\"][\"parentElementArrayFinder\"][\"locator_\"]"}}},"widgetWrapperSelector":{"parentElementArrayFinder":{"locator_":{"using":"css selector","value":".zoe-engage-wrapper"}},"elementArrayFinder_":{"locator_":{"$ref":"$[\"widgetWrapperSelector\"][\"parentElementArrayFinder\"][\"locator_\"]"}}},"widgetWrapperImage":{"parentElementArrayFinder":{"locator_":{"using":"css selector","value":".zoe-frame"}},"elementArrayFinder_":{"locator_":{"$ref":"$[\"widgetWrapperImage\"][\"parentElementArrayFinder\"][\"locator_\"]"}}},"pageImageSelector":{"parentElementArrayFinder":{"locator_":{"using":"css selector","value":".zoe-engage-wrapper"}},"elementArrayFinder_":{"locator_":{"$ref":"$[\"pageImageSelector\"][\"parentElementArrayFinder\"][\"locator_\"]"}}},"inlineTrigger":{"parentElementArrayFinder":{"locator_":{"using":"css selector","value":"a.zoe-engage-trigger"}},"elementArrayFinder_":{"locator_":{"$ref":"$[\"inlineTrigger\"][\"parentElementArrayFinder\"][\"locator_\"]"}}},"inlineWrapper":{"parentElementArrayFinder":{"locator_":{"using":"css selector","value":".zoe-engage-wrapper.zoe-inline"}},"elementArrayFinder_":{"locator_":{"$ref":"$[\"inlineWrapper\"][\"parentElementArrayFinder\"][\"locator_\"]"}}},"frameSelector":{"parentElementArrayFinder":{"locator_":{"using":"css selector","value":".zoe-frame"}},"elementArrayFinder_":{"locator_":{"$ref":"$[\"frameSelector\"][\"parentElementArrayFinder\"][\"locator_\"]"}}},"interactCTA":{"parentElementArrayFinder":{"locator_":{"using":"css selector","value":".zoe-interact-cta"}},"elementArrayFinder_":{"locator_":{"$ref":"$[\"interactCTA\"][\"parentElementArrayFinder\"][\"locator_\"]"}}},"triggerCTA":{"parentElementArrayFinder":{"locator_":{"using":"css selector","value":".zoe-trigger-cta"}},"elementArrayFinder_":{"locator_":{"$ref":"$[\"triggerCTA\"][\"parentElementArrayFinder\"][\"locator_\"]"}}},"helpRotate":{"parentElementArrayFinder":{"locator_":{"using":"css selector","value":".zoe-help-rotate .zoe-help-text"}},"elementArrayFinder_":{"locator_":{"$ref":"$[\"helpRotate\"][\"parentElementArrayFinder\"][\"locator_\"]"}}},"helpElevate":{"parentElementArrayFinder":{"locator_":{"using":"css selector","value":".zoe-help-elevate .zoe-help-text"}},"elementArrayFinder_":{"locator_":{"$ref":"$[\"helpElevate\"][\"parentElementArrayFinder\"][\"locator_\"]"}}},"helpZoom":{"parentElementArrayFinder":{"locator_":{"using":"css selector","value":".zoe-help-zoom .zoe-help-text"}},"elementArrayFinder_":{"locator_":{"$ref":"$[\"helpZoom\"][\"parentElementArrayFinder\"][\"locator_\"]"}}},"helpBrand":{"parentElementArrayFinder":{"locator_":{"using":"css selector","value":".zoe-help-brand .zoe-help-text"}},"elementArrayFinder_":{"locator_":{"$ref":"$[\"helpBrand\"][\"parentElementArrayFinder\"][\"locator_\"]"}}},"extraContent":{"parentElementArrayFinder":{"locator_":{"using":"css selector","value":".zoe-display-extra-content"}},"elementArrayFinder_":{"locator_":{"$ref":"$[\"extraContent\"][\"parentElementArrayFinder\"][\"locator_\"]"}}},"level":"debug","message":"elementFinder is ","timestamp":"2014-10-08T14:04:15.586Z"}
{"level":"info","message":"Initialising file paths with browser & version","timestamp":"2014-10-08T14:04:15.604Z"}
{"level":"info","message":"Initialising file paths with browser & version","timestamp":"2014-10-08T14:04:15.604Z"}
{"level":"info","message":"Initialising file paths with browser & version","timestamp":"2014-10-08T14:04:15.605Z"}
{"level":"info","message":"Initialising file paths with browser & version","timestamp":"2014-10-08T14:04:15.605Z"}
{"level":"info","message":"Initialising file paths with browser & version","timestamp":"2014-10-08T14:04:15.605Z"}
{"level":"info","message":"Initialising file paths with browser & version","timestamp":"2014-10-08T14:04:15.605Z"}
{"level":"info","message":"Initialising file paths with browser & version","timestamp":"2014-10-08T14:04:15.616Z"}
{"level":"info","message":"Initialising file paths with browser & version","timestamp":"2014-10-08T14:04:15.616Z"}
{"level":"info","message":"Initialising file paths with browser & version","timestamp":"2014-10-08T14:04:15.616Z"}
{"level":"info","message":"Initialising file paths with browser & version","timestamp":"2014-10-08T14:04:15.616Z"}
{"level":"info","message":"Initialising file paths with browser & version","timestamp":"2014-10-08T14:04:15.616Z"}
{"level":"info","message":"Initialising file paths with browser & version","timestamp":"2014-10-08T14:04:15.616Z"}
{"level":"info","message":"Initialising jasmine tests","timestamp":"2014-10-08T14:04:15.645Z"}
{"inline":{},"popover":{},"indiscriminate":{},"progressWrapper":{"parentElementArrayFinder":{"locator_":{"using":"css selector","value":".zoe-progress-wrapper"}},"elementArrayFinder_":{"locator_":{"$ref":"$[\"progressWrapper\"][\"parentElementArrayFinder\"][\"locator_\"]"}}},"widgetOverlay":{"parentElementArrayFinder":{"locator_":{"using":"css selector","value":"#zoe-zbox-overlay"}},"elementArrayFinder_":{"locator_":{"$ref":"$[\"widgetOverlay\"][\"parentElementArrayFinder\"][\"locator_\"]"}}},"widgetTrigger":{"parentElementArrayFinder":{"locator_":{"using":"css selector","value":".zoe-engage-trigger>img"}},"elementArrayFinder_":{"locator_":{"$ref":"$[\"widgetTrigger\"][\"parentElementArrayFinder\"][\"locator_\"]"}}},"widgetColorbox":{"parentElementArrayFinder":{"locator_":{"using":"css selector","value":"#zoe-zbox-content"}},"elementArrayFinder_":{"locator_":{"$ref":"$[\"widgetColorbox\"][\"parentElementArrayFinder\"][\"locator_\"]"}}},"helpButton":{"parentElementArrayFinder":{"locator_":{"using":"css selector","value":".zoe-btn-help"}},"elementArrayFinder_":{"locator_":{"$ref":"$[\"helpButton\"][\"parentElementArrayFinder\"][\"locator_\"]"}}},"helpElement":{"parentElementArrayFinder":{"locator_":{"using":"css selector","value":".zoe-help-overlay"}},"elementArrayFinder_":{"locator_":{"$ref":"$[\"helpElement\"][\"parentElementArrayFinder\"][\"locator_\"]"}}},"zoomButton":{"parentElementArrayFinder":{"locator_":{"using":"css selector","value":".zoe-btn-zoom"}},"elementArrayFinder_":{"locator_":{"$ref":"$[\"zoomButton\"][\"parentElementArrayFinder\"][\"locator_\"]"}}},"zoomElement":{"parentElementArrayFinder":{"locator_":{"using":"css selector","value":".zoe-zoom"}},"elementArrayFinder_":{"locator_":{"$ref":"$[\"zoomElement\"][\"parentElementArrayFinder\"][\"locator_\"]"}}},"zoomImage":{"parentElementArrayFinder":{"locator_":{"using":"css selector","value":".zoe-zoom-frame"}},"elementArrayFinder_":{"locator_":{"$ref":"$[\"zoomImage\"][\"parentElementArrayFinder\"][\"locator_\"]"}}},"closeButton":{"parentElementArrayFinder":{"locator_":{"using":"css selector","value":".zoe-btn-close"}},"elementArrayFinder_":{"locator_":{"$ref":"$[\"closeButton\"][\"parentElementArrayFinder\"][\"locator_\"]"}}},"widgetImageDiv":{"parentElementArrayFinder":{"locator_":{"using":"css selector","value":".zoe-engage-image.reel"}},"elementArrayFinder_":{"locator_":{"$ref":"$[\"widgetImageDiv\"][\"parentElementArrayFinder\"][\"locator_\"]"}}},"inlineDivSelector":{"parentElementArrayFinder":{"locator_":{"using":"css selector","value":".zoe-inline.reel"}},"elementArrayFinder_":{"locator_":{"$ref":"$[\"inlineDivSelector\"][\"parentElementArrayFinder\"][\"locator_\"]"}}},"widgetWrapperSelector":{"parentElementArrayFinder":{"locator_":{"using":"css selector","value":".zoe-engage-wrapper"}},"elementArrayFinder_":{"locator_":{"$ref":"$[\"widgetWrapperSelector\"][\"parentElementArrayFinder\"][\"locator_\"]"}}},"widgetWrapperImage":{"parentElementArrayFinder":{"locator_":{"using":"css selector","value":".zoe-frame"}},"elementArrayFinder_":{"locator_":{"$ref":"$[\"widgetWrapperImage\"][\"parentElementArrayFinder\"][\"locator_\"]"}}},"pageImageSelector":{"parentElementArrayFinder":{"locator_":{"using":"css selector","value":".zoe-engage-wrapper"}},"elementArrayFinder_":{"locator_":{"$ref":"$[\"pageImageSelector\"][\"parentElementArrayFinder\"][\"locator_\"]"}}},"inlineTrigger":{"parentElementArrayFinder":{"locator_":{"using":"css selector","value":"a.zoe-engage-trigger"}},"elementArrayFinder_":{"locator_":{"$ref":"$[\"inlineTrigger\"][\"parentElementArrayFinder\"][\"locator_\"]"}}},"inlineWrapper":{"parentElementArrayFinder":{"locator_":{"using":"css selector","value":".zoe-engage-wrapper.zoe-inline"}},"elementArrayFinder_":{"locator_":{"$ref":"$[\"inlineWrapper\"][\"parentElementArrayFinder\"][\"locator_\"]"}}},"frameSelector":{"parentElementArrayFinder":{"locator_":{"using":"css selector","value":".zoe-frame"}},"elementArrayFinder_":{"locator_":{"$ref":"$[\"frameSelector\"][\"parentElementArrayFinder\"][\"locator_\"]"}}},"interactCTA":{"parentElementArrayFinder":{"locator_":{"using":"css selector","value":".zoe-interact-cta"}},"elementArrayFinder_":{"locator_":{"$ref":"$[\"interactCTA\"][\"parentElementArrayFinder\"][\"locator_\"]"}}},"triggerCTA":{"parentElementArrayFinder":{"locator_":{"using":"css selector","value":".zoe-trigger-cta"}},"elementArrayFinder_":{"locator_":{"$ref":"$[\"triggerCTA\"][\"parentElementArrayFinder\"][\"locator_\"]"}}},"helpRotate":{"parentElementArrayFinder":{"locator_":{"using":"css selector","value":".zoe-help-rotate .zoe-help-text"}},"elementArrayFinder_":{"locator_":{"$ref":"$[\"helpRotate\"][\"parentElementArrayFinder\"][\"locator_\"]"}}},"helpElevate":{"parentElementArrayFinder":{"locator_":{"using":"css selector","value":".zoe-help-elevate .zoe-help-text"}},"elementArrayFinder_":{"locator_":{"$ref":"$[\"helpElevate\"][\"parentElementArrayFinder\"][\"locator_\"]"}}},"helpZoom":{"parentElementArrayFinder":{"locator_":{"using":"css selector","value":".zoe-help-zoom .zoe-help-text"}},"elementArrayFinder_":{"locator_":{"$ref":"$[\"helpZoom\"][\"parentElementArrayFinder\"][\"locator_\"]"}}},"helpBrand":{"parentElementArrayFinder":{"locator_":{"using":"css selector","value":".zoe-help-brand .zoe-help-text"}},"elementArrayFinder_":{"locator_":{"$ref":"$[\"helpBrand\"][\"parentElementArrayFinder\"][\"locator_\"]"}}},"extraContent":{"parentElementArrayFinder":{"locator_":{"using":"css selector","value":".zoe-display-extra-content"}},"elementArrayFinder_":{"locator_":{"$ref":"$[\"extraContent\"][\"parentElementArrayFinder\"][\"locator_\"]"}}},"level":"debug","message":"elementFinder is ","timestamp":"2014-10-08T14:04:15.648Z"}
{"level":"info","message":"Initialising file paths with browser & version","timestamp":"2014-10-08T14:04:15.655Z"}
{"level":"info","message":"Initialising file paths with browser & version","timestamp":"2014-10-08T14:04:15.655Z"}
{"level":"info","message":"Initialising file paths with browser & version","timestamp":"2014-10-08T14:04:15.655Z"}
{"level":"info","message":"Initialising file paths with browser & version","timestamp":"2014-10-08T14:04:15.655Z"}
{"level":"info","message":"Initialising file paths with browser & version","timestamp":"2014-10-08T14:04:15.655Z"}
{"level":"info","message":"Initialising file paths with browser & version","timestamp":"2014-10-08T14:04:15.655Z"}
{"level":"info","message":"Initialising file paths with browser & version","timestamp":"2014-10-08T14:04:15.661Z"}
{"level":"info","message":"Initialising file paths with browser & version","timestamp":"2014-10-08T14:04:15.661Z"}
{"level":"info","message":"Initialising file paths with browser & version","timestamp":"2014-10-08T14:04:15.661Z"}
{"level":"info","message":"Initialising file paths with browser & version","timestamp":"2014-10-08T14:04:15.661Z"}
{"level":"info","message":"Initialising file paths with browser & version","timestamp":"2014-10-08T14:04:15.661Z"}
{"level":"info","message":"Initialising file paths with browser & version","timestamp":"2014-10-08T14:04:15.661Z"}
{"rotatable":false,"browserConnectionEnabled":false,"acceptSslCerts":true,"cssSelectorsEnabled":true,"chrome":{"chromedriverVersion":"2.4.226107"},"javascriptEnabled":true,"version":"30.0.1599.65","webdriver.remote.sessionid":"efab84f8f95d4d9da36da0f8fc18a1d9","databaseEnabled":true,"locationContextEnabled":true,"platform":"Windows NT","browserName":"chrome","takesScreenshot":true,"hasMetadata":true,"nativeEvents":true,"applicationCacheEnabled":false,"webStorageEnabled":true,"handlesAlerts":true,"level":"info","message":"","timestamp":"2014-10-08T14:04:26.812Z"}
{"level":"info","message":"undefined","timestamp":"2014-10-08T14:04:26.813Z"}
{"level":"info","message":"Initialising file paths with browser & version","timestamp":"2014-10-08T14:04:26.813Z"}
{"level":"info","message":"Initialising file paths with browser & version","timestamp":"2014-10-08T14:04:26.813Z"}
{"level":"info","message":"Initialising file paths with browser & version","timestamp":"2014-10-08T14:04:26.813Z"}
{"level":"info","message":"Initialising file paths with browser & version","timestamp":"2014-10-08T14:04:26.813Z"}
{"level":"info","message":"Initialising file paths with browser & version","timestamp":"2014-10-08T14:04:26.813Z"}
{"level":"info","message":"Initialising file paths with browser & version","timestamp":"2014-10-08T14:04:26.813Z"}
{"level":"info","message":"Initialising file paths with browser & version","timestamp":"2014-10-08T14:04:26.813Z"}
{"level":"info","message":"Initialising file paths with browser & version","timestamp":"2014-10-08T14:04:26.813Z"}
{"level":"info","message":"Initialising file paths with browser & version","timestamp":"2014-10-08T14:04:26.813Z"}
{"level":"info","message":"Initialising file paths with browser & version","timestamp":"2014-10-08T14:04:26.813Z"}
{"level":"info","message":"Initialising file paths with browser & version","timestamp":"2014-10-08T14:04:26.813Z"}
{"level":"info","message":"Initialising file paths with browser & version","timestamp":"2014-10-08T14:04:26.813Z"}
{"level":"info","message":"Initialising file paths with browser & version","timestamp":"2014-10-08T14:04:26.814Z"}
{"level":"info","message":"Initialising file paths with browser & version","timestamp":"2014-10-08T14:04:26.814Z"}
{"level":"info","message":"Initialising file paths with browser & version","timestamp":"2014-10-08T14:04:26.814Z"}
{"level":"info","message":"Initialising file paths with browser & version","timestamp":"2014-10-08T14:04:26.814Z"}
{"level":"info","message":"Initialising file paths with browser & version","timestamp":"2014-10-08T14:04:26.814Z"}
{"level":"info","message":"Initialising file paths with browser & version","timestamp":"2014-10-08T14:04:26.814Z"}
{"level":"info","message":"Initialising file paths with browser & version","timestamp":"2014-10-08T14:04:26.814Z"}
{"level":"info","message":"Initialising file paths with browser & version","timestamp":"2014-10-08T14:04:26.814Z"}
{"level":"info","message":"Initialising file paths with browser & version","timestamp":"2014-10-08T14:04:26.814Z"}
{"level":"info","message":"Opening URL: http://jenkins.zoetrope.io:8888/v3/testInline.html","timestamp":"2014-10-08T14:04:27.202Z"}
{"rotatable":false,"browserConnectionEnabled":true,"acceptSslCerts":true,"cssSelectorsEnabled":true,"javascriptEnabled":true,"nativeEvents":true,"databaseEnabled":true,"locationContextEnabled":true,"takesScreenshot":true,"platform":"XP","browserName":"firefox","webdriver.remote.sessionid":"63a3a6f4de484158bcb03435367c801b","hasMetadata":true,"version":"27.0","applicationCacheEnabled":true,"webStorageEnabled":true,"handlesAlerts":true,"level":"info","message":"","timestamp":"2014-10-08T14:04:29.237Z"}
{"level":"info","message":"undefined","timestamp":"2014-10-08T14:04:29.238Z"}
{"level":"info","message":"Initialising file paths with browser & version","timestamp":"2014-10-08T14:04:29.238Z"}
{"level":"info","message":"Initialising file paths with browser & version","timestamp":"2014-10-08T14:04:29.239Z"}
{"level":"info","message":"Initialising file paths with browser & version","timestamp":"2014-10-08T14:04:29.239Z"}
{"level":"info","message":"Initialising file paths with browser & version","timestamp":"2014-10-08T14:04:29.239Z"}
{"level":"info","message":"Initialising file paths with browser & version","timestamp":"2014-10-08T14:04:29.239Z"}
{"level":"info","message":"Initialising file paths with browser & version","timestamp":"2014-10-08T14:04:29.239Z"}
{"level":"info","message":"Initialising file paths with browser & version","timestamp":"2014-10-08T14:04:29.239Z"}
{"level":"info","message":"Initialising file paths with browser & version","timestamp":"2014-10-08T14:04:29.239Z"}
{"level":"info","message":"Initialising file paths with browser & version","timestamp":"2014-10-08T14:04:29.239Z"}
{"level":"info","message":"Initialising file paths with browser & version","timestamp":"2014-10-08T14:04:29.239Z"}
{"level":"info","message":"Initialising file paths with browser & version","timestamp":"2014-10-08T14:04:29.239Z"}
{"level":"info","message":"Initialising file paths with browser & version","timestamp":"2014-10-08T14:04:29.239Z"}
{"level":"info","message":"Initialising file paths with browser & version","timestamp":"2014-10-08T14:04:29.239Z"}
{"level":"info","message":"Initialising file paths with browser & version","timestamp":"2014-10-08T14:04:29.239Z"}
{"level":"info","message":"Initialising file paths with browser & version","timestamp":"2014-10-08T14:04:29.239Z"}
{"level":"info","message":"Initialising file paths with browser & version","timestamp":"2014-10-08T14:04:29.239Z"}
{"level":"info","message":"Initialising file paths with browser & version","timestamp":"2014-10-08T14:04:29.240Z"}
{"level":"info","message":"Initialising file paths with browser & version","timestamp":"2014-10-08T14:04:29.240Z"}
{"level":"info","message":"Initialising file paths with browser & version","timestamp":"2014-10-08T14:04:29.240Z"}
{"level":"info","message":"Initialising file paths with browser & version","timestamp":"2014-10-08T14:04:29.240Z"}
{"level":"info","message":"Initialising file paths with browser & version","timestamp":"2014-10-08T14:04:29.240Z"}
{"level":"info","message":"Opening URL: http://jenkins.zoetrope.io:8888/v3/testInline.html","timestamp":"2014-10-08T14:04:29.851Z"}
{"level":"info","message":"Saving screenshot to images/load.jpgpopover0.png","timestamp":"2014-10-08T14:04:31.616Z"}
{"level":"info","message":"Saved screenshot","timestamp":"2014-10-08T14:04:34.938Z"}
{"level":"info","message":"Clicking the help button","timestamp":"2014-10-08T14:04:34.974Z"}
{"parentElementArrayFinder":{"locator_":{"using":"css selector","value":".zoe-btn-help"}},"elementArrayFinder_":{"locator_":{"$ref":"$[\"parentElementArrayFinder\"][\"locator_\"]"}},"level":"info","message":"help button is","timestamp":"2014-10-08T14:04:34.978Z"}
{"level":"info","message":"Saving screenshot to images/load.jpgpopover0.png","timestamp":"2014-10-08T14:04:35.579Z"}
{"level":"info","message":"Saved screenshot","timestamp":"2014-10-08T14:04:36.892Z"}
{"level":"info","message":"Clicking the help button","timestamp":"2014-10-08T14:04:36.929Z"}
{"parentElementArrayFinder":{"locator_":{"using":"css selector","value":".zoe-btn-help"}},"elementArrayFinder_":{"locator_":{"$ref":"$[\"parentElementArrayFinder\"][\"locator_\"]"}},"level":"info","message":"help button is","timestamp":"2014-10-08T14:04:36.932Z"}
{"level":"info","message":"Got help style of ","timestamp":"2014-10-08T14:04:37.279Z"}
{"level":"info","message":"Saving screenshot to images/help.jpgpopover0.png","timestamp":"2014-10-08T14:04:37.325Z"}
{"level":"info","message":"Saved screenshot","timestamp":"2014-10-08T14:04:39.010Z"}
{"level":"info","message":"Clicking the help button","timestamp":"2014-10-08T14:04:39.058Z"}
{"parentElementArrayFinder":{"locator_":{"using":"css selector","value":".zoe-btn-help"}},"elementArrayFinder_":{"locator_":{"$ref":"$[\"parentElementArrayFinder\"][\"locator_\"]"}},"level":"info","message":"help button is","timestamp":"2014-10-08T14:04:39.061Z"}
{"level":"info","message":"Got help style of ","timestamp":"2014-10-08T14:04:39.354Z"}
{"level":"info","message":"Saving screenshot to images/help.jpgpopover0.png","timestamp":"2014-10-08T14:04:39.399Z"}
{"level":"info","message":"Saved screenshot","timestamp":"2014-10-08T14:04:40.430Z"}
{"level":"info","message":"Clicking the help button","timestamp":"2014-10-08T14:04:40.480Z"}
{"parentElementArrayFinder":{"locator_":{"using":"css selector","value":".zoe-btn-help"}},"elementArrayFinder_":{"locator_":{"$ref":"$[\"parentElementArrayFinder\"][\"locator_\"]"}},"level":"info","message":"help button is","timestamp":"2014-10-08T14:04:40.484Z"}
{"level":"info","message":"Got help style of display: none;","timestamp":"2014-10-08T14:04:41.696Z"}
{"level":"info","message":"Saving screenshot to images/helpClose.jpgpopover0.png","timestamp":"2014-10-08T14:04:41.738Z"}
{"level":"info","message":"Initialising jasmine tests","timestamp":"2014-10-08T14:07:30.414Z"}
{"inline":{},"popover":{},"indiscriminate":{},"progressWrapper":{"parentElementArrayFinder":{"locator_":{"using":"css selector","value":".zoe-progress-wrapper"}},"elementArrayFinder_":{"locator_":{"$ref":"$[\"progressWrapper\"][\"parentElementArrayFinder\"][\"locator_\"]"}}},"widgetOverlay":{"parentElementArrayFinder":{"locator_":{"using":"css selector","value":"#zoe-zbox-overlay"}},"elementArrayFinder_":{"locator_":{"$ref":"$[\"widgetOverlay\"][\"parentElementArrayFinder\"][\"locator_\"]"}}},"widgetTrigger":{"parentElementArrayFinder":{"locator_":{"using":"css selector","value":".zoe-engage-trigger>img"}},"elementArrayFinder_":{"locator_":{"$ref":"$[\"widgetTrigger\"][\"parentElementArrayFinder\"][\"locator_\"]"}}},"widgetColorbox":{"parentElementArrayFinder":{"locator_":{"using":"css selector","value":"#zoe-zbox-content"}},"elementArrayFinder_":{"locator_":{"$ref":"$[\"widgetColorbox\"][\"parentElementArrayFinder\"][\"locator_\"]"}}},"helpButton":{"parentElementArrayFinder":{"locator_":{"using":"css selector","value":".zoe-btn-help"}},"elementArrayFinder_":{"locator_":{"$ref":"$[\"helpButton\"][\"parentElementArrayFinder\"][\"locator_\"]"}}},"helpElement":{"parentElementArrayFinder":{"locator_":{"using":"css selector","value":".zoe-help-overlay"}},"elementArrayFinder_":{"locator_":{"$ref":"$[\"helpElement\"][\"parentElementArrayFinder\"][\"locator_\"]"}}},"zoomButton":{"parentElementArrayFinder":{"locator_":{"using":"css selector","value":".zoe-btn-zoom"}},"elementArrayFinder_":{"locator_":{"$ref":"$[\"zoomButton\"][\"parentElementArrayFinder\"][\"locator_\"]"}}},"zoomElement":{"parentElementArrayFinder":{"locator_":{"using":"css selector","value":".zoe-zoom"}},"elementArrayFinder_":{"locator_":{"$ref":"$[\"zoomElement\"][\"parentElementArrayFinder\"][\"locator_\"]"}}},"zoomImage":{"parentElementArrayFinder":{"locator_":{"using":"css selector","value":".zoe-zoom-frame"}},"elementArrayFinder_":{"locator_":{"$ref":"$[\"zoomImage\"][\"parentElementArrayFinder\"][\"locator_\"]"}}},"closeButton":{"parentElementArrayFinder":{"locator_":{"using":"css selector","value":".zoe-btn-close"}},"elementArrayFinder_":{"locator_":{"$ref":"$[\"closeButton\"][\"parentElementArrayFinder\"][\"locator_\"]"}}},"widgetImageDiv":{"parentElementArrayFinder":{"locator_":{"using":"css selector","value":".zoe-engage-image.reel"}},"elementArrayFinder_":{"locator_":{"$ref":"$[\"widgetImageDiv\"][\"parentElementArrayFinder\"][\"locator_\"]"}}},"inlineDivSelector":{"parentElementArrayFinder":{"locator_":{"using":"css selector","value":".zoe-inline.reel"}},"elementArrayFinder_":{"locator_":{"$ref":"$[\"inlineDivSelector\"][\"parentElementArrayFinder\"][\"locator_\"]"}}},"widgetWrapperSelector":{"parentElementArrayFinder":{"locator_":{"using":"css selector","value":".zoe-engage-wrapper"}},"elementArrayFinder_":{"locator_":{"$ref":"$[\"widgetWrapperSelector\"][\"parentElementArrayFinder\"][\"locator_\"]"}}},"widgetWrapperImage":{"parentElementArrayFinder":{"locator_":{"using":"css selector","value":".zoe-frame"}},"elementArrayFinder_":{"locator_":{"$ref":"$[\"widgetWrapperImage\"][\"parentElementArrayFinder\"][\"locator_\"]"}}},"pageImageSelector":{"parentElementArrayFinder":{"locator_":{"using":"css selector","value":".zoe-engage-wrapper"}},"elementArrayFinder_":{"locator_":{"$ref":"$[\"pageImageSelector\"][\"parentElementArrayFinder\"][\"locator_\"]"}}},"inlineTrigger":{"parentElementArrayFinder":{"locator_":{"using":"css selector","value":"a.zoe-engage-trigger"}},"elementArrayFinder_":{"locator_":{"$ref":"$[\"inlineTrigger\"][\"parentElementArrayFinder\"][\"locator_\"]"}}},"inlineWrapper":{"parentElementArrayFinder":{"locator_":{"using":"css selector","value":".zoe-engage-wrapper.zoe-inline"}},"elementArrayFinder_":{"locator_":{"$ref":"$[\"inlineWrapper\"][\"parentElementArrayFinder\"][\"locator_\"]"}}},"frameSelector":{"parentElementArrayFinder":{"locator_":{"using":"css selector","value":".zoe-frame"}},"elementArrayFinder_":{"locator_":{"$ref":"$[\"frameSelector\"][\"parentElementArrayFinder\"][\"locator_\"]"}}},"interactCTA":{"parentElementArrayFinder":{"locator_":{"using":"css selector","value":".zoe-interact-cta"}},"elementArrayFinder_":{"locator_":{"$ref":"$[\"interactCTA\"][\"parentElementArrayFinder\"][\"locator_\"]"}}},"triggerCTA":{"parentElementArrayFinder":{"locator_":{"using":"css selector","value":".zoe-trigger-cta"}},"elementArrayFinder_":{"locator_":{"$ref":"$[\"triggerCTA\"][\"parentElementArrayFinder\"][\"locator_\"]"}}},"helpRotate":{"parentElementArrayFinder":{"locator_":{"using":"css selector","value":".zoe-help-rotate .zoe-help-text"}},"elementArrayFinder_":{"locator_":{"$ref":"$[\"helpRotate\"][\"parentElementArrayFinder\"][\"locator_\"]"}}},"helpElevate":{"parentElementArrayFinder":{"locator_":{"using":"css selector","value":".zoe-help-elevate .zoe-help-text"}},"elementArrayFinder_":{"locator_":{"$ref":"$[\"helpElevate\"][\"parentElementArrayFinder\"][\"locator_\"]"}}},"helpZoom":{"parentElementArrayFinder":{"locator_":{"using":"css selector","value":".zoe-help-zoom .zoe-help-text"}},"elementArrayFinder_":{"locator_":{"$ref":"$[\"helpZoom\"][\"parentElementArrayFinder\"][\"locator_\"]"}}},"helpBrand":{"parentElementArrayFinder":{"locator_":{"using":"css selector","value":".zoe-help-brand .zoe-help-text"}},"elementArrayFinder_":{"locator_":{"$ref":"$[\"helpBrand\"][\"parentElementArrayFinder\"][\"locator_\"]"}}},"extraContent":{"parentElementArrayFinder":{"locator_":{"using":"css selector","value":".zoe-display-extra-content"}},"elementArrayFinder_":{"locator_":{"$ref":"$[\"extraContent\"][\"parentElementArrayFinder\"][\"locator_\"]"}}},"level":"debug","message":"elementFinder is ","timestamp":"2014-10-08T14:07:30.417Z"}
{"level":"info","message":"Initialising file paths with browser & version","timestamp":"2014-10-08T14:07:30.424Z"}
{"level":"info","message":"Initialising file paths with browser & version","timestamp":"2014-10-08T14:07:30.424Z"}
{"level":"info","message":"Initialising file paths with browser & version","timestamp":"2014-10-08T14:07:30.424Z"}
{"level":"info","message":"Initialising file paths with browser & version","timestamp":"2014-10-08T14:07:30.424Z"}
{"level":"info","message":"Initialising file paths with browser & version","timestamp":"2014-10-08T14:07:30.424Z"}
{"level":"info","message":"Initialising file paths with browser & version","timestamp":"2014-10-08T14:07:30.424Z"}
{"level":"info","message":"Initialising file paths with browser & version","timestamp":"2014-10-08T14:07:30.430Z"}
{"level":"info","message":"Initialising file paths with browser & version","timestamp":"2014-10-08T14:07:30.430Z"}
{"level":"info","message":"Initialising file paths with browser & version","timestamp":"2014-10-08T14:07:30.430Z"}
{"level":"info","message":"Initialising file paths with browser & version","timestamp":"2014-10-08T14:07:30.430Z"}
{"level":"info","message":"Initialising file paths with browser & version","timestamp":"2014-10-08T14:07:30.430Z"}
{"level":"info","message":"Initialising file paths with browser & version","timestamp":"2014-10-08T14:07:30.430Z"}
{"level":"info","message":"Initialising jasmine tests","timestamp":"2014-10-08T14:07:30.419Z"}
{"level":"info","message":"Initialising jasmine tests","timestamp":"2014-10-08T14:07:30.419Z"}
{"inline":{},"popover":{},"indiscriminate":{},"progressWrapper":{"parentElementArrayFinder":{"locator_":{"using":"css selector","value":".zoe-progress-wrapper"}},"elementArrayFinder_":{"locator_":{"$ref":"$[\"progressWrapper\"][\"parentElementArrayFinder\"][\"locator_\"]"}}},"widgetOverlay":{"parentElementArrayFinder":{"locator_":{"using":"css selector","value":"#zoe-zbox-overlay"}},"elementArrayFinder_":{"locator_":{"$ref":"$[\"widgetOverlay\"][\"parentElementArrayFinder\"][\"locator_\"]"}}},"widgetTrigger":{"parentElementArrayFinder":{"locator_":{"using":"css selector","value":".zoe-engage-trigger>img"}},"elementArrayFinder_":{"locator_":{"$ref":"$[\"widgetTrigger\"][\"parentElementArrayFinder\"][\"locator_\"]"}}},"widgetColorbox":{"parentElementArrayFinder":{"locator_":{"using":"css selector","value":"#zoe-zbox-content"}},"elementArrayFinder_":{"locator_":{"$ref":"$[\"widgetColorbox\"][\"parentElementArrayFinder\"][\"locator_\"]"}}},"helpButton":{"parentElementArrayFinder":{"locator_":{"using":"css selector","value":".zoe-btn-help"}},"elementArrayFinder_":{"locator_":{"$ref":"$[\"helpButton\"][\"parentElementArrayFinder\"][\"locator_\"]"}}},"helpElement":{"parentElementArrayFinder":{"locator_":{"using":"css selector","value":".zoe-help-overlay"}},"elementArrayFinder_":{"locator_":{"$ref":"$[\"helpElement\"][\"parentElementArrayFinder\"][\"locator_\"]"}}},"zoomButton":{"parentElementArrayFinder":{"locator_":{"using":"css selector","value":".zoe-btn-zoom"}},"elementArrayFinder_":{"locator_":{"$ref":"$[\"zoomButton\"][\"parentElementArrayFinder\"][\"locator_\"]"}}},"zoomElement":{"parentElementArrayFinder":{"locator_":{"using":"css selector","value":".zoe-zoom"}},"elementArrayFinder_":{"locator_":{"$ref":"$[\"zoomElement\"][\"parentElementArrayFinder\"][\"locator_\"]"}}},"zoomImage":{"parentElementArrayFinder":{"locator_":{"using":"css selector","value":".zoe-zoom-frame"}},"elementArrayFinder_":{"locator_":{"$ref":"$[\"zoomImage\"][\"parentElementArrayFinder\"][\"locator_\"]"}}},"closeButton":{"parentElementArrayFinder":{"locator_":{"using":"css selector","value":".zoe-btn-close"}},"elementArrayFinder_":{"locator_":{"$ref":"$[\"closeButton\"][\"parentElementArrayFinder\"][\"locator_\"]"}}},"widgetImageDiv":{"parentElementArrayFinder":{"locator_":{"using":"css selector","value":".zoe-engage-image.reel"}},"elementArrayFinder_":{"locator_":{"$ref":"$[\"widgetImageDiv\"][\"parentElementArrayFinder\"][\"locator_\"]"}}},"inlineDivSelector":{"parentElementArrayFinder":{"locator_":{"using":"css selector","value":".zoe-inline.reel"}},"elementArrayFinder_":{"locator_":{"$ref":"$[\"inlineDivSelector\"][\"parentElementArrayFinder\"][\"locator_\"]"}}},"widgetWrapperSelector":{"parentElementArrayFinder":{"locator_":{"using":"css selector","value":".zoe-engage-wrapper"}},"elementArrayFinder_":{"locator_":{"$ref":"$[\"widgetWrapperSelector\"][\"parentElementArrayFinder\"][\"locator_\"]"}}},"widgetWrapperImage":{"parentElementArrayFinder":{"locator_":{"using":"css selector","value":".zoe-frame"}},"elementArrayFinder_":{"locator_":{"$ref":"$[\"widgetWrapperImage\"][\"parentElementArrayFinder\"][\"locator_\"]"}}},"pageImageSelector":{"parentElementArrayFinder":{"locator_":{"using":"css selector","value":".zoe-engage-wrapper"}},"elementArrayFinder_":{"locator_":{"$ref":"$[\"pageImageSelector\"][\"parentElementArrayFinder\"][\"locator_\"]"}}},"inlineTrigger":{"parentElementArrayFinder":{"locator_":{"using":"css selector","value":"a.zoe-engage-trigger"}},"elementArrayFinder_":{"locator_":{"$ref":"$[\"inlineTrigger\"][\"parentElementArrayFinder\"][\"locator_\"]"}}},"inlineWrapper":{"parentElementArrayFinder":{"locator_":{"using":"css selector","value":".zoe-engage-wrapper.zoe-inline"}},"elementArrayFinder_":{"locator_":{"$ref":"$[\"inlineWrapper\"][\"parentElementArrayFinder\"][\"locator_\"]"}}},"frameSelector":{"parentElementArrayFinder":{"locator_":{"using":"css selector","value":".zoe-frame"}},"elementArrayFinder_":{"locator_":{"$ref":"$[\"frameSelector\"][\"parentElementArrayFinder\"][\"locator_\"]"}}},"interactCTA":{"parentElementArrayFinder":{"locator_":{"using":"css selector","value":".zoe-interact-cta"}},"elementArrayFinder_":{"locator_":{"$ref":"$[\"interactCTA\"][\"parentElementArrayFinder\"][\"locator_\"]"}}},"triggerCTA":{"parentElementArrayFinder":{"locator_":{"using":"css selector","value":".zoe-trigger-cta"}},"elementArrayFinder_":{"locator_":{"$ref":"$[\"triggerCTA\"][\"parentElementArrayFinder\"][\"locator_\"]"}}},"helpRotate":{"parentElementArrayFinder":{"locator_":{"using":"css selector","value":".zoe-help-rotate .zoe-help-text"}},"elementArrayFinder_":{"locator_":{"$ref":"$[\"helpRotate\"][\"parentElementArrayFinder\"][\"locator_\"]"}}},"helpElevate":{"parentElementArrayFinder":{"locator_":{"using":"css selector","value":".zoe-help-elevate .zoe-help-text"}},"elementArrayFinder_":{"locator_":{"$ref":"$[\"helpElevate\"][\"parentElementArrayFinder\"][\"locator_\"]"}}},"helpZoom":{"parentElementArrayFinder":{"locator_":{"using":"css selector","value":".zoe-help-zoom .zoe-help-text"}},"elementArrayFinder_":{"locator_":{"$ref":"$[\"helpZoom\"][\"parentElementArrayFinder\"][\"locator_\"]"}}},"helpBrand":{"parentElementArrayFinder":{"locator_":{"using":"css selector","value":".zoe-help-brand .zoe-help-text"}},"elementArrayFinder_":{"locator_":{"$ref":"$[\"helpBrand\"][\"parentElementArrayFinder\"][\"locator_\"]"}}},"extraContent":{"parentElementArrayFinder":{"locator_":{"using":"css selector","value":".zoe-display-extra-content"}},"elementArrayFinder_":{"locator_":{"$ref":"$[\"extraContent\"][\"parentElementArrayFinder\"][\"locator_\"]"}}},"level":"debug","message":"elementFinder is ","timestamp":"2014-10-08T14:07:30.422Z"}
{"inline":{},"popover":{},"indiscriminate":{},"progressWrapper":{"parentElementArrayFinder":{"locator_":{"using":"css selector","value":".zoe-progress-wrapper"}},"elementArrayFinder_":{"locator_":{"$ref":"$[\"progressWrapper\"][\"parentElementArrayFinder\"][\"locator_\"]"}}},"widgetOverlay":{"parentElementArrayFinder":{"locator_":{"using":"css selector","value":"#zoe-zbox-overlay"}},"elementArrayFinder_":{"locator_":{"$ref":"$[\"widgetOverlay\"][\"parentElementArrayFinder\"][\"locator_\"]"}}},"widgetTrigger":{"parentElementArrayFinder":{"locator_":{"using":"css selector","value":".zoe-engage-trigger>img"}},"elementArrayFinder_":{"locator_":{"$ref":"$[\"widgetTrigger\"][\"parentElementArrayFinder\"][\"locator_\"]"}}},"widgetColorbox":{"parentElementArrayFinder":{"locator_":{"using":"css selector","value":"#zoe-zbox-content"}},"elementArrayFinder_":{"locator_":{"$ref":"$[\"widgetColorbox\"][\"parentElementArrayFinder\"][\"locator_\"]"}}},"helpButton":{"parentElementArrayFinder":{"locator_":{"using":"css selector","value":".zoe-btn-help"}},"elementArrayFinder_":{"locator_":{"$ref":"$[\"helpButton\"][\"parentElementArrayFinder\"][\"locator_\"]"}}},"helpElement":{"parentElementArrayFinder":{"locator_":{"using":"css selector","value":".zoe-help-overlay"}},"elementArrayFinder_":{"locator_":{"$ref":"$[\"helpElement\"][\"parentElementArrayFinder\"][\"locator_\"]"}}},"zoomButton":{"parentElementArrayFinder":{"locator_":{"using":"css selector","value":".zoe-btn-zoom"}},"elementArrayFinder_":{"locator_":{"$ref":"$[\"zoomButton\"][\"parentElementArrayFinder\"][\"locator_\"]"}}},"zoomElement":{"parentElementArrayFinder":{"locator_":{"using":"css selector","value":".zoe-zoom"}},"elementArrayFinder_":{"locator_":{"$ref":"$[\"zoomElement\"][\"parentElementArrayFinder\"][\"locator_\"]"}}},"zoomImage":{"parentElementArrayFinder":{"locator_":{"using":"css selector","value":".zoe-zoom-frame"}},"elementArrayFinder_":{"locator_":{"$ref":"$[\"zoomImage\"][\"parentElementArrayFinder\"][\"locator_\"]"}}},"closeButton":{"parentElementArrayFinder":{"locator_":{"using":"css selector","value":".zoe-btn-close"}},"elementArrayFinder_":{"locator_":{"$ref":"$[\"closeButton\"][\"parentElementArrayFinder\"][\"locator_\"]"}}},"widgetImageDiv":{"parentElementArrayFinder":{"locator_":{"using":"css selector","value":".zoe-engage-image.reel"}},"elementArrayFinder_":{"locator_":{"$ref":"$[\"widgetImageDiv\"][\"parentElementArrayFinder\"][\"locator_\"]"}}},"inlineDivSelector":{"parentElementArrayFinder":{"locator_":{"using":"css selector","value":".zoe-inline.reel"}},"elementArrayFinder_":{"locator_":{"$ref":"$[\"inlineDivSelector\"][\"parentElementArrayFinder\"][\"locator_\"]"}}},"widgetWrapperSelector":{"parentElementArrayFinder":{"locator_":{"using":"css selector","value":".zoe-engage-wrapper"}},"elementArrayFinder_":{"locator_":{"$ref":"$[\"widgetWrapperSelector\"][\"parentElementArrayFinder\"][\"locator_\"]"}}},"widgetWrapperImage":{"parentElementArrayFinder":{"locator_":{"using":"css selector","value":".zoe-frame"}},"elementArrayFinder_":{"locator_":{"$ref":"$[\"widgetWrapperImage\"][\"parentElementArrayFinder\"][\"locator_\"]"}}},"pageImageSelector":{"parentElementArrayFinder":{"locator_":{"using":"css selector","value":".zoe-engage-wrapper"}},"elementArrayFinder_":{"locator_":{"$ref":"$[\"pageImageSelector\"][\"parentElementArrayFinder\"][\"locator_\"]"}}},"inlineTrigger":{"parentElementArrayFinder":{"locator_":{"using":"css selector","value":"a.zoe-engage-trigger"}},"elementArrayFinder_":{"locator_":{"$ref":"$[\"inlineTrigger\"][\"parentElementArrayFinder\"][\"locator_\"]"}}},"inlineWrapper":{"parentElementArrayFinder":{"locator_":{"using":"css selector","value":".zoe-engage-wrapper.zoe-inline"}},"elementArrayFinder_":{"locator_":{"$ref":"$[\"inlineWrapper\"][\"parentElementArrayFinder\"][\"locator_\"]"}}},"frameSelector":{"parentElementArrayFinder":{"locator_":{"using":"css selector","value":".zoe-frame"}},"elementArrayFinder_":{"locator_":{"$ref":"$[\"frameSelector\"][\"parentElementArrayFinder\"][\"locator_\"]"}}},"interactCTA":{"parentElementArrayFinder":{"locator_":{"using":"css selector","value":".zoe-interact-cta"}},"elementArrayFinder_":{"locator_":{"$ref":"$[\"interactCTA\"][\"parentElementArrayFinder\"][\"locator_\"]"}}},"triggerCTA":{"parentElementArrayFinder":{"locator_":{"using":"css selector","value":".zoe-trigger-cta"}},"elementArrayFinder_":{"locator_":{"$ref":"$[\"triggerCTA\"][\"parentElementArrayFinder\"][\"locator_\"]"}}},"helpRotate":{"parentElementArrayFinder":{"locator_":{"using":"css selector","value":".zoe-help-rotate .zoe-help-text"}},"elementArrayFinder_":{"locator_":{"$ref":"$[\"helpRotate\"][\"parentElementArrayFinder\"][\"locator_\"]"}}},"helpElevate":{"parentElementArrayFinder":{"locator_":{"using":"css selector","value":".zoe-help-elevate .zoe-help-text"}},"elementArrayFinder_":{"locator_":{"$ref":"$[\"helpElevate\"][\"parentElementArrayFinder\"][\"locator_\"]"}}},"helpZoom":{"parentElementArrayFinder":{"locator_":{"using":"css selector","value":".zoe-help-zoom .zoe-help-text"}},"elementArrayFinder_":{"locator_":{"$ref":"$[\"helpZoom\"][\"parentElementArrayFinder\"][\"locator_\"]"}}},"helpBrand":{"parentElementArrayFinder":{"locator_":{"using":"css selector","value":".zoe-help-brand .zoe-help-text"}},"elementArrayFinder_":{"locator_":{"$ref":"$[\"helpBrand\"][\"parentElementArrayFinder\"][\"locator_\"]"}}},"extraContent":{"parentElementArrayFinder":{"locator_":{"using":"css selector","value":".zoe-display-extra-content"}},"elementArrayFinder_":{"locator_":{"$ref":"$[\"extraContent\"][\"parentElementArrayFinder\"][\"locator_\"]"}}},"level":"debug","message":"elementFinder is ","timestamp":"2014-10-08T14:07:30.422Z"}
{"level":"info","message":"Initialising jasmine tests","timestamp":"2014-10-08T14:07:30.433Z"}
{"level":"info","message":"Initialising file paths with browser & version","timestamp":"2014-10-08T14:07:30.430Z"}
{"level":"info","message":"Initialising file paths with browser & version","timestamp":"2014-10-08T14:07:30.429Z"}
{"level":"info","message":"Initialising file paths with browser & version","timestamp":"2014-10-08T14:07:30.430Z"}
{"level":"info","message":"Initialising file paths with browser & version","timestamp":"2014-10-08T14:07:30.429Z"}
{"level":"info","message":"Initialising file paths with browser & version","timestamp":"2014-10-08T14:07:30.430Z"}
{"level":"info","message":"Initialising file paths with browser & version","timestamp":"2014-10-08T14:07:30.429Z"}
{"level":"info","message":"Initialising file paths with browser & version","timestamp":"2014-10-08T14:07:30.430Z"}
{"level":"info","message":"Initialising file paths with browser & version","timestamp":"2014-10-08T14:07:30.429Z"}
{"level":"info","message":"Initialising file paths with browser & version","timestamp":"2014-10-08T14:07:30.430Z"}
{"level":"info","message":"Initialising file paths with browser & version","timestamp":"2014-10-08T14:07:30.429Z"}
{"level":"info","message":"Initialising file paths with browser & version","timestamp":"2014-10-08T14:07:30.430Z"}
{"level":"info","message":"Initialising file paths with browser & version","timestamp":"2014-10-08T14:07:30.429Z"}
{"inline":{},"popover":{},"indiscriminate":{},"progressWrapper":{"parentElementArrayFinder":{"locator_":{"using":"css selector","value":".zoe-progress-wrapper"}},"elementArrayFinder_":{"locator_":{"$ref":"$[\"progressWrapper\"][\"parentElementArrayFinder\"][\"locator_\"]"}}},"widgetOverlay":{"parentElementArrayFinder":{"locator_":{"using":"css selector","value":"#zoe-zbox-overlay"}},"elementArrayFinder_":{"locator_":{"$ref":"$[\"widgetOverlay\"][\"parentElementArrayFinder\"][\"locator_\"]"}}},"widgetTrigger":{"parentElementArrayFinder":{"locator_":{"using":"css selector","value":".zoe-engage-trigger>img"}},"elementArrayFinder_":{"locator_":{"$ref":"$[\"widgetTrigger\"][\"parentElementArrayFinder\"][\"locator_\"]"}}},"widgetColorbox":{"parentElementArrayFinder":{"locator_":{"using":"css selector","value":"#zoe-zbox-content"}},"elementArrayFinder_":{"locator_":{"$ref":"$[\"widgetColorbox\"][\"parentElementArrayFinder\"][\"locator_\"]"}}},"helpButton":{"parentElementArrayFinder":{"locator_":{"using":"css selector","value":".zoe-btn-help"}},"elementArrayFinder_":{"locator_":{"$ref":"$[\"helpButton\"][\"parentElementArrayFinder\"][\"locator_\"]"}}},"helpElement":{"parentElementArrayFinder":{"locator_":{"using":"css selector","value":".zoe-help-overlay"}},"elementArrayFinder_":{"locator_":{"$ref":"$[\"helpElement\"][\"parentElementArrayFinder\"][\"locator_\"]"}}},"zoomButton":{"parentElementArrayFinder":{"locator_":{"using":"css selector","value":".zoe-btn-zoom"}},"elementArrayFinder_":{"locator_":{"$ref":"$[\"zoomButton\"][\"parentElementArrayFinder\"][\"locator_\"]"}}},"zoomElement":{"parentElementArrayFinder":{"locator_":{"using":"css selector","value":".zoe-zoom"}},"elementArrayFinder_":{"locator_":{"$ref":"$[\"zoomElement\"][\"parentElementArrayFinder\"][\"locator_\"]"}}},"zoomImage":{"parentElementArrayFinder":{"locator_":{"using":"css selector","value":".zoe-zoom-frame"}},"elementArrayFinder_":{"locator_":{"$ref":"$[\"zoomImage\"][\"parentElementArrayFinder\"][\"locator_\"]"}}},"closeButton":{"parentElementArrayFinder":{"locator_":{"using":"css selector","value":".zoe-btn-close"}},"elementArrayFinder_":{"locator_":{"$ref":"$[\"closeButton\"][\"parentElementArrayFinder\"][\"locator_\"]"}}},"widgetImageDiv":{"parentElementArrayFinder":{"locator_":{"using":"css selector","value":".zoe-engage-image.reel"}},"elementArrayFinder_":{"locator_":{"$ref":"$[\"widgetImageDiv\"][\"parentElementArrayFinder\"][\"locator_\"]"}}},"inlineDivSelector":{"parentElementArrayFinder":{"locator_":{"using":"css selector","value":".zoe-inline.reel"}},"elementArrayFinder_":{"locator_":{"$ref":"$[\"inlineDivSelector\"][\"parentElementArrayFinder\"][\"locator_\"]"}}},"widgetWrapperSelector":{"parentElementArrayFinder":{"locator_":{"using":"css selector","value":".zoe-engage-wrapper"}},"elementArrayFinder_":{"locator_":{"$ref":"$[\"widgetWrapperSelector\"][\"parentElementArrayFinder\"][\"locator_\"]"}}},"widgetWrapperImage":{"parentElementArrayFinder":{"locator_":{"using":"css selector","value":".zoe-frame"}},"elementArrayFinder_":{"locator_":{"$ref":"$[\"widgetWrapperImage\"][\"parentElementArrayFinder\"][\"locator_\"]"}}},"pageImageSelector":{"parentElementArrayFinder":{"locator_":{"using":"css selector","value":".zoe-engage-wrapper"}},"elementArrayFinder_":{"locator_":{"$ref":"$[\"pageImageSelector\"][\"parentElementArrayFinder\"][\"locator_\"]"}}},"inlineTrigger":{"parentElementArrayFinder":{"locator_":{"using":"css selector","value":"a.zoe-engage-trigger"}},"elementArrayFinder_":{"locator_":{"$ref":"$[\"inlineTrigger\"][\"parentElementArrayFinder\"][\"locator_\"]"}}},"inlineWrapper":{"parentElementArrayFinder":{"locator_":{"using":"css selector","value":".zoe-engage-wrapper.zoe-inline"}},"elementArrayFinder_":{"locator_":{"$ref":"$[\"inlineWrapper\"][\"parentElementArrayFinder\"][\"locator_\"]"}}},"frameSelector":{"parentElementArrayFinder":{"locator_":{"using":"css selector","value":".zoe-frame"}},"elementArrayFinder_":{"locator_":{"$ref":"$[\"frameSelector\"][\"parentElementArrayFinder\"][\"locator_\"]"}}},"interactCTA":{"parentElementArrayFinder":{"locator_":{"using":"css selector","value":".zoe-interact-cta"}},"elementArrayFinder_":{"locator_":{"$ref":"$[\"interactCTA\"][\"parentElementArrayFinder\"][\"locator_\"]"}}},"triggerCTA":{"parentElementArrayFinder":{"locator_":{"using":"css selector","value":".zoe-trigger-cta"}},"elementArrayFinder_":{"locator_":{"$ref":"$[\"triggerCTA\"][\"parentElementArrayFinder\"][\"locator_\"]"}}},"helpRotate":{"parentElementArrayFinder":{"locator_":{"using":"css selector","value":".zoe-help-rotate .zoe-help-text"}},"elementArrayFinder_":{"locator_":{"$ref":"$[\"helpRotate\"][\"parentElementArrayFinder\"][\"locator_\"]"}}},"helpElevate":{"parentElementArrayFinder":{"locator_":{"using":"css selector","value":".zoe-help-elevate .zoe-help-text"}},"elementArrayFinder_":{"locator_":{"$ref":"$[\"helpElevate\"][\"parentElementArrayFinder\"][\"locator_\"]"}}},"helpZoom":{"parentElementArrayFinder":{"locator_":{"using":"css selector","value":".zoe-help-zoom .zoe-help-text"}},"elementArrayFinder_":{"locator_":{"$ref":"$[\"helpZoom\"][\"parentElementArrayFinder\"][\"locator_\"]"}}},"helpBrand":{"parentElementArrayFinder":{"locator_":{"using":"css selector","value":".zoe-help-brand .zoe-help-text"}},"elementArrayFinder_":{"locator_":{"$ref":"$[\"helpBrand\"][\"parentElementArrayFinder\"][\"locator_\"]"}}},"extraContent":{"parentElementArrayFinder":{"locator_":{"using":"css selector","value":".zoe-display-extra-content"}},"elementArrayFinder_":{"locator_":{"$ref":"$[\"extraContent\"][\"parentElementArrayFinder\"][\"locator_\"]"}}},"level":"debug","message":"elementFinder is ","timestamp":"2014-10-08T14:07:30.436Z"}
{"level":"info","message":"Initialising file paths with browser & version","timestamp":"2014-10-08T14:07:30.435Z"}
{"level":"info","message":"Initialising file paths with browser & version","timestamp":"2014-10-08T14:07:30.435Z"}
{"level":"info","message":"Initialising file paths with browser & version","timestamp":"2014-10-08T14:07:30.444Z"}
{"level":"info","message":"Initialising file paths with browser & version","timestamp":"2014-10-08T14:07:30.435Z"}
{"level":"info","message":"Initialising file paths with browser & version","timestamp":"2014-10-08T14:07:30.436Z"}
{"level":"info","message":"Initialising file paths with browser & version","timestamp":"2014-10-08T14:07:30.444Z"}
{"level":"info","message":"Initialising file paths with browser & version","timestamp":"2014-10-08T14:07:30.436Z"}
{"level":"info","message":"Initialising file paths with browser & version","timestamp":"2014-10-08T14:07:30.435Z"}
{"level":"info","message":"Initialising file paths with browser & version","timestamp":"2014-10-08T14:07:30.436Z"}
{"level":"info","message":"Initialising file paths with browser & version","timestamp":"2014-10-08T14:07:30.444Z"}
{"level":"info","message":"Initialising file paths with browser & version","timestamp":"2014-10-08T14:07:30.436Z"}
{"level":"info","message":"Initialising file paths with browser & version","timestamp":"2014-10-08T14:07:30.444Z"}
{"level":"info","message":"Initialising file paths with browser & version","timestamp":"2014-10-08T14:07:30.435Z"}
{"level":"info","message":"Initialising file paths with browser & version","timestamp":"2014-10-08T14:07:30.444Z"}
{"level":"info","message":"Initialising file paths with browser & version","timestamp":"2014-10-08T14:07:30.435Z"}
{"level":"info","message":"Initialising file paths with browser & version","timestamp":"2014-10-08T14:07:30.444Z"}
{"level":"info","message":"Initialising file paths with browser & version","timestamp":"2014-10-08T14:07:30.450Z"}
{"level":"info","message":"Initialising file paths with browser & version","timestamp":"2014-10-08T14:07:30.435Z"}
{"level":"info","message":"Initialising file paths with browser & version","timestamp":"2014-10-08T14:07:30.450Z"}
{"level":"info","message":"Initialising file paths with browser & version","timestamp":"2014-10-08T14:07:30.435Z"}
{"level":"info","message":"Initialising file paths with browser & version","timestamp":"2014-10-08T14:07:30.450Z"}
{"level":"info","message":"Initialising file paths with browser & version","timestamp":"2014-10-08T14:07:30.450Z"}
{"level":"info","message":"Initialising file paths with browser & version","timestamp":"2014-10-08T14:07:30.450Z"}
{"level":"info","message":"Initialising file paths with browser & version","timestamp":"2014-10-08T14:07:30.450Z"}
{"takesScreenshot":true,"webdriver.remote.sessionid":"beacf5e3c8d74bfba5fa500278882892","unexpectedAlertBehaviour":"dismiss","ie.browserCommandLineSwitches":"","browserAttachTimeout":0,"ie.ensureCleanSession":false,"ignoreProtectedModeSettings":false,"platform":"WINDOWS","version":"11","ignoreZoomSetting":false,"nativeEvents":true,"handlesAlerts":true,"javascriptEnabled":true,"requireWindowFocus":false,"ie.usePerProcessProxy":false,"hasMetadata":true,"initialBrowserUrl":"http://localhost:10914/","enableElementCacheCleanup":true,"cssSelectorsEnabled":true,"browserName":"internet explorer","elementScrollBehavior":0,"enablePersistentHover":true,"ie.forceCreateProcessApi":false,"level":"info","message":"","timestamp":"2014-10-08T14:07:41.938Z"}
{"level":"info","message":"undefined","timestamp":"2014-10-08T14:07:41.938Z"}
{"level":"info","message":"Initialising file paths with browser & version","timestamp":"2014-10-08T14:07:41.939Z"}
{"level":"info","message":"Initialising file paths with browser & version","timestamp":"2014-10-08T14:07:41.939Z"}
{"level":"info","message":"Initialising file paths with browser & version","timestamp":"2014-10-08T14:07:41.939Z"}
{"level":"info","message":"Initialising file paths with browser & version","timestamp":"2014-10-08T14:07:41.939Z"}
{"level":"info","message":"Initialising file paths with browser & version","timestamp":"2014-10-08T14:07:41.939Z"}
{"level":"info","message":"Initialising file paths with browser & version","timestamp":"2014-10-08T14:07:41.939Z"}
{"level":"info","message":"Initialising file paths with browser & version","timestamp":"2014-10-08T14:07:41.939Z"}
{"level":"info","message":"Initialising file paths with browser & version","timestamp":"2014-10-08T14:07:41.939Z"}
{"level":"info","message":"Initialising file paths with browser & version","timestamp":"2014-10-08T14:07:41.939Z"}
{"level":"info","message":"Initialising file paths with browser & version","timestamp":"2014-10-08T14:07:41.939Z"}
{"level":"info","message":"Initialising file paths with browser & version","timestamp":"2014-10-08T14:07:41.939Z"}
{"level":"info","message":"Initialising file paths with browser & version","timestamp":"2014-10-08T14:07:41.939Z"}
{"level":"info","message":"Initialising file paths with browser & version","timestamp":"2014-10-08T14:07:41.939Z"}
{"level":"info","message":"Initialising file paths with browser & version","timestamp":"2014-10-08T14:07:41.939Z"}
{"level":"info","message":"Initialising file paths with browser & version","timestamp":"2014-10-08T14:07:41.939Z"}
{"level":"info","message":"Initialising file paths with browser & version","timestamp":"2014-10-08T14:07:41.939Z"}
{"level":"info","message":"Initialising file paths with browser & version","timestamp":"2014-10-08T14:07:41.939Z"}
{"level":"info","message":"Initialising file paths with browser & version","timestamp":"2014-10-08T14:07:41.939Z"}
{"level":"info","message":"Initialising file paths with browser & version","timestamp":"2014-10-08T14:07:41.939Z"}
{"level":"info","message":"Initialising file paths with browser & version","timestamp":"2014-10-08T14:07:41.939Z"}
{"level":"info","message":"Initialising file paths with browser & version","timestamp":"2014-10-08T14:07:41.939Z"}
{"level":"info","message":"Opening URL: http://jenkins.zoetrope.io:8888/v3/testInline.html","timestamp":"2014-10-08T14:07:42.389Z"}
{"level":"info","message":"Saving screenshot to images/load.jpgpopover0.png","timestamp":"2014-10-08T14:07:47.508Z"}
{"level":"info","message":"Saved screenshot","timestamp":"2014-10-08T14:07:48.900Z"}
{"level":"info","message":"Clicking the help button","timestamp":"2014-10-08T14:07:48.940Z"}
{"parentElementArrayFinder":{"locator_":{"using":"css selector","value":".zoe-btn-help"}},"elementArrayFinder_":{"locator_":{"$ref":"$[\"parentElementArrayFinder\"][\"locator_\"]"}},"level":"info","message":"help button is","timestamp":"2014-10-08T14:07:48.944Z"}
{"takesScreenshot":true,"version":"6.0.5","cssSelectorsEnabled":true,"javascriptEnabled":true,"browserName":"safari","platform":"MAC","secureSsl":true,"webdriver.remote.sessionid":"8f5ba9818eea49a59e8a4069f18c8d58","hasMetadata":true,"level":"info","message":"","timestamp":"2014-10-08T14:07:52.473Z"}
{"level":"info","message":"undefined","timestamp":"2014-10-08T14:07:52.474Z"}
{"level":"info","message":"Initialising file paths with browser & version","timestamp":"2014-10-08T14:07:52.474Z"}
{"level":"info","message":"Initialising file paths with browser & version","timestamp":"2014-10-08T14:07:52.474Z"}
{"level":"info","message":"Initialising file paths with browser & version","timestamp":"2014-10-08T14:07:52.474Z"}
{"level":"info","message":"Initialising file paths with browser & version","timestamp":"2014-10-08T14:07:52.474Z"}
{"level":"info","message":"Initialising file paths with browser & version","timestamp":"2014-10-08T14:07:52.474Z"}
{"level":"info","message":"Initialising file paths with browser & version","timestamp":"2014-10-08T14:07:52.474Z"}
{"level":"info","message":"Initialising file paths with browser & version","timestamp":"2014-10-08T14:07:52.474Z"}
{"level":"info","message":"Initialising file paths with browser & version","timestamp":"2014-10-08T14:07:52.474Z"}
{"level":"info","message":"Initialising file paths with browser & version","timestamp":"2014-10-08T14:07:52.474Z"}
{"level":"info","message":"Initialising file paths with browser & version","timestamp":"2014-10-08T14:07:52.474Z"}
{"level":"info","message":"Initialising file paths with browser & version","timestamp":"2014-10-08T14:07:52.474Z"}
{"level":"info","message":"Initialising file paths with browser & version","timestamp":"2014-10-08T14:07:52.474Z"}
{"level":"info","message":"Initialising file paths with browser & version","timestamp":"2014-10-08T14:07:52.474Z"}
{"level":"info","message":"Initialising file paths with browser & version","timestamp":"2014-10-08T14:07:52.474Z"}
{"level":"info","message":"Initialising file paths with browser & version","timestamp":"2014-10-08T14:07:52.474Z"}
{"level":"info","message":"Initialising file paths with browser & version","timestamp":"2014-10-08T14:07:52.474Z"}
{"level":"info","message":"Initialising file paths with browser & version","timestamp":"2014-10-08T14:07:52.475Z"}
{"level":"info","message":"Initialising file paths with browser & version","timestamp":"2014-10-08T14:07:52.475Z"}
{"level":"info","message":"Initialising file paths with browser & version","timestamp":"2014-10-08T14:07:52.475Z"}
{"level":"info","message":"Initialising file paths with browser & version","timestamp":"2014-10-08T14:07:52.475Z"}
{"level":"info","message":"Initialising file paths with browser & version","timestamp":"2014-10-08T14:07:52.475Z"}
{"level":"info","message":"Got help style of ","timestamp":"2014-10-08T14:07:52.483Z"}
{"level":"info","message":"Saving screenshot to images/help.jpgpopover0.png","timestamp":"2014-10-08T14:07:52.526Z"}
{"level":"info","message":"Opening URL: http://jenkins.zoetrope.io:8888/v3/testInline.html","timestamp":"2014-10-08T14:07:52.904Z"}
{"level":"info","message":"Saved screenshot","timestamp":"2014-10-08T14:07:53.543Z"}
{"level":"info","message":"Clicking the help button","timestamp":"2014-10-08T14:07:53.598Z"}
{"parentElementArrayFinder":{"locator_":{"using":"css selector","value":".zoe-btn-help"}},"elementArrayFinder_":{"locator_":{"$ref":"$[\"parentElementArrayFinder\"][\"locator_\"]"}},"level":"info","message":"help button is","timestamp":"2014-10-08T14:07:53.601Z"}
{"level":"info","message":"Got help style of display: none;","timestamp":"2014-10-08T14:07:57.428Z"}
{"level":"info","message":"Saving screenshot to images/helpClose.jpgpopover0.png","timestamp":"2014-10-08T14:07:57.470Z"}
{"level":"info","message":"Saving screenshot to images/load.jpgpopover0.png","timestamp":"2014-10-08T14:07:58.229Z"}
{"level":"info","message":"Saved screenshot","timestamp":"2014-10-08T14:07:58.473Z"}
{"level":"info","message":"Clicking the zoom button","timestamp":"2014-10-08T14:07:58.517Z"}
{"level":"info","message":"Saving screenshot to images/zoom.jpgpopover0.png","timestamp":"2014-10-08T14:07:58.521Z"}
{"level":"info","message":"Saved screenshot","timestamp":"2014-10-08T14:08:00.911Z"}
{"level":"info","message":"Clicking the help button","timestamp":"2014-10-08T14:08:00.946Z"}
{"parentElementArrayFinder":{"locator_":{"using":"css selector","value":".zoe-btn-help"}},"elementArrayFinder_":{"locator_":{"$ref":"$[\"parentElementArrayFinder\"][\"locator_\"]"}},"level":"info","message":"help button is","timestamp":"2014-10-08T14:08:00.951Z"}
{"level":"info","message":"Saved screenshot","timestamp":"2014-10-08T14:08:01.824Z"}
{"level":"info","message":"Clicking the zoom button","timestamp":"2014-10-08T14:08:01.840Z"}
{"level":"info","message":"Saving screenshot to images/zoomClose.jpgpopover0.png","timestamp":"2014-10-08T14:08:01.842Z"}
{"level":"info","message":"Got help style of ","timestamp":"2014-10-08T14:08:03.229Z"}
{"level":"info","message":"Saving screenshot to images/help.jpgpopover0.png","timestamp":"2014-10-08T14:08:03.272Z"}
{"level":"info","message":"Saved screenshot","timestamp":"2014-10-08T14:08:04.839Z"}
{"level":"info","message":"Opening URL: http://jenkins.zoetrope.io:8888/v3/testPopover.html","timestamp":"2014-10-08T14:08:04.854Z"}
{"level":"info","message":"Saved screenshot","timestamp":"2014-10-08T14:08:05.494Z"}
{"level":"info","message":"Clicking the help button","timestamp":"2014-10-08T14:08:05.538Z"}
{"parentElementArrayFinder":{"locator_":{"using":"css selector","value":".zoe-btn-help"}},"elementArrayFinder_":{"locator_":{"$ref":"$[\"parentElementArrayFinder\"][\"locator_\"]"}},"level":"info","message":"help button is","timestamp":"2014-10-08T14:08:05.541Z"}
{"level":"info","message":"Saving screenshot to images/load.jpgpopover0.png","timestamp":"2014-10-08T14:08:06.290Z"}
{"level":"info","message":"Got help style of display: none; ","timestamp":"2014-10-08T14:08:07.792Z"}
{"level":"info","message":"Saving screenshot to images/helpClose.jpgpopover0.png","timestamp":"2014-10-08T14:08:07.833Z"}
{"level":"info","message":"Saved screenshot","timestamp":"2014-10-08T14:08:11.544Z"}
{"level":"info","message":"Clicking on widget trigger","timestamp":"2014-10-08T14:08:11.582Z"}
{"level":"info","message":"Saved screenshot","timestamp":"2014-10-08T14:08:11.658Z"}
{"level":"info","message":"Clicking the zoom button","timestamp":"2014-10-08T14:08:11.699Z"}
{"level":"info","message":"Saving screenshot to images/zoom.jpgpopover0.png","timestamp":"2014-10-08T14:08:11.704Z"}
{"level":"info","message":"Saving screenshot to images/openWidget.jpgpopover0.png","timestamp":"2014-10-08T14:08:13.518Z"}
{"level":"info","message":"Saved screenshot","timestamp":"2014-10-08T14:08:17.286Z"}
{"level":"info","message":"Clicking the zoom button","timestamp":"2014-10-08T14:08:17.310Z"}
{"level":"info","message":"Saving screenshot to images/zoomClose.jpgpopover0.png","timestamp":"2014-10-08T14:08:17.315Z"}
{"level":"info","message":"Saved screenshot","timestamp":"2014-10-08T14:08:17.835Z"}
{"level":"info","message":"Clicking the help button","timestamp":"2014-10-08T14:08:17.880Z"}
{"parentElementArrayFinder":{"locator_":{"using":"css selector","value":".zoe-btn-help"}},"elementArrayFinder_":{"locator_":{"$ref":"$[\"parentElementArrayFinder\"][\"locator_\"]"}},"level":"info","message":"help button is","timestamp":"2014-10-08T14:08:17.882Z"}
{"level":"info","message":"Got help style of ","timestamp":"2014-10-08T14:08:20.494Z"}
{"level":"info","message":"Saving screenshot to images/help.jpgpopover0.png","timestamp":"2014-10-08T14:08:20.535Z"}
{"level":"info","message":"Saved screenshot","timestamp":"2014-10-08T14:08:21.248Z"}
{"level":"info","message":"Opening URL: http://jenkins.zoetrope.io:8888/v3/testPopover.html","timestamp":"2014-10-08T14:08:21.261Z"}
{"level":"info","message":"Saving screenshot to images/load.jpgpopover0.png","timestamp":"2014-10-08T14:08:22.505Z"}
{"level":"info","message":"Saved screenshot","timestamp":"2014-10-08T14:08:25.228Z"}
{"level":"info","message":"Clicking the help button","timestamp":"2014-10-08T14:08:25.274Z"}
{"parentElementArrayFinder":{"locator_":{"using":"css selector","value":".zoe-btn-help"}},"elementArrayFinder_":{"locator_":{"$ref":"$[\"parentElementArrayFinder\"][\"locator_\"]"}},"level":"info","message":"help button is","timestamp":"2014-10-08T14:08:25.277Z"}
{"level":"info","message":"Saved screenshot","timestamp":"2014-10-08T14:08:26.116Z"}
{"level":"info","message":"Clicking on widget trigger","timestamp":"2014-10-08T14:08:26.149Z"}
{"level":"info","message":"Got help style of display: none;","timestamp":"2014-10-08T14:08:27.752Z"}
{"level":"info","message":"Saving screenshot to images/helpClose.jpgpopover0.png","timestamp":"2014-10-08T14:08:27.795Z"}
{"level":"info","message":"Saving screenshot to images/openWidget.jpgpopover0.png","timestamp":"2014-10-08T14:08:27.950Z"}
{"level":"info","message":"Saved screenshot","timestamp":"2014-10-08T14:08:30.655Z"}
{"level":"info","message":"Clicking the help button","timestamp":"2014-10-08T14:08:30.685Z"}
{"parentElementArrayFinder":{"locator_":{"using":"css selector","value":".zoe-btn-help"}},"elementArrayFinder_":{"locator_":{"$ref":"$[\"parentElementArrayFinder\"][\"locator_\"]"}},"level":"info","message":"help button is","timestamp":"2014-10-08T14:08:30.688Z"}
{"level":"info","message":"Saved screenshot","timestamp":"2014-10-08T14:08:31.971Z"}
{"level":"info","message":"Clicking the zoom button","timestamp":"2014-10-08T14:08:32.014Z"}
{"level":"info","message":"Saving screenshot to images/zoom.jpgpopover0.png","timestamp":"2014-10-08T14:08:32.020Z"}
{"level":"info","message":"Got help style of ","timestamp":"2014-10-08T14:08:33.152Z"}
{"level":"info","message":"Saving screenshot to images/help.jpgpopover0.png","timestamp":"2014-10-08T14:08:33.194Z"}
{"level":"info","message":"Saved screenshot","timestamp":"2014-10-08T14:08:35.318Z"}
{"level":"info","message":"Clicking the help button","timestamp":"2014-10-08T14:08:35.373Z"}
{"parentElementArrayFinder":{"locator_":{"using":"css selector","value":".zoe-btn-help"}},"elementArrayFinder_":{"locator_":{"$ref":"$[\"parentElementArrayFinder\"][\"locator_\"]"}},"level":"info","message":"help button is","timestamp":"2014-10-08T14:08:35.376Z"}
{"level":"info","message":"Got help style of display: none; ","timestamp":"2014-10-08T14:08:37.780Z"}
{"level":"info","message":"Saving screenshot to images/helpClose.jpgpopover0.png","timestamp":"2014-10-08T14:08:37.823Z"}
{"level":"info","message":"Saved screenshot","timestamp":"2014-10-08T14:08:39.241Z"}
{"level":"info","message":"Clicking the zoom button","timestamp":"2014-10-08T14:08:39.253Z"}
{"level":"info","message":"Saving screenshot to images/zoomClose.jpgpopover0.png","timestamp":"2014-10-08T14:08:39.258Z"}
{"level":"info","message":"Saved screenshot","timestamp":"2014-10-08T14:08:40.376Z"}
{"level":"info","message":"Clicking the zoom button","timestamp":"2014-10-08T14:08:40.420Z"}
{"level":"info","message":"Saving screenshot to images/zoom.jpgpopover0.png","timestamp":"2014-10-08T14:08:40.426Z"}
{"level":"info","message":"Saved screenshot","timestamp":"2014-10-08T14:08:45.390Z"}
{"level":"info","message":"Saved screenshot","timestamp":"2014-10-08T14:08:47.167Z"}
{"level":"info","message":"Clicking the zoom button","timestamp":"2014-10-08T14:08:47.177Z"}
{"level":"info","message":"Saving screenshot to images/zoomClose.jpgpopover0.png","timestamp":"2014-10-08T14:08:47.182Z"}
{"level":"info","message":"Saved screenshot","timestamp":"2014-10-08T14:08:53.258Z"}
{"rotatable":false,"browserConnectionEnabled":true,"acceptSslCerts":true,"cssSelectorsEnabled":true,"javascriptEnabled":true,"nativeEvents":true,"databaseEnabled":true,"locationContextEnabled":true,"takesScreenshot":true,"platform":"XP","browserName":"firefox","webdriver.remote.sessionid":"df0040334d384dbb9cf0b32e976fdc57","hasMetadata":true,"version":"27.0","applicationCacheEnabled":true,"webStorageEnabled":true,"handlesAlerts":true,"level":"info","message":"","timestamp":"2014-10-08T14:09:00.820Z"}
{"level":"info","message":"undefined","timestamp":"2014-10-08T14:09:00.821Z"}
{"level":"info","message":"Initialising file paths with browser & version","timestamp":"2014-10-08T14:09:00.822Z"}
{"level":"info","message":"Initialising file paths with browser & version","timestamp":"2014-10-08T14:09:00.822Z"}
{"level":"info","message":"Initialising file paths with browser & version","timestamp":"2014-10-08T14:09:00.822Z"}
{"level":"info","message":"Initialising file paths with browser & version","timestamp":"2014-10-08T14:09:00.822Z"}
{"level":"info","message":"Initialising file paths with browser & version","timestamp":"2014-10-08T14:09:00.822Z"}
{"level":"info","message":"Initialising file paths with browser & version","timestamp":"2014-10-08T14:09:00.822Z"}
{"level":"info","message":"Initialising file paths with browser & version","timestamp":"2014-10-08T14:09:00.822Z"}
{"level":"info","message":"Initialising file paths with browser & version","timestamp":"2014-10-08T14:09:00.822Z"}
{"level":"info","message":"Initialising file paths with browser & version","timestamp":"2014-10-08T14:09:00.822Z"}
{"level":"info","message":"Initialising file paths with browser & version","timestamp":"2014-10-08T14:09:00.822Z"}
{"level":"info","message":"Initialising file paths with browser & version","timestamp":"2014-10-08T14:09:00.822Z"}
{"level":"info","message":"Initialising file paths with browser & version","timestamp":"2014-10-08T14:09:00.822Z"}
{"level":"info","message":"Initialising file paths with browser & version","timestamp":"2014-10-08T14:09:00.822Z"}
{"level":"info","message":"Initialising file paths with browser & version","timestamp":"2014-10-08T14:09:00.822Z"}
{"level":"info","message":"Initialising file paths with browser & version","timestamp":"2014-10-08T14:09:00.822Z"}
{"level":"info","message":"Initialising file paths with browser & version","timestamp":"2014-10-08T14:09:00.823Z"}
{"level":"info","message":"Initialising file paths with browser & version","timestamp":"2014-10-08T14:09:00.823Z"}
{"level":"info","message":"Initialising file paths with browser & version","timestamp":"2014-10-08T14:09:00.823Z"}
{"level":"info","message":"Initialising file paths with browser & version","timestamp":"2014-10-08T14:09:00.823Z"}
{"level":"info","message":"Initialising file paths with browser & version","timestamp":"2014-10-08T14:09:00.823Z"}
{"level":"info","message":"Initialising file paths with browser & version","timestamp":"2014-10-08T14:09:00.823Z"}
{"level":"info","message":"Opening URL: http://jenkins.zoetrope.io:8888/v3/testInline.html","timestamp":"2014-10-08T14:09:01.243Z"}
{"level":"info","message":"Saving screenshot to images/load.jpgpopover0.png","timestamp":"2014-10-08T14:09:06.042Z"}
{"level":"info","message":"Saved screenshot","timestamp":"2014-10-08T14:09:07.183Z"}
{"level":"info","message":"Clicking the help button","timestamp":"2014-10-08T14:09:07.217Z"}
{"parentElementArrayFinder":{"locator_":{"using":"css selector","value":".zoe-btn-help"}},"elementArrayFinder_":{"locator_":{"$ref":"$[\"parentElementArrayFinder\"][\"locator_\"]"}},"level":"info","message":"help button is","timestamp":"2014-10-08T14:09:07.221Z"}
{"level":"info","message":"Got help style of ","timestamp":"2014-10-08T14:09:09.272Z"}
{"level":"info","message":"Saving screenshot to images/help.jpgpopover0.png","timestamp":"2014-10-08T14:09:09.315Z"}
{"rotatable":false,"browserConnectionEnabled":false,"acceptSslCerts":true,"cssSelectorsEnabled":true,"chrome":{"chromedriverVersion":"2.4.226107"},"javascriptEnabled":true,"version":"30.0.1599.65","webdriver.remote.sessionid":"128e71b37ea047759429584ce5fa7d8c","databaseEnabled":true,"locationContextEnabled":true,"platform":"Windows NT","browserName":"chrome","takesScreenshot":true,"hasMetadata":true,"nativeEvents":true,"applicationCacheEnabled":false,"webStorageEnabled":true,"handlesAlerts":true,"level":"info","message":"","timestamp":"2014-10-08T14:09:10.801Z"}
{"level":"info","message":"undefined","timestamp":"2014-10-08T14:09:10.802Z"}
{"level":"info","message":"Initialising file paths with browser & version","timestamp":"2014-10-08T14:09:10.802Z"}
{"level":"info","message":"Initialising file paths with browser & version","timestamp":"2014-10-08T14:09:10.802Z"}
{"level":"info","message":"Initialising file paths with browser & version","timestamp":"2014-10-08T14:09:10.802Z"}
{"level":"info","message":"Initialising file paths with browser & version","timestamp":"2014-10-08T14:09:10.802Z"}
{"level":"info","message":"Initialising file paths with browser & version","timestamp":"2014-10-08T14:09:10.802Z"}
{"level":"info","message":"Initialising file paths with browser & version","timestamp":"2014-10-08T14:09:10.802Z"}
{"level":"info","message":"Initialising file paths with browser & version","timestamp":"2014-10-08T14:09:10.802Z"}
{"level":"info","message":"Initialising file paths with browser & version","timestamp":"2014-10-08T14:09:10.802Z"}
{"level":"info","message":"Initialising file paths with browser & version","timestamp":"2014-10-08T14:09:10.802Z"}
{"level":"info","message":"Initialising file paths with browser & version","timestamp":"2014-10-08T14:09:10.803Z"}
{"level":"info","message":"Initialising file paths with browser & version","timestamp":"2014-10-08T14:09:10.803Z"}
{"level":"info","message":"Initialising file paths with browser & version","timestamp":"2014-10-08T14:09:10.803Z"}
{"level":"info","message":"Initialising file paths with browser & version","timestamp":"2014-10-08T14:09:10.803Z"}
{"level":"info","message":"Initialising file paths with browser & version","timestamp":"2014-10-08T14:09:10.803Z"}
{"level":"info","message":"Initialising file paths with browser & version","timestamp":"2014-10-08T14:09:10.803Z"}
{"level":"info","message":"Initialising file paths with browser & version","timestamp":"2014-10-08T14:09:10.803Z"}
{"level":"info","message":"Initialising file paths with browser & version","timestamp":"2014-10-08T14:09:10.803Z"}
{"level":"info","message":"Initialising file paths with browser & version","timestamp":"2014-10-08T14:09:10.803Z"}
{"level":"info","message":"Initialising file paths with browser & version","timestamp":"2014-10-08T14:09:10.803Z"}
{"level":"info","message":"Initialising file paths with browser & version","timestamp":"2014-10-08T14:09:10.803Z"}
{"level":"info","message":"Initialising file paths with browser & version","timestamp":"2014-10-08T14:09:10.803Z"}
{"level":"info","message":"Saved screenshot","timestamp":"2014-10-08T14:09:10.930Z"}
{"level":"info","message":"Clicking the help button","timestamp":"2014-10-08T14:09:10.988Z"}
{"parentElementArrayFinder":{"locator_":{"using":"css selector","value":".zoe-btn-help"}},"elementArrayFinder_":{"locator_":{"$ref":"$[\"parentElementArrayFinder\"][\"locator_\"]"}},"level":"info","message":"help button is","timestamp":"2014-10-08T14:09:10.991Z"}
{"level":"info","message":"Opening URL: http://jenkins.zoetrope.io:8888/v3/testInline.html","timestamp":"2014-10-08T14:09:11.201Z"}
{"level":"info","message":"Got help style of display: none;","timestamp":"2014-10-08T14:09:13.153Z"}
{"level":"info","message":"Saving screenshot to images/helpClose.jpgpopover0.png","timestamp":"2014-10-08T14:09:13.196Z"}
{"level":"info","message":"Saved screenshot","timestamp":"2014-10-08T14:09:14.638Z"}
{"level":"info","message":"Clicking the zoom button","timestamp":"2014-10-08T14:09:14.682Z"}
{"level":"info","message":"Saving screenshot to images/zoom.jpgpopover0.png","timestamp":"2014-10-08T14:09:14.687Z"}
{"level":"info","message":"Saving screenshot to images/load.jpgpopover0.png","timestamp":"2014-10-08T14:09:16.511Z"}
{"level":"info","message":"Saved screenshot","timestamp":"2014-10-08T14:09:17.737Z"}
{"level":"info","message":"Clicking the zoom button","timestamp":"2014-10-08T14:09:17.763Z"}
{"level":"info","message":"Saving screenshot to images/zoomClose.jpgpopover0.png","timestamp":"2014-10-08T14:09:17.768Z"}
{"level":"info","message":"Saved screenshot","timestamp":"2014-10-08T14:09:18.446Z"}
{"level":"info","message":"Clicking the help button","timestamp":"2014-10-08T14:09:18.484Z"}
{"parentElementArrayFinder":{"locator_":{"using":"css selector","value":".zoe-btn-help"}},"elementArrayFinder_":{"locator_":{"$ref":"$[\"parentElementArrayFinder\"][\"locator_\"]"}},"level":"info","message":"help button is","timestamp":"2014-10-08T14:09:18.487Z"}
{"level":"info","message":"Saved screenshot","timestamp":"2014-10-08T14:09:20.294Z"}
{"level":"info","message":"Opening URL: http://jenkins.zoetrope.io:8888/v3/testPopover.html","timestamp":"2014-10-08T14:09:20.308Z"}
{"level":"info","message":"Got help style of ","timestamp":"2014-10-08T14:09:20.659Z"}
{"level":"info","message":"Saving screenshot to images/help.jpgpopover0.png","timestamp":"2014-10-08T14:09:20.703Z"}
{"level":"info","message":"Saving screenshot to images/load.jpgpopover0.png","timestamp":"2014-10-08T14:09:21.295Z"}
{"level":"info","message":"Saved screenshot","timestamp":"2014-10-08T14:09:22.422Z"}
{"level":"info","message":"Clicking the help button","timestamp":"2014-10-08T14:09:22.465Z"}
{"parentElementArrayFinder":{"locator_":{"using":"css selector","value":".zoe-btn-help"}},"elementArrayFinder_":{"locator_":{"$ref":"$[\"parentElementArrayFinder\"][\"locator_\"]"}},"level":"info","message":"help button is","timestamp":"2014-10-08T14:09:22.467Z"}
{"level":"info","message":"Saved screenshot","timestamp":"2014-10-08T14:09:23.383Z"}
{"level":"info","message":"Clicking on widget trigger","timestamp":"2014-10-08T14:09:23.429Z"}
{"level":"info","message":"Got help style of display: none;","timestamp":"2014-10-08T14:09:24.573Z"}
{"level":"info","message":"Saving screenshot to images/helpClose.jpgpopover0.png","timestamp":"2014-10-08T14:09:24.615Z"}
{"level":"info","message":"Saving screenshot to images/openWidget.jpgpopover0.png","timestamp":"2014-10-08T14:09:24.849Z"}
{"level":"info","message":"Saved screenshot","timestamp":"2014-10-08T14:09:26.488Z"}
{"level":"info","message":"Clicking the zoom button","timestamp":"2014-10-08T14:09:26.542Z"}
{"level":"info","message":"Saving screenshot to images/zoom.jpgpopover0.png","timestamp":"2014-10-08T14:09:26.546Z"}
{"level":"info","message":"Saved screenshot","timestamp":"2014-10-08T14:09:27.188Z"}
{"level":"info","message":"Clicking the help button","timestamp":"2014-10-08T14:09:27.219Z"}
{"parentElementArrayFinder":{"locator_":{"using":"css selector","value":".zoe-btn-help"}},"elementArrayFinder_":{"locator_":{"$ref":"$[\"parentElementArrayFinder\"][\"locator_\"]"}},"level":"info","message":"help button is","timestamp":"2014-10-08T14:09:27.222Z"}
{"level":"info","message":"Got help style of ","timestamp":"2014-10-08T14:09:29.471Z"}
{"level":"info","message":"Saving screenshot to images/help.jpgpopover0.png","timestamp":"2014-10-08T14:09:29.514Z"}
{"level":"info","message":"Saved screenshot","timestamp":"2014-10-08T14:09:30.982Z"}
{"level":"info","message":"Clicking the zoom button","timestamp":"2014-10-08T14:09:30.996Z"}
{"level":"info","message":"Saving screenshot to images/zoomClose.jpgpopover0.png","timestamp":"2014-10-08T14:09:31.001Z"}
{"level":"info","message":"Saved screenshot","timestamp":"2014-10-08T14:09:31.200Z"}
{"level":"info","message":"Clicking the help button","timestamp":"2014-10-08T14:09:31.241Z"}
{"parentElementArrayFinder":{"locator_":{"using":"css selector","value":".zoe-btn-help"}},"elementArrayFinder_":{"locator_":{"$ref":"$[\"parentElementArrayFinder\"][\"locator_\"]"}},"level":"info","message":"help button is","timestamp":"2014-10-08T14:09:31.245Z"}
{"level":"info","message":"Got help style of display: none;","timestamp":"2014-10-08T14:09:34.444Z"}
{"level":"info","message":"Saving screenshot to images/helpClose.jpgpopover0.png","timestamp":"2014-10-08T14:09:34.486Z"}
{"level":"info","message":"Saved screenshot","timestamp":"2014-10-08T14:09:34.936Z"}
{"level":"info","message":"Opening URL: http://jenkins.zoetrope.io:8888/v3/testPopover.html","timestamp":"2014-10-08T14:09:34.950Z"}
{"level":"info","message":"Saving screenshot to images/load.jpgpopover0.png","timestamp":"2014-10-08T14:09:36.092Z"}
{"level":"info","message":"Saved screenshot","timestamp":"2014-10-08T14:09:36.764Z"}
{"level":"info","message":"Clicking the zoom button","timestamp":"2014-10-08T14:09:36.821Z"}
{"level":"info","message":"Saving screenshot to images/zoom.jpgpopover0.png","timestamp":"2014-10-08T14:09:36.826Z"}
{"level":"info","message":"Saved screenshot","timestamp":"2014-10-08T14:09:39.102Z"}
{"level":"info","message":"Clicking on widget trigger","timestamp":"2014-10-08T14:09:39.135Z"}
{"level":"info","message":"Saving screenshot to images/openWidget.jpgpopover0.png","timestamp":"2014-10-08T14:09:40.340Z"}
{"level":"info","message":"Saved screenshot","timestamp":"2014-10-08T14:09:42.506Z"}
{"level":"info","message":"Clicking the help button","timestamp":"2014-10-08T14:09:42.540Z"}
{"parentElementArrayFinder":{"locator_":{"using":"css selector","value":".zoe-btn-help"}},"elementArrayFinder_":{"locator_":{"$ref":"$[\"parentElementArrayFinder\"][\"locator_\"]"}},"level":"info","message":"help button is","timestamp":"2014-10-08T14:09:42.543Z"}
{"level":"info","message":"Saved screenshot","timestamp":"2014-10-08T14:09:42.927Z"}
{"level":"info","message":"Clicking the zoom button","timestamp":"2014-10-08T14:09:42.937Z"}
{"level":"info","message":"Saving screenshot to images/zoomClose.jpgpopover0.png","timestamp":"2014-10-08T14:09:42.941Z"}
{"level":"info","message":"Got help style of ","timestamp":"2014-10-08T14:09:44.672Z"}
{"level":"info","message":"Saving screenshot to images/help.jpgpopover0.png","timestamp":"2014-10-08T14:09:44.715Z"}
{"level":"info","message":"Saved screenshot","timestamp":"2014-10-08T14:09:46.453Z"}
{"level":"info","message":"Clicking the help button","timestamp":"2014-10-08T14:09:46.497Z"}
{"parentElementArrayFinder":{"locator_":{"using":"css selector","value":".zoe-btn-help"}},"elementArrayFinder_":{"locator_":{"$ref":"$[\"parentElementArrayFinder\"][\"locator_\"]"}},"level":"info","message":"help button is","timestamp":"2014-10-08T14:09:46.501Z"}
{"level":"info","message":"Saved screenshot","timestamp":"2014-10-08T14:09:46.724Z"}
{"level":"info","message":"Got help style of display: none;","timestamp":"2014-10-08T14:09:48.698Z"}
{"level":"info","message":"Saving screenshot to images/helpClose.jpgpopover0.png","timestamp":"2014-10-08T14:09:48.741Z"}
{"level":"info","message":"Saved screenshot","timestamp":"2014-10-08T14:09:50.456Z"}
{"level":"info","message":"Clicking the zoom button","timestamp":"2014-10-08T14:09:50.497Z"}
{"level":"info","message":"Saving screenshot to images/zoom.jpgpopover0.png","timestamp":"2014-10-08T14:09:50.502Z"}
{"level":"info","message":"Saved screenshot","timestamp":"2014-10-08T14:09:55.095Z"}
{"level":"info","message":"Clicking the zoom button","timestamp":"2014-10-08T14:09:55.107Z"}
{"level":"info","message":"Saving screenshot to images/zoomClose.jpgpopover0.png","timestamp":"2014-10-08T14:09:55.112Z"}
{"level":"info","message":"Saved screenshot","timestamp":"2014-10-08T14:09:58.948Z"}
{"level":"info","message":"Initialising jasmine tests","timestamp":"2014-10-08T14:11:53.897Z"}
{"inline":{},"popover":{},"indiscriminate":{},"progressWrapper":{"parentElementArrayFinder":{"locator_":{"using":"css selector","value":".zoe-progress-wrapper"}},"elementArrayFinder_":{"locator_":{"$ref":"$[\"progressWrapper\"][\"parentElementArrayFinder\"][\"locator_\"]"}}},"widgetOverlay":{"parentElementArrayFinder":{"locator_":{"using":"css selector","value":"#zoe-zbox-overlay"}},"elementArrayFinder_":{"locator_":{"$ref":"$[\"widgetOverlay\"][\"parentElementArrayFinder\"][\"locator_\"]"}}},"widgetTrigger":{"parentElementArrayFinder":{"locator_":{"using":"css selector","value":".zoe-engage-trigger>img"}},"elementArrayFinder_":{"locator_":{"$ref":"$[\"widgetTrigger\"][\"parentElementArrayFinder\"][\"locator_\"]"}}},"widgetColorbox":{"parentElementArrayFinder":{"locator_":{"using":"css selector","value":"#zoe-zbox-content"}},"elementArrayFinder_":{"locator_":{"$ref":"$[\"widgetColorbox\"][\"parentElementArrayFinder\"][\"locator_\"]"}}},"helpButton":{"parentElementArrayFinder":{"locator_":{"using":"css selector","value":".zoe-btn-help"}},"elementArrayFinder_":{"locator_":{"$ref":"$[\"helpButton\"][\"parentElementArrayFinder\"][\"locator_\"]"}}},"helpElement":{"parentElementArrayFinder":{"locator_":{"using":"css selector","value":".zoe-help-overlay"}},"elementArrayFinder_":{"locator_":{"$ref":"$[\"helpElement\"][\"parentElementArrayFinder\"][\"locator_\"]"}}},"zoomButton":{"parentElementArrayFinder":{"locator_":{"using":"css selector","value":".zoe-btn-zoom"}},"elementArrayFinder_":{"locator_":{"$ref":"$[\"zoomButton\"][\"parentElementArrayFinder\"][\"locator_\"]"}}},"zoomElement":{"parentElementArrayFinder":{"locator_":{"using":"css selector","value":".zoe-zoom"}},"elementArrayFinder_":{"locator_":{"$ref":"$[\"zoomElement\"][\"parentElementArrayFinder\"][\"locator_\"]"}}},"zoomImage":{"parentElementArrayFinder":{"locator_":{"using":"css selector","value":".zoe-zoom-frame"}},"elementArrayFinder_":{"locator_":{"$ref":"$[\"zoomImage\"][\"parentElementArrayFinder\"][\"locator_\"]"}}},"closeButton":{"parentElementArrayFinder":{"locator_":{"using":"css selector","value":".zoe-btn-close"}},"elementArrayFinder_":{"locator_":{"$ref":"$[\"closeButton\"][\"parentElementArrayFinder\"][\"locator_\"]"}}},"widgetImageDiv":{"parentElementArrayFinder":{"locator_":{"using":"css selector","value":".zoe-engage-image.reel"}},"elementArrayFinder_":{"locator_":{"$ref":"$[\"widgetImageDiv\"][\"parentElementArrayFinder\"][\"locator_\"]"}}},"inlineDivSelector":{"parentElementArrayFinder":{"locator_":{"using":"css selector","value":".zoe-inline.reel"}},"elementArrayFinder_":{"locator_":{"$ref":"$[\"inlineDivSelector\"][\"parentElementArrayFinder\"][\"locator_\"]"}}},"widgetWrapperSelector":{"parentElementArrayFinder":{"locator_":{"using":"css selector","value":".zoe-engage-wrapper"}},"elementArrayFinder_":{"locator_":{"$ref":"$[\"widgetWrapperSelector\"][\"parentElementArrayFinder\"][\"locator_\"]"}}},"widgetWrapperImage":{"parentElementArrayFinder":{"locator_":{"using":"css selector","value":".zoe-frame"}},"elementArrayFinder_":{"locator_":{"$ref":"$[\"widgetWrapperImage\"][\"parentElementArrayFinder\"][\"locator_\"]"}}},"pageImageSelector":{"parentElementArrayFinder":{"locator_":{"using":"css selector","value":".zoe-engage-wrapper"}},"elementArrayFinder_":{"locator_":{"$ref":"$[\"pageImageSelector\"][\"parentElementArrayFinder\"][\"locator_\"]"}}},"inlineTrigger":{"parentElementArrayFinder":{"locator_":{"using":"css selector","value":"a.zoe-engage-trigger"}},"elementArrayFinder_":{"locator_":{"$ref":"$[\"inlineTrigger\"][\"parentElementArrayFinder\"][\"locator_\"]"}}},"inlineWrapper":{"parentElementArrayFinder":{"locator_":{"using":"css selector","value":".zoe-engage-wrapper.zoe-inline"}},"elementArrayFinder_":{"locator_":{"$ref":"$[\"inlineWrapper\"][\"parentElementArrayFinder\"][\"locator_\"]"}}},"frameSelector":{"parentElementArrayFinder":{"locator_":{"using":"css selector","value":".zoe-frame"}},"elementArrayFinder_":{"locator_":{"$ref":"$[\"frameSelector\"][\"parentElementArrayFinder\"][\"locator_\"]"}}},"interactCTA":{"parentElementArrayFinder":{"locator_":{"using":"css selector","value":".zoe-interact-cta"}},"elementArrayFinder_":{"locator_":{"$ref":"$[\"interactCTA\"][\"parentElementArrayFinder\"][\"locator_\"]"}}},"triggerCTA":{"parentElementArrayFinder":{"locator_":{"using":"css selector","value":".zoe-trigger-cta"}},"elementArrayFinder_":{"locator_":{"$ref":"$[\"triggerCTA\"][\"parentElementArrayFinder\"][\"locator_\"]"}}},"helpRotate":{"parentElementArrayFinder":{"locator_":{"using":"css selector","value":".zoe-help-rotate .zoe-help-text"}},"elementArrayFinder_":{"locator_":{"$ref":"$[\"helpRotate\"][\"parentElementArrayFinder\"][\"locator_\"]"}}},"helpElevate":{"parentElementArrayFinder":{"locator_":{"using":"css selector","value":".zoe-help-elevate .zoe-help-text"}},"elementArrayFinder_":{"locator_":{"$ref":"$[\"helpElevate\"][\"parentElementArrayFinder\"][\"locator_\"]"}}},"helpZoom":{"parentElementArrayFinder":{"locator_":{"using":"css selector","value":".zoe-help-zoom .zoe-help-text"}},"elementArrayFinder_":{"locator_":{"$ref":"$[\"helpZoom\"][\"parentElementArrayFinder\"][\"locator_\"]"}}},"helpBrand":{"parentElementArrayFinder":{"locator_":{"using":"css selector","value":".zoe-help-brand .zoe-help-text"}},"elementArrayFinder_":{"locator_":{"$ref":"$[\"helpBrand\"][\"parentElementArrayFinder\"][\"locator_\"]"}}},"extraContent":{"parentElementArrayFinder":{"locator_":{"using":"css selector","value":".zoe-display-extra-content"}},"elementArrayFinder_":{"locator_":{"$ref":"$[\"extraContent\"][\"parentElementArrayFinder\"][\"locator_\"]"}}},"level":"debug","message":"elementFinder is ","timestamp":"2014-10-08T14:11:53.899Z"}
{"level":"info","message":"Initialising file paths with browser & version","timestamp":"2014-10-08T14:11:53.907Z"}
{"level":"info","message":"Initialising file paths with browser & version","timestamp":"2014-10-08T14:11:53.907Z"}
{"level":"info","message":"Initialising file paths with browser & version","timestamp":"2014-10-08T14:11:53.907Z"}
{"level":"info","message":"Initialising file paths with browser & version","timestamp":"2014-10-08T14:11:53.907Z"}
{"level":"info","message":"Initialising file paths with browser & version","timestamp":"2014-10-08T14:11:53.907Z"}
{"level":"info","message":"Initialising file paths with browser & version","timestamp":"2014-10-08T14:11:53.907Z"}
{"level":"info","message":"Initialising file paths with browser & version","timestamp":"2014-10-08T14:11:53.912Z"}
{"level":"info","message":"Initialising file paths with browser & version","timestamp":"2014-10-08T14:11:53.912Z"}
{"level":"info","message":"Initialising file paths with browser & version","timestamp":"2014-10-08T14:11:53.912Z"}
{"level":"info","message":"Initialising file paths with browser & version","timestamp":"2014-10-08T14:11:53.912Z"}
{"level":"info","message":"Initialising file paths with browser & version","timestamp":"2014-10-08T14:11:53.912Z"}
{"level":"info","message":"Initialising file paths with browser & version","timestamp":"2014-10-08T14:11:53.912Z"}
{"level":"info","message":"Initialising jasmine tests","timestamp":"2014-10-08T14:11:53.905Z"}
{"inline":{},"popover":{},"indiscriminate":{},"progressWrapper":{"parentElementArrayFinder":{"locator_":{"using":"css selector","value":".zoe-progress-wrapper"}},"elementArrayFinder_":{"locator_":{"$ref":"$[\"progressWrapper\"][\"parentElementArrayFinder\"][\"locator_\"]"}}},"widgetOverlay":{"parentElementArrayFinder":{"locator_":{"using":"css selector","value":"#zoe-zbox-overlay"}},"elementArrayFinder_":{"locator_":{"$ref":"$[\"widgetOverlay\"][\"parentElementArrayFinder\"][\"locator_\"]"}}},"widgetTrigger":{"parentElementArrayFinder":{"locator_":{"using":"css selector","value":".zoe-engage-trigger>img"}},"elementArrayFinder_":{"locator_":{"$ref":"$[\"widgetTrigger\"][\"parentElementArrayFinder\"][\"locator_\"]"}}},"widgetColorbox":{"parentElementArrayFinder":{"locator_":{"using":"css selector","value":"#zoe-zbox-content"}},"elementArrayFinder_":{"locator_":{"$ref":"$[\"widgetColorbox\"][\"parentElementArrayFinder\"][\"locator_\"]"}}},"helpButton":{"parentElementArrayFinder":{"locator_":{"using":"css selector","value":".zoe-btn-help"}},"elementArrayFinder_":{"locator_":{"$ref":"$[\"helpButton\"][\"parentElementArrayFinder\"][\"locator_\"]"}}},"helpElement":{"parentElementArrayFinder":{"locator_":{"using":"css selector","value":".zoe-help-overlay"}},"elementArrayFinder_":{"locator_":{"$ref":"$[\"helpElement\"][\"parentElementArrayFinder\"][\"locator_\"]"}}},"zoomButton":{"parentElementArrayFinder":{"locator_":{"using":"css selector","value":".zoe-btn-zoom"}},"elementArrayFinder_":{"locator_":{"$ref":"$[\"zoomButton\"][\"parentElementArrayFinder\"][\"locator_\"]"}}},"zoomElement":{"parentElementArrayFinder":{"locator_":{"using":"css selector","value":".zoe-zoom"}},"elementArrayFinder_":{"locator_":{"$ref":"$[\"zoomElement\"][\"parentElementArrayFinder\"][\"locator_\"]"}}},"zoomImage":{"parentElementArrayFinder":{"locator_":{"using":"css selector","value":".zoe-zoom-frame"}},"elementArrayFinder_":{"locator_":{"$ref":"$[\"zoomImage\"][\"parentElementArrayFinder\"][\"locator_\"]"}}},"closeButton":{"parentElementArrayFinder":{"locator_":{"using":"css selector","value":".zoe-btn-close"}},"elementArrayFinder_":{"locator_":{"$ref":"$[\"closeButton\"][\"parentElementArrayFinder\"][\"locator_\"]"}}},"widgetImageDiv":{"parentElementArrayFinder":{"locator_":{"using":"css selector","value":".zoe-engage-image.reel"}},"elementArrayFinder_":{"locator_":{"$ref":"$[\"widgetImageDiv\"][\"parentElementArrayFinder\"][\"locator_\"]"}}},"inlineDivSelector":{"parentElementArrayFinder":{"locator_":{"using":"css selector","value":".zoe-inline.reel"}},"elementArrayFinder_":{"locator_":{"$ref":"$[\"inlineDivSelector\"][\"parentElementArrayFinder\"][\"locator_\"]"}}},"widgetWrapperSelector":{"parentElementArrayFinder":{"locator_":{"using":"css selector","value":".zoe-engage-wrapper"}},"elementArrayFinder_":{"locator_":{"$ref":"$[\"widgetWrapperSelector\"][\"parentElementArrayFinder\"][\"locator_\"]"}}},"widgetWrapperImage":{"parentElementArrayFinder":{"locator_":{"using":"css selector","value":".zoe-frame"}},"elementArrayFinder_":{"locator_":{"$ref":"$[\"widgetWrapperImage\"][\"parentElementArrayFinder\"][\"locator_\"]"}}},"pageImageSelector":{"parentElementArrayFinder":{"locator_":{"using":"css selector","value":".zoe-engage-wrapper"}},"elementArrayFinder_":{"locator_":{"$ref":"$[\"pageImageSelector\"][\"parentElementArrayFinder\"][\"locator_\"]"}}},"inlineTrigger":{"parentElementArrayFinder":{"locator_":{"using":"css selector","value":"a.zoe-engage-trigger"}},"elementArrayFinder_":{"locator_":{"$ref":"$[\"inlineTrigger\"][\"parentElementArrayFinder\"][\"locator_\"]"}}},"inlineWrapper":{"parentElementArrayFinder":{"locator_":{"using":"css selector","value":".zoe-engage-wrapper.zoe-inline"}},"elementArrayFinder_":{"locator_":{"$ref":"$[\"inlineWrapper\"][\"parentElementArrayFinder\"][\"locator_\"]"}}},"frameSelector":{"parentElementArrayFinder":{"locator_":{"using":"css selector","value":".zoe-frame"}},"elementArrayFinder_":{"locator_":{"$ref":"$[\"frameSelector\"][\"parentElementArrayFinder\"][\"locator_\"]"}}},"interactCTA":{"parentElementArrayFinder":{"locator_":{"using":"css selector","value":".zoe-interact-cta"}},"elementArrayFinder_":{"locator_":{"$ref":"$[\"interactCTA\"][\"parentElementArrayFinder\"][\"locator_\"]"}}},"triggerCTA":{"parentElementArrayFinder":{"locator_":{"using":"css selector","value":".zoe-trigger-cta"}},"elementArrayFinder_":{"locator_":{"$ref":"$[\"triggerCTA\"][\"parentElementArrayFinder\"][\"locator_\"]"}}},"helpRotate":{"parentElementArrayFinder":{"locator_":{"using":"css selector","value":".zoe-help-rotate .zoe-help-text"}},"elementArrayFinder_":{"locator_":{"$ref":"$[\"helpRotate\"][\"parentElementArrayFinder\"][\"locator_\"]"}}},"helpElevate":{"parentElementArrayFinder":{"locator_":{"using":"css selector","value":".zoe-help-elevate .zoe-help-text"}},"elementArrayFinder_":{"locator_":{"$ref":"$[\"helpElevate\"][\"parentElementArrayFinder\"][\"locator_\"]"}}},"helpZoom":{"parentElementArrayFinder":{"locator_":{"using":"css selector","value":".zoe-help-zoom .zoe-help-text"}},"elementArrayFinder_":{"locator_":{"$ref":"$[\"helpZoom\"][\"parentElementArrayFinder\"][\"locator_\"]"}}},"helpBrand":{"parentElementArrayFinder":{"locator_":{"using":"css selector","value":".zoe-help-brand .zoe-help-text"}},"elementArrayFinder_":{"locator_":{"$ref":"$[\"helpBrand\"][\"parentElementArrayFinder\"][\"locator_\"]"}}},"extraContent":{"parentElementArrayFinder":{"locator_":{"using":"css selector","value":".zoe-display-extra-content"}},"elementArrayFinder_":{"locator_":{"$ref":"$[\"extraContent\"][\"parentElementArrayFinder\"][\"locator_\"]"}}},"level":"debug","message":"elementFinder is ","timestamp":"2014-10-08T14:11:53.908Z"}
{"level":"info","message":"Initialising file paths with browser & version","timestamp":"2014-10-08T14:11:53.915Z"}
{"level":"info","message":"Initialising file paths with browser & version","timestamp":"2014-10-08T14:11:53.915Z"}
{"level":"info","message":"Initialising file paths with browser & version","timestamp":"2014-10-08T14:11:53.915Z"}
{"level":"info","message":"Initialising file paths with browser & version","timestamp":"2014-10-08T14:11:53.915Z"}
{"level":"info","message":"Initialising file paths with browser & version","timestamp":"2014-10-08T14:11:53.915Z"}
{"level":"info","message":"Initialising file paths with browser & version","timestamp":"2014-10-08T14:11:53.915Z"}
{"level":"info","message":"Initialising file paths with browser & version","timestamp":"2014-10-08T14:11:53.921Z"}
{"level":"info","message":"Initialising file paths with browser & version","timestamp":"2014-10-08T14:11:53.922Z"}
{"level":"info","message":"Initialising file paths with browser & version","timestamp":"2014-10-08T14:11:53.922Z"}
{"level":"info","message":"Initialising file paths with browser & version","timestamp":"2014-10-08T14:11:53.922Z"}
{"level":"info","message":"Initialising file paths with browser & version","timestamp":"2014-10-08T14:11:53.922Z"}
{"level":"info","message":"Initialising file paths with browser & version","timestamp":"2014-10-08T14:11:53.922Z"}
{"level":"info","message":"Initialising jasmine tests","timestamp":"2014-10-08T14:11:53.938Z"}
{"inline":{},"popover":{},"indiscriminate":{},"progressWrapper":{"parentElementArrayFinder":{"locator_":{"using":"css selector","value":".zoe-progress-wrapper"}},"elementArrayFinder_":{"locator_":{"$ref":"$[\"progressWrapper\"][\"parentElementArrayFinder\"][\"locator_\"]"}}},"widgetOverlay":{"parentElementArrayFinder":{"locator_":{"using":"css selector","value":"#zoe-zbox-overlay"}},"elementArrayFinder_":{"locator_":{"$ref":"$[\"widgetOverlay\"][\"parentElementArrayFinder\"][\"locator_\"]"}}},"widgetTrigger":{"parentElementArrayFinder":{"locator_":{"using":"css selector","value":".zoe-engage-trigger>img"}},"elementArrayFinder_":{"locator_":{"$ref":"$[\"widgetTrigger\"][\"parentElementArrayFinder\"][\"locator_\"]"}}},"widgetColorbox":{"parentElementArrayFinder":{"locator_":{"using":"css selector","value":"#zoe-zbox-content"}},"elementArrayFinder_":{"locator_":{"$ref":"$[\"widgetColorbox\"][\"parentElementArrayFinder\"][\"locator_\"]"}}},"helpButton":{"parentElementArrayFinder":{"locator_":{"using":"css selector","value":".zoe-btn-help"}},"elementArrayFinder_":{"locator_":{"$ref":"$[\"helpButton\"][\"parentElementArrayFinder\"][\"locator_\"]"}}},"helpElement":{"parentElementArrayFinder":{"locator_":{"using":"css selector","value":".zoe-help-overlay"}},"elementArrayFinder_":{"locator_":{"$ref":"$[\"helpElement\"][\"parentElementArrayFinder\"][\"locator_\"]"}}},"zoomButton":{"parentElementArrayFinder":{"locator_":{"using":"css selector","value":".zoe-btn-zoom"}},"elementArrayFinder_":{"locator_":{"$ref":"$[\"zoomButton\"][\"parentElementArrayFinder\"][\"locator_\"]"}}},"zoomElement":{"parentElementArrayFinder":{"locator_":{"using":"css selector","value":".zoe-zoom"}},"elementArrayFinder_":{"locator_":{"$ref":"$[\"zoomElement\"][\"parentElementArrayFinder\"][\"locator_\"]"}}},"zoomImage":{"parentElementArrayFinder":{"locator_":{"using":"css selector","value":".zoe-zoom-frame"}},"elementArrayFinder_":{"locator_":{"$ref":"$[\"zoomImage\"][\"parentElementArrayFinder\"][\"locator_\"]"}}},"closeButton":{"parentElementArrayFinder":{"locator_":{"using":"css selector","value":".zoe-btn-close"}},"elementArrayFinder_":{"locator_":{"$ref":"$[\"closeButton\"][\"parentElementArrayFinder\"][\"locator_\"]"}}},"widgetImageDiv":{"parentElementArrayFinder":{"locator_":{"using":"css selector","value":".zoe-engage-image.reel"}},"elementArrayFinder_":{"locator_":{"$ref":"$[\"widgetImageDiv\"][\"parentElementArrayFinder\"][\"locator_\"]"}}},"inlineDivSelector":{"parentElementArrayFinder":{"locator_":{"using":"css selector","value":".zoe-inline.reel"}},"elementArrayFinder_":{"locator_":{"$ref":"$[\"inlineDivSelector\"][\"parentElementArrayFinder\"][\"locator_\"]"}}},"widgetWrapperSelector":{"parentElementArrayFinder":{"locator_":{"using":"css selector","value":".zoe-engage-wrapper"}},"elementArrayFinder_":{"locator_":{"$ref":"$[\"widgetWrapperSelector\"][\"parentElementArrayFinder\"][\"locator_\"]"}}},"widgetWrapperImage":{"parentElementArrayFinder":{"locator_":{"using":"css selector","value":".zoe-frame"}},"elementArrayFinder_":{"locator_":{"$ref":"$[\"widgetWrapperImage\"][\"parentElementArrayFinder\"][\"locator_\"]"}}},"pageImageSelector":{"parentElementArrayFinder":{"locator_":{"using":"css selector","value":".zoe-engage-wrapper"}},"elementArrayFinder_":{"locator_":{"$ref":"$[\"pageImageSelector\"][\"parentElementArrayFinder\"][\"locator_\"]"}}},"inlineTrigger":{"parentElementArrayFinder":{"locator_":{"using":"css selector","value":"a.zoe-engage-trigger"}},"elementArrayFinder_":{"locator_":{"$ref":"$[\"inlineTrigger\"][\"parentElementArrayFinder\"][\"locator_\"]"}}},"inlineWrapper":{"parentElementArrayFinder":{"locator_":{"using":"css selector","value":".zoe-engage-wrapper.zoe-inline"}},"elementArrayFinder_":{"locator_":{"$ref":"$[\"inlineWrapper\"][\"parentElementArrayFinder\"][\"locator_\"]"}}},"frameSelector":{"parentElementArrayFinder":{"locator_":{"using":"css selector","value":".zoe-frame"}},"elementArrayFinder_":{"locator_":{"$ref":"$[\"frameSelector\"][\"parentElementArrayFinder\"][\"locator_\"]"}}},"interactCTA":{"parentElementArrayFinder":{"locator_":{"using":"css selector","value":".zoe-interact-cta"}},"elementArrayFinder_":{"locator_":{"$ref":"$[\"interactCTA\"][\"parentElementArrayFinder\"][\"locator_\"]"}}},"triggerCTA":{"parentElementArrayFinder":{"locator_":{"using":"css selector","value":".zoe-trigger-cta"}},"elementArrayFinder_":{"locator_":{"$ref":"$[\"triggerCTA\"][\"parentElementArrayFinder\"][\"locator_\"]"}}},"helpRotate":{"parentElementArrayFinder":{"locator_":{"using":"css selector","value":".zoe-help-rotate .zoe-help-text"}},"elementArrayFinder_":{"locator_":{"$ref":"$[\"helpRotate\"][\"parentElementArrayFinder\"][\"locator_\"]"}}},"helpElevate":{"parentElementArrayFinder":{"locator_":{"using":"css selector","value":".zoe-help-elevate .zoe-help-text"}},"elementArrayFinder_":{"locator_":{"$ref":"$[\"helpElevate\"][\"parentElementArrayFinder\"][\"locator_\"]"}}},"helpZoom":{"parentElementArrayFinder":{"locator_":{"using":"css selector","value":".zoe-help-zoom .zoe-help-text"}},"elementArrayFinder_":{"locator_":{"$ref":"$[\"helpZoom\"][\"parentElementArrayFinder\"][\"locator_\"]"}}},"helpBrand":{"parentElementArrayFinder":{"locator_":{"using":"css selector","value":".zoe-help-brand .zoe-help-text"}},"elementArrayFinder_":{"locator_":{"$ref":"$[\"helpBrand\"][\"parentElementArrayFinder\"][\"locator_\"]"}}},"extraContent":{"parentElementArrayFinder":{"locator_":{"using":"css selector","value":".zoe-display-extra-content"}},"elementArrayFinder_":{"locator_":{"$ref":"$[\"extraContent\"][\"parentElementArrayFinder\"][\"locator_\"]"}}},"level":"debug","message":"elementFinder is ","timestamp":"2014-10-08T14:11:53.940Z"}
{"level":"info","message":"Initialising file paths with browser & version","timestamp":"2014-10-08T14:11:53.947Z"}
{"level":"info","message":"Initialising file paths with browser & version","timestamp":"2014-10-08T14:11:53.947Z"}
{"level":"info","message":"Initialising file paths with browser & version","timestamp":"2014-10-08T14:11:53.947Z"}
{"level":"info","message":"Initialising file paths with browser & version","timestamp":"2014-10-08T14:11:53.947Z"}
{"level":"info","message":"Initialising file paths with browser & version","timestamp":"2014-10-08T14:11:53.947Z"}
{"level":"info","message":"Initialising file paths with browser & version","timestamp":"2014-10-08T14:11:53.947Z"}
{"level":"info","message":"Initialising file paths with browser & version","timestamp":"2014-10-08T14:11:53.953Z"}
{"level":"info","message":"Initialising file paths with browser & version","timestamp":"2014-10-08T14:11:53.953Z"}
{"level":"info","message":"Initialising file paths with browser & version","timestamp":"2014-10-08T14:11:53.953Z"}
{"level":"info","message":"Initialising file paths with browser & version","timestamp":"2014-10-08T14:11:53.953Z"}
{"level":"info","message":"Initialising file paths with browser & version","timestamp":"2014-10-08T14:11:53.953Z"}
{"level":"info","message":"Initialising file paths with browser & version","timestamp":"2014-10-08T14:11:53.953Z"}
{"level":"info","message":"Initialising jasmine tests","timestamp":"2014-10-08T14:11:53.951Z"}
{"inline":{},"popover":{},"indiscriminate":{},"progressWrapper":{"parentElementArrayFinder":{"locator_":{"using":"css selector","value":".zoe-progress-wrapper"}},"elementArrayFinder_":{"locator_":{"$ref":"$[\"progressWrapper\"][\"parentElementArrayFinder\"][\"locator_\"]"}}},"widgetOverlay":{"parentElementArrayFinder":{"locator_":{"using":"css selector","value":"#zoe-zbox-overlay"}},"elementArrayFinder_":{"locator_":{"$ref":"$[\"widgetOverlay\"][\"parentElementArrayFinder\"][\"locator_\"]"}}},"widgetTrigger":{"parentElementArrayFinder":{"locator_":{"using":"css selector","value":".zoe-engage-trigger>img"}},"elementArrayFinder_":{"locator_":{"$ref":"$[\"widgetTrigger\"][\"parentElementArrayFinder\"][\"locator_\"]"}}},"widgetColorbox":{"parentElementArrayFinder":{"locator_":{"using":"css selector","value":"#zoe-zbox-content"}},"elementArrayFinder_":{"locator_":{"$ref":"$[\"widgetColorbox\"][\"parentElementArrayFinder\"][\"locator_\"]"}}},"helpButton":{"parentElementArrayFinder":{"locator_":{"using":"css selector","value":".zoe-btn-help"}},"elementArrayFinder_":{"locator_":{"$ref":"$[\"helpButton\"][\"parentElementArrayFinder\"][\"locator_\"]"}}},"helpElement":{"parentElementArrayFinder":{"locator_":{"using":"css selector","value":".zoe-help-overlay"}},"elementArrayFinder_":{"locator_":{"$ref":"$[\"helpElement\"][\"parentElementArrayFinder\"][\"locator_\"]"}}},"zoomButton":{"parentElementArrayFinder":{"locator_":{"using":"css selector","value":".zoe-btn-zoom"}},"elementArrayFinder_":{"locator_":{"$ref":"$[\"zoomButton\"][\"parentElementArrayFinder\"][\"locator_\"]"}}},"zoomElement":{"parentElementArrayFinder":{"locator_":{"using":"css selector","value":".zoe-zoom"}},"elementArrayFinder_":{"locator_":{"$ref":"$[\"zoomElement\"][\"parentElementArrayFinder\"][\"locator_\"]"}}},"zoomImage":{"parentElementArrayFinder":{"locator_":{"using":"css selector","value":".zoe-zoom-frame"}},"elementArrayFinder_":{"locator_":{"$ref":"$[\"zoomImage\"][\"parentElementArrayFinder\"][\"locator_\"]"}}},"closeButton":{"parentElementArrayFinder":{"locator_":{"using":"css selector","value":".zoe-btn-close"}},"elementArrayFinder_":{"locator_":{"$ref":"$[\"closeButton\"][\"parentElementArrayFinder\"][\"locator_\"]"}}},"widgetImageDiv":{"parentElementArrayFinder":{"locator_":{"using":"css selector","value":".zoe-engage-image.reel"}},"elementArrayFinder_":{"locator_":{"$ref":"$[\"widgetImageDiv\"][\"parentElementArrayFinder\"][\"locator_\"]"}}},"inlineDivSelector":{"parentElementArrayFinder":{"locator_":{"using":"css selector","value":".zoe-inline.reel"}},"elementArrayFinder_":{"locator_":{"$ref":"$[\"inlineDivSelector\"][\"parentElementArrayFinder\"][\"locator_\"]"}}},"widgetWrapperSelector":{"parentElementArrayFinder":{"locator_":{"using":"css selector","value":".zoe-engage-wrapper"}},"elementArrayFinder_":{"locator_":{"$ref":"$[\"widgetWrapperSelector\"][\"parentElementArrayFinder\"][\"locator_\"]"}}},"widgetWrapperImage":{"parentElementArrayFinder":{"locator_":{"using":"css selector","value":".zoe-frame"}},"elementArrayFinder_":{"locator_":{"$ref":"$[\"widgetWrapperImage\"][\"parentElementArrayFinder\"][\"locator_\"]"}}},"pageImageSelector":{"parentElementArrayFinder":{"locator_":{"using":"css selector","value":".zoe-engage-wrapper"}},"elementArrayFinder_":{"locator_":{"$ref":"$[\"pageImageSelector\"][\"parentElementArrayFinder\"][\"locator_\"]"}}},"inlineTrigger":{"parentElementArrayFinder":{"locator_":{"using":"css selector","value":"a.zoe-engage-trigger"}},"elementArrayFinder_":{"locator_":{"$ref":"$[\"inlineTrigger\"][\"parentElementArrayFinder\"][\"locator_\"]"}}},"inlineWrapper":{"parentElementArrayFinder":{"locator_":{"using":"css selector","value":".zoe-engage-wrapper.zoe-inline"}},"elementArrayFinder_":{"locator_":{"$ref":"$[\"inlineWrapper\"][\"parentElementArrayFinder\"][\"locator_\"]"}}},"frameSelector":{"parentElementArrayFinder":{"locator_":{"using":"css selector","value":".zoe-frame"}},"elementArrayFinder_":{"locator_":{"$ref":"$[\"frameSelector\"][\"parentElementArrayFinder\"][\"locator_\"]"}}},"interactCTA":{"parentElementArrayFinder":{"locator_":{"using":"css selector","value":".zoe-interact-cta"}},"elementArrayFinder_":{"locator_":{"$ref":"$[\"interactCTA\"][\"parentElementArrayFinder\"][\"locator_\"]"}}},"triggerCTA":{"parentElementArrayFinder":{"locator_":{"using":"css selector","value":".zoe-trigger-cta"}},"elementArrayFinder_":{"locator_":{"$ref":"$[\"triggerCTA\"][\"parentElementArrayFinder\"][\"locator_\"]"}}},"helpRotate":{"parentElementArrayFinder":{"locator_":{"using":"css selector","value":".zoe-help-rotate .zoe-help-text"}},"elementArrayFinder_":{"locator_":{"$ref":"$[\"helpRotate\"][\"parentElementArrayFinder\"][\"locator_\"]"}}},"helpElevate":{"parentElementArrayFinder":{"locator_":{"using":"css selector","value":".zoe-help-elevate .zoe-help-text"}},"elementArrayFinder_":{"locator_":{"$ref":"$[\"helpElevate\"][\"parentElementArrayFinder\"][\"locator_\"]"}}},"helpZoom":{"parentElementArrayFinder":{"locator_":{"using":"css selector","value":".zoe-help-zoom .zoe-help-text"}},"elementArrayFinder_":{"locator_":{"$ref":"$[\"helpZoom\"][\"parentElementArrayFinder\"][\"locator_\"]"}}},"helpBrand":{"parentElementArrayFinder":{"locator_":{"using":"css selector","value":".zoe-help-brand .zoe-help-text"}},"elementArrayFinder_":{"locator_":{"$ref":"$[\"helpBrand\"][\"parentElementArrayFinder\"][\"locator_\"]"}}},"extraContent":{"parentElementArrayFinder":{"locator_":{"using":"css selector","value":".zoe-display-extra-content"}},"elementArrayFinder_":{"locator_":{"$ref":"$[\"extraContent\"][\"parentElementArrayFinder\"][\"locator_\"]"}}},"level":"debug","message":"elementFinder is ","timestamp":"2014-10-08T14:11:53.953Z"}
{"level":"info","message":"Initialising file paths with browser & version","timestamp":"2014-10-08T14:11:53.961Z"}
{"level":"info","message":"Initialising file paths with browser & version","timestamp":"2014-10-08T14:11:53.961Z"}
{"level":"info","message":"Initialising file paths with browser & version","timestamp":"2014-10-08T14:11:53.961Z"}
{"level":"info","message":"Initialising file paths with browser & version","timestamp":"2014-10-08T14:11:53.961Z"}
{"level":"info","message":"Initialising file paths with browser & version","timestamp":"2014-10-08T14:11:53.961Z"}
{"level":"info","message":"Initialising file paths with browser & version","timestamp":"2014-10-08T14:11:53.961Z"}
{"level":"info","message":"Initialising file paths with browser & version","timestamp":"2014-10-08T14:11:53.966Z"}
{"level":"info","message":"Initialising file paths with browser & version","timestamp":"2014-10-08T14:11:53.966Z"}
{"level":"info","message":"Initialising file paths with browser & version","timestamp":"2014-10-08T14:11:53.966Z"}
{"level":"info","message":"Initialising file paths with browser & version","timestamp":"2014-10-08T14:11:53.966Z"}
{"level":"info","message":"Initialising file paths with browser & version","timestamp":"2014-10-08T14:11:53.966Z"}
{"level":"info","message":"Initialising file paths with browser & version","timestamp":"2014-10-08T14:11:53.966Z"}
{"rotatable":false,"browserConnectionEnabled":false,"acceptSslCerts":true,"cssSelectorsEnabled":true,"chrome":{"chromedriverVersion":"2.4.226107"},"javascriptEnabled":true,"version":"30.0.1599.65","webdriver.remote.sessionid":"1e481b50b110425ebd64e4cc18cc5a0b","databaseEnabled":true,"locationContextEnabled":true,"platform":"Windows NT","browserName":"chrome","takesScreenshot":true,"hasMetadata":true,"nativeEvents":true,"applicationCacheEnabled":false,"webStorageEnabled":true,"handlesAlerts":true,"level":"info","message":"","timestamp":"2014-10-08T14:12:04.507Z"}
{"level":"info","message":"undefined","timestamp":"2014-10-08T14:12:04.508Z"}
{"level":"info","message":"BROWSER IS: chrome","timestamp":"2014-10-08T14:12:04.509Z"}
{"level":"info","message":"Initialising file paths with browser & version","timestamp":"2014-10-08T14:12:04.509Z"}
{"level":"info","message":"Initialising file paths with browser & version","timestamp":"2014-10-08T14:12:04.509Z"}
{"level":"info","message":"Initialising file paths with browser & version","timestamp":"2014-10-08T14:12:04.509Z"}
{"level":"info","message":"Initialising file paths with browser & version","timestamp":"2014-10-08T14:12:04.509Z"}
{"level":"info","message":"Initialising file paths with browser & version","timestamp":"2014-10-08T14:12:04.509Z"}
{"level":"info","message":"Initialising file paths with browser & version","timestamp":"2014-10-08T14:12:04.509Z"}
{"level":"info","message":"Initialising file paths with browser & version","timestamp":"2014-10-08T14:12:04.509Z"}
{"level":"info","message":"Initialising file paths with browser & version","timestamp":"2014-10-08T14:12:04.509Z"}
{"level":"info","message":"Initialising file paths with browser & version","timestamp":"2014-10-08T14:12:04.509Z"}
{"level":"info","message":"Initialising file paths with browser & version","timestamp":"2014-10-08T14:12:04.509Z"}
{"level":"info","message":"Initialising file paths with browser & version","timestamp":"2014-10-08T14:12:04.509Z"}
{"level":"info","message":"Initialising file paths with browser & version","timestamp":"2014-10-08T14:12:04.509Z"}
{"level":"info","message":"Initialising file paths with browser & version","timestamp":"2014-10-08T14:12:04.509Z"}
{"level":"info","message":"Initialising file paths with browser & version","timestamp":"2014-10-08T14:12:04.509Z"}
{"level":"info","message":"Initialising file paths with browser & version","timestamp":"2014-10-08T14:12:04.510Z"}
{"level":"info","message":"Initialising file paths with browser & version","timestamp":"2014-10-08T14:12:04.510Z"}
{"level":"info","message":"Initialising file paths with browser & version","timestamp":"2014-10-08T14:12:04.510Z"}
{"level":"info","message":"Initialising file paths with browser & version","timestamp":"2014-10-08T14:12:04.510Z"}
{"level":"info","message":"Initialising file paths with browser & version","timestamp":"2014-10-08T14:12:04.510Z"}
{"level":"info","message":"Initialising file paths with browser & version","timestamp":"2014-10-08T14:12:04.510Z"}
{"level":"info","message":"Initialising file paths with browser & version","timestamp":"2014-10-08T14:12:04.510Z"}
{"level":"info","message":"Opening URL: http://jenkins.zoetrope.io:8888/v3/testInline.html","timestamp":"2014-10-08T14:12:04.908Z"}
{"level":"info","message":"Saving screenshot to images/load.jpgpopover0.png","timestamp":"2014-10-08T14:12:10.426Z"}
{"level":"info","message":"Saved screenshot","timestamp":"2014-10-08T14:12:12.246Z"}
{"level":"info","message":"Clicking the help button","timestamp":"2014-10-08T14:12:12.283Z"}
{"parentElementArrayFinder":{"locator_":{"using":"css selector","value":".zoe-btn-help"}},"elementArrayFinder_":{"locator_":{"$ref":"$[\"parentElementArrayFinder\"][\"locator_\"]"}},"level":"info","message":"help button is","timestamp":"2014-10-08T14:12:12.287Z"}
{"level":"info","message":"Initialising jasmine tests","timestamp":"2014-10-08T14:14:02.946Z"}
{"inline":{},"popover":{},"indiscriminate":{},"progressWrapper":{"parentElementArrayFinder":{"locator_":{"using":"css selector","value":".zoe-progress-wrapper"}},"elementArrayFinder_":{"locator_":{"$ref":"$[\"progressWrapper\"][\"parentElementArrayFinder\"][\"locator_\"]"}}},"widgetOverlay":{"parentElementArrayFinder":{"locator_":{"using":"css selector","value":"#zoe-zbox-overlay"}},"elementArrayFinder_":{"locator_":{"$ref":"$[\"widgetOverlay\"][\"parentElementArrayFinder\"][\"locator_\"]"}}},"widgetTrigger":{"parentElementArrayFinder":{"locator_":{"using":"css selector","value":".zoe-engage-trigger>img"}},"elementArrayFinder_":{"locator_":{"$ref":"$[\"widgetTrigger\"][\"parentElementArrayFinder\"][\"locator_\"]"}}},"widgetColorbox":{"parentElementArrayFinder":{"locator_":{"using":"css selector","value":"#zoe-zbox-content"}},"elementArrayFinder_":{"locator_":{"$ref":"$[\"widgetColorbox\"][\"parentElementArrayFinder\"][\"locator_\"]"}}},"helpButton":{"parentElementArrayFinder":{"locator_":{"using":"css selector","value":".zoe-btn-help"}},"elementArrayFinder_":{"locator_":{"$ref":"$[\"helpButton\"][\"parentElementArrayFinder\"][\"locator_\"]"}}},"helpElement":{"parentElementArrayFinder":{"locator_":{"using":"css selector","value":".zoe-help-overlay"}},"elementArrayFinder_":{"locator_":{"$ref":"$[\"helpElement\"][\"parentElementArrayFinder\"][\"locator_\"]"}}},"zoomButton":{"parentElementArrayFinder":{"locator_":{"using":"css selector","value":".zoe-btn-zoom"}},"elementArrayFinder_":{"locator_":{"$ref":"$[\"zoomButton\"][\"parentElementArrayFinder\"][\"locator_\"]"}}},"zoomElement":{"parentElementArrayFinder":{"locator_":{"using":"css selector","value":".zoe-zoom"}},"elementArrayFinder_":{"locator_":{"$ref":"$[\"zoomElement\"][\"parentElementArrayFinder\"][\"locator_\"]"}}},"zoomImage":{"parentElementArrayFinder":{"locator_":{"using":"css selector","value":".zoe-zoom-frame"}},"elementArrayFinder_":{"locator_":{"$ref":"$[\"zoomImage\"][\"parentElementArrayFinder\"][\"locator_\"]"}}},"closeButton":{"parentElementArrayFinder":{"locator_":{"using":"css selector","value":".zoe-btn-close"}},"elementArrayFinder_":{"locator_":{"$ref":"$[\"closeButton\"][\"parentElementArrayFinder\"][\"locator_\"]"}}},"widgetImageDiv":{"parentElementArrayFinder":{"locator_":{"using":"css selector","value":".zoe-engage-image.reel"}},"elementArrayFinder_":{"locator_":{"$ref":"$[\"widgetImageDiv\"][\"parentElementArrayFinder\"][\"locator_\"]"}}},"inlineDivSelector":{"parentElementArrayFinder":{"locator_":{"using":"css selector","value":".zoe-inline.reel"}},"elementArrayFinder_":{"locator_":{"$ref":"$[\"inlineDivSelector\"][\"parentElementArrayFinder\"][\"locator_\"]"}}},"widgetWrapperSelector":{"parentElementArrayFinder":{"locator_":{"using":"css selector","value":".zoe-engage-wrapper"}},"elementArrayFinder_":{"locator_":{"$ref":"$[\"widgetWrapperSelector\"][\"parentElementArrayFinder\"][\"locator_\"]"}}},"widgetWrapperImage":{"parentElementArrayFinder":{"locator_":{"using":"css selector","value":".zoe-frame"}},"elementArrayFinder_":{"locator_":{"$ref":"$[\"widgetWrapperImage\"][\"parentElementArrayFinder\"][\"locator_\"]"}}},"pageImageSelector":{"parentElementArrayFinder":{"locator_":{"using":"css selector","value":".zoe-engage-wrapper"}},"elementArrayFinder_":{"locator_":{"$ref":"$[\"pageImageSelector\"][\"parentElementArrayFinder\"][\"locator_\"]"}}},"inlineTrigger":{"parentElementArrayFinder":{"locator_":{"using":"css selector","value":"a.zoe-engage-trigger"}},"elementArrayFinder_":{"locator_":{"$ref":"$[\"inlineTrigger\"][\"parentElementArrayFinder\"][\"locator_\"]"}}},"inlineWrapper":{"parentElementArrayFinder":{"locator_":{"using":"css selector","value":".zoe-engage-wrapper.zoe-inline"}},"elementArrayFinder_":{"locator_":{"$ref":"$[\"inlineWrapper\"][\"parentElementArrayFinder\"][\"locator_\"]"}}},"frameSelector":{"parentElementArrayFinder":{"locator_":{"using":"css selector","value":".zoe-frame"}},"elementArrayFinder_":{"locator_":{"$ref":"$[\"frameSelector\"][\"parentElementArrayFinder\"][\"locator_\"]"}}},"interactCTA":{"parentElementArrayFinder":{"locator_":{"using":"css selector","value":".zoe-interact-cta"}},"elementArrayFinder_":{"locator_":{"$ref":"$[\"interactCTA\"][\"parentElementArrayFinder\"][\"locator_\"]"}}},"triggerCTA":{"parentElementArrayFinder":{"locator_":{"using":"css selector","value":".zoe-trigger-cta"}},"elementArrayFinder_":{"locator_":{"$ref":"$[\"triggerCTA\"][\"parentElementArrayFinder\"][\"locator_\"]"}}},"helpRotate":{"parentElementArrayFinder":{"locator_":{"using":"css selector","value":".zoe-help-rotate .zoe-help-text"}},"elementArrayFinder_":{"locator_":{"$ref":"$[\"helpRotate\"][\"parentElementArrayFinder\"][\"locator_\"]"}}},"helpElevate":{"parentElementArrayFinder":{"locator_":{"using":"css selector","value":".zoe-help-elevate .zoe-help-text"}},"elementArrayFinder_":{"locator_":{"$ref":"$[\"helpElevate\"][\"parentElementArrayFinder\"][\"locator_\"]"}}},"helpZoom":{"parentElementArrayFinder":{"locator_":{"using":"css selector","value":".zoe-help-zoom .zoe-help-text"}},"elementArrayFinder_":{"locator_":{"$ref":"$[\"helpZoom\"][\"parentElementArrayFinder\"][\"locator_\"]"}}},"helpBrand":{"parentElementArrayFinder":{"locator_":{"using":"css selector","value":".zoe-help-brand .zoe-help-text"}},"elementArrayFinder_":{"locator_":{"$ref":"$[\"helpBrand\"][\"parentElementArrayFinder\"][\"locator_\"]"}}},"extraContent":{"parentElementArrayFinder":{"locator_":{"using":"css selector","value":".zoe-display-extra-content"}},"elementArrayFinder_":{"locator_":{"$ref":"$[\"extraContent\"][\"parentElementArrayFinder\"][\"locator_\"]"}}},"level":"debug","message":"elementFinder is ","timestamp":"2014-10-08T14:14:02.948Z"}
{"level":"info","message":"Initialising file paths with browser & version","timestamp":"2014-10-08T14:14:02.955Z"}
{"level":"info","message":"Initialising file paths with browser & version","timestamp":"2014-10-08T14:14:02.956Z"}
{"level":"info","message":"Initialising file paths with browser & version","timestamp":"2014-10-08T14:14:02.956Z"}
{"level":"info","message":"Initialising file paths with browser & version","timestamp":"2014-10-08T14:14:02.956Z"}
{"level":"info","message":"Initialising file paths with browser & version","timestamp":"2014-10-08T14:14:02.956Z"}
{"level":"info","message":"Initialising file paths with browser & version","timestamp":"2014-10-08T14:14:02.956Z"}
{"level":"info","message":"Initialising jasmine tests","timestamp":"2014-10-08T14:14:02.977Z"}
{"inline":{},"popover":{},"indiscriminate":{},"progressWrapper":{"parentElementArrayFinder":{"locator_":{"using":"css selector","value":".zoe-progress-wrapper"}},"elementArrayFinder_":{"locator_":{"$ref":"$[\"progressWrapper\"][\"parentElementArrayFinder\"][\"locator_\"]"}}},"widgetOverlay":{"parentElementArrayFinder":{"locator_":{"using":"css selector","value":"#zoe-zbox-overlay"}},"elementArrayFinder_":{"locator_":{"$ref":"$[\"widgetOverlay\"][\"parentElementArrayFinder\"][\"locator_\"]"}}},"widgetTrigger":{"parentElementArrayFinder":{"locator_":{"using":"css selector","value":".zoe-engage-trigger>img"}},"elementArrayFinder_":{"locator_":{"$ref":"$[\"widgetTrigger\"][\"parentElementArrayFinder\"][\"locator_\"]"}}},"widgetColorbox":{"parentElementArrayFinder":{"locator_":{"using":"css selector","value":"#zoe-zbox-content"}},"elementArrayFinder_":{"locator_":{"$ref":"$[\"widgetColorbox\"][\"parentElementArrayFinder\"][\"locator_\"]"}}},"helpButton":{"parentElementArrayFinder":{"locator_":{"using":"css selector","value":".zoe-btn-help"}},"elementArrayFinder_":{"locator_":{"$ref":"$[\"helpButton\"][\"parentElementArrayFinder\"][\"locator_\"]"}}},"helpElement":{"parentElementArrayFinder":{"locator_":{"using":"css selector","value":".zoe-help-overlay"}},"elementArrayFinder_":{"locator_":{"$ref":"$[\"helpElement\"][\"parentElementArrayFinder\"][\"locator_\"]"}}},"zoomButton":{"parentElementArrayFinder":{"locator_":{"using":"css selector","value":".zoe-btn-zoom"}},"elementArrayFinder_":{"locator_":{"$ref":"$[\"zoomButton\"][\"parentElementArrayFinder\"][\"locator_\"]"}}},"zoomElement":{"parentElementArrayFinder":{"locator_":{"using":"css selector","value":".zoe-zoom"}},"elementArrayFinder_":{"locator_":{"$ref":"$[\"zoomElement\"][\"parentElementArrayFinder\"][\"locator_\"]"}}},"zoomImage":{"parentElementArrayFinder":{"locator_":{"using":"css selector","value":".zoe-zoom-frame"}},"elementArrayFinder_":{"locator_":{"$ref":"$[\"zoomImage\"][\"parentElementArrayFinder\"][\"locator_\"]"}}},"closeButton":{"parentElementArrayFinder":{"locator_":{"using":"css selector","value":".zoe-btn-close"}},"elementArrayFinder_":{"locator_":{"$ref":"$[\"closeButton\"][\"parentElementArrayFinder\"][\"locator_\"]"}}},"widgetImageDiv":{"parentElementArrayFinder":{"locator_":{"using":"css selector","value":".zoe-engage-image.reel"}},"elementArrayFinder_":{"locator_":{"$ref":"$[\"widgetImageDiv\"][\"parentElementArrayFinder\"][\"locator_\"]"}}},"inlineDivSelector":{"parentElementArrayFinder":{"locator_":{"using":"css selector","value":".zoe-inline.reel"}},"elementArrayFinder_":{"locator_":{"$ref":"$[\"inlineDivSelector\"][\"parentElementArrayFinder\"][\"locator_\"]"}}},"widgetWrapperSelector":{"parentElementArrayFinder":{"locator_":{"using":"css selector","value":".zoe-engage-wrapper"}},"elementArrayFinder_":{"locator_":{"$ref":"$[\"widgetWrapperSelector\"][\"parentElementArrayFinder\"][\"locator_\"]"}}},"widgetWrapperImage":{"parentElementArrayFinder":{"locator_":{"using":"css selector","value":".zoe-frame"}},"elementArrayFinder_":{"locator_":{"$ref":"$[\"widgetWrapperImage\"][\"parentElementArrayFinder\"][\"locator_\"]"}}},"pageImageSelector":{"parentElementArrayFinder":{"locator_":{"using":"css selector","value":".zoe-engage-wrapper"}},"elementArrayFinder_":{"locator_":{"$ref":"$[\"pageImageSelector\"][\"parentElementArrayFinder\"][\"locator_\"]"}}},"inlineTrigger":{"parentElementArrayFinder":{"locator_":{"using":"css selector","value":"a.zoe-engage-trigger"}},"elementArrayFinder_":{"locator_":{"$ref":"$[\"inlineTrigger\"][\"parentElementArrayFinder\"][\"locator_\"]"}}},"inlineWrapper":{"parentElementArrayFinder":{"locator_":{"using":"css selector","value":".zoe-engage-wrapper.zoe-inline"}},"elementArrayFinder_":{"locator_":{"$ref":"$[\"inlineWrapper\"][\"parentElementArrayFinder\"][\"locator_\"]"}}},"frameSelector":{"parentElementArrayFinder":{"locator_":{"using":"css selector","value":".zoe-frame"}},"elementArrayFinder_":{"locator_":{"$ref":"$[\"frameSelector\"][\"parentElementArrayFinder\"][\"locator_\"]"}}},"interactCTA":{"parentElementArrayFinder":{"locator_":{"using":"css selector","value":".zoe-interact-cta"}},"elementArrayFinder_":{"locator_":{"$ref":"$[\"interactCTA\"][\"parentElementArrayFinder\"][\"locator_\"]"}}},"triggerCTA":{"parentElementArrayFinder":{"locator_":{"using":"css selector","value":".zoe-trigger-cta"}},"elementArrayFinder_":{"locator_":{"$ref":"$[\"triggerCTA\"][\"parentElementArrayFinder\"][\"locator_\"]"}}},"helpRotate":{"parentElementArrayFinder":{"locator_":{"using":"css selector","value":".zoe-help-rotate .zoe-help-text"}},"elementArrayFinder_":{"locator_":{"$ref":"$[\"helpRotate\"][\"parentElementArrayFinder\"][\"locator_\"]"}}},"helpElevate":{"parentElementArrayFinder":{"locator_":{"using":"css selector","value":".zoe-help-elevate .zoe-help-text"}},"elementArrayFinder_":{"locator_":{"$ref":"$[\"helpElevate\"][\"parentElementArrayFinder\"][\"locator_\"]"}}},"helpZoom":{"parentElementArrayFinder":{"locator_":{"using":"css selector","value":".zoe-help-zoom .zoe-help-text"}},"elementArrayFinder_":{"locator_":{"$ref":"$[\"helpZoom\"][\"parentElementArrayFinder\"][\"locator_\"]"}}},"helpBrand":{"parentElementArrayFinder":{"locator_":{"using":"css selector","value":".zoe-help-brand .zoe-help-text"}},"elementArrayFinder_":{"locator_":{"$ref":"$[\"helpBrand\"][\"parentElementArrayFinder\"][\"locator_\"]"}}},"extraContent":{"parentElementArrayFinder":{"locator_":{"using":"css selector","value":".zoe-display-extra-content"}},"elementArrayFinder_":{"locator_":{"$ref":"$[\"extraContent\"][\"parentElementArrayFinder\"][\"locator_\"]"}}},"level":"debug","message":"elementFinder is ","timestamp":"2014-10-08T14:14:02.979Z"}
{"level":"info","message":"Initialising file paths with browser & version","timestamp":"2014-10-08T14:14:02.987Z"}
{"level":"info","message":"Initialising file paths with browser & version","timestamp":"2014-10-08T14:14:02.987Z"}
{"level":"info","message":"Initialising file paths with browser & version","timestamp":"2014-10-08T14:14:02.987Z"}
{"level":"info","message":"Initialising file paths with browser & version","timestamp":"2014-10-08T14:14:02.987Z"}
{"level":"info","message":"Initialising file paths with browser & version","timestamp":"2014-10-08T14:14:02.987Z"}
{"level":"info","message":"Initialising file paths with browser & version","timestamp":"2014-10-08T14:14:02.987Z"}
{"level":"info","message":"Initialising jasmine tests","timestamp":"2014-10-08T14:14:03.021Z"}
{"inline":{},"popover":{},"indiscriminate":{},"progressWrapper":{"parentElementArrayFinder":{"locator_":{"using":"css selector","value":".zoe-progress-wrapper"}},"elementArrayFinder_":{"locator_":{"$ref":"$[\"progressWrapper\"][\"parentElementArrayFinder\"][\"locator_\"]"}}},"widgetOverlay":{"parentElementArrayFinder":{"locator_":{"using":"css selector","value":"#zoe-zbox-overlay"}},"elementArrayFinder_":{"locator_":{"$ref":"$[\"widgetOverlay\"][\"parentElementArrayFinder\"][\"locator_\"]"}}},"widgetTrigger":{"parentElementArrayFinder":{"locator_":{"using":"css selector","value":".zoe-engage-trigger>img"}},"elementArrayFinder_":{"locator_":{"$ref":"$[\"widgetTrigger\"][\"parentElementArrayFinder\"][\"locator_\"]"}}},"widgetColorbox":{"parentElementArrayFinder":{"locator_":{"using":"css selector","value":"#zoe-zbox-content"}},"elementArrayFinder_":{"locator_":{"$ref":"$[\"widgetColorbox\"][\"parentElementArrayFinder\"][\"locator_\"]"}}},"helpButton":{"parentElementArrayFinder":{"locator_":{"using":"css selector","value":".zoe-btn-help"}},"elementArrayFinder_":{"locator_":{"$ref":"$[\"helpButton\"][\"parentElementArrayFinder\"][\"locator_\"]"}}},"helpElement":{"parentElementArrayFinder":{"locator_":{"using":"css selector","value":".zoe-help-overlay"}},"elementArrayFinder_":{"locator_":{"$ref":"$[\"helpElement\"][\"parentElementArrayFinder\"][\"locator_\"]"}}},"zoomButton":{"parentElementArrayFinder":{"locator_":{"using":"css selector","value":".zoe-btn-zoom"}},"elementArrayFinder_":{"locator_":{"$ref":"$[\"zoomButton\"][\"parentElementArrayFinder\"][\"locator_\"]"}}},"zoomElement":{"parentElementArrayFinder":{"locator_":{"using":"css selector","value":".zoe-zoom"}},"elementArrayFinder_":{"locator_":{"$ref":"$[\"zoomElement\"][\"parentElementArrayFinder\"][\"locator_\"]"}}},"zoomImage":{"parentElementArrayFinder":{"locator_":{"using":"css selector","value":".zoe-zoom-frame"}},"elementArrayFinder_":{"locator_":{"$ref":"$[\"zoomImage\"][\"parentElementArrayFinder\"][\"locator_\"]"}}},"closeButton":{"parentElementArrayFinder":{"locator_":{"using":"css selector","value":".zoe-btn-close"}},"elementArrayFinder_":{"locator_":{"$ref":"$[\"closeButton\"][\"parentElementArrayFinder\"][\"locator_\"]"}}},"widgetImageDiv":{"parentElementArrayFinder":{"locator_":{"using":"css selector","value":".zoe-engage-image.reel"}},"elementArrayFinder_":{"locator_":{"$ref":"$[\"widgetImageDiv\"][\"parentElementArrayFinder\"][\"locator_\"]"}}},"inlineDivSelector":{"parentElementArrayFinder":{"locator_":{"using":"css selector","value":".zoe-inline.reel"}},"elementArrayFinder_":{"locator_":{"$ref":"$[\"inlineDivSelector\"][\"parentElementArrayFinder\"][\"locator_\"]"}}},"widgetWrapperSelector":{"parentElementArrayFinder":{"locator_":{"using":"css selector","value":".zoe-engage-wrapper"}},"elementArrayFinder_":{"locator_":{"$ref":"$[\"widgetWrapperSelector\"][\"parentElementArrayFinder\"][\"locator_\"]"}}},"widgetWrapperImage":{"parentElementArrayFinder":{"locator_":{"using":"css selector","value":".zoe-frame"}},"elementArrayFinder_":{"locator_":{"$ref":"$[\"widgetWrapperImage\"][\"parentElementArrayFinder\"][\"locator_\"]"}}},"pageImageSelector":{"parentElementArrayFinder":{"locator_":{"using":"css selector","value":".zoe-engage-wrapper"}},"elementArrayFinder_":{"locator_":{"$ref":"$[\"pageImageSelector\"][\"parentElementArrayFinder\"][\"locator_\"]"}}},"inlineTrigger":{"parentElementArrayFinder":{"locator_":{"using":"css selector","value":"a.zoe-engage-trigger"}},"elementArrayFinder_":{"locator_":{"$ref":"$[\"inlineTrigger\"][\"parentElementArrayFinder\"][\"locator_\"]"}}},"inlineWrapper":{"parentElementArrayFinder":{"locator_":{"using":"css selector","value":".zoe-engage-wrapper.zoe-inline"}},"elementArrayFinder_":{"locator_":{"$ref":"$[\"inlineWrapper\"][\"parentElementArrayFinder\"][\"locator_\"]"}}},"frameSelector":{"parentElementArrayFinder":{"locator_":{"using":"css selector","value":".zoe-frame"}},"elementArrayFinder_":{"locator_":{"$ref":"$[\"frameSelector\"][\"parentElementArrayFinder\"][\"locator_\"]"}}},"interactCTA":{"parentElementArrayFinder":{"locator_":{"using":"css selector","value":".zoe-interact-cta"}},"elementArrayFinder_":{"locator_":{"$ref":"$[\"interactCTA\"][\"parentElementArrayFinder\"][\"locator_\"]"}}},"triggerCTA":{"parentElementArrayFinder":{"locator_":{"using":"css selector","value":".zoe-trigger-cta"}},"elementArrayFinder_":{"locator_":{"$ref":"$[\"triggerCTA\"][\"parentElementArrayFinder\"][\"locator_\"]"}}},"helpRotate":{"parentElementArrayFinder":{"locator_":{"using":"css selector","value":".zoe-help-rotate .zoe-help-text"}},"elementArrayFinder_":{"locator_":{"$ref":"$[\"helpRotate\"][\"parentElementArrayFinder\"][\"locator_\"]"}}},"helpElevate":{"parentElementArrayFinder":{"locator_":{"using":"css selector","value":".zoe-help-elevate .zoe-help-text"}},"elementArrayFinder_":{"locator_":{"$ref":"$[\"helpElevate\"][\"parentElementArrayFinder\"][\"locator_\"]"}}},"helpZoom":{"parentElementArrayFinder":{"locator_":{"using":"css selector","value":".zoe-help-zoom .zoe-help-text"}},"elementArrayFinder_":{"locator_":{"$ref":"$[\"helpZoom\"][\"parentElementArrayFinder\"][\"locator_\"]"}}},"helpBrand":{"parentElementArrayFinder":{"locator_":{"using":"css selector","value":".zoe-help-brand .zoe-help-text"}},"elementArrayFinder_":{"locator_":{"$ref":"$[\"helpBrand\"][\"parentElementArrayFinder\"][\"locator_\"]"}}},"extraContent":{"parentElementArrayFinder":{"locator_":{"using":"css selector","value":".zoe-display-extra-content"}},"elementArrayFinder_":{"locator_":{"$ref":"$[\"extraContent\"][\"parentElementArrayFinder\"][\"locator_\"]"}}},"level":"debug","message":"elementFinder is ","timestamp":"2014-10-08T14:14:03.023Z"}
{"level":"info","message":"Initialising file paths with browser & version","timestamp":"2014-10-08T14:14:03.030Z"}
{"level":"info","message":"Initialising file paths with browser & version","timestamp":"2014-10-08T14:14:03.030Z"}
{"level":"info","message":"Initialising file paths with browser & version","timestamp":"2014-10-08T14:14:03.030Z"}
{"level":"info","message":"Initialising file paths with browser & version","timestamp":"2014-10-08T14:14:03.030Z"}
{"level":"info","message":"Initialising file paths with browser & version","timestamp":"2014-10-08T14:14:03.030Z"}
{"level":"info","message":"Initialising file paths with browser & version","timestamp":"2014-10-08T14:14:03.030Z"}
{"level":"info","message":"Initialising jasmine tests","timestamp":"2014-10-08T14:14:03.035Z"}
{"inline":{},"popover":{},"indiscriminate":{},"progressWrapper":{"parentElementArrayFinder":{"locator_":{"using":"css selector","value":".zoe-progress-wrapper"}},"elementArrayFinder_":{"locator_":{"$ref":"$[\"progressWrapper\"][\"parentElementArrayFinder\"][\"locator_\"]"}}},"widgetOverlay":{"parentElementArrayFinder":{"locator_":{"using":"css selector","value":"#zoe-zbox-overlay"}},"elementArrayFinder_":{"locator_":{"$ref":"$[\"widgetOverlay\"][\"parentElementArrayFinder\"][\"locator_\"]"}}},"widgetTrigger":{"parentElementArrayFinder":{"locator_":{"using":"css selector","value":".zoe-engage-trigger>img"}},"elementArrayFinder_":{"locator_":{"$ref":"$[\"widgetTrigger\"][\"parentElementArrayFinder\"][\"locator_\"]"}}},"widgetColorbox":{"parentElementArrayFinder":{"locator_":{"using":"css selector","value":"#zoe-zbox-content"}},"elementArrayFinder_":{"locator_":{"$ref":"$[\"widgetColorbox\"][\"parentElementArrayFinder\"][\"locator_\"]"}}},"helpButton":{"parentElementArrayFinder":{"locator_":{"using":"css selector","value":".zoe-btn-help"}},"elementArrayFinder_":{"locator_":{"$ref":"$[\"helpButton\"][\"parentElementArrayFinder\"][\"locator_\"]"}}},"helpElement":{"parentElementArrayFinder":{"locator_":{"using":"css selector","value":".zoe-help-overlay"}},"elementArrayFinder_":{"locator_":{"$ref":"$[\"helpElement\"][\"parentElementArrayFinder\"][\"locator_\"]"}}},"zoomButton":{"parentElementArrayFinder":{"locator_":{"using":"css selector","value":".zoe-btn-zoom"}},"elementArrayFinder_":{"locator_":{"$ref":"$[\"zoomButton\"][\"parentElementArrayFinder\"][\"locator_\"]"}}},"zoomElement":{"parentElementArrayFinder":{"locator_":{"using":"css selector","value":".zoe-zoom"}},"elementArrayFinder_":{"locator_":{"$ref":"$[\"zoomElement\"][\"parentElementArrayFinder\"][\"locator_\"]"}}},"zoomImage":{"parentElementArrayFinder":{"locator_":{"using":"css selector","value":".zoe-zoom-frame"}},"elementArrayFinder_":{"locator_":{"$ref":"$[\"zoomImage\"][\"parentElementArrayFinder\"][\"locator_\"]"}}},"closeButton":{"parentElementArrayFinder":{"locator_":{"using":"css selector","value":".zoe-btn-close"}},"elementArrayFinder_":{"locator_":{"$ref":"$[\"closeButton\"][\"parentElementArrayFinder\"][\"locator_\"]"}}},"widgetImageDiv":{"parentElementArrayFinder":{"locator_":{"using":"css selector","value":".zoe-engage-image.reel"}},"elementArrayFinder_":{"locator_":{"$ref":"$[\"widgetImageDiv\"][\"parentElementArrayFinder\"][\"locator_\"]"}}},"inlineDivSelector":{"parentElementArrayFinder":{"locator_":{"using":"css selector","value":".zoe-inline.reel"}},"elementArrayFinder_":{"locator_":{"$ref":"$[\"inlineDivSelector\"][\"parentElementArrayFinder\"][\"locator_\"]"}}},"widgetWrapperSelector":{"parentElementArrayFinder":{"locator_":{"using":"css selector","value":".zoe-engage-wrapper"}},"elementArrayFinder_":{"locator_":{"$ref":"$[\"widgetWrapperSelector\"][\"parentElementArrayFinder\"][\"locator_\"]"}}},"widgetWrapperImage":{"parentElementArrayFinder":{"locator_":{"using":"css selector","value":".zoe-frame"}},"elementArrayFinder_":{"locator_":{"$ref":"$[\"widgetWrapperImage\"][\"parentElementArrayFinder\"][\"locator_\"]"}}},"pageImageSelector":{"parentElementArrayFinder":{"locator_":{"using":"css selector","value":".zoe-engage-wrapper"}},"elementArrayFinder_":{"locator_":{"$ref":"$[\"pageImageSelector\"][\"parentElementArrayFinder\"][\"locator_\"]"}}},"inlineTrigger":{"parentElementArrayFinder":{"locator_":{"using":"css selector","value":"a.zoe-engage-trigger"}},"elementArrayFinder_":{"locator_":{"$ref":"$[\"inlineTrigger\"][\"parentElementArrayFinder\"][\"locator_\"]"}}},"inlineWrapper":{"parentElementArrayFinder":{"locator_":{"using":"css selector","value":".zoe-engage-wrapper.zoe-inline"}},"elementArrayFinder_":{"locator_":{"$ref":"$[\"inlineWrapper\"][\"parentElementArrayFinder\"][\"locator_\"]"}}},"frameSelector":{"parentElementArrayFinder":{"locator_":{"using":"css selector","value":".zoe-frame"}},"elementArrayFinder_":{"locator_":{"$ref":"$[\"frameSelector\"][\"parentElementArrayFinder\"][\"locator_\"]"}}},"interactCTA":{"parentElementArrayFinder":{"locator_":{"using":"css selector","value":".zoe-interact-cta"}},"elementArrayFinder_":{"locator_":{"$ref":"$[\"interactCTA\"][\"parentElementArrayFinder\"][\"locator_\"]"}}},"triggerCTA":{"parentElementArrayFinder":{"locator_":{"using":"css selector","value":".zoe-trigger-cta"}},"elementArrayFinder_":{"locator_":{"$ref":"$[\"triggerCTA\"][\"parentElementArrayFinder\"][\"locator_\"]"}}},"helpRotate":{"parentElementArrayFinder":{"locator_":{"using":"css selector","value":".zoe-help-rotate .zoe-help-text"}},"elementArrayFinder_":{"locator_":{"$ref":"$[\"helpRotate\"][\"parentElementArrayFinder\"][\"locator_\"]"}}},"helpElevate":{"parentElementArrayFinder":{"locator_":{"using":"css selector","value":".zoe-help-elevate .zoe-help-text"}},"elementArrayFinder_":{"locator_":{"$ref":"$[\"helpElevate\"][\"parentElementArrayFinder\"][\"locator_\"]"}}},"helpZoom":{"parentElementArrayFinder":{"locator_":{"using":"css selector","value":".zoe-help-zoom .zoe-help-text"}},"elementArrayFinder_":{"locator_":{"$ref":"$[\"helpZoom\"][\"parentElementArrayFinder\"][\"locator_\"]"}}},"helpBrand":{"parentElementArrayFinder":{"locator_":{"using":"css selector","value":".zoe-help-brand .zoe-help-text"}},"elementArrayFinder_":{"locator_":{"$ref":"$[\"helpBrand\"][\"parentElementArrayFinder\"][\"locator_\"]"}}},"extraContent":{"parentElementArrayFinder":{"locator_":{"using":"css selector","value":".zoe-display-extra-content"}},"elementArrayFinder_":{"locator_":{"$ref":"$[\"extraContent\"][\"parentElementArrayFinder\"][\"locator_\"]"}}},"level":"debug","message":"elementFinder is ","timestamp":"2014-10-08T14:14:03.038Z"}
{"level":"info","message":"Initialising file paths with browser & version","timestamp":"2014-10-08T14:14:03.045Z"}
{"level":"info","message":"Initialising file paths with browser & version","timestamp":"2014-10-08T14:14:03.045Z"}
{"level":"info","message":"Initialising file paths with browser & version","timestamp":"2014-10-08T14:14:03.045Z"}
{"level":"info","message":"Initialising file paths with browser & version","timestamp":"2014-10-08T14:14:03.045Z"}
{"level":"info","message":"Initialising file paths with browser & version","timestamp":"2014-10-08T14:14:03.045Z"}
{"level":"info","message":"Initialising file paths with browser & version","timestamp":"2014-10-08T14:14:03.045Z"}
{"takesScreenshot":true,"webdriver.remote.sessionid":"eb9dfb6f41924105a26d146b410c969a","unexpectedAlertBehaviour":"dismiss","ie.browserCommandLineSwitches":"","browserAttachTimeout":0,"ie.ensureCleanSession":false,"ignoreProtectedModeSettings":false,"platform":"WINDOWS","version":"11","ignoreZoomSetting":false,"nativeEvents":true,"handlesAlerts":true,"javascriptEnabled":true,"requireWindowFocus":false,"ie.usePerProcessProxy":false,"hasMetadata":true,"initialBrowserUrl":"http://localhost:33009/","enableElementCacheCleanup":true,"cssSelectorsEnabled":true,"browserName":"internet explorer","elementScrollBehavior":0,"enablePersistentHover":true,"ie.forceCreateProcessApi":false,"level":"info","message":"","timestamp":"2014-10-08T14:14:12.247Z"}
{"level":"info","message":"undefined","timestamp":"2014-10-08T14:14:12.248Z"}
{"level":"info","message":"BROWSER IS: internet explorer","timestamp":"2014-10-08T14:14:12.248Z"}
{"level":"info","message":"Initialising file paths with browser & version","timestamp":"2014-10-08T14:14:12.248Z"}
{"level":"info","message":"Initialising file paths with browser & version","timestamp":"2014-10-08T14:14:12.248Z"}
{"level":"info","message":"Initialising file paths with browser & version","timestamp":"2014-10-08T14:14:12.248Z"}
{"level":"info","message":"Initialising file paths with browser & version","timestamp":"2014-10-08T14:14:12.248Z"}
{"level":"info","message":"Initialising file paths with browser & version","timestamp":"2014-10-08T14:14:12.248Z"}
{"level":"info","message":"Initialising file paths with browser & version","timestamp":"2014-10-08T14:14:12.248Z"}
{"level":"info","message":"Initialising file paths with browser & version","timestamp":"2014-10-08T14:14:12.248Z"}
{"level":"info","message":"Initialising file paths with browser & version","timestamp":"2014-10-08T14:14:12.248Z"}
{"level":"info","message":"Initialising file paths with browser & version","timestamp":"2014-10-08T14:14:12.248Z"}
{"level":"info","message":"Initialising file paths with browser & version","timestamp":"2014-10-08T14:14:12.248Z"}
{"level":"info","message":"Initialising file paths with browser & version","timestamp":"2014-10-08T14:14:12.248Z"}
{"level":"info","message":"Initialising file paths with browser & version","timestamp":"2014-10-08T14:14:12.248Z"}
{"level":"info","message":"Initialising file paths with browser & version","timestamp":"2014-10-08T14:14:12.248Z"}
{"level":"info","message":"Initialising file paths with browser & version","timestamp":"2014-10-08T14:14:12.249Z"}
{"level":"info","message":"Initialising file paths with browser & version","timestamp":"2014-10-08T14:14:12.249Z"}
{"level":"info","message":"Initialising file paths with browser & version","timestamp":"2014-10-08T14:14:12.249Z"}
{"level":"info","message":"Initialising file paths with browser & version","timestamp":"2014-10-08T14:14:12.249Z"}
{"level":"info","message":"Initialising file paths with browser & version","timestamp":"2014-10-08T14:14:12.249Z"}
{"level":"info","message":"Initialising file paths with browser & version","timestamp":"2014-10-08T14:14:12.249Z"}
{"level":"info","message":"Initialising file paths with browser & version","timestamp":"2014-10-08T14:14:12.249Z"}
{"level":"info","message":"Initialising file paths with browser & version","timestamp":"2014-10-08T14:14:12.249Z"}
{"level":"info","message":"Opening URL: http://jenkins.zoetrope.io:8888/v3/testInline.html","timestamp":"2014-10-08T14:14:12.680Z"}
{"rotatable":false,"browserConnectionEnabled":false,"acceptSslCerts":true,"cssSelectorsEnabled":true,"chrome":{"chromedriverVersion":"2.4.226107"},"javascriptEnabled":true,"version":"30.0.1599.65","webdriver.remote.sessionid":"7df37f2dd8f84223999dac9a2ed0bf82","databaseEnabled":true,"locationContextEnabled":true,"platform":"Windows NT","browserName":"chrome","takesScreenshot":true,"hasMetadata":true,"nativeEvents":true,"applicationCacheEnabled":false,"webStorageEnabled":true,"handlesAlerts":true,"level":"info","message":"","timestamp":"2014-10-08T14:14:17.082Z"}
{"level":"info","message":"undefined","timestamp":"2014-10-08T14:14:17.083Z"}
{"level":"info","message":"BROWSER IS: chrome","timestamp":"2014-10-08T14:14:17.083Z"}
{"level":"info","message":"Initialising file paths with browser & version","timestamp":"2014-10-08T14:14:17.083Z"}
{"level":"info","message":"Initialising file paths with browser & version","timestamp":"2014-10-08T14:14:17.084Z"}
{"level":"info","message":"Initialising file paths with browser & version","timestamp":"2014-10-08T14:14:17.084Z"}
{"level":"info","message":"Initialising file paths with browser & version","timestamp":"2014-10-08T14:14:17.084Z"}
{"level":"info","message":"Initialising file paths with browser & version","timestamp":"2014-10-08T14:14:17.084Z"}
{"level":"info","message":"Initialising file paths with browser & version","timestamp":"2014-10-08T14:14:17.084Z"}
{"level":"info","message":"Initialising file paths with browser & version","timestamp":"2014-10-08T14:14:17.084Z"}
{"level":"info","message":"Initialising file paths with browser & version","timestamp":"2014-10-08T14:14:17.084Z"}
{"level":"info","message":"Initialising file paths with browser & version","timestamp":"2014-10-08T14:14:17.084Z"}
{"level":"info","message":"Initialising file paths with browser & version","timestamp":"2014-10-08T14:14:17.084Z"}
{"level":"info","message":"Initialising file paths with browser & version","timestamp":"2014-10-08T14:14:17.084Z"}
{"level":"info","message":"Initialising file paths with browser & version","timestamp":"2014-10-08T14:14:17.084Z"}
{"level":"info","message":"Initialising file paths with browser & version","timestamp":"2014-10-08T14:14:17.084Z"}
{"level":"info","message":"Initialising file paths with browser & version","timestamp":"2014-10-08T14:14:17.084Z"}
{"level":"info","message":"Initialising file paths with browser & version","timestamp":"2014-10-08T14:14:17.084Z"}
{"level":"info","message":"Initialising file paths with browser & version","timestamp":"2014-10-08T14:14:17.084Z"}
{"level":"info","message":"Initialising file paths with browser & version","timestamp":"2014-10-08T14:14:17.085Z"}
{"level":"info","message":"Initialising file paths with browser & version","timestamp":"2014-10-08T14:14:17.085Z"}
{"level":"info","message":"Initialising file paths with browser & version","timestamp":"2014-10-08T14:14:17.085Z"}
{"level":"info","message":"Initialising file paths with browser & version","timestamp":"2014-10-08T14:14:17.085Z"}
{"level":"info","message":"Initialising file paths with browser & version","timestamp":"2014-10-08T14:14:17.085Z"}
{"level":"info","message":"Opening URL: http://jenkins.zoetrope.io:8888/v3/testInline.html","timestamp":"2014-10-08T14:14:17.483Z"}
{"level":"info","message":"Saving screenshot to images/load.jpginline0.png","timestamp":"2014-10-08T14:14:21.716Z"}
{"level":"info","message":"Saving screenshot to images/load.jpginline0.png","timestamp":"2014-10-08T14:14:23.355Z"}
{"level":"info","message":"Saved screenshot","timestamp":"2014-10-08T14:14:23.630Z"}
{"level":"info","message":"Clicking the help button","timestamp":"2014-10-08T14:14:23.668Z"}
{"parentElementArrayFinder":{"locator_":{"using":"css selector","value":".zoe-btn-help"}},"elementArrayFinder_":{"locator_":{"$ref":"$[\"parentElementArrayFinder\"][\"locator_\"]"}},"level":"info","message":"help button is","timestamp":"2014-10-08T14:14:23.671Z"}
{"level":"info","message":"Saved screenshot","timestamp":"2014-10-08T14:14:25.006Z"}
{"level":"info","message":"Clicking the help button","timestamp":"2014-10-08T14:14:25.041Z"}
{"parentElementArrayFinder":{"locator_":{"using":"css selector","value":".zoe-btn-help"}},"elementArrayFinder_":{"locator_":{"$ref":"$[\"parentElementArrayFinder\"][\"locator_\"]"}},"level":"info","message":"help button is","timestamp":"2014-10-08T14:14:25.045Z"}
{"level":"info","message":"Got help style of ","timestamp":"2014-10-08T14:14:25.647Z"}
{"level":"info","message":"Saving screenshot to images/help.jpginline0.png","timestamp":"2014-10-08T14:14:25.691Z"}
{"level":"info","message":"Saved screenshot","timestamp":"2014-10-08T14:14:28.754Z"}
{"level":"info","message":"Clicking the help button","timestamp":"2014-10-08T14:14:28.796Z"}
{"parentElementArrayFinder":{"locator_":{"using":"css selector","value":".zoe-btn-help"}},"elementArrayFinder_":{"locator_":{"$ref":"$[\"parentElementArrayFinder\"][\"locator_\"]"}},"level":"info","message":"help button is","timestamp":"2014-10-08T14:14:28.799Z"}
{"level":"info","message":"Got help style of ","timestamp":"2014-10-08T14:14:29.017Z"}
{"level":"info","message":"Saving screenshot to images/help.jpginline0.png","timestamp":"2014-10-08T14:14:29.061Z"}
{"level":"info","message":"Saved screenshot","timestamp":"2014-10-08T14:14:30.494Z"}
{"level":"info","message":"Clicking the help button","timestamp":"2014-10-08T14:14:30.537Z"}
{"parentElementArrayFinder":{"locator_":{"using":"css selector","value":".zoe-btn-help"}},"elementArrayFinder_":{"locator_":{"$ref":"$[\"parentElementArrayFinder\"][\"locator_\"]"}},"level":"info","message":"help button is","timestamp":"2014-10-08T14:14:30.541Z"}
{"level":"info","message":"Got help style of display: none;","timestamp":"2014-10-08T14:14:30.768Z"}
{"level":"info","message":"Saving screenshot to images/helpClose.jpginline0.png","timestamp":"2014-10-08T14:14:30.813Z"}
{"level":"info","message":"Saved screenshot","timestamp":"2014-10-08T14:14:32.516Z"}
{"level":"info","message":"Clicking the zoom button","timestamp":"2014-10-08T14:14:32.560Z"}
{"level":"info","message":"Saving screenshot to images/zoom.jpginline0.png","timestamp":"2014-10-08T14:14:32.566Z"}
{"level":"info","message":"Got help style of display: none;","timestamp":"2014-10-08T14:14:32.972Z"}
{"level":"info","message":"Saving screenshot to images/helpClose.jpginline0.png","timestamp":"2014-10-08T14:14:33.014Z"}
{"level":"info","message":"Saved screenshot","timestamp":"2014-10-08T14:14:34.195Z"}
{"level":"info","message":"Clicking the zoom button","timestamp":"2014-10-08T14:14:34.241Z"}
{"level":"info","message":"Saving screenshot to images/zoom.jpginline0.png","timestamp":"2014-10-08T14:14:34.245Z"}
{"level":"info","message":"Saved screenshot","timestamp":"2014-10-08T14:14:36.840Z"}
{"level":"info","message":"Clicking the zoom button","timestamp":"2014-10-08T14:14:36.867Z"}
{"level":"info","message":"Saving screenshot to images/zoomClose.jpginline0.png","timestamp":"2014-10-08T14:14:36.871Z"}
{"level":"info","message":"Saved screenshot","timestamp":"2014-10-08T14:14:38.350Z"}
{"level":"info","message":"Clicking the zoom button","timestamp":"2014-10-08T14:14:38.383Z"}
{"level":"info","message":"Saving screenshot to images/zoomClose.jpginline0.png","timestamp":"2014-10-08T14:14:38.387Z"}
{"level":"info","message":"Saved screenshot","timestamp":"2014-10-08T14:14:40.751Z"}
{"level":"info","message":"Saved screenshot","timestamp":"2014-10-08T14:14:42.539Z"}
{"rotatable":false,"browserConnectionEnabled":true,"acceptSslCerts":true,"cssSelectorsEnabled":true,"javascriptEnabled":true,"nativeEvents":true,"databaseEnabled":true,"locationContextEnabled":true,"takesScreenshot":true,"platform":"XP","browserName":"firefox","webdriver.remote.sessionid":"c6789339cc854527814df8303653e16d","hasMetadata":true,"version":"27.0","applicationCacheEnabled":true,"webStorageEnabled":true,"handlesAlerts":true,"level":"info","message":"","timestamp":"2014-10-08T14:15:10.821Z"}
{"level":"info","message":"undefined","timestamp":"2014-10-08T14:15:10.821Z"}
{"level":"info","message":"BROWSER IS: firefox","timestamp":"2014-10-08T14:15:10.821Z"}
{"level":"info","message":"Initialising file paths with browser & version","timestamp":"2014-10-08T14:15:10.821Z"}
{"level":"info","message":"Initialising file paths with browser & version","timestamp":"2014-10-08T14:15:10.821Z"}
{"level":"info","message":"Initialising file paths with browser & version","timestamp":"2014-10-08T14:15:10.821Z"}
{"level":"info","message":"Initialising file paths with browser & version","timestamp":"2014-10-08T14:15:10.821Z"}
{"level":"info","message":"Initialising file paths with browser & version","timestamp":"2014-10-08T14:15:10.821Z"}
{"level":"info","message":"Initialising file paths with browser & version","timestamp":"2014-10-08T14:15:10.821Z"}
{"level":"info","message":"Initialising file paths with browser & version","timestamp":"2014-10-08T14:15:10.821Z"}
{"level":"info","message":"Initialising file paths with browser & version","timestamp":"2014-10-08T14:15:10.821Z"}
{"level":"info","message":"Initialising file paths with browser & version","timestamp":"2014-10-08T14:15:10.821Z"}
{"level":"info","message":"Initialising file paths with browser & version","timestamp":"2014-10-08T14:15:10.821Z"}
{"level":"info","message":"Initialising file paths with browser & version","timestamp":"2014-10-08T14:15:10.821Z"}
{"level":"info","message":"Initialising file paths with browser & version","timestamp":"2014-10-08T14:15:10.822Z"}
{"level":"info","message":"Initialising file paths with browser & version","timestamp":"2014-10-08T14:15:10.822Z"}
{"level":"info","message":"Initialising file paths with browser & version","timestamp":"2014-10-08T14:15:10.822Z"}
{"level":"info","message":"Initialising file paths with browser & version","timestamp":"2014-10-08T14:15:10.822Z"}
{"level":"info","message":"Initialising file paths with browser & version","timestamp":"2014-10-08T14:15:10.822Z"}
{"level":"info","message":"Initialising file paths with browser & version","timestamp":"2014-10-08T14:15:10.822Z"}
{"level":"info","message":"Initialising file paths with browser & version","timestamp":"2014-10-08T14:15:10.822Z"}
{"level":"info","message":"Initialising file paths with browser & version","timestamp":"2014-10-08T14:15:10.822Z"}
{"level":"info","message":"Initialising file paths with browser & version","timestamp":"2014-10-08T14:15:10.822Z"}
{"level":"info","message":"Initialising file paths with browser & version","timestamp":"2014-10-08T14:15:10.822Z"}
{"level":"info","message":"Opening URL: http://jenkins.zoetrope.io:8888/v3/testInline.html","timestamp":"2014-10-08T14:15:11.276Z"}
{"takesScreenshot":true,"version":"6.0.5","cssSelectorsEnabled":true,"javascriptEnabled":true,"browserName":"safari","platform":"MAC","secureSsl":true,"webdriver.remote.sessionid":"14ed96f724c345b68a9483670f44c82b","hasMetadata":true,"level":"info","message":"","timestamp":"2014-10-08T14:15:14.098Z"}
{"level":"info","message":"undefined","timestamp":"2014-10-08T14:15:14.099Z"}
{"level":"info","message":"BROWSER IS: safari","timestamp":"2014-10-08T14:15:14.099Z"}
{"level":"info","message":"Initialising file paths with browser & version","timestamp":"2014-10-08T14:15:14.099Z"}
{"level":"info","message":"Initialising file paths with browser & version","timestamp":"2014-10-08T14:15:14.099Z"}
{"level":"info","message":"Initialising file paths with browser & version","timestamp":"2014-10-08T14:15:14.100Z"}
{"level":"info","message":"Initialising file paths with browser & version","timestamp":"2014-10-08T14:15:14.100Z"}
{"level":"info","message":"Initialising file paths with browser & version","timestamp":"2014-10-08T14:15:14.100Z"}
{"level":"info","message":"Initialising file paths with browser & version","timestamp":"2014-10-08T14:15:14.100Z"}
{"level":"info","message":"Initialising file paths with browser & version","timestamp":"2014-10-08T14:15:14.100Z"}
{"level":"info","message":"Initialising file paths with browser & version","timestamp":"2014-10-08T14:15:14.100Z"}
{"level":"info","message":"Initialising file paths with browser & version","timestamp":"2014-10-08T14:15:14.100Z"}
{"level":"info","message":"Initialising file paths with browser & version","timestamp":"2014-10-08T14:15:14.100Z"}
{"level":"info","message":"Initialising file paths with browser & version","timestamp":"2014-10-08T14:15:14.100Z"}
{"level":"info","message":"Initialising file paths with browser & version","timestamp":"2014-10-08T14:15:14.100Z"}
{"level":"info","message":"Initialising file paths with browser & version","timestamp":"2014-10-08T14:15:14.100Z"}
{"level":"info","message":"Initialising file paths with browser & version","timestamp":"2014-10-08T14:15:14.100Z"}
{"level":"info","message":"Initialising file paths with browser & version","timestamp":"2014-10-08T14:15:14.100Z"}
{"level":"info","message":"Initialising file paths with browser & version","timestamp":"2014-10-08T14:15:14.100Z"}
{"level":"info","message":"Initialising file paths with browser & version","timestamp":"2014-10-08T14:15:14.100Z"}
{"level":"info","message":"Initialising file paths with browser & version","timestamp":"2014-10-08T14:15:14.100Z"}
{"level":"info","message":"Initialising file paths with browser & version","timestamp":"2014-10-08T14:15:14.100Z"}
{"level":"info","message":"Initialising file paths with browser & version","timestamp":"2014-10-08T14:15:14.101Z"}
{"level":"info","message":"Initialising file paths with browser & version","timestamp":"2014-10-08T14:15:14.101Z"}
{"level":"info","message":"Opening URL: http://jenkins.zoetrope.io:8888/v3/testInline.html","timestamp":"2014-10-08T14:15:14.702Z"}
{"level":"info","message":"Saving screenshot to images/load.jpginline0.png","timestamp":"2014-10-08T14:15:16.577Z"}
{"level":"info","message":"Saved screenshot","timestamp":"2014-10-08T14:15:18.605Z"}
{"level":"info","message":"Clicking the help button","timestamp":"2014-10-08T14:15:18.641Z"}
{"parentElementArrayFinder":{"locator_":{"using":"css selector","value":".zoe-btn-help"}},"elementArrayFinder_":{"locator_":{"$ref":"$[\"parentElementArrayFinder\"][\"locator_\"]"}},"level":"info","message":"help button is","timestamp":"2014-10-08T14:15:18.644Z"}
{"level":"info","message":"Saving screenshot to images/load.jpginline0.png","timestamp":"2014-10-08T14:15:20.090Z"}
{"level":"info","message":"Got help style of ","timestamp":"2014-10-08T14:15:20.851Z"}
{"level":"info","message":"Saving screenshot to images/help.jpginline0.png","timestamp":"2014-10-08T14:15:20.894Z"}
{"level":"info","message":"Saved screenshot","timestamp":"2014-10-08T14:15:21.866Z"}
{"level":"info","message":"Clicking the help button","timestamp":"2014-10-08T14:15:21.912Z"}
{"parentElementArrayFinder":{"locator_":{"using":"css selector","value":".zoe-btn-help"}},"elementArrayFinder_":{"locator_":{"$ref":"$[\"parentElementArrayFinder\"][\"locator_\"]"}},"level":"info","message":"help button is","timestamp":"2014-10-08T14:15:21.915Z"}
{"level":"info","message":"Saved screenshot","timestamp":"2014-10-08T14:15:22.615Z"}
{"level":"info","message":"Clicking the help button","timestamp":"2014-10-08T14:15:22.650Z"}
{"parentElementArrayFinder":{"locator_":{"using":"css selector","value":".zoe-btn-help"}},"elementArrayFinder_":{"locator_":{"$ref":"$[\"parentElementArrayFinder\"][\"locator_\"]"}},"level":"info","message":"help button is","timestamp":"2014-10-08T14:15:22.653Z"}
{"level":"info","message":"Got help style of display: none;","timestamp":"2014-10-08T14:15:25.300Z"}
{"level":"info","message":"Saving screenshot to images/helpClose.jpginline0.png","timestamp":"2014-10-08T14:15:25.341Z"}
{"level":"info","message":"Got help style of ","timestamp":"2014-10-08T14:15:26.119Z"}
{"level":"info","message":"Saving screenshot to images/help.jpginline0.png","timestamp":"2014-10-08T14:15:26.161Z"}
{"level":"info","message":"Saved screenshot","timestamp":"2014-10-08T14:15:26.367Z"}
{"level":"info","message":"Clicking the zoom button","timestamp":"2014-10-08T14:15:26.427Z"}
{"level":"info","message":"Saving screenshot to images/zoom.jpginline0.png","timestamp":"2014-10-08T14:15:26.432Z"}
{"level":"info","message":"Saved screenshot","timestamp":"2014-10-08T14:15:29.047Z"}
{"level":"info","message":"Clicking the help button","timestamp":"2014-10-08T14:15:29.089Z"}
{"parentElementArrayFinder":{"locator_":{"using":"css selector","value":".zoe-btn-help"}},"elementArrayFinder_":{"locator_":{"$ref":"$[\"parentElementArrayFinder\"][\"locator_\"]"}},"level":"info","message":"help button is","timestamp":"2014-10-08T14:15:29.092Z"}
{"level":"info","message":"Saved screenshot","timestamp":"2014-10-08T14:15:30.403Z"}
{"level":"info","message":"Clicking the zoom button","timestamp":"2014-10-08T14:15:30.422Z"}
{"level":"info","message":"Saving screenshot to images/zoomClose.jpginline0.png","timestamp":"2014-10-08T14:15:30.426Z"}
{"level":"info","message":"Got help style of display: none; ","timestamp":"2014-10-08T14:15:32.455Z"}
{"level":"info","message":"Saving screenshot to images/helpClose.jpginline0.png","timestamp":"2014-10-08T14:15:32.498Z"}
{"level":"info","message":"Saved screenshot","timestamp":"2014-10-08T14:15:34.212Z"}
{"level":"info","message":"Saved screenshot","timestamp":"2014-10-08T14:15:34.830Z"}
{"level":"info","message":"Clicking the zoom button","timestamp":"2014-10-08T14:15:34.887Z"}
{"level":"info","message":"Saving screenshot to images/zoom.jpginline0.png","timestamp":"2014-10-08T14:15:34.892Z"}
{"level":"info","message":"Saved screenshot","timestamp":"2014-10-08T14:15:41.619Z"}
{"level":"info","message":"Clicking the zoom button","timestamp":"2014-10-08T14:15:41.631Z"}
{"level":"info","message":"Saving screenshot to images/zoomClose.jpginline0.png","timestamp":"2014-10-08T14:15:41.637Z"}
{"level":"info","message":"Saved screenshot","timestamp":"2014-10-08T14:15:46.221Z"}
{"level":"info","message":"Initialising jasmine tests","timestamp":"2014-10-08T14:22:41.536Z"}
{"inline":{},"popover":{},"indiscriminate":{},"progressWrapper":{"parentElementArrayFinder":{"locator_":{"using":"css selector","value":".zoe-progress-wrapper"}},"elementArrayFinder_":{"locator_":{"$ref":"$[\"progressWrapper\"][\"parentElementArrayFinder\"][\"locator_\"]"}}},"widgetOverlay":{"parentElementArrayFinder":{"locator_":{"using":"css selector","value":"#zoe-zbox-overlay"}},"elementArrayFinder_":{"locator_":{"$ref":"$[\"widgetOverlay\"][\"parentElementArrayFinder\"][\"locator_\"]"}}},"widgetTrigger":{"parentElementArrayFinder":{"locator_":{"using":"css selector","value":".zoe-engage-trigger>img"}},"elementArrayFinder_":{"locator_":{"$ref":"$[\"widgetTrigger\"][\"parentElementArrayFinder\"][\"locator_\"]"}}},"widgetColorbox":{"parentElementArrayFinder":{"locator_":{"using":"css selector","value":"#zoe-zbox-content"}},"elementArrayFinder_":{"locator_":{"$ref":"$[\"widgetColorbox\"][\"parentElementArrayFinder\"][\"locator_\"]"}}},"helpButton":{"parentElementArrayFinder":{"locator_":{"using":"css selector","value":".zoe-btn-help"}},"elementArrayFinder_":{"locator_":{"$ref":"$[\"helpButton\"][\"parentElementArrayFinder\"][\"locator_\"]"}}},"helpElement":{"parentElementArrayFinder":{"locator_":{"using":"css selector","value":".zoe-help-overlay"}},"elementArrayFinder_":{"locator_":{"$ref":"$[\"helpElement\"][\"parentElementArrayFinder\"][\"locator_\"]"}}},"zoomButton":{"parentElementArrayFinder":{"locator_":{"using":"css selector","value":".zoe-btn-zoom"}},"elementArrayFinder_":{"locator_":{"$ref":"$[\"zoomButton\"][\"parentElementArrayFinder\"][\"locator_\"]"}}},"zoomElement":{"parentElementArrayFinder":{"locator_":{"using":"css selector","value":".zoe-zoom"}},"elementArrayFinder_":{"locator_":{"$ref":"$[\"zoomElement\"][\"parentElementArrayFinder\"][\"locator_\"]"}}},"zoomImage":{"parentElementArrayFinder":{"locator_":{"using":"css selector","value":".zoe-zoom-frame"}},"elementArrayFinder_":{"locator_":{"$ref":"$[\"zoomImage\"][\"parentElementArrayFinder\"][\"locator_\"]"}}},"closeButton":{"parentElementArrayFinder":{"locator_":{"using":"css selector","value":".zoe-btn-close"}},"elementArrayFinder_":{"locator_":{"$ref":"$[\"closeButton\"][\"parentElementArrayFinder\"][\"locator_\"]"}}},"widgetImageDiv":{"parentElementArrayFinder":{"locator_":{"using":"css selector","value":".zoe-engage-image.reel"}},"elementArrayFinder_":{"locator_":{"$ref":"$[\"widgetImageDiv\"][\"parentElementArrayFinder\"][\"locator_\"]"}}},"inlineDivSelector":{"parentElementArrayFinder":{"locator_":{"using":"css selector","value":".zoe-inline.reel"}},"elementArrayFinder_":{"locator_":{"$ref":"$[\"inlineDivSelector\"][\"parentElementArrayFinder\"][\"locator_\"]"}}},"widgetWrapperSelector":{"parentElementArrayFinder":{"locator_":{"using":"css selector","value":".zoe-engage-wrapper"}},"elementArrayFinder_":{"locator_":{"$ref":"$[\"widgetWrapperSelector\"][\"parentElementArrayFinder\"][\"locator_\"]"}}},"widgetWrapperImage":{"parentElementArrayFinder":{"locator_":{"using":"css selector","value":".zoe-frame"}},"elementArrayFinder_":{"locator_":{"$ref":"$[\"widgetWrapperImage\"][\"parentElementArrayFinder\"][\"locator_\"]"}}},"pageImageSelector":{"parentElementArrayFinder":{"locator_":{"using":"css selector","value":".zoe-engage-wrapper"}},"elementArrayFinder_":{"locator_":{"$ref":"$[\"pageImageSelector\"][\"parentElementArrayFinder\"][\"locator_\"]"}}},"inlineTrigger":{"parentElementArrayFinder":{"locator_":{"using":"css selector","value":"a.zoe-engage-trigger"}},"elementArrayFinder_":{"locator_":{"$ref":"$[\"inlineTrigger\"][\"parentElementArrayFinder\"][\"locator_\"]"}}},"inlineWrapper":{"parentElementArrayFinder":{"locator_":{"using":"css selector","value":".zoe-engage-wrapper.zoe-inline"}},"elementArrayFinder_":{"locator_":{"$ref":"$[\"inlineWrapper\"][\"parentElementArrayFinder\"][\"locator_\"]"}}},"frameSelector":{"parentElementArrayFinder":{"locator_":{"using":"css selector","value":".zoe-frame"}},"elementArrayFinder_":{"locator_":{"$ref":"$[\"frameSelector\"][\"parentElementArrayFinder\"][\"locator_\"]"}}},"interactCTA":{"parentElementArrayFinder":{"locator_":{"using":"css selector","value":".zoe-interact-cta"}},"elementArrayFinder_":{"locator_":{"$ref":"$[\"interactCTA\"][\"parentElementArrayFinder\"][\"locator_\"]"}}},"triggerCTA":{"parentElementArrayFinder":{"locator_":{"using":"css selector","value":".zoe-trigger-cta"}},"elementArrayFinder_":{"locator_":{"$ref":"$[\"triggerCTA\"][\"parentElementArrayFinder\"][\"locator_\"]"}}},"helpRotate":{"parentElementArrayFinder":{"locator_":{"using":"css selector","value":".zoe-help-rotate .zoe-help-text"}},"elementArrayFinder_":{"locator_":{"$ref":"$[\"helpRotate\"][\"parentElementArrayFinder\"][\"locator_\"]"}}},"helpElevate":{"parentElementArrayFinder":{"locator_":{"using":"css selector","value":".zoe-help-elevate .zoe-help-text"}},"elementArrayFinder_":{"locator_":{"$ref":"$[\"helpElevate\"][\"parentElementArrayFinder\"][\"locator_\"]"}}},"helpZoom":{"parentElementArrayFinder":{"locator_":{"using":"css selector","value":".zoe-help-zoom .zoe-help-text"}},"elementArrayFinder_":{"locator_":{"$ref":"$[\"helpZoom\"][\"parentElementArrayFinder\"][\"locator_\"]"}}},"helpBrand":{"parentElementArrayFinder":{"locator_":{"using":"css selector","value":".zoe-help-brand .zoe-help-text"}},"elementArrayFinder_":{"locator_":{"$ref":"$[\"helpBrand\"][\"parentElementArrayFinder\"][\"locator_\"]"}}},"extraContent":{"parentElementArrayFinder":{"locator_":{"using":"css selector","value":".zoe-display-extra-content"}},"elementArrayFinder_":{"locator_":{"$ref":"$[\"extraContent\"][\"parentElementArrayFinder\"][\"locator_\"]"}}},"level":"debug","message":"elementFinder is ","timestamp":"2014-10-08T14:22:41.539Z"}
{"level":"info","message":"Initialising file paths with browser & version","timestamp":"2014-10-08T14:22:41.546Z"}
{"level":"info","message":"Initialising file paths with browser & version","timestamp":"2014-10-08T14:22:41.546Z"}
{"level":"info","message":"Initialising file paths with browser & version","timestamp":"2014-10-08T14:22:41.546Z"}
{"level":"info","message":"Initialising file paths with browser & version","timestamp":"2014-10-08T14:22:41.546Z"}
{"level":"info","message":"Initialising file paths with browser & version","timestamp":"2014-10-08T14:22:41.547Z"}
{"level":"info","message":"Initialising file paths with browser & version","timestamp":"2014-10-08T14:22:41.547Z"}
{"level":"info","message":"Initialising file paths with browser & version","timestamp":"2014-10-08T14:22:41.552Z"}
{"level":"info","message":"Initialising file paths with browser & version","timestamp":"2014-10-08T14:22:41.552Z"}
{"level":"info","message":"Initialising file paths with browser & version","timestamp":"2014-10-08T14:22:41.552Z"}
{"level":"info","message":"Initialising file paths with browser & version","timestamp":"2014-10-08T14:22:41.552Z"}
{"level":"info","message":"Initialising file paths with browser & version","timestamp":"2014-10-08T14:22:41.552Z"}
{"level":"info","message":"Initialising file paths with browser & version","timestamp":"2014-10-08T14:22:41.552Z"}
{"level":"info","message":"Initialising jasmine tests","timestamp":"2014-10-08T14:22:41.542Z"}
{"inline":{},"popover":{},"indiscriminate":{},"progressWrapper":{"parentElementArrayFinder":{"locator_":{"using":"css selector","value":".zoe-progress-wrapper"}},"elementArrayFinder_":{"locator_":{"$ref":"$[\"progressWrapper\"][\"parentElementArrayFinder\"][\"locator_\"]"}}},"widgetOverlay":{"parentElementArrayFinder":{"locator_":{"using":"css selector","value":"#zoe-zbox-overlay"}},"elementArrayFinder_":{"locator_":{"$ref":"$[\"widgetOverlay\"][\"parentElementArrayFinder\"][\"locator_\"]"}}},"widgetTrigger":{"parentElementArrayFinder":{"locator_":{"using":"css selector","value":".zoe-engage-trigger>img"}},"elementArrayFinder_":{"locator_":{"$ref":"$[\"widgetTrigger\"][\"parentElementArrayFinder\"][\"locator_\"]"}}},"widgetColorbox":{"parentElementArrayFinder":{"locator_":{"using":"css selector","value":"#zoe-zbox-content"}},"elementArrayFinder_":{"locator_":{"$ref":"$[\"widgetColorbox\"][\"parentElementArrayFinder\"][\"locator_\"]"}}},"helpButton":{"parentElementArrayFinder":{"locator_":{"using":"css selector","value":".zoe-btn-help"}},"elementArrayFinder_":{"locator_":{"$ref":"$[\"helpButton\"][\"parentElementArrayFinder\"][\"locator_\"]"}}},"helpElement":{"parentElementArrayFinder":{"locator_":{"using":"css selector","value":".zoe-help-overlay"}},"elementArrayFinder_":{"locator_":{"$ref":"$[\"helpElement\"][\"parentElementArrayFinder\"][\"locator_\"]"}}},"zoomButton":{"parentElementArrayFinder":{"locator_":{"using":"css selector","value":".zoe-btn-zoom"}},"elementArrayFinder_":{"locator_":{"$ref":"$[\"zoomButton\"][\"parentElementArrayFinder\"][\"locator_\"]"}}},"zoomElement":{"parentElementArrayFinder":{"locator_":{"using":"css selector","value":".zoe-zoom"}},"elementArrayFinder_":{"locator_":{"$ref":"$[\"zoomElement\"][\"parentElementArrayFinder\"][\"locator_\"]"}}},"zoomImage":{"parentElementArrayFinder":{"locator_":{"using":"css selector","value":".zoe-zoom-frame"}},"elementArrayFinder_":{"locator_":{"$ref":"$[\"zoomImage\"][\"parentElementArrayFinder\"][\"locator_\"]"}}},"closeButton":{"parentElementArrayFinder":{"locator_":{"using":"css selector","value":".zoe-btn-close"}},"elementArrayFinder_":{"locator_":{"$ref":"$[\"closeButton\"][\"parentElementArrayFinder\"][\"locator_\"]"}}},"widgetImageDiv":{"parentElementArrayFinder":{"locator_":{"using":"css selector","value":".zoe-engage-image.reel"}},"elementArrayFinder_":{"locator_":{"$ref":"$[\"widgetImageDiv\"][\"parentElementArrayFinder\"][\"locator_\"]"}}},"inlineDivSelector":{"parentElementArrayFinder":{"locator_":{"using":"css selector","value":".zoe-inline.reel"}},"elementArrayFinder_":{"locator_":{"$ref":"$[\"inlineDivSelector\"][\"parentElementArrayFinder\"][\"locator_\"]"}}},"widgetWrapperSelector":{"parentElementArrayFinder":{"locator_":{"using":"css selector","value":".zoe-engage-wrapper"}},"elementArrayFinder_":{"locator_":{"$ref":"$[\"widgetWrapperSelector\"][\"parentElementArrayFinder\"][\"locator_\"]"}}},"widgetWrapperImage":{"parentElementArrayFinder":{"locator_":{"using":"css selector","value":".zoe-frame"}},"elementArrayFinder_":{"locator_":{"$ref":"$[\"widgetWrapperImage\"][\"parentElementArrayFinder\"][\"locator_\"]"}}},"pageImageSelector":{"parentElementArrayFinder":{"locator_":{"using":"css selector","value":".zoe-engage-wrapper"}},"elementArrayFinder_":{"locator_":{"$ref":"$[\"pageImageSelector\"][\"parentElementArrayFinder\"][\"locator_\"]"}}},"inlineTrigger":{"parentElementArrayFinder":{"locator_":{"using":"css selector","value":"a.zoe-engage-trigger"}},"elementArrayFinder_":{"locator_":{"$ref":"$[\"inlineTrigger\"][\"parentElementArrayFinder\"][\"locator_\"]"}}},"inlineWrapper":{"parentElementArrayFinder":{"locator_":{"using":"css selector","value":".zoe-engage-wrapper.zoe-inline"}},"elementArrayFinder_":{"locator_":{"$ref":"$[\"inlineWrapper\"][\"parentElementArrayFinder\"][\"locator_\"]"}}},"frameSelector":{"parentElementArrayFinder":{"locator_":{"using":"css selector","value":".zoe-frame"}},"elementArrayFinder_":{"locator_":{"$ref":"$[\"frameSelector\"][\"parentElementArrayFinder\"][\"locator_\"]"}}},"interactCTA":{"parentElementArrayFinder":{"locator_":{"using":"css selector","value":".zoe-interact-cta"}},"elementArrayFinder_":{"locator_":{"$ref":"$[\"interactCTA\"][\"parentElementArrayFinder\"][\"locator_\"]"}}},"triggerCTA":{"parentElementArrayFinder":{"locator_":{"using":"css selector","value":".zoe-trigger-cta"}},"elementArrayFinder_":{"locator_":{"$ref":"$[\"triggerCTA\"][\"parentElementArrayFinder\"][\"locator_\"]"}}},"helpRotate":{"parentElementArrayFinder":{"locator_":{"using":"css selector","value":".zoe-help-rotate .zoe-help-text"}},"elementArrayFinder_":{"locator_":{"$ref":"$[\"helpRotate\"][\"parentElementArrayFinder\"][\"locator_\"]"}}},"helpElevate":{"parentElementArrayFinder":{"locator_":{"using":"css selector","value":".zoe-help-elevate .zoe-help-text"}},"elementArrayFinder_":{"locator_":{"$ref":"$[\"helpElevate\"][\"parentElementArrayFinder\"][\"locator_\"]"}}},"helpZoom":{"parentElementArrayFinder":{"locator_":{"using":"css selector","value":".zoe-help-zoom .zoe-help-text"}},"elementArrayFinder_":{"locator_":{"$ref":"$[\"helpZoom\"][\"parentElementArrayFinder\"][\"locator_\"]"}}},"helpBrand":{"parentElementArrayFinder":{"locator_":{"using":"css selector","value":".zoe-help-brand .zoe-help-text"}},"elementArrayFinder_":{"locator_":{"$ref":"$[\"helpBrand\"][\"parentElementArrayFinder\"][\"locator_\"]"}}},"extraContent":{"parentElementArrayFinder":{"locator_":{"using":"css selector","value":".zoe-display-extra-content"}},"elementArrayFinder_":{"locator_":{"$ref":"$[\"extraContent\"][\"parentElementArrayFinder\"][\"locator_\"]"}}},"level":"debug","message":"elementFinder is ","timestamp":"2014-10-08T14:22:41.545Z"}
{"level":"info","message":"Initialising file paths with browser & version","timestamp":"2014-10-08T14:22:41.552Z"}
{"level":"info","message":"Initialising file paths with browser & version","timestamp":"2014-10-08T14:22:41.552Z"}
{"level":"info","message":"Initialising file paths with browser & version","timestamp":"2014-10-08T14:22:41.552Z"}
{"level":"info","message":"Initialising file paths with browser & version","timestamp":"2014-10-08T14:22:41.552Z"}
{"level":"info","message":"Initialising file paths with browser & version","timestamp":"2014-10-08T14:22:41.552Z"}
{"level":"info","message":"Initialising file paths with browser & version","timestamp":"2014-10-08T14:22:41.552Z"}
{"level":"info","message":"Initialising file paths with browser & version","timestamp":"2014-10-08T14:22:41.559Z"}
{"level":"info","message":"Initialising file paths with browser & version","timestamp":"2014-10-08T14:22:41.559Z"}
{"level":"info","message":"Initialising file paths with browser & version","timestamp":"2014-10-08T14:22:41.560Z"}
{"level":"info","message":"Initialising file paths with browser & version","timestamp":"2014-10-08T14:22:41.560Z"}
{"level":"info","message":"Initialising file paths with browser & version","timestamp":"2014-10-08T14:22:41.560Z"}
{"level":"info","message":"Initialising file paths with browser & version","timestamp":"2014-10-08T14:22:41.560Z"}
{"level":"info","message":"Initialising jasmine tests","timestamp":"2014-10-08T14:22:41.574Z"}
{"inline":{},"popover":{},"indiscriminate":{},"progressWrapper":{"parentElementArrayFinder":{"locator_":{"using":"css selector","value":".zoe-progress-wrapper"}},"elementArrayFinder_":{"locator_":{"$ref":"$[\"progressWrapper\"][\"parentElementArrayFinder\"][\"locator_\"]"}}},"widgetOverlay":{"parentElementArrayFinder":{"locator_":{"using":"css selector","value":"#zoe-zbox-overlay"}},"elementArrayFinder_":{"locator_":{"$ref":"$[\"widgetOverlay\"][\"parentElementArrayFinder\"][\"locator_\"]"}}},"widgetTrigger":{"parentElementArrayFinder":{"locator_":{"using":"css selector","value":".zoe-engage-trigger>img"}},"elementArrayFinder_":{"locator_":{"$ref":"$[\"widgetTrigger\"][\"parentElementArrayFinder\"][\"locator_\"]"}}},"widgetColorbox":{"parentElementArrayFinder":{"locator_":{"using":"css selector","value":"#zoe-zbox-content"}},"elementArrayFinder_":{"locator_":{"$ref":"$[\"widgetColorbox\"][\"parentElementArrayFinder\"][\"locator_\"]"}}},"helpButton":{"parentElementArrayFinder":{"locator_":{"using":"css selector","value":".zoe-btn-help"}},"elementArrayFinder_":{"locator_":{"$ref":"$[\"helpButton\"][\"parentElementArrayFinder\"][\"locator_\"]"}}},"helpElement":{"parentElementArrayFinder":{"locator_":{"using":"css selector","value":".zoe-help-overlay"}},"elementArrayFinder_":{"locator_":{"$ref":"$[\"helpElement\"][\"parentElementArrayFinder\"][\"locator_\"]"}}},"zoomButton":{"parentElementArrayFinder":{"locator_":{"using":"css selector","value":".zoe-btn-zoom"}},"elementArrayFinder_":{"locator_":{"$ref":"$[\"zoomButton\"][\"parentElementArrayFinder\"][\"locator_\"]"}}},"zoomElement":{"parentElementArrayFinder":{"locator_":{"using":"css selector","value":".zoe-zoom"}},"elementArrayFinder_":{"locator_":{"$ref":"$[\"zoomElement\"][\"parentElementArrayFinder\"][\"locator_\"]"}}},"zoomImage":{"parentElementArrayFinder":{"locator_":{"using":"css selector","value":".zoe-zoom-frame"}},"elementArrayFinder_":{"locator_":{"$ref":"$[\"zoomImage\"][\"parentElementArrayFinder\"][\"locator_\"]"}}},"closeButton":{"parentElementArrayFinder":{"locator_":{"using":"css selector","value":".zoe-btn-close"}},"elementArrayFinder_":{"locator_":{"$ref":"$[\"closeButton\"][\"parentElementArrayFinder\"][\"locator_\"]"}}},"widgetImageDiv":{"parentElementArrayFinder":{"locator_":{"using":"css selector","value":".zoe-engage-image.reel"}},"elementArrayFinder_":{"locator_":{"$ref":"$[\"widgetImageDiv\"][\"parentElementArrayFinder\"][\"locator_\"]"}}},"inlineDivSelector":{"parentElementArrayFinder":{"locator_":{"using":"css selector","value":".zoe-inline.reel"}},"elementArrayFinder_":{"locator_":{"$ref":"$[\"inlineDivSelector\"][\"parentElementArrayFinder\"][\"locator_\"]"}}},"widgetWrapperSelector":{"parentElementArrayFinder":{"locator_":{"using":"css selector","value":".zoe-engage-wrapper"}},"elementArrayFinder_":{"locator_":{"$ref":"$[\"widgetWrapperSelector\"][\"parentElementArrayFinder\"][\"locator_\"]"}}},"widgetWrapperImage":{"parentElementArrayFinder":{"locator_":{"using":"css selector","value":".zoe-frame"}},"elementArrayFinder_":{"locator_":{"$ref":"$[\"widgetWrapperImage\"][\"parentElementArrayFinder\"][\"locator_\"]"}}},"pageImageSelector":{"parentElementArrayFinder":{"locator_":{"using":"css selector","value":".zoe-engage-wrapper"}},"elementArrayFinder_":{"locator_":{"$ref":"$[\"pageImageSelector\"][\"parentElementArrayFinder\"][\"locator_\"]"}}},"inlineTrigger":{"parentElementArrayFinder":{"locator_":{"using":"css selector","value":"a.zoe-engage-trigger"}},"elementArrayFinder_":{"locator_":{"$ref":"$[\"inlineTrigger\"][\"parentElementArrayFinder\"][\"locator_\"]"}}},"inlineWrapper":{"parentElementArrayFinder":{"locator_":{"using":"css selector","value":".zoe-engage-wrapper.zoe-inline"}},"elementArrayFinder_":{"locator_":{"$ref":"$[\"inlineWrapper\"][\"parentElementArrayFinder\"][\"locator_\"]"}}},"frameSelector":{"parentElementArrayFinder":{"locator_":{"using":"css selector","value":".zoe-frame"}},"elementArrayFinder_":{"locator_":{"$ref":"$[\"frameSelector\"][\"parentElementArrayFinder\"][\"locator_\"]"}}},"interactCTA":{"parentElementArrayFinder":{"locator_":{"using":"css selector","value":".zoe-interact-cta"}},"elementArrayFinder_":{"locator_":{"$ref":"$[\"interactCTA\"][\"parentElementArrayFinder\"][\"locator_\"]"}}},"triggerCTA":{"parentElementArrayFinder":{"locator_":{"using":"css selector","value":".zoe-trigger-cta"}},"elementArrayFinder_":{"locator_":{"$ref":"$[\"triggerCTA\"][\"parentElementArrayFinder\"][\"locator_\"]"}}},"helpRotate":{"parentElementArrayFinder":{"locator_":{"using":"css selector","value":".zoe-help-rotate .zoe-help-text"}},"elementArrayFinder_":{"locator_":{"$ref":"$[\"helpRotate\"][\"parentElementArrayFinder\"][\"locator_\"]"}}},"helpElevate":{"parentElementArrayFinder":{"locator_":{"using":"css selector","value":".zoe-help-elevate .zoe-help-text"}},"elementArrayFinder_":{"locator_":{"$ref":"$[\"helpElevate\"][\"parentElementArrayFinder\"][\"locator_\"]"}}},"helpZoom":{"parentElementArrayFinder":{"locator_":{"using":"css selector","value":".zoe-help-zoom .zoe-help-text"}},"elementArrayFinder_":{"locator_":{"$ref":"$[\"helpZoom\"][\"parentElementArrayFinder\"][\"locator_\"]"}}},"helpBrand":{"parentElementArrayFinder":{"locator_":{"using":"css selector","value":".zoe-help-brand .zoe-help-text"}},"elementArrayFinder_":{"locator_":{"$ref":"$[\"helpBrand\"][\"parentElementArrayFinder\"][\"locator_\"]"}}},"extraContent":{"parentElementArrayFinder":{"locator_":{"using":"css selector","value":".zoe-display-extra-content"}},"elementArrayFinder_":{"locator_":{"$ref":"$[\"extraContent\"][\"parentElementArrayFinder\"][\"locator_\"]"}}},"level":"debug","message":"elementFinder is ","timestamp":"2014-10-08T14:22:41.576Z"}
{"level":"info","message":"Initialising file paths with browser & version","timestamp":"2014-10-08T14:22:41.583Z"}
{"level":"info","message":"Initialising file paths with browser & version","timestamp":"2014-10-08T14:22:41.583Z"}
{"level":"info","message":"Initialising file paths with browser & version","timestamp":"2014-10-08T14:22:41.583Z"}
{"level":"info","message":"Initialising file paths with browser & version","timestamp":"2014-10-08T14:22:41.583Z"}
{"level":"info","message":"Initialising file paths with browser & version","timestamp":"2014-10-08T14:22:41.584Z"}
{"level":"info","message":"Initialising file paths with browser & version","timestamp":"2014-10-08T14:22:41.584Z"}
{"level":"info","message":"Initialising file paths with browser & version","timestamp":"2014-10-08T14:22:41.589Z"}
{"level":"info","message":"Initialising file paths with browser & version","timestamp":"2014-10-08T14:22:41.589Z"}
{"level":"info","message":"Initialising file paths with browser & version","timestamp":"2014-10-08T14:22:41.589Z"}
{"level":"info","message":"Initialising file paths with browser & version","timestamp":"2014-10-08T14:22:41.589Z"}
{"level":"info","message":"Initialising file paths with browser & version","timestamp":"2014-10-08T14:22:41.589Z"}
{"level":"info","message":"Initialising file paths with browser & version","timestamp":"2014-10-08T14:22:41.589Z"}
{"level":"info","message":"Initialising jasmine tests","timestamp":"2014-10-08T14:22:41.576Z"}
{"inline":{},"popover":{},"indiscriminate":{},"progressWrapper":{"parentElementArrayFinder":{"locator_":{"using":"css selector","value":".zoe-progress-wrapper"}},"elementArrayFinder_":{"locator_":{"$ref":"$[\"progressWrapper\"][\"parentElementArrayFinder\"][\"locator_\"]"}}},"widgetOverlay":{"parentElementArrayFinder":{"locator_":{"using":"css selector","value":"#zoe-zbox-overlay"}},"elementArrayFinder_":{"locator_":{"$ref":"$[\"widgetOverlay\"][\"parentElementArrayFinder\"][\"locator_\"]"}}},"widgetTrigger":{"parentElementArrayFinder":{"locator_":{"using":"css selector","value":".zoe-engage-trigger>img"}},"elementArrayFinder_":{"locator_":{"$ref":"$[\"widgetTrigger\"][\"parentElementArrayFinder\"][\"locator_\"]"}}},"widgetColorbox":{"parentElementArrayFinder":{"locator_":{"using":"css selector","value":"#zoe-zbox-content"}},"elementArrayFinder_":{"locator_":{"$ref":"$[\"widgetColorbox\"][\"parentElementArrayFinder\"][\"locator_\"]"}}},"helpButton":{"parentElementArrayFinder":{"locator_":{"using":"css selector","value":".zoe-btn-help"}},"elementArrayFinder_":{"locator_":{"$ref":"$[\"helpButton\"][\"parentElementArrayFinder\"][\"locator_\"]"}}},"helpElement":{"parentElementArrayFinder":{"locator_":{"using":"css selector","value":".zoe-help-overlay"}},"elementArrayFinder_":{"locator_":{"$ref":"$[\"helpElement\"][\"parentElementArrayFinder\"][\"locator_\"]"}}},"zoomButton":{"parentElementArrayFinder":{"locator_":{"using":"css selector","value":".zoe-btn-zoom"}},"elementArrayFinder_":{"locator_":{"$ref":"$[\"zoomButton\"][\"parentElementArrayFinder\"][\"locator_\"]"}}},"zoomElement":{"parentElementArrayFinder":{"locator_":{"using":"css selector","value":".zoe-zoom"}},"elementArrayFinder_":{"locator_":{"$ref":"$[\"zoomElement\"][\"parentElementArrayFinder\"][\"locator_\"]"}}},"zoomImage":{"parentElementArrayFinder":{"locator_":{"using":"css selector","value":".zoe-zoom-frame"}},"elementArrayFinder_":{"locator_":{"$ref":"$[\"zoomImage\"][\"parentElementArrayFinder\"][\"locator_\"]"}}},"closeButton":{"parentElementArrayFinder":{"locator_":{"using":"css selector","value":".zoe-btn-close"}},"elementArrayFinder_":{"locator_":{"$ref":"$[\"closeButton\"][\"parentElementArrayFinder\"][\"locator_\"]"}}},"widgetImageDiv":{"parentElementArrayFinder":{"locator_":{"using":"css selector","value":".zoe-engage-image.reel"}},"elementArrayFinder_":{"locator_":{"$ref":"$[\"widgetImageDiv\"][\"parentElementArrayFinder\"][\"locator_\"]"}}},"inlineDivSelector":{"parentElementArrayFinder":{"locator_":{"using":"css selector","value":".zoe-inline.reel"}},"elementArrayFinder_":{"locator_":{"$ref":"$[\"inlineDivSelector\"][\"parentElementArrayFinder\"][\"locator_\"]"}}},"widgetWrapperSelector":{"parentElementArrayFinder":{"locator_":{"using":"css selector","value":".zoe-engage-wrapper"}},"elementArrayFinder_":{"locator_":{"$ref":"$[\"widgetWrapperSelector\"][\"parentElementArrayFinder\"][\"locator_\"]"}}},"widgetWrapperImage":{"parentElementArrayFinder":{"locator_":{"using":"css selector","value":".zoe-frame"}},"elementArrayFinder_":{"locator_":{"$ref":"$[\"widgetWrapperImage\"][\"parentElementArrayFinder\"][\"locator_\"]"}}},"pageImageSelector":{"parentElementArrayFinder":{"locator_":{"using":"css selector","value":".zoe-engage-wrapper"}},"elementArrayFinder_":{"locator_":{"$ref":"$[\"pageImageSelector\"][\"parentElementArrayFinder\"][\"locator_\"]"}}},"inlineTrigger":{"parentElementArrayFinder":{"locator_":{"using":"css selector","value":"a.zoe-engage-trigger"}},"elementArrayFinder_":{"locator_":{"$ref":"$[\"inlineTrigger\"][\"parentElementArrayFinder\"][\"locator_\"]"}}},"inlineWrapper":{"parentElementArrayFinder":{"locator_":{"using":"css selector","value":".zoe-engage-wrapper.zoe-inline"}},"elementArrayFinder_":{"locator_":{"$ref":"$[\"inlineWrapper\"][\"parentElementArrayFinder\"][\"locator_\"]"}}},"frameSelector":{"parentElementArrayFinder":{"locator_":{"using":"css selector","value":".zoe-frame"}},"elementArrayFinder_":{"locator_":{"$ref":"$[\"frameSelector\"][\"parentElementArrayFinder\"][\"locator_\"]"}}},"interactCTA":{"parentElementArrayFinder":{"locator_":{"using":"css selector","value":".zoe-interact-cta"}},"elementArrayFinder_":{"locator_":{"$ref":"$[\"interactCTA\"][\"parentElementArrayFinder\"][\"locator_\"]"}}},"triggerCTA":{"parentElementArrayFinder":{"locator_":{"using":"css selector","value":".zoe-trigger-cta"}},"elementArrayFinder_":{"locator_":{"$ref":"$[\"triggerCTA\"][\"parentElementArrayFinder\"][\"locator_\"]"}}},"helpRotate":{"parentElementArrayFinder":{"locator_":{"using":"css selector","value":".zoe-help-rotate .zoe-help-text"}},"elementArrayFinder_":{"locator_":{"$ref":"$[\"helpRotate\"][\"parentElementArrayFinder\"][\"locator_\"]"}}},"helpElevate":{"parentElementArrayFinder":{"locator_":{"using":"css selector","value":".zoe-help-elevate .zoe-help-text"}},"elementArrayFinder_":{"locator_":{"$ref":"$[\"helpElevate\"][\"parentElementArrayFinder\"][\"locator_\"]"}}},"helpZoom":{"parentElementArrayFinder":{"locator_":{"using":"css selector","value":".zoe-help-zoom .zoe-help-text"}},"elementArrayFinder_":{"locator_":{"$ref":"$[\"helpZoom\"][\"parentElementArrayFinder\"][\"locator_\"]"}}},"helpBrand":{"parentElementArrayFinder":{"locator_":{"using":"css selector","value":".zoe-help-brand .zoe-help-text"}},"elementArrayFinder_":{"locator_":{"$ref":"$[\"helpBrand\"][\"parentElementArrayFinder\"][\"locator_\"]"}}},"extraContent":{"parentElementArrayFinder":{"locator_":{"using":"css selector","value":".zoe-display-extra-content"}},"elementArrayFinder_":{"locator_":{"$ref":"$[\"extraContent\"][\"parentElementArrayFinder\"][\"locator_\"]"}}},"level":"debug","message":"elementFinder is ","timestamp":"2014-10-08T14:22:41.578Z"}
{"level":"info","message":"Initialising file paths with browser & version","timestamp":"2014-10-08T14:22:41.585Z"}
{"level":"info","message":"Initialising file paths with browser & version","timestamp":"2014-10-08T14:22:41.585Z"}
{"level":"info","message":"Initialising file paths with browser & version","timestamp":"2014-10-08T14:22:41.585Z"}
{"level":"info","message":"Initialising file paths with browser & version","timestamp":"2014-10-08T14:22:41.585Z"}
{"level":"info","message":"Initialising file paths with browser & version","timestamp":"2014-10-08T14:22:41.585Z"}
{"level":"info","message":"Initialising file paths with browser & version","timestamp":"2014-10-08T14:22:41.585Z"}
{"level":"info","message":"Initialising file paths with browser & version","timestamp":"2014-10-08T14:22:41.591Z"}
{"level":"info","message":"Initialising file paths with browser & version","timestamp":"2014-10-08T14:22:41.591Z"}
{"level":"info","message":"Initialising file paths with browser & version","timestamp":"2014-10-08T14:22:41.591Z"}
{"level":"info","message":"Initialising file paths with browser & version","timestamp":"2014-10-08T14:22:41.591Z"}
{"level":"info","message":"Initialising file paths with browser & version","timestamp":"2014-10-08T14:22:41.591Z"}
{"level":"info","message":"Initialising file paths with browser & version","timestamp":"2014-10-08T14:22:41.591Z"}
{"rotatable":false,"browserConnectionEnabled":true,"acceptSslCerts":true,"cssSelectorsEnabled":true,"javascriptEnabled":true,"nativeEvents":true,"databaseEnabled":true,"locationContextEnabled":true,"takesScreenshot":true,"platform":"XP","browserName":"firefox","webdriver.remote.sessionid":"04590bc8b0394907b37fccab63c1261b","hasMetadata":true,"version":"27.0","applicationCacheEnabled":true,"webStorageEnabled":true,"handlesAlerts":true,"level":"info","message":"","timestamp":"2014-10-08T14:22:49.686Z"}
{"level":"info","message":"undefined","timestamp":"2014-10-08T14:22:49.686Z"}
{"level":"info","message":"BROWSER IS: firefox","timestamp":"2014-10-08T14:22:49.686Z"}
{"level":"info","message":"Initialising file paths with browser & version","timestamp":"2014-10-08T14:22:49.687Z"}
{"level":"info","message":"Initialising file paths with browser & version","timestamp":"2014-10-08T14:22:49.687Z"}
{"level":"info","message":"Initialising file paths with browser & version","timestamp":"2014-10-08T14:22:49.687Z"}
{"level":"info","message":"Initialising file paths with browser & version","timestamp":"2014-10-08T14:22:49.687Z"}
{"level":"info","message":"Initialising file paths with browser & version","timestamp":"2014-10-08T14:22:49.687Z"}
{"level":"info","message":"Initialising file paths with browser & version","timestamp":"2014-10-08T14:22:49.687Z"}
{"level":"info","message":"Initialising file paths with browser & version","timestamp":"2014-10-08T14:22:49.687Z"}
{"level":"info","message":"Initialising file paths with browser & version","timestamp":"2014-10-08T14:22:49.687Z"}
{"level":"info","message":"Initialising file paths with browser & version","timestamp":"2014-10-08T14:22:49.687Z"}
{"level":"info","message":"Initialising file paths with browser & version","timestamp":"2014-10-08T14:22:49.687Z"}
{"level":"info","message":"Initialising file paths with browser & version","timestamp":"2014-10-08T14:22:49.687Z"}
{"level":"info","message":"Initialising file paths with browser & version","timestamp":"2014-10-08T14:22:49.687Z"}
{"level":"info","message":"Initialising file paths with browser & version","timestamp":"2014-10-08T14:22:49.687Z"}
{"level":"info","message":"Initialising file paths with browser & version","timestamp":"2014-10-08T14:22:49.687Z"}
{"level":"info","message":"Initialising file paths with browser & version","timestamp":"2014-10-08T14:22:49.687Z"}
{"level":"info","message":"Initialising file paths with browser & version","timestamp":"2014-10-08T14:22:49.687Z"}
{"level":"info","message":"Initialising file paths with browser & version","timestamp":"2014-10-08T14:22:49.687Z"}
{"level":"info","message":"Initialising file paths with browser & version","timestamp":"2014-10-08T14:22:49.687Z"}
{"level":"info","message":"Initialising file paths with browser & version","timestamp":"2014-10-08T14:22:49.687Z"}
{"level":"info","message":"Initialising file paths with browser & version","timestamp":"2014-10-08T14:22:49.687Z"}
{"level":"info","message":"Initialising file paths with browser & version","timestamp":"2014-10-08T14:22:49.687Z"}
{"level":"info","message":"Opening URL: http://jenkins.zoetrope.io:8888/v3/testInline.html","timestamp":"2014-10-08T14:22:50.139Z"}
{"takesScreenshot":true,"webdriver.remote.sessionid":"1e14883e7174445a83e2a8387e32f08a","unexpectedAlertBehaviour":"dismiss","ie.browserCommandLineSwitches":"","browserAttachTimeout":0,"ie.ensureCleanSession":false,"ignoreProtectedModeSettings":false,"platform":"WINDOWS","version":"11","ignoreZoomSetting":false,"nativeEvents":true,"handlesAlerts":true,"javascriptEnabled":true,"requireWindowFocus":false,"ie.usePerProcessProxy":false,"hasMetadata":true,"initialBrowserUrl":"http://localhost:21024/","enableElementCacheCleanup":true,"cssSelectorsEnabled":true,"browserName":"internet explorer","elementScrollBehavior":0,"enablePersistentHover":true,"ie.forceCreateProcessApi":false,"level":"info","message":"","timestamp":"2014-10-08T14:22:50.654Z"}
{"level":"info","message":"undefined","timestamp":"2014-10-08T14:22:50.655Z"}
{"level":"info","message":"BROWSER IS: internet explorer","timestamp":"2014-10-08T14:22:50.655Z"}
{"level":"info","message":"Initialising file paths with browser & version","timestamp":"2014-10-08T14:22:50.655Z"}
{"level":"info","message":"Initialising file paths with browser & version","timestamp":"2014-10-08T14:22:50.655Z"}
{"level":"info","message":"Initialising file paths with browser & version","timestamp":"2014-10-08T14:22:50.655Z"}
{"level":"info","message":"Initialising file paths with browser & version","timestamp":"2014-10-08T14:22:50.655Z"}
{"level":"info","message":"Initialising file paths with browser & version","timestamp":"2014-10-08T14:22:50.655Z"}
{"level":"info","message":"Initialising file paths with browser & version","timestamp":"2014-10-08T14:22:50.655Z"}
{"level":"info","message":"Initialising file paths with browser & version","timestamp":"2014-10-08T14:22:50.655Z"}
{"level":"info","message":"Initialising file paths with browser & version","timestamp":"2014-10-08T14:22:50.655Z"}
{"level":"info","message":"Initialising file paths with browser & version","timestamp":"2014-10-08T14:22:50.655Z"}
{"level":"info","message":"Initialising file paths with browser & version","timestamp":"2014-10-08T14:22:50.655Z"}
{"level":"info","message":"Initialising file paths with browser & version","timestamp":"2014-10-08T14:22:50.655Z"}
{"level":"info","message":"Initialising file paths with browser & version","timestamp":"2014-10-08T14:22:50.655Z"}
{"level":"info","message":"Initialising file paths with browser & version","timestamp":"2014-10-08T14:22:50.655Z"}
{"level":"info","message":"Initialising file paths with browser & version","timestamp":"2014-10-08T14:22:50.655Z"}
{"level":"info","message":"Initialising file paths with browser & version","timestamp":"2014-10-08T14:22:50.655Z"}
{"level":"info","message":"Initialising file paths with browser & version","timestamp":"2014-10-08T14:22:50.655Z"}
{"level":"info","message":"Initialising file paths with browser & version","timestamp":"2014-10-08T14:22:50.655Z"}
{"level":"info","message":"Initialising file paths with browser & version","timestamp":"2014-10-08T14:22:50.656Z"}
{"level":"info","message":"Initialising file paths with browser & version","timestamp":"2014-10-08T14:22:50.656Z"}
{"level":"info","message":"Initialising file paths with browser & version","timestamp":"2014-10-08T14:22:50.656Z"}
{"level":"info","message":"Initialising file paths with browser & version","timestamp":"2014-10-08T14:22:50.656Z"}
{"level":"info","message":"Opening URL: http://jenkins.zoetrope.io:8888/v3/testInline.html","timestamp":"2014-10-08T14:22:51.400Z"}
{"level":"info","message":"Saving screenshot to images/load.jpgpopover0.png","timestamp":"2014-10-08T14:22:58.409Z"}
{"level":"info","message":"Saving screenshot to images/load.jpgpopover0.png","timestamp":"2014-10-08T14:22:58.414Z"}
{"level":"info","message":"Saved screenshot","timestamp":"2014-10-08T14:22:59.542Z"}
{"level":"info","message":"Clicking the help button","timestamp":"2014-10-08T14:22:59.575Z"}
{"parentElementArrayFinder":{"locator_":{"using":"css selector","value":".zoe-btn-help"}},"elementArrayFinder_":{"locator_":{"$ref":"$[\"parentElementArrayFinder\"][\"locator_\"]"}},"level":"info","message":"help button is","timestamp":"2014-10-08T14:22:59.578Z"}
{"level":"info","message":"Got help style of ","timestamp":"2014-10-08T14:23:01.702Z"}
{"level":"info","message":"Saving screenshot to images/help.jpgpopover0.png","timestamp":"2014-10-08T14:23:01.746Z"}
{"level":"info","message":"Saved screenshot","timestamp":"2014-10-08T14:23:02.647Z"}
{"level":"info","message":"Saved screenshot","timestamp":"2014-10-08T14:23:02.649Z"}
{"level":"info","message":"Clicking the help button","timestamp":"2014-10-08T14:23:02.683Z"}
{"parentElementArrayFinder":{"locator_":{"using":"css selector","value":".zoe-btn-help"}},"elementArrayFinder_":{"locator_":{"$ref":"$[\"parentElementArrayFinder\"][\"locator_\"]"}},"level":"info","message":"help button is","timestamp":"2014-10-08T14:23:02.687Z"}
{"level":"info","message":"Clicking the help button","timestamp":"2014-10-08T14:23:02.695Z"}
{"parentElementArrayFinder":{"locator_":{"using":"css selector","value":".zoe-btn-help"}},"elementArrayFinder_":{"locator_":{"$ref":"$[\"parentElementArrayFinder\"][\"locator_\"]"}},"level":"info","message":"help button is","timestamp":"2014-10-08T14:23:02.699Z"}
{"level":"info","message":"Got help style of display: none;","timestamp":"2014-10-08T14:23:05.637Z"}
{"level":"info","message":"Saving screenshot to images/helpClose.jpgpopover0.png","timestamp":"2014-10-08T14:23:05.679Z"}
{"level":"info","message":"Got help style of ","timestamp":"2014-10-08T14:23:06.356Z"}
{"level":"info","message":"Saving screenshot to images/help.jpgpopover0.png","timestamp":"2014-10-08T14:23:06.401Z"}
{"level":"info","message":"Saved screenshot","timestamp":"2014-10-08T14:23:06.569Z"}
{"level":"info","message":"Clicking the zoom button","timestamp":"2014-10-08T14:23:06.629Z"}
{"level":"info","message":"Saving screenshot to images/zoom.jpgpopover0.png","timestamp":"2014-10-08T14:23:06.635Z"}
{"level":"info","message":"Saved screenshot","timestamp":"2014-10-08T14:23:07.410Z"}
{"level":"info","message":"Clicking the help button","timestamp":"2014-10-08T14:23:07.459Z"}
{"parentElementArrayFinder":{"locator_":{"using":"css selector","value":".zoe-btn-help"}},"elementArrayFinder_":{"locator_":{"$ref":"$[\"parentElementArrayFinder\"][\"locator_\"]"}},"level":"info","message":"help button is","timestamp":"2014-10-08T14:23:07.463Z"}
{"level":"info","message":"Got help style of display: none;","timestamp":"2014-10-08T14:23:11.364Z"}
{"level":"info","message":"Saved screenshot","timestamp":"2014-10-08T14:23:11.402Z"}
{"level":"info","message":"Saving screenshot to images/helpClose.jpgpopover0.png","timestamp":"2014-10-08T14:23:11.407Z"}
{"level":"info","message":"Clicking the zoom button","timestamp":"2014-10-08T14:23:11.415Z"}
{"level":"info","message":"Saving screenshot to images/zoomClose.jpgpopover0.png","timestamp":"2014-10-08T14:23:11.419Z"}
{"level":"info","message":"Saved screenshot","timestamp":"2014-10-08T14:23:12.645Z"}
{"level":"info","message":"Clicking the zoom button","timestamp":"2014-10-08T14:23:12.695Z"}
{"level":"info","message":"Saving screenshot to images/zoom.jpgpopover0.png","timestamp":"2014-10-08T14:23:12.700Z"}
{"level":"info","message":"Saved screenshot","timestamp":"2014-10-08T14:23:13.909Z"}
{"level":"info","message":"Opening URL: http://jenkins.zoetrope.io:8888/v3/testPopover.html","timestamp":"2014-10-08T14:23:13.921Z"}
{"level":"info","message":"Saving screenshot to images/load.jpgpopover0.png","timestamp":"2014-10-08T14:23:14.897Z"}
{"level":"info","message":"Saved screenshot","timestamp":"2014-10-08T14:23:16.065Z"}
{"level":"info","message":"Clicking the zoom button","timestamp":"2014-10-08T14:23:16.081Z"}
{"level":"info","message":"Saving screenshot to images/zoomClose.jpgpopover0.png","timestamp":"2014-10-08T14:23:16.085Z"}
{"level":"info","message":"Saved screenshot","timestamp":"2014-10-08T14:23:17.149Z"}
{"level":"info","message":"Clicking on widget trigger","timestamp":"2014-10-08T14:23:17.187Z"}
{"level":"info","message":"Saving screenshot to images/openWidget.jpgpopover0.png","timestamp":"2014-10-08T14:23:18.590Z"}
{"level":"info","message":"Saved screenshot","timestamp":"2014-10-08T14:23:19.142Z"}
{"level":"info","message":"Opening URL: http://jenkins.zoetrope.io:8888/v3/testPopover.html","timestamp":"2014-10-08T14:23:19.153Z"}
{"level":"info","message":"Saving screenshot to images/load.jpgpopover0.png","timestamp":"2014-10-08T14:23:20.528Z"}
{"level":"info","message":"Saved screenshot","timestamp":"2014-10-08T14:23:21.505Z"}
{"level":"info","message":"Clicking the help button","timestamp":"2014-10-08T14:23:21.550Z"}
{"parentElementArrayFinder":{"locator_":{"using":"css selector","value":".zoe-btn-help"}},"elementArrayFinder_":{"locator_":{"$ref":"$[\"parentElementArrayFinder\"][\"locator_\"]"}},"level":"info","message":"help button is","timestamp":"2014-10-08T14:23:21.557Z"}
{"level":"info","message":"Got help style of ","timestamp":"2014-10-08T14:23:23.893Z"}
{"level":"info","message":"Saving screenshot to images/help.jpgpopover0.png","timestamp":"2014-10-08T14:23:23.935Z"}
{"level":"info","message":"Saved screenshot","timestamp":"2014-10-08T14:23:25.139Z"}
{"level":"info","message":"Clicking on widget trigger","timestamp":"2014-10-08T14:23:25.173Z"}
{"level":"info","message":"Saved screenshot","timestamp":"2014-10-08T14:23:26.049Z"}
{"level":"info","message":"Clicking the help button","timestamp":"2014-10-08T14:23:26.094Z"}
{"parentElementArrayFinder":{"locator_":{"using":"css selector","value":".zoe-btn-help"}},"elementArrayFinder_":{"locator_":{"$ref":"$[\"parentElementArrayFinder\"][\"locator_\"]"}},"level":"info","message":"help button is","timestamp":"2014-10-08T14:23:26.098Z"}
{"level":"info","message":"Saving screenshot to images/openWidget.jpgpopover0.png","timestamp":"2014-10-08T14:23:27.117Z"}
{"level":"info","message":"Got help style of display: none;","timestamp":"2014-10-08T14:23:28.385Z"}
{"level":"info","message":"Saving screenshot to images/helpClose.jpgpopover0.png","timestamp":"2014-10-08T14:23:28.429Z"}
{"level":"info","message":"Saved screenshot","timestamp":"2014-10-08T14:23:31.015Z"}
{"level":"info","message":"Clicking the zoom button","timestamp":"2014-10-08T14:23:31.058Z"}
{"level":"info","message":"Saving screenshot to images/zoom.jpgpopover0.png","timestamp":"2014-10-08T14:23:31.063Z"}
{"level":"info","message":"Saved screenshot","timestamp":"2014-10-08T14:23:31.437Z"}
{"level":"info","message":"Clicking the help button","timestamp":"2014-10-08T14:23:31.483Z"}
{"parentElementArrayFinder":{"locator_":{"using":"css selector","value":".zoe-btn-help"}},"elementArrayFinder_":{"locator_":{"$ref":"$[\"parentElementArrayFinder\"][\"locator_\"]"}},"level":"info","message":"help button is","timestamp":"2014-10-08T14:23:31.485Z"}
{"level":"info","message":"Got help style of ","timestamp":"2014-10-08T14:23:34.937Z"}
{"level":"info","message":"Saving screenshot to images/help.jpgpopover0.png","timestamp":"2014-10-08T14:23:34.977Z"}
{"level":"info","message":"Saved screenshot","timestamp":"2014-10-08T14:23:38.437Z"}
{"level":"info","message":"Clicking the zoom button","timestamp":"2014-10-08T14:23:38.449Z"}
{"level":"info","message":"Saving screenshot to images/zoomClose.jpgpopover0.png","timestamp":"2014-10-08T14:23:38.452Z"}
{"level":"info","message":"Saved screenshot","timestamp":"2014-10-08T14:23:39.347Z"}
{"level":"info","message":"Clicking the help button","timestamp":"2014-10-08T14:23:39.390Z"}
{"parentElementArrayFinder":{"locator_":{"using":"css selector","value":".zoe-btn-help"}},"elementArrayFinder_":{"locator_":{"$ref":"$[\"parentElementArrayFinder\"][\"locator_\"]"}},"level":"info","message":"help button is","timestamp":"2014-10-08T14:23:39.393Z"}
{"level":"info","message":"Got help style of display: none;","timestamp":"2014-10-08T14:23:43.050Z"}
{"level":"info","message":"Saving screenshot to images/helpClose.jpgpopover0.png","timestamp":"2014-10-08T14:23:43.093Z"}
{"level":"info","message":"Saved screenshot","timestamp":"2014-10-08T14:23:43.876Z"}
{"level":"info","message":"Saved screenshot","timestamp":"2014-10-08T14:23:47.378Z"}
{"level":"info","message":"Clicking the zoom button","timestamp":"2014-10-08T14:23:47.424Z"}
{"level":"info","message":"Saving screenshot to images/zoom.jpgpopover0.png","timestamp":"2014-10-08T14:23:47.428Z"}
{"level":"info","message":"Saved screenshot","timestamp":"2014-10-08T14:23:55.479Z"}
{"level":"info","message":"Clicking the zoom button","timestamp":"2014-10-08T14:23:55.503Z"}
{"level":"info","message":"Saving screenshot to images/zoomClose.jpgpopover0.png","timestamp":"2014-10-08T14:23:55.506Z"}
{"rotatable":false,"browserConnectionEnabled":false,"acceptSslCerts":true,"cssSelectorsEnabled":true,"chrome":{"chromedriverVersion":"2.4.226107"},"javascriptEnabled":true,"version":"30.0.1599.65","webdriver.remote.sessionid":"b63634f05cf2435c805b8118ceb7f63d","databaseEnabled":true,"locationContextEnabled":true,"platform":"Windows NT","browserName":"chrome","takesScreenshot":true,"hasMetadata":true,"nativeEvents":true,"applicationCacheEnabled":false,"webStorageEnabled":true,"handlesAlerts":true,"level":"info","message":"","timestamp":"2014-10-08T14:23:57.184Z"}
{"level":"info","message":"undefined","timestamp":"2014-10-08T14:23:57.184Z"}
{"level":"info","message":"BROWSER IS: chrome","timestamp":"2014-10-08T14:23:57.185Z"}
{"level":"info","message":"Initialising file paths with browser & version","timestamp":"2014-10-08T14:23:57.185Z"}
{"level":"info","message":"Initialising file paths with browser & version","timestamp":"2014-10-08T14:23:57.185Z"}
{"level":"info","message":"Initialising file paths with browser & version","timestamp":"2014-10-08T14:23:57.185Z"}
{"level":"info","message":"Initialising file paths with browser & version","timestamp":"2014-10-08T14:23:57.185Z"}
{"level":"info","message":"Initialising file paths with browser & version","timestamp":"2014-10-08T14:23:57.185Z"}
{"level":"info","message":"Initialising file paths with browser & version","timestamp":"2014-10-08T14:23:57.185Z"}
{"level":"info","message":"Initialising file paths with browser & version","timestamp":"2014-10-08T14:23:57.185Z"}
{"level":"info","message":"Initialising file paths with browser & version","timestamp":"2014-10-08T14:23:57.185Z"}
{"level":"info","message":"Initialising file paths with browser & version","timestamp":"2014-10-08T14:23:57.185Z"}
{"level":"info","message":"Initialising file paths with browser & version","timestamp":"2014-10-08T14:23:57.185Z"}
{"level":"info","message":"Initialising file paths with browser & version","timestamp":"2014-10-08T14:23:57.185Z"}
{"level":"info","message":"Initialising file paths with browser & version","timestamp":"2014-10-08T14:23:57.185Z"}
{"level":"info","message":"Initialising file paths with browser & version","timestamp":"2014-10-08T14:23:57.185Z"}
{"level":"info","message":"Initialising file paths with browser & version","timestamp":"2014-10-08T14:23:57.185Z"}
{"level":"info","message":"Initialising file paths with browser & version","timestamp":"2014-10-08T14:23:57.185Z"}
{"level":"info","message":"Initialising file paths with browser & version","timestamp":"2014-10-08T14:23:57.185Z"}
{"level":"info","message":"Initialising file paths with browser & version","timestamp":"2014-10-08T14:23:57.185Z"}
{"level":"info","message":"Initialising file paths with browser & version","timestamp":"2014-10-08T14:23:57.185Z"}
{"level":"info","message":"Initialising file paths with browser & version","timestamp":"2014-10-08T14:23:57.185Z"}
{"level":"info","message":"Initialising file paths with browser & version","timestamp":"2014-10-08T14:23:57.185Z"}
{"level":"info","message":"Initialising file paths with browser & version","timestamp":"2014-10-08T14:23:57.186Z"}
{"level":"info","message":"Opening URL: http://jenkins.zoetrope.io:8888/v3/testInline.html","timestamp":"2014-10-08T14:23:57.582Z"}
{"level":"info","message":"Saved screenshot","timestamp":"2014-10-08T14:24:01.804Z"}
{"level":"info","message":"Saving screenshot to images/load.jpgpopover0.png","timestamp":"2014-10-08T14:24:02.171Z"}
{"level":"info","message":"Saved screenshot","timestamp":"2014-10-08T14:24:04.228Z"}
{"level":"info","message":"Clicking the help button","timestamp":"2014-10-08T14:24:04.264Z"}
{"parentElementArrayFinder":{"locator_":{"using":"css selector","value":".zoe-btn-help"}},"elementArrayFinder_":{"locator_":{"$ref":"$[\"parentElementArrayFinder\"][\"locator_\"]"}},"level":"info","message":"help button is","timestamp":"2014-10-08T14:24:04.268Z"}
{"level":"info","message":"Got help style of ","timestamp":"2014-10-08T14:24:06.180Z"}
{"level":"info","message":"Saving screenshot to images/help.jpgpopover0.png","timestamp":"2014-10-08T14:24:06.222Z"}
{"level":"info","message":"Saved screenshot","timestamp":"2014-10-08T14:24:08.000Z"}
{"level":"info","message":"Clicking the help button","timestamp":"2014-10-08T14:24:08.048Z"}
{"parentElementArrayFinder":{"locator_":{"using":"css selector","value":".zoe-btn-help"}},"elementArrayFinder_":{"locator_":{"$ref":"$[\"parentElementArrayFinder\"][\"locator_\"]"}},"level":"info","message":"help button is","timestamp":"2014-10-08T14:24:08.052Z"}
{"level":"info","message":"Got help style of display: none;","timestamp":"2014-10-08T14:24:09.960Z"}
{"level":"info","message":"Saving screenshot to images/helpClose.jpgpopover0.png","timestamp":"2014-10-08T14:24:10.000Z"}
{"level":"info","message":"Saved screenshot","timestamp":"2014-10-08T14:24:13.121Z"}
{"level":"info","message":"Clicking the zoom button","timestamp":"2014-10-08T14:24:13.179Z"}
{"level":"info","message":"Saving screenshot to images/zoom.jpgpopover0.png","timestamp":"2014-10-08T14:24:13.184Z"}
{"level":"info","message":"Saved screenshot","timestamp":"2014-10-08T14:24:17.736Z"}
{"level":"info","message":"Clicking the zoom button","timestamp":"2014-10-08T14:24:17.747Z"}
{"level":"info","message":"Saving screenshot to images/zoomClose.jpgpopover0.png","timestamp":"2014-10-08T14:24:17.752Z"}
{"takesScreenshot":true,"version":"6.0.5","cssSelectorsEnabled":true,"javascriptEnabled":true,"browserName":"safari","platform":"MAC","secureSsl":true,"webdriver.remote.sessionid":"8aa6bd1b271b4dcebac86ffd9381738a","hasMetadata":true,"level":"info","message":"","timestamp":"2014-10-08T14:24:18.817Z"}
{"level":"info","message":"undefined","timestamp":"2014-10-08T14:24:18.818Z"}
{"level":"info","message":"BROWSER IS: safari","timestamp":"2014-10-08T14:24:18.818Z"}
{"level":"info","message":"Initialising file paths with browser & version","timestamp":"2014-10-08T14:24:18.818Z"}
{"level":"info","message":"Initialising file paths with browser & version","timestamp":"2014-10-08T14:24:18.818Z"}
{"level":"info","message":"Initialising file paths with browser & version","timestamp":"2014-10-08T14:24:18.818Z"}
{"level":"info","message":"Initialising file paths with browser & version","timestamp":"2014-10-08T14:24:18.818Z"}
{"level":"info","message":"Initialising file paths with browser & version","timestamp":"2014-10-08T14:24:18.818Z"}
{"level":"info","message":"Initialising file paths with browser & version","timestamp":"2014-10-08T14:24:18.818Z"}
{"level":"info","message":"Initialising file paths with browser & version","timestamp":"2014-10-08T14:24:18.818Z"}
{"level":"info","message":"Initialising file paths with browser & version","timestamp":"2014-10-08T14:24:18.819Z"}
{"level":"info","message":"Initialising file paths with browser & version","timestamp":"2014-10-08T14:24:18.819Z"}
{"level":"info","message":"Initialising file paths with browser & version","timestamp":"2014-10-08T14:24:18.819Z"}
{"level":"info","message":"Initialising file paths with browser & version","timestamp":"2014-10-08T14:24:18.819Z"}
{"level":"info","message":"Initialising file paths with browser & version","timestamp":"2014-10-08T14:24:18.819Z"}
{"level":"info","message":"Initialising file paths with browser & version","timestamp":"2014-10-08T14:24:18.819Z"}
{"level":"info","message":"Initialising file paths with browser & version","timestamp":"2014-10-08T14:24:18.819Z"}
{"level":"info","message":"Initialising file paths with browser & version","timestamp":"2014-10-08T14:24:18.819Z"}
{"level":"info","message":"Initialising file paths with browser & version","timestamp":"2014-10-08T14:24:18.819Z"}
{"level":"info","message":"Initialising file paths with browser & version","timestamp":"2014-10-08T14:24:18.819Z"}
{"level":"info","message":"Initialising file paths with browser & version","timestamp":"2014-10-08T14:24:18.819Z"}
{"level":"info","message":"Initialising file paths with browser & version","timestamp":"2014-10-08T14:24:18.819Z"}
{"level":"info","message":"Initialising file paths with browser & version","timestamp":"2014-10-08T14:24:18.819Z"}
{"level":"info","message":"Initialising file paths with browser & version","timestamp":"2014-10-08T14:24:18.819Z"}
{"level":"info","message":"Opening URL: http://jenkins.zoetrope.io:8888/v3/testInline.html","timestamp":"2014-10-08T14:24:19.230Z"}
{"level":"info","message":"Saved screenshot","timestamp":"2014-10-08T14:24:21.311Z"}
{"level":"info","message":"Opening URL: http://jenkins.zoetrope.io:8888/v3/testPopover.html","timestamp":"2014-10-08T14:24:21.343Z"}
{"level":"info","message":"Saving screenshot to images/load.jpgpopover0.png","timestamp":"2014-10-08T14:24:22.618Z"}
{"level":"info","message":"Saving screenshot to images/load.jpgpopover0.png","timestamp":"2014-10-08T14:24:24.029Z"}
{"level":"info","message":"Saved screenshot","timestamp":"2014-10-08T14:24:25.044Z"}
{"level":"info","message":"Clicking on widget trigger","timestamp":"2014-10-08T14:24:25.081Z"}
{"level":"info","message":"Saving screenshot to images/openWidget.jpgpopover0.png","timestamp":"2014-10-08T14:24:26.385Z"}
{"level":"info","message":"Saved screenshot","timestamp":"2014-10-08T14:24:27.120Z"}
{"level":"info","message":"Clicking the help button","timestamp":"2014-10-08T14:24:27.157Z"}
{"parentElementArrayFinder":{"locator_":{"using":"css selector","value":".zoe-btn-help"}},"elementArrayFinder_":{"locator_":{"$ref":"$[\"parentElementArrayFinder\"][\"locator_\"]"}},"level":"info","message":"help button is","timestamp":"2014-10-08T14:24:27.161Z"}
{"level":"info","message":"Saved screenshot","timestamp":"2014-10-08T14:24:28.583Z"}
{"level":"info","message":"Clicking the help button","timestamp":"2014-10-08T14:24:28.626Z"}
{"parentElementArrayFinder":{"locator_":{"using":"css selector","value":".zoe-btn-help"}},"elementArrayFinder_":{"locator_":{"$ref":"$[\"parentElementArrayFinder\"][\"locator_\"]"}},"level":"info","message":"help button is","timestamp":"2014-10-08T14:24:28.631Z"}
{"level":"info","message":"Got help style of ","timestamp":"2014-10-08T14:24:29.233Z"}
{"level":"info","message":"Saving screenshot to images/help.jpgpopover0.png","timestamp":"2014-10-08T14:24:29.277Z"}
{"level":"info","message":"Got help style of ","timestamp":"2014-10-08T14:24:30.589Z"}
{"level":"info","message":"Saving screenshot to images/help.jpgpopover0.png","timestamp":"2014-10-08T14:24:30.637Z"}
{"level":"info","message":"Saved screenshot","timestamp":"2014-10-08T14:24:31.557Z"}
{"level":"info","message":"Clicking the help button","timestamp":"2014-10-08T14:24:31.599Z"}
{"parentElementArrayFinder":{"locator_":{"using":"css selector","value":".zoe-btn-help"}},"elementArrayFinder_":{"locator_":{"$ref":"$[\"parentElementArrayFinder\"][\"locator_\"]"}},"level":"info","message":"help button is","timestamp":"2014-10-08T14:24:31.603Z"}
{"level":"info","message":"Saved screenshot","timestamp":"2014-10-08T14:24:32.508Z"}
{"level":"info","message":"Clicking the help button","timestamp":"2014-10-08T14:24:32.554Z"}
{"parentElementArrayFinder":{"locator_":{"using":"css selector","value":".zoe-btn-help"}},"elementArrayFinder_":{"locator_":{"$ref":"$[\"parentElementArrayFinder\"][\"locator_\"]"}},"level":"info","message":"help button is","timestamp":"2014-10-08T14:24:32.557Z"}
{"level":"info","message":"Got help style of display: none; ","timestamp":"2014-10-08T14:24:33.613Z"}
{"level":"info","message":"Saving screenshot to images/helpClose.jpgpopover0.png","timestamp":"2014-10-08T14:24:33.656Z"}
{"level":"info","message":"Got help style of display: none;","timestamp":"2014-10-08T14:24:34.658Z"}
{"level":"info","message":"Saving screenshot to images/helpClose.jpgpopover0.png","timestamp":"2014-10-08T14:24:34.701Z"}
{"level":"info","message":"Saved screenshot","timestamp":"2014-10-08T14:24:36.102Z"}
{"level":"info","message":"Clicking the zoom button","timestamp":"2014-10-08T14:24:36.145Z"}
{"level":"info","message":"Saving screenshot to images/zoom.jpgpopover0.png","timestamp":"2014-10-08T14:24:36.150Z"}
{"level":"info","message":"Saved screenshot","timestamp":"2014-10-08T14:24:36.728Z"}
{"level":"info","message":"Clicking the zoom button","timestamp":"2014-10-08T14:24:36.769Z"}
{"level":"info","message":"Saving screenshot to images/zoom.jpgpopover0.png","timestamp":"2014-10-08T14:24:36.773Z"}
{"level":"info","message":"Saved screenshot","timestamp":"2014-10-08T14:24:42.741Z"}
{"level":"info","message":"Clicking the zoom button","timestamp":"2014-10-08T14:24:42.752Z"}
{"level":"info","message":"Saving screenshot to images/zoomClose.jpgpopover0.png","timestamp":"2014-10-08T14:24:42.756Z"}
{"level":"info","message":"Saved screenshot","timestamp":"2014-10-08T14:24:42.895Z"}
{"level":"info","message":"Clicking the zoom button","timestamp":"2014-10-08T14:24:42.906Z"}
{"level":"info","message":"Saving screenshot to images/zoomClose.jpgpopover0.png","timestamp":"2014-10-08T14:24:42.910Z"}
{"level":"info","message":"Saved screenshot","timestamp":"2014-10-08T14:24:46.117Z"}
{"level":"info","message":"Saved screenshot","timestamp":"2014-10-08T14:24:46.960Z"}
{"level":"info","message":"Opening URL: http://jenkins.zoetrope.io:8888/v3/testPopover.html","timestamp":"2014-10-08T14:24:46.976Z"}
{"level":"info","message":"Saving screenshot to images/load.jpgpopover0.png","timestamp":"2014-10-08T14:24:48.033Z"}
{"level":"info","message":"Initialising jasmine tests","timestamp":"2014-10-08T14:24:53.440Z"}
{"inline":{},"popover":{},"indiscriminate":{},"progressWrapper":{"parentElementArrayFinder":{"locator_":{"using":"css selector","value":".zoe-progress-wrapper"}},"elementArrayFinder_":{"locator_":{"$ref":"$[\"progressWrapper\"][\"parentElementArrayFinder\"][\"locator_\"]"}}},"widgetOverlay":{"parentElementArrayFinder":{"locator_":{"using":"css selector","value":"#zoe-zbox-overlay"}},"elementArrayFinder_":{"locator_":{"$ref":"$[\"widgetOverlay\"][\"parentElementArrayFinder\"][\"locator_\"]"}}},"widgetTrigger":{"parentElementArrayFinder":{"locator_":{"using":"css selector","value":".zoe-engage-trigger>img"}},"elementArrayFinder_":{"locator_":{"$ref":"$[\"widgetTrigger\"][\"parentElementArrayFinder\"][\"locator_\"]"}}},"widgetColorbox":{"parentElementArrayFinder":{"locator_":{"using":"css selector","value":"#zoe-zbox-content"}},"elementArrayFinder_":{"locator_":{"$ref":"$[\"widgetColorbox\"][\"parentElementArrayFinder\"][\"locator_\"]"}}},"helpButton":{"parentElementArrayFinder":{"locator_":{"using":"css selector","value":".zoe-btn-help"}},"elementArrayFinder_":{"locator_":{"$ref":"$[\"helpButton\"][\"parentElementArrayFinder\"][\"locator_\"]"}}},"helpElement":{"parentElementArrayFinder":{"locator_":{"using":"css selector","value":".zoe-help-overlay"}},"elementArrayFinder_":{"locator_":{"$ref":"$[\"helpElement\"][\"parentElementArrayFinder\"][\"locator_\"]"}}},"zoomButton":{"parentElementArrayFinder":{"locator_":{"using":"css selector","value":".zoe-btn-zoom"}},"elementArrayFinder_":{"locator_":{"$ref":"$[\"zoomButton\"][\"parentElementArrayFinder\"][\"locator_\"]"}}},"zoomElement":{"parentElementArrayFinder":{"locator_":{"using":"css selector","value":".zoe-zoom"}},"elementArrayFinder_":{"locator_":{"$ref":"$[\"zoomElement\"][\"parentElementArrayFinder\"][\"locator_\"]"}}},"zoomImage":{"parentElementArrayFinder":{"locator_":{"using":"css selector","value":".zoe-zoom-frame"}},"elementArrayFinder_":{"locator_":{"$ref":"$[\"zoomImage\"][\"parentElementArrayFinder\"][\"locator_\"]"}}},"closeButton":{"parentElementArrayFinder":{"locator_":{"using":"css selector","value":".zoe-btn-close"}},"elementArrayFinder_":{"locator_":{"$ref":"$[\"closeButton\"][\"parentElementArrayFinder\"][\"locator_\"]"}}},"widgetImageDiv":{"parentElementArrayFinder":{"locator_":{"using":"css selector","value":".zoe-engage-image.reel"}},"elementArrayFinder_":{"locator_":{"$ref":"$[\"widgetImageDiv\"][\"parentElementArrayFinder\"][\"locator_\"]"}}},"inlineDivSelector":{"parentElementArrayFinder":{"locator_":{"using":"css selector","value":".zoe-inline.reel"}},"elementArrayFinder_":{"locator_":{"$ref":"$[\"inlineDivSelector\"][\"parentElementArrayFinder\"][\"locator_\"]"}}},"widgetWrapperSelector":{"parentElementArrayFinder":{"locator_":{"using":"css selector","value":".zoe-engage-wrapper"}},"elementArrayFinder_":{"locator_":{"$ref":"$[\"widgetWrapperSelector\"][\"parentElementArrayFinder\"][\"locator_\"]"}}},"widgetWrapperImage":{"parentElementArrayFinder":{"locator_":{"using":"css selector","value":".zoe-frame"}},"elementArrayFinder_":{"locator_":{"$ref":"$[\"widgetWrapperImage\"][\"parentElementArrayFinder\"][\"locator_\"]"}}},"pageImageSelector":{"parentElementArrayFinder":{"locator_":{"using":"css selector","value":".zoe-engage-wrapper"}},"elementArrayFinder_":{"locator_":{"$ref":"$[\"pageImageSelector\"][\"parentElementArrayFinder\"][\"locator_\"]"}}},"inlineTrigger":{"parentElementArrayFinder":{"locator_":{"using":"css selector","value":"a.zoe-engage-trigger"}},"elementArrayFinder_":{"locator_":{"$ref":"$[\"inlineTrigger\"][\"parentElementArrayFinder\"][\"locator_\"]"}}},"inlineWrapper":{"parentElementArrayFinder":{"locator_":{"using":"css selector","value":".zoe-engage-wrapper.zoe-inline"}},"elementArrayFinder_":{"locator_":{"$ref":"$[\"inlineWrapper\"][\"parentElementArrayFinder\"][\"locator_\"]"}}},"frameSelector":{"parentElementArrayFinder":{"locator_":{"using":"css selector","value":".zoe-frame"}},"elementArrayFinder_":{"locator_":{"$ref":"$[\"frameSelector\"][\"parentElementArrayFinder\"][\"locator_\"]"}}},"interactCTA":{"parentElementArrayFinder":{"locator_":{"using":"css selector","value":".zoe-interact-cta"}},"elementArrayFinder_":{"locator_":{"$ref":"$[\"interactCTA\"][\"parentElementArrayFinder\"][\"locator_\"]"}}},"triggerCTA":{"parentElementArrayFinder":{"locator_":{"using":"css selector","value":".zoe-trigger-cta"}},"elementArrayFinder_":{"locator_":{"$ref":"$[\"triggerCTA\"][\"parentElementArrayFinder\"][\"locator_\"]"}}},"helpRotate":{"parentElementArrayFinder":{"locator_":{"using":"css selector","value":".zoe-help-rotate .zoe-help-text"}},"elementArrayFinder_":{"locator_":{"$ref":"$[\"helpRotate\"][\"parentElementArrayFinder\"][\"locator_\"]"}}},"helpElevate":{"parentElementArrayFinder":{"locator_":{"using":"css selector","value":".zoe-help-elevate .zoe-help-text"}},"elementArrayFinder_":{"locator_":{"$ref":"$[\"helpElevate\"][\"parentElementArrayFinder\"][\"locator_\"]"}}},"helpZoom":{"parentElementArrayFinder":{"locator_":{"using":"css selector","value":".zoe-help-zoom .zoe-help-text"}},"elementArrayFinder_":{"locator_":{"$ref":"$[\"helpZoom\"][\"parentElementArrayFinder\"][\"locator_\"]"}}},"helpBrand":{"parentElementArrayFinder":{"locator_":{"using":"css selector","value":".zoe-help-brand .zoe-help-text"}},"elementArrayFinder_":{"locator_":{"$ref":"$[\"helpBrand\"][\"parentElementArrayFinder\"][\"locator_\"]"}}},"extraContent":{"parentElementArrayFinder":{"locator_":{"using":"css selector","value":".zoe-display-extra-content"}},"elementArrayFinder_":{"locator_":{"$ref":"$[\"extraContent\"][\"parentElementArrayFinder\"][\"locator_\"]"}}},"level":"debug","message":"elementFinder is ","timestamp":"2014-10-08T14:24:53.442Z"}
{"level":"info","message":"Initialising file paths with browser & version","timestamp":"2014-10-08T14:24:53.452Z"}
{"level":"info","message":"Initialising file paths with browser & version","timestamp":"2014-10-08T14:24:53.453Z"}
{"level":"info","message":"Initialising file paths with browser & version","timestamp":"2014-10-08T14:24:53.453Z"}
{"level":"info","message":"Initialising file paths with browser & version","timestamp":"2014-10-08T14:24:53.453Z"}
{"level":"info","message":"Initialising file paths with browser & version","timestamp":"2014-10-08T14:24:53.453Z"}
{"level":"info","message":"Initialising file paths with browser & version","timestamp":"2014-10-08T14:24:53.458Z"}
{"level":"info","message":"Initialising file paths with browser & version","timestamp":"2014-10-08T14:24:53.463Z"}
{"level":"info","message":"Initialising file paths with browser & version","timestamp":"2014-10-08T14:24:53.463Z"}
{"level":"info","message":"Initialising file paths with browser & version","timestamp":"2014-10-08T14:24:53.463Z"}
{"level":"info","message":"Initialising file paths with browser & version","timestamp":"2014-10-08T14:24:53.463Z"}
{"level":"info","message":"Initialising file paths with browser & version","timestamp":"2014-10-08T14:24:53.463Z"}
{"level":"info","message":"Initialising file paths with browser & version","timestamp":"2014-10-08T14:24:53.463Z"}
{"level":"info","message":"Initialising jasmine tests","timestamp":"2014-10-08T14:24:53.444Z"}
{"inline":{},"popover":{},"indiscriminate":{},"progressWrapper":{"parentElementArrayFinder":{"locator_":{"using":"css selector","value":".zoe-progress-wrapper"}},"elementArrayFinder_":{"locator_":{"$ref":"$[\"progressWrapper\"][\"parentElementArrayFinder\"][\"locator_\"]"}}},"widgetOverlay":{"parentElementArrayFinder":{"locator_":{"using":"css selector","value":"#zoe-zbox-overlay"}},"elementArrayFinder_":{"locator_":{"$ref":"$[\"widgetOverlay\"][\"parentElementArrayFinder\"][\"locator_\"]"}}},"widgetTrigger":{"parentElementArrayFinder":{"locator_":{"using":"css selector","value":".zoe-engage-trigger>img"}},"elementArrayFinder_":{"locator_":{"$ref":"$[\"widgetTrigger\"][\"parentElementArrayFinder\"][\"locator_\"]"}}},"widgetColorbox":{"parentElementArrayFinder":{"locator_":{"using":"css selector","value":"#zoe-zbox-content"}},"elementArrayFinder_":{"locator_":{"$ref":"$[\"widgetColorbox\"][\"parentElementArrayFinder\"][\"locator_\"]"}}},"helpButton":{"parentElementArrayFinder":{"locator_":{"using":"css selector","value":".zoe-btn-help"}},"elementArrayFinder_":{"locator_":{"$ref":"$[\"helpButton\"][\"parentElementArrayFinder\"][\"locator_\"]"}}},"helpElement":{"parentElementArrayFinder":{"locator_":{"using":"css selector","value":".zoe-help-overlay"}},"elementArrayFinder_":{"locator_":{"$ref":"$[\"helpElement\"][\"parentElementArrayFinder\"][\"locator_\"]"}}},"zoomButton":{"parentElementArrayFinder":{"locator_":{"using":"css selector","value":".zoe-btn-zoom"}},"elementArrayFinder_":{"locator_":{"$ref":"$[\"zoomButton\"][\"parentElementArrayFinder\"][\"locator_\"]"}}},"zoomElement":{"parentElementArrayFinder":{"locator_":{"using":"css selector","value":".zoe-zoom"}},"elementArrayFinder_":{"locator_":{"$ref":"$[\"zoomElement\"][\"parentElementArrayFinder\"][\"locator_\"]"}}},"zoomImage":{"parentElementArrayFinder":{"locator_":{"using":"css selector","value":".zoe-zoom-frame"}},"elementArrayFinder_":{"locator_":{"$ref":"$[\"zoomImage\"][\"parentElementArrayFinder\"][\"locator_\"]"}}},"closeButton":{"parentElementArrayFinder":{"locator_":{"using":"css selector","value":".zoe-btn-close"}},"elementArrayFinder_":{"locator_":{"$ref":"$[\"closeButton\"][\"parentElementArrayFinder\"][\"locator_\"]"}}},"widgetImageDiv":{"parentElementArrayFinder":{"locator_":{"using":"css selector","value":".zoe-engage-image.reel"}},"elementArrayFinder_":{"locator_":{"$ref":"$[\"widgetImageDiv\"][\"parentElementArrayFinder\"][\"locator_\"]"}}},"inlineDivSelector":{"parentElementArrayFinder":{"locator_":{"using":"css selector","value":".zoe-inline.reel"}},"elementArrayFinder_":{"locator_":{"$ref":"$[\"inlineDivSelector\"][\"parentElementArrayFinder\"][\"locator_\"]"}}},"widgetWrapperSelector":{"parentElementArrayFinder":{"locator_":{"using":"css selector","value":".zoe-engage-wrapper"}},"elementArrayFinder_":{"locator_":{"$ref":"$[\"widgetWrapperSelector\"][\"parentElementArrayFinder\"][\"locator_\"]"}}},"widgetWrapperImage":{"parentElementArrayFinder":{"locator_":{"using":"css selector","value":".zoe-frame"}},"elementArrayFinder_":{"locator_":{"$ref":"$[\"widgetWrapperImage\"][\"parentElementArrayFinder\"][\"locator_\"]"}}},"pageImageSelector":{"parentElementArrayFinder":{"locator_":{"using":"css selector","value":".zoe-engage-wrapper"}},"elementArrayFinder_":{"locator_":{"$ref":"$[\"pageImageSelector\"][\"parentElementArrayFinder\"][\"locator_\"]"}}},"inlineTrigger":{"parentElementArrayFinder":{"locator_":{"using":"css selector","value":"a.zoe-engage-trigger"}},"elementArrayFinder_":{"locator_":{"$ref":"$[\"inlineTrigger\"][\"parentElementArrayFinder\"][\"locator_\"]"}}},"inlineWrapper":{"parentElementArrayFinder":{"locator_":{"using":"css selector","value":".zoe-engage-wrapper.zoe-inline"}},"elementArrayFinder_":{"locator_":{"$ref":"$[\"inlineWrapper\"][\"parentElementArrayFinder\"][\"locator_\"]"}}},"frameSelector":{"parentElementArrayFinder":{"locator_":{"using":"css selector","value":".zoe-frame"}},"elementArrayFinder_":{"locator_":{"$ref":"$[\"frameSelector\"][\"parentElementArrayFinder\"][\"locator_\"]"}}},"interactCTA":{"parentElementArrayFinder":{"locator_":{"using":"css selector","value":".zoe-interact-cta"}},"elementArrayFinder_":{"locator_":{"$ref":"$[\"interactCTA\"][\"parentElementArrayFinder\"][\"locator_\"]"}}},"triggerCTA":{"parentElementArrayFinder":{"locator_":{"using":"css selector","value":".zoe-trigger-cta"}},"elementArrayFinder_":{"locator_":{"$ref":"$[\"triggerCTA\"][\"parentElementArrayFinder\"][\"locator_\"]"}}},"helpRotate":{"parentElementArrayFinder":{"locator_":{"using":"css selector","value":".zoe-help-rotate .zoe-help-text"}},"elementArrayFinder_":{"locator_":{"$ref":"$[\"helpRotate\"][\"parentElementArrayFinder\"][\"locator_\"]"}}},"helpElevate":{"parentElementArrayFinder":{"locator_":{"using":"css selector","value":".zoe-help-elevate .zoe-help-text"}},"elementArrayFinder_":{"locator_":{"$ref":"$[\"helpElevate\"][\"parentElementArrayFinder\"][\"locator_\"]"}}},"helpZoom":{"parentElementArrayFinder":{"locator_":{"using":"css selector","value":".zoe-help-zoom .zoe-help-text"}},"elementArrayFinder_":{"locator_":{"$ref":"$[\"helpZoom\"][\"parentElementArrayFinder\"][\"locator_\"]"}}},"helpBrand":{"parentElementArrayFinder":{"locator_":{"using":"css selector","value":".zoe-help-brand .zoe-help-text"}},"elementArrayFinder_":{"locator_":{"$ref":"$[\"helpBrand\"][\"parentElementArrayFinder\"][\"locator_\"]"}}},"extraContent":{"parentElementArrayFinder":{"locator_":{"using":"css selector","value":".zoe-display-extra-content"}},"elementArrayFinder_":{"locator_":{"$ref":"$[\"extraContent\"][\"parentElementArrayFinder\"][\"locator_\"]"}}},"level":"debug","message":"elementFinder is ","timestamp":"2014-10-08T14:24:53.447Z"}
{"level":"info","message":"Initialising file paths with browser & version","timestamp":"2014-10-08T14:24:53.457Z"}
{"level":"info","message":"Initialising file paths with browser & version","timestamp":"2014-10-08T14:24:53.458Z"}
{"level":"info","message":"Initialising file paths with browser & version","timestamp":"2014-10-08T14:24:53.458Z"}
{"level":"info","message":"Initialising file paths with browser & version","timestamp":"2014-10-08T14:24:53.458Z"}
{"level":"info","message":"Initialising file paths with browser & version","timestamp":"2014-10-08T14:24:53.458Z"}
{"level":"info","message":"Initialising file paths with browser & version","timestamp":"2014-10-08T14:24:53.463Z"}
{"level":"info","message":"Initialising file paths with browser & version","timestamp":"2014-10-08T14:24:53.467Z"}
{"level":"info","message":"Initialising file paths with browser & version","timestamp":"2014-10-08T14:24:53.467Z"}
{"level":"info","message":"Initialising file paths with browser & version","timestamp":"2014-10-08T14:24:53.467Z"}
{"level":"info","message":"Initialising file paths with browser & version","timestamp":"2014-10-08T14:24:53.467Z"}
{"level":"info","message":"Initialising file paths with browser & version","timestamp":"2014-10-08T14:24:53.467Z"}
{"level":"info","message":"Initialising file paths with browser & version","timestamp":"2014-10-08T14:24:53.467Z"}
{"level":"info","message":"Initialising jasmine tests","timestamp":"2014-10-08T14:24:53.471Z"}
{"inline":{},"popover":{},"indiscriminate":{},"progressWrapper":{"parentElementArrayFinder":{"locator_":{"using":"css selector","value":".zoe-progress-wrapper"}},"elementArrayFinder_":{"locator_":{"$ref":"$[\"progressWrapper\"][\"parentElementArrayFinder\"][\"locator_\"]"}}},"widgetOverlay":{"parentElementArrayFinder":{"locator_":{"using":"css selector","value":"#zoe-zbox-overlay"}},"elementArrayFinder_":{"locator_":{"$ref":"$[\"widgetOverlay\"][\"parentElementArrayFinder\"][\"locator_\"]"}}},"widgetTrigger":{"parentElementArrayFinder":{"locator_":{"using":"css selector","value":".zoe-engage-trigger>img"}},"elementArrayFinder_":{"locator_":{"$ref":"$[\"widgetTrigger\"][\"parentElementArrayFinder\"][\"locator_\"]"}}},"widgetColorbox":{"parentElementArrayFinder":{"locator_":{"using":"css selector","value":"#zoe-zbox-content"}},"elementArrayFinder_":{"locator_":{"$ref":"$[\"widgetColorbox\"][\"parentElementArrayFinder\"][\"locator_\"]"}}},"helpButton":{"parentElementArrayFinder":{"locator_":{"using":"css selector","value":".zoe-btn-help"}},"elementArrayFinder_":{"locator_":{"$ref":"$[\"helpButton\"][\"parentElementArrayFinder\"][\"locator_\"]"}}},"helpElement":{"parentElementArrayFinder":{"locator_":{"using":"css selector","value":".zoe-help-overlay"}},"elementArrayFinder_":{"locator_":{"$ref":"$[\"helpElement\"][\"parentElementArrayFinder\"][\"locator_\"]"}}},"zoomButton":{"parentElementArrayFinder":{"locator_":{"using":"css selector","value":".zoe-btn-zoom"}},"elementArrayFinder_":{"locator_":{"$ref":"$[\"zoomButton\"][\"parentElementArrayFinder\"][\"locator_\"]"}}},"zoomElement":{"parentElementArrayFinder":{"locator_":{"using":"css selector","value":".zoe-zoom"}},"elementArrayFinder_":{"locator_":{"$ref":"$[\"zoomElement\"][\"parentElementArrayFinder\"][\"locator_\"]"}}},"zoomImage":{"parentElementArrayFinder":{"locator_":{"using":"css selector","value":".zoe-zoom-frame"}},"elementArrayFinder_":{"locator_":{"$ref":"$[\"zoomImage\"][\"parentElementArrayFinder\"][\"locator_\"]"}}},"closeButton":{"parentElementArrayFinder":{"locator_":{"using":"css selector","value":".zoe-btn-close"}},"elementArrayFinder_":{"locator_":{"$ref":"$[\"closeButton\"][\"parentElementArrayFinder\"][\"locator_\"]"}}},"widgetImageDiv":{"parentElementArrayFinder":{"locator_":{"using":"css selector","value":".zoe-engage-image.reel"}},"elementArrayFinder_":{"locator_":{"$ref":"$[\"widgetImageDiv\"][\"parentElementArrayFinder\"][\"locator_\"]"}}},"inlineDivSelector":{"parentElementArrayFinder":{"locator_":{"using":"css selector","value":".zoe-inline.reel"}},"elementArrayFinder_":{"locator_":{"$ref":"$[\"inlineDivSelector\"][\"parentElementArrayFinder\"][\"locator_\"]"}}},"widgetWrapperSelector":{"parentElementArrayFinder":{"locator_":{"using":"css selector","value":".zoe-engage-wrapper"}},"elementArrayFinder_":{"locator_":{"$ref":"$[\"widgetWrapperSelector\"][\"parentElementArrayFinder\"][\"locator_\"]"}}},"widgetWrapperImage":{"parentElementArrayFinder":{"locator_":{"using":"css selector","value":".zoe-frame"}},"elementArrayFinder_":{"locator_":{"$ref":"$[\"widgetWrapperImage\"][\"parentElementArrayFinder\"][\"locator_\"]"}}},"pageImageSelector":{"parentElementArrayFinder":{"locator_":{"using":"css selector","value":".zoe-engage-wrapper"}},"elementArrayFinder_":{"locator_":{"$ref":"$[\"pageImageSelector\"][\"parentElementArrayFinder\"][\"locator_\"]"}}},"inlineTrigger":{"parentElementArrayFinder":{"locator_":{"using":"css selector","value":"a.zoe-engage-trigger"}},"elementArrayFinder_":{"locator_":{"$ref":"$[\"inlineTrigger\"][\"parentElementArrayFinder\"][\"locator_\"]"}}},"inlineWrapper":{"parentElementArrayFinder":{"locator_":{"using":"css selector","value":".zoe-engage-wrapper.zoe-inline"}},"elementArrayFinder_":{"locator_":{"$ref":"$[\"inlineWrapper\"][\"parentElementArrayFinder\"][\"locator_\"]"}}},"frameSelector":{"parentElementArrayFinder":{"locator_":{"using":"css selector","value":".zoe-frame"}},"elementArrayFinder_":{"locator_":{"$ref":"$[\"frameSelector\"][\"parentElementArrayFinder\"][\"locator_\"]"}}},"interactCTA":{"parentElementArrayFinder":{"locator_":{"using":"css selector","value":".zoe-interact-cta"}},"elementArrayFinder_":{"locator_":{"$ref":"$[\"interactCTA\"][\"parentElementArrayFinder\"][\"locator_\"]"}}},"triggerCTA":{"parentElementArrayFinder":{"locator_":{"using":"css selector","value":".zoe-trigger-cta"}},"elementArrayFinder_":{"locator_":{"$ref":"$[\"triggerCTA\"][\"parentElementArrayFinder\"][\"locator_\"]"}}},"helpRotate":{"parentElementArrayFinder":{"locator_":{"using":"css selector","value":".zoe-help-rotate .zoe-help-text"}},"elementArrayFinder_":{"locator_":{"$ref":"$[\"helpRotate\"][\"parentElementArrayFinder\"][\"locator_\"]"}}},"helpElevate":{"parentElementArrayFinder":{"locator_":{"using":"css selector","value":".zoe-help-elevate .zoe-help-text"}},"elementArrayFinder_":{"locator_":{"$ref":"$[\"helpElevate\"][\"parentElementArrayFinder\"][\"locator_\"]"}}},"helpZoom":{"parentElementArrayFinder":{"locator_":{"using":"css selector","value":".zoe-help-zoom .zoe-help-text"}},"elementArrayFinder_":{"locator_":{"$ref":"$[\"helpZoom\"][\"parentElementArrayFinder\"][\"locator_\"]"}}},"helpBrand":{"parentElementArrayFinder":{"locator_":{"using":"css selector","value":".zoe-help-brand .zoe-help-text"}},"elementArrayFinder_":{"locator_":{"$ref":"$[\"helpBrand\"][\"parentElementArrayFinder\"][\"locator_\"]"}}},"extraContent":{"parentElementArrayFinder":{"locator_":{"using":"css selector","value":".zoe-display-extra-content"}},"elementArrayFinder_":{"locator_":{"$ref":"$[\"extraContent\"][\"parentElementArrayFinder\"][\"locator_\"]"}}},"level":"debug","message":"elementFinder is ","timestamp":"2014-10-08T14:24:53.474Z"}
{"level":"info","message":"Initialising file paths with browser & version","timestamp":"2014-10-08T14:24:53.484Z"}
{"level":"info","message":"Initialising file paths with browser & version","timestamp":"2014-10-08T14:24:53.484Z"}
{"level":"info","message":"Initialising file paths with browser & version","timestamp":"2014-10-08T14:24:53.484Z"}
{"level":"info","message":"Initialising file paths with browser & version","timestamp":"2014-10-08T14:24:53.484Z"}
{"level":"info","message":"Initialising file paths with browser & version","timestamp":"2014-10-08T14:24:53.484Z"}
{"level":"info","message":"Initialising file paths with browser & version","timestamp":"2014-10-08T14:24:53.488Z"}
{"level":"info","message":"Initialising file paths with browser & version","timestamp":"2014-10-08T14:24:53.493Z"}
{"level":"info","message":"Initialising file paths with browser & version","timestamp":"2014-10-08T14:24:53.493Z"}
{"level":"info","message":"Initialising file paths with browser & version","timestamp":"2014-10-08T14:24:53.493Z"}
{"level":"info","message":"Initialising file paths with browser & version","timestamp":"2014-10-08T14:24:53.493Z"}
{"level":"info","message":"Initialising file paths with browser & version","timestamp":"2014-10-08T14:24:53.493Z"}
{"level":"info","message":"Initialising file paths with browser & version","timestamp":"2014-10-08T14:24:53.493Z"}
{"level":"info","message":"Initialising jasmine tests","timestamp":"2014-10-08T14:24:53.498Z"}
{"inline":{},"popover":{},"indiscriminate":{},"progressWrapper":{"parentElementArrayFinder":{"locator_":{"using":"css selector","value":".zoe-progress-wrapper"}},"elementArrayFinder_":{"locator_":{"$ref":"$[\"progressWrapper\"][\"parentElementArrayFinder\"][\"locator_\"]"}}},"widgetOverlay":{"parentElementArrayFinder":{"locator_":{"using":"css selector","value":"#zoe-zbox-overlay"}},"elementArrayFinder_":{"locator_":{"$ref":"$[\"widgetOverlay\"][\"parentElementArrayFinder\"][\"locator_\"]"}}},"widgetTrigger":{"parentElementArrayFinder":{"locator_":{"using":"css selector","value":".zoe-engage-trigger>img"}},"elementArrayFinder_":{"locator_":{"$ref":"$[\"widgetTrigger\"][\"parentElementArrayFinder\"][\"locator_\"]"}}},"widgetColorbox":{"parentElementArrayFinder":{"locator_":{"using":"css selector","value":"#zoe-zbox-content"}},"elementArrayFinder_":{"locator_":{"$ref":"$[\"widgetColorbox\"][\"parentElementArrayFinder\"][\"locator_\"]"}}},"helpButton":{"parentElementArrayFinder":{"locator_":{"using":"css selector","value":".zoe-btn-help"}},"elementArrayFinder_":{"locator_":{"$ref":"$[\"helpButton\"][\"parentElementArrayFinder\"][\"locator_\"]"}}},"helpElement":{"parentElementArrayFinder":{"locator_":{"using":"css selector","value":".zoe-help-overlay"}},"elementArrayFinder_":{"locator_":{"$ref":"$[\"helpElement\"][\"parentElementArrayFinder\"][\"locator_\"]"}}},"zoomButton":{"parentElementArrayFinder":{"locator_":{"using":"css selector","value":".zoe-btn-zoom"}},"elementArrayFinder_":{"locator_":{"$ref":"$[\"zoomButton\"][\"parentElementArrayFinder\"][\"locator_\"]"}}},"zoomElement":{"parentElementArrayFinder":{"locator_":{"using":"css selector","value":".zoe-zoom"}},"elementArrayFinder_":{"locator_":{"$ref":"$[\"zoomElement\"][\"parentElementArrayFinder\"][\"locator_\"]"}}},"zoomImage":{"parentElementArrayFinder":{"locator_":{"using":"css selector","value":".zoe-zoom-frame"}},"elementArrayFinder_":{"locator_":{"$ref":"$[\"zoomImage\"][\"parentElementArrayFinder\"][\"locator_\"]"}}},"closeButton":{"parentElementArrayFinder":{"locator_":{"using":"css selector","value":".zoe-btn-close"}},"elementArrayFinder_":{"locator_":{"$ref":"$[\"closeButton\"][\"parentElementArrayFinder\"][\"locator_\"]"}}},"widgetImageDiv":{"parentElementArrayFinder":{"locator_":{"using":"css selector","value":".zoe-engage-image.reel"}},"elementArrayFinder_":{"locator_":{"$ref":"$[\"widgetImageDiv\"][\"parentElementArrayFinder\"][\"locator_\"]"}}},"inlineDivSelector":{"parentElementArrayFinder":{"locator_":{"using":"css selector","value":".zoe-inline.reel"}},"elementArrayFinder_":{"locator_":{"$ref":"$[\"inlineDivSelector\"][\"parentElementArrayFinder\"][\"locator_\"]"}}},"widgetWrapperSelector":{"parentElementArrayFinder":{"locator_":{"using":"css selector","value":".zoe-engage-wrapper"}},"elementArrayFinder_":{"locator_":{"$ref":"$[\"widgetWrapperSelector\"][\"parentElementArrayFinder\"][\"locator_\"]"}}},"widgetWrapperImage":{"parentElementArrayFinder":{"locator_":{"using":"css selector","value":".zoe-frame"}},"elementArrayFinder_":{"locator_":{"$ref":"$[\"widgetWrapperImage\"][\"parentElementArrayFinder\"][\"locator_\"]"}}},"pageImageSelector":{"parentElementArrayFinder":{"locator_":{"using":"css selector","value":".zoe-engage-wrapper"}},"elementArrayFinder_":{"locator_":{"$ref":"$[\"pageImageSelector\"][\"parentElementArrayFinder\"][\"locator_\"]"}}},"inlineTrigger":{"parentElementArrayFinder":{"locator_":{"using":"css selector","value":"a.zoe-engage-trigger"}},"elementArrayFinder_":{"locator_":{"$ref":"$[\"inlineTrigger\"][\"parentElementArrayFinder\"][\"locator_\"]"}}},"inlineWrapper":{"parentElementArrayFinder":{"locator_":{"using":"css selector","value":".zoe-engage-wrapper.zoe-inline"}},"elementArrayFinder_":{"locator_":{"$ref":"$[\"inlineWrapper\"][\"parentElementArrayFinder\"][\"locator_\"]"}}},"frameSelector":{"parentElementArrayFinder":{"locator_":{"using":"css selector","value":".zoe-frame"}},"elementArrayFinder_":{"locator_":{"$ref":"$[\"frameSelector\"][\"parentElementArrayFinder\"][\"locator_\"]"}}},"interactCTA":{"parentElementArrayFinder":{"locator_":{"using":"css selector","value":".zoe-interact-cta"}},"elementArrayFinder_":{"locator_":{"$ref":"$[\"interactCTA\"][\"parentElementArrayFinder\"][\"locator_\"]"}}},"triggerCTA":{"parentElementArrayFinder":{"locator_":{"using":"css selector","value":".zoe-trigger-cta"}},"elementArrayFinder_":{"locator_":{"$ref":"$[\"triggerCTA\"][\"parentElementArrayFinder\"][\"locator_\"]"}}},"helpRotate":{"parentElementArrayFinder":{"locator_":{"using":"css selector","value":".zoe-help-rotate .zoe-help-text"}},"elementArrayFinder_":{"locator_":{"$ref":"$[\"helpRotate\"][\"parentElementArrayFinder\"][\"locator_\"]"}}},"helpElevate":{"parentElementArrayFinder":{"locator_":{"using":"css selector","value":".zoe-help-elevate .zoe-help-text"}},"elementArrayFinder_":{"locator_":{"$ref":"$[\"helpElevate\"][\"parentElementArrayFinder\"][\"locator_\"]"}}},"helpZoom":{"parentElementArrayFinder":{"locator_":{"using":"css selector","value":".zoe-help-zoom .zoe-help-text"}},"elementArrayFinder_":{"locator_":{"$ref":"$[\"helpZoom\"][\"parentElementArrayFinder\"][\"locator_\"]"}}},"helpBrand":{"parentElementArrayFinder":{"locator_":{"using":"css selector","value":".zoe-help-brand .zoe-help-text"}},"elementArrayFinder_":{"locator_":{"$ref":"$[\"helpBrand\"][\"parentElementArrayFinder\"][\"locator_\"]"}}},"extraContent":{"parentElementArrayFinder":{"locator_":{"using":"css selector","value":".zoe-display-extra-content"}},"elementArrayFinder_":{"locator_":{"$ref":"$[\"extraContent\"][\"parentElementArrayFinder\"][\"locator_\"]"}}},"level":"debug","message":"elementFinder is ","timestamp":"2014-10-08T14:24:53.501Z"}
{"level":"info","message":"Initialising file paths with browser & version","timestamp":"2014-10-08T14:24:53.510Z"}
{"level":"info","message":"Initialising file paths with browser & version","timestamp":"2014-10-08T14:24:53.510Z"}
{"level":"info","message":"Initialising file paths with browser & version","timestamp":"2014-10-08T14:24:53.510Z"}
{"level":"info","message":"Initialising file paths with browser & version","timestamp":"2014-10-08T14:24:53.510Z"}
{"level":"info","message":"Initialising file paths with browser & version","timestamp":"2014-10-08T14:24:53.510Z"}
{"level":"info","message":"Initialising file paths with browser & version","timestamp":"2014-10-08T14:24:53.515Z"}
{"level":"info","message":"Initialising file paths with browser & version","timestamp":"2014-10-08T14:24:53.519Z"}
{"level":"info","message":"Initialising file paths with browser & version","timestamp":"2014-10-08T14:24:53.519Z"}
{"level":"info","message":"Initialising file paths with browser & version","timestamp":"2014-10-08T14:24:53.519Z"}
{"level":"info","message":"Initialising file paths with browser & version","timestamp":"2014-10-08T14:24:53.519Z"}
{"level":"info","message":"Initialising file paths with browser & version","timestamp":"2014-10-08T14:24:53.519Z"}
{"level":"info","message":"Initialising file paths with browser & version","timestamp":"2014-10-08T14:24:53.519Z"}
{"takesScreenshot":true,"webdriver.remote.sessionid":"a47bb92857194a979ca380a636fddb35","unexpectedAlertBehaviour":"dismiss","ie.browserCommandLineSwitches":"","browserAttachTimeout":0,"ie.ensureCleanSession":false,"ignoreProtectedModeSettings":false,"platform":"WINDOWS","version":"11","ignoreZoomSetting":false,"nativeEvents":true,"handlesAlerts":true,"javascriptEnabled":true,"requireWindowFocus":false,"ie.usePerProcessProxy":false,"hasMetadata":true,"initialBrowserUrl":"http://localhost:29387/","enableElementCacheCleanup":true,"cssSelectorsEnabled":true,"browserName":"internet explorer","elementScrollBehavior":0,"enablePersistentHover":true,"ie.forceCreateProcessApi":false,"level":"info","message":"","timestamp":"2014-10-08T14:25:03.002Z"}
{"level":"info","message":"undefined","timestamp":"2014-10-08T14:25:03.003Z"}
{"level":"info","message":"BROWSER IS: internet explorer","timestamp":"2014-10-08T14:25:03.003Z"}
{"level":"info","message":"Initialising file paths with browser & version","timestamp":"2014-10-08T14:25:03.003Z"}
{"level":"info","message":"Initialising file paths with browser & version","timestamp":"2014-10-08T14:25:03.003Z"}
{"level":"info","message":"Initialising file paths with browser & version","timestamp":"2014-10-08T14:25:03.003Z"}
{"level":"info","message":"Initialising file paths with browser & version","timestamp":"2014-10-08T14:25:03.003Z"}
{"level":"info","message":"Initialising file paths with browser & version","timestamp":"2014-10-08T14:25:03.004Z"}
{"level":"info","message":"Initialising file paths with browser & version","timestamp":"2014-10-08T14:25:03.004Z"}
{"level":"info","message":"Initialising file paths with browser & version","timestamp":"2014-10-08T14:25:03.004Z"}
{"level":"info","message":"Initialising file paths with browser & version","timestamp":"2014-10-08T14:25:03.004Z"}
{"level":"info","message":"Initialising file paths with browser & version","timestamp":"2014-10-08T14:25:03.004Z"}
{"level":"info","message":"Initialising file paths with browser & version","timestamp":"2014-10-08T14:25:03.004Z"}
{"level":"info","message":"Initialising file paths with browser & version","timestamp":"2014-10-08T14:25:03.004Z"}
{"level":"info","message":"Initialising file paths with browser & version","timestamp":"2014-10-08T14:25:03.004Z"}
{"level":"info","message":"Initialising file paths with browser & version","timestamp":"2014-10-08T14:25:03.004Z"}
{"level":"info","message":"Initialising file paths with browser & version","timestamp":"2014-10-08T14:25:03.004Z"}
{"level":"info","message":"Initialising file paths with browser & version","timestamp":"2014-10-08T14:25:03.004Z"}
{"level":"info","message":"Initialising file paths with browser & version","timestamp":"2014-10-08T14:25:03.004Z"}
{"level":"info","message":"Initialising file paths with browser & version","timestamp":"2014-10-08T14:25:03.004Z"}
{"level":"info","message":"Initialising file paths with browser & version","timestamp":"2014-10-08T14:25:03.004Z"}
{"level":"info","message":"Initialising file paths with browser & version","timestamp":"2014-10-08T14:25:03.004Z"}
{"level":"info","message":"Initialising file paths with browser & version","timestamp":"2014-10-08T14:25:03.004Z"}
{"level":"info","message":"Initialising file paths with browser & version","timestamp":"2014-10-08T14:25:03.004Z"}
{"level":"info","message":"Opening URL: http://jenkins.zoetrope.io:8888/v3/testInline.html","timestamp":"2014-10-08T14:25:04.432Z"}
{"level":"info","message":"Saving screenshot to images/load.jpgpopover0.png","timestamp":"2014-10-08T14:25:16.419Z"}
{"level":"info","message":"Initialising jasmine tests","timestamp":"2014-10-08T14:27:58.778Z"}
{"inline":{},"popover":{},"indiscriminate":{},"progressWrapper":{"parentElementArrayFinder":{"locator_":{"using":"css selector","value":".zoe-progress-wrapper"}},"elementArrayFinder_":{"locator_":{"$ref":"$[\"progressWrapper\"][\"parentElementArrayFinder\"][\"locator_\"]"}}},"widgetOverlay":{"parentElementArrayFinder":{"locator_":{"using":"css selector","value":"#zoe-zbox-overlay"}},"elementArrayFinder_":{"locator_":{"$ref":"$[\"widgetOverlay\"][\"parentElementArrayFinder\"][\"locator_\"]"}}},"widgetTrigger":{"parentElementArrayFinder":{"locator_":{"using":"css selector","value":".zoe-engage-trigger>img"}},"elementArrayFinder_":{"locator_":{"$ref":"$[\"widgetTrigger\"][\"parentElementArrayFinder\"][\"locator_\"]"}}},"widgetColorbox":{"parentElementArrayFinder":{"locator_":{"using":"css selector","value":"#zoe-zbox-content"}},"elementArrayFinder_":{"locator_":{"$ref":"$[\"widgetColorbox\"][\"parentElementArrayFinder\"][\"locator_\"]"}}},"helpButton":{"parentElementArrayFinder":{"locator_":{"using":"css selector","value":".zoe-btn-help"}},"elementArrayFinder_":{"locator_":{"$ref":"$[\"helpButton\"][\"parentElementArrayFinder\"][\"locator_\"]"}}},"helpElement":{"parentElementArrayFinder":{"locator_":{"using":"css selector","value":".zoe-help-overlay"}},"elementArrayFinder_":{"locator_":{"$ref":"$[\"helpElement\"][\"parentElementArrayFinder\"][\"locator_\"]"}}},"zoomButton":{"parentElementArrayFinder":{"locator_":{"using":"css selector","value":".zoe-btn-zoom"}},"elementArrayFinder_":{"locator_":{"$ref":"$[\"zoomButton\"][\"parentElementArrayFinder\"][\"locator_\"]"}}},"zoomElement":{"parentElementArrayFinder":{"locator_":{"using":"css selector","value":".zoe-zoom"}},"elementArrayFinder_":{"locator_":{"$ref":"$[\"zoomElement\"][\"parentElementArrayFinder\"][\"locator_\"]"}}},"zoomImage":{"parentElementArrayFinder":{"locator_":{"using":"css selector","value":".zoe-zoom-frame"}},"elementArrayFinder_":{"locator_":{"$ref":"$[\"zoomImage\"][\"parentElementArrayFinder\"][\"locator_\"]"}}},"closeButton":{"parentElementArrayFinder":{"locator_":{"using":"css selector","value":".zoe-btn-close"}},"elementArrayFinder_":{"locator_":{"$ref":"$[\"closeButton\"][\"parentElementArrayFinder\"][\"locator_\"]"}}},"widgetImageDiv":{"parentElementArrayFinder":{"locator_":{"using":"css selector","value":".zoe-engage-image.reel"}},"elementArrayFinder_":{"locator_":{"$ref":"$[\"widgetImageDiv\"][\"parentElementArrayFinder\"][\"locator_\"]"}}},"inlineDivSelector":{"parentElementArrayFinder":{"locator_":{"using":"css selector","value":".zoe-inline.reel"}},"elementArrayFinder_":{"locator_":{"$ref":"$[\"inlineDivSelector\"][\"parentElementArrayFinder\"][\"locator_\"]"}}},"widgetWrapperSelector":{"parentElementArrayFinder":{"locator_":{"using":"css selector","value":".zoe-engage-wrapper"}},"elementArrayFinder_":{"locator_":{"$ref":"$[\"widgetWrapperSelector\"][\"parentElementArrayFinder\"][\"locator_\"]"}}},"widgetWrapperImage":{"parentElementArrayFinder":{"locator_":{"using":"css selector","value":".zoe-frame"}},"elementArrayFinder_":{"locator_":{"$ref":"$[\"widgetWrapperImage\"][\"parentElementArrayFinder\"][\"locator_\"]"}}},"pageImageSelector":{"parentElementArrayFinder":{"locator_":{"using":"css selector","value":".zoe-engage-wrapper"}},"elementArrayFinder_":{"locator_":{"$ref":"$[\"pageImageSelector\"][\"parentElementArrayFinder\"][\"locator_\"]"}}},"inlineTrigger":{"parentElementArrayFinder":{"locator_":{"using":"css selector","value":"a.zoe-engage-trigger"}},"elementArrayFinder_":{"locator_":{"$ref":"$[\"inlineTrigger\"][\"parentElementArrayFinder\"][\"locator_\"]"}}},"inlineWrapper":{"parentElementArrayFinder":{"locator_":{"using":"css selector","value":".zoe-engage-wrapper.zoe-inline"}},"elementArrayFinder_":{"locator_":{"$ref":"$[\"inlineWrapper\"][\"parentElementArrayFinder\"][\"locator_\"]"}}},"frameSelector":{"parentElementArrayFinder":{"locator_":{"using":"css selector","value":".zoe-frame"}},"elementArrayFinder_":{"locator_":{"$ref":"$[\"frameSelector\"][\"parentElementArrayFinder\"][\"locator_\"]"}}},"interactCTA":{"parentElementArrayFinder":{"locator_":{"using":"css selector","value":".zoe-interact-cta"}},"elementArrayFinder_":{"locator_":{"$ref":"$[\"interactCTA\"][\"parentElementArrayFinder\"][\"locator_\"]"}}},"triggerCTA":{"parentElementArrayFinder":{"locator_":{"using":"css selector","value":".zoe-trigger-cta"}},"elementArrayFinder_":{"locator_":{"$ref":"$[\"triggerCTA\"][\"parentElementArrayFinder\"][\"locator_\"]"}}},"helpRotate":{"parentElementArrayFinder":{"locator_":{"using":"css selector","value":".zoe-help-rotate .zoe-help-text"}},"elementArrayFinder_":{"locator_":{"$ref":"$[\"helpRotate\"][\"parentElementArrayFinder\"][\"locator_\"]"}}},"helpElevate":{"parentElementArrayFinder":{"locator_":{"using":"css selector","value":".zoe-help-elevate .zoe-help-text"}},"elementArrayFinder_":{"locator_":{"$ref":"$[\"helpElevate\"][\"parentElementArrayFinder\"][\"locator_\"]"}}},"helpZoom":{"parentElementArrayFinder":{"locator_":{"using":"css selector","value":".zoe-help-zoom .zoe-help-text"}},"elementArrayFinder_":{"locator_":{"$ref":"$[\"helpZoom\"][\"parentElementArrayFinder\"][\"locator_\"]"}}},"helpBrand":{"parentElementArrayFinder":{"locator_":{"using":"css selector","value":".zoe-help-brand .zoe-help-text"}},"elementArrayFinder_":{"locator_":{"$ref":"$[\"helpBrand\"][\"parentElementArrayFinder\"][\"locator_\"]"}}},"extraContent":{"parentElementArrayFinder":{"locator_":{"using":"css selector","value":".zoe-display-extra-content"}},"elementArrayFinder_":{"locator_":{"$ref":"$[\"extraContent\"][\"parentElementArrayFinder\"][\"locator_\"]"}}},"level":"debug","message":"elementFinder is ","timestamp":"2014-10-08T14:27:58.781Z"}
{"level":"info","message":"Initialising file paths with browser & version","timestamp":"2014-10-08T14:27:58.791Z"}
{"level":"info","message":"Initialising file paths with browser & version","timestamp":"2014-10-08T14:27:58.791Z"}
{"level":"info","message":"Initialising file paths with browser & version","timestamp":"2014-10-08T14:27:58.791Z"}
{"level":"info","message":"Initialising file paths with browser & version","timestamp":"2014-10-08T14:27:58.791Z"}
{"level":"info","message":"Initialising file paths with browser & version","timestamp":"2014-10-08T14:27:58.791Z"}
{"level":"info","message":"Initialising file paths with browser & version","timestamp":"2014-10-08T14:27:58.796Z"}
{"level":"info","message":"Initialising jasmine tests","timestamp":"2014-10-08T14:27:58.778Z"}
{"level":"info","message":"Initialising file paths with browser & version","timestamp":"2014-10-08T14:27:58.802Z"}
{"level":"info","message":"Initialising file paths with browser & version","timestamp":"2014-10-08T14:27:58.802Z"}
{"level":"info","message":"Initialising file paths with browser & version","timestamp":"2014-10-08T14:27:58.802Z"}
{"level":"info","message":"Initialising file paths with browser & version","timestamp":"2014-10-08T14:27:58.802Z"}
{"level":"info","message":"Initialising file paths with browser & version","timestamp":"2014-10-08T14:27:58.802Z"}
{"level":"info","message":"Initialising file paths with browser & version","timestamp":"2014-10-08T14:27:58.802Z"}
{"inline":{},"popover":{},"indiscriminate":{},"progressWrapper":{"parentElementArrayFinder":{"locator_":{"using":"css selector","value":".zoe-progress-wrapper"}},"elementArrayFinder_":{"locator_":{"$ref":"$[\"progressWrapper\"][\"parentElementArrayFinder\"][\"locator_\"]"}}},"widgetOverlay":{"parentElementArrayFinder":{"locator_":{"using":"css selector","value":"#zoe-zbox-overlay"}},"elementArrayFinder_":{"locator_":{"$ref":"$[\"widgetOverlay\"][\"parentElementArrayFinder\"][\"locator_\"]"}}},"widgetTrigger":{"parentElementArrayFinder":{"locator_":{"using":"css selector","value":".zoe-engage-trigger>img"}},"elementArrayFinder_":{"locator_":{"$ref":"$[\"widgetTrigger\"][\"parentElementArrayFinder\"][\"locator_\"]"}}},"widgetColorbox":{"parentElementArrayFinder":{"locator_":{"using":"css selector","value":"#zoe-zbox-content"}},"elementArrayFinder_":{"locator_":{"$ref":"$[\"widgetColorbox\"][\"parentElementArrayFinder\"][\"locator_\"]"}}},"helpButton":{"parentElementArrayFinder":{"locator_":{"using":"css selector","value":".zoe-btn-help"}},"elementArrayFinder_":{"locator_":{"$ref":"$[\"helpButton\"][\"parentElementArrayFinder\"][\"locator_\"]"}}},"helpElement":{"parentElementArrayFinder":{"locator_":{"using":"css selector","value":".zoe-help-overlay"}},"elementArrayFinder_":{"locator_":{"$ref":"$[\"helpElement\"][\"parentElementArrayFinder\"][\"locator_\"]"}}},"zoomButton":{"parentElementArrayFinder":{"locator_":{"using":"css selector","value":".zoe-btn-zoom"}},"elementArrayFinder_":{"locator_":{"$ref":"$[\"zoomButton\"][\"parentElementArrayFinder\"][\"locator_\"]"}}},"zoomElement":{"parentElementArrayFinder":{"locator_":{"using":"css selector","value":".zoe-zoom"}},"elementArrayFinder_":{"locator_":{"$ref":"$[\"zoomElement\"][\"parentElementArrayFinder\"][\"locator_\"]"}}},"zoomImage":{"parentElementArrayFinder":{"locator_":{"using":"css selector","value":".zoe-zoom-frame"}},"elementArrayFinder_":{"locator_":{"$ref":"$[\"zoomImage\"][\"parentElementArrayFinder\"][\"locator_\"]"}}},"closeButton":{"parentElementArrayFinder":{"locator_":{"using":"css selector","value":".zoe-btn-close"}},"elementArrayFinder_":{"locator_":{"$ref":"$[\"closeButton\"][\"parentElementArrayFinder\"][\"locator_\"]"}}},"widgetImageDiv":{"parentElementArrayFinder":{"locator_":{"using":"css selector","value":".zoe-engage-image.reel"}},"elementArrayFinder_":{"locator_":{"$ref":"$[\"widgetImageDiv\"][\"parentElementArrayFinder\"][\"locator_\"]"}}},"inlineDivSelector":{"parentElementArrayFinder":{"locator_":{"using":"css selector","value":".zoe-inline.reel"}},"elementArrayFinder_":{"locator_":{"$ref":"$[\"inlineDivSelector\"][\"parentElementArrayFinder\"][\"locator_\"]"}}},"widgetWrapperSelector":{"parentElementArrayFinder":{"locator_":{"using":"css selector","value":".zoe-engage-wrapper"}},"elementArrayFinder_":{"locator_":{"$ref":"$[\"widgetWrapperSelector\"][\"parentElementArrayFinder\"][\"locator_\"]"}}},"widgetWrapperImage":{"parentElementArrayFinder":{"locator_":{"using":"css selector","value":".zoe-frame"}},"elementArrayFinder_":{"locator_":{"$ref":"$[\"widgetWrapperImage\"][\"parentElementArrayFinder\"][\"locator_\"]"}}},"pageImageSelector":{"parentElementArrayFinder":{"locator_":{"using":"css selector","value":".zoe-engage-wrapper"}},"elementArrayFinder_":{"locator_":{"$ref":"$[\"pageImageSelector\"][\"parentElementArrayFinder\"][\"locator_\"]"}}},"inlineTrigger":{"parentElementArrayFinder":{"locator_":{"using":"css selector","value":"a.zoe-engage-trigger"}},"elementArrayFinder_":{"locator_":{"$ref":"$[\"inlineTrigger\"][\"parentElementArrayFinder\"][\"locator_\"]"}}},"inlineWrapper":{"parentElementArrayFinder":{"locator_":{"using":"css selector","value":".zoe-engage-wrapper.zoe-inline"}},"elementArrayFinder_":{"locator_":{"$ref":"$[\"inlineWrapper\"][\"parentElementArrayFinder\"][\"locator_\"]"}}},"frameSelector":{"parentElementArrayFinder":{"locator_":{"using":"css selector","value":".zoe-frame"}},"elementArrayFinder_":{"locator_":{"$ref":"$[\"frameSelector\"][\"parentElementArrayFinder\"][\"locator_\"]"}}},"interactCTA":{"parentElementArrayFinder":{"locator_":{"using":"css selector","value":".zoe-interact-cta"}},"elementArrayFinder_":{"locator_":{"$ref":"$[\"interactCTA\"][\"parentElementArrayFinder\"][\"locator_\"]"}}},"triggerCTA":{"parentElementArrayFinder":{"locator_":{"using":"css selector","value":".zoe-trigger-cta"}},"elementArrayFinder_":{"locator_":{"$ref":"$[\"triggerCTA\"][\"parentElementArrayFinder\"][\"locator_\"]"}}},"helpRotate":{"parentElementArrayFinder":{"locator_":{"using":"css selector","value":".zoe-help-rotate .zoe-help-text"}},"elementArrayFinder_":{"locator_":{"$ref":"$[\"helpRotate\"][\"parentElementArrayFinder\"][\"locator_\"]"}}},"helpElevate":{"parentElementArrayFinder":{"locator_":{"using":"css selector","value":".zoe-help-elevate .zoe-help-text"}},"elementArrayFinder_":{"locator_":{"$ref":"$[\"helpElevate\"][\"parentElementArrayFinder\"][\"locator_\"]"}}},"helpZoom":{"parentElementArrayFinder":{"locator_":{"using":"css selector","value":".zoe-help-zoom .zoe-help-text"}},"elementArrayFinder_":{"locator_":{"$ref":"$[\"helpZoom\"][\"parentElementArrayFinder\"][\"locator_\"]"}}},"helpBrand":{"parentElementArrayFinder":{"locator_":{"using":"css selector","value":".zoe-help-brand .zoe-help-text"}},"elementArrayFinder_":{"locator_":{"$ref":"$[\"helpBrand\"][\"parentElementArrayFinder\"][\"locator_\"]"}}},"extraContent":{"parentElementArrayFinder":{"locator_":{"using":"css selector","value":".zoe-display-extra-content"}},"elementArrayFinder_":{"locator_":{"$ref":"$[\"extraContent\"][\"parentElementArrayFinder\"][\"locator_\"]"}}},"level":"debug","message":"elementFinder is ","timestamp":"2014-10-08T14:27:58.781Z"}
{"level":"info","message":"Initialising file paths with browser & version","timestamp":"2014-10-08T14:27:58.791Z"}
{"level":"info","message":"Initialising file paths with browser & version","timestamp":"2014-10-08T14:27:58.791Z"}
{"level":"info","message":"Initialising file paths with browser & version","timestamp":"2014-10-08T14:27:58.791Z"}
{"level":"info","message":"Initialising file paths with browser & version","timestamp":"2014-10-08T14:27:58.791Z"}
{"level":"info","message":"Initialising file paths with browser & version","timestamp":"2014-10-08T14:27:58.791Z"}
{"level":"info","message":"Initialising file paths with browser & version","timestamp":"2014-10-08T14:27:58.796Z"}
{"level":"info","message":"Initialising file paths with browser & version","timestamp":"2014-10-08T14:27:58.802Z"}
{"level":"info","message":"Initialising file paths with browser & version","timestamp":"2014-10-08T14:27:58.802Z"}
{"level":"info","message":"Initialising file paths with browser & version","timestamp":"2014-10-08T14:27:58.802Z"}
{"level":"info","message":"Initialising file paths with browser & version","timestamp":"2014-10-08T14:27:58.802Z"}
{"level":"info","message":"Initialising file paths with browser & version","timestamp":"2014-10-08T14:27:58.802Z"}
{"level":"info","message":"Initialising file paths with browser & version","timestamp":"2014-10-08T14:27:58.802Z"}
{"level":"info","message":"Initialising jasmine tests","timestamp":"2014-10-08T14:27:58.783Z"}
{"inline":{},"popover":{},"indiscriminate":{},"progressWrapper":{"parentElementArrayFinder":{"locator_":{"using":"css selector","value":".zoe-progress-wrapper"}},"elementArrayFinder_":{"locator_":{"$ref":"$[\"progressWrapper\"][\"parentElementArrayFinder\"][\"locator_\"]"}}},"widgetOverlay":{"parentElementArrayFinder":{"locator_":{"using":"css selector","value":"#zoe-zbox-overlay"}},"elementArrayFinder_":{"locator_":{"$ref":"$[\"widgetOverlay\"][\"parentElementArrayFinder\"][\"locator_\"]"}}},"widgetTrigger":{"parentElementArrayFinder":{"locator_":{"using":"css selector","value":".zoe-engage-trigger>img"}},"elementArrayFinder_":{"locator_":{"$ref":"$[\"widgetTrigger\"][\"parentElementArrayFinder\"][\"locator_\"]"}}},"widgetColorbox":{"parentElementArrayFinder":{"locator_":{"using":"css selector","value":"#zoe-zbox-content"}},"elementArrayFinder_":{"locator_":{"$ref":"$[\"widgetColorbox\"][\"parentElementArrayFinder\"][\"locator_\"]"}}},"helpButton":{"parentElementArrayFinder":{"locator_":{"using":"css selector","value":".zoe-btn-help"}},"elementArrayFinder_":{"locator_":{"$ref":"$[\"helpButton\"][\"parentElementArrayFinder\"][\"locator_\"]"}}},"helpElement":{"parentElementArrayFinder":{"locator_":{"using":"css selector","value":".zoe-help-overlay"}},"elementArrayFinder_":{"locator_":{"$ref":"$[\"helpElement\"][\"parentElementArrayFinder\"][\"locator_\"]"}}},"zoomButton":{"parentElementArrayFinder":{"locator_":{"using":"css selector","value":".zoe-btn-zoom"}},"elementArrayFinder_":{"locator_":{"$ref":"$[\"zoomButton\"][\"parentElementArrayFinder\"][\"locator_\"]"}}},"zoomElement":{"parentElementArrayFinder":{"locator_":{"using":"css selector","value":".zoe-zoom"}},"elementArrayFinder_":{"locator_":{"$ref":"$[\"zoomElement\"][\"parentElementArrayFinder\"][\"locator_\"]"}}},"zoomImage":{"parentElementArrayFinder":{"locator_":{"using":"css selector","value":".zoe-zoom-frame"}},"elementArrayFinder_":{"locator_":{"$ref":"$[\"zoomImage\"][\"parentElementArrayFinder\"][\"locator_\"]"}}},"closeButton":{"parentElementArrayFinder":{"locator_":{"using":"css selector","value":".zoe-btn-close"}},"elementArrayFinder_":{"locator_":{"$ref":"$[\"closeButton\"][\"parentElementArrayFinder\"][\"locator_\"]"}}},"widgetImageDiv":{"parentElementArrayFinder":{"locator_":{"using":"css selector","value":".zoe-engage-image.reel"}},"elementArrayFinder_":{"locator_":{"$ref":"$[\"widgetImageDiv\"][\"parentElementArrayFinder\"][\"locator_\"]"}}},"inlineDivSelector":{"parentElementArrayFinder":{"locator_":{"using":"css selector","value":".zoe-inline.reel"}},"elementArrayFinder_":{"locator_":{"$ref":"$[\"inlineDivSelector\"][\"parentElementArrayFinder\"][\"locator_\"]"}}},"widgetWrapperSelector":{"parentElementArrayFinder":{"locator_":{"using":"css selector","value":".zoe-engage-wrapper"}},"elementArrayFinder_":{"locator_":{"$ref":"$[\"widgetWrapperSelector\"][\"parentElementArrayFinder\"][\"locator_\"]"}}},"widgetWrapperImage":{"parentElementArrayFinder":{"locator_":{"using":"css selector","value":".zoe-frame"}},"elementArrayFinder_":{"locator_":{"$ref":"$[\"widgetWrapperImage\"][\"parentElementArrayFinder\"][\"locator_\"]"}}},"pageImageSelector":{"parentElementArrayFinder":{"locator_":{"using":"css selector","value":".zoe-engage-wrapper"}},"elementArrayFinder_":{"locator_":{"$ref":"$[\"pageImageSelector\"][\"parentElementArrayFinder\"][\"locator_\"]"}}},"inlineTrigger":{"parentElementArrayFinder":{"locator_":{"using":"css selector","value":"a.zoe-engage-trigger"}},"elementArrayFinder_":{"locator_":{"$ref":"$[\"inlineTrigger\"][\"parentElementArrayFinder\"][\"locator_\"]"}}},"inlineWrapper":{"parentElementArrayFinder":{"locator_":{"using":"css selector","value":".zoe-engage-wrapper.zoe-inline"}},"elementArrayFinder_":{"locator_":{"$ref":"$[\"inlineWrapper\"][\"parentElementArrayFinder\"][\"locator_\"]"}}},"frameSelector":{"parentElementArrayFinder":{"locator_":{"using":"css selector","value":".zoe-frame"}},"elementArrayFinder_":{"locator_":{"$ref":"$[\"frameSelector\"][\"parentElementArrayFinder\"][\"locator_\"]"}}},"interactCTA":{"parentElementArrayFinder":{"locator_":{"using":"css selector","value":".zoe-interact-cta"}},"elementArrayFinder_":{"locator_":{"$ref":"$[\"interactCTA\"][\"parentElementArrayFinder\"][\"locator_\"]"}}},"triggerCTA":{"parentElementArrayFinder":{"locator_":{"using":"css selector","value":".zoe-trigger-cta"}},"elementArrayFinder_":{"locator_":{"$ref":"$[\"triggerCTA\"][\"parentElementArrayFinder\"][\"locator_\"]"}}},"helpRotate":{"parentElementArrayFinder":{"locator_":{"using":"css selector","value":".zoe-help-rotate .zoe-help-text"}},"elementArrayFinder_":{"locator_":{"$ref":"$[\"helpRotate\"][\"parentElementArrayFinder\"][\"locator_\"]"}}},"helpElevate":{"parentElementArrayFinder":{"locator_":{"using":"css selector","value":".zoe-help-elevate .zoe-help-text"}},"elementArrayFinder_":{"locator_":{"$ref":"$[\"helpElevate\"][\"parentElementArrayFinder\"][\"locator_\"]"}}},"helpZoom":{"parentElementArrayFinder":{"locator_":{"using":"css selector","value":".zoe-help-zoom .zoe-help-text"}},"elementArrayFinder_":{"locator_":{"$ref":"$[\"helpZoom\"][\"parentElementArrayFinder\"][\"locator_\"]"}}},"helpBrand":{"parentElementArrayFinder":{"locator_":{"using":"css selector","value":".zoe-help-brand .zoe-help-text"}},"elementArrayFinder_":{"locator_":{"$ref":"$[\"helpBrand\"][\"parentElementArrayFinder\"][\"locator_\"]"}}},"extraContent":{"parentElementArrayFinder":{"locator_":{"using":"css selector","value":".zoe-display-extra-content"}},"elementArrayFinder_":{"locator_":{"$ref":"$[\"extraContent\"][\"parentElementArrayFinder\"][\"locator_\"]"}}},"level":"debug","message":"elementFinder is ","timestamp":"2014-10-08T14:27:58.786Z"}
{"level":"info","message":"Initialising file paths with browser & version","timestamp":"2014-10-08T14:27:58.798Z"}
{"level":"info","message":"Initialising file paths with browser & version","timestamp":"2014-10-08T14:27:58.798Z"}
{"level":"info","message":"Initialising file paths with browser & version","timestamp":"2014-10-08T14:27:58.798Z"}
{"level":"info","message":"Initialising file paths with browser & version","timestamp":"2014-10-08T14:27:58.798Z"}
{"level":"info","message":"Initialising file paths with browser & version","timestamp":"2014-10-08T14:27:58.798Z"}
{"level":"info","message":"Initialising file paths with browser & version","timestamp":"2014-10-08T14:27:58.801Z"}
{"level":"info","message":"Initialising file paths with browser & version","timestamp":"2014-10-08T14:27:58.806Z"}
{"level":"info","message":"Initialising file paths with browser & version","timestamp":"2014-10-08T14:27:58.806Z"}
{"level":"info","message":"Initialising file paths with browser & version","timestamp":"2014-10-08T14:27:58.806Z"}
{"level":"info","message":"Initialising file paths with browser & version","timestamp":"2014-10-08T14:27:58.806Z"}
{"level":"info","message":"Initialising file paths with browser & version","timestamp":"2014-10-08T14:27:58.806Z"}
{"level":"info","message":"Initialising file paths with browser & version","timestamp":"2014-10-08T14:27:58.806Z"}
{"level":"info","message":"Initialising jasmine tests","timestamp":"2014-10-08T14:27:58.803Z"}
{"inline":{},"popover":{},"indiscriminate":{},"progressWrapper":{"parentElementArrayFinder":{"locator_":{"using":"css selector","value":".zoe-progress-wrapper"}},"elementArrayFinder_":{"locator_":{"$ref":"$[\"progressWrapper\"][\"parentElementArrayFinder\"][\"locator_\"]"}}},"widgetOverlay":{"parentElementArrayFinder":{"locator_":{"using":"css selector","value":"#zoe-zbox-overlay"}},"elementArrayFinder_":{"locator_":{"$ref":"$[\"widgetOverlay\"][\"parentElementArrayFinder\"][\"locator_\"]"}}},"widgetTrigger":{"parentElementArrayFinder":{"locator_":{"using":"css selector","value":".zoe-engage-trigger>img"}},"elementArrayFinder_":{"locator_":{"$ref":"$[\"widgetTrigger\"][\"parentElementArrayFinder\"][\"locator_\"]"}}},"widgetColorbox":{"parentElementArrayFinder":{"locator_":{"using":"css selector","value":"#zoe-zbox-content"}},"elementArrayFinder_":{"locator_":{"$ref":"$[\"widgetColorbox\"][\"parentElementArrayFinder\"][\"locator_\"]"}}},"helpButton":{"parentElementArrayFinder":{"locator_":{"using":"css selector","value":".zoe-btn-help"}},"elementArrayFinder_":{"locator_":{"$ref":"$[\"helpButton\"][\"parentElementArrayFinder\"][\"locator_\"]"}}},"helpElement":{"parentElementArrayFinder":{"locator_":{"using":"css selector","value":".zoe-help-overlay"}},"elementArrayFinder_":{"locator_":{"$ref":"$[\"helpElement\"][\"parentElementArrayFinder\"][\"locator_\"]"}}},"zoomButton":{"parentElementArrayFinder":{"locator_":{"using":"css selector","value":".zoe-btn-zoom"}},"elementArrayFinder_":{"locator_":{"$ref":"$[\"zoomButton\"][\"parentElementArrayFinder\"][\"locator_\"]"}}},"zoomElement":{"parentElementArrayFinder":{"locator_":{"using":"css selector","value":".zoe-zoom"}},"elementArrayFinder_":{"locator_":{"$ref":"$[\"zoomElement\"][\"parentElementArrayFinder\"][\"locator_\"]"}}},"zoomImage":{"parentElementArrayFinder":{"locator_":{"using":"css selector","value":".zoe-zoom-frame"}},"elementArrayFinder_":{"locator_":{"$ref":"$[\"zoomImage\"][\"parentElementArrayFinder\"][\"locator_\"]"}}},"closeButton":{"parentElementArrayFinder":{"locator_":{"using":"css selector","value":".zoe-btn-close"}},"elementArrayFinder_":{"locator_":{"$ref":"$[\"closeButton\"][\"parentElementArrayFinder\"][\"locator_\"]"}}},"widgetImageDiv":{"parentElementArrayFinder":{"locator_":{"using":"css selector","value":".zoe-engage-image.reel"}},"elementArrayFinder_":{"locator_":{"$ref":"$[\"widgetImageDiv\"][\"parentElementArrayFinder\"][\"locator_\"]"}}},"inlineDivSelector":{"parentElementArrayFinder":{"locator_":{"using":"css selector","value":".zoe-inline.reel"}},"elementArrayFinder_":{"locator_":{"$ref":"$[\"inlineDivSelector\"][\"parentElementArrayFinder\"][\"locator_\"]"}}},"widgetWrapperSelector":{"parentElementArrayFinder":{"locator_":{"using":"css selector","value":".zoe-engage-wrapper"}},"elementArrayFinder_":{"locator_":{"$ref":"$[\"widgetWrapperSelector\"][\"parentElementArrayFinder\"][\"locator_\"]"}}},"widgetWrapperImage":{"parentElementArrayFinder":{"locator_":{"using":"css selector","value":".zoe-frame"}},"elementArrayFinder_":{"locator_":{"$ref":"$[\"widgetWrapperImage\"][\"parentElementArrayFinder\"][\"locator_\"]"}}},"pageImageSelector":{"parentElementArrayFinder":{"locator_":{"using":"css selector","value":".zoe-engage-wrapper"}},"elementArrayFinder_":{"locator_":{"$ref":"$[\"pageImageSelector\"][\"parentElementArrayFinder\"][\"locator_\"]"}}},"inlineTrigger":{"parentElementArrayFinder":{"locator_":{"using":"css selector","value":"a.zoe-engage-trigger"}},"elementArrayFinder_":{"locator_":{"$ref":"$[\"inlineTrigger\"][\"parentElementArrayFinder\"][\"locator_\"]"}}},"inlineWrapper":{"parentElementArrayFinder":{"locator_":{"using":"css selector","value":".zoe-engage-wrapper.zoe-inline"}},"elementArrayFinder_":{"locator_":{"$ref":"$[\"inlineWrapper\"][\"parentElementArrayFinder\"][\"locator_\"]"}}},"frameSelector":{"parentElementArrayFinder":{"locator_":{"using":"css selector","value":".zoe-frame"}},"elementArrayFinder_":{"locator_":{"$ref":"$[\"frameSelector\"][\"parentElementArrayFinder\"][\"locator_\"]"}}},"interactCTA":{"parentElementArrayFinder":{"locator_":{"using":"css selector","value":".zoe-interact-cta"}},"elementArrayFinder_":{"locator_":{"$ref":"$[\"interactCTA\"][\"parentElementArrayFinder\"][\"locator_\"]"}}},"triggerCTA":{"parentElementArrayFinder":{"locator_":{"using":"css selector","value":".zoe-trigger-cta"}},"elementArrayFinder_":{"locator_":{"$ref":"$[\"triggerCTA\"][\"parentElementArrayFinder\"][\"locator_\"]"}}},"helpRotate":{"parentElementArrayFinder":{"locator_":{"using":"css selector","value":".zoe-help-rotate .zoe-help-text"}},"elementArrayFinder_":{"locator_":{"$ref":"$[\"helpRotate\"][\"parentElementArrayFinder\"][\"locator_\"]"}}},"helpElevate":{"parentElementArrayFinder":{"locator_":{"using":"css selector","value":".zoe-help-elevate .zoe-help-text"}},"elementArrayFinder_":{"locator_":{"$ref":"$[\"helpElevate\"][\"parentElementArrayFinder\"][\"locator_\"]"}}},"helpZoom":{"parentElementArrayFinder":{"locator_":{"using":"css selector","value":".zoe-help-zoom .zoe-help-text"}},"elementArrayFinder_":{"locator_":{"$ref":"$[\"helpZoom\"][\"parentElementArrayFinder\"][\"locator_\"]"}}},"helpBrand":{"parentElementArrayFinder":{"locator_":{"using":"css selector","value":".zoe-help-brand .zoe-help-text"}},"elementArrayFinder_":{"locator_":{"$ref":"$[\"helpBrand\"][\"parentElementArrayFinder\"][\"locator_\"]"}}},"extraContent":{"parentElementArrayFinder":{"locator_":{"using":"css selector","value":".zoe-display-extra-content"}},"elementArrayFinder_":{"locator_":{"$ref":"$[\"extraContent\"][\"parentElementArrayFinder\"][\"locator_\"]"}}},"level":"debug","message":"elementFinder is ","timestamp":"2014-10-08T14:27:58.806Z"}
{"level":"info","message":"Initialising file paths with browser & version","timestamp":"2014-10-08T14:27:58.815Z"}
{"level":"info","message":"Initialising file paths with browser & version","timestamp":"2014-10-08T14:27:58.816Z"}
{"level":"info","message":"Initialising file paths with browser & version","timestamp":"2014-10-08T14:27:58.816Z"}
{"level":"info","message":"Initialising file paths with browser & version","timestamp":"2014-10-08T14:27:58.816Z"}
{"level":"info","message":"Initialising file paths with browser & version","timestamp":"2014-10-08T14:27:58.816Z"}
{"level":"info","message":"Initialising file paths with browser & version","timestamp":"2014-10-08T14:27:58.819Z"}
{"level":"info","message":"Initialising file paths with browser & version","timestamp":"2014-10-08T14:27:58.824Z"}
{"level":"info","message":"Initialising file paths with browser & version","timestamp":"2014-10-08T14:27:58.824Z"}
{"level":"info","message":"Initialising file paths with browser & version","timestamp":"2014-10-08T14:27:58.824Z"}
{"level":"info","message":"Initialising file paths with browser & version","timestamp":"2014-10-08T14:27:58.824Z"}
{"level":"info","message":"Initialising file paths with browser & version","timestamp":"2014-10-08T14:27:58.824Z"}
{"level":"info","message":"Initialising file paths with browser & version","timestamp":"2014-10-08T14:27:58.824Z"}
{"rotatable":false,"browserConnectionEnabled":true,"acceptSslCerts":true,"cssSelectorsEnabled":true,"javascriptEnabled":true,"nativeEvents":true,"databaseEnabled":true,"locationContextEnabled":true,"takesScreenshot":true,"platform":"XP","browserName":"firefox","webdriver.remote.sessionid":"d6ff00debeee481e9d2b2df3228b6efe","hasMetadata":true,"version":"27.0","applicationCacheEnabled":true,"webStorageEnabled":true,"handlesAlerts":true,"level":"info","message":"","timestamp":"2014-10-08T14:28:09.296Z"}
{"level":"info","message":"undefined","timestamp":"2014-10-08T14:28:09.297Z"}
{"level":"info","message":"BROWSER IS: firefox","timestamp":"2014-10-08T14:28:09.298Z"}
{"level":"info","message":"Initialising file paths with browser & version","timestamp":"2014-10-08T14:28:09.298Z"}
{"level":"info","message":"Initialising file paths with browser & version","timestamp":"2014-10-08T14:28:09.298Z"}
{"level":"info","message":"Initialising file paths with browser & version","timestamp":"2014-10-08T14:28:09.298Z"}
{"level":"info","message":"Initialising file paths with browser & version","timestamp":"2014-10-08T14:28:09.298Z"}
{"level":"info","message":"Initialising file paths with browser & version","timestamp":"2014-10-08T14:28:09.298Z"}
{"level":"info","message":"Initialising file paths with browser & version","timestamp":"2014-10-08T14:28:09.298Z"}
{"level":"info","message":"Initialising file paths with browser & version","timestamp":"2014-10-08T14:28:09.298Z"}
{"level":"info","message":"Initialising file paths with browser & version","timestamp":"2014-10-08T14:28:09.298Z"}
{"level":"info","message":"Initialising file paths with browser & version","timestamp":"2014-10-08T14:28:09.298Z"}
{"level":"info","message":"Initialising file paths with browser & version","timestamp":"2014-10-08T14:28:09.298Z"}
{"level":"info","message":"Initialising file paths with browser & version","timestamp":"2014-10-08T14:28:09.299Z"}
{"level":"info","message":"Initialising file paths with browser & version","timestamp":"2014-10-08T14:28:09.299Z"}
{"level":"info","message":"Initialising file paths with browser & version","timestamp":"2014-10-08T14:28:09.299Z"}
{"level":"info","message":"Initialising file paths with browser & version","timestamp":"2014-10-08T14:28:09.299Z"}
{"level":"info","message":"Initialising file paths with browser & version","timestamp":"2014-10-08T14:28:09.299Z"}
{"level":"info","message":"Initialising file paths with browser & version","timestamp":"2014-10-08T14:28:09.299Z"}
{"level":"info","message":"Initialising file paths with browser & version","timestamp":"2014-10-08T14:28:09.299Z"}
{"level":"info","message":"Initialising file paths with browser & version","timestamp":"2014-10-08T14:28:09.299Z"}
{"level":"info","message":"Initialising file paths with browser & version","timestamp":"2014-10-08T14:28:09.299Z"}
{"level":"info","message":"Initialising file paths with browser & version","timestamp":"2014-10-08T14:28:09.299Z"}
{"level":"info","message":"Initialising file paths with browser & version","timestamp":"2014-10-08T14:28:09.299Z"}
{"level":"info","message":"Initialising file paths with browser & version","timestamp":"2014-10-08T14:28:09.300Z"}
{"level":"info","message":"Initialising file paths with browser & version","timestamp":"2014-10-08T14:28:09.300Z"}
{"level":"info","message":"Initialising file paths with browser & version","timestamp":"2014-10-08T14:28:09.300Z"}
{"level":"info","message":"Initialising file paths with browser & version","timestamp":"2014-10-08T14:28:09.300Z"}
{"level":"info","message":"Initialising file paths with browser & version","timestamp":"2014-10-08T14:28:09.300Z"}
{"level":"info","message":"Initialising file paths with browser & version","timestamp":"2014-10-08T14:28:09.301Z"}
{"level":"info","message":"Initialising file paths with browser & version","timestamp":"2014-10-08T14:28:09.301Z"}
{"level":"info","message":"Initialising file paths with browser & version","timestamp":"2014-10-08T14:28:09.301Z"}
{"level":"info","message":"Initialising file paths with browser & version","timestamp":"2014-10-08T14:28:09.301Z"}
{"level":"info","message":"Initialising file paths with browser & version","timestamp":"2014-10-08T14:28:09.301Z"}
{"level":"info","message":"Initialising file paths with browser & version","timestamp":"2014-10-08T14:28:09.301Z"}
{"level":"info","message":"Initialising file paths with browser & version","timestamp":"2014-10-08T14:28:09.301Z"}
{"level":"info","message":"Initialising file paths with browser & version","timestamp":"2014-10-08T14:28:09.301Z"}
{"level":"info","message":"Initialising file paths with browser & version","timestamp":"2014-10-08T14:28:09.302Z"}
{"level":"info","message":"Initialising file paths with browser & version","timestamp":"2014-10-08T14:28:09.302Z"}
{"level":"info","message":"Initialising file paths with browser & version","timestamp":"2014-10-08T14:28:09.302Z"}
{"level":"info","message":"Initialising file paths with browser & version","timestamp":"2014-10-08T14:28:09.302Z"}
{"level":"info","message":"Initialising file paths with browser & version","timestamp":"2014-10-08T14:28:09.302Z"}
{"level":"info","message":"Initialising file paths with browser & version","timestamp":"2014-10-08T14:28:09.302Z"}
{"level":"info","message":"Initialising file paths with browser & version","timestamp":"2014-10-08T14:28:09.302Z"}
{"level":"info","message":"Initialising file paths with browser & version","timestamp":"2014-10-08T14:28:09.302Z"}
{"level":"info","message":"Initialising file paths with browser & version","timestamp":"2014-10-08T14:28:09.302Z"}
{"level":"info","message":"Initialising file paths with browser & version","timestamp":"2014-10-08T14:28:09.302Z"}
{"level":"info","message":"Initialising file paths with browser & version","timestamp":"2014-10-08T14:28:09.302Z"}
{"level":"info","message":"Initialising file paths with browser & version","timestamp":"2014-10-08T14:28:09.302Z"}
{"level":"info","message":"Initialising file paths with browser & version","timestamp":"2014-10-08T14:28:09.302Z"}
{"level":"info","message":"Initialising file paths with browser & version","timestamp":"2014-10-08T14:28:09.302Z"}
{"level":"info","message":"Initialising file paths with browser & version","timestamp":"2014-10-08T14:28:09.303Z"}
{"level":"info","message":"Initialising file paths with browser & version","timestamp":"2014-10-08T14:28:09.303Z"}
{"level":"info","message":"Initialising file paths with browser & version","timestamp":"2014-10-08T14:28:09.304Z"}
{"level":"info","message":"Initialising file paths with browser & version","timestamp":"2014-10-08T14:28:09.304Z"}
{"level":"info","message":"Initialising file paths with browser & version","timestamp":"2014-10-08T14:28:09.304Z"}
{"level":"info","message":"Initialising file paths with browser & version","timestamp":"2014-10-08T14:28:09.304Z"}
{"level":"info","message":"Initialising file paths with browser & version","timestamp":"2014-10-08T14:28:09.304Z"}
{"level":"info","message":"Initialising file paths with browser & version","timestamp":"2014-10-08T14:28:09.304Z"}
{"level":"info","message":"Initialising file paths with browser & version","timestamp":"2014-10-08T14:28:09.304Z"}
{"level":"info","message":"Initialising file paths with browser & version","timestamp":"2014-10-08T14:28:09.304Z"}
{"level":"info","message":"Initialising file paths with browser & version","timestamp":"2014-10-08T14:28:09.304Z"}
{"level":"info","message":"Initialising file paths with browser & version","timestamp":"2014-10-08T14:28:09.304Z"}
{"level":"info","message":"Initialising file paths with browser & version","timestamp":"2014-10-08T14:28:09.304Z"}
{"level":"info","message":"Initialising file paths with browser & version","timestamp":"2014-10-08T14:28:09.304Z"}
{"level":"info","message":"Initialising file paths with browser & version","timestamp":"2014-10-08T14:28:09.304Z"}
{"level":"info","message":"Opening URL: http://jenkins.zoetrope.io:8888/v3/testInline.html","timestamp":"2014-10-08T14:28:10.735Z"}
{"takesScreenshot":true,"webdriver.remote.sessionid":"01b1b4a24f9940438789cb52d3165724","unexpectedAlertBehaviour":"dismiss","ie.browserCommandLineSwitches":"","browserAttachTimeout":0,"ie.ensureCleanSession":false,"ignoreProtectedModeSettings":false,"platform":"WINDOWS","version":"11","ignoreZoomSetting":false,"nativeEvents":true,"handlesAlerts":true,"javascriptEnabled":true,"requireWindowFocus":false,"ie.usePerProcessProxy":false,"hasMetadata":true,"initialBrowserUrl":"http://localhost:10726/","enableElementCacheCleanup":true,"cssSelectorsEnabled":true,"browserName":"internet explorer","elementScrollBehavior":0,"enablePersistentHover":true,"ie.forceCreateProcessApi":false,"level":"info","message":"","timestamp":"2014-10-08T14:28:11.443Z"}
{"level":"info","message":"undefined","timestamp":"2014-10-08T14:28:11.444Z"}
{"level":"info","message":"BROWSER IS: internet explorer","timestamp":"2014-10-08T14:28:11.444Z"}
{"level":"info","message":"Initialising file paths with browser & version","timestamp":"2014-10-08T14:28:11.444Z"}
{"level":"info","message":"Initialising file paths with browser & version","timestamp":"2014-10-08T14:28:11.444Z"}
{"level":"info","message":"Initialising file paths with browser & version","timestamp":"2014-10-08T14:28:11.444Z"}
{"level":"info","message":"Initialising file paths with browser & version","timestamp":"2014-10-08T14:28:11.444Z"}
{"level":"info","message":"Initialising file paths with browser & version","timestamp":"2014-10-08T14:28:11.444Z"}
{"level":"info","message":"Initialising file paths with browser & version","timestamp":"2014-10-08T14:28:11.444Z"}
{"level":"info","message":"Initialising file paths with browser & version","timestamp":"2014-10-08T14:28:11.445Z"}
{"level":"info","message":"Initialising file paths with browser & version","timestamp":"2014-10-08T14:28:11.445Z"}
{"level":"info","message":"Initialising file paths with browser & version","timestamp":"2014-10-08T14:28:11.445Z"}
{"level":"info","message":"Initialising file paths with browser & version","timestamp":"2014-10-08T14:28:11.445Z"}
{"level":"info","message":"Initialising file paths with browser & version","timestamp":"2014-10-08T14:28:11.445Z"}
{"level":"info","message":"Initialising file paths with browser & version","timestamp":"2014-10-08T14:28:11.445Z"}
{"level":"info","message":"Initialising file paths with browser & version","timestamp":"2014-10-08T14:28:11.445Z"}
{"level":"info","message":"Initialising file paths with browser & version","timestamp":"2014-10-08T14:28:11.445Z"}
{"level":"info","message":"Initialising file paths with browser & version","timestamp":"2014-10-08T14:28:11.445Z"}
{"level":"info","message":"Initialising file paths with browser & version","timestamp":"2014-10-08T14:28:11.445Z"}
{"level":"info","message":"Initialising file paths with browser & version","timestamp":"2014-10-08T14:28:11.445Z"}
{"level":"info","message":"Initialising file paths with browser & version","timestamp":"2014-10-08T14:28:11.445Z"}
{"level":"info","message":"Initialising file paths with browser & version","timestamp":"2014-10-08T14:28:11.445Z"}
{"level":"info","message":"Initialising file paths with browser & version","timestamp":"2014-10-08T14:28:11.445Z"}
{"level":"info","message":"Initialising file paths with browser & version","timestamp":"2014-10-08T14:28:11.445Z"}
{"level":"info","message":"Initialising file paths with browser & version","timestamp":"2014-10-08T14:28:11.446Z"}
{"level":"info","message":"Initialising file paths with browser & version","timestamp":"2014-10-08T14:28:11.446Z"}
{"level":"info","message":"Initialising file paths with browser & version","timestamp":"2014-10-08T14:28:11.446Z"}
{"level":"info","message":"Initialising file paths with browser & version","timestamp":"2014-10-08T14:28:11.446Z"}
{"level":"info","message":"Initialising file paths with browser & version","timestamp":"2014-10-08T14:28:11.446Z"}
{"level":"info","message":"Initialising file paths with browser & version","timestamp":"2014-10-08T14:28:11.446Z"}
{"level":"info","message":"Initialising file paths with browser & version","timestamp":"2014-10-08T14:28:11.446Z"}
{"level":"info","message":"Initialising file paths with browser & version","timestamp":"2014-10-08T14:28:11.446Z"}
{"level":"info","message":"Initialising file paths with browser & version","timestamp":"2014-10-08T14:28:11.446Z"}
{"level":"info","message":"Initialising file paths with browser & version","timestamp":"2014-10-08T14:28:11.446Z"}
{"level":"info","message":"Initialising file paths with browser & version","timestamp":"2014-10-08T14:28:11.446Z"}
{"level":"info","message":"Initialising file paths with browser & version","timestamp":"2014-10-08T14:28:11.446Z"}
{"level":"info","message":"Initialising file paths with browser & version","timestamp":"2014-10-08T14:28:11.447Z"}
{"level":"info","message":"Initialising file paths with browser & version","timestamp":"2014-10-08T14:28:11.447Z"}
{"level":"info","message":"Initialising file paths with browser & version","timestamp":"2014-10-08T14:28:11.447Z"}
{"level":"info","message":"Initialising file paths with browser & version","timestamp":"2014-10-08T14:28:11.447Z"}
{"level":"info","message":"Initialising file paths with browser & version","timestamp":"2014-10-08T14:28:11.447Z"}
{"level":"info","message":"Initialising file paths with browser & version","timestamp":"2014-10-08T14:28:11.447Z"}
{"level":"info","message":"Initialising file paths with browser & version","timestamp":"2014-10-08T14:28:11.447Z"}
{"level":"info","message":"Initialising file paths with browser & version","timestamp":"2014-10-08T14:28:11.447Z"}
{"level":"info","message":"Initialising file paths with browser & version","timestamp":"2014-10-08T14:28:11.447Z"}
{"level":"info","message":"Initialising file paths with browser & version","timestamp":"2014-10-08T14:28:11.447Z"}
{"level":"info","message":"Initialising file paths with browser & version","timestamp":"2014-10-08T14:28:11.448Z"}
{"level":"info","message":"Initialising file paths with browser & version","timestamp":"2014-10-08T14:28:11.448Z"}
{"level":"info","message":"Initialising file paths with browser & version","timestamp":"2014-10-08T14:28:11.448Z"}
{"level":"info","message":"Initialising file paths with browser & version","timestamp":"2014-10-08T14:28:11.448Z"}
{"level":"info","message":"Initialising file paths with browser & version","timestamp":"2014-10-08T14:28:11.448Z"}
{"level":"info","message":"Initialising file paths with browser & version","timestamp":"2014-10-08T14:28:11.448Z"}
{"level":"info","message":"Initialising file paths with browser & version","timestamp":"2014-10-08T14:28:11.448Z"}
{"level":"info","message":"Initialising file paths with browser & version","timestamp":"2014-10-08T14:28:11.448Z"}
{"level":"info","message":"Initialising file paths with browser & version","timestamp":"2014-10-08T14:28:11.448Z"}
{"level":"info","message":"Initialising file paths with browser & version","timestamp":"2014-10-08T14:28:11.449Z"}
{"level":"info","message":"Initialising file paths with browser & version","timestamp":"2014-10-08T14:28:11.449Z"}
{"level":"info","message":"Initialising file paths with browser & version","timestamp":"2014-10-08T14:28:11.449Z"}
{"level":"info","message":"Initialising file paths with browser & version","timestamp":"2014-10-08T14:28:11.449Z"}
{"level":"info","message":"Initialising file paths with browser & version","timestamp":"2014-10-08T14:28:11.449Z"}
{"level":"info","message":"Initialising file paths with browser & version","timestamp":"2014-10-08T14:28:11.449Z"}
{"level":"info","message":"Initialising file paths with browser & version","timestamp":"2014-10-08T14:28:11.449Z"}
{"level":"info","message":"Initialising file paths with browser & version","timestamp":"2014-10-08T14:28:11.449Z"}
{"level":"info","message":"Initialising file paths with browser & version","timestamp":"2014-10-08T14:28:11.449Z"}
{"level":"info","message":"Initialising file paths with browser & version","timestamp":"2014-10-08T14:28:11.449Z"}
{"level":"info","message":"Initialising file paths with browser & version","timestamp":"2014-10-08T14:28:11.449Z"}
{"level":"info","message":"Opening URL: http://jenkins.zoetrope.io:8888/v3/testInline.html","timestamp":"2014-10-08T14:28:12.877Z"}
{"level":"info","message":"Saving screenshot to images/load.jpgpopover0.png","timestamp":"2014-10-08T14:28:15.685Z"}
{"level":"info","message":"Saved screenshot","timestamp":"2014-10-08T14:28:17.011Z"}
{"level":"info","message":"Clicking the help button","timestamp":"2014-10-08T14:28:17.044Z"}
{"parentElementArrayFinder":{"locator_":{"using":"css selector","value":".zoe-btn-help"}},"elementArrayFinder_":{"locator_":{"$ref":"$[\"parentElementArrayFinder\"][\"locator_\"]"}},"level":"info","message":"help button is","timestamp":"2014-10-08T14:28:17.046Z"}
{"level":"info","message":"Got help style of ","timestamp":"2014-10-08T14:28:19.133Z"}
{"level":"info","message":"Saving screenshot to images/help.jpgpopover0.png","timestamp":"2014-10-08T14:28:19.175Z"}
{"level":"info","message":"Saved screenshot","timestamp":"2014-10-08T14:28:20.080Z"}
{"level":"info","message":"Clicking the help button","timestamp":"2014-10-08T14:28:20.130Z"}
{"parentElementArrayFinder":{"locator_":{"using":"css selector","value":".zoe-btn-help"}},"elementArrayFinder_":{"locator_":{"$ref":"$[\"parentElementArrayFinder\"][\"locator_\"]"}},"level":"info","message":"help button is","timestamp":"2014-10-08T14:28:20.133Z"}
{"level":"info","message":"Got help style of display: none;","timestamp":"2014-10-08T14:28:22.156Z"}
{"level":"info","message":"Saving screenshot to images/helpClose.jpgpopover0.png","timestamp":"2014-10-08T14:28:22.197Z"}
{"level":"info","message":"Saved screenshot","timestamp":"2014-10-08T14:28:24.413Z"}
{"level":"info","message":"Clicking the zoom button","timestamp":"2014-10-08T14:28:24.470Z"}
{"level":"info","message":"Saving screenshot to images/zoom.jpgpopover0.png","timestamp":"2014-10-08T14:28:24.473Z"}
{"level":"info","message":"Saving screenshot to images/load.jpgpopover0.png","timestamp":"2014-10-08T14:28:25.593Z"}
{"level":"info","message":"Saved screenshot","timestamp":"2014-10-08T14:28:27.582Z"}
{"level":"info","message":"Saved screenshot","timestamp":"2014-10-08T14:28:27.588Z"}
{"level":"info","message":"Clicking the zoom button","timestamp":"2014-10-08T14:28:27.597Z"}
{"level":"info","message":"Saving screenshot to images/zoomClose.jpgpopover0.png","timestamp":"2014-10-08T14:28:27.600Z"}
{"level":"info","message":"Clicking the help button","timestamp":"2014-10-08T14:28:27.622Z"}
{"parentElementArrayFinder":{"locator_":{"using":"css selector","value":".zoe-btn-help"}},"elementArrayFinder_":{"locator_":{"$ref":"$[\"parentElementArrayFinder\"][\"locator_\"]"}},"level":"info","message":"help button is","timestamp":"2014-10-08T14:28:27.625Z"}
{"level":"info","message":"Saved screenshot","timestamp":"2014-10-08T14:28:30.114Z"}
{"level":"info","message":"Opening URL: http://jenkins.zoetrope.io:8888/v3/testPopover.html","timestamp":"2014-10-08T14:28:30.129Z"}
{"level":"info","message":"Got help style of ","timestamp":"2014-10-08T14:28:30.306Z"}
{"level":"info","message":"Saving screenshot to images/help.jpgpopover0.png","timestamp":"2014-10-08T14:28:30.350Z"}
{"level":"info","message":"Saving screenshot to images/load.jpgpopover0.png","timestamp":"2014-10-08T14:28:31.097Z"}
{"level":"info","message":"Saved screenshot","timestamp":"2014-10-08T14:28:32.330Z"}
{"level":"info","message":"Clicking the help button","timestamp":"2014-10-08T14:28:32.376Z"}
{"parentElementArrayFinder":{"locator_":{"using":"css selector","value":".zoe-btn-help"}},"elementArrayFinder_":{"locator_":{"$ref":"$[\"parentElementArrayFinder\"][\"locator_\"]"}},"level":"info","message":"help button is","timestamp":"2014-10-08T14:28:32.378Z"}
{"level":"info","message":"Saved screenshot","timestamp":"2014-10-08T14:28:33.459Z"}
{"level":"info","message":"Clicking on widget trigger","timestamp":"2014-10-08T14:28:33.491Z"}
{"level":"info","message":"Saving screenshot to images/openWidget.jpgpopover0.png","timestamp":"2014-10-08T14:28:34.762Z"}
{"level":"info","message":"Got help style of display: none;","timestamp":"2014-10-08T14:28:34.812Z"}
{"level":"info","message":"Saving screenshot to images/helpClose.jpgpopover0.png","timestamp":"2014-10-08T14:28:34.854Z"}
{"level":"info","message":"Saved screenshot","timestamp":"2014-10-08T14:28:35.999Z"}
{"level":"info","message":"Clicking the zoom button","timestamp":"2014-10-08T14:28:36.049Z"}
{"level":"info","message":"Saving screenshot to images/zoom.jpgpopover0.png","timestamp":"2014-10-08T14:28:36.053Z"}
{"level":"info","message":"Saved screenshot","timestamp":"2014-10-08T14:28:37.568Z"}
{"level":"info","message":"Clicking the help button","timestamp":"2014-10-08T14:28:37.601Z"}
{"parentElementArrayFinder":{"locator_":{"using":"css selector","value":".zoe-btn-help"}},"elementArrayFinder_":{"locator_":{"$ref":"$[\"parentElementArrayFinder\"][\"locator_\"]"}},"level":"info","message":"help button is","timestamp":"2014-10-08T14:28:37.603Z"}
{"level":"info","message":"Got help style of ","timestamp":"2014-10-08T14:28:39.994Z"}
{"level":"info","message":"Saving screenshot to images/help.jpgpopover0.png","timestamp":"2014-10-08T14:28:40.036Z"}
{"level":"info","message":"Saved screenshot","timestamp":"2014-10-08T14:28:40.074Z"}
{"level":"info","message":"Clicking the zoom button","timestamp":"2014-10-08T14:28:40.092Z"}
{"level":"info","message":"Saving screenshot to images/zoomClose.jpgpopover0.png","timestamp":"2014-10-08T14:28:40.096Z"}
{"level":"info","message":"Saved screenshot","timestamp":"2014-10-08T14:28:41.984Z"}
{"level":"info","message":"Clicking the help button","timestamp":"2014-10-08T14:28:42.038Z"}
{"parentElementArrayFinder":{"locator_":{"using":"css selector","value":".zoe-btn-help"}},"elementArrayFinder_":{"locator_":{"$ref":"$[\"parentElementArrayFinder\"][\"locator_\"]"}},"level":"info","message":"help button is","timestamp":"2014-10-08T14:28:42.040Z"}
{"level":"info","message":"Got help style of display: none;","timestamp":"2014-10-08T14:28:45.762Z"}
{"level":"info","message":"Saving screenshot to images/helpClose.jpgpopover0.png","timestamp":"2014-10-08T14:28:45.805Z"}
{"level":"info","message":"Saved screenshot","timestamp":"2014-10-08T14:28:46.551Z"}
{"level":"info","message":"Opening URL: http://jenkins.zoetrope.io:8888/v3/testPopover.html","timestamp":"2014-10-08T14:28:46.572Z"}
{"level":"info","message":"Saving screenshot to images/load.jpgpopover0.png","timestamp":"2014-10-08T14:28:48.005Z"}
{"level":"info","message":"Saved screenshot","timestamp":"2014-10-08T14:28:48.234Z"}
{"level":"info","message":"Clicking the zoom button","timestamp":"2014-10-08T14:28:48.276Z"}
{"level":"info","message":"Saving screenshot to images/zoom.jpgpopover0.png","timestamp":"2014-10-08T14:28:48.281Z"}
{"level":"info","message":"Saved screenshot","timestamp":"2014-10-08T14:28:53.024Z"}
{"level":"info","message":"Clicking on widget trigger","timestamp":"2014-10-08T14:28:53.063Z"}
{"level":"info","message":"Saved screenshot","timestamp":"2014-10-08T14:28:53.626Z"}
{"level":"info","message":"Clicking the zoom button","timestamp":"2014-10-08T14:28:53.638Z"}
{"level":"info","message":"Saving screenshot to images/zoomClose.jpgpopover0.png","timestamp":"2014-10-08T14:28:53.642Z"}
{"level":"info","message":"Saving screenshot to images/openWidget.jpgpopover0.png","timestamp":"2014-10-08T14:28:56.161Z"}
{"level":"info","message":"Saved screenshot","timestamp":"2014-10-08T14:28:58.146Z"}
{"level":"info","message":"Saved screenshot","timestamp":"2014-10-08T14:29:00.711Z"}
{"level":"info","message":"Clicking the help button","timestamp":"2014-10-08T14:29:00.745Z"}
{"parentElementArrayFinder":{"locator_":{"using":"css selector","value":".zoe-btn-help"}},"elementArrayFinder_":{"locator_":{"$ref":"$[\"parentElementArrayFinder\"][\"locator_\"]"}},"level":"info","message":"help button is","timestamp":"2014-10-08T14:29:00.747Z"}
{"level":"info","message":"Got help style of ","timestamp":"2014-10-08T14:29:03.656Z"}
{"level":"info","message":"Saving screenshot to images/help.jpgpopover0.png","timestamp":"2014-10-08T14:29:03.698Z"}
{"level":"info","message":"Initialising jasmine tests","timestamp":"2014-10-08T14:31:21.992Z"}
{"inline":{},"popover":{},"indiscriminate":{},"progressWrapper":{"parentElementArrayFinder":{"locator_":{"using":"css selector","value":".zoe-progress-wrapper"}},"elementArrayFinder_":{"locator_":{"$ref":"$[\"progressWrapper\"][\"parentElementArrayFinder\"][\"locator_\"]"}}},"widgetOverlay":{"parentElementArrayFinder":{"locator_":{"using":"css selector","value":"#zoe-zbox-overlay"}},"elementArrayFinder_":{"locator_":{"$ref":"$[\"widgetOverlay\"][\"parentElementArrayFinder\"][\"locator_\"]"}}},"widgetTrigger":{"parentElementArrayFinder":{"locator_":{"using":"css selector","value":".zoe-engage-trigger>img"}},"elementArrayFinder_":{"locator_":{"$ref":"$[\"widgetTrigger\"][\"parentElementArrayFinder\"][\"locator_\"]"}}},"widgetColorbox":{"parentElementArrayFinder":{"locator_":{"using":"css selector","value":"#zoe-zbox-content"}},"elementArrayFinder_":{"locator_":{"$ref":"$[\"widgetColorbox\"][\"parentElementArrayFinder\"][\"locator_\"]"}}},"helpButton":{"parentElementArrayFinder":{"locator_":{"using":"css selector","value":".zoe-btn-help"}},"elementArrayFinder_":{"locator_":{"$ref":"$[\"helpButton\"][\"parentElementArrayFinder\"][\"locator_\"]"}}},"helpElement":{"parentElementArrayFinder":{"locator_":{"using":"css selector","value":".zoe-help-overlay"}},"elementArrayFinder_":{"locator_":{"$ref":"$[\"helpElement\"][\"parentElementArrayFinder\"][\"locator_\"]"}}},"zoomButton":{"parentElementArrayFinder":{"locator_":{"using":"css selector","value":".zoe-btn-zoom"}},"elementArrayFinder_":{"locator_":{"$ref":"$[\"zoomButton\"][\"parentElementArrayFinder\"][\"locator_\"]"}}},"zoomElement":{"parentElementArrayFinder":{"locator_":{"using":"css selector","value":".zoe-zoom"}},"elementArrayFinder_":{"locator_":{"$ref":"$[\"zoomElement\"][\"parentElementArrayFinder\"][\"locator_\"]"}}},"zoomImage":{"parentElementArrayFinder":{"locator_":{"using":"css selector","value":".zoe-zoom-frame"}},"elementArrayFinder_":{"locator_":{"$ref":"$[\"zoomImage\"][\"parentElementArrayFinder\"][\"locator_\"]"}}},"closeButton":{"parentElementArrayFinder":{"locator_":{"using":"css selector","value":".zoe-btn-close"}},"elementArrayFinder_":{"locator_":{"$ref":"$[\"closeButton\"][\"parentElementArrayFinder\"][\"locator_\"]"}}},"widgetImageDiv":{"parentElementArrayFinder":{"locator_":{"using":"css selector","value":".zoe-engage-image.reel"}},"elementArrayFinder_":{"locator_":{"$ref":"$[\"widgetImageDiv\"][\"parentElementArrayFinder\"][\"locator_\"]"}}},"inlineDivSelector":{"parentElementArrayFinder":{"locator_":{"using":"css selector","value":".zoe-inline.reel"}},"elementArrayFinder_":{"locator_":{"$ref":"$[\"inlineDivSelector\"][\"parentElementArrayFinder\"][\"locator_\"]"}}},"widgetWrapperSelector":{"parentElementArrayFinder":{"locator_":{"using":"css selector","value":".zoe-engage-wrapper"}},"elementArrayFinder_":{"locator_":{"$ref":"$[\"widgetWrapperSelector\"][\"parentElementArrayFinder\"][\"locator_\"]"}}},"widgetWrapperImage":{"parentElementArrayFinder":{"locator_":{"using":"css selector","value":".zoe-frame"}},"elementArrayFinder_":{"locator_":{"$ref":"$[\"widgetWrapperImage\"][\"parentElementArrayFinder\"][\"locator_\"]"}}},"pageImageSelector":{"parentElementArrayFinder":{"locator_":{"using":"css selector","value":".zoe-engage-wrapper"}},"elementArrayFinder_":{"locator_":{"$ref":"$[\"pageImageSelector\"][\"parentElementArrayFinder\"][\"locator_\"]"}}},"inlineTrigger":{"parentElementArrayFinder":{"locator_":{"using":"css selector","value":"a.zoe-engage-trigger"}},"elementArrayFinder_":{"locator_":{"$ref":"$[\"inlineTrigger\"][\"parentElementArrayFinder\"][\"locator_\"]"}}},"inlineWrapper":{"parentElementArrayFinder":{"locator_":{"using":"css selector","value":".zoe-engage-wrapper.zoe-inline"}},"elementArrayFinder_":{"locator_":{"$ref":"$[\"inlineWrapper\"][\"parentElementArrayFinder\"][\"locator_\"]"}}},"frameSelector":{"parentElementArrayFinder":{"locator_":{"using":"css selector","value":".zoe-frame"}},"elementArrayFinder_":{"locator_":{"$ref":"$[\"frameSelector\"][\"parentElementArrayFinder\"][\"locator_\"]"}}},"interactCTA":{"parentElementArrayFinder":{"locator_":{"using":"css selector","value":".zoe-interact-cta"}},"elementArrayFinder_":{"locator_":{"$ref":"$[\"interactCTA\"][\"parentElementArrayFinder\"][\"locator_\"]"}}},"triggerCTA":{"parentElementArrayFinder":{"locator_":{"using":"css selector","value":".zoe-trigger-cta"}},"elementArrayFinder_":{"locator_":{"$ref":"$[\"triggerCTA\"][\"parentElementArrayFinder\"][\"locator_\"]"}}},"helpRotate":{"parentElementArrayFinder":{"locator_":{"using":"css selector","value":".zoe-help-rotate .zoe-help-text"}},"elementArrayFinder_":{"locator_":{"$ref":"$[\"helpRotate\"][\"parentElementArrayFinder\"][\"locator_\"]"}}},"helpElevate":{"parentElementArrayFinder":{"locator_":{"using":"css selector","value":".zoe-help-elevate .zoe-help-text"}},"elementArrayFinder_":{"locator_":{"$ref":"$[\"helpElevate\"][\"parentElementArrayFinder\"][\"locator_\"]"}}},"helpZoom":{"parentElementArrayFinder":{"locator_":{"using":"css selector","value":".zoe-help-zoom .zoe-help-text"}},"elementArrayFinder_":{"locator_":{"$ref":"$[\"helpZoom\"][\"parentElementArrayFinder\"][\"locator_\"]"}}},"helpBrand":{"parentElementArrayFinder":{"locator_":{"using":"css selector","value":".zoe-help-brand .zoe-help-text"}},"elementArrayFinder_":{"locator_":{"$ref":"$[\"helpBrand\"][\"parentElementArrayFinder\"][\"locator_\"]"}}},"extraContent":{"parentElementArrayFinder":{"locator_":{"using":"css selector","value":".zoe-display-extra-content"}},"elementArrayFinder_":{"locator_":{"$ref":"$[\"extraContent\"][\"parentElementArrayFinder\"][\"locator_\"]"}}},"level":"debug","message":"elementFinder is ","timestamp":"2014-10-08T14:31:21.994Z"}
{"level":"info","message":"Initialising jasmine tests","timestamp":"2014-10-08T14:31:22.003Z"}
{"inline":{},"popover":{},"indiscriminate":{},"progressWrapper":{"parentElementArrayFinder":{"locator_":{"using":"css selector","value":".zoe-progress-wrapper"}},"elementArrayFinder_":{"locator_":{"$ref":"$[\"progressWrapper\"][\"parentElementArrayFinder\"][\"locator_\"]"}}},"widgetOverlay":{"parentElementArrayFinder":{"locator_":{"using":"css selector","value":"#zoe-zbox-overlay"}},"elementArrayFinder_":{"locator_":{"$ref":"$[\"widgetOverlay\"][\"parentElementArrayFinder\"][\"locator_\"]"}}},"widgetTrigger":{"parentElementArrayFinder":{"locator_":{"using":"css selector","value":".zoe-engage-trigger>img"}},"elementArrayFinder_":{"locator_":{"$ref":"$[\"widgetTrigger\"][\"parentElementArrayFinder\"][\"locator_\"]"}}},"widgetColorbox":{"parentElementArrayFinder":{"locator_":{"using":"css selector","value":"#zoe-zbox-content"}},"elementArrayFinder_":{"locator_":{"$ref":"$[\"widgetColorbox\"][\"parentElementArrayFinder\"][\"locator_\"]"}}},"helpButton":{"parentElementArrayFinder":{"locator_":{"using":"css selector","value":".zoe-btn-help"}},"elementArrayFinder_":{"locator_":{"$ref":"$[\"helpButton\"][\"parentElementArrayFinder\"][\"locator_\"]"}}},"helpElement":{"parentElementArrayFinder":{"locator_":{"using":"css selector","value":".zoe-help-overlay"}},"elementArrayFinder_":{"locator_":{"$ref":"$[\"helpElement\"][\"parentElementArrayFinder\"][\"locator_\"]"}}},"zoomButton":{"parentElementArrayFinder":{"locator_":{"using":"css selector","value":".zoe-btn-zoom"}},"elementArrayFinder_":{"locator_":{"$ref":"$[\"zoomButton\"][\"parentElementArrayFinder\"][\"locator_\"]"}}},"zoomElement":{"parentElementArrayFinder":{"locator_":{"using":"css selector","value":".zoe-zoom"}},"elementArrayFinder_":{"locator_":{"$ref":"$[\"zoomElement\"][\"parentElementArrayFinder\"][\"locator_\"]"}}},"zoomImage":{"parentElementArrayFinder":{"locator_":{"using":"css selector","value":".zoe-zoom-frame"}},"elementArrayFinder_":{"locator_":{"$ref":"$[\"zoomImage\"][\"parentElementArrayFinder\"][\"locator_\"]"}}},"closeButton":{"parentElementArrayFinder":{"locator_":{"using":"css selector","value":".zoe-btn-close"}},"elementArrayFinder_":{"locator_":{"$ref":"$[\"closeButton\"][\"parentElementArrayFinder\"][\"locator_\"]"}}},"widgetImageDiv":{"parentElementArrayFinder":{"locator_":{"using":"css selector","value":".zoe-engage-image.reel"}},"elementArrayFinder_":{"locator_":{"$ref":"$[\"widgetImageDiv\"][\"parentElementArrayFinder\"][\"locator_\"]"}}},"inlineDivSelector":{"parentElementArrayFinder":{"locator_":{"using":"css selector","value":".zoe-inline.reel"}},"elementArrayFinder_":{"locator_":{"$ref":"$[\"inlineDivSelector\"][\"parentElementArrayFinder\"][\"locator_\"]"}}},"widgetWrapperSelector":{"parentElementArrayFinder":{"locator_":{"using":"css selector","value":".zoe-engage-wrapper"}},"elementArrayFinder_":{"locator_":{"$ref":"$[\"widgetWrapperSelector\"][\"parentElementArrayFinder\"][\"locator_\"]"}}},"widgetWrapperImage":{"parentElementArrayFinder":{"locator_":{"using":"css selector","value":".zoe-frame"}},"elementArrayFinder_":{"locator_":{"$ref":"$[\"widgetWrapperImage\"][\"parentElementArrayFinder\"][\"locator_\"]"}}},"pageImageSelector":{"parentElementArrayFinder":{"locator_":{"using":"css selector","value":".zoe-engage-wrapper"}},"elementArrayFinder_":{"locator_":{"$ref":"$[\"pageImageSelector\"][\"parentElementArrayFinder\"][\"locator_\"]"}}},"inlineTrigger":{"parentElementArrayFinder":{"locator_":{"using":"css selector","value":"a.zoe-engage-trigger"}},"elementArrayFinder_":{"locator_":{"$ref":"$[\"inlineTrigger\"][\"parentElementArrayFinder\"][\"locator_\"]"}}},"inlineWrapper":{"parentElementArrayFinder":{"locator_":{"using":"css selector","value":".zoe-engage-wrapper.zoe-inline"}},"elementArrayFinder_":{"locator_":{"$ref":"$[\"inlineWrapper\"][\"parentElementArrayFinder\"][\"locator_\"]"}}},"frameSelector":{"parentElementArrayFinder":{"locator_":{"using":"css selector","value":".zoe-frame"}},"elementArrayFinder_":{"locator_":{"$ref":"$[\"frameSelector\"][\"parentElementArrayFinder\"][\"locator_\"]"}}},"interactCTA":{"parentElementArrayFinder":{"locator_":{"using":"css selector","value":".zoe-interact-cta"}},"elementArrayFinder_":{"locator_":{"$ref":"$[\"interactCTA\"][\"parentElementArrayFinder\"][\"locator_\"]"}}},"triggerCTA":{"parentElementArrayFinder":{"locator_":{"using":"css selector","value":".zoe-trigger-cta"}},"elementArrayFinder_":{"locator_":{"$ref":"$[\"triggerCTA\"][\"parentElementArrayFinder\"][\"locator_\"]"}}},"helpRotate":{"parentElementArrayFinder":{"locator_":{"using":"css selector","value":".zoe-help-rotate .zoe-help-text"}},"elementArrayFinder_":{"locator_":{"$ref":"$[\"helpRotate\"][\"parentElementArrayFinder\"][\"locator_\"]"}}},"helpElevate":{"parentElementArrayFinder":{"locator_":{"using":"css selector","value":".zoe-help-elevate .zoe-help-text"}},"elementArrayFinder_":{"locator_":{"$ref":"$[\"helpElevate\"][\"parentElementArrayFinder\"][\"locator_\"]"}}},"helpZoom":{"parentElementArrayFinder":{"locator_":{"using":"css selector","value":".zoe-help-zoom .zoe-help-text"}},"elementArrayFinder_":{"locator_":{"$ref":"$[\"helpZoom\"][\"parentElementArrayFinder\"][\"locator_\"]"}}},"helpBrand":{"parentElementArrayFinder":{"locator_":{"using":"css selector","value":".zoe-help-brand .zoe-help-text"}},"elementArrayFinder_":{"locator_":{"$ref":"$[\"helpBrand\"][\"parentElementArrayFinder\"][\"locator_\"]"}}},"extraContent":{"parentElementArrayFinder":{"locator_":{"using":"css selector","value":".zoe-display-extra-content"}},"elementArrayFinder_":{"locator_":{"$ref":"$[\"extraContent\"][\"parentElementArrayFinder\"][\"locator_\"]"}}},"level":"debug","message":"elementFinder is ","timestamp":"2014-10-08T14:31:22.005Z"}
{"level":"info","message":"Initialising jasmine tests","timestamp":"2014-10-08T14:31:21.992Z"}
{"inline":{},"popover":{},"indiscriminate":{},"progressWrapper":{"parentElementArrayFinder":{"locator_":{"using":"css selector","value":".zoe-progress-wrapper"}},"elementArrayFinder_":{"locator_":{"$ref":"$[\"progressWrapper\"][\"parentElementArrayFinder\"][\"locator_\"]"}}},"widgetOverlay":{"parentElementArrayFinder":{"locator_":{"using":"css selector","value":"#zoe-zbox-overlay"}},"elementArrayFinder_":{"locator_":{"$ref":"$[\"widgetOverlay\"][\"parentElementArrayFinder\"][\"locator_\"]"}}},"widgetTrigger":{"parentElementArrayFinder":{"locator_":{"using":"css selector","value":".zoe-engage-trigger>img"}},"elementArrayFinder_":{"locator_":{"$ref":"$[\"widgetTrigger\"][\"parentElementArrayFinder\"][\"locator_\"]"}}},"widgetColorbox":{"parentElementArrayFinder":{"locator_":{"using":"css selector","value":"#zoe-zbox-content"}},"elementArrayFinder_":{"locator_":{"$ref":"$[\"widgetColorbox\"][\"parentElementArrayFinder\"][\"locator_\"]"}}},"helpButton":{"parentElementArrayFinder":{"locator_":{"using":"css selector","value":".zoe-btn-help"}},"elementArrayFinder_":{"locator_":{"$ref":"$[\"helpButton\"][\"parentElementArrayFinder\"][\"locator_\"]"}}},"helpElement":{"parentElementArrayFinder":{"locator_":{"using":"css selector","value":".zoe-help-overlay"}},"elementArrayFinder_":{"locator_":{"$ref":"$[\"helpElement\"][\"parentElementArrayFinder\"][\"locator_\"]"}}},"zoomButton":{"parentElementArrayFinder":{"locator_":{"using":"css selector","value":".zoe-btn-zoom"}},"elementArrayFinder_":{"locator_":{"$ref":"$[\"zoomButton\"][\"parentElementArrayFinder\"][\"locator_\"]"}}},"zoomElement":{"parentElementArrayFinder":{"locator_":{"using":"css selector","value":".zoe-zoom"}},"elementArrayFinder_":{"locator_":{"$ref":"$[\"zoomElement\"][\"parentElementArrayFinder\"][\"locator_\"]"}}},"zoomImage":{"parentElementArrayFinder":{"locator_":{"using":"css selector","value":".zoe-zoom-frame"}},"elementArrayFinder_":{"locator_":{"$ref":"$[\"zoomImage\"][\"parentElementArrayFinder\"][\"locator_\"]"}}},"closeButton":{"parentElementArrayFinder":{"locator_":{"using":"css selector","value":".zoe-btn-close"}},"elementArrayFinder_":{"locator_":{"$ref":"$[\"closeButton\"][\"parentElementArrayFinder\"][\"locator_\"]"}}},"widgetImageDiv":{"parentElementArrayFinder":{"locator_":{"using":"css selector","value":".zoe-engage-image.reel"}},"elementArrayFinder_":{"locator_":{"$ref":"$[\"widgetImageDiv\"][\"parentElementArrayFinder\"][\"locator_\"]"}}},"inlineDivSelector":{"parentElementArrayFinder":{"locator_":{"using":"css selector","value":".zoe-inline.reel"}},"elementArrayFinder_":{"locator_":{"$ref":"$[\"inlineDivSelector\"][\"parentElementArrayFinder\"][\"locator_\"]"}}},"widgetWrapperSelector":{"parentElementArrayFinder":{"locator_":{"using":"css selector","value":".zoe-engage-wrapper"}},"elementArrayFinder_":{"locator_":{"$ref":"$[\"widgetWrapperSelector\"][\"parentElementArrayFinder\"][\"locator_\"]"}}},"widgetWrapperImage":{"parentElementArrayFinder":{"locator_":{"using":"css selector","value":".zoe-frame"}},"elementArrayFinder_":{"locator_":{"$ref":"$[\"widgetWrapperImage\"][\"parentElementArrayFinder\"][\"locator_\"]"}}},"pageImageSelector":{"parentElementArrayFinder":{"locator_":{"using":"css selector","value":".zoe-engage-wrapper"}},"elementArrayFinder_":{"locator_":{"$ref":"$[\"pageImageSelector\"][\"parentElementArrayFinder\"][\"locator_\"]"}}},"inlineTrigger":{"parentElementArrayFinder":{"locator_":{"using":"css selector","value":"a.zoe-engage-trigger"}},"elementArrayFinder_":{"locator_":{"$ref":"$[\"inlineTrigger\"][\"parentElementArrayFinder\"][\"locator_\"]"}}},"inlineWrapper":{"parentElementArrayFinder":{"locator_":{"using":"css selector","value":".zoe-engage-wrapper.zoe-inline"}},"elementArrayFinder_":{"locator_":{"$ref":"$[\"inlineWrapper\"][\"parentElementArrayFinder\"][\"locator_\"]"}}},"frameSelector":{"parentElementArrayFinder":{"locator_":{"using":"css selector","value":".zoe-frame"}},"elementArrayFinder_":{"locator_":{"$ref":"$[\"frameSelector\"][\"parentElementArrayFinder\"][\"locator_\"]"}}},"interactCTA":{"parentElementArrayFinder":{"locator_":{"using":"css selector","value":".zoe-interact-cta"}},"elementArrayFinder_":{"locator_":{"$ref":"$[\"interactCTA\"][\"parentElementArrayFinder\"][\"locator_\"]"}}},"triggerCTA":{"parentElementArrayFinder":{"locator_":{"using":"css selector","value":".zoe-trigger-cta"}},"elementArrayFinder_":{"locator_":{"$ref":"$[\"triggerCTA\"][\"parentElementArrayFinder\"][\"locator_\"]"}}},"helpRotate":{"parentElementArrayFinder":{"locator_":{"using":"css selector","value":".zoe-help-rotate .zoe-help-text"}},"elementArrayFinder_":{"locator_":{"$ref":"$[\"helpRotate\"][\"parentElementArrayFinder\"][\"locator_\"]"}}},"helpElevate":{"parentElementArrayFinder":{"locator_":{"using":"css selector","value":".zoe-help-elevate .zoe-help-text"}},"elementArrayFinder_":{"locator_":{"$ref":"$[\"helpElevate\"][\"parentElementArrayFinder\"][\"locator_\"]"}}},"helpZoom":{"parentElementArrayFinder":{"locator_":{"using":"css selector","value":".zoe-help-zoom .zoe-help-text"}},"elementArrayFinder_":{"locator_":{"$ref":"$[\"helpZoom\"][\"parentElementArrayFinder\"][\"locator_\"]"}}},"helpBrand":{"parentElementArrayFinder":{"locator_":{"using":"css selector","value":".zoe-help-brand .zoe-help-text"}},"elementArrayFinder_":{"locator_":{"$ref":"$[\"helpBrand\"][\"parentElementArrayFinder\"][\"locator_\"]"}}},"extraContent":{"parentElementArrayFinder":{"locator_":{"using":"css selector","value":".zoe-display-extra-content"}},"elementArrayFinder_":{"locator_":{"$ref":"$[\"extraContent\"][\"parentElementArrayFinder\"][\"locator_\"]"}}},"level":"debug","message":"elementFinder is ","timestamp":"2014-10-08T14:31:21.995Z"}
{"level":"info","message":"Initialising jasmine tests","timestamp":"2014-10-08T14:31:21.992Z"}
{"inline":{},"popover":{},"indiscriminate":{},"progressWrapper":{"parentElementArrayFinder":{"locator_":{"using":"css selector","value":".zoe-progress-wrapper"}},"elementArrayFinder_":{"locator_":{"$ref":"$[\"progressWrapper\"][\"parentElementArrayFinder\"][\"locator_\"]"}}},"widgetOverlay":{"parentElementArrayFinder":{"locator_":{"using":"css selector","value":"#zoe-zbox-overlay"}},"elementArrayFinder_":{"locator_":{"$ref":"$[\"widgetOverlay\"][\"parentElementArrayFinder\"][\"locator_\"]"}}},"widgetTrigger":{"parentElementArrayFinder":{"locator_":{"using":"css selector","value":".zoe-engage-trigger>img"}},"elementArrayFinder_":{"locator_":{"$ref":"$[\"widgetTrigger\"][\"parentElementArrayFinder\"][\"locator_\"]"}}},"widgetColorbox":{"parentElementArrayFinder":{"locator_":{"using":"css selector","value":"#zoe-zbox-content"}},"elementArrayFinder_":{"locator_":{"$ref":"$[\"widgetColorbox\"][\"parentElementArrayFinder\"][\"locator_\"]"}}},"helpButton":{"parentElementArrayFinder":{"locator_":{"using":"css selector","value":".zoe-btn-help"}},"elementArrayFinder_":{"locator_":{"$ref":"$[\"helpButton\"][\"parentElementArrayFinder\"][\"locator_\"]"}}},"helpElement":{"parentElementArrayFinder":{"locator_":{"using":"css selector","value":".zoe-help-overlay"}},"elementArrayFinder_":{"locator_":{"$ref":"$[\"helpElement\"][\"parentElementArrayFinder\"][\"locator_\"]"}}},"zoomButton":{"parentElementArrayFinder":{"locator_":{"using":"css selector","value":".zoe-btn-zoom"}},"elementArrayFinder_":{"locator_":{"$ref":"$[\"zoomButton\"][\"parentElementArrayFinder\"][\"locator_\"]"}}},"zoomElement":{"parentElementArrayFinder":{"locator_":{"using":"css selector","value":".zoe-zoom"}},"elementArrayFinder_":{"locator_":{"$ref":"$[\"zoomElement\"][\"parentElementArrayFinder\"][\"locator_\"]"}}},"zoomImage":{"parentElementArrayFinder":{"locator_":{"using":"css selector","value":".zoe-zoom-frame"}},"elementArrayFinder_":{"locator_":{"$ref":"$[\"zoomImage\"][\"parentElementArrayFinder\"][\"locator_\"]"}}},"closeButton":{"parentElementArrayFinder":{"locator_":{"using":"css selector","value":".zoe-btn-close"}},"elementArrayFinder_":{"locator_":{"$ref":"$[\"closeButton\"][\"parentElementArrayFinder\"][\"locator_\"]"}}},"widgetImageDiv":{"parentElementArrayFinder":{"locator_":{"using":"css selector","value":".zoe-engage-image.reel"}},"elementArrayFinder_":{"locator_":{"$ref":"$[\"widgetImageDiv\"][\"parentElementArrayFinder\"][\"locator_\"]"}}},"inlineDivSelector":{"parentElementArrayFinder":{"locator_":{"using":"css selector","value":".zoe-inline.reel"}},"elementArrayFinder_":{"locator_":{"$ref":"$[\"inlineDivSelector\"][\"parentElementArrayFinder\"][\"locator_\"]"}}},"widgetWrapperSelector":{"parentElementArrayFinder":{"locator_":{"using":"css selector","value":".zoe-engage-wrapper"}},"elementArrayFinder_":{"locator_":{"$ref":"$[\"widgetWrapperSelector\"][\"parentElementArrayFinder\"][\"locator_\"]"}}},"widgetWrapperImage":{"parentElementArrayFinder":{"locator_":{"using":"css selector","value":".zoe-frame"}},"elementArrayFinder_":{"locator_":{"$ref":"$[\"widgetWrapperImage\"][\"parentElementArrayFinder\"][\"locator_\"]"}}},"pageImageSelector":{"parentElementArrayFinder":{"locator_":{"using":"css selector","value":".zoe-engage-wrapper"}},"elementArrayFinder_":{"locator_":{"$ref":"$[\"pageImageSelector\"][\"parentElementArrayFinder\"][\"locator_\"]"}}},"inlineTrigger":{"parentElementArrayFinder":{"locator_":{"using":"css selector","value":"a.zoe-engage-trigger"}},"elementArrayFinder_":{"locator_":{"$ref":"$[\"inlineTrigger\"][\"parentElementArrayFinder\"][\"locator_\"]"}}},"inlineWrapper":{"parentElementArrayFinder":{"locator_":{"using":"css selector","value":".zoe-engage-wrapper.zoe-inline"}},"elementArrayFinder_":{"locator_":{"$ref":"$[\"inlineWrapper\"][\"parentElementArrayFinder\"][\"locator_\"]"}}},"frameSelector":{"parentElementArrayFinder":{"locator_":{"using":"css selector","value":".zoe-frame"}},"elementArrayFinder_":{"locator_":{"$ref":"$[\"frameSelector\"][\"parentElementArrayFinder\"][\"locator_\"]"}}},"interactCTA":{"parentElementArrayFinder":{"locator_":{"using":"css selector","value":".zoe-interact-cta"}},"elementArrayFinder_":{"locator_":{"$ref":"$[\"interactCTA\"][\"parentElementArrayFinder\"][\"locator_\"]"}}},"triggerCTA":{"parentElementArrayFinder":{"locator_":{"using":"css selector","value":".zoe-trigger-cta"}},"elementArrayFinder_":{"locator_":{"$ref":"$[\"triggerCTA\"][\"parentElementArrayFinder\"][\"locator_\"]"}}},"helpRotate":{"parentElementArrayFinder":{"locator_":{"using":"css selector","value":".zoe-help-rotate .zoe-help-text"}},"elementArrayFinder_":{"locator_":{"$ref":"$[\"helpRotate\"][\"parentElementArrayFinder\"][\"locator_\"]"}}},"helpElevate":{"parentElementArrayFinder":{"locator_":{"using":"css selector","value":".zoe-help-elevate .zoe-help-text"}},"elementArrayFinder_":{"locator_":{"$ref":"$[\"helpElevate\"][\"parentElementArrayFinder\"][\"locator_\"]"}}},"helpZoom":{"parentElementArrayFinder":{"locator_":{"using":"css selector","value":".zoe-help-zoom .zoe-help-text"}},"elementArrayFinder_":{"locator_":{"$ref":"$[\"helpZoom\"][\"parentElementArrayFinder\"][\"locator_\"]"}}},"helpBrand":{"parentElementArrayFinder":{"locator_":{"using":"css selector","value":".zoe-help-brand .zoe-help-text"}},"elementArrayFinder_":{"locator_":{"$ref":"$[\"helpBrand\"][\"parentElementArrayFinder\"][\"locator_\"]"}}},"extraContent":{"parentElementArrayFinder":{"locator_":{"using":"css selector","value":".zoe-display-extra-content"}},"elementArrayFinder_":{"locator_":{"$ref":"$[\"extraContent\"][\"parentElementArrayFinder\"][\"locator_\"]"}}},"level":"debug","message":"elementFinder is ","timestamp":"2014-10-08T14:31:22.000Z"}
{"takesScreenshot":true,"webdriver.remote.sessionid":"c8a004b2497d477a876ead933a07b904","unexpectedAlertBehaviour":"dismiss","ie.browserCommandLineSwitches":"","browserAttachTimeout":0,"ie.ensureCleanSession":false,"ignoreProtectedModeSettings":false,"platform":"WINDOWS","version":"11","ignoreZoomSetting":false,"nativeEvents":true,"handlesAlerts":true,"javascriptEnabled":true,"requireWindowFocus":false,"ie.usePerProcessProxy":false,"hasMetadata":true,"initialBrowserUrl":"http://localhost:24097/","enableElementCacheCleanup":true,"cssSelectorsEnabled":true,"browserName":"internet explorer","elementScrollBehavior":0,"enablePersistentHover":true,"ie.forceCreateProcessApi":false,"level":"info","message":"","timestamp":"2014-10-08T14:31:31.827Z"}
{"level":"info","message":"undefined","timestamp":"2014-10-08T14:31:31.827Z"}
{"level":"info","message":"BROWSER IS: internet explorer","timestamp":"2014-10-08T14:31:31.827Z"}
{"level":"info","message":"Initialising file paths with browser & version","timestamp":"2014-10-08T14:31:31.827Z"}
{"level":"info","message":"Initialising file paths with browser & version","timestamp":"2014-10-08T14:31:31.827Z"}
{"level":"info","message":"Initialising file paths with browser & version","timestamp":"2014-10-08T14:31:31.827Z"}
{"level":"info","message":"Initialising file paths with browser & version","timestamp":"2014-10-08T14:31:31.827Z"}
{"level":"info","message":"Initialising file paths with browser & version","timestamp":"2014-10-08T14:31:31.827Z"}
{"level":"info","message":"Initialising file paths with browser & version","timestamp":"2014-10-08T14:31:31.827Z"}
{"level":"info","message":"Initialising file paths with browser & version","timestamp":"2014-10-08T14:31:31.827Z"}
{"level":"info","message":"Initialising file paths with browser & version","timestamp":"2014-10-08T14:31:31.827Z"}
{"level":"info","message":"Initialising file paths with browser & version","timestamp":"2014-10-08T14:31:31.828Z"}
{"level":"info","message":"Initialising file paths with browser & version","timestamp":"2014-10-08T14:31:31.828Z"}
{"level":"info","message":"Initialising file paths with browser & version","timestamp":"2014-10-08T14:31:31.828Z"}
{"level":"info","message":"Initialising file paths with browser & version","timestamp":"2014-10-08T14:31:31.828Z"}
{"level":"info","message":"Initialising file paths with browser & version","timestamp":"2014-10-08T14:31:31.828Z"}
{"level":"info","message":"Initialising file paths with browser & version","timestamp":"2014-10-08T14:31:31.828Z"}
{"level":"info","message":"Initialising file paths with browser & version","timestamp":"2014-10-08T14:31:31.828Z"}
{"level":"info","message":"Initialising file paths with browser & version","timestamp":"2014-10-08T14:31:31.828Z"}
{"level":"info","message":"Initialising file paths with browser & version","timestamp":"2014-10-08T14:31:31.828Z"}
{"level":"info","message":"Initialising file paths with browser & version","timestamp":"2014-10-08T14:31:31.828Z"}
{"level":"info","message":"Initialising file paths with browser & version","timestamp":"2014-10-08T14:31:31.828Z"}
{"level":"info","message":"Initialising file paths with browser & version","timestamp":"2014-10-08T14:31:31.828Z"}
{"level":"info","message":"Initialising file paths with browser & version","timestamp":"2014-10-08T14:31:31.828Z"}
{"level":"info","message":"Opening URL: http://jenkins.zoetrope.io:8888/v3/testInline.html","timestamp":"2014-10-08T14:31:33.387Z"}
{"level":"info","message":"Initialising file paths with browser & version","timestamp":"2014-10-08T14:31:33.387Z"}
{"level":"info","message":"Initialising file paths with browser & version","timestamp":"2014-10-08T14:31:33.387Z"}
{"level":"info","message":"Initialising file paths with browser & version","timestamp":"2014-10-08T14:31:33.387Z"}
{"level":"info","message":"Initialising file paths with browser & version","timestamp":"2014-10-08T14:31:33.387Z"}
{"level":"info","message":"Initialising file paths with browser & version","timestamp":"2014-10-08T14:31:33.387Z"}
{"level":"info","message":"Initialising file paths with browser & version","timestamp":"2014-10-08T14:31:33.387Z"}
{"level":"info","message":"Saving screenshot to images/load.jpginlineinternet explorer11.png","timestamp":"2014-10-08T14:31:45.220Z"}
{"level":"info","message":"Saved screenshot","timestamp":"2014-10-08T14:31:46.675Z"}
{"level":"info","message":"Clicking the help button","timestamp":"2014-10-08T14:31:46.710Z"}
{"parentElementArrayFinder":{"locator_":{"using":"css selector","value":".zoe-btn-help"}},"elementArrayFinder_":{"locator_":{"$ref":"$[\"parentElementArrayFinder\"][\"locator_\"]"}},"level":"info","message":"help button is","timestamp":"2014-10-08T14:31:46.713Z"}
{"rotatable":false,"browserConnectionEnabled":true,"acceptSslCerts":true,"cssSelectorsEnabled":true,"javascriptEnabled":true,"nativeEvents":true,"databaseEnabled":true,"locationContextEnabled":true,"takesScreenshot":true,"platform":"XP","browserName":"firefox","webdriver.remote.sessionid":"a9ba659a0a834b0b9f14ef72f6e2a485","hasMetadata":true,"version":"27.0","applicationCacheEnabled":true,"webStorageEnabled":true,"handlesAlerts":true,"level":"info","message":"","timestamp":"2014-10-08T14:31:47.865Z"}
{"level":"info","message":"undefined","timestamp":"2014-10-08T14:31:47.866Z"}
{"level":"info","message":"BROWSER IS: firefox","timestamp":"2014-10-08T14:31:47.866Z"}
{"level":"info","message":"Initialising file paths with browser & version","timestamp":"2014-10-08T14:31:47.866Z"}
{"level":"info","message":"Initialising file paths with browser & version","timestamp":"2014-10-08T14:31:47.866Z"}
{"level":"info","message":"Initialising file paths with browser & version","timestamp":"2014-10-08T14:31:47.866Z"}
{"level":"info","message":"Initialising file paths with browser & version","timestamp":"2014-10-08T14:31:47.867Z"}
{"level":"info","message":"Initialising file paths with browser & version","timestamp":"2014-10-08T14:31:47.867Z"}
{"level":"info","message":"Initialising file paths with browser & version","timestamp":"2014-10-08T14:31:47.867Z"}
{"level":"info","message":"Initialising file paths with browser & version","timestamp":"2014-10-08T14:31:47.867Z"}
{"level":"info","message":"Initialising file paths with browser & version","timestamp":"2014-10-08T14:31:47.867Z"}
{"level":"info","message":"Initialising file paths with browser & version","timestamp":"2014-10-08T14:31:47.867Z"}
{"level":"info","message":"Initialising file paths with browser & version","timestamp":"2014-10-08T14:31:47.867Z"}
{"level":"info","message":"Initialising file paths with browser & version","timestamp":"2014-10-08T14:31:47.867Z"}
{"level":"info","message":"Initialising file paths with browser & version","timestamp":"2014-10-08T14:31:47.867Z"}
{"level":"info","message":"Initialising file paths with browser & version","timestamp":"2014-10-08T14:31:47.867Z"}
{"level":"info","message":"Initialising file paths with browser & version","timestamp":"2014-10-08T14:31:47.867Z"}
{"level":"info","message":"Initialising file paths with browser & version","timestamp":"2014-10-08T14:31:47.867Z"}
{"level":"info","message":"Initialising file paths with browser & version","timestamp":"2014-10-08T14:31:47.867Z"}
{"level":"info","message":"Initialising file paths with browser & version","timestamp":"2014-10-08T14:31:47.867Z"}
{"level":"info","message":"Initialising file paths with browser & version","timestamp":"2014-10-08T14:31:47.867Z"}
{"level":"info","message":"Initialising file paths with browser & version","timestamp":"2014-10-08T14:31:47.867Z"}
{"level":"info","message":"Initialising file paths with browser & version","timestamp":"2014-10-08T14:31:47.868Z"}
{"level":"info","message":"Initialising file paths with browser & version","timestamp":"2014-10-08T14:31:47.868Z"}
{"level":"info","message":"Got help style of ","timestamp":"2014-10-08T14:31:49.204Z"}
{"level":"info","message":"Saving screenshot to images/help.jpginlineinternet explorer11.png","timestamp":"2014-10-08T14:31:49.250Z"}
{"level":"info","message":"Opening URL: http://jenkins.zoetrope.io:8888/v3/testInline.html","timestamp":"2014-10-08T14:31:49.295Z"}
{"level":"info","message":"Initialising file paths with browser & version","timestamp":"2014-10-08T14:31:49.295Z"}
{"level":"info","message":"Initialising file paths with browser & version","timestamp":"2014-10-08T14:31:49.296Z"}
{"level":"info","message":"Initialising file paths with browser & version","timestamp":"2014-10-08T14:31:49.296Z"}
{"level":"info","message":"Initialising file paths with browser & version","timestamp":"2014-10-08T14:31:49.296Z"}
{"level":"info","message":"Initialising file paths with browser & version","timestamp":"2014-10-08T14:31:49.296Z"}
{"level":"info","message":"Initialising file paths with browser & version","timestamp":"2014-10-08T14:31:49.296Z"}
{"level":"info","message":"Saved screenshot","timestamp":"2014-10-08T14:31:50.841Z"}
{"level":"info","message":"Clicking the help button","timestamp":"2014-10-08T14:31:50.891Z"}
{"parentElementArrayFinder":{"locator_":{"using":"css selector","value":".zoe-btn-help"}},"elementArrayFinder_":{"locator_":{"$ref":"$[\"parentElementArrayFinder\"][\"locator_\"]"}},"level":"info","message":"help button is","timestamp":"2014-10-08T14:31:50.893Z"}
{"level":"info","message":"Got help style of display: none;","timestamp":"2014-10-08T14:31:53.699Z"}
{"level":"info","message":"Saving screenshot to images/helpClose.jpginlineinternet explorer11.png","timestamp":"2014-10-08T14:31:53.740Z"}
{"level":"info","message":"Saving screenshot to images/load.jpginlinefirefox27.0.png","timestamp":"2014-10-08T14:31:54.097Z"}
{"level":"info","message":"Saved screenshot","timestamp":"2014-10-08T14:31:54.952Z"}
{"level":"info","message":"Clicking the zoom button","timestamp":"2014-10-08T14:31:55.009Z"}
{"level":"info","message":"Saving screenshot to images/zoom.jpginlineinternet explorer11.png","timestamp":"2014-10-08T14:31:55.016Z"}
{"level":"info","message":"Saved screenshot","timestamp":"2014-10-08T14:31:56.424Z"}
{"level":"info","message":"Clicking the help button","timestamp":"2014-10-08T14:31:56.462Z"}
{"parentElementArrayFinder":{"locator_":{"using":"css selector","value":".zoe-btn-help"}},"elementArrayFinder_":{"locator_":{"$ref":"$[\"parentElementArrayFinder\"][\"locator_\"]"}},"level":"info","message":"help button is","timestamp":"2014-10-08T14:31:56.465Z"}
{"level":"info","message":"Got help style of ","timestamp":"2014-10-08T14:31:58.681Z"}
{"level":"info","message":"Saving screenshot to images/help.jpginlinefirefox27.0.png","timestamp":"2014-10-08T14:31:58.725Z"}
{"level":"info","message":"Saved screenshot","timestamp":"2014-10-08T14:32:00.575Z"}
{"level":"info","message":"Clicking the zoom button","timestamp":"2014-10-08T14:32:00.586Z"}
{"level":"info","message":"Saving screenshot to images/zoomClose.jpginlineinternet explorer11.png","timestamp":"2014-10-08T14:32:00.589Z"}
{"level":"info","message":"Saved screenshot","timestamp":"2014-10-08T14:32:00.887Z"}
{"level":"info","message":"Clicking the help button","timestamp":"2014-10-08T14:32:00.937Z"}
{"parentElementArrayFinder":{"locator_":{"using":"css selector","value":".zoe-btn-help"}},"elementArrayFinder_":{"locator_":{"$ref":"$[\"parentElementArrayFinder\"][\"locator_\"]"}},"level":"info","message":"help button is","timestamp":"2014-10-08T14:32:00.941Z"}
{"level":"info","message":"Got help style of display: none;","timestamp":"2014-10-08T14:32:02.982Z"}
{"level":"info","message":"Saving screenshot to images/helpClose.jpginlinefirefox27.0.png","timestamp":"2014-10-08T14:32:03.024Z"}
{"level":"info","message":"Saved screenshot","timestamp":"2014-10-08T14:32:04.586Z"}
{"level":"info","message":"Saved screenshot","timestamp":"2014-10-08T14:32:04.602Z"}
{"level":"info","message":"Opening URL: http://jenkins.zoetrope.io:8888/v3/testPopover.html","timestamp":"2014-10-08T14:32:04.627Z"}
{"level":"info","message":"Clicking the zoom button","timestamp":"2014-10-08T14:32:04.629Z"}
{"level":"info","message":"Initialising file paths with browser & version","timestamp":"2014-10-08T14:32:04.627Z"}
{"level":"info","message":"Initialising file paths with browser & version","timestamp":"2014-10-08T14:32:04.627Z"}
{"level":"info","message":"Initialising file paths with browser & version","timestamp":"2014-10-08T14:32:04.627Z"}
{"level":"info","message":"Initialising file paths with browser & version","timestamp":"2014-10-08T14:32:04.627Z"}
{"level":"info","message":"Initialising file paths with browser & version","timestamp":"2014-10-08T14:32:04.627Z"}
{"level":"info","message":"Initialising file paths with browser & version","timestamp":"2014-10-08T14:32:04.627Z"}
{"level":"info","message":"Saving screenshot to images/zoom.jpginlinefirefox27.0.png","timestamp":"2014-10-08T14:32:04.632Z"}
{"level":"info","message":"Saving screenshot to images/load.jpgpopoverinternet explorer11.png","timestamp":"2014-10-08T14:32:06.413Z"}
{"level":"info","message":"Saved screenshot","timestamp":"2014-10-08T14:32:08.232Z"}
{"level":"info","message":"Clicking the zoom button","timestamp":"2014-10-08T14:32:08.249Z"}
{"level":"info","message":"Saving screenshot to images/zoomClose.jpginlinefirefox27.0.png","timestamp":"2014-10-08T14:32:08.253Z"}
{"level":"info","message":"Saved screenshot","timestamp":"2014-10-08T14:32:10.685Z"}
{"level":"info","message":"Opening URL: http://jenkins.zoetrope.io:8888/v3/testPopover.html","timestamp":"2014-10-08T14:32:10.695Z"}
{"level":"info","message":"Initialising file paths with browser & version","timestamp":"2014-10-08T14:32:10.695Z"}
{"level":"info","message":"Initialising file paths with browser & version","timestamp":"2014-10-08T14:32:10.695Z"}
{"level":"info","message":"Initialising file paths with browser & version","timestamp":"2014-10-08T14:32:10.695Z"}
{"level":"info","message":"Initialising file paths with browser & version","timestamp":"2014-10-08T14:32:10.695Z"}
{"level":"info","message":"Initialising file paths with browser & version","timestamp":"2014-10-08T14:32:10.695Z"}
{"level":"info","message":"Initialising file paths with browser & version","timestamp":"2014-10-08T14:32:10.695Z"}
{"level":"info","message":"Saved screenshot","timestamp":"2014-10-08T14:32:11.257Z"}
{"level":"info","message":"Clicking on widget trigger","timestamp":"2014-10-08T14:32:11.293Z"}
{"level":"info","message":"Saving screenshot to images/load.jpgpopoverfirefox27.0.png","timestamp":"2014-10-08T14:32:11.655Z"}
{"level":"info","message":"Saving screenshot to images/openWidget.jpgpopoverinternet explorer11.png","timestamp":"2014-10-08T14:32:14.446Z"}
{"level":"info","message":"Saved screenshot","timestamp":"2014-10-08T14:32:14.757Z"}
{"level":"info","message":"Clicking on widget trigger","timestamp":"2014-10-08T14:32:14.805Z"}
{"level":"info","message":"Saving screenshot to images/openWidget.jpgpopoverfirefox27.0.png","timestamp":"2014-10-08T14:32:17.563Z"}
{"level":"info","message":"Saved screenshot","timestamp":"2014-10-08T14:32:19.568Z"}
{"level":"info","message":"Clicking the help button","timestamp":"2014-10-08T14:32:19.601Z"}
{"parentElementArrayFinder":{"locator_":{"using":"css selector","value":".zoe-btn-help"}},"elementArrayFinder_":{"locator_":{"$ref":"$[\"parentElementArrayFinder\"][\"locator_\"]"}},"level":"info","message":"help button is","timestamp":"2014-10-08T14:32:19.605Z"}
{"level":"info","message":"Saved screenshot","timestamp":"2014-10-08T14:32:22.299Z"}
{"level":"info","message":"Clicking the help button","timestamp":"2014-10-08T14:32:22.333Z"}
{"parentElementArrayFinder":{"locator_":{"using":"css selector","value":".zoe-btn-help"}},"elementArrayFinder_":{"locator_":{"$ref":"$[\"parentElementArrayFinder\"][\"locator_\"]"}},"level":"info","message":"help button is","timestamp":"2014-10-08T14:32:22.336Z"}
{"level":"info","message":"Got help style of ","timestamp":"2014-10-08T14:32:22.390Z"}
{"level":"info","message":"Saving screenshot to images/help.jpgpopoverinternet explorer11.png","timestamp":"2014-10-08T14:32:22.433Z"}
{"level":"info","message":"Got help style of ","timestamp":"2014-10-08T14:32:24.796Z"}
{"level":"info","message":"Saving screenshot to images/help.jpgpopoverfirefox27.0.png","timestamp":"2014-10-08T14:32:24.840Z"}
{"level":"info","message":"Saved screenshot","timestamp":"2014-10-08T14:32:27.109Z"}
{"level":"info","message":"Clicking the help button","timestamp":"2014-10-08T14:32:27.155Z"}
{"parentElementArrayFinder":{"locator_":{"using":"css selector","value":".zoe-btn-help"}},"elementArrayFinder_":{"locator_":{"$ref":"$[\"parentElementArrayFinder\"][\"locator_\"]"}},"level":"info","message":"help button is","timestamp":"2014-10-08T14:32:27.158Z"}
{"level":"info","message":"Saved screenshot","timestamp":"2014-10-08T14:32:27.951Z"}
{"level":"info","message":"Clicking the help button","timestamp":"2014-10-08T14:32:27.994Z"}
{"parentElementArrayFinder":{"locator_":{"using":"css selector","value":".zoe-btn-help"}},"elementArrayFinder_":{"locator_":{"$ref":"$[\"parentElementArrayFinder\"][\"locator_\"]"}},"level":"info","message":"help button is","timestamp":"2014-10-08T14:32:27.997Z"}
{"level":"info","message":"Got help style of display: none;","timestamp":"2014-10-08T14:32:30.435Z"}
{"level":"info","message":"Saving screenshot to images/helpClose.jpgpopoverfirefox27.0.png","timestamp":"2014-10-08T14:32:30.478Z"}
{"level":"info","message":"Got help style of display: none;","timestamp":"2014-10-08T14:32:30.483Z"}
{"level":"info","message":"Saving screenshot to images/helpClose.jpgpopoverinternet explorer11.png","timestamp":"2014-10-08T14:32:30.525Z"}
{"level":"info","message":"Saved screenshot","timestamp":"2014-10-08T14:32:32.806Z"}
{"level":"info","message":"Clicking the zoom button","timestamp":"2014-10-08T14:32:32.864Z"}
{"level":"info","message":"Saving screenshot to images/zoom.jpgpopoverfirefox27.0.png","timestamp":"2014-10-08T14:32:32.869Z"}
{"level":"info","message":"Saved screenshot","timestamp":"2014-10-08T14:32:35.440Z"}
{"level":"info","message":"Clicking the zoom button","timestamp":"2014-10-08T14:32:35.496Z"}
{"level":"info","message":"Saving screenshot to images/zoom.jpgpopoverinternet explorer11.png","timestamp":"2014-10-08T14:32:35.501Z"}
{"level":"info","message":"Saved screenshot","timestamp":"2014-10-08T14:32:38.866Z"}
{"level":"info","message":"Clicking the zoom button","timestamp":"2014-10-08T14:32:38.877Z"}
{"level":"info","message":"Saving screenshot to images/zoomClose.jpgpopoverfirefox27.0.png","timestamp":"2014-10-08T14:32:38.881Z"}
{"level":"info","message":"Saved screenshot","timestamp":"2014-10-08T14:32:43.294Z"}
{"level":"info","message":"Saved screenshot","timestamp":"2014-10-08T14:32:43.986Z"}
{"level":"info","message":"Clicking the zoom button","timestamp":"2014-10-08T14:32:43.998Z"}
{"level":"info","message":"Saving screenshot to images/zoomClose.jpgpopoverinternet explorer11.png","timestamp":"2014-10-08T14:32:44.001Z"}
{"level":"info","message":"Saved screenshot","timestamp":"2014-10-08T14:32:52.148Z"}
{"rotatable":false,"browserConnectionEnabled":false,"acceptSslCerts":true,"cssSelectorsEnabled":true,"chrome":{"chromedriverVersion":"2.4.226107"},"javascriptEnabled":true,"version":"30.0.1599.65","webdriver.remote.sessionid":"e07dc1715c214e02a773c004135bcf13","databaseEnabled":true,"locationContextEnabled":true,"platform":"Windows NT","browserName":"chrome","takesScreenshot":true,"hasMetadata":true,"nativeEvents":true,"applicationCacheEnabled":false,"webStorageEnabled":true,"handlesAlerts":true,"level":"info","message":"","timestamp":"2014-10-08T14:33:05.982Z"}
{"level":"info","message":"undefined","timestamp":"2014-10-08T14:33:05.983Z"}
{"level":"info","message":"BROWSER IS: chrome","timestamp":"2014-10-08T14:33:05.983Z"}
{"level":"info","message":"Initialising file paths with browser & version","timestamp":"2014-10-08T14:33:05.983Z"}
{"level":"info","message":"Initialising file paths with browser & version","timestamp":"2014-10-08T14:33:05.983Z"}
{"level":"info","message":"Initialising file paths with browser & version","timestamp":"2014-10-08T14:33:05.983Z"}
{"level":"info","message":"Initialising file paths with browser & version","timestamp":"2014-10-08T14:33:05.983Z"}
{"level":"info","message":"Initialising file paths with browser & version","timestamp":"2014-10-08T14:33:05.983Z"}
{"level":"info","message":"Initialising file paths with browser & version","timestamp":"2014-10-08T14:33:05.983Z"}
{"level":"info","message":"Initialising file paths with browser & version","timestamp":"2014-10-08T14:33:05.983Z"}
{"level":"info","message":"Initialising file paths with browser & version","timestamp":"2014-10-08T14:33:05.983Z"}
{"level":"info","message":"Initialising file paths with browser & version","timestamp":"2014-10-08T14:33:05.983Z"}
{"level":"info","message":"Initialising file paths with browser & version","timestamp":"2014-10-08T14:33:05.983Z"}
{"level":"info","message":"Initialising file paths with browser & version","timestamp":"2014-10-08T14:33:05.983Z"}
{"level":"info","message":"Initialising file paths with browser & version","timestamp":"2014-10-08T14:33:05.983Z"}
{"level":"info","message":"Initialising file paths with browser & version","timestamp":"2014-10-08T14:33:05.984Z"}
{"level":"info","message":"Initialising file paths with browser & version","timestamp":"2014-10-08T14:33:05.984Z"}
{"level":"info","message":"Initialising file paths with browser & version","timestamp":"2014-10-08T14:33:05.984Z"}
{"level":"info","message":"Initialising file paths with browser & version","timestamp":"2014-10-08T14:33:05.984Z"}
{"level":"info","message":"Initialising file paths with browser & version","timestamp":"2014-10-08T14:33:05.984Z"}
{"level":"info","message":"Initialising file paths with browser & version","timestamp":"2014-10-08T14:33:05.984Z"}
{"level":"info","message":"Initialising file paths with browser & version","timestamp":"2014-10-08T14:33:05.984Z"}
{"level":"info","message":"Initialising file paths with browser & version","timestamp":"2014-10-08T14:33:05.984Z"}
{"level":"info","message":"Initialising file paths with browser & version","timestamp":"2014-10-08T14:33:05.984Z"}
{"level":"info","message":"Opening URL: http://jenkins.zoetrope.io:8888/v3/testInline.html","timestamp":"2014-10-08T14:33:07.428Z"}
{"level":"info","message":"Initialising file paths with browser & version","timestamp":"2014-10-08T14:33:07.428Z"}
{"level":"info","message":"Initialising file paths with browser & version","timestamp":"2014-10-08T14:33:07.429Z"}
{"level":"info","message":"Initialising file paths with browser & version","timestamp":"2014-10-08T14:33:07.429Z"}
{"level":"info","message":"Initialising file paths with browser & version","timestamp":"2014-10-08T14:33:07.429Z"}
{"level":"info","message":"Initialising file paths with browser & version","timestamp":"2014-10-08T14:33:07.429Z"}
{"level":"info","message":"Initialising file paths with browser & version","timestamp":"2014-10-08T14:33:07.429Z"}
{"level":"info","message":"Saving screenshot to images/load.jpginlinechrome30.0.1599.65.png","timestamp":"2014-10-08T14:33:11.891Z"}
{"takesScreenshot":true,"version":"6.0.5","cssSelectorsEnabled":true,"javascriptEnabled":true,"browserName":"safari","platform":"MAC","secureSsl":true,"webdriver.remote.sessionid":"d21bc7be25204c20a0606ef02b887823","hasMetadata":true,"level":"info","message":"","timestamp":"2014-10-08T14:33:14.437Z"}
{"level":"info","message":"undefined","timestamp":"2014-10-08T14:33:14.438Z"}
{"level":"info","message":"BROWSER IS: safari","timestamp":"2014-10-08T14:33:14.438Z"}
{"level":"info","message":"Initialising file paths with browser & version","timestamp":"2014-10-08T14:33:14.438Z"}
{"level":"info","message":"Initialising file paths with browser & version","timestamp":"2014-10-08T14:33:14.438Z"}
{"level":"info","message":"Initialising file paths with browser & version","timestamp":"2014-10-08T14:33:14.438Z"}
{"level":"info","message":"Initialising file paths with browser & version","timestamp":"2014-10-08T14:33:14.438Z"}
{"level":"info","message":"Initialising file paths with browser & version","timestamp":"2014-10-08T14:33:14.438Z"}
{"level":"info","message":"Initialising file paths with browser & version","timestamp":"2014-10-08T14:33:14.438Z"}
{"level":"info","message":"Initialising file paths with browser & version","timestamp":"2014-10-08T14:33:14.438Z"}
{"level":"info","message":"Initialising file paths with browser & version","timestamp":"2014-10-08T14:33:14.438Z"}
{"level":"info","message":"Initialising file paths with browser & version","timestamp":"2014-10-08T14:33:14.438Z"}
{"level":"info","message":"Initialising file paths with browser & version","timestamp":"2014-10-08T14:33:14.438Z"}
{"level":"info","message":"Initialising file paths with browser & version","timestamp":"2014-10-08T14:33:14.438Z"}
{"level":"info","message":"Initialising file paths with browser & version","timestamp":"2014-10-08T14:33:14.438Z"}
{"level":"info","message":"Initialising file paths with browser & version","timestamp":"2014-10-08T14:33:14.438Z"}
{"level":"info","message":"Initialising file paths with browser & version","timestamp":"2014-10-08T14:33:14.438Z"}
{"level":"info","message":"Initialising file paths with browser & version","timestamp":"2014-10-08T14:33:14.439Z"}
{"level":"info","message":"Initialising file paths with browser & version","timestamp":"2014-10-08T14:33:14.439Z"}
{"level":"info","message":"Initialising file paths with browser & version","timestamp":"2014-10-08T14:33:14.439Z"}
{"level":"info","message":"Initialising file paths with browser & version","timestamp":"2014-10-08T14:33:14.439Z"}
{"level":"info","message":"Initialising file paths with browser & version","timestamp":"2014-10-08T14:33:14.439Z"}
{"level":"info","message":"Initialising file paths with browser & version","timestamp":"2014-10-08T14:33:14.439Z"}
{"level":"info","message":"Initialising file paths with browser & version","timestamp":"2014-10-08T14:33:14.439Z"}
{"level":"info","message":"Saved screenshot","timestamp":"2014-10-08T14:33:14.950Z"}
{"level":"info","message":"Clicking the help button","timestamp":"2014-10-08T14:33:14.985Z"}
{"parentElementArrayFinder":{"locator_":{"using":"css selector","value":".zoe-btn-help"}},"elementArrayFinder_":{"locator_":{"$ref":"$[\"parentElementArrayFinder\"][\"locator_\"]"}},"level":"info","message":"help button is","timestamp":"2014-10-08T14:33:14.989Z"}
{"level":"info","message":"Opening URL: http://jenkins.zoetrope.io:8888/v3/testInline.html","timestamp":"2014-10-08T14:33:15.890Z"}
{"level":"info","message":"Initialising file paths with browser & version","timestamp":"2014-10-08T14:33:15.890Z"}
{"level":"info","message":"Initialising file paths with browser & version","timestamp":"2014-10-08T14:33:15.890Z"}
{"level":"info","message":"Initialising file paths with browser & version","timestamp":"2014-10-08T14:33:15.890Z"}
{"level":"info","message":"Initialising file paths with browser & version","timestamp":"2014-10-08T14:33:15.890Z"}
{"level":"info","message":"Initialising file paths with browser & version","timestamp":"2014-10-08T14:33:15.890Z"}
{"level":"info","message":"Initialising file paths with browser & version","timestamp":"2014-10-08T14:33:15.890Z"}
{"level":"info","message":"Got help style of ","timestamp":"2014-10-08T14:33:16.962Z"}
{"level":"info","message":"Saving screenshot to images/help.jpginlinechrome30.0.1599.65.png","timestamp":"2014-10-08T14:33:17.005Z"}
{"level":"info","message":"Saved screenshot","timestamp":"2014-10-08T14:33:18.958Z"}
{"level":"info","message":"Clicking the help button","timestamp":"2014-10-08T14:33:19.003Z"}
{"parentElementArrayFinder":{"locator_":{"using":"css selector","value":".zoe-btn-help"}},"elementArrayFinder_":{"locator_":{"$ref":"$[\"parentElementArrayFinder\"][\"locator_\"]"}},"level":"info","message":"help button is","timestamp":"2014-10-08T14:33:19.007Z"}
{"level":"info","message":"Saving screenshot to images/load.jpginlinesafari6.0.5.png","timestamp":"2014-10-08T14:33:21.253Z"}
{"level":"info","message":"Got help style of display: none;","timestamp":"2014-10-08T14:33:21.321Z"}
{"level":"info","message":"Saving screenshot to images/helpClose.jpginlinechrome30.0.1599.65.png","timestamp":"2014-10-08T14:33:21.363Z"}
{"level":"info","message":"Saved screenshot","timestamp":"2014-10-08T14:33:22.916Z"}
{"level":"info","message":"Clicking the zoom button","timestamp":"2014-10-08T14:33:22.973Z"}
{"level":"info","message":"Saving screenshot to images/zoom.jpginlinechrome30.0.1599.65.png","timestamp":"2014-10-08T14:33:22.977Z"}
{"level":"info","message":"Saved screenshot","timestamp":"2014-10-08T14:33:25.068Z"}
{"level":"info","message":"Clicking the help button","timestamp":"2014-10-08T14:33:25.103Z"}
{"parentElementArrayFinder":{"locator_":{"using":"css selector","value":".zoe-btn-help"}},"elementArrayFinder_":{"locator_":{"$ref":"$[\"parentElementArrayFinder\"][\"locator_\"]"}},"level":"info","message":"help button is","timestamp":"2014-10-08T14:33:25.105Z"}
{"level":"info","message":"Saved screenshot","timestamp":"2014-10-08T14:33:27.438Z"}
{"level":"info","message":"Clicking the zoom button","timestamp":"2014-10-08T14:33:27.455Z"}
{"level":"info","message":"Saving screenshot to images/zoomClose.jpginlinechrome30.0.1599.65.png","timestamp":"2014-10-08T14:33:27.458Z"}
{"level":"info","message":"Got help style of ","timestamp":"2014-10-08T14:33:27.468Z"}
{"level":"info","message":"Saving screenshot to images/help.jpginlinesafari6.0.5.png","timestamp":"2014-10-08T14:33:27.510Z"}
{"level":"info","message":"Saved screenshot","timestamp":"2014-10-08T14:33:30.366Z"}
{"level":"info","message":"Clicking the help button","timestamp":"2014-10-08T14:33:30.423Z"}
{"parentElementArrayFinder":{"locator_":{"using":"css selector","value":".zoe-btn-help"}},"elementArrayFinder_":{"locator_":{"$ref":"$[\"parentElementArrayFinder\"][\"locator_\"]"}},"level":"info","message":"help button is","timestamp":"2014-10-08T14:33:30.426Z"}
{"level":"info","message":"Saved screenshot","timestamp":"2014-10-08T14:33:30.872Z"}
{"level":"info","message":"Opening URL: http://jenkins.zoetrope.io:8888/v3/testPopover.html","timestamp":"2014-10-08T14:33:30.884Z"}
{"level":"info","message":"Initialising file paths with browser & version","timestamp":"2014-10-08T14:33:30.884Z"}
{"level":"info","message":"Initialising file paths with browser & version","timestamp":"2014-10-08T14:33:30.885Z"}
{"level":"info","message":"Initialising file paths with browser & version","timestamp":"2014-10-08T14:33:30.885Z"}
{"level":"info","message":"Initialising file paths with browser & version","timestamp":"2014-10-08T14:33:30.885Z"}
{"level":"info","message":"Initialising file paths with browser & version","timestamp":"2014-10-08T14:33:30.885Z"}
{"level":"info","message":"Initialising file paths with browser & version","timestamp":"2014-10-08T14:33:30.885Z"}
{"level":"info","message":"Saving screenshot to images/load.jpgpopoverchrome30.0.1599.65.png","timestamp":"2014-10-08T14:33:31.884Z"}
{"level":"info","message":"Got help style of display: none; ","timestamp":"2014-10-08T14:33:32.781Z"}
{"level":"info","message":"Saving screenshot to images/helpClose.jpginlinesafari6.0.5.png","timestamp":"2014-10-08T14:33:32.824Z"}
{"level":"info","message":"Saved screenshot","timestamp":"2014-10-08T14:33:34.408Z"}
{"level":"info","message":"Clicking on widget trigger","timestamp":"2014-10-08T14:33:34.441Z"}
{"level":"info","message":"Saving screenshot to images/openWidget.jpgpopoverchrome30.0.1599.65.png","timestamp":"2014-10-08T14:33:35.699Z"}
{"level":"info","message":"Saved screenshot","timestamp":"2014-10-08T14:33:35.865Z"}
{"level":"info","message":"Clicking the zoom button","timestamp":"2014-10-08T14:33:35.907Z"}
{"level":"info","message":"Saving screenshot to images/zoom.jpginlinesafari6.0.5.png","timestamp":"2014-10-08T14:33:35.911Z"}
{"level":"info","message":"Saved screenshot","timestamp":"2014-10-08T14:33:38.238Z"}
{"level":"info","message":"Clicking the help button","timestamp":"2014-10-08T14:33:38.271Z"}
{"parentElementArrayFinder":{"locator_":{"using":"css selector","value":".zoe-btn-help"}},"elementArrayFinder_":{"locator_":{"$ref":"$[\"parentElementArrayFinder\"][\"locator_\"]"}},"level":"info","message":"help button is","timestamp":"2014-10-08T14:33:38.274Z"}
{"level":"info","message":"Got help style of ","timestamp":"2014-10-08T14:33:41.304Z"}
{"level":"info","message":"Saving screenshot to images/help.jpgpopoverchrome30.0.1599.65.png","timestamp":"2014-10-08T14:33:41.349Z"}
{"level":"info","message":"Saved screenshot","timestamp":"2014-10-08T14:33:42.931Z"}
{"level":"info","message":"Clicking the zoom button","timestamp":"2014-10-08T14:33:42.956Z"}
{"level":"info","message":"Saving screenshot to images/zoomClose.jpginlinesafari6.0.5.png","timestamp":"2014-10-08T14:33:42.960Z"}
{"level":"info","message":"Saved screenshot","timestamp":"2014-10-08T14:33:43.451Z"}
{"level":"info","message":"Clicking the help button","timestamp":"2014-10-08T14:33:43.493Z"}
{"parentElementArrayFinder":{"locator_":{"using":"css selector","value":".zoe-btn-help"}},"elementArrayFinder_":{"locator_":{"$ref":"$[\"parentElementArrayFinder\"][\"locator_\"]"}},"level":"info","message":"help button is","timestamp":"2014-10-08T14:33:43.495Z"}
{"level":"info","message":"Got help style of display: none;","timestamp":"2014-10-08T14:33:45.380Z"}
{"level":"info","message":"Saving screenshot to images/helpClose.jpgpopoverchrome30.0.1599.65.png","timestamp":"2014-10-08T14:33:45.423Z"}
{"level":"info","message":"Saved screenshot","timestamp":"2014-10-08T14:33:47.306Z"}
{"level":"info","message":"Opening URL: http://jenkins.zoetrope.io:8888/v3/testPopover.html","timestamp":"2014-10-08T14:33:47.318Z"}
{"level":"info","message":"Initialising file paths with browser & version","timestamp":"2014-10-08T14:33:47.318Z"}
{"level":"info","message":"Initialising file paths with browser & version","timestamp":"2014-10-08T14:33:47.318Z"}
{"level":"info","message":"Initialising file paths with browser & version","timestamp":"2014-10-08T14:33:47.318Z"}
{"level":"info","message":"Initialising file paths with browser & version","timestamp":"2014-10-08T14:33:47.318Z"}
{"level":"info","message":"Initialising file paths with browser & version","timestamp":"2014-10-08T14:33:47.319Z"}
{"level":"info","message":"Initialising file paths with browser & version","timestamp":"2014-10-08T14:33:47.319Z"}
{"level":"info","message":"Saved screenshot","timestamp":"2014-10-08T14:33:47.352Z"}
{"level":"info","message":"Clicking the zoom button","timestamp":"2014-10-08T14:33:47.399Z"}
{"level":"info","message":"Saving screenshot to images/zoom.jpgpopoverchrome30.0.1599.65.png","timestamp":"2014-10-08T14:33:47.404Z"}
{"level":"info","message":"Saving screenshot to images/load.jpgpopoversafari6.0.5.png","timestamp":"2014-10-08T14:33:48.471Z"}
{"level":"info","message":"Saved screenshot","timestamp":"2014-10-08T14:33:52.571Z"}
{"level":"info","message":"Clicking on widget trigger","timestamp":"2014-10-08T14:33:52.608Z"}
{"level":"info","message":"Saved screenshot","timestamp":"2014-10-08T14:33:52.806Z"}
{"level":"info","message":"Clicking the zoom button","timestamp":"2014-10-08T14:33:52.819Z"}
{"level":"info","message":"Saving screenshot to images/zoomClose.jpgpopoverchrome30.0.1599.65.png","timestamp":"2014-10-08T14:33:52.823Z"}
{"level":"info","message":"Saving screenshot to images/openWidget.jpgpopoversafari6.0.5.png","timestamp":"2014-10-08T14:33:55.390Z"}
{"level":"info","message":"Saved screenshot","timestamp":"2014-10-08T14:33:57.194Z"}
{"level":"info","message":"Saved screenshot","timestamp":"2014-10-08T14:33:58.792Z"}
{"level":"info","message":"Clicking the help button","timestamp":"2014-10-08T14:33:58.836Z"}
{"parentElementArrayFinder":{"locator_":{"using":"css selector","value":".zoe-btn-help"}},"elementArrayFinder_":{"locator_":{"$ref":"$[\"parentElementArrayFinder\"][\"locator_\"]"}},"level":"info","message":"help button is","timestamp":"2014-10-08T14:33:58.837Z"}
{"level":"info","message":"Got help style of ","timestamp":"2014-10-08T14:34:01.199Z"}
{"level":"info","message":"Saving screenshot to images/help.jpgpopoversafari6.0.5.png","timestamp":"2014-10-08T14:34:01.244Z"}
{"level":"info","message":"Saved screenshot","timestamp":"2014-10-08T14:34:04.641Z"}
{"level":"info","message":"Clicking the help button","timestamp":"2014-10-08T14:34:04.682Z"}
{"parentElementArrayFinder":{"locator_":{"using":"css selector","value":".zoe-btn-help"}},"elementArrayFinder_":{"locator_":{"$ref":"$[\"parentElementArrayFinder\"][\"locator_\"]"}},"level":"info","message":"help button is","timestamp":"2014-10-08T14:34:04.685Z"}
{"level":"info","message":"Got help style of display: none; ","timestamp":"2014-10-08T14:34:06.958Z"}
{"level":"info","message":"Saving screenshot to images/helpClose.jpgpopoversafari6.0.5.png","timestamp":"2014-10-08T14:34:07.000Z"}
{"level":"info","message":"Saved screenshot","timestamp":"2014-10-08T14:34:10.194Z"}
{"level":"info","message":"Clicking the zoom button","timestamp":"2014-10-08T14:34:10.235Z"}
{"level":"info","message":"Saving screenshot to images/zoom.jpgpopoversafari6.0.5.png","timestamp":"2014-10-08T14:34:10.239Z"}
{"level":"info","message":"Saved screenshot","timestamp":"2014-10-08T14:34:16.970Z"}
{"level":"info","message":"Clicking the zoom button","timestamp":"2014-10-08T14:34:16.994Z"}
{"level":"info","message":"Saving screenshot to images/zoomClose.jpgpopoversafari6.0.5.png","timestamp":"2014-10-08T14:34:16.997Z"}
{"level":"info","message":"Saved screenshot","timestamp":"2014-10-08T14:34:22.649Z"}
{"level":"info","message":"Initialising jasmine tests","timestamp":"2014-10-08T14:40:46.890Z"}
{"inline":{},"popover":{},"indiscriminate":{},"progressWrapper":{"parentElementArrayFinder":{"locator_":{"using":"css selector","value":".zoe-progress-wrapper"}},"elementArrayFinder_":{"locator_":{"$ref":"$[\"progressWrapper\"][\"parentElementArrayFinder\"][\"locator_\"]"}}},"widgetOverlay":{"parentElementArrayFinder":{"locator_":{"using":"css selector","value":"#zoe-zbox-overlay"}},"elementArrayFinder_":{"locator_":{"$ref":"$[\"widgetOverlay\"][\"parentElementArrayFinder\"][\"locator_\"]"}}},"widgetTrigger":{"parentElementArrayFinder":{"locator_":{"using":"css selector","value":".zoe-engage-trigger>img"}},"elementArrayFinder_":{"locator_":{"$ref":"$[\"widgetTrigger\"][\"parentElementArrayFinder\"][\"locator_\"]"}}},"widgetColorbox":{"parentElementArrayFinder":{"locator_":{"using":"css selector","value":"#zoe-zbox-content"}},"elementArrayFinder_":{"locator_":{"$ref":"$[\"widgetColorbox\"][\"parentElementArrayFinder\"][\"locator_\"]"}}},"helpButton":{"parentElementArrayFinder":{"locator_":{"using":"css selector","value":".zoe-btn-help"}},"elementArrayFinder_":{"locator_":{"$ref":"$[\"helpButton\"][\"parentElementArrayFinder\"][\"locator_\"]"}}},"helpElement":{"parentElementArrayFinder":{"locator_":{"using":"css selector","value":".zoe-help-overlay"}},"elementArrayFinder_":{"locator_":{"$ref":"$[\"helpElement\"][\"parentElementArrayFinder\"][\"locator_\"]"}}},"zoomButton":{"parentElementArrayFinder":{"locator_":{"using":"css selector","value":".zoe-btn-zoom"}},"elementArrayFinder_":{"locator_":{"$ref":"$[\"zoomButton\"][\"parentElementArrayFinder\"][\"locator_\"]"}}},"zoomElement":{"parentElementArrayFinder":{"locator_":{"using":"css selector","value":".zoe-zoom"}},"elementArrayFinder_":{"locator_":{"$ref":"$[\"zoomElement\"][\"parentElementArrayFinder\"][\"locator_\"]"}}},"zoomImage":{"parentElementArrayFinder":{"locator_":{"using":"css selector","value":".zoe-zoom-frame"}},"elementArrayFinder_":{"locator_":{"$ref":"$[\"zoomImage\"][\"parentElementArrayFinder\"][\"locator_\"]"}}},"closeButton":{"parentElementArrayFinder":{"locator_":{"using":"css selector","value":".zoe-btn-close"}},"elementArrayFinder_":{"locator_":{"$ref":"$[\"closeButton\"][\"parentElementArrayFinder\"][\"locator_\"]"}}},"widgetImageDiv":{"parentElementArrayFinder":{"locator_":{"using":"css selector","value":".zoe-engage-image.reel"}},"elementArrayFinder_":{"locator_":{"$ref":"$[\"widgetImageDiv\"][\"parentElementArrayFinder\"][\"locator_\"]"}}},"inlineDivSelector":{"parentElementArrayFinder":{"locator_":{"using":"css selector","value":".zoe-inline.reel"}},"elementArrayFinder_":{"locator_":{"$ref":"$[\"inlineDivSelector\"][\"parentElementArrayFinder\"][\"locator_\"]"}}},"widgetWrapperSelector":{"parentElementArrayFinder":{"locator_":{"using":"css selector","value":".zoe-engage-wrapper"}},"elementArrayFinder_":{"locator_":{"$ref":"$[\"widgetWrapperSelector\"][\"parentElementArrayFinder\"][\"locator_\"]"}}},"widgetWrapperImage":{"parentElementArrayFinder":{"locator_":{"using":"css selector","value":".zoe-frame"}},"elementArrayFinder_":{"locator_":{"$ref":"$[\"widgetWrapperImage\"][\"parentElementArrayFinder\"][\"locator_\"]"}}},"pageImageSelector":{"parentElementArrayFinder":{"locator_":{"using":"css selector","value":".zoe-engage-wrapper"}},"elementArrayFinder_":{"locator_":{"$ref":"$[\"pageImageSelector\"][\"parentElementArrayFinder\"][\"locator_\"]"}}},"inlineTrigger":{"parentElementArrayFinder":{"locator_":{"using":"css selector","value":"a.zoe-engage-trigger"}},"elementArrayFinder_":{"locator_":{"$ref":"$[\"inlineTrigger\"][\"parentElementArrayFinder\"][\"locator_\"]"}}},"inlineWrapper":{"parentElementArrayFinder":{"locator_":{"using":"css selector","value":".zoe-engage-wrapper.zoe-inline"}},"elementArrayFinder_":{"locator_":{"$ref":"$[\"inlineWrapper\"][\"parentElementArrayFinder\"][\"locator_\"]"}}},"frameSelector":{"parentElementArrayFinder":{"locator_":{"using":"css selector","value":".zoe-frame"}},"elementArrayFinder_":{"locator_":{"$ref":"$[\"frameSelector\"][\"parentElementArrayFinder\"][\"locator_\"]"}}},"interactCTA":{"parentElementArrayFinder":{"locator_":{"using":"css selector","value":".zoe-interact-cta"}},"elementArrayFinder_":{"locator_":{"$ref":"$[\"interactCTA\"][\"parentElementArrayFinder\"][\"locator_\"]"}}},"triggerCTA":{"parentElementArrayFinder":{"locator_":{"using":"css selector","value":".zoe-trigger-cta"}},"elementArrayFinder_":{"locator_":{"$ref":"$[\"triggerCTA\"][\"parentElementArrayFinder\"][\"locator_\"]"}}},"helpRotate":{"parentElementArrayFinder":{"locator_":{"using":"css selector","value":".zoe-help-rotate .zoe-help-text"}},"elementArrayFinder_":{"locator_":{"$ref":"$[\"helpRotate\"][\"parentElementArrayFinder\"][\"locator_\"]"}}},"helpElevate":{"parentElementArrayFinder":{"locator_":{"using":"css selector","value":".zoe-help-elevate .zoe-help-text"}},"elementArrayFinder_":{"locator_":{"$ref":"$[\"helpElevate\"][\"parentElementArrayFinder\"][\"locator_\"]"}}},"helpZoom":{"parentElementArrayFinder":{"locator_":{"using":"css selector","value":".zoe-help-zoom .zoe-help-text"}},"elementArrayFinder_":{"locator_":{"$ref":"$[\"helpZoom\"][\"parentElementArrayFinder\"][\"locator_\"]"}}},"helpBrand":{"parentElementArrayFinder":{"locator_":{"using":"css selector","value":".zoe-help-brand .zoe-help-text"}},"elementArrayFinder_":{"locator_":{"$ref":"$[\"helpBrand\"][\"parentElementArrayFinder\"][\"locator_\"]"}}},"extraContent":{"parentElementArrayFinder":{"locator_":{"using":"css selector","value":".zoe-display-extra-content"}},"elementArrayFinder_":{"locator_":{"$ref":"$[\"extraContent\"][\"parentElementArrayFinder\"][\"locator_\"]"}}},"level":"debug","message":"elementFinder is ","timestamp":"2014-10-08T14:40:46.893Z"}
{"level":"info","message":"Initialising jasmine tests","timestamp":"2014-10-08T14:40:46.894Z"}
{"inline":{},"popover":{},"indiscriminate":{},"progressWrapper":{"parentElementArrayFinder":{"locator_":{"using":"css selector","value":".zoe-progress-wrapper"}},"elementArrayFinder_":{"locator_":{"$ref":"$[\"progressWrapper\"][\"parentElementArrayFinder\"][\"locator_\"]"}}},"widgetOverlay":{"parentElementArrayFinder":{"locator_":{"using":"css selector","value":"#zoe-zbox-overlay"}},"elementArrayFinder_":{"locator_":{"$ref":"$[\"widgetOverlay\"][\"parentElementArrayFinder\"][\"locator_\"]"}}},"widgetTrigger":{"parentElementArrayFinder":{"locator_":{"using":"css selector","value":".zoe-engage-trigger>img"}},"elementArrayFinder_":{"locator_":{"$ref":"$[\"widgetTrigger\"][\"parentElementArrayFinder\"][\"locator_\"]"}}},"widgetColorbox":{"parentElementArrayFinder":{"locator_":{"using":"css selector","value":"#zoe-zbox-content"}},"elementArrayFinder_":{"locator_":{"$ref":"$[\"widgetColorbox\"][\"parentElementArrayFinder\"][\"locator_\"]"}}},"helpButton":{"parentElementArrayFinder":{"locator_":{"using":"css selector","value":".zoe-btn-help"}},"elementArrayFinder_":{"locator_":{"$ref":"$[\"helpButton\"][\"parentElementArrayFinder\"][\"locator_\"]"}}},"helpElement":{"parentElementArrayFinder":{"locator_":{"using":"css selector","value":".zoe-help-overlay"}},"elementArrayFinder_":{"locator_":{"$ref":"$[\"helpElement\"][\"parentElementArrayFinder\"][\"locator_\"]"}}},"zoomButton":{"parentElementArrayFinder":{"locator_":{"using":"css selector","value":".zoe-btn-zoom"}},"elementArrayFinder_":{"locator_":{"$ref":"$[\"zoomButton\"][\"parentElementArrayFinder\"][\"locator_\"]"}}},"zoomElement":{"parentElementArrayFinder":{"locator_":{"using":"css selector","value":".zoe-zoom"}},"elementArrayFinder_":{"locator_":{"$ref":"$[\"zoomElement\"][\"parentElementArrayFinder\"][\"locator_\"]"}}},"zoomImage":{"parentElementArrayFinder":{"locator_":{"using":"css selector","value":".zoe-zoom-frame"}},"elementArrayFinder_":{"locator_":{"$ref":"$[\"zoomImage\"][\"parentElementArrayFinder\"][\"locator_\"]"}}},"closeButton":{"parentElementArrayFinder":{"locator_":{"using":"css selector","value":".zoe-btn-close"}},"elementArrayFinder_":{"locator_":{"$ref":"$[\"closeButton\"][\"parentElementArrayFinder\"][\"locator_\"]"}}},"widgetImageDiv":{"parentElementArrayFinder":{"locator_":{"using":"css selector","value":".zoe-engage-image.reel"}},"elementArrayFinder_":{"locator_":{"$ref":"$[\"widgetImageDiv\"][\"parentElementArrayFinder\"][\"locator_\"]"}}},"inlineDivSelector":{"parentElementArrayFinder":{"locator_":{"using":"css selector","value":".zoe-inline.reel"}},"elementArrayFinder_":{"locator_":{"$ref":"$[\"inlineDivSelector\"][\"parentElementArrayFinder\"][\"locator_\"]"}}},"widgetWrapperSelector":{"parentElementArrayFinder":{"locator_":{"using":"css selector","value":".zoe-engage-wrapper"}},"elementArrayFinder_":{"locator_":{"$ref":"$[\"widgetWrapperSelector\"][\"parentElementArrayFinder\"][\"locator_\"]"}}},"widgetWrapperImage":{"parentElementArrayFinder":{"locator_":{"using":"css selector","value":".zoe-frame"}},"elementArrayFinder_":{"locator_":{"$ref":"$[\"widgetWrapperImage\"][\"parentElementArrayFinder\"][\"locator_\"]"}}},"pageImageSelector":{"parentElementArrayFinder":{"locator_":{"using":"css selector","value":".zoe-engage-wrapper"}},"elementArrayFinder_":{"locator_":{"$ref":"$[\"pageImageSelector\"][\"parentElementArrayFinder\"][\"locator_\"]"}}},"inlineTrigger":{"parentElementArrayFinder":{"locator_":{"using":"css selector","value":"a.zoe-engage-trigger"}},"elementArrayFinder_":{"locator_":{"$ref":"$[\"inlineTrigger\"][\"parentElementArrayFinder\"][\"locator_\"]"}}},"inlineWrapper":{"parentElementArrayFinder":{"locator_":{"using":"css selector","value":".zoe-engage-wrapper.zoe-inline"}},"elementArrayFinder_":{"locator_":{"$ref":"$[\"inlineWrapper\"][\"parentElementArrayFinder\"][\"locator_\"]"}}},"frameSelector":{"parentElementArrayFinder":{"locator_":{"using":"css selector","value":".zoe-frame"}},"elementArrayFinder_":{"locator_":{"$ref":"$[\"frameSelector\"][\"parentElementArrayFinder\"][\"locator_\"]"}}},"interactCTA":{"parentElementArrayFinder":{"locator_":{"using":"css selector","value":".zoe-interact-cta"}},"elementArrayFinder_":{"locator_":{"$ref":"$[\"interactCTA\"][\"parentElementArrayFinder\"][\"locator_\"]"}}},"triggerCTA":{"parentElementArrayFinder":{"locator_":{"using":"css selector","value":".zoe-trigger-cta"}},"elementArrayFinder_":{"locator_":{"$ref":"$[\"triggerCTA\"][\"parentElementArrayFinder\"][\"locator_\"]"}}},"helpRotate":{"parentElementArrayFinder":{"locator_":{"using":"css selector","value":".zoe-help-rotate .zoe-help-text"}},"elementArrayFinder_":{"locator_":{"$ref":"$[\"helpRotate\"][\"parentElementArrayFinder\"][\"locator_\"]"}}},"helpElevate":{"parentElementArrayFinder":{"locator_":{"using":"css selector","value":".zoe-help-elevate .zoe-help-text"}},"elementArrayFinder_":{"locator_":{"$ref":"$[\"helpElevate\"][\"parentElementArrayFinder\"][\"locator_\"]"}}},"helpZoom":{"parentElementArrayFinder":{"locator_":{"using":"css selector","value":".zoe-help-zoom .zoe-help-text"}},"elementArrayFinder_":{"locator_":{"$ref":"$[\"helpZoom\"][\"parentElementArrayFinder\"][\"locator_\"]"}}},"helpBrand":{"parentElementArrayFinder":{"locator_":{"using":"css selector","value":".zoe-help-brand .zoe-help-text"}},"elementArrayFinder_":{"locator_":{"$ref":"$[\"helpBrand\"][\"parentElementArrayFinder\"][\"locator_\"]"}}},"extraContent":{"parentElementArrayFinder":{"locator_":{"using":"css selector","value":".zoe-display-extra-content"}},"elementArrayFinder_":{"locator_":{"$ref":"$[\"extraContent\"][\"parentElementArrayFinder\"][\"locator_\"]"}}},"level":"debug","message":"elementFinder is ","timestamp":"2014-10-08T14:40:46.897Z"}
{"level":"info","message":"Initialising jasmine tests","timestamp":"2014-10-08T14:40:46.894Z"}
{"inline":{},"popover":{},"indiscriminate":{},"progressWrapper":{"parentElementArrayFinder":{"locator_":{"using":"css selector","value":".zoe-progress-wrapper"}},"elementArrayFinder_":{"locator_":{"$ref":"$[\"progressWrapper\"][\"parentElementArrayFinder\"][\"locator_\"]"}}},"widgetOverlay":{"parentElementArrayFinder":{"locator_":{"using":"css selector","value":"#zoe-zbox-overlay"}},"elementArrayFinder_":{"locator_":{"$ref":"$[\"widgetOverlay\"][\"parentElementArrayFinder\"][\"locator_\"]"}}},"widgetTrigger":{"parentElementArrayFinder":{"locator_":{"using":"css selector","value":".zoe-engage-trigger>img"}},"elementArrayFinder_":{"locator_":{"$ref":"$[\"widgetTrigger\"][\"parentElementArrayFinder\"][\"locator_\"]"}}},"widgetColorbox":{"parentElementArrayFinder":{"locator_":{"using":"css selector","value":"#zoe-zbox-content"}},"elementArrayFinder_":{"locator_":{"$ref":"$[\"widgetColorbox\"][\"parentElementArrayFinder\"][\"locator_\"]"}}},"helpButton":{"parentElementArrayFinder":{"locator_":{"using":"css selector","value":".zoe-btn-help"}},"elementArrayFinder_":{"locator_":{"$ref":"$[\"helpButton\"][\"parentElementArrayFinder\"][\"locator_\"]"}}},"helpElement":{"parentElementArrayFinder":{"locator_":{"using":"css selector","value":".zoe-help-overlay"}},"elementArrayFinder_":{"locator_":{"$ref":"$[\"helpElement\"][\"parentElementArrayFinder\"][\"locator_\"]"}}},"zoomButton":{"parentElementArrayFinder":{"locator_":{"using":"css selector","value":".zoe-btn-zoom"}},"elementArrayFinder_":{"locator_":{"$ref":"$[\"zoomButton\"][\"parentElementArrayFinder\"][\"locator_\"]"}}},"zoomElement":{"parentElementArrayFinder":{"locator_":{"using":"css selector","value":".zoe-zoom"}},"elementArrayFinder_":{"locator_":{"$ref":"$[\"zoomElement\"][\"parentElementArrayFinder\"][\"locator_\"]"}}},"zoomImage":{"parentElementArrayFinder":{"locator_":{"using":"css selector","value":".zoe-zoom-frame"}},"elementArrayFinder_":{"locator_":{"$ref":"$[\"zoomImage\"][\"parentElementArrayFinder\"][\"locator_\"]"}}},"closeButton":{"parentElementArrayFinder":{"locator_":{"using":"css selector","value":".zoe-btn-close"}},"elementArrayFinder_":{"locator_":{"$ref":"$[\"closeButton\"][\"parentElementArrayFinder\"][\"locator_\"]"}}},"widgetImageDiv":{"parentElementArrayFinder":{"locator_":{"using":"css selector","value":".zoe-engage-image.reel"}},"elementArrayFinder_":{"locator_":{"$ref":"$[\"widgetImageDiv\"][\"parentElementArrayFinder\"][\"locator_\"]"}}},"inlineDivSelector":{"parentElementArrayFinder":{"locator_":{"using":"css selector","value":".zoe-inline.reel"}},"elementArrayFinder_":{"locator_":{"$ref":"$[\"inlineDivSelector\"][\"parentElementArrayFinder\"][\"locator_\"]"}}},"widgetWrapperSelector":{"parentElementArrayFinder":{"locator_":{"using":"css selector","value":".zoe-engage-wrapper"}},"elementArrayFinder_":{"locator_":{"$ref":"$[\"widgetWrapperSelector\"][\"parentElementArrayFinder\"][\"locator_\"]"}}},"widgetWrapperImage":{"parentElementArrayFinder":{"locator_":{"using":"css selector","value":".zoe-frame"}},"elementArrayFinder_":{"locator_":{"$ref":"$[\"widgetWrapperImage\"][\"parentElementArrayFinder\"][\"locator_\"]"}}},"pageImageSelector":{"parentElementArrayFinder":{"locator_":{"using":"css selector","value":".zoe-engage-wrapper"}},"elementArrayFinder_":{"locator_":{"$ref":"$[\"pageImageSelector\"][\"parentElementArrayFinder\"][\"locator_\"]"}}},"inlineTrigger":{"parentElementArrayFinder":{"locator_":{"using":"css selector","value":"a.zoe-engage-trigger"}},"elementArrayFinder_":{"locator_":{"$ref":"$[\"inlineTrigger\"][\"parentElementArrayFinder\"][\"locator_\"]"}}},"inlineWrapper":{"parentElementArrayFinder":{"locator_":{"using":"css selector","value":".zoe-engage-wrapper.zoe-inline"}},"elementArrayFinder_":{"locator_":{"$ref":"$[\"inlineWrapper\"][\"parentElementArrayFinder\"][\"locator_\"]"}}},"frameSelector":{"parentElementArrayFinder":{"locator_":{"using":"css selector","value":".zoe-frame"}},"elementArrayFinder_":{"locator_":{"$ref":"$[\"frameSelector\"][\"parentElementArrayFinder\"][\"locator_\"]"}}},"interactCTA":{"parentElementArrayFinder":{"locator_":{"using":"css selector","value":".zoe-interact-cta"}},"elementArrayFinder_":{"locator_":{"$ref":"$[\"interactCTA\"][\"parentElementArrayFinder\"][\"locator_\"]"}}},"triggerCTA":{"parentElementArrayFinder":{"locator_":{"using":"css selector","value":".zoe-trigger-cta"}},"elementArrayFinder_":{"locator_":{"$ref":"$[\"triggerCTA\"][\"parentElementArrayFinder\"][\"locator_\"]"}}},"helpRotate":{"parentElementArrayFinder":{"locator_":{"using":"css selector","value":".zoe-help-rotate .zoe-help-text"}},"elementArrayFinder_":{"locator_":{"$ref":"$[\"helpRotate\"][\"parentElementArrayFinder\"][\"locator_\"]"}}},"helpElevate":{"parentElementArrayFinder":{"locator_":{"using":"css selector","value":".zoe-help-elevate .zoe-help-text"}},"elementArrayFinder_":{"locator_":{"$ref":"$[\"helpElevate\"][\"parentElementArrayFinder\"][\"locator_\"]"}}},"helpZoom":{"parentElementArrayFinder":{"locator_":{"using":"css selector","value":".zoe-help-zoom .zoe-help-text"}},"elementArrayFinder_":{"locator_":{"$ref":"$[\"helpZoom\"][\"parentElementArrayFinder\"][\"locator_\"]"}}},"helpBrand":{"parentElementArrayFinder":{"locator_":{"using":"css selector","value":".zoe-help-brand .zoe-help-text"}},"elementArrayFinder_":{"locator_":{"$ref":"$[\"helpBrand\"][\"parentElementArrayFinder\"][\"locator_\"]"}}},"extraContent":{"parentElementArrayFinder":{"locator_":{"using":"css selector","value":".zoe-display-extra-content"}},"elementArrayFinder_":{"locator_":{"$ref":"$[\"extraContent\"][\"parentElementArrayFinder\"][\"locator_\"]"}}},"level":"debug","message":"elementFinder is ","timestamp":"2014-10-08T14:40:46.897Z"}
{"level":"info","message":"Initialising jasmine tests","timestamp":"2014-10-08T14:40:46.908Z"}
{"inline":{},"popover":{},"indiscriminate":{},"progressWrapper":{"parentElementArrayFinder":{"locator_":{"using":"css selector","value":".zoe-progress-wrapper"}},"elementArrayFinder_":{"locator_":{"$ref":"$[\"progressWrapper\"][\"parentElementArrayFinder\"][\"locator_\"]"}}},"widgetOverlay":{"parentElementArrayFinder":{"locator_":{"using":"css selector","value":"#zoe-zbox-overlay"}},"elementArrayFinder_":{"locator_":{"$ref":"$[\"widgetOverlay\"][\"parentElementArrayFinder\"][\"locator_\"]"}}},"widgetTrigger":{"parentElementArrayFinder":{"locator_":{"using":"css selector","value":".zoe-engage-trigger>img"}},"elementArrayFinder_":{"locator_":{"$ref":"$[\"widgetTrigger\"][\"parentElementArrayFinder\"][\"locator_\"]"}}},"widgetColorbox":{"parentElementArrayFinder":{"locator_":{"using":"css selector","value":"#zoe-zbox-content"}},"elementArrayFinder_":{"locator_":{"$ref":"$[\"widgetColorbox\"][\"parentElementArrayFinder\"][\"locator_\"]"}}},"helpButton":{"parentElementArrayFinder":{"locator_":{"using":"css selector","value":".zoe-btn-help"}},"elementArrayFinder_":{"locator_":{"$ref":"$[\"helpButton\"][\"parentElementArrayFinder\"][\"locator_\"]"}}},"helpElement":{"parentElementArrayFinder":{"locator_":{"using":"css selector","value":".zoe-help-overlay"}},"elementArrayFinder_":{"locator_":{"$ref":"$[\"helpElement\"][\"parentElementArrayFinder\"][\"locator_\"]"}}},"zoomButton":{"parentElementArrayFinder":{"locator_":{"using":"css selector","value":".zoe-btn-zoom"}},"elementArrayFinder_":{"locator_":{"$ref":"$[\"zoomButton\"][\"parentElementArrayFinder\"][\"locator_\"]"}}},"zoomElement":{"parentElementArrayFinder":{"locator_":{"using":"css selector","value":".zoe-zoom"}},"elementArrayFinder_":{"locator_":{"$ref":"$[\"zoomElement\"][\"parentElementArrayFinder\"][\"locator_\"]"}}},"zoomImage":{"parentElementArrayFinder":{"locator_":{"using":"css selector","value":".zoe-zoom-frame"}},"elementArrayFinder_":{"locator_":{"$ref":"$[\"zoomImage\"][\"parentElementArrayFinder\"][\"locator_\"]"}}},"closeButton":{"parentElementArrayFinder":{"locator_":{"using":"css selector","value":".zoe-btn-close"}},"elementArrayFinder_":{"locator_":{"$ref":"$[\"closeButton\"][\"parentElementArrayFinder\"][\"locator_\"]"}}},"widgetImageDiv":{"parentElementArrayFinder":{"locator_":{"using":"css selector","value":".zoe-engage-image.reel"}},"elementArrayFinder_":{"locator_":{"$ref":"$[\"widgetImageDiv\"][\"parentElementArrayFinder\"][\"locator_\"]"}}},"inlineDivSelector":{"parentElementArrayFinder":{"locator_":{"using":"css selector","value":".zoe-inline.reel"}},"elementArrayFinder_":{"locator_":{"$ref":"$[\"inlineDivSelector\"][\"parentElementArrayFinder\"][\"locator_\"]"}}},"widgetWrapperSelector":{"parentElementArrayFinder":{"locator_":{"using":"css selector","value":".zoe-engage-wrapper"}},"elementArrayFinder_":{"locator_":{"$ref":"$[\"widgetWrapperSelector\"][\"parentElementArrayFinder\"][\"locator_\"]"}}},"widgetWrapperImage":{"parentElementArrayFinder":{"locator_":{"using":"css selector","value":".zoe-frame"}},"elementArrayFinder_":{"locator_":{"$ref":"$[\"widgetWrapperImage\"][\"parentElementArrayFinder\"][\"locator_\"]"}}},"pageImageSelector":{"parentElementArrayFinder":{"locator_":{"using":"css selector","value":".zoe-engage-wrapper"}},"elementArrayFinder_":{"locator_":{"$ref":"$[\"pageImageSelector\"][\"parentElementArrayFinder\"][\"locator_\"]"}}},"inlineTrigger":{"parentElementArrayFinder":{"locator_":{"using":"css selector","value":"a.zoe-engage-trigger"}},"elementArrayFinder_":{"locator_":{"$ref":"$[\"inlineTrigger\"][\"parentElementArrayFinder\"][\"locator_\"]"}}},"inlineWrapper":{"parentElementArrayFinder":{"locator_":{"using":"css selector","value":".zoe-engage-wrapper.zoe-inline"}},"elementArrayFinder_":{"locator_":{"$ref":"$[\"inlineWrapper\"][\"parentElementArrayFinder\"][\"locator_\"]"}}},"frameSelector":{"parentElementArrayFinder":{"locator_":{"using":"css selector","value":".zoe-frame"}},"elementArrayFinder_":{"locator_":{"$ref":"$[\"frameSelector\"][\"parentElementArrayFinder\"][\"locator_\"]"}}},"interactCTA":{"parentElementArrayFinder":{"locator_":{"using":"css selector","value":".zoe-interact-cta"}},"elementArrayFinder_":{"locator_":{"$ref":"$[\"interactCTA\"][\"parentElementArrayFinder\"][\"locator_\"]"}}},"triggerCTA":{"parentElementArrayFinder":{"locator_":{"using":"css selector","value":".zoe-trigger-cta"}},"elementArrayFinder_":{"locator_":{"$ref":"$[\"triggerCTA\"][\"parentElementArrayFinder\"][\"locator_\"]"}}},"helpRotate":{"parentElementArrayFinder":{"locator_":{"using":"css selector","value":".zoe-help-rotate .zoe-help-text"}},"elementArrayFinder_":{"locator_":{"$ref":"$[\"helpRotate\"][\"parentElementArrayFinder\"][\"locator_\"]"}}},"helpElevate":{"parentElementArrayFinder":{"locator_":{"using":"css selector","value":".zoe-help-elevate .zoe-help-text"}},"elementArrayFinder_":{"locator_":{"$ref":"$[\"helpElevate\"][\"parentElementArrayFinder\"][\"locator_\"]"}}},"helpZoom":{"parentElementArrayFinder":{"locator_":{"using":"css selector","value":".zoe-help-zoom .zoe-help-text"}},"elementArrayFinder_":{"locator_":{"$ref":"$[\"helpZoom\"][\"parentElementArrayFinder\"][\"locator_\"]"}}},"helpBrand":{"parentElementArrayFinder":{"locator_":{"using":"css selector","value":".zoe-help-brand .zoe-help-text"}},"elementArrayFinder_":{"locator_":{"$ref":"$[\"helpBrand\"][\"parentElementArrayFinder\"][\"locator_\"]"}}},"extraContent":{"parentElementArrayFinder":{"locator_":{"using":"css selector","value":".zoe-display-extra-content"}},"elementArrayFinder_":{"locator_":{"$ref":"$[\"extraContent\"][\"parentElementArrayFinder\"][\"locator_\"]"}}},"level":"debug","message":"elementFinder is ","timestamp":"2014-10-08T14:40:46.912Z"}
{"takesScreenshot":true,"webdriver.remote.sessionid":"773701084582480f99a0d94b6f4c0692","unexpectedAlertBehaviour":"dismiss","ie.browserCommandLineSwitches":"","browserAttachTimeout":0,"ie.ensureCleanSession":false,"ignoreProtectedModeSettings":false,"platform":"WINDOWS","version":"11","ignoreZoomSetting":false,"nativeEvents":true,"handlesAlerts":true,"javascriptEnabled":true,"requireWindowFocus":false,"ie.usePerProcessProxy":false,"hasMetadata":true,"initialBrowserUrl":"http://localhost:4694/","enableElementCacheCleanup":true,"cssSelectorsEnabled":true,"browserName":"internet explorer","elementScrollBehavior":0,"enablePersistentHover":true,"ie.forceCreateProcessApi":false,"level":"info","message":"","timestamp":"2014-10-08T14:40:56.836Z"}
{"level":"info","message":"undefined","timestamp":"2014-10-08T14:40:56.837Z"}
{"level":"info","message":"BROWSER IS: internet explorer","timestamp":"2014-10-08T14:40:56.837Z"}
{"level":"info","message":"Initialising file paths with browser & version","timestamp":"2014-10-08T14:40:56.837Z"}
{"level":"info","message":"Initialising file paths with browser & version","timestamp":"2014-10-08T14:40:56.838Z"}
{"level":"info","message":"Initialising file paths with browser & version","timestamp":"2014-10-08T14:40:56.838Z"}
{"level":"info","message":"Initialising file paths with browser & version","timestamp":"2014-10-08T14:40:56.838Z"}
{"level":"info","message":"Initialising file paths with browser & version","timestamp":"2014-10-08T14:40:56.838Z"}
{"level":"info","message":"Initialising file paths with browser & version","timestamp":"2014-10-08T14:40:56.838Z"}
{"level":"info","message":"Initialising file paths with browser & version","timestamp":"2014-10-08T14:40:56.838Z"}
{"level":"info","message":"Initialising file paths with browser & version","timestamp":"2014-10-08T14:40:56.838Z"}
{"level":"info","message":"Initialising file paths with browser & version","timestamp":"2014-10-08T14:40:56.838Z"}
{"level":"info","message":"Initialising file paths with browser & version","timestamp":"2014-10-08T14:40:56.838Z"}
{"level":"info","message":"Initialising file paths with browser & version","timestamp":"2014-10-08T14:40:56.838Z"}
{"level":"info","message":"Initialising file paths with browser & version","timestamp":"2014-10-08T14:40:56.838Z"}
{"level":"info","message":"Initialising file paths with browser & version","timestamp":"2014-10-08T14:40:56.838Z"}
{"level":"info","message":"Initialising file paths with browser & version","timestamp":"2014-10-08T14:40:56.838Z"}
{"level":"info","message":"Initialising file paths with browser & version","timestamp":"2014-10-08T14:40:56.838Z"}
{"level":"info","message":"Initialising file paths with browser & version","timestamp":"2014-10-08T14:40:56.838Z"}
{"level":"info","message":"Initialising file paths with browser & version","timestamp":"2014-10-08T14:40:56.839Z"}
{"level":"info","message":"Initialising file paths with browser & version","timestamp":"2014-10-08T14:40:56.839Z"}
{"level":"info","message":"Initialising file paths with browser & version","timestamp":"2014-10-08T14:40:56.839Z"}
{"level":"info","message":"Initialising file paths with browser & version","timestamp":"2014-10-08T14:40:56.839Z"}
{"level":"info","message":"Initialising file paths with browser & version","timestamp":"2014-10-08T14:40:56.839Z"}
{"level":"info","message":"Opening URL: http://jenkins.zoetrope.io:8888/v3/testInline.html","timestamp":"2014-10-08T14:40:58.265Z"}
{"level":"info","message":"Initialising file paths with browser & version","timestamp":"2014-10-08T14:40:58.265Z"}
{"level":"info","message":"Initialising file paths with browser & version","timestamp":"2014-10-08T14:40:58.265Z"}
{"level":"info","message":"Initialising file paths with browser & version","timestamp":"2014-10-08T14:40:58.266Z"}
{"level":"info","message":"Initialising file paths with browser & version","timestamp":"2014-10-08T14:40:58.266Z"}
{"level":"info","message":"Initialising file paths with browser & version","timestamp":"2014-10-08T14:40:58.266Z"}
{"level":"info","message":"Initialising file paths with browser & version","timestamp":"2014-10-08T14:40:58.266Z"}
{"takesScreenshot":true,"version":"6.0.5","cssSelectorsEnabled":true,"javascriptEnabled":true,"browserName":"safari","platform":"MAC","secureSsl":true,"webdriver.remote.sessionid":"7b8bd403030948118f5ce68ddd7d1997","hasMetadata":true,"level":"info","message":"","timestamp":"2014-10-08T14:41:03.255Z"}
{"level":"info","message":"undefined","timestamp":"2014-10-08T14:41:03.256Z"}
{"level":"info","message":"BROWSER IS: safari","timestamp":"2014-10-08T14:41:03.256Z"}
{"level":"info","message":"Initialising file paths with browser & version","timestamp":"2014-10-08T14:41:03.256Z"}
{"level":"info","message":"Initialising file paths with browser & version","timestamp":"2014-10-08T14:41:03.256Z"}
{"level":"info","message":"Initialising file paths with browser & version","timestamp":"2014-10-08T14:41:03.256Z"}
{"level":"info","message":"Initialising file paths with browser & version","timestamp":"2014-10-08T14:41:03.256Z"}
{"level":"info","message":"Initialising file paths with browser & version","timestamp":"2014-10-08T14:41:03.256Z"}
{"level":"info","message":"Initialising file paths with browser & version","timestamp":"2014-10-08T14:41:03.257Z"}
{"level":"info","message":"Initialising file paths with browser & version","timestamp":"2014-10-08T14:41:03.257Z"}
{"level":"info","message":"Initialising file paths with browser & version","timestamp":"2014-10-08T14:41:03.257Z"}
{"level":"info","message":"Initialising file paths with browser & version","timestamp":"2014-10-08T14:41:03.257Z"}
{"level":"info","message":"Initialising file paths with browser & version","timestamp":"2014-10-08T14:41:03.257Z"}
{"level":"info","message":"Initialising file paths with browser & version","timestamp":"2014-10-08T14:41:03.257Z"}
{"level":"info","message":"Initialising file paths with browser & version","timestamp":"2014-10-08T14:41:03.257Z"}
{"level":"info","message":"Initialising file paths with browser & version","timestamp":"2014-10-08T14:41:03.257Z"}
{"level":"info","message":"Initialising file paths with browser & version","timestamp":"2014-10-08T14:41:03.257Z"}
{"level":"info","message":"Initialising file paths with browser & version","timestamp":"2014-10-08T14:41:03.257Z"}
{"level":"info","message":"Initialising file paths with browser & version","timestamp":"2014-10-08T14:41:03.257Z"}
{"level":"info","message":"Initialising file paths with browser & version","timestamp":"2014-10-08T14:41:03.257Z"}
{"level":"info","message":"Initialising file paths with browser & version","timestamp":"2014-10-08T14:41:03.257Z"}
{"level":"info","message":"Initialising file paths with browser & version","timestamp":"2014-10-08T14:41:03.257Z"}
{"level":"info","message":"Initialising file paths with browser & version","timestamp":"2014-10-08T14:41:03.257Z"}
{"level":"info","message":"Initialising file paths with browser & version","timestamp":"2014-10-08T14:41:03.257Z"}
{"level":"info","message":"Opening URL: http://jenkins.zoetrope.io:8888/v3/testInline.html","timestamp":"2014-10-08T14:41:04.671Z"}
{"level":"info","message":"Initialising file paths with browser & version","timestamp":"2014-10-08T14:41:04.671Z"}
{"level":"info","message":"Initialising file paths with browser & version","timestamp":"2014-10-08T14:41:04.672Z"}
{"level":"info","message":"Initialising file paths with browser & version","timestamp":"2014-10-08T14:41:04.672Z"}
{"level":"info","message":"Initialising file paths with browser & version","timestamp":"2014-10-08T14:41:04.672Z"}
{"level":"info","message":"Initialising file paths with browser & version","timestamp":"2014-10-08T14:41:04.672Z"}
{"level":"info","message":"Initialising file paths with browser & version","timestamp":"2014-10-08T14:41:04.672Z"}
{"level":"info","message":"Saving screenshot to images/load.jpginlineinternet explorer11.png","timestamp":"2014-10-08T14:41:07.041Z"}
{"level":"info","message":"Saving screenshot to images/load.jpginlinesafari6.0.5.png","timestamp":"2014-10-08T14:41:09.673Z"}
{"level":"info","message":"Saved screenshot","timestamp":"2014-10-08T14:41:12.610Z"}
{"level":"info","message":"Clicking the help button","timestamp":"2014-10-08T14:41:12.643Z"}
{"parentElementArrayFinder":{"locator_":{"using":"css selector","value":".zoe-btn-help"}},"elementArrayFinder_":{"locator_":{"$ref":"$[\"parentElementArrayFinder\"][\"locator_\"]"}},"level":"info","message":"help button is","timestamp":"2014-10-08T14:41:12.646Z"}
{"level":"info","message":"Saved screenshot","timestamp":"2014-10-08T14:41:13.883Z"}
{"level":"info","message":"Clicking the help button","timestamp":"2014-10-08T14:41:13.919Z"}
{"parentElementArrayFinder":{"locator_":{"using":"css selector","value":".zoe-btn-help"}},"elementArrayFinder_":{"locator_":{"$ref":"$[\"parentElementArrayFinder\"][\"locator_\"]"}},"level":"info","message":"help button is","timestamp":"2014-10-08T14:41:13.923Z"}
{"level":"info","message":"Got help style of ","timestamp":"2014-10-08T14:41:15.145Z"}
{"level":"info","message":"Saving screenshot to images/help.jpginlineinternet explorer11.png","timestamp":"2014-10-08T14:41:15.191Z"}
{"level":"info","message":"Got help style of ","timestamp":"2014-10-08T14:41:16.101Z"}
{"level":"info","message":"Saving screenshot to images/help.jpginlinesafari6.0.5.png","timestamp":"2014-10-08T14:41:16.147Z"}
{"level":"info","message":"Saved screenshot","timestamp":"2014-10-08T14:41:20.592Z"}
{"level":"info","message":"Clicking the help button","timestamp":"2014-10-08T14:41:20.637Z"}
{"parentElementArrayFinder":{"locator_":{"using":"css selector","value":".zoe-btn-help"}},"elementArrayFinder_":{"locator_":{"$ref":"$[\"parentElementArrayFinder\"][\"locator_\"]"}},"level":"info","message":"help button is","timestamp":"2014-10-08T14:41:20.641Z"}
{"level":"info","message":"Saved screenshot","timestamp":"2014-10-08T14:41:21.252Z"}
{"level":"info","message":"Clicking the help button","timestamp":"2014-10-08T14:41:21.300Z"}
{"parentElementArrayFinder":{"locator_":{"using":"css selector","value":".zoe-btn-help"}},"elementArrayFinder_":{"locator_":{"$ref":"$[\"parentElementArrayFinder\"][\"locator_\"]"}},"level":"info","message":"help button is","timestamp":"2014-10-08T14:41:21.303Z"}
{"level":"info","message":"Got help style of display: none;","timestamp":"2014-10-08T14:41:22.904Z"}
{"level":"info","message":"Saving screenshot to images/helpClose.jpginlineinternet explorer11.png","timestamp":"2014-10-08T14:41:22.946Z"}
{"level":"info","message":"Got help style of display: none; ","timestamp":"2014-10-08T14:41:23.416Z"}
{"level":"info","message":"Saving screenshot to images/helpClose.jpginlinesafari6.0.5.png","timestamp":"2014-10-08T14:41:23.457Z"}
{"level":"info","message":"Saved screenshot","timestamp":"2014-10-08T14:41:25.751Z"}
{"level":"info","message":"Clicking the zoom button","timestamp":"2014-10-08T14:41:25.808Z"}
{"level":"info","message":"Saving screenshot to images/zoom.jpginlinesafari6.0.5.png","timestamp":"2014-10-08T14:41:25.813Z"}
{"level":"info","message":"Saved screenshot","timestamp":"2014-10-08T14:41:27.092Z"}
{"level":"info","message":"Clicking the zoom button","timestamp":"2014-10-08T14:41:27.141Z"}
{"level":"info","message":"Saving screenshot to images/zoom.jpginlineinternet explorer11.png","timestamp":"2014-10-08T14:41:27.144Z"}
{"level":"info","message":"Saved screenshot","timestamp":"2014-10-08T14:41:31.484Z"}
{"level":"info","message":"Clicking the zoom button","timestamp":"2014-10-08T14:41:31.495Z"}
{"level":"info","message":"Saving screenshot to images/zoomClose.jpginlinesafari6.0.5.png","timestamp":"2014-10-08T14:41:31.500Z"}
{"level":"info","message":"Saved screenshot","timestamp":"2014-10-08T14:41:33.094Z"}
{"level":"info","message":"Clicking the zoom button","timestamp":"2014-10-08T14:41:33.108Z"}
{"level":"info","message":"Saving screenshot to images/zoomClose.jpginlineinternet explorer11.png","timestamp":"2014-10-08T14:41:33.112Z"}
{"level":"info","message":"Saved screenshot","timestamp":"2014-10-08T14:41:35.371Z"}
{"level":"info","message":"Opening URL: http://jenkins.zoetrope.io:8888/v3/testPopover.html","timestamp":"2014-10-08T14:41:35.395Z"}
{"level":"info","message":"Initialising file paths with browser & version","timestamp":"2014-10-08T14:41:35.395Z"}
{"level":"info","message":"Initialising file paths with browser & version","timestamp":"2014-10-08T14:41:35.395Z"}
{"level":"info","message":"Initialising file paths with browser & version","timestamp":"2014-10-08T14:41:35.395Z"}
{"level":"info","message":"Initialising file paths with browser & version","timestamp":"2014-10-08T14:41:35.395Z"}
{"level":"info","message":"Initialising file paths with browser & version","timestamp":"2014-10-08T14:41:35.395Z"}
{"level":"info","message":"Initialising file paths with browser & version","timestamp":"2014-10-08T14:41:35.395Z"}
{"level":"info","message":"Saving screenshot to images/load.jpgpopoversafari6.0.5.png","timestamp":"2014-10-08T14:41:36.413Z"}
{"level":"info","message":"Saved screenshot","timestamp":"2014-10-08T14:41:39.078Z"}
{"level":"info","message":"Opening URL: http://jenkins.zoetrope.io:8888/v3/testPopover.html","timestamp":"2014-10-08T14:41:39.095Z"}
{"level":"info","message":"Initialising file paths with browser & version","timestamp":"2014-10-08T14:41:39.096Z"}
{"level":"info","message":"Initialising file paths with browser & version","timestamp":"2014-10-08T14:41:39.096Z"}
{"level":"info","message":"Initialising file paths with browser & version","timestamp":"2014-10-08T14:41:39.096Z"}
{"level":"info","message":"Initialising file paths with browser & version","timestamp":"2014-10-08T14:41:39.096Z"}
{"level":"info","message":"Initialising file paths with browser & version","timestamp":"2014-10-08T14:41:39.096Z"}
{"level":"info","message":"Initialising file paths with browser & version","timestamp":"2014-10-08T14:41:39.096Z"}
{"level":"info","message":"Saving screenshot to images/load.jpgpopoverinternet explorer11.png","timestamp":"2014-10-08T14:41:40.514Z"}
{"level":"info","message":"Saved screenshot","timestamp":"2014-10-08T14:41:40.821Z"}
{"level":"info","message":"Clicking on widget trigger","timestamp":"2014-10-08T14:41:40.852Z"}
{"level":"info","message":"Saving screenshot to images/openWidget.jpgpopoversafari6.0.5.png","timestamp":"2014-10-08T14:41:43.515Z"}
{"level":"info","message":"Saved screenshot","timestamp":"2014-10-08T14:41:44.354Z"}
{"level":"info","message":"Clicking on widget trigger","timestamp":"2014-10-08T14:41:44.386Z"}
{"level":"info","message":"Saving screenshot to images/openWidget.jpgpopoverinternet explorer11.png","timestamp":"2014-10-08T14:41:46.505Z"}
{"level":"info","message":"Saved screenshot","timestamp":"2014-10-08T14:41:47.422Z"}
{"level":"info","message":"Clicking the help button","timestamp":"2014-10-08T14:41:47.452Z"}
{"parentElementArrayFinder":{"locator_":{"using":"css selector","value":".zoe-btn-help"}},"elementArrayFinder_":{"locator_":{"$ref":"$[\"parentElementArrayFinder\"][\"locator_\"]"}},"level":"info","message":"help button is","timestamp":"2014-10-08T14:41:47.455Z"}
{"level":"info","message":"Saved screenshot","timestamp":"2014-10-08T14:41:49.183Z"}
{"level":"info","message":"Clicking the help button","timestamp":"2014-10-08T14:41:49.216Z"}
{"parentElementArrayFinder":{"locator_":{"using":"css selector","value":".zoe-btn-help"}},"elementArrayFinder_":{"locator_":{"$ref":"$[\"parentElementArrayFinder\"][\"locator_\"]"}},"level":"info","message":"help button is","timestamp":"2014-10-08T14:41:49.219Z"}
{"level":"info","message":"Got help style of ","timestamp":"2014-10-08T14:41:49.643Z"}
{"level":"info","message":"Saving screenshot to images/help.jpgpopoversafari6.0.5.png","timestamp":"2014-10-08T14:41:49.685Z"}
{"level":"info","message":"Got help style of ","timestamp":"2014-10-08T14:41:53.414Z"}
{"level":"info","message":"Saving screenshot to images/help.jpgpopoverinternet explorer11.png","timestamp":"2014-10-08T14:41:53.456Z"}
{"level":"info","message":"Saved screenshot","timestamp":"2014-10-08T14:41:54.257Z"}
{"level":"info","message":"Clicking the help button","timestamp":"2014-10-08T14:41:54.300Z"}
{"parentElementArrayFinder":{"locator_":{"using":"css selector","value":".zoe-btn-help"}},"elementArrayFinder_":{"locator_":{"$ref":"$[\"parentElementArrayFinder\"][\"locator_\"]"}},"level":"info","message":"help button is","timestamp":"2014-10-08T14:41:54.302Z"}
{"level":"info","message":"Saved screenshot","timestamp":"2014-10-08T14:41:55.899Z"}
{"level":"info","message":"Clicking the help button","timestamp":"2014-10-08T14:41:55.956Z"}
{"parentElementArrayFinder":{"locator_":{"using":"css selector","value":".zoe-btn-help"}},"elementArrayFinder_":{"locator_":{"$ref":"$[\"parentElementArrayFinder\"][\"locator_\"]"}},"level":"info","message":"help button is","timestamp":"2014-10-08T14:41:55.960Z"}
{"level":"info","message":"Got help style of display: none; ","timestamp":"2014-10-08T14:41:56.501Z"}
{"level":"info","message":"Saving screenshot to images/helpClose.jpgpopoversafari6.0.5.png","timestamp":"2014-10-08T14:41:56.543Z"}
{"level":"info","message":"Got help style of display: none;","timestamp":"2014-10-08T14:41:58.464Z"}
{"level":"info","message":"Saving screenshot to images/helpClose.jpgpopoverinternet explorer11.png","timestamp":"2014-10-08T14:41:58.506Z"}
{"level":"info","message":"Saved screenshot","timestamp":"2014-10-08T14:42:00.560Z"}
{"level":"info","message":"Clicking the zoom button","timestamp":"2014-10-08T14:42:00.615Z"}
{"level":"info","message":"Saving screenshot to images/zoom.jpgpopoversafari6.0.5.png","timestamp":"2014-10-08T14:42:00.620Z"}
{"level":"info","message":"Saved screenshot","timestamp":"2014-10-08T14:42:02.484Z"}
{"level":"info","message":"Clicking the zoom button","timestamp":"2014-10-08T14:42:02.528Z"}
{"level":"info","message":"Saving screenshot to images/zoom.jpgpopoverinternet explorer11.png","timestamp":"2014-10-08T14:42:02.530Z"}
{"level":"info","message":"Saved screenshot","timestamp":"2014-10-08T14:42:08.884Z"}
{"level":"info","message":"Clicking the zoom button","timestamp":"2014-10-08T14:42:08.894Z"}
{"level":"info","message":"Saving screenshot to images/zoomClose.jpgpopoversafari6.0.5.png","timestamp":"2014-10-08T14:42:08.897Z"}
{"level":"info","message":"Saved screenshot","timestamp":"2014-10-08T14:42:10.790Z"}
{"level":"info","message":"Clicking the zoom button","timestamp":"2014-10-08T14:42:10.815Z"}
{"level":"info","message":"Saving screenshot to images/zoomClose.jpgpopoverinternet explorer11.png","timestamp":"2014-10-08T14:42:10.819Z"}
{"level":"info","message":"Saved screenshot","timestamp":"2014-10-08T14:42:15.513Z"}
{"level":"info","message":"Saved screenshot","timestamp":"2014-10-08T14:42:16.034Z"}
{"rotatable":false,"browserConnectionEnabled":false,"acceptSslCerts":true,"cssSelectorsEnabled":true,"chrome":{"chromedriverVersion":"2.4.226107"},"javascriptEnabled":true,"version":"30.0.1599.65","webdriver.remote.sessionid":"82eac254d9ea4422a876be06e99c323e","databaseEnabled":true,"locationContextEnabled":true,"platform":"Windows NT","browserName":"chrome","takesScreenshot":true,"hasMetadata":true,"nativeEvents":true,"applicationCacheEnabled":false,"webStorageEnabled":true,"handlesAlerts":true,"level":"info","message":"","timestamp":"2014-10-08T14:42:32.418Z"}
{"level":"info","message":"undefined","timestamp":"2014-10-08T14:42:32.419Z"}
{"level":"info","message":"BROWSER IS: chrome","timestamp":"2014-10-08T14:42:32.419Z"}
{"level":"info","message":"Initialising file paths with browser & version","timestamp":"2014-10-08T14:42:32.419Z"}
{"level":"info","message":"Initialising file paths with browser & version","timestamp":"2014-10-08T14:42:32.420Z"}
{"level":"info","message":"Initialising file paths with browser & version","timestamp":"2014-10-08T14:42:32.420Z"}
{"level":"info","message":"Initialising file paths with browser & version","timestamp":"2014-10-08T14:42:32.420Z"}
{"level":"info","message":"Initialising file paths with browser & version","timestamp":"2014-10-08T14:42:32.420Z"}
{"level":"info","message":"Initialising file paths with browser & version","timestamp":"2014-10-08T14:42:32.420Z"}
{"level":"info","message":"Initialising file paths with browser & version","timestamp":"2014-10-08T14:42:32.420Z"}
{"level":"info","message":"Initialising file paths with browser & version","timestamp":"2014-10-08T14:42:32.420Z"}
{"level":"info","message":"Initialising file paths with browser & version","timestamp":"2014-10-08T14:42:32.420Z"}
{"level":"info","message":"Initialising file paths with browser & version","timestamp":"2014-10-08T14:42:32.420Z"}
{"level":"info","message":"Initialising file paths with browser & version","timestamp":"2014-10-08T14:42:32.420Z"}
{"level":"info","message":"Initialising file paths with browser & version","timestamp":"2014-10-08T14:42:32.420Z"}
{"level":"info","message":"Initialising file paths with browser & version","timestamp":"2014-10-08T14:42:32.420Z"}
{"level":"info","message":"Initialising file paths with browser & version","timestamp":"2014-10-08T14:42:32.420Z"}
{"level":"info","message":"Initialising file paths with browser & version","timestamp":"2014-10-08T14:42:32.420Z"}
{"level":"info","message":"Initialising file paths with browser & version","timestamp":"2014-10-08T14:42:32.420Z"}
{"level":"info","message":"Initialising file paths with browser & version","timestamp":"2014-10-08T14:42:32.420Z"}
{"level":"info","message":"Initialising file paths with browser & version","timestamp":"2014-10-08T14:42:32.420Z"}
{"level":"info","message":"Initialising file paths with browser & version","timestamp":"2014-10-08T14:42:32.420Z"}
{"level":"info","message":"Initialising file paths with browser & version","timestamp":"2014-10-08T14:42:32.420Z"}
{"level":"info","message":"Initialising file paths with browser & version","timestamp":"2014-10-08T14:42:32.421Z"}
{"level":"info","message":"Opening URL: http://jenkins.zoetrope.io:8888/v3/testInline.html","timestamp":"2014-10-08T14:42:33.837Z"}
{"level":"info","message":"Initialising file paths with browser & version","timestamp":"2014-10-08T14:42:33.837Z"}
{"level":"info","message":"Initialising file paths with browser & version","timestamp":"2014-10-08T14:42:33.837Z"}
{"level":"info","message":"Initialising file paths with browser & version","timestamp":"2014-10-08T14:42:33.837Z"}
{"level":"info","message":"Initialising file paths with browser & version","timestamp":"2014-10-08T14:42:33.837Z"}
{"level":"info","message":"Initialising file paths with browser & version","timestamp":"2014-10-08T14:42:33.837Z"}
{"level":"info","message":"Initialising file paths with browser & version","timestamp":"2014-10-08T14:42:33.837Z"}
{"level":"info","message":"Saving screenshot to images/load.jpginlinechrome30.0.1599.65.png","timestamp":"2014-10-08T14:42:38.209Z"}
{"rotatable":false,"browserConnectionEnabled":true,"acceptSslCerts":true,"cssSelectorsEnabled":true,"javascriptEnabled":true,"nativeEvents":true,"databaseEnabled":true,"locationContextEnabled":true,"takesScreenshot":true,"platform":"XP","browserName":"firefox","webdriver.remote.sessionid":"9d399f8821ac4ae4a13d0e6da25c2fd8","hasMetadata":true,"version":"27.0","applicationCacheEnabled":true,"webStorageEnabled":true,"handlesAlerts":true,"level":"info","message":"","timestamp":"2014-10-08T14:42:40.432Z"}
{"level":"info","message":"undefined","timestamp":"2014-10-08T14:42:40.433Z"}
{"level":"info","message":"BROWSER IS: firefox","timestamp":"2014-10-08T14:42:40.433Z"}
{"level":"info","message":"Initialising file paths with browser & version","timestamp":"2014-10-08T14:42:40.433Z"}
{"level":"info","message":"Initialising file paths with browser & version","timestamp":"2014-10-08T14:42:40.433Z"}
{"level":"info","message":"Initialising file paths with browser & version","timestamp":"2014-10-08T14:42:40.434Z"}
{"level":"info","message":"Initialising file paths with browser & version","timestamp":"2014-10-08T14:42:40.434Z"}
{"level":"info","message":"Initialising file paths with browser & version","timestamp":"2014-10-08T14:42:40.434Z"}
{"level":"info","message":"Initialising file paths with browser & version","timestamp":"2014-10-08T14:42:40.434Z"}
{"level":"info","message":"Initialising file paths with browser & version","timestamp":"2014-10-08T14:42:40.434Z"}
{"level":"info","message":"Initialising file paths with browser & version","timestamp":"2014-10-08T14:42:40.434Z"}
{"level":"info","message":"Initialising file paths with browser & version","timestamp":"2014-10-08T14:42:40.434Z"}
{"level":"info","message":"Initialising file paths with browser & version","timestamp":"2014-10-08T14:42:40.434Z"}
{"level":"info","message":"Initialising file paths with browser & version","timestamp":"2014-10-08T14:42:40.434Z"}
{"level":"info","message":"Initialising file paths with browser & version","timestamp":"2014-10-08T14:42:40.434Z"}
{"level":"info","message":"Initialising file paths with browser & version","timestamp":"2014-10-08T14:42:40.434Z"}
{"level":"info","message":"Initialising file paths with browser & version","timestamp":"2014-10-08T14:42:40.434Z"}
{"level":"info","message":"Initialising file paths with browser & version","timestamp":"2014-10-08T14:42:40.434Z"}
{"level":"info","message":"Initialising file paths with browser & version","timestamp":"2014-10-08T14:42:40.434Z"}
{"level":"info","message":"Initialising file paths with browser & version","timestamp":"2014-10-08T14:42:40.434Z"}
{"level":"info","message":"Initialising file paths with browser & version","timestamp":"2014-10-08T14:42:40.434Z"}
{"level":"info","message":"Initialising file paths with browser & version","timestamp":"2014-10-08T14:42:40.435Z"}
{"level":"info","message":"Initialising file paths with browser & version","timestamp":"2014-10-08T14:42:40.435Z"}
{"level":"info","message":"Initialising file paths with browser & version","timestamp":"2014-10-08T14:42:40.435Z"}
{"level":"info","message":"Opening URL: http://jenkins.zoetrope.io:8888/v3/testInline.html","timestamp":"2014-10-08T14:42:41.837Z"}
{"level":"info","message":"Initialising file paths with browser & version","timestamp":"2014-10-08T14:42:41.837Z"}
{"level":"info","message":"Initialising file paths with browser & version","timestamp":"2014-10-08T14:42:41.838Z"}
{"level":"info","message":"Initialising file paths with browser & version","timestamp":"2014-10-08T14:42:41.838Z"}
{"level":"info","message":"Initialising file paths with browser & version","timestamp":"2014-10-08T14:42:41.838Z"}
{"level":"info","message":"Initialising file paths with browser & version","timestamp":"2014-10-08T14:42:41.838Z"}
{"level":"info","message":"Initialising file paths with browser & version","timestamp":"2014-10-08T14:42:41.838Z"}
{"level":"info","message":"Saved screenshot","timestamp":"2014-10-08T14:42:41.899Z"}
{"level":"info","message":"Clicking the help button","timestamp":"2014-10-08T14:42:41.938Z"}
{"parentElementArrayFinder":{"locator_":{"using":"css selector","value":".zoe-btn-help"}},"elementArrayFinder_":{"locator_":{"$ref":"$[\"parentElementArrayFinder\"][\"locator_\"]"}},"level":"info","message":"help button is","timestamp":"2014-10-08T14:42:41.941Z"}
{"level":"info","message":"Got help style of ","timestamp":"2014-10-08T14:42:44.450Z"}
{"level":"info","message":"Saving screenshot to images/help.jpginlinechrome30.0.1599.65.png","timestamp":"2014-10-08T14:42:44.496Z"}
{"level":"info","message":"Saved screenshot","timestamp":"2014-10-08T14:42:46.240Z"}
{"level":"info","message":"Clicking the help button","timestamp":"2014-10-08T14:42:46.281Z"}
{"parentElementArrayFinder":{"locator_":{"using":"css selector","value":".zoe-btn-help"}},"elementArrayFinder_":{"locator_":{"$ref":"$[\"parentElementArrayFinder\"][\"locator_\"]"}},"level":"info","message":"help button is","timestamp":"2014-10-08T14:42:46.285Z"}
{"level":"info","message":"Saving screenshot to images/load.jpginlinefirefox27.0.png","timestamp":"2014-10-08T14:42:46.849Z"}
{"level":"info","message":"Saved screenshot","timestamp":"2014-10-08T14:42:47.956Z"}
{"level":"info","message":"Clicking the help button","timestamp":"2014-10-08T14:42:47.993Z"}
{"parentElementArrayFinder":{"locator_":{"using":"css selector","value":".zoe-btn-help"}},"elementArrayFinder_":{"locator_":{"$ref":"$[\"parentElementArrayFinder\"][\"locator_\"]"}},"level":"info","message":"help button is","timestamp":"2014-10-08T14:42:47.997Z"}
{"level":"info","message":"Got help style of display: none;","timestamp":"2014-10-08T14:42:48.197Z"}
{"level":"info","message":"Saving screenshot to images/helpClose.jpginlinechrome30.0.1599.65.png","timestamp":"2014-10-08T14:42:48.239Z"}
{"level":"info","message":"Saved screenshot","timestamp":"2014-10-08T14:42:49.861Z"}
{"level":"info","message":"Clicking the zoom button","timestamp":"2014-10-08T14:42:49.905Z"}
{"level":"info","message":"Saving screenshot to images/zoom.jpginlinechrome30.0.1599.65.png","timestamp":"2014-10-08T14:42:49.909Z"}
{"level":"info","message":"Got help style of ","timestamp":"2014-10-08T14:42:50.013Z"}
{"level":"info","message":"Saving screenshot to images/help.jpginlinefirefox27.0.png","timestamp":"2014-10-08T14:42:50.056Z"}
{"level":"info","message":"Saved screenshot","timestamp":"2014-10-08T14:42:52.587Z"}
{"level":"info","message":"Clicking the help button","timestamp":"2014-10-08T14:42:52.636Z"}
{"parentElementArrayFinder":{"locator_":{"using":"css selector","value":".zoe-btn-help"}},"elementArrayFinder_":{"locator_":{"$ref":"$[\"parentElementArrayFinder\"][\"locator_\"]"}},"level":"info","message":"help button is","timestamp":"2014-10-08T14:42:52.639Z"}
{"level":"info","message":"Got help style of display: none;","timestamp":"2014-10-08T14:42:54.688Z"}
{"level":"info","message":"Saving screenshot to images/helpClose.jpginlinefirefox27.0.png","timestamp":"2014-10-08T14:42:54.730Z"}
{"level":"info","message":"Saved screenshot","timestamp":"2014-10-08T14:42:55.596Z"}
{"level":"info","message":"Clicking the zoom button","timestamp":"2014-10-08T14:42:55.653Z"}
{"level":"info","message":"Saving screenshot to images/zoom.jpginlinefirefox27.0.png","timestamp":"2014-10-08T14:42:55.658Z"}
{"level":"info","message":"Saved screenshot","timestamp":"2014-10-08T14:42:55.904Z"}
{"level":"info","message":"Clicking the zoom button","timestamp":"2014-10-08T14:42:55.917Z"}
{"level":"info","message":"Saving screenshot to images/zoomClose.jpginlinechrome30.0.1599.65.png","timestamp":"2014-10-08T14:42:55.922Z"}
{"level":"info","message":"Saved screenshot","timestamp":"2014-10-08T14:42:58.634Z"}
{"level":"info","message":"Clicking the zoom button","timestamp":"2014-10-08T14:42:58.650Z"}
{"level":"info","message":"Saving screenshot to images/zoomClose.jpginlinefirefox27.0.png","timestamp":"2014-10-08T14:42:58.654Z"}
{"level":"info","message":"Saved screenshot","timestamp":"2014-10-08T14:42:59.295Z"}
{"level":"info","message":"Opening URL: http://jenkins.zoetrope.io:8888/v3/testPopover.html","timestamp":"2014-10-08T14:42:59.307Z"}
{"level":"info","message":"Initialising file paths with browser & version","timestamp":"2014-10-08T14:42:59.307Z"}
{"level":"info","message":"Initialising file paths with browser & version","timestamp":"2014-10-08T14:42:59.307Z"}
{"level":"info","message":"Initialising file paths with browser & version","timestamp":"2014-10-08T14:42:59.307Z"}
{"level":"info","message":"Initialising file paths with browser & version","timestamp":"2014-10-08T14:42:59.307Z"}
{"level":"info","message":"Initialising file paths with browser & version","timestamp":"2014-10-08T14:42:59.307Z"}
{"level":"info","message":"Initialising file paths with browser & version","timestamp":"2014-10-08T14:42:59.307Z"}
{"level":"info","message":"Saving screenshot to images/load.jpgpopoverchrome30.0.1599.65.png","timestamp":"2014-10-08T14:43:00.401Z"}
{"level":"info","message":"Saved screenshot","timestamp":"2014-10-08T14:43:01.340Z"}
{"level":"info","message":"Opening URL: http://jenkins.zoetrope.io:8888/v3/testPopover.html","timestamp":"2014-10-08T14:43:01.357Z"}
{"level":"info","message":"Initialising file paths with browser & version","timestamp":"2014-10-08T14:43:01.358Z"}
{"level":"info","message":"Initialising file paths with browser & version","timestamp":"2014-10-08T14:43:01.358Z"}
{"level":"info","message":"Initialising file paths with browser & version","timestamp":"2014-10-08T14:43:01.358Z"}
{"level":"info","message":"Initialising file paths with browser & version","timestamp":"2014-10-08T14:43:01.358Z"}
{"level":"info","message":"Initialising file paths with browser & version","timestamp":"2014-10-08T14:43:01.358Z"}
{"level":"info","message":"Initialising file paths with browser & version","timestamp":"2014-10-08T14:43:01.358Z"}
{"level":"info","message":"Saving screenshot to images/load.jpgpopoverfirefox27.0.png","timestamp":"2014-10-08T14:43:02.317Z"}
{"level":"info","message":"Saved screenshot","timestamp":"2014-10-08T14:43:02.618Z"}
{"level":"info","message":"Clicking on widget trigger","timestamp":"2014-10-08T14:43:02.660Z"}
{"level":"info","message":"Saved screenshot","timestamp":"2014-10-08T14:43:04.419Z"}
{"level":"info","message":"Saving screenshot to images/openWidget.jpgpopoverchrome30.0.1599.65.png","timestamp":"2014-10-08T14:43:04.440Z"}
{"level":"info","message":"Clicking on widget trigger","timestamp":"2014-10-08T14:43:04.450Z"}
{"level":"info","message":"Saving screenshot to images/openWidget.jpgpopoverfirefox27.0.png","timestamp":"2014-10-08T14:43:05.885Z"}
{"level":"info","message":"Saved screenshot","timestamp":"2014-10-08T14:43:07.013Z"}
{"level":"info","message":"Clicking the help button","timestamp":"2014-10-08T14:43:07.044Z"}
{"parentElementArrayFinder":{"locator_":{"using":"css selector","value":".zoe-btn-help"}},"elementArrayFinder_":{"locator_":{"$ref":"$[\"parentElementArrayFinder\"][\"locator_\"]"}},"level":"info","message":"help button is","timestamp":"2014-10-08T14:43:07.046Z"}
{"level":"info","message":"Got help style of ","timestamp":"2014-10-08T14:43:09.064Z"}
{"level":"info","message":"Saving screenshot to images/help.jpgpopoverchrome30.0.1599.65.png","timestamp":"2014-10-08T14:43:09.109Z"}
{"level":"info","message":"Saved screenshot","timestamp":"2014-10-08T14:43:09.745Z"}
{"level":"info","message":"Clicking the help button","timestamp":"2014-10-08T14:43:09.790Z"}
{"parentElementArrayFinder":{"locator_":{"using":"css selector","value":".zoe-btn-help"}},"elementArrayFinder_":{"locator_":{"$ref":"$[\"parentElementArrayFinder\"][\"locator_\"]"}},"level":"info","message":"help button is","timestamp":"2014-10-08T14:43:09.793Z"}
{"level":"info","message":"Saved screenshot","timestamp":"2014-10-08T14:43:11.402Z"}
{"level":"info","message":"Clicking the help button","timestamp":"2014-10-08T14:43:11.455Z"}
{"parentElementArrayFinder":{"locator_":{"using":"css selector","value":".zoe-btn-help"}},"elementArrayFinder_":{"locator_":{"$ref":"$[\"parentElementArrayFinder\"][\"locator_\"]"}},"level":"info","message":"help button is","timestamp":"2014-10-08T14:43:11.458Z"}
{"level":"info","message":"Got help style of ","timestamp":"2014-10-08T14:43:12.000Z"}
{"level":"info","message":"Saving screenshot to images/help.jpgpopoverfirefox27.0.png","timestamp":"2014-10-08T14:43:12.048Z"}
{"level":"info","message":"Got help style of display: none;","timestamp":"2014-10-08T14:43:13.472Z"}
{"level":"info","message":"Saving screenshot to images/helpClose.jpgpopoverchrome30.0.1599.65.png","timestamp":"2014-10-08T14:43:13.514Z"}
{"level":"info","message":"Saved screenshot","timestamp":"2014-10-08T14:43:15.678Z"}
{"level":"info","message":"Clicking the help button","timestamp":"2014-10-08T14:43:15.720Z"}
{"parentElementArrayFinder":{"locator_":{"using":"css selector","value":".zoe-btn-help"}},"elementArrayFinder_":{"locator_":{"$ref":"$[\"parentElementArrayFinder\"][\"locator_\"]"}},"level":"info","message":"help button is","timestamp":"2014-10-08T14:43:15.723Z"}
{"level":"info","message":"Saved screenshot","timestamp":"2014-10-08T14:43:16.889Z"}
{"level":"info","message":"Clicking the zoom button","timestamp":"2014-10-08T14:43:16.932Z"}
{"level":"info","message":"Saving screenshot to images/zoom.jpgpopoverchrome30.0.1599.65.png","timestamp":"2014-10-08T14:43:16.937Z"}
{"level":"info","message":"Got help style of display: none;","timestamp":"2014-10-08T14:43:17.857Z"}
{"level":"info","message":"Saving screenshot to images/helpClose.jpgpopoverfirefox27.0.png","timestamp":"2014-10-08T14:43:17.899Z"}
{"level":"info","message":"Saved screenshot","timestamp":"2014-10-08T14:43:23.199Z"}
{"level":"info","message":"Clicking the zoom button","timestamp":"2014-10-08T14:43:23.242Z"}
{"level":"info","message":"Saving screenshot to images/zoom.jpgpopoverfirefox27.0.png","timestamp":"2014-10-08T14:43:23.244Z"}
{"level":"info","message":"Saved screenshot","timestamp":"2014-10-08T14:43:24.578Z"}
{"level":"info","message":"Clicking the zoom button","timestamp":"2014-10-08T14:43:24.601Z"}
{"level":"info","message":"Saving screenshot to images/zoomClose.jpgpopoverchrome30.0.1599.65.png","timestamp":"2014-10-08T14:43:24.604Z"}
{"level":"info","message":"Saved screenshot","timestamp":"2014-10-08T14:43:28.326Z"}
{"level":"info","message":"Saved screenshot","timestamp":"2014-10-08T14:43:30.179Z"}
{"level":"info","message":"Clicking the zoom button","timestamp":"2014-10-08T14:43:30.190Z"}
{"level":"info","message":"Saving screenshot to images/zoomClose.jpgpopoverfirefox27.0.png","timestamp":"2014-10-08T14:43:30.193Z"}
{"level":"info","message":"Saved screenshot","timestamp":"2014-10-08T14:43:35.078Z"}
{"level":"info","message":"Initialising jasmine tests","timestamp":"2014-10-08T14:46:31.414Z"}
{"inline":{},"popover":{},"indiscriminate":{},"progressWrapper":{"parentElementArrayFinder":{"locator_":{"using":"css selector","value":".zoe-progress-wrapper"}},"elementArrayFinder_":{"locator_":{"$ref":"$[\"progressWrapper\"][\"parentElementArrayFinder\"][\"locator_\"]"}}},"widgetOverlay":{"parentElementArrayFinder":{"locator_":{"using":"css selector","value":"#zoe-zbox-overlay"}},"elementArrayFinder_":{"locator_":{"$ref":"$[\"widgetOverlay\"][\"parentElementArrayFinder\"][\"locator_\"]"}}},"widgetTrigger":{"parentElementArrayFinder":{"locator_":{"using":"css selector","value":".zoe-engage-trigger>img"}},"elementArrayFinder_":{"locator_":{"$ref":"$[\"widgetTrigger\"][\"parentElementArrayFinder\"][\"locator_\"]"}}},"widgetColorbox":{"parentElementArrayFinder":{"locator_":{"using":"css selector","value":"#zoe-zbox-content"}},"elementArrayFinder_":{"locator_":{"$ref":"$[\"widgetColorbox\"][\"parentElementArrayFinder\"][\"locator_\"]"}}},"helpButton":{"parentElementArrayFinder":{"locator_":{"using":"css selector","value":".zoe-btn-help"}},"elementArrayFinder_":{"locator_":{"$ref":"$[\"helpButton\"][\"parentElementArrayFinder\"][\"locator_\"]"}}},"helpElement":{"parentElementArrayFinder":{"locator_":{"using":"css selector","value":".zoe-help-overlay"}},"elementArrayFinder_":{"locator_":{"$ref":"$[\"helpElement\"][\"parentElementArrayFinder\"][\"locator_\"]"}}},"zoomButton":{"parentElementArrayFinder":{"locator_":{"using":"css selector","value":".zoe-btn-zoom"}},"elementArrayFinder_":{"locator_":{"$ref":"$[\"zoomButton\"][\"parentElementArrayFinder\"][\"locator_\"]"}}},"zoomElement":{"parentElementArrayFinder":{"locator_":{"using":"css selector","value":".zoe-zoom"}},"elementArrayFinder_":{"locator_":{"$ref":"$[\"zoomElement\"][\"parentElementArrayFinder\"][\"locator_\"]"}}},"zoomImage":{"parentElementArrayFinder":{"locator_":{"using":"css selector","value":".zoe-zoom-frame"}},"elementArrayFinder_":{"locator_":{"$ref":"$[\"zoomImage\"][\"parentElementArrayFinder\"][\"locator_\"]"}}},"closeButton":{"parentElementArrayFinder":{"locator_":{"using":"css selector","value":".zoe-btn-close"}},"elementArrayFinder_":{"locator_":{"$ref":"$[\"closeButton\"][\"parentElementArrayFinder\"][\"locator_\"]"}}},"widgetImageDiv":{"parentElementArrayFinder":{"locator_":{"using":"css selector","value":".zoe-engage-image.reel"}},"elementArrayFinder_":{"locator_":{"$ref":"$[\"widgetImageDiv\"][\"parentElementArrayFinder\"][\"locator_\"]"}}},"inlineDivSelector":{"parentElementArrayFinder":{"locator_":{"using":"css selector","value":".zoe-inline.reel"}},"elementArrayFinder_":{"locator_":{"$ref":"$[\"inlineDivSelector\"][\"parentElementArrayFinder\"][\"locator_\"]"}}},"widgetWrapperSelector":{"parentElementArrayFinder":{"locator_":{"using":"css selector","value":".zoe-engage-wrapper"}},"elementArrayFinder_":{"locator_":{"$ref":"$[\"widgetWrapperSelector\"][\"parentElementArrayFinder\"][\"locator_\"]"}}},"widgetWrapperImage":{"parentElementArrayFinder":{"locator_":{"using":"css selector","value":".zoe-frame"}},"elementArrayFinder_":{"locator_":{"$ref":"$[\"widgetWrapperImage\"][\"parentElementArrayFinder\"][\"locator_\"]"}}},"pageImageSelector":{"parentElementArrayFinder":{"locator_":{"using":"css selector","value":".zoe-engage-wrapper"}},"elementArrayFinder_":{"locator_":{"$ref":"$[\"pageImageSelector\"][\"parentElementArrayFinder\"][\"locator_\"]"}}},"inlineTrigger":{"parentElementArrayFinder":{"locator_":{"using":"css selector","value":"a.zoe-engage-trigger"}},"elementArrayFinder_":{"locator_":{"$ref":"$[\"inlineTrigger\"][\"parentElementArrayFinder\"][\"locator_\"]"}}},"inlineWrapper":{"parentElementArrayFinder":{"locator_":{"using":"css selector","value":".zoe-engage-wrapper.zoe-inline"}},"elementArrayFinder_":{"locator_":{"$ref":"$[\"inlineWrapper\"][\"parentElementArrayFinder\"][\"locator_\"]"}}},"frameSelector":{"parentElementArrayFinder":{"locator_":{"using":"css selector","value":".zoe-frame"}},"elementArrayFinder_":{"locator_":{"$ref":"$[\"frameSelector\"][\"parentElementArrayFinder\"][\"locator_\"]"}}},"interactCTA":{"parentElementArrayFinder":{"locator_":{"using":"css selector","value":".zoe-interact-cta"}},"elementArrayFinder_":{"locator_":{"$ref":"$[\"interactCTA\"][\"parentElementArrayFinder\"][\"locator_\"]"}}},"triggerCTA":{"parentElementArrayFinder":{"locator_":{"using":"css selector","value":".zoe-trigger-cta"}},"elementArrayFinder_":{"locator_":{"$ref":"$[\"triggerCTA\"][\"parentElementArrayFinder\"][\"locator_\"]"}}},"helpRotate":{"parentElementArrayFinder":{"locator_":{"using":"css selector","value":".zoe-help-rotate .zoe-help-text"}},"elementArrayFinder_":{"locator_":{"$ref":"$[\"helpRotate\"][\"parentElementArrayFinder\"][\"locator_\"]"}}},"helpElevate":{"parentElementArrayFinder":{"locator_":{"using":"css selector","value":".zoe-help-elevate .zoe-help-text"}},"elementArrayFinder_":{"locator_":{"$ref":"$[\"helpElevate\"][\"parentElementArrayFinder\"][\"locator_\"]"}}},"helpZoom":{"parentElementArrayFinder":{"locator_":{"using":"css selector","value":".zoe-help-zoom .zoe-help-text"}},"elementArrayFinder_":{"locator_":{"$ref":"$[\"helpZoom\"][\"parentElementArrayFinder\"][\"locator_\"]"}}},"helpBrand":{"parentElementArrayFinder":{"locator_":{"using":"css selector","value":".zoe-help-brand .zoe-help-text"}},"elementArrayFinder_":{"locator_":{"$ref":"$[\"helpBrand\"][\"parentElementArrayFinder\"][\"locator_\"]"}}},"extraContent":{"parentElementArrayFinder":{"locator_":{"using":"css selector","value":".zoe-display-extra-content"}},"elementArrayFinder_":{"locator_":{"$ref":"$[\"extraContent\"][\"parentElementArrayFinder\"][\"locator_\"]"}}},"level":"debug","message":"elementFinder is ","timestamp":"2014-10-08T14:46:31.416Z"}
{"level":"info","message":"Initialising jasmine tests","timestamp":"2014-10-08T14:46:31.419Z"}
{"inline":{},"popover":{},"indiscriminate":{},"progressWrapper":{"parentElementArrayFinder":{"locator_":{"using":"css selector","value":".zoe-progress-wrapper"}},"elementArrayFinder_":{"locator_":{"$ref":"$[\"progressWrapper\"][\"parentElementArrayFinder\"][\"locator_\"]"}}},"widgetOverlay":{"parentElementArrayFinder":{"locator_":{"using":"css selector","value":"#zoe-zbox-overlay"}},"elementArrayFinder_":{"locator_":{"$ref":"$[\"widgetOverlay\"][\"parentElementArrayFinder\"][\"locator_\"]"}}},"widgetTrigger":{"parentElementArrayFinder":{"locator_":{"using":"css selector","value":".zoe-engage-trigger>img"}},"elementArrayFinder_":{"locator_":{"$ref":"$[\"widgetTrigger\"][\"parentElementArrayFinder\"][\"locator_\"]"}}},"widgetColorbox":{"parentElementArrayFinder":{"locator_":{"using":"css selector","value":"#zoe-zbox-content"}},"elementArrayFinder_":{"locator_":{"$ref":"$[\"widgetColorbox\"][\"parentElementArrayFinder\"][\"locator_\"]"}}},"helpButton":{"parentElementArrayFinder":{"locator_":{"using":"css selector","value":".zoe-btn-help"}},"elementArrayFinder_":{"locator_":{"$ref":"$[\"helpButton\"][\"parentElementArrayFinder\"][\"locator_\"]"}}},"helpElement":{"parentElementArrayFinder":{"locator_":{"using":"css selector","value":".zoe-help-overlay"}},"elementArrayFinder_":{"locator_":{"$ref":"$[\"helpElement\"][\"parentElementArrayFinder\"][\"locator_\"]"}}},"zoomButton":{"parentElementArrayFinder":{"locator_":{"using":"css selector","value":".zoe-btn-zoom"}},"elementArrayFinder_":{"locator_":{"$ref":"$[\"zoomButton\"][\"parentElementArrayFinder\"][\"locator_\"]"}}},"zoomElement":{"parentElementArrayFinder":{"locator_":{"using":"css selector","value":".zoe-zoom"}},"elementArrayFinder_":{"locator_":{"$ref":"$[\"zoomElement\"][\"parentElementArrayFinder\"][\"locator_\"]"}}},"zoomImage":{"parentElementArrayFinder":{"locator_":{"using":"css selector","value":".zoe-zoom-frame"}},"elementArrayFinder_":{"locator_":{"$ref":"$[\"zoomImage\"][\"parentElementArrayFinder\"][\"locator_\"]"}}},"closeButton":{"parentElementArrayFinder":{"locator_":{"using":"css selector","value":".zoe-btn-close"}},"elementArrayFinder_":{"locator_":{"$ref":"$[\"closeButton\"][\"parentElementArrayFinder\"][\"locator_\"]"}}},"widgetImageDiv":{"parentElementArrayFinder":{"locator_":{"using":"css selector","value":".zoe-engage-image.reel"}},"elementArrayFinder_":{"locator_":{"$ref":"$[\"widgetImageDiv\"][\"parentElementArrayFinder\"][\"locator_\"]"}}},"inlineDivSelector":{"parentElementArrayFinder":{"locator_":{"using":"css selector","value":".zoe-inline.reel"}},"elementArrayFinder_":{"locator_":{"$ref":"$[\"inlineDivSelector\"][\"parentElementArrayFinder\"][\"locator_\"]"}}},"widgetWrapperSelector":{"parentElementArrayFinder":{"locator_":{"using":"css selector","value":".zoe-engage-wrapper"}},"elementArrayFinder_":{"locator_":{"$ref":"$[\"widgetWrapperSelector\"][\"parentElementArrayFinder\"][\"locator_\"]"}}},"widgetWrapperImage":{"parentElementArrayFinder":{"locator_":{"using":"css selector","value":".zoe-frame"}},"elementArrayFinder_":{"locator_":{"$ref":"$[\"widgetWrapperImage\"][\"parentElementArrayFinder\"][\"locator_\"]"}}},"pageImageSelector":{"parentElementArrayFinder":{"locator_":{"using":"css selector","value":".zoe-engage-wrapper"}},"elementArrayFinder_":{"locator_":{"$ref":"$[\"pageImageSelector\"][\"parentElementArrayFinder\"][\"locator_\"]"}}},"inlineTrigger":{"parentElementArrayFinder":{"locator_":{"using":"css selector","value":"a.zoe-engage-trigger"}},"elementArrayFinder_":{"locator_":{"$ref":"$[\"inlineTrigger\"][\"parentElementArrayFinder\"][\"locator_\"]"}}},"inlineWrapper":{"parentElementArrayFinder":{"locator_":{"using":"css selector","value":".zoe-engage-wrapper.zoe-inline"}},"elementArrayFinder_":{"locator_":{"$ref":"$[\"inlineWrapper\"][\"parentElementArrayFinder\"][\"locator_\"]"}}},"frameSelector":{"parentElementArrayFinder":{"locator_":{"using":"css selector","value":".zoe-frame"}},"elementArrayFinder_":{"locator_":{"$ref":"$[\"frameSelector\"][\"parentElementArrayFinder\"][\"locator_\"]"}}},"interactCTA":{"parentElementArrayFinder":{"locator_":{"using":"css selector","value":".zoe-interact-cta"}},"elementArrayFinder_":{"locator_":{"$ref":"$[\"interactCTA\"][\"parentElementArrayFinder\"][\"locator_\"]"}}},"triggerCTA":{"parentElementArrayFinder":{"locator_":{"using":"css selector","value":".zoe-trigger-cta"}},"elementArrayFinder_":{"locator_":{"$ref":"$[\"triggerCTA\"][\"parentElementArrayFinder\"][\"locator_\"]"}}},"helpRotate":{"parentElementArrayFinder":{"locator_":{"using":"css selector","value":".zoe-help-rotate .zoe-help-text"}},"elementArrayFinder_":{"locator_":{"$ref":"$[\"helpRotate\"][\"parentElementArrayFinder\"][\"locator_\"]"}}},"helpElevate":{"parentElementArrayFinder":{"locator_":{"using":"css selector","value":".zoe-help-elevate .zoe-help-text"}},"elementArrayFinder_":{"locator_":{"$ref":"$[\"helpElevate\"][\"parentElementArrayFinder\"][\"locator_\"]"}}},"helpZoom":{"parentElementArrayFinder":{"locator_":{"using":"css selector","value":".zoe-help-zoom .zoe-help-text"}},"elementArrayFinder_":{"locator_":{"$ref":"$[\"helpZoom\"][\"parentElementArrayFinder\"][\"locator_\"]"}}},"helpBrand":{"parentElementArrayFinder":{"locator_":{"using":"css selector","value":".zoe-help-brand .zoe-help-text"}},"elementArrayFinder_":{"locator_":{"$ref":"$[\"helpBrand\"][\"parentElementArrayFinder\"][\"locator_\"]"}}},"extraContent":{"parentElementArrayFinder":{"locator_":{"using":"css selector","value":".zoe-display-extra-content"}},"elementArrayFinder_":{"locator_":{"$ref":"$[\"extraContent\"][\"parentElementArrayFinder\"][\"locator_\"]"}}},"level":"debug","message":"elementFinder is ","timestamp":"2014-10-08T14:46:31.422Z"}
{"level":"info","message":"Initialising jasmine tests","timestamp":"2014-10-08T14:46:31.420Z"}
{"inline":{},"popover":{},"indiscriminate":{},"progressWrapper":{"parentElementArrayFinder":{"locator_":{"using":"css selector","value":".zoe-progress-wrapper"}},"elementArrayFinder_":{"locator_":{"$ref":"$[\"progressWrapper\"][\"parentElementArrayFinder\"][\"locator_\"]"}}},"widgetOverlay":{"parentElementArrayFinder":{"locator_":{"using":"css selector","value":"#zoe-zbox-overlay"}},"elementArrayFinder_":{"locator_":{"$ref":"$[\"widgetOverlay\"][\"parentElementArrayFinder\"][\"locator_\"]"}}},"widgetTrigger":{"parentElementArrayFinder":{"locator_":{"using":"css selector","value":".zoe-engage-trigger>img"}},"elementArrayFinder_":{"locator_":{"$ref":"$[\"widgetTrigger\"][\"parentElementArrayFinder\"][\"locator_\"]"}}},"widgetColorbox":{"parentElementArrayFinder":{"locator_":{"using":"css selector","value":"#zoe-zbox-content"}},"elementArrayFinder_":{"locator_":{"$ref":"$[\"widgetColorbox\"][\"parentElementArrayFinder\"][\"locator_\"]"}}},"helpButton":{"parentElementArrayFinder":{"locator_":{"using":"css selector","value":".zoe-btn-help"}},"elementArrayFinder_":{"locator_":{"$ref":"$[\"helpButton\"][\"parentElementArrayFinder\"][\"locator_\"]"}}},"helpElement":{"parentElementArrayFinder":{"locator_":{"using":"css selector","value":".zoe-help-overlay"}},"elementArrayFinder_":{"locator_":{"$ref":"$[\"helpElement\"][\"parentElementArrayFinder\"][\"locator_\"]"}}},"zoomButton":{"parentElementArrayFinder":{"locator_":{"using":"css selector","value":".zoe-btn-zoom"}},"elementArrayFinder_":{"locator_":{"$ref":"$[\"zoomButton\"][\"parentElementArrayFinder\"][\"locator_\"]"}}},"zoomElement":{"parentElementArrayFinder":{"locator_":{"using":"css selector","value":".zoe-zoom"}},"elementArrayFinder_":{"locator_":{"$ref":"$[\"zoomElement\"][\"parentElementArrayFinder\"][\"locator_\"]"}}},"zoomImage":{"parentElementArrayFinder":{"locator_":{"using":"css selector","value":".zoe-zoom-frame"}},"elementArrayFinder_":{"locator_":{"$ref":"$[\"zoomImage\"][\"parentElementArrayFinder\"][\"locator_\"]"}}},"closeButton":{"parentElementArrayFinder":{"locator_":{"using":"css selector","value":".zoe-btn-close"}},"elementArrayFinder_":{"locator_":{"$ref":"$[\"closeButton\"][\"parentElementArrayFinder\"][\"locator_\"]"}}},"widgetImageDiv":{"parentElementArrayFinder":{"locator_":{"using":"css selector","value":".zoe-engage-image.reel"}},"elementArrayFinder_":{"locator_":{"$ref":"$[\"widgetImageDiv\"][\"parentElementArrayFinder\"][\"locator_\"]"}}},"inlineDivSelector":{"parentElementArrayFinder":{"locator_":{"using":"css selector","value":".zoe-inline.reel"}},"elementArrayFinder_":{"locator_":{"$ref":"$[\"inlineDivSelector\"][\"parentElementArrayFinder\"][\"locator_\"]"}}},"widgetWrapperSelector":{"parentElementArrayFinder":{"locator_":{"using":"css selector","value":".zoe-engage-wrapper"}},"elementArrayFinder_":{"locator_":{"$ref":"$[\"widgetWrapperSelector\"][\"parentElementArrayFinder\"][\"locator_\"]"}}},"widgetWrapperImage":{"parentElementArrayFinder":{"locator_":{"using":"css selector","value":".zoe-frame"}},"elementArrayFinder_":{"locator_":{"$ref":"$[\"widgetWrapperImage\"][\"parentElementArrayFinder\"][\"locator_\"]"}}},"pageImageSelector":{"parentElementArrayFinder":{"locator_":{"using":"css selector","value":".zoe-engage-wrapper"}},"elementArrayFinder_":{"locator_":{"$ref":"$[\"pageImageSelector\"][\"parentElementArrayFinder\"][\"locator_\"]"}}},"inlineTrigger":{"parentElementArrayFinder":{"locator_":{"using":"css selector","value":"a.zoe-engage-trigger"}},"elementArrayFinder_":{"locator_":{"$ref":"$[\"inlineTrigger\"][\"parentElementArrayFinder\"][\"locator_\"]"}}},"inlineWrapper":{"parentElementArrayFinder":{"locator_":{"using":"css selector","value":".zoe-engage-wrapper.zoe-inline"}},"elementArrayFinder_":{"locator_":{"$ref":"$[\"inlineWrapper\"][\"parentElementArrayFinder\"][\"locator_\"]"}}},"frameSelector":{"parentElementArrayFinder":{"locator_":{"using":"css selector","value":".zoe-frame"}},"elementArrayFinder_":{"locator_":{"$ref":"$[\"frameSelector\"][\"parentElementArrayFinder\"][\"locator_\"]"}}},"interactCTA":{"parentElementArrayFinder":{"locator_":{"using":"css selector","value":".zoe-interact-cta"}},"elementArrayFinder_":{"locator_":{"$ref":"$[\"interactCTA\"][\"parentElementArrayFinder\"][\"locator_\"]"}}},"triggerCTA":{"parentElementArrayFinder":{"locator_":{"using":"css selector","value":".zoe-trigger-cta"}},"elementArrayFinder_":{"locator_":{"$ref":"$[\"triggerCTA\"][\"parentElementArrayFinder\"][\"locator_\"]"}}},"helpRotate":{"parentElementArrayFinder":{"locator_":{"using":"css selector","value":".zoe-help-rotate .zoe-help-text"}},"elementArrayFinder_":{"locator_":{"$ref":"$[\"helpRotate\"][\"parentElementArrayFinder\"][\"locator_\"]"}}},"helpElevate":{"parentElementArrayFinder":{"locator_":{"using":"css selector","value":".zoe-help-elevate .zoe-help-text"}},"elementArrayFinder_":{"locator_":{"$ref":"$[\"helpElevate\"][\"parentElementArrayFinder\"][\"locator_\"]"}}},"helpZoom":{"parentElementArrayFinder":{"locator_":{"using":"css selector","value":".zoe-help-zoom .zoe-help-text"}},"elementArrayFinder_":{"locator_":{"$ref":"$[\"helpZoom\"][\"parentElementArrayFinder\"][\"locator_\"]"}}},"helpBrand":{"parentElementArrayFinder":{"locator_":{"using":"css selector","value":".zoe-help-brand .zoe-help-text"}},"elementArrayFinder_":{"locator_":{"$ref":"$[\"helpBrand\"][\"parentElementArrayFinder\"][\"locator_\"]"}}},"extraContent":{"parentElementArrayFinder":{"locator_":{"using":"css selector","value":".zoe-display-extra-content"}},"elementArrayFinder_":{"locator_":{"$ref":"$[\"extraContent\"][\"parentElementArrayFinder\"][\"locator_\"]"}}},"level":"debug","message":"elementFinder is ","timestamp":"2014-10-08T14:46:31.423Z"}
{"level":"info","message":"Initialising jasmine tests","timestamp":"2014-10-08T14:46:31.458Z"}
{"inline":{},"popover":{},"indiscriminate":{},"progressWrapper":{"parentElementArrayFinder":{"locator_":{"using":"css selector","value":".zoe-progress-wrapper"}},"elementArrayFinder_":{"locator_":{"$ref":"$[\"progressWrapper\"][\"parentElementArrayFinder\"][\"locator_\"]"}}},"widgetOverlay":{"parentElementArrayFinder":{"locator_":{"using":"css selector","value":"#zoe-zbox-overlay"}},"elementArrayFinder_":{"locator_":{"$ref":"$[\"widgetOverlay\"][\"parentElementArrayFinder\"][\"locator_\"]"}}},"widgetTrigger":{"parentElementArrayFinder":{"locator_":{"using":"css selector","value":".zoe-engage-trigger>img"}},"elementArrayFinder_":{"locator_":{"$ref":"$[\"widgetTrigger\"][\"parentElementArrayFinder\"][\"locator_\"]"}}},"widgetColorbox":{"parentElementArrayFinder":{"locator_":{"using":"css selector","value":"#zoe-zbox-content"}},"elementArrayFinder_":{"locator_":{"$ref":"$[\"widgetColorbox\"][\"parentElementArrayFinder\"][\"locator_\"]"}}},"helpButton":{"parentElementArrayFinder":{"locator_":{"using":"css selector","value":".zoe-btn-help"}},"elementArrayFinder_":{"locator_":{"$ref":"$[\"helpButton\"][\"parentElementArrayFinder\"][\"locator_\"]"}}},"helpElement":{"parentElementArrayFinder":{"locator_":{"using":"css selector","value":".zoe-help-overlay"}},"elementArrayFinder_":{"locator_":{"$ref":"$[\"helpElement\"][\"parentElementArrayFinder\"][\"locator_\"]"}}},"zoomButton":{"parentElementArrayFinder":{"locator_":{"using":"css selector","value":".zoe-btn-zoom"}},"elementArrayFinder_":{"locator_":{"$ref":"$[\"zoomButton\"][\"parentElementArrayFinder\"][\"locator_\"]"}}},"zoomElement":{"parentElementArrayFinder":{"locator_":{"using":"css selector","value":".zoe-zoom"}},"elementArrayFinder_":{"locator_":{"$ref":"$[\"zoomElement\"][\"parentElementArrayFinder\"][\"locator_\"]"}}},"zoomImage":{"parentElementArrayFinder":{"locator_":{"using":"css selector","value":".zoe-zoom-frame"}},"elementArrayFinder_":{"locator_":{"$ref":"$[\"zoomImage\"][\"parentElementArrayFinder\"][\"locator_\"]"}}},"closeButton":{"parentElementArrayFinder":{"locator_":{"using":"css selector","value":".zoe-btn-close"}},"elementArrayFinder_":{"locator_":{"$ref":"$[\"closeButton\"][\"parentElementArrayFinder\"][\"locator_\"]"}}},"widgetImageDiv":{"parentElementArrayFinder":{"locator_":{"using":"css selector","value":".zoe-engage-image.reel"}},"elementArrayFinder_":{"locator_":{"$ref":"$[\"widgetImageDiv\"][\"parentElementArrayFinder\"][\"locator_\"]"}}},"inlineDivSelector":{"parentElementArrayFinder":{"locator_":{"using":"css selector","value":".zoe-inline.reel"}},"elementArrayFinder_":{"locator_":{"$ref":"$[\"inlineDivSelector\"][\"parentElementArrayFinder\"][\"locator_\"]"}}},"widgetWrapperSelector":{"parentElementArrayFinder":{"locator_":{"using":"css selector","value":".zoe-engage-wrapper"}},"elementArrayFinder_":{"locator_":{"$ref":"$[\"widgetWrapperSelector\"][\"parentElementArrayFinder\"][\"locator_\"]"}}},"widgetWrapperImage":{"parentElementArrayFinder":{"locator_":{"using":"css selector","value":".zoe-frame"}},"elementArrayFinder_":{"locator_":{"$ref":"$[\"widgetWrapperImage\"][\"parentElementArrayFinder\"][\"locator_\"]"}}},"pageImageSelector":{"parentElementArrayFinder":{"locator_":{"using":"css selector","value":".zoe-engage-wrapper"}},"elementArrayFinder_":{"locator_":{"$ref":"$[\"pageImageSelector\"][\"parentElementArrayFinder\"][\"locator_\"]"}}},"inlineTrigger":{"parentElementArrayFinder":{"locator_":{"using":"css selector","value":"a.zoe-engage-trigger"}},"elementArrayFinder_":{"locator_":{"$ref":"$[\"inlineTrigger\"][\"parentElementArrayFinder\"][\"locator_\"]"}}},"inlineWrapper":{"parentElementArrayFinder":{"locator_":{"using":"css selector","value":".zoe-engage-wrapper.zoe-inline"}},"elementArrayFinder_":{"locator_":{"$ref":"$[\"inlineWrapper\"][\"parentElementArrayFinder\"][\"locator_\"]"}}},"frameSelector":{"parentElementArrayFinder":{"locator_":{"using":"css selector","value":".zoe-frame"}},"elementArrayFinder_":{"locator_":{"$ref":"$[\"frameSelector\"][\"parentElementArrayFinder\"][\"locator_\"]"}}},"interactCTA":{"parentElementArrayFinder":{"locator_":{"using":"css selector","value":".zoe-interact-cta"}},"elementArrayFinder_":{"locator_":{"$ref":"$[\"interactCTA\"][\"parentElementArrayFinder\"][\"locator_\"]"}}},"triggerCTA":{"parentElementArrayFinder":{"locator_":{"using":"css selector","value":".zoe-trigger-cta"}},"elementArrayFinder_":{"locator_":{"$ref":"$[\"triggerCTA\"][\"parentElementArrayFinder\"][\"locator_\"]"}}},"helpRotate":{"parentElementArrayFinder":{"locator_":{"using":"css selector","value":".zoe-help-rotate .zoe-help-text"}},"elementArrayFinder_":{"locator_":{"$ref":"$[\"helpRotate\"][\"parentElementArrayFinder\"][\"locator_\"]"}}},"helpElevate":{"parentElementArrayFinder":{"locator_":{"using":"css selector","value":".zoe-help-elevate .zoe-help-text"}},"elementArrayFinder_":{"locator_":{"$ref":"$[\"helpElevate\"][\"parentElementArrayFinder\"][\"locator_\"]"}}},"helpZoom":{"parentElementArrayFinder":{"locator_":{"using":"css selector","value":".zoe-help-zoom .zoe-help-text"}},"elementArrayFinder_":{"locator_":{"$ref":"$[\"helpZoom\"][\"parentElementArrayFinder\"][\"locator_\"]"}}},"helpBrand":{"parentElementArrayFinder":{"locator_":{"using":"css selector","value":".zoe-help-brand .zoe-help-text"}},"elementArrayFinder_":{"locator_":{"$ref":"$[\"helpBrand\"][\"parentElementArrayFinder\"][\"locator_\"]"}}},"extraContent":{"parentElementArrayFinder":{"locator_":{"using":"css selector","value":".zoe-display-extra-content"}},"elementArrayFinder_":{"locator_":{"$ref":"$[\"extraContent\"][\"parentElementArrayFinder\"][\"locator_\"]"}}},"level":"debug","message":"elementFinder is ","timestamp":"2014-10-08T14:46:31.461Z"}
{"rotatable":false,"browserConnectionEnabled":false,"acceptSslCerts":true,"cssSelectorsEnabled":true,"chrome":{"chromedriverVersion":"2.4.226107"},"javascriptEnabled":true,"version":"30.0.1599.65","webdriver.remote.sessionid":"b988306934ea4111a282f7c13f68551d","databaseEnabled":true,"locationContextEnabled":true,"platform":"Windows NT","browserName":"chrome","takesScreenshot":true,"hasMetadata":true,"nativeEvents":true,"applicationCacheEnabled":false,"webStorageEnabled":true,"handlesAlerts":true,"level":"info","message":"","timestamp":"2014-10-08T14:46:40.664Z"}
{"level":"info","message":"undefined","timestamp":"2014-10-08T14:46:40.665Z"}
{"level":"info","message":"BROWSER IS: chrome","timestamp":"2014-10-08T14:46:40.665Z"}
{"level":"info","message":"Initialising file paths with browser & version","timestamp":"2014-10-08T14:46:40.666Z"}
{"level":"info","message":"Initialising file paths with browser & version","timestamp":"2014-10-08T14:46:40.666Z"}
{"level":"info","message":"Initialising file paths with browser & version","timestamp":"2014-10-08T14:46:40.666Z"}
{"level":"info","message":"Initialising file paths with browser & version","timestamp":"2014-10-08T14:46:40.666Z"}
{"level":"info","message":"Initialising file paths with browser & version","timestamp":"2014-10-08T14:46:40.666Z"}
{"level":"info","message":"Initialising file paths with browser & version","timestamp":"2014-10-08T14:46:40.666Z"}
{"level":"info","message":"Initialising file paths with browser & version","timestamp":"2014-10-08T14:46:40.666Z"}
{"level":"info","message":"Initialising file paths with browser & version","timestamp":"2014-10-08T14:46:40.666Z"}
{"level":"info","message":"Initialising file paths with browser & version","timestamp":"2014-10-08T14:46:40.666Z"}
{"level":"info","message":"Initialising file paths with browser & version","timestamp":"2014-10-08T14:46:40.666Z"}
{"level":"info","message":"Initialising file paths with browser & version","timestamp":"2014-10-08T14:46:40.666Z"}
{"level":"info","message":"Initialising file paths with browser & version","timestamp":"2014-10-08T14:46:40.666Z"}
{"level":"info","message":"Initialising file paths with browser & version","timestamp":"2014-10-08T14:46:40.666Z"}
{"level":"info","message":"Initialising file paths with browser & version","timestamp":"2014-10-08T14:46:40.666Z"}
{"level":"info","message":"Initialising file paths with browser & version","timestamp":"2014-10-08T14:46:40.666Z"}
{"level":"info","message":"Initialising file paths with browser & version","timestamp":"2014-10-08T14:46:40.666Z"}
{"level":"info","message":"Initialising file paths with browser & version","timestamp":"2014-10-08T14:46:40.666Z"}
{"level":"info","message":"Initialising file paths with browser & version","timestamp":"2014-10-08T14:46:40.667Z"}
{"level":"info","message":"Initialising file paths with browser & version","timestamp":"2014-10-08T14:46:40.667Z"}
{"level":"info","message":"Initialising file paths with browser & version","timestamp":"2014-10-08T14:46:40.667Z"}
{"level":"info","message":"Initialising file paths with browser & version","timestamp":"2014-10-08T14:46:40.667Z"}
{"takesScreenshot":true,"webdriver.remote.sessionid":"5460da480c3c4a03950118dc14e249e6","unexpectedAlertBehaviour":"dismiss","ie.browserCommandLineSwitches":"","browserAttachTimeout":0,"ie.ensureCleanSession":false,"ignoreProtectedModeSettings":false,"platform":"WINDOWS","version":"11","ignoreZoomSetting":false,"nativeEvents":true,"handlesAlerts":true,"javascriptEnabled":true,"requireWindowFocus":false,"ie.usePerProcessProxy":false,"hasMetadata":true,"initialBrowserUrl":"http://localhost:22589/","enableElementCacheCleanup":true,"cssSelectorsEnabled":true,"browserName":"internet explorer","elementScrollBehavior":0,"enablePersistentHover":true,"ie.forceCreateProcessApi":false,"level":"info","message":"","timestamp":"2014-10-08T14:46:41.343Z"}
{"level":"info","message":"undefined","timestamp":"2014-10-08T14:46:41.344Z"}
{"level":"info","message":"BROWSER IS: internet explorer","timestamp":"2014-10-08T14:46:41.344Z"}
{"level":"info","message":"Initialising file paths with browser & version","timestamp":"2014-10-08T14:46:41.344Z"}
{"level":"info","message":"Initialising file paths with browser & version","timestamp":"2014-10-08T14:46:41.344Z"}
{"level":"info","message":"Initialising file paths with browser & version","timestamp":"2014-10-08T14:46:41.344Z"}
{"level":"info","message":"Initialising file paths with browser & version","timestamp":"2014-10-08T14:46:41.344Z"}
{"level":"info","message":"Initialising file paths with browser & version","timestamp":"2014-10-08T14:46:41.344Z"}
{"level":"info","message":"Initialising file paths with browser & version","timestamp":"2014-10-08T14:46:41.345Z"}
{"level":"info","message":"Initialising file paths with browser & version","timestamp":"2014-10-08T14:46:41.345Z"}
{"level":"info","message":"Initialising file paths with browser & version","timestamp":"2014-10-08T14:46:41.345Z"}
{"level":"info","message":"Initialising file paths with browser & version","timestamp":"2014-10-08T14:46:41.345Z"}
{"level":"info","message":"Initialising file paths with browser & version","timestamp":"2014-10-08T14:46:41.345Z"}
{"level":"info","message":"Initialising file paths with browser & version","timestamp":"2014-10-08T14:46:41.345Z"}
{"level":"info","message":"Initialising file paths with browser & version","timestamp":"2014-10-08T14:46:41.345Z"}
{"level":"info","message":"Initialising file paths with browser & version","timestamp":"2014-10-08T14:46:41.345Z"}
{"level":"info","message":"Initialising file paths with browser & version","timestamp":"2014-10-08T14:46:41.345Z"}
{"level":"info","message":"Initialising file paths with browser & version","timestamp":"2014-10-08T14:46:41.345Z"}
{"level":"info","message":"Initialising file paths with browser & version","timestamp":"2014-10-08T14:46:41.345Z"}
{"level":"info","message":"Initialising file paths with browser & version","timestamp":"2014-10-08T14:46:41.345Z"}
{"level":"info","message":"Initialising file paths with browser & version","timestamp":"2014-10-08T14:46:41.345Z"}
{"level":"info","message":"Initialising file paths with browser & version","timestamp":"2014-10-08T14:46:41.345Z"}
{"level":"info","message":"Initialising file paths with browser & version","timestamp":"2014-10-08T14:46:41.345Z"}
{"level":"info","message":"Initialising file paths with browser & version","timestamp":"2014-10-08T14:46:41.345Z"}
{"level":"info","message":"Opening URL: http://jenkins.zoetrope.io:8888/v3/testInline.html","timestamp":"2014-10-08T14:46:42.073Z"}
{"level":"info","message":"Initialising file paths with browser & version","timestamp":"2014-10-08T14:46:42.073Z"}
{"level":"info","message":"Initialising file paths with browser & version","timestamp":"2014-10-08T14:46:42.073Z"}
{"level":"info","message":"Initialising file paths with browser & version","timestamp":"2014-10-08T14:46:42.073Z"}
{"level":"info","message":"Initialising file paths with browser & version","timestamp":"2014-10-08T14:46:42.073Z"}
{"level":"info","message":"Initialising file paths with browser & version","timestamp":"2014-10-08T14:46:42.073Z"}
{"level":"info","message":"Initialising file paths with browser & version","timestamp":"2014-10-08T14:46:42.073Z"}
{"level":"info","message":"Opening URL: http://jenkins.zoetrope.io:8888/v3/testInline.html","timestamp":"2014-10-08T14:46:42.759Z"}
{"level":"info","message":"Initialising file paths with browser & version","timestamp":"2014-10-08T14:46:42.759Z"}
{"level":"info","message":"Initialising file paths with browser & version","timestamp":"2014-10-08T14:46:42.759Z"}
{"level":"info","message":"Initialising file paths with browser & version","timestamp":"2014-10-08T14:46:42.759Z"}
{"level":"info","message":"Initialising file paths with browser & version","timestamp":"2014-10-08T14:46:42.759Z"}
{"level":"info","message":"Initialising file paths with browser & version","timestamp":"2014-10-08T14:46:42.759Z"}
{"level":"info","message":"Initialising file paths with browser & version","timestamp":"2014-10-08T14:46:42.759Z"}
{"level":"info","message":"Saving screenshot to images/load.jpginlinechrome30.0.1599.65.png","timestamp":"2014-10-08T14:46:49.852Z"}
{"level":"info","message":"Saving screenshot to images/load.jpginlineinternet explorer11.png","timestamp":"2014-10-08T14:46:50.787Z"}
{"level":"info","message":"Saved screenshot","timestamp":"2014-10-08T14:46:51.658Z"}
{"level":"info","message":"Clicking the help button","timestamp":"2014-10-08T14:46:51.695Z"}
{"parentElementArrayFinder":{"locator_":{"using":"css selector","value":".zoe-btn-help"}},"elementArrayFinder_":{"locator_":{"$ref":"$[\"parentElementArrayFinder\"][\"locator_\"]"}},"level":"info","message":"help button is","timestamp":"2014-10-08T14:46:51.699Z"}
{"level":"info","message":"Got help style of ","timestamp":"2014-10-08T14:46:53.592Z"}
{"level":"info","message":"Saving screenshot to images/help.jpginlinechrome30.0.1599.65.png","timestamp":"2014-10-08T14:46:53.634Z"}
{"level":"info","message":"Saved screenshot","timestamp":"2014-10-08T14:46:56.573Z"}
{"level":"info","message":"Clicking the help button","timestamp":"2014-10-08T14:46:56.608Z"}
{"parentElementArrayFinder":{"locator_":{"using":"css selector","value":".zoe-btn-help"}},"elementArrayFinder_":{"locator_":{"$ref":"$[\"parentElementArrayFinder\"][\"locator_\"]"}},"level":"info","message":"help button is","timestamp":"2014-10-08T14:46:56.611Z"}
{"level":"info","message":"Saved screenshot","timestamp":"2014-10-08T14:46:56.942Z"}
{"level":"info","message":"Clicking the help button","timestamp":"2014-10-08T14:46:56.992Z"}
{"parentElementArrayFinder":{"locator_":{"using":"css selector","value":".zoe-btn-help"}},"elementArrayFinder_":{"locator_":{"$ref":"$[\"parentElementArrayFinder\"][\"locator_\"]"}},"level":"info","message":"help button is","timestamp":"2014-10-08T14:46:56.996Z"}
{"level":"info","message":"Got help style of display: none;","timestamp":"2014-10-08T14:46:58.882Z"}
{"level":"info","message":"Saving screenshot to images/helpClose.jpginlinechrome30.0.1599.65.png","timestamp":"2014-10-08T14:46:58.924Z"}
{"level":"info","message":"Got help style of ","timestamp":"2014-10-08T14:46:59.363Z"}
{"level":"info","message":"Saving screenshot to images/help.jpginlineinternet explorer11.png","timestamp":"2014-10-08T14:46:59.406Z"}
{"level":"info","message":"Saved screenshot","timestamp":"2014-10-08T14:47:00.531Z"}
{"level":"info","message":"Clicking the zoom button","timestamp":"2014-10-08T14:47:00.575Z"}
{"level":"info","message":"Saving screenshot to images/zoom.jpginlinechrome30.0.1599.65.png","timestamp":"2014-10-08T14:47:00.578Z"}
{"level":"info","message":"Saved screenshot","timestamp":"2014-10-08T14:47:04.328Z"}
{"level":"info","message":"Clicking the help button","timestamp":"2014-10-08T14:47:04.373Z"}
{"parentElementArrayFinder":{"locator_":{"using":"css selector","value":".zoe-btn-help"}},"elementArrayFinder_":{"locator_":{"$ref":"$[\"parentElementArrayFinder\"][\"locator_\"]"}},"level":"info","message":"help button is","timestamp":"2014-10-08T14:47:04.376Z"}
{"level":"info","message":"Saved screenshot","timestamp":"2014-10-08T14:47:06.016Z"}
{"level":"info","message":"Clicking the zoom button","timestamp":"2014-10-08T14:47:06.026Z"}
{"level":"info","message":"Saving screenshot to images/zoomClose.jpginlinechrome30.0.1599.65.png","timestamp":"2014-10-08T14:47:06.031Z"}
{"level":"info","message":"Got help style of display: none;","timestamp":"2014-10-08T14:47:07.399Z"}
{"level":"info","message":"Saving screenshot to images/helpClose.jpginlineinternet explorer11.png","timestamp":"2014-10-08T14:47:07.441Z"}
{"level":"info","message":"Saved screenshot","timestamp":"2014-10-08T14:47:09.172Z"}
{"level":"info","message":"Opening URL: http://jenkins.zoetrope.io:8888/v3/testPopover.html","timestamp":"2014-10-08T14:47:09.186Z"}
{"level":"info","message":"Initialising file paths with browser & version","timestamp":"2014-10-08T14:47:09.187Z"}
{"level":"info","message":"Initialising file paths with browser & version","timestamp":"2014-10-08T14:47:09.187Z"}
{"level":"info","message":"Initialising file paths with browser & version","timestamp":"2014-10-08T14:47:09.187Z"}
{"level":"info","message":"Initialising file paths with browser & version","timestamp":"2014-10-08T14:47:09.187Z"}
{"level":"info","message":"Initialising file paths with browser & version","timestamp":"2014-10-08T14:47:09.187Z"}
{"level":"info","message":"Initialising file paths with browser & version","timestamp":"2014-10-08T14:47:09.187Z"}
{"level":"info","message":"Saving screenshot to images/load.jpgpopoverchrome30.0.1599.65.png","timestamp":"2014-10-08T14:47:10.239Z"}
{"level":"info","message":"Saved screenshot","timestamp":"2014-10-08T14:47:12.580Z"}
{"level":"info","message":"Clicking on widget trigger","timestamp":"2014-10-08T14:47:12.620Z"}
{"level":"info","message":"Saved screenshot","timestamp":"2014-10-08T14:47:12.629Z"}
{"level":"info","message":"Clicking the zoom button","timestamp":"2014-10-08T14:47:12.670Z"}
{"level":"info","message":"Saving screenshot to images/zoom.jpginlineinternet explorer11.png","timestamp":"2014-10-08T14:47:12.675Z"}
{"level":"info","message":"Saving screenshot to images/openWidget.jpgpopoverchrome30.0.1599.65.png","timestamp":"2014-10-08T14:47:13.810Z"}
{"level":"info","message":"Saved screenshot","timestamp":"2014-10-08T14:47:16.276Z"}
{"level":"info","message":"Clicking the help button","timestamp":"2014-10-08T14:47:16.306Z"}
{"parentElementArrayFinder":{"locator_":{"using":"css selector","value":".zoe-btn-help"}},"elementArrayFinder_":{"locator_":{"$ref":"$[\"parentElementArrayFinder\"][\"locator_\"]"}},"level":"info","message":"help button is","timestamp":"2014-10-08T14:47:16.309Z"}
{"level":"info","message":"Got help style of ","timestamp":"2014-10-08T14:47:18.303Z"}
{"level":"info","message":"Saving screenshot to images/help.jpgpopoverchrome30.0.1599.65.png","timestamp":"2014-10-08T14:47:18.348Z"}
{"level":"info","message":"Saved screenshot","timestamp":"2014-10-08T14:47:20.494Z"}
{"level":"info","message":"Clicking the help button","timestamp":"2014-10-08T14:47:20.550Z"}
{"parentElementArrayFinder":{"locator_":{"using":"css selector","value":".zoe-btn-help"}},"elementArrayFinder_":{"locator_":{"$ref":"$[\"parentElementArrayFinder\"][\"locator_\"]"}},"level":"info","message":"help button is","timestamp":"2014-10-08T14:47:20.553Z"}
{"level":"info","message":"Saved screenshot","timestamp":"2014-10-08T14:47:21.059Z"}
{"level":"info","message":"Clicking the zoom button","timestamp":"2014-10-08T14:47:21.071Z"}
{"level":"info","message":"Saving screenshot to images/zoomClose.jpginlineinternet explorer11.png","timestamp":"2014-10-08T14:47:21.077Z"}
{"level":"info","message":"Got help style of display: none;","timestamp":"2014-10-08T14:47:22.528Z"}
{"level":"info","message":"Saving screenshot to images/helpClose.jpgpopoverchrome30.0.1599.65.png","timestamp":"2014-10-08T14:47:22.570Z"}
{"level":"info","message":"Saved screenshot","timestamp":"2014-10-08T14:47:24.995Z"}
{"level":"info","message":"Clicking the zoom button","timestamp":"2014-10-08T14:47:25.038Z"}
{"level":"info","message":"Saving screenshot to images/zoom.jpgpopoverchrome30.0.1599.65.png","timestamp":"2014-10-08T14:47:25.043Z"}
{"level":"info","message":"Saved screenshot","timestamp":"2014-10-08T14:47:28.089Z"}
{"level":"info","message":"Opening URL: http://jenkins.zoetrope.io:8888/v3/testPopover.html","timestamp":"2014-10-08T14:47:28.099Z"}
{"level":"info","message":"Initialising file paths with browser & version","timestamp":"2014-10-08T14:47:28.100Z"}
{"level":"info","message":"Initialising file paths with browser & version","timestamp":"2014-10-08T14:47:28.100Z"}
{"level":"info","message":"Initialising file paths with browser & version","timestamp":"2014-10-08T14:47:28.100Z"}
{"level":"info","message":"Initialising file paths with browser & version","timestamp":"2014-10-08T14:47:28.100Z"}
{"level":"info","message":"Initialising file paths with browser & version","timestamp":"2014-10-08T14:47:28.100Z"}
{"level":"info","message":"Initialising file paths with browser & version","timestamp":"2014-10-08T14:47:28.100Z"}
{"level":"info","message":"Saving screenshot to images/load.jpgpopoverinternet explorer11.png","timestamp":"2014-10-08T14:47:29.677Z"}
{"level":"info","message":"Saved screenshot","timestamp":"2014-10-08T14:47:29.961Z"}
{"level":"info","message":"Clicking the zoom button","timestamp":"2014-10-08T14:47:29.972Z"}
{"level":"info","message":"Saving screenshot to images/zoomClose.jpgpopoverchrome30.0.1599.65.png","timestamp":"2014-10-08T14:47:29.975Z"}
{"level":"info","message":"Saved screenshot","timestamp":"2014-10-08T14:47:32.451Z"}
{"level":"info","message":"Clicking on widget trigger","timestamp":"2014-10-08T14:47:32.485Z"}
{"level":"info","message":"Saved screenshot","timestamp":"2014-10-08T14:47:33.866Z"}
{"level":"info","message":"Saving screenshot to images/openWidget.jpgpopoverinternet explorer11.png","timestamp":"2014-10-08T14:47:35.474Z"}
{"level":"info","message":"Saved screenshot","timestamp":"2014-10-08T14:47:38.223Z"}
{"level":"info","message":"Clicking the help button","timestamp":"2014-10-08T14:47:38.268Z"}
{"parentElementArrayFinder":{"locator_":{"using":"css selector","value":".zoe-btn-help"}},"elementArrayFinder_":{"locator_":{"$ref":"$[\"parentElementArrayFinder\"][\"locator_\"]"}},"level":"info","message":"help button is","timestamp":"2014-10-08T14:47:38.272Z"}
{"level":"info","message":"Got help style of ","timestamp":"2014-10-08T14:47:41.265Z"}
{"level":"info","message":"Saving screenshot to images/help.jpgpopoverinternet explorer11.png","timestamp":"2014-10-08T14:47:41.308Z"}
{"level":"info","message":"Saved screenshot","timestamp":"2014-10-08T14:47:44.844Z"}
{"level":"info","message":"Clicking the help button","timestamp":"2014-10-08T14:47:44.885Z"}
{"parentElementArrayFinder":{"locator_":{"using":"css selector","value":".zoe-btn-help"}},"elementArrayFinder_":{"locator_":{"$ref":"$[\"parentElementArrayFinder\"][\"locator_\"]"}},"level":"info","message":"help button is","timestamp":"2014-10-08T14:47:44.888Z"}
{"level":"info","message":"Got help style of display: none;","timestamp":"2014-10-08T14:47:48.334Z"}
{"level":"info","message":"Saving screenshot to images/helpClose.jpgpopoverinternet explorer11.png","timestamp":"2014-10-08T14:47:48.376Z"}
{"rotatable":false,"browserConnectionEnabled":true,"acceptSslCerts":true,"cssSelectorsEnabled":true,"javascriptEnabled":true,"nativeEvents":true,"databaseEnabled":true,"locationContextEnabled":true,"takesScreenshot":true,"platform":"XP","browserName":"firefox","webdriver.remote.sessionid":"860fa722f82a4e42918ca2d59c781ea7","hasMetadata":true,"version":"27.0","applicationCacheEnabled":true,"webStorageEnabled":true,"handlesAlerts":true,"level":"info","message":"","timestamp":"2014-10-08T14:47:50.149Z"}
{"level":"info","message":"undefined","timestamp":"2014-10-08T14:47:50.149Z"}
{"level":"info","message":"BROWSER IS: firefox","timestamp":"2014-10-08T14:47:50.150Z"}
{"level":"info","message":"Initialising file paths with browser & version","timestamp":"2014-10-08T14:47:50.150Z"}
{"level":"info","message":"Initialising file paths with browser & version","timestamp":"2014-10-08T14:47:50.150Z"}
{"level":"info","message":"Initialising file paths with browser & version","timestamp":"2014-10-08T14:47:50.150Z"}
{"level":"info","message":"Initialising file paths with browser & version","timestamp":"2014-10-08T14:47:50.150Z"}
{"level":"info","message":"Initialising file paths with browser & version","timestamp":"2014-10-08T14:47:50.150Z"}
{"level":"info","message":"Initialising file paths with browser & version","timestamp":"2014-10-08T14:47:50.150Z"}
{"level":"info","message":"Initialising file paths with browser & version","timestamp":"2014-10-08T14:47:50.150Z"}
{"level":"info","message":"Initialising file paths with browser & version","timestamp":"2014-10-08T14:47:50.150Z"}
{"level":"info","message":"Initialising file paths with browser & version","timestamp":"2014-10-08T14:47:50.150Z"}
{"level":"info","message":"Initialising file paths with browser & version","timestamp":"2014-10-08T14:47:50.150Z"}
{"level":"info","message":"Initialising file paths with browser & version","timestamp":"2014-10-08T14:47:50.151Z"}
{"level":"info","message":"Initialising file paths with browser & version","timestamp":"2014-10-08T14:47:50.151Z"}
{"level":"info","message":"Initialising file paths with browser & version","timestamp":"2014-10-08T14:47:50.151Z"}
{"level":"info","message":"Initialising file paths with browser & version","timestamp":"2014-10-08T14:47:50.151Z"}
{"level":"info","message":"Initialising file paths with browser & version","timestamp":"2014-10-08T14:47:50.151Z"}
{"level":"info","message":"Initialising file paths with browser & version","timestamp":"2014-10-08T14:47:50.151Z"}
{"level":"info","message":"Initialising file paths with browser & version","timestamp":"2014-10-08T14:47:50.151Z"}
{"level":"info","message":"Initialising file paths with browser & version","timestamp":"2014-10-08T14:47:50.151Z"}
{"level":"info","message":"Initialising file paths with browser & version","timestamp":"2014-10-08T14:47:50.151Z"}
{"level":"info","message":"Initialising file paths with browser & version","timestamp":"2014-10-08T14:47:50.151Z"}
{"level":"info","message":"Initialising file paths with browser & version","timestamp":"2014-10-08T14:47:50.151Z"}
{"level":"info","message":"Saved screenshot","timestamp":"2014-10-08T14:47:51.315Z"}
{"level":"info","message":"Clicking the zoom button","timestamp":"2014-10-08T14:47:51.359Z"}
{"level":"info","message":"Saving screenshot to images/zoom.jpgpopoverinternet explorer11.png","timestamp":"2014-10-08T14:47:51.363Z"}
{"level":"info","message":"Opening URL: http://jenkins.zoetrope.io:8888/v3/testInline.html","timestamp":"2014-10-08T14:47:51.607Z"}
{"level":"info","message":"Initialising file paths with browser & version","timestamp":"2014-10-08T14:47:51.607Z"}
{"level":"info","message":"Initialising file paths with browser & version","timestamp":"2014-10-08T14:47:51.607Z"}
{"level":"info","message":"Initialising file paths with browser & version","timestamp":"2014-10-08T14:47:51.607Z"}
{"level":"info","message":"Initialising file paths with browser & version","timestamp":"2014-10-08T14:47:51.607Z"}
{"level":"info","message":"Initialising file paths with browser & version","timestamp":"2014-10-08T14:47:51.607Z"}
{"level":"info","message":"Initialising file paths with browser & version","timestamp":"2014-10-08T14:47:51.607Z"}
{"level":"info","message":"Saving screenshot to images/load.jpginlinefirefox27.0.png","timestamp":"2014-10-08T14:47:56.757Z"}
{"level":"info","message":"Saved screenshot","timestamp":"2014-10-08T14:47:59.274Z"}
{"level":"info","message":"Clicking the help button","timestamp":"2014-10-08T14:47:59.309Z"}
{"parentElementArrayFinder":{"locator_":{"using":"css selector","value":".zoe-btn-help"}},"elementArrayFinder_":{"locator_":{"$ref":"$[\"parentElementArrayFinder\"][\"locator_\"]"}},"level":"info","message":"help button is","timestamp":"2014-10-08T14:47:59.313Z"}
{"level":"info","message":"Saved screenshot","timestamp":"2014-10-08T14:47:59.798Z"}
{"level":"info","message":"Clicking the zoom button","timestamp":"2014-10-08T14:47:59.808Z"}
{"level":"info","message":"Saving screenshot to images/zoomClose.jpgpopoverinternet explorer11.png","timestamp":"2014-10-08T14:47:59.813Z"}
{"level":"info","message":"Got help style of ","timestamp":"2014-10-08T14:48:01.422Z"}
{"level":"info","message":"Saving screenshot to images/help.jpginlinefirefox27.0.png","timestamp":"2014-10-08T14:48:01.467Z"}
{"level":"info","message":"Saved screenshot","timestamp":"2014-10-08T14:48:03.161Z"}
{"level":"info","message":"Clicking the help button","timestamp":"2014-10-08T14:48:03.204Z"}
{"parentElementArrayFinder":{"locator_":{"using":"css selector","value":".zoe-btn-help"}},"elementArrayFinder_":{"locator_":{"$ref":"$[\"parentElementArrayFinder\"][\"locator_\"]"}},"level":"info","message":"help button is","timestamp":"2014-10-08T14:48:03.207Z"}
{"level":"info","message":"Saved screenshot","timestamp":"2014-10-08T14:48:04.704Z"}
{"level":"info","message":"Got help style of display: none;","timestamp":"2014-10-08T14:48:05.218Z"}
{"level":"info","message":"Saving screenshot to images/helpClose.jpginlinefirefox27.0.png","timestamp":"2014-10-08T14:48:05.259Z"}
{"level":"info","message":"Saved screenshot","timestamp":"2014-10-08T14:48:06.889Z"}
{"level":"info","message":"Clicking the zoom button","timestamp":"2014-10-08T14:48:06.936Z"}
{"level":"info","message":"Saving screenshot to images/zoom.jpginlinefirefox27.0.png","timestamp":"2014-10-08T14:48:06.941Z"}
{"level":"info","message":"Saved screenshot","timestamp":"2014-10-08T14:48:13.030Z"}
{"level":"info","message":"Clicking the zoom button","timestamp":"2014-10-08T14:48:13.055Z"}
{"level":"info","message":"Saving screenshot to images/zoomClose.jpginlinefirefox27.0.png","timestamp":"2014-10-08T14:48:13.059Z"}
{"level":"info","message":"Saved screenshot","timestamp":"2014-10-08T14:48:16.408Z"}
{"level":"info","message":"Opening URL: http://jenkins.zoetrope.io:8888/v3/testPopover.html","timestamp":"2014-10-08T14:48:16.420Z"}
{"level":"info","message":"Initialising file paths with browser & version","timestamp":"2014-10-08T14:48:16.420Z"}
{"level":"info","message":"Initialising file paths with browser & version","timestamp":"2014-10-08T14:48:16.420Z"}
{"level":"info","message":"Initialising file paths with browser & version","timestamp":"2014-10-08T14:48:16.420Z"}
{"level":"info","message":"Initialising file paths with browser & version","timestamp":"2014-10-08T14:48:16.420Z"}
{"level":"info","message":"Initialising file paths with browser & version","timestamp":"2014-10-08T14:48:16.421Z"}
{"level":"info","message":"Initialising file paths with browser & version","timestamp":"2014-10-08T14:48:16.421Z"}
{"level":"info","message":"Saving screenshot to images/load.jpgpopoverfirefox27.0.png","timestamp":"2014-10-08T14:48:17.373Z"}
{"level":"info","message":"Saved screenshot","timestamp":"2014-10-08T14:48:19.754Z"}
{"level":"info","message":"Clicking on widget trigger","timestamp":"2014-10-08T14:48:19.787Z"}
{"level":"info","message":"Saving screenshot to images/openWidget.jpgpopoverfirefox27.0.png","timestamp":"2014-10-08T14:48:21.135Z"}
{"takesScreenshot":true,"version":"6.0.5","cssSelectorsEnabled":true,"javascriptEnabled":true,"browserName":"safari","platform":"MAC","secureSsl":true,"webdriver.remote.sessionid":"1b8248bb0ab74dd7aa3e976cd7dcf923","hasMetadata":true,"level":"info","message":"","timestamp":"2014-10-08T14:48:24.443Z"}
{"level":"info","message":"undefined","timestamp":"2014-10-08T14:48:24.444Z"}
{"level":"info","message":"BROWSER IS: safari","timestamp":"2014-10-08T14:48:24.444Z"}
{"level":"info","message":"Initialising file paths with browser & version","timestamp":"2014-10-08T14:48:24.444Z"}
{"level":"info","message":"Initialising file paths with browser & version","timestamp":"2014-10-08T14:48:24.444Z"}
{"level":"info","message":"Initialising file paths with browser & version","timestamp":"2014-10-08T14:48:24.444Z"}
{"level":"info","message":"Initialising file paths with browser & version","timestamp":"2014-10-08T14:48:24.444Z"}
{"level":"info","message":"Initialising file paths with browser & version","timestamp":"2014-10-08T14:48:24.444Z"}
{"level":"info","message":"Initialising file paths with browser & version","timestamp":"2014-10-08T14:48:24.444Z"}
{"level":"info","message":"Initialising file paths with browser & version","timestamp":"2014-10-08T14:48:24.444Z"}
{"level":"info","message":"Initialising file paths with browser & version","timestamp":"2014-10-08T14:48:24.444Z"}
{"level":"info","message":"Initialising file paths with browser & version","timestamp":"2014-10-08T14:48:24.444Z"}
{"level":"info","message":"Initialising file paths with browser & version","timestamp":"2014-10-08T14:48:24.445Z"}
{"level":"info","message":"Initialising file paths with browser & version","timestamp":"2014-10-08T14:48:24.445Z"}
{"level":"info","message":"Initialising file paths with browser & version","timestamp":"2014-10-08T14:48:24.445Z"}
{"level":"info","message":"Initialising file paths with browser & version","timestamp":"2014-10-08T14:48:24.445Z"}
{"level":"info","message":"Initialising file paths with browser & version","timestamp":"2014-10-08T14:48:24.445Z"}
{"level":"info","message":"Initialising file paths with browser & version","timestamp":"2014-10-08T14:48:24.445Z"}
{"level":"info","message":"Initialising file paths with browser & version","timestamp":"2014-10-08T14:48:24.445Z"}
{"level":"info","message":"Initialising file paths with browser & version","timestamp":"2014-10-08T14:48:24.445Z"}
{"level":"info","message":"Initialising file paths with browser & version","timestamp":"2014-10-08T14:48:24.445Z"}
{"level":"info","message":"Initialising file paths with browser & version","timestamp":"2014-10-08T14:48:24.445Z"}
{"level":"info","message":"Initialising file paths with browser & version","timestamp":"2014-10-08T14:48:24.445Z"}
{"level":"info","message":"Initialising file paths with browser & version","timestamp":"2014-10-08T14:48:24.445Z"}
{"level":"info","message":"Opening URL: http://jenkins.zoetrope.io:8888/v3/testInline.html","timestamp":"2014-10-08T14:48:27.460Z"}
{"level":"info","message":"Initialising file paths with browser & version","timestamp":"2014-10-08T14:48:27.461Z"}
{"level":"info","message":"Initialising file paths with browser & version","timestamp":"2014-10-08T14:48:27.461Z"}
{"level":"info","message":"Initialising file paths with browser & version","timestamp":"2014-10-08T14:48:27.461Z"}
{"level":"info","message":"Initialising file paths with browser & version","timestamp":"2014-10-08T14:48:27.461Z"}
{"level":"info","message":"Initialising file paths with browser & version","timestamp":"2014-10-08T14:48:27.461Z"}
{"level":"info","message":"Initialising file paths with browser & version","timestamp":"2014-10-08T14:48:27.461Z"}
{"level":"info","message":"Saved screenshot","timestamp":"2014-10-08T14:48:27.988Z"}
{"level":"info","message":"Clicking the help button","timestamp":"2014-10-08T14:48:28.019Z"}
{"parentElementArrayFinder":{"locator_":{"using":"css selector","value":".zoe-btn-help"}},"elementArrayFinder_":{"locator_":{"$ref":"$[\"parentElementArrayFinder\"][\"locator_\"]"}},"level":"info","message":"help button is","timestamp":"2014-10-08T14:48:28.022Z"}
{"level":"info","message":"Got help style of ","timestamp":"2014-10-08T14:48:31.808Z"}
{"level":"info","message":"Saving screenshot to images/help.jpgpopoverfirefox27.0.png","timestamp":"2014-10-08T14:48:31.855Z"}
{"level":"info","message":"Saving screenshot to images/load.jpginlinesafari6.0.5.png","timestamp":"2014-10-08T14:48:32.426Z"}
{"level":"info","message":"Saved screenshot","timestamp":"2014-10-08T14:48:34.898Z"}
{"level":"info","message":"Clicking the help button","timestamp":"2014-10-08T14:48:34.940Z"}
{"parentElementArrayFinder":{"locator_":{"using":"css selector","value":".zoe-btn-help"}},"elementArrayFinder_":{"locator_":{"$ref":"$[\"parentElementArrayFinder\"][\"locator_\"]"}},"level":"info","message":"help button is","timestamp":"2014-10-08T14:48:34.942Z"}
{"level":"info","message":"Saved screenshot","timestamp":"2014-10-08T14:48:35.244Z"}
{"level":"info","message":"Clicking the help button","timestamp":"2014-10-08T14:48:35.279Z"}
{"parentElementArrayFinder":{"locator_":{"using":"css selector","value":".zoe-btn-help"}},"elementArrayFinder_":{"locator_":{"$ref":"$[\"parentElementArrayFinder\"][\"locator_\"]"}},"level":"info","message":"help button is","timestamp":"2014-10-08T14:48:35.284Z"}
{"level":"info","message":"Got help style of display: none;","timestamp":"2014-10-08T14:48:37.081Z"}
{"level":"info","message":"Saving screenshot to images/helpClose.jpgpopoverfirefox27.0.png","timestamp":"2014-10-08T14:48:37.122Z"}
{"level":"info","message":"Got help style of ","timestamp":"2014-10-08T14:48:37.502Z"}
{"level":"info","message":"Saving screenshot to images/help.jpginlinesafari6.0.5.png","timestamp":"2014-10-08T14:48:37.546Z"}
{"level":"info","message":"Saved screenshot","timestamp":"2014-10-08T14:48:41.322Z"}
{"level":"info","message":"Saved screenshot","timestamp":"2014-10-08T14:48:41.339Z"}
{"level":"info","message":"Clicking the zoom button","timestamp":"2014-10-08T14:48:41.376Z"}
{"level":"info","message":"Clicking the help button","timestamp":"2014-10-08T14:48:41.381Z"}
{"parentElementArrayFinder":{"locator_":{"using":"css selector","value":".zoe-btn-help"}},"elementArrayFinder_":{"locator_":{"$ref":"$[\"parentElementArrayFinder\"][\"locator_\"]"}},"level":"info","message":"help button is","timestamp":"2014-10-08T14:48:41.384Z"}
{"level":"info","message":"Saving screenshot to images/zoom.jpgpopoverfirefox27.0.png","timestamp":"2014-10-08T14:48:41.384Z"}
{"level":"info","message":"Got help style of display: none; ","timestamp":"2014-10-08T14:48:43.595Z"}
{"level":"info","message":"Saving screenshot to images/helpClose.jpginlinesafari6.0.5.png","timestamp":"2014-10-08T14:48:43.636Z"}
{"level":"info","message":"Saved screenshot","timestamp":"2014-10-08T14:48:45.665Z"}
{"level":"info","message":"Clicking the zoom button","timestamp":"2014-10-08T14:48:45.710Z"}
{"level":"info","message":"Saving screenshot to images/zoom.jpginlinesafari6.0.5.png","timestamp":"2014-10-08T14:48:45.714Z"}
{"level":"info","message":"Saved screenshot","timestamp":"2014-10-08T14:48:48.287Z"}
{"level":"info","message":"Clicking the zoom button","timestamp":"2014-10-08T14:48:48.298Z"}
{"level":"info","message":"Saving screenshot to images/zoomClose.jpgpopoverfirefox27.0.png","timestamp":"2014-10-08T14:48:48.303Z"}
{"level":"info","message":"Saved screenshot","timestamp":"2014-10-08T14:48:51.427Z"}
{"level":"info","message":"Clicking the zoom button","timestamp":"2014-10-08T14:48:51.440Z"}
{"level":"info","message":"Saving screenshot to images/zoomClose.jpginlinesafari6.0.5.png","timestamp":"2014-10-08T14:48:51.444Z"}
{"level":"info","message":"Saved screenshot","timestamp":"2014-10-08T14:48:52.974Z"}
{"level":"info","message":"Saved screenshot","timestamp":"2014-10-08T14:48:55.477Z"}
{"level":"info","message":"Opening URL: http://jenkins.zoetrope.io:8888/v3/testPopover.html","timestamp":"2014-10-08T14:48:55.489Z"}
{"level":"info","message":"Initialising file paths with browser & version","timestamp":"2014-10-08T14:48:55.489Z"}
{"level":"info","message":"Initialising file paths with browser & version","timestamp":"2014-10-08T14:48:55.489Z"}
{"level":"info","message":"Initialising file paths with browser & version","timestamp":"2014-10-08T14:48:55.489Z"}
{"level":"info","message":"Initialising file paths with browser & version","timestamp":"2014-10-08T14:48:55.489Z"}
{"level":"info","message":"Initialising file paths with browser & version","timestamp":"2014-10-08T14:48:55.489Z"}
{"level":"info","message":"Initialising file paths with browser & version","timestamp":"2014-10-08T14:48:55.489Z"}
{"level":"info","message":"Saving screenshot to images/load.jpgpopoversafari6.0.5.png","timestamp":"2014-10-08T14:48:56.500Z"}
{"level":"info","message":"Saved screenshot","timestamp":"2014-10-08T14:48:59.145Z"}
{"level":"info","message":"Clicking on widget trigger","timestamp":"2014-10-08T14:48:59.178Z"}
{"level":"info","message":"Saving screenshot to images/openWidget.jpgpopoversafari6.0.5.png","timestamp":"2014-10-08T14:49:00.731Z"}
{"level":"info","message":"Saved screenshot","timestamp":"2014-10-08T14:49:05.450Z"}
{"level":"info","message":"Clicking the help button","timestamp":"2014-10-08T14:49:05.482Z"}
{"parentElementArrayFinder":{"locator_":{"using":"css selector","value":".zoe-btn-help"}},"elementArrayFinder_":{"locator_":{"$ref":"$[\"parentElementArrayFinder\"][\"locator_\"]"}},"level":"info","message":"help button is","timestamp":"2014-10-08T14:49:05.485Z"}
{"level":"info","message":"Got help style of ","timestamp":"2014-10-08T14:49:07.696Z"}
{"level":"info","message":"Saving screenshot to images/help.jpgpopoversafari6.0.5.png","timestamp":"2014-10-08T14:49:07.741Z"}
{"level":"info","message":"Saved screenshot","timestamp":"2014-10-08T14:49:11.901Z"}
{"level":"info","message":"Clicking the help button","timestamp":"2014-10-08T14:49:11.942Z"}
{"parentElementArrayFinder":{"locator_":{"using":"css selector","value":".zoe-btn-help"}},"elementArrayFinder_":{"locator_":{"$ref":"$[\"parentElementArrayFinder\"][\"locator_\"]"}},"level":"info","message":"help button is","timestamp":"2014-10-08T14:49:11.945Z"}
{"level":"info","message":"Got help style of display: none; ","timestamp":"2014-10-08T14:49:14.135Z"}
{"level":"info","message":"Saving screenshot to images/helpClose.jpgpopoversafari6.0.5.png","timestamp":"2014-10-08T14:49:14.177Z"}
{"level":"info","message":"Saved screenshot","timestamp":"2014-10-08T14:49:20.681Z"}
{"level":"info","message":"Clicking the zoom button","timestamp":"2014-10-08T14:49:20.737Z"}
{"level":"info","message":"Saving screenshot to images/zoom.jpgpopoversafari6.0.5.png","timestamp":"2014-10-08T14:49:20.742Z"}
{"level":"info","message":"Saved screenshot","timestamp":"2014-10-08T14:49:28.552Z"}
{"level":"info","message":"Clicking the zoom button","timestamp":"2014-10-08T14:49:28.565Z"}
{"level":"info","message":"Saving screenshot to images/zoomClose.jpgpopoversafari6.0.5.png","timestamp":"2014-10-08T14:49:28.569Z"}
{"level":"info","message":"Saved screenshot","timestamp":"2014-10-08T14:49:34.384Z"}
{"level":"info","message":"Initialising jasmine tests","timestamp":"2014-10-08T15:24:12.193Z"}
{"inline":{},"popover":{},"indiscriminate":{},"progressWrapper":{"parentElementArrayFinder":{"locator_":{"using":"css selector","value":".zoe-progress-wrapper"}},"elementArrayFinder_":{"locator_":{"$ref":"$[\"progressWrapper\"][\"parentElementArrayFinder\"][\"locator_\"]"}}},"widgetOverlay":{"parentElementArrayFinder":{"locator_":{"using":"css selector","value":"#zoe-zbox-overlay"}},"elementArrayFinder_":{"locator_":{"$ref":"$[\"widgetOverlay\"][\"parentElementArrayFinder\"][\"locator_\"]"}}},"widgetTrigger":{"parentElementArrayFinder":{"locator_":{"using":"css selector","value":".zoe-engage-trigger>img"}},"elementArrayFinder_":{"locator_":{"$ref":"$[\"widgetTrigger\"][\"parentElementArrayFinder\"][\"locator_\"]"}}},"widgetColorbox":{"parentElementArrayFinder":{"locator_":{"using":"css selector","value":"#zoe-zbox-content"}},"elementArrayFinder_":{"locator_":{"$ref":"$[\"widgetColorbox\"][\"parentElementArrayFinder\"][\"locator_\"]"}}},"helpButton":{"parentElementArrayFinder":{"locator_":{"using":"css selector","value":".zoe-btn-help"}},"elementArrayFinder_":{"locator_":{"$ref":"$[\"helpButton\"][\"parentElementArrayFinder\"][\"locator_\"]"}}},"helpElement":{"parentElementArrayFinder":{"locator_":{"using":"css selector","value":".zoe-help-overlay"}},"elementArrayFinder_":{"locator_":{"$ref":"$[\"helpElement\"][\"parentElementArrayFinder\"][\"locator_\"]"}}},"zoomButton":{"parentElementArrayFinder":{"locator_":{"using":"css selector","value":".zoe-btn-zoom"}},"elementArrayFinder_":{"locator_":{"$ref":"$[\"zoomButton\"][\"parentElementArrayFinder\"][\"locator_\"]"}}},"zoomElement":{"parentElementArrayFinder":{"locator_":{"using":"css selector","value":".zoe-zoom"}},"elementArrayFinder_":{"locator_":{"$ref":"$[\"zoomElement\"][\"parentElementArrayFinder\"][\"locator_\"]"}}},"zoomImage":{"parentElementArrayFinder":{"locator_":{"using":"css selector","value":".zoe-zoom-frame"}},"elementArrayFinder_":{"locator_":{"$ref":"$[\"zoomImage\"][\"parentElementArrayFinder\"][\"locator_\"]"}}},"closeButton":{"parentElementArrayFinder":{"locator_":{"using":"css selector","value":".zoe-btn-close"}},"elementArrayFinder_":{"locator_":{"$ref":"$[\"closeButton\"][\"parentElementArrayFinder\"][\"locator_\"]"}}},"widgetImageDiv":{"parentElementArrayFinder":{"locator_":{"using":"css selector","value":".zoe-engage-image.reel"}},"elementArrayFinder_":{"locator_":{"$ref":"$[\"widgetImageDiv\"][\"parentElementArrayFinder\"][\"locator_\"]"}}},"inlineDivSelector":{"parentElementArrayFinder":{"locator_":{"using":"css selector","value":".zoe-inline.reel"}},"elementArrayFinder_":{"locator_":{"$ref":"$[\"inlineDivSelector\"][\"parentElementArrayFinder\"][\"locator_\"]"}}},"widgetWrapperSelector":{"parentElementArrayFinder":{"locator_":{"using":"css selector","value":".zoe-engage-wrapper"}},"elementArrayFinder_":{"locator_":{"$ref":"$[\"widgetWrapperSelector\"][\"parentElementArrayFinder\"][\"locator_\"]"}}},"widgetWrapperImage":{"parentElementArrayFinder":{"locator_":{"using":"css selector","value":".zoe-frame"}},"elementArrayFinder_":{"locator_":{"$ref":"$[\"widgetWrapperImage\"][\"parentElementArrayFinder\"][\"locator_\"]"}}},"pageImageSelector":{"parentElementArrayFinder":{"locator_":{"using":"css selector","value":".zoe-engage-wrapper"}},"elementArrayFinder_":{"locator_":{"$ref":"$[\"pageImageSelector\"][\"parentElementArrayFinder\"][\"locator_\"]"}}},"inlineTrigger":{"parentElementArrayFinder":{"locator_":{"using":"css selector","value":"a.zoe-engage-trigger"}},"elementArrayFinder_":{"locator_":{"$ref":"$[\"inlineTrigger\"][\"parentElementArrayFinder\"][\"locator_\"]"}}},"inlineWrapper":{"parentElementArrayFinder":{"locator_":{"using":"css selector","value":".zoe-engage-wrapper.zoe-inline"}},"elementArrayFinder_":{"locator_":{"$ref":"$[\"inlineWrapper\"][\"parentElementArrayFinder\"][\"locator_\"]"}}},"frameSelector":{"parentElementArrayFinder":{"locator_":{"using":"css selector","value":".zoe-frame"}},"elementArrayFinder_":{"locator_":{"$ref":"$[\"frameSelector\"][\"parentElementArrayFinder\"][\"locator_\"]"}}},"interactCTA":{"parentElementArrayFinder":{"locator_":{"using":"css selector","value":".zoe-interact-cta"}},"elementArrayFinder_":{"locator_":{"$ref":"$[\"interactCTA\"][\"parentElementArrayFinder\"][\"locator_\"]"}}},"triggerCTA":{"parentElementArrayFinder":{"locator_":{"using":"css selector","value":".zoe-trigger-cta"}},"elementArrayFinder_":{"locator_":{"$ref":"$[\"triggerCTA\"][\"parentElementArrayFinder\"][\"locator_\"]"}}},"helpRotate":{"parentElementArrayFinder":{"locator_":{"using":"css selector","value":".zoe-help-rotate .zoe-help-text"}},"elementArrayFinder_":{"locator_":{"$ref":"$[\"helpRotate\"][\"parentElementArrayFinder\"][\"locator_\"]"}}},"helpElevate":{"parentElementArrayFinder":{"locator_":{"using":"css selector","value":".zoe-help-elevate .zoe-help-text"}},"elementArrayFinder_":{"locator_":{"$ref":"$[\"helpElevate\"][\"parentElementArrayFinder\"][\"locator_\"]"}}},"helpZoom":{"parentElementArrayFinder":{"locator_":{"using":"css selector","value":".zoe-help-zoom .zoe-help-text"}},"elementArrayFinder_":{"locator_":{"$ref":"$[\"helpZoom\"][\"parentElementArrayFinder\"][\"locator_\"]"}}},"helpBrand":{"parentElementArrayFinder":{"locator_":{"using":"css selector","value":".zoe-help-brand .zoe-help-text"}},"elementArrayFinder_":{"locator_":{"$ref":"$[\"helpBrand\"][\"parentElementArrayFinder\"][\"locator_\"]"}}},"extraContent":{"parentElementArrayFinder":{"locator_":{"using":"css selector","value":".zoe-display-extra-content"}},"elementArrayFinder_":{"locator_":{"$ref":"$[\"extraContent\"][\"parentElementArrayFinder\"][\"locator_\"]"}}},"level":"debug","message":"elementFinder is ","timestamp":"2014-10-08T15:24:12.195Z"}
{"level":"info","message":"Initialising jasmine tests","timestamp":"2014-10-08T15:24:12.196Z"}
{"level":"info","message":"Initialising jasmine tests","timestamp":"2014-10-08T15:24:12.196Z"}
{"inline":{},"popover":{},"indiscriminate":{},"progressWrapper":{"parentElementArrayFinder":{"locator_":{"using":"css selector","value":".zoe-progress-wrapper"}},"elementArrayFinder_":{"locator_":{"$ref":"$[\"progressWrapper\"][\"parentElementArrayFinder\"][\"locator_\"]"}}},"widgetOverlay":{"parentElementArrayFinder":{"locator_":{"using":"css selector","value":"#zoe-zbox-overlay"}},"elementArrayFinder_":{"locator_":{"$ref":"$[\"widgetOverlay\"][\"parentElementArrayFinder\"][\"locator_\"]"}}},"widgetTrigger":{"parentElementArrayFinder":{"locator_":{"using":"css selector","value":".zoe-engage-trigger>img"}},"elementArrayFinder_":{"locator_":{"$ref":"$[\"widgetTrigger\"][\"parentElementArrayFinder\"][\"locator_\"]"}}},"widgetColorbox":{"parentElementArrayFinder":{"locator_":{"using":"css selector","value":"#zoe-zbox-content"}},"elementArrayFinder_":{"locator_":{"$ref":"$[\"widgetColorbox\"][\"parentElementArrayFinder\"][\"locator_\"]"}}},"helpButton":{"parentElementArrayFinder":{"locator_":{"using":"css selector","value":".zoe-btn-help"}},"elementArrayFinder_":{"locator_":{"$ref":"$[\"helpButton\"][\"parentElementArrayFinder\"][\"locator_\"]"}}},"helpElement":{"parentElementArrayFinder":{"locator_":{"using":"css selector","value":".zoe-help-overlay"}},"elementArrayFinder_":{"locator_":{"$ref":"$[\"helpElement\"][\"parentElementArrayFinder\"][\"locator_\"]"}}},"zoomButton":{"parentElementArrayFinder":{"locator_":{"using":"css selector","value":".zoe-btn-zoom"}},"elementArrayFinder_":{"locator_":{"$ref":"$[\"zoomButton\"][\"parentElementArrayFinder\"][\"locator_\"]"}}},"zoomElement":{"parentElementArrayFinder":{"locator_":{"using":"css selector","value":".zoe-zoom"}},"elementArrayFinder_":{"locator_":{"$ref":"$[\"zoomElement\"][\"parentElementArrayFinder\"][\"locator_\"]"}}},"zoomImage":{"parentElementArrayFinder":{"locator_":{"using":"css selector","value":".zoe-zoom-frame"}},"elementArrayFinder_":{"locator_":{"$ref":"$[\"zoomImage\"][\"parentElementArrayFinder\"][\"locator_\"]"}}},"closeButton":{"parentElementArrayFinder":{"locator_":{"using":"css selector","value":".zoe-btn-close"}},"elementArrayFinder_":{"locator_":{"$ref":"$[\"closeButton\"][\"parentElementArrayFinder\"][\"locator_\"]"}}},"widgetImageDiv":{"parentElementArrayFinder":{"locator_":{"using":"css selector","value":".zoe-engage-image.reel"}},"elementArrayFinder_":{"locator_":{"$ref":"$[\"widgetImageDiv\"][\"parentElementArrayFinder\"][\"locator_\"]"}}},"inlineDivSelector":{"parentElementArrayFinder":{"locator_":{"using":"css selector","value":".zoe-inline.reel"}},"elementArrayFinder_":{"locator_":{"$ref":"$[\"inlineDivSelector\"][\"parentElementArrayFinder\"][\"locator_\"]"}}},"widgetWrapperSelector":{"parentElementArrayFinder":{"locator_":{"using":"css selector","value":".zoe-engage-wrapper"}},"elementArrayFinder_":{"locator_":{"$ref":"$[\"widgetWrapperSelector\"][\"parentElementArrayFinder\"][\"locator_\"]"}}},"widgetWrapperImage":{"parentElementArrayFinder":{"locator_":{"using":"css selector","value":".zoe-frame"}},"elementArrayFinder_":{"locator_":{"$ref":"$[\"widgetWrapperImage\"][\"parentElementArrayFinder\"][\"locator_\"]"}}},"pageImageSelector":{"parentElementArrayFinder":{"locator_":{"using":"css selector","value":".zoe-engage-wrapper"}},"elementArrayFinder_":{"locator_":{"$ref":"$[\"pageImageSelector\"][\"parentElementArrayFinder\"][\"locator_\"]"}}},"inlineTrigger":{"parentElementArrayFinder":{"locator_":{"using":"css selector","value":"a.zoe-engage-trigger"}},"elementArrayFinder_":{"locator_":{"$ref":"$[\"inlineTrigger\"][\"parentElementArrayFinder\"][\"locator_\"]"}}},"inlineWrapper":{"parentElementArrayFinder":{"locator_":{"using":"css selector","value":".zoe-engage-wrapper.zoe-inline"}},"elementArrayFinder_":{"locator_":{"$ref":"$[\"inlineWrapper\"][\"parentElementArrayFinder\"][\"locator_\"]"}}},"frameSelector":{"parentElementArrayFinder":{"locator_":{"using":"css selector","value":".zoe-frame"}},"elementArrayFinder_":{"locator_":{"$ref":"$[\"frameSelector\"][\"parentElementArrayFinder\"][\"locator_\"]"}}},"interactCTA":{"parentElementArrayFinder":{"locator_":{"using":"css selector","value":".zoe-interact-cta"}},"elementArrayFinder_":{"locator_":{"$ref":"$[\"interactCTA\"][\"parentElementArrayFinder\"][\"locator_\"]"}}},"triggerCTA":{"parentElementArrayFinder":{"locator_":{"using":"css selector","value":".zoe-trigger-cta"}},"elementArrayFinder_":{"locator_":{"$ref":"$[\"triggerCTA\"][\"parentElementArrayFinder\"][\"locator_\"]"}}},"helpRotate":{"parentElementArrayFinder":{"locator_":{"using":"css selector","value":".zoe-help-rotate .zoe-help-text"}},"elementArrayFinder_":{"locator_":{"$ref":"$[\"helpRotate\"][\"parentElementArrayFinder\"][\"locator_\"]"}}},"helpElevate":{"parentElementArrayFinder":{"locator_":{"using":"css selector","value":".zoe-help-elevate .zoe-help-text"}},"elementArrayFinder_":{"locator_":{"$ref":"$[\"helpElevate\"][\"parentElementArrayFinder\"][\"locator_\"]"}}},"helpZoom":{"parentElementArrayFinder":{"locator_":{"using":"css selector","value":".zoe-help-zoom .zoe-help-text"}},"elementArrayFinder_":{"locator_":{"$ref":"$[\"helpZoom\"][\"parentElementArrayFinder\"][\"locator_\"]"}}},"helpBrand":{"parentElementArrayFinder":{"locator_":{"using":"css selector","value":".zoe-help-brand .zoe-help-text"}},"elementArrayFinder_":{"locator_":{"$ref":"$[\"helpBrand\"][\"parentElementArrayFinder\"][\"locator_\"]"}}},"extraContent":{"parentElementArrayFinder":{"locator_":{"using":"css selector","value":".zoe-display-extra-content"}},"elementArrayFinder_":{"locator_":{"$ref":"$[\"extraContent\"][\"parentElementArrayFinder\"][\"locator_\"]"}}},"level":"debug","message":"elementFinder is ","timestamp":"2014-10-08T15:24:12.198Z"}
{"inline":{},"popover":{},"indiscriminate":{},"progressWrapper":{"parentElementArrayFinder":{"locator_":{"using":"css selector","value":".zoe-progress-wrapper"}},"elementArrayFinder_":{"locator_":{"$ref":"$[\"progressWrapper\"][\"parentElementArrayFinder\"][\"locator_\"]"}}},"widgetOverlay":{"parentElementArrayFinder":{"locator_":{"using":"css selector","value":"#zoe-zbox-overlay"}},"elementArrayFinder_":{"locator_":{"$ref":"$[\"widgetOverlay\"][\"parentElementArrayFinder\"][\"locator_\"]"}}},"widgetTrigger":{"parentElementArrayFinder":{"locator_":{"using":"css selector","value":".zoe-engage-trigger>img"}},"elementArrayFinder_":{"locator_":{"$ref":"$[\"widgetTrigger\"][\"parentElementArrayFinder\"][\"locator_\"]"}}},"widgetColorbox":{"parentElementArrayFinder":{"locator_":{"using":"css selector","value":"#zoe-zbox-content"}},"elementArrayFinder_":{"locator_":{"$ref":"$[\"widgetColorbox\"][\"parentElementArrayFinder\"][\"locator_\"]"}}},"helpButton":{"parentElementArrayFinder":{"locator_":{"using":"css selector","value":".zoe-btn-help"}},"elementArrayFinder_":{"locator_":{"$ref":"$[\"helpButton\"][\"parentElementArrayFinder\"][\"locator_\"]"}}},"helpElement":{"parentElementArrayFinder":{"locator_":{"using":"css selector","value":".zoe-help-overlay"}},"elementArrayFinder_":{"locator_":{"$ref":"$[\"helpElement\"][\"parentElementArrayFinder\"][\"locator_\"]"}}},"zoomButton":{"parentElementArrayFinder":{"locator_":{"using":"css selector","value":".zoe-btn-zoom"}},"elementArrayFinder_":{"locator_":{"$ref":"$[\"zoomButton\"][\"parentElementArrayFinder\"][\"locator_\"]"}}},"zoomElement":{"parentElementArrayFinder":{"locator_":{"using":"css selector","value":".zoe-zoom"}},"elementArrayFinder_":{"locator_":{"$ref":"$[\"zoomElement\"][\"parentElementArrayFinder\"][\"locator_\"]"}}},"zoomImage":{"parentElementArrayFinder":{"locator_":{"using":"css selector","value":".zoe-zoom-frame"}},"elementArrayFinder_":{"locator_":{"$ref":"$[\"zoomImage\"][\"parentElementArrayFinder\"][\"locator_\"]"}}},"closeButton":{"parentElementArrayFinder":{"locator_":{"using":"css selector","value":".zoe-btn-close"}},"elementArrayFinder_":{"locator_":{"$ref":"$[\"closeButton\"][\"parentElementArrayFinder\"][\"locator_\"]"}}},"widgetImageDiv":{"parentElementArrayFinder":{"locator_":{"using":"css selector","value":".zoe-engage-image.reel"}},"elementArrayFinder_":{"locator_":{"$ref":"$[\"widgetImageDiv\"][\"parentElementArrayFinder\"][\"locator_\"]"}}},"inlineDivSelector":{"parentElementArrayFinder":{"locator_":{"using":"css selector","value":".zoe-inline.reel"}},"elementArrayFinder_":{"locator_":{"$ref":"$[\"inlineDivSelector\"][\"parentElementArrayFinder\"][\"locator_\"]"}}},"widgetWrapperSelector":{"parentElementArrayFinder":{"locator_":{"using":"css selector","value":".zoe-engage-wrapper"}},"elementArrayFinder_":{"locator_":{"$ref":"$[\"widgetWrapperSelector\"][\"parentElementArrayFinder\"][\"locator_\"]"}}},"widgetWrapperImage":{"parentElementArrayFinder":{"locator_":{"using":"css selector","value":".zoe-frame"}},"elementArrayFinder_":{"locator_":{"$ref":"$[\"widgetWrapperImage\"][\"parentElementArrayFinder\"][\"locator_\"]"}}},"pageImageSelector":{"parentElementArrayFinder":{"locator_":{"using":"css selector","value":".zoe-engage-wrapper"}},"elementArrayFinder_":{"locator_":{"$ref":"$[\"pageImageSelector\"][\"parentElementArrayFinder\"][\"locator_\"]"}}},"inlineTrigger":{"parentElementArrayFinder":{"locator_":{"using":"css selector","value":"a.zoe-engage-trigger"}},"elementArrayFinder_":{"locator_":{"$ref":"$[\"inlineTrigger\"][\"parentElementArrayFinder\"][\"locator_\"]"}}},"inlineWrapper":{"parentElementArrayFinder":{"locator_":{"using":"css selector","value":".zoe-engage-wrapper.zoe-inline"}},"elementArrayFinder_":{"locator_":{"$ref":"$[\"inlineWrapper\"][\"parentElementArrayFinder\"][\"locator_\"]"}}},"frameSelector":{"parentElementArrayFinder":{"locator_":{"using":"css selector","value":".zoe-frame"}},"elementArrayFinder_":{"locator_":{"$ref":"$[\"frameSelector\"][\"parentElementArrayFinder\"][\"locator_\"]"}}},"interactCTA":{"parentElementArrayFinder":{"locator_":{"using":"css selector","value":".zoe-interact-cta"}},"elementArrayFinder_":{"locator_":{"$ref":"$[\"interactCTA\"][\"parentElementArrayFinder\"][\"locator_\"]"}}},"triggerCTA":{"parentElementArrayFinder":{"locator_":{"using":"css selector","value":".zoe-trigger-cta"}},"elementArrayFinder_":{"locator_":{"$ref":"$[\"triggerCTA\"][\"parentElementArrayFinder\"][\"locator_\"]"}}},"helpRotate":{"parentElementArrayFinder":{"locator_":{"using":"css selector","value":".zoe-help-rotate .zoe-help-text"}},"elementArrayFinder_":{"locator_":{"$ref":"$[\"helpRotate\"][\"parentElementArrayFinder\"][\"locator_\"]"}}},"helpElevate":{"parentElementArrayFinder":{"locator_":{"using":"css selector","value":".zoe-help-elevate .zoe-help-text"}},"elementArrayFinder_":{"locator_":{"$ref":"$[\"helpElevate\"][\"parentElementArrayFinder\"][\"locator_\"]"}}},"helpZoom":{"parentElementArrayFinder":{"locator_":{"using":"css selector","value":".zoe-help-zoom .zoe-help-text"}},"elementArrayFinder_":{"locator_":{"$ref":"$[\"helpZoom\"][\"parentElementArrayFinder\"][\"locator_\"]"}}},"helpBrand":{"parentElementArrayFinder":{"locator_":{"using":"css selector","value":".zoe-help-brand .zoe-help-text"}},"elementArrayFinder_":{"locator_":{"$ref":"$[\"helpBrand\"][\"parentElementArrayFinder\"][\"locator_\"]"}}},"extraContent":{"parentElementArrayFinder":{"locator_":{"using":"css selector","value":".zoe-display-extra-content"}},"elementArrayFinder_":{"locator_":{"$ref":"$[\"extraContent\"][\"parentElementArrayFinder\"][\"locator_\"]"}}},"level":"debug","message":"elementFinder is ","timestamp":"2014-10-08T15:24:12.198Z"}
{"level":"info","message":"Initialising jasmine tests","timestamp":"2014-10-08T15:24:12.207Z"}
{"inline":{},"popover":{},"indiscriminate":{},"progressWrapper":{"parentElementArrayFinder":{"locator_":{"using":"css selector","value":".zoe-progress-wrapper"}},"elementArrayFinder_":{"locator_":{"$ref":"$[\"progressWrapper\"][\"parentElementArrayFinder\"][\"locator_\"]"}}},"widgetOverlay":{"parentElementArrayFinder":{"locator_":{"using":"css selector","value":"#zoe-zbox-overlay"}},"elementArrayFinder_":{"locator_":{"$ref":"$[\"widgetOverlay\"][\"parentElementArrayFinder\"][\"locator_\"]"}}},"widgetTrigger":{"parentElementArrayFinder":{"locator_":{"using":"css selector","value":".zoe-engage-trigger>img"}},"elementArrayFinder_":{"locator_":{"$ref":"$[\"widgetTrigger\"][\"parentElementArrayFinder\"][\"locator_\"]"}}},"widgetColorbox":{"parentElementArrayFinder":{"locator_":{"using":"css selector","value":"#zoe-zbox-content"}},"elementArrayFinder_":{"locator_":{"$ref":"$[\"widgetColorbox\"][\"parentElementArrayFinder\"][\"locator_\"]"}}},"helpButton":{"parentElementArrayFinder":{"locator_":{"using":"css selector","value":".zoe-btn-help"}},"elementArrayFinder_":{"locator_":{"$ref":"$[\"helpButton\"][\"parentElementArrayFinder\"][\"locator_\"]"}}},"helpElement":{"parentElementArrayFinder":{"locator_":{"using":"css selector","value":".zoe-help-overlay"}},"elementArrayFinder_":{"locator_":{"$ref":"$[\"helpElement\"][\"parentElementArrayFinder\"][\"locator_\"]"}}},"zoomButton":{"parentElementArrayFinder":{"locator_":{"using":"css selector","value":".zoe-btn-zoom"}},"elementArrayFinder_":{"locator_":{"$ref":"$[\"zoomButton\"][\"parentElementArrayFinder\"][\"locator_\"]"}}},"zoomElement":{"parentElementArrayFinder":{"locator_":{"using":"css selector","value":".zoe-zoom"}},"elementArrayFinder_":{"locator_":{"$ref":"$[\"zoomElement\"][\"parentElementArrayFinder\"][\"locator_\"]"}}},"zoomImage":{"parentElementArrayFinder":{"locator_":{"using":"css selector","value":".zoe-zoom-frame"}},"elementArrayFinder_":{"locator_":{"$ref":"$[\"zoomImage\"][\"parentElementArrayFinder\"][\"locator_\"]"}}},"closeButton":{"parentElementArrayFinder":{"locator_":{"using":"css selector","value":".zoe-btn-close"}},"elementArrayFinder_":{"locator_":{"$ref":"$[\"closeButton\"][\"parentElementArrayFinder\"][\"locator_\"]"}}},"widgetImageDiv":{"parentElementArrayFinder":{"locator_":{"using":"css selector","value":".zoe-engage-image.reel"}},"elementArrayFinder_":{"locator_":{"$ref":"$[\"widgetImageDiv\"][\"parentElementArrayFinder\"][\"locator_\"]"}}},"inlineDivSelector":{"parentElementArrayFinder":{"locator_":{"using":"css selector","value":".zoe-inline.reel"}},"elementArrayFinder_":{"locator_":{"$ref":"$[\"inlineDivSelector\"][\"parentElementArrayFinder\"][\"locator_\"]"}}},"widgetWrapperSelector":{"parentElementArrayFinder":{"locator_":{"using":"css selector","value":".zoe-engage-wrapper"}},"elementArrayFinder_":{"locator_":{"$ref":"$[\"widgetWrapperSelector\"][\"parentElementArrayFinder\"][\"locator_\"]"}}},"widgetWrapperImage":{"parentElementArrayFinder":{"locator_":{"using":"css selector","value":".zoe-frame"}},"elementArrayFinder_":{"locator_":{"$ref":"$[\"widgetWrapperImage\"][\"parentElementArrayFinder\"][\"locator_\"]"}}},"pageImageSelector":{"parentElementArrayFinder":{"locator_":{"using":"css selector","value":".zoe-engage-wrapper"}},"elementArrayFinder_":{"locator_":{"$ref":"$[\"pageImageSelector\"][\"parentElementArrayFinder\"][\"locator_\"]"}}},"inlineTrigger":{"parentElementArrayFinder":{"locator_":{"using":"css selector","value":"a.zoe-engage-trigger"}},"elementArrayFinder_":{"locator_":{"$ref":"$[\"inlineTrigger\"][\"parentElementArrayFinder\"][\"locator_\"]"}}},"inlineWrapper":{"parentElementArrayFinder":{"locator_":{"using":"css selector","value":".zoe-engage-wrapper.zoe-inline"}},"elementArrayFinder_":{"locator_":{"$ref":"$[\"inlineWrapper\"][\"parentElementArrayFinder\"][\"locator_\"]"}}},"frameSelector":{"parentElementArrayFinder":{"locator_":{"using":"css selector","value":".zoe-frame"}},"elementArrayFinder_":{"locator_":{"$ref":"$[\"frameSelector\"][\"parentElementArrayFinder\"][\"locator_\"]"}}},"interactCTA":{"parentElementArrayFinder":{"locator_":{"using":"css selector","value":".zoe-interact-cta"}},"elementArrayFinder_":{"locator_":{"$ref":"$[\"interactCTA\"][\"parentElementArrayFinder\"][\"locator_\"]"}}},"triggerCTA":{"parentElementArrayFinder":{"locator_":{"using":"css selector","value":".zoe-trigger-cta"}},"elementArrayFinder_":{"locator_":{"$ref":"$[\"triggerCTA\"][\"parentElementArrayFinder\"][\"locator_\"]"}}},"helpRotate":{"parentElementArrayFinder":{"locator_":{"using":"css selector","value":".zoe-help-rotate .zoe-help-text"}},"elementArrayFinder_":{"locator_":{"$ref":"$[\"helpRotate\"][\"parentElementArrayFinder\"][\"locator_\"]"}}},"helpElevate":{"parentElementArrayFinder":{"locator_":{"using":"css selector","value":".zoe-help-elevate .zoe-help-text"}},"elementArrayFinder_":{"locator_":{"$ref":"$[\"helpElevate\"][\"parentElementArrayFinder\"][\"locator_\"]"}}},"helpZoom":{"parentElementArrayFinder":{"locator_":{"using":"css selector","value":".zoe-help-zoom .zoe-help-text"}},"elementArrayFinder_":{"locator_":{"$ref":"$[\"helpZoom\"][\"parentElementArrayFinder\"][\"locator_\"]"}}},"helpBrand":{"parentElementArrayFinder":{"locator_":{"using":"css selector","value":".zoe-help-brand .zoe-help-text"}},"elementArrayFinder_":{"locator_":{"$ref":"$[\"helpBrand\"][\"parentElementArrayFinder\"][\"locator_\"]"}}},"extraContent":{"parentElementArrayFinder":{"locator_":{"using":"css selector","value":".zoe-display-extra-content"}},"elementArrayFinder_":{"locator_":{"$ref":"$[\"extraContent\"][\"parentElementArrayFinder\"][\"locator_\"]"}}},"level":"debug","message":"elementFinder is ","timestamp":"2014-10-08T15:24:12.209Z"}
{"rotatable":false,"browserConnectionEnabled":false,"acceptSslCerts":true,"cssSelectorsEnabled":true,"chrome":{"chromedriverVersion":"2.4.226107"},"javascriptEnabled":true,"version":"30.0.1599.65","webdriver.remote.sessionid":"2ac4c2b3d60b4ba18d425b0c3543ab47","databaseEnabled":true,"locationContextEnabled":true,"platform":"Windows NT","browserName":"chrome","takesScreenshot":true,"hasMetadata":true,"nativeEvents":true,"applicationCacheEnabled":false,"webStorageEnabled":true,"handlesAlerts":true,"level":"info","message":"","timestamp":"2014-10-08T15:24:21.118Z"}
{"level":"info","message":"undefined","timestamp":"2014-10-08T15:24:21.119Z"}
{"level":"info","message":"BROWSER IS: chrome","timestamp":"2014-10-08T15:24:21.119Z"}
{"level":"info","message":"Initialising file paths with browser & version","timestamp":"2014-10-08T15:24:21.120Z"}
{"level":"info","message":"Initialising file paths with browser & version","timestamp":"2014-10-08T15:24:21.120Z"}
{"level":"info","message":"Initialising file paths with browser & version","timestamp":"2014-10-08T15:24:21.120Z"}
{"level":"info","message":"Initialising file paths with browser & version","timestamp":"2014-10-08T15:24:21.120Z"}
{"level":"info","message":"Initialising file paths with browser & version","timestamp":"2014-10-08T15:24:21.120Z"}
{"level":"info","message":"Initialising file paths with browser & version","timestamp":"2014-10-08T15:24:21.120Z"}
{"level":"info","message":"Initialising file paths with browser & version","timestamp":"2014-10-08T15:24:21.120Z"}
{"level":"info","message":"Initialising file paths with browser & version","timestamp":"2014-10-08T15:24:21.120Z"}
{"level":"info","message":"Initialising file paths with browser & version","timestamp":"2014-10-08T15:24:21.120Z"}
{"level":"info","message":"Initialising file paths with browser & version","timestamp":"2014-10-08T15:24:21.120Z"}
{"level":"info","message":"Initialising file paths with browser & version","timestamp":"2014-10-08T15:24:21.120Z"}
{"level":"info","message":"Initialising file paths with browser & version","timestamp":"2014-10-08T15:24:21.120Z"}
{"level":"info","message":"Initialising file paths with browser & version","timestamp":"2014-10-08T15:24:21.120Z"}
{"level":"info","message":"Initialising file paths with browser & version","timestamp":"2014-10-08T15:24:21.120Z"}
{"level":"info","message":"Initialising file paths with browser & version","timestamp":"2014-10-08T15:24:21.120Z"}
{"level":"info","message":"Initialising file paths with browser & version","timestamp":"2014-10-08T15:24:21.121Z"}
{"level":"info","message":"Initialising file paths with browser & version","timestamp":"2014-10-08T15:24:21.121Z"}
{"level":"info","message":"Initialising file paths with browser & version","timestamp":"2014-10-08T15:24:21.121Z"}
{"level":"info","message":"Initialising file paths with browser & version","timestamp":"2014-10-08T15:24:21.121Z"}
{"level":"info","message":"Initialising file paths with browser & version","timestamp":"2014-10-08T15:24:21.121Z"}
{"level":"info","message":"Initialising file paths with browser & version","timestamp":"2014-10-08T15:24:21.121Z"}
{"level":"info","message":"Opening URL: http://jenkins.zoetrope.io:8888/v3/testInline.html","timestamp":"2014-10-08T15:24:21.520Z"}
{"level":"info","message":"Initialising file paths with browser & version","timestamp":"2014-10-08T15:24:21.520Z"}
{"level":"info","message":"Initialising file paths with browser & version","timestamp":"2014-10-08T15:24:21.520Z"}
{"level":"info","message":"Initialising file paths with browser & version","timestamp":"2014-10-08T15:24:21.520Z"}
{"level":"info","message":"Initialising file paths with browser & version","timestamp":"2014-10-08T15:24:21.521Z"}
{"level":"info","message":"Initialising file paths with browser & version","timestamp":"2014-10-08T15:24:21.521Z"}
{"level":"info","message":"Initialising file paths with browser & version","timestamp":"2014-10-08T15:24:21.521Z"}
{"takesScreenshot":true,"webdriver.remote.sessionid":"15d899aba153444abcd53a9cd25749ea","unexpectedAlertBehaviour":"dismiss","ie.browserCommandLineSwitches":"","browserAttachTimeout":0,"ie.ensureCleanSession":false,"ignoreProtectedModeSettings":false,"platform":"WINDOWS","version":"11","ignoreZoomSetting":false,"nativeEvents":true,"handlesAlerts":true,"javascriptEnabled":true,"requireWindowFocus":false,"ie.usePerProcessProxy":false,"hasMetadata":true,"initialBrowserUrl":"http://localhost:23359/","enableElementCacheCleanup":true,"cssSelectorsEnabled":true,"browserName":"internet explorer","elementScrollBehavior":0,"enablePersistentHover":true,"ie.forceCreateProcessApi":false,"level":"info","message":"","timestamp":"2014-10-08T15:24:25.754Z"}
{"level":"info","message":"undefined","timestamp":"2014-10-08T15:24:25.755Z"}
{"level":"info","message":"BROWSER IS: internet explorer","timestamp":"2014-10-08T15:24:25.755Z"}
{"level":"info","message":"Initialising file paths with browser & version","timestamp":"2014-10-08T15:24:25.756Z"}
{"level":"info","message":"Initialising file paths with browser & version","timestamp":"2014-10-08T15:24:25.756Z"}
{"level":"info","message":"Initialising file paths with browser & version","timestamp":"2014-10-08T15:24:25.756Z"}
{"level":"info","message":"Initialising file paths with browser & version","timestamp":"2014-10-08T15:24:25.756Z"}
{"level":"info","message":"Initialising file paths with browser & version","timestamp":"2014-10-08T15:24:25.756Z"}
{"level":"info","message":"Initialising file paths with browser & version","timestamp":"2014-10-08T15:24:25.756Z"}
{"level":"info","message":"Initialising file paths with browser & version","timestamp":"2014-10-08T15:24:25.756Z"}
{"level":"info","message":"Initialising file paths with browser & version","timestamp":"2014-10-08T15:24:25.756Z"}
{"level":"info","message":"Initialising file paths with browser & version","timestamp":"2014-10-08T15:24:25.756Z"}
{"level":"info","message":"Initialising file paths with browser & version","timestamp":"2014-10-08T15:24:25.756Z"}
{"level":"info","message":"Initialising file paths with browser & version","timestamp":"2014-10-08T15:24:25.756Z"}
{"level":"info","message":"Initialising file paths with browser & version","timestamp":"2014-10-08T15:24:25.756Z"}
{"level":"info","message":"Initialising file paths with browser & version","timestamp":"2014-10-08T15:24:25.756Z"}
{"level":"info","message":"Initialising file paths with browser & version","timestamp":"2014-10-08T15:24:25.756Z"}
{"level":"info","message":"Initialising file paths with browser & version","timestamp":"2014-10-08T15:24:25.756Z"}
{"level":"info","message":"Initialising file paths with browser & version","timestamp":"2014-10-08T15:24:25.757Z"}
{"level":"info","message":"Initialising file paths with browser & version","timestamp":"2014-10-08T15:24:25.757Z"}
{"level":"info","message":"Initialising file paths with browser & version","timestamp":"2014-10-08T15:24:25.757Z"}
{"level":"info","message":"Initialising file paths with browser & version","timestamp":"2014-10-08T15:24:25.757Z"}
{"level":"info","message":"Initialising file paths with browser & version","timestamp":"2014-10-08T15:24:25.757Z"}
{"level":"info","message":"Initialising file paths with browser & version","timestamp":"2014-10-08T15:24:25.757Z"}
{"level":"info","message":"Comparing images for stageload","timestamp":"2014-10-08T15:24:25.866Z"}
{"level":"info","message":"Saving screenshot to /tmp/screenchrome30.0.1599.652ac4c2b3d60b4ba18d425b0c3543ab47.png.load","timestamp":"2014-10-08T15:24:25.867Z"}
{"level":"info","message":"Opening URL: http://jenkins.zoetrope.io:8888/v3/testInline.html","timestamp":"2014-10-08T15:24:26.198Z"}
{"level":"info","message":"Initialising file paths with browser & version","timestamp":"2014-10-08T15:24:26.199Z"}
{"level":"info","message":"Initialising file paths with browser & version","timestamp":"2014-10-08T15:24:26.199Z"}
{"level":"info","message":"Initialising file paths with browser & version","timestamp":"2014-10-08T15:24:26.199Z"}
{"level":"info","message":"Initialising file paths with browser & version","timestamp":"2014-10-08T15:24:26.199Z"}
{"level":"info","message":"Initialising file paths with browser & version","timestamp":"2014-10-08T15:24:26.199Z"}
{"level":"info","message":"Initialising file paths with browser & version","timestamp":"2014-10-08T15:24:26.199Z"}
{"level":"info","message":"Saved screenshot","timestamp":"2014-10-08T15:24:27.941Z"}
{"level":"info","message":"Comparing images from paths: /tmp/screenchrome30.0.1599.652ac4c2b3d60b4ba18d425b0c3543ab47.png.load and images/load.jpginlinechrome30.0.1599.65.png","timestamp":"2014-10-08T15:24:27.942Z"}
{"level":"info","message":"Image comparison gave: 0.0000029478","timestamp":"2014-10-08T15:24:28.043Z"}
{"level":"info","message":"chrome30.0.1599.652ac4c2b3d60b4ba18d425b0c3543ab47 compared images for stage: loadwith eqaulity of: 0.0000029478","timestamp":"2014-10-08T15:24:28.044Z"}
{"level":"info","message":"Clicking the help button","timestamp":"2014-10-08T15:24:28.401Z"}
{"parentElementArrayFinder":{"locator_":{"using":"css selector","value":".zoe-btn-help"}},"elementArrayFinder_":{"locator_":{"$ref":"$[\"parentElementArrayFinder\"][\"locator_\"]"}},"level":"info","message":"help button is","timestamp":"2014-10-08T15:24:28.406Z"}
{"level":"info","message":"Got help style of ","timestamp":"2014-10-08T15:24:30.529Z"}
{"level":"info","message":"Comparing images for stagehelp","timestamp":"2014-10-08T15:24:30.571Z"}
{"level":"info","message":"Saving screenshot to /tmp/screenchrome30.0.1599.652ac4c2b3d60b4ba18d425b0c3543ab47.png.help","timestamp":"2014-10-08T15:24:30.572Z"}
{"level":"info","message":"Saved screenshot","timestamp":"2014-10-08T15:24:32.389Z"}
{"level":"info","message":"Comparing images from paths: /tmp/screenchrome30.0.1599.652ac4c2b3d60b4ba18d425b0c3543ab47.png.help and images/help.jpginlinechrome30.0.1599.65.png","timestamp":"2014-10-08T15:24:32.389Z"}
{"level":"info","message":"Image comparison gave: 0","timestamp":"2014-10-08T15:24:32.483Z"}
{"level":"info","message":"chrome30.0.1599.652ac4c2b3d60b4ba18d425b0c3543ab47 compared images for stage: helpwith eqaulity of: 0","timestamp":"2014-10-08T15:24:32.483Z"}
{"level":"info","message":"Clicking the help button","timestamp":"2014-10-08T15:24:32.925Z"}
{"parentElementArrayFinder":{"locator_":{"using":"css selector","value":".zoe-btn-help"}},"elementArrayFinder_":{"locator_":{"$ref":"$[\"parentElementArrayFinder\"][\"locator_\"]"}},"level":"info","message":"help button is","timestamp":"2014-10-08T15:24:32.928Z"}
{"level":"info","message":"Comparing images for stagehelpClose","timestamp":"2014-10-08T15:24:32.931Z"}
{"level":"info","message":"Saving screenshot to /tmp/screenchrome30.0.1599.652ac4c2b3d60b4ba18d425b0c3543ab47.png.helpClose","timestamp":"2014-10-08T15:24:32.931Z"}
{"level":"info","message":"Got help style of display: none;","timestamp":"2014-10-08T15:24:35.017Z"}
{"level":"info","message":"Saved screenshot","timestamp":"2014-10-08T15:24:36.869Z"}
{"level":"info","message":"Comparing images from paths: /tmp/screenchrome30.0.1599.652ac4c2b3d60b4ba18d425b0c3543ab47.png.helpClose and images/helpClose.jpginlinechrome30.0.1599.65.png","timestamp":"2014-10-08T15:24:36.869Z"}
{"level":"info","message":"Image comparison gave: 0","timestamp":"2014-10-08T15:24:36.954Z"}
{"level":"info","message":"chrome30.0.1599.652ac4c2b3d60b4ba18d425b0c3543ab47 compared images for stage: helpClosewith eqaulity of: 0","timestamp":"2014-10-08T15:24:36.955Z"}
{"level":"info","message":"Clicking the zoom button","timestamp":"2014-10-08T15:24:37.328Z"}
{"level":"info","message":"Comparing images for stagezoom","timestamp":"2014-10-08T15:24:37.332Z"}
{"level":"info","message":"Saving screenshot to /tmp/screenchrome30.0.1599.652ac4c2b3d60b4ba18d425b0c3543ab47.png.zoom","timestamp":"2014-10-08T15:24:37.332Z"}
{"level":"info","message":"Comparing images for stageload","timestamp":"2014-10-08T15:24:42.405Z"}
{"level":"info","message":"Saving screenshot to /tmp/screeninternet explorer1115d899aba153444abcd53a9cd25749ea.png.load","timestamp":"2014-10-08T15:24:42.406Z"}
{"level":"info","message":"Saved screenshot","timestamp":"2014-10-08T15:24:43.478Z"}
{"level":"info","message":"Comparing images from paths: /tmp/screenchrome30.0.1599.652ac4c2b3d60b4ba18d425b0c3543ab47.png.zoom and images/zoom.jpginlinechrome30.0.1599.65.png","timestamp":"2014-10-08T15:24:43.478Z"}
{"level":"info","message":"Image comparison gave: 0","timestamp":"2014-10-08T15:24:43.563Z"}
{"level":"info","message":"chrome30.0.1599.652ac4c2b3d60b4ba18d425b0c3543ab47 compared images for stage: zoomwith eqaulity of: 0","timestamp":"2014-10-08T15:24:43.563Z"}
{"level":"info","message":"Clicking the zoom button","timestamp":"2014-10-08T15:24:43.909Z"}
{"level":"info","message":"Comparing images for stagezoomClose","timestamp":"2014-10-08T15:24:43.914Z"}
{"level":"info","message":"Saving screenshot to /tmp/screenchrome30.0.1599.652ac4c2b3d60b4ba18d425b0c3543ab47.png.zoomClose","timestamp":"2014-10-08T15:24:43.914Z"}
{"level":"info","message":"Saved screenshot","timestamp":"2014-10-08T15:24:48.921Z"}
{"level":"info","message":"Comparing images from paths: /tmp/screenchrome30.0.1599.652ac4c2b3d60b4ba18d425b0c3543ab47.png.zoomClose and images/zoomClose.jpginlinechrome30.0.1599.65.png","timestamp":"2014-10-08T15:24:48.921Z"}
{"level":"info","message":"Image comparison gave: 0","timestamp":"2014-10-08T15:24:49.014Z"}
{"level":"info","message":"chrome30.0.1599.652ac4c2b3d60b4ba18d425b0c3543ab47 compared images for stage: zoomClosewith eqaulity of: 0","timestamp":"2014-10-08T15:24:49.015Z"}
{"level":"info","message":"Saved screenshot","timestamp":"2014-10-08T15:24:49.287Z"}
{"level":"info","message":"Comparing images from paths: /tmp/screeninternet explorer1115d899aba153444abcd53a9cd25749ea.png.load and images/load.jpginlineinternet explorer11.png","timestamp":"2014-10-08T15:24:49.289Z"}
{"level":"info","message":"Clicking the help button","timestamp":"2014-10-08T15:24:49.341Z"}
{"parentElementArrayFinder":{"locator_":{"using":"css selector","value":".zoe-btn-help"}},"elementArrayFinder_":{"locator_":{"$ref":"$[\"parentElementArrayFinder\"][\"locator_\"]"}},"level":"info","message":"help button is","timestamp":"2014-10-08T15:24:49.345Z"}
{"level":"info","message":"Image comparison gave: 0","timestamp":"2014-10-08T15:24:49.360Z"}
{"level":"info","message":"internet explorer1115d899aba153444abcd53a9cd25749ea compared images for stage: loadwith eqaulity of: 0","timestamp":"2014-10-08T15:24:49.360Z"}
{"level":"info","message":"Opening URL: http://jenkins.zoetrope.io:8888/v3/testPopover.html","timestamp":"2014-10-08T15:24:49.414Z"}
{"level":"info","message":"Initialising file paths with browser & version","timestamp":"2014-10-08T15:24:49.414Z"}
{"level":"info","message":"Initialising file paths with browser & version","timestamp":"2014-10-08T15:24:49.414Z"}
{"level":"info","message":"Initialising file paths with browser & version","timestamp":"2014-10-08T15:24:49.414Z"}
{"level":"info","message":"Initialising file paths with browser & version","timestamp":"2014-10-08T15:24:49.414Z"}
{"level":"info","message":"Initialising file paths with browser & version","timestamp":"2014-10-08T15:24:49.414Z"}
{"level":"info","message":"Initialising file paths with browser & version","timestamp":"2014-10-08T15:24:49.414Z"}
{"level":"info","message":"Comparing images for stageload","timestamp":"2014-10-08T15:24:50.579Z"}
{"level":"info","message":"Saving screenshot to /tmp/screenchrome30.0.1599.652ac4c2b3d60b4ba18d425b0c3543ab47.png.load","timestamp":"2014-10-08T15:24:50.581Z"}
{"level":"info","message":"Got help style of ","timestamp":"2014-10-08T15:24:52.399Z"}
{"level":"info","message":"Comparing images for stagehelp","timestamp":"2014-10-08T15:24:52.445Z"}
{"level":"info","message":"Saving screenshot to /tmp/screeninternet explorer1115d899aba153444abcd53a9cd25749ea.png.help","timestamp":"2014-10-08T15:24:52.446Z"}
{"level":"info","message":"Saved screenshot","timestamp":"2014-10-08T15:24:53.151Z"}
{"level":"info","message":"Comparing images from paths: /tmp/screenchrome30.0.1599.652ac4c2b3d60b4ba18d425b0c3543ab47.png.load and images/load.jpgpopoverchrome30.0.1599.65.png","timestamp":"2014-10-08T15:24:53.151Z"}
{"level":"info","message":"Image comparison gave: 0","timestamp":"2014-10-08T15:24:53.238Z"}
{"level":"info","message":"chrome30.0.1599.652ac4c2b3d60b4ba18d425b0c3543ab47 compared images for stage: loadwith eqaulity of: 0","timestamp":"2014-10-08T15:24:53.238Z"}
{"level":"info","message":"Clicking on widget trigger","timestamp":"2014-10-08T15:24:53.603Z"}
{"level":"info","message":"Saved screenshot","timestamp":"2014-10-08T15:24:58.916Z"}
{"level":"info","message":"Comparing images from paths: /tmp/screeninternet explorer1115d899aba153444abcd53a9cd25749ea.png.help and images/help.jpginlineinternet explorer11.png","timestamp":"2014-10-08T15:24:58.916Z"}
{"level":"info","message":"Clicking the help button","timestamp":"2014-10-08T15:24:58.973Z"}
{"parentElementArrayFinder":{"locator_":{"using":"css selector","value":".zoe-btn-help"}},"elementArrayFinder_":{"locator_":{"$ref":"$[\"parentElementArrayFinder\"][\"locator_\"]"}},"level":"info","message":"help button is","timestamp":"2014-10-08T15:24:58.977Z"}
{"level":"info","message":"Comparing images for stagehelpClose","timestamp":"2014-10-08T15:24:58.979Z"}
{"level":"info","message":"Saving screenshot to /tmp/screeninternet explorer1115d899aba153444abcd53a9cd25749ea.png.helpClose","timestamp":"2014-10-08T15:24:58.979Z"}
{"level":"info","message":"Image comparison gave: 0","timestamp":"2014-10-08T15:24:58.990Z"}
{"level":"info","message":"internet explorer1115d899aba153444abcd53a9cd25749ea compared images for stage: helpwith eqaulity of: 0","timestamp":"2014-10-08T15:24:58.990Z"}
{"level":"info","message":"Comparing images for stageopenWidget","timestamp":"2014-10-08T15:25:00.006Z"}
{"level":"info","message":"Saving screenshot to /tmp/screenchrome30.0.1599.652ac4c2b3d60b4ba18d425b0c3543ab47.png.openWidget","timestamp":"2014-10-08T15:25:00.007Z"}
{"level":"info","message":"Saved screenshot","timestamp":"2014-10-08T15:25:04.739Z"}
{"level":"info","message":"Comparing images from paths: /tmp/screenchrome30.0.1599.652ac4c2b3d60b4ba18d425b0c3543ab47.png.openWidget and images/openWidget.jpgpopoverchrome30.0.1599.65.png","timestamp":"2014-10-08T15:25:04.739Z"}
{"level":"info","message":"Image comparison gave: 0.0030293122","timestamp":"2014-10-08T15:25:04.816Z"}
{"level":"info","message":"chrome30.0.1599.652ac4c2b3d60b4ba18d425b0c3543ab47 compared images for stage: openWidgetwith eqaulity of: 0.0030293122","timestamp":"2014-10-08T15:25:04.816Z"}
{"level":"info","message":"Got help style of display: none;","timestamp":"2014-10-08T15:25:04.874Z"}
{"level":"info","message":"Clicking the help button","timestamp":"2014-10-08T15:25:05.194Z"}
{"parentElementArrayFinder":{"locator_":{"using":"css selector","value":".zoe-btn-help"}},"elementArrayFinder_":{"locator_":{"$ref":"$[\"parentElementArrayFinder\"][\"locator_\"]"}},"level":"info","message":"help button is","timestamp":"2014-10-08T15:25:05.197Z"}
{"level":"info","message":"Got help style of ","timestamp":"2014-10-08T15:25:07.311Z"}
{"level":"info","message":"Comparing images for stagehelp","timestamp":"2014-10-08T15:25:07.353Z"}
{"level":"info","message":"Saving screenshot to /tmp/screenchrome30.0.1599.652ac4c2b3d60b4ba18d425b0c3543ab47.png.help","timestamp":"2014-10-08T15:25:07.353Z"}
{"level":"info","message":"Saved screenshot","timestamp":"2014-10-08T15:25:09.141Z"}
{"level":"info","message":"Comparing images from paths: /tmp/screeninternet explorer1115d899aba153444abcd53a9cd25749ea.png.helpClose and images/helpClose.jpginlineinternet explorer11.png","timestamp":"2014-10-08T15:25:09.142Z"}
{"level":"info","message":"Clicking the zoom button","timestamp":"2014-10-08T15:25:09.168Z"}
{"level":"info","message":"Comparing images for stagezoom","timestamp":"2014-10-08T15:25:09.173Z"}
{"level":"info","message":"Saving screenshot to /tmp/screeninternet explorer1115d899aba153444abcd53a9cd25749ea.png.zoom","timestamp":"2014-10-08T15:25:09.173Z"}
{"level":"info","message":"Image comparison gave: 0","timestamp":"2014-10-08T15:25:09.211Z"}
{"level":"info","message":"internet explorer1115d899aba153444abcd53a9cd25749ea compared images for stage: helpClosewith eqaulity of: 0","timestamp":"2014-10-08T15:25:09.211Z"}
{"level":"info","message":"Saved screenshot","timestamp":"2014-10-08T15:25:09.573Z"}
{"level":"info","message":"Comparing images from paths: /tmp/screenchrome30.0.1599.652ac4c2b3d60b4ba18d425b0c3543ab47.png.help and images/help.jpgpopoverchrome30.0.1599.65.png","timestamp":"2014-10-08T15:25:09.573Z"}
{"level":"info","message":"Image comparison gave: 0","timestamp":"2014-10-08T15:25:09.672Z"}
{"level":"info","message":"chrome30.0.1599.652ac4c2b3d60b4ba18d425b0c3543ab47 compared images for stage: helpwith eqaulity of: 0","timestamp":"2014-10-08T15:25:09.672Z"}
{"level":"info","message":"Clicking the help button","timestamp":"2014-10-08T15:25:10.084Z"}
{"parentElementArrayFinder":{"locator_":{"using":"css selector","value":".zoe-btn-help"}},"elementArrayFinder_":{"locator_":{"$ref":"$[\"parentElementArrayFinder\"][\"locator_\"]"}},"level":"info","message":"help button is","timestamp":"2014-10-08T15:25:10.087Z"}
{"level":"info","message":"Comparing images for stagehelpClose","timestamp":"2014-10-08T15:25:10.090Z"}
{"level":"info","message":"Saving screenshot to /tmp/screenchrome30.0.1599.652ac4c2b3d60b4ba18d425b0c3543ab47.png.helpClose","timestamp":"2014-10-08T15:25:10.091Z"}
{"level":"info","message":"Got help style of display: none;","timestamp":"2014-10-08T15:25:12.241Z"}
{"level":"info","message":"Saved screenshot","timestamp":"2014-10-08T15:25:14.654Z"}
{"level":"info","message":"Comparing images from paths: /tmp/screenchrome30.0.1599.652ac4c2b3d60b4ba18d425b0c3543ab47.png.helpClose and images/helpClose.jpgpopoverchrome30.0.1599.65.png","timestamp":"2014-10-08T15:25:14.654Z"}
{"level":"info","message":"Image comparison gave: 0","timestamp":"2014-10-08T15:25:14.730Z"}
{"level":"info","message":"chrome30.0.1599.652ac4c2b3d60b4ba18d425b0c3543ab47 compared images for stage: helpClosewith eqaulity of: 0","timestamp":"2014-10-08T15:25:14.730Z"}
{"level":"info","message":"Clicking the zoom button","timestamp":"2014-10-08T15:25:15.134Z"}
{"level":"info","message":"Comparing images for stagezoom","timestamp":"2014-10-08T15:25:15.136Z"}
{"level":"info","message":"Saving screenshot to /tmp/screenchrome30.0.1599.652ac4c2b3d60b4ba18d425b0c3543ab47.png.zoom","timestamp":"2014-10-08T15:25:15.136Z"}
{"level":"info","message":"Saved screenshot","timestamp":"2014-10-08T15:25:16.801Z"}
{"level":"info","message":"Comparing images from paths: /tmp/screeninternet explorer1115d899aba153444abcd53a9cd25749ea.png.zoom and images/zoom.jpginlineinternet explorer11.png","timestamp":"2014-10-08T15:25:16.801Z"}
{"level":"info","message":"Clicking the zoom button","timestamp":"2014-10-08T15:25:16.829Z"}
{"level":"info","message":"Comparing images for stagezoomClose","timestamp":"2014-10-08T15:25:16.838Z"}
{"level":"info","message":"Saving screenshot to /tmp/screeninternet explorer1115d899aba153444abcd53a9cd25749ea.png.zoomClose","timestamp":"2014-10-08T15:25:16.838Z"}
{"level":"info","message":"Image comparison gave: 0","timestamp":"2014-10-08T15:25:16.873Z"}
{"level":"info","message":"internet explorer1115d899aba153444abcd53a9cd25749ea compared images for stage: zoomwith eqaulity of: 0","timestamp":"2014-10-08T15:25:16.873Z"}
{"level":"info","message":"Saved screenshot","timestamp":"2014-10-08T15:25:20.498Z"}
{"level":"info","message":"Comparing images from paths: /tmp/screenchrome30.0.1599.652ac4c2b3d60b4ba18d425b0c3543ab47.png.zoom and images/zoom.jpgpopoverchrome30.0.1599.65.png","timestamp":"2014-10-08T15:25:20.498Z"}
{"level":"info","message":"Image comparison gave: 0","timestamp":"2014-10-08T15:25:20.600Z"}
{"level":"info","message":"chrome30.0.1599.652ac4c2b3d60b4ba18d425b0c3543ab47 compared images for stage: zoomwith eqaulity of: 0","timestamp":"2014-10-08T15:25:20.600Z"}
{"level":"info","message":"Clicking the zoom button","timestamp":"2014-10-08T15:25:20.943Z"}
{"level":"info","message":"Comparing images for stagezoomClose","timestamp":"2014-10-08T15:25:20.948Z"}
{"level":"info","message":"Saving screenshot to /tmp/screenchrome30.0.1599.652ac4c2b3d60b4ba18d425b0c3543ab47.png.zoomClose","timestamp":"2014-10-08T15:25:20.948Z"}
{"level":"info","message":"Saved screenshot","timestamp":"2014-10-08T15:25:23.088Z"}
{"level":"info","message":"Comparing images from paths: /tmp/screeninternet explorer1115d899aba153444abcd53a9cd25749ea.png.zoomClose and images/zoomClose.jpginlineinternet explorer11.png","timestamp":"2014-10-08T15:25:23.088Z"}
{"level":"info","message":"Opening URL: http://jenkins.zoetrope.io:8888/v3/testPopover.html","timestamp":"2014-10-08T15:25:23.114Z"}
{"level":"info","message":"Initialising file paths with browser & version","timestamp":"2014-10-08T15:25:23.115Z"}
{"level":"info","message":"Initialising file paths with browser & version","timestamp":"2014-10-08T15:25:23.115Z"}
{"level":"info","message":"Initialising file paths with browser & version","timestamp":"2014-10-08T15:25:23.115Z"}
{"level":"info","message":"Initialising file paths with browser & version","timestamp":"2014-10-08T15:25:23.115Z"}
{"level":"info","message":"Initialising file paths with browser & version","timestamp":"2014-10-08T15:25:23.115Z"}
{"level":"info","message":"Initialising file paths with browser & version","timestamp":"2014-10-08T15:25:23.115Z"}
{"level":"info","message":"Image comparison gave: 0","timestamp":"2014-10-08T15:25:23.153Z"}
{"level":"info","message":"internet explorer1115d899aba153444abcd53a9cd25749ea compared images for stage: zoomClosewith eqaulity of: 0","timestamp":"2014-10-08T15:25:23.154Z"}
{"level":"info","message":"Comparing images for stageload","timestamp":"2014-10-08T15:25:24.555Z"}
{"level":"info","message":"Saving screenshot to /tmp/screeninternet explorer1115d899aba153444abcd53a9cd25749ea.png.load","timestamp":"2014-10-08T15:25:24.555Z"}
{"level":"info","message":"Saved screenshot","timestamp":"2014-10-08T15:25:24.958Z"}
{"level":"info","message":"Comparing images from paths: /tmp/screenchrome30.0.1599.652ac4c2b3d60b4ba18d425b0c3543ab47.png.zoomClose and images/zoomClose.jpgpopoverchrome30.0.1599.65.png","timestamp":"2014-10-08T15:25:24.959Z"}
{"level":"info","message":"Image comparison gave: 0","timestamp":"2014-10-08T15:25:25.057Z"}
{"level":"info","message":"chrome30.0.1599.652ac4c2b3d60b4ba18d425b0c3543ab47 compared images for stage: zoomClosewith eqaulity of: 0","timestamp":"2014-10-08T15:25:25.058Z"}
{"level":"info","message":"Saved screenshot","timestamp":"2014-10-08T15:25:26.826Z"}
{"level":"info","message":"Comparing images from paths: /tmp/screeninternet explorer1115d899aba153444abcd53a9cd25749ea.png.load and images/load.jpgpopoverinternet explorer11.png","timestamp":"2014-10-08T15:25:26.827Z"}
{"level":"info","message":"Clicking on widget trigger","timestamp":"2014-10-08T15:25:26.880Z"}
{"level":"info","message":"Image comparison gave: 0","timestamp":"2014-10-08T15:25:26.897Z"}
{"level":"info","message":"internet explorer1115d899aba153444abcd53a9cd25749ea compared images for stage: loadwith eqaulity of: 0","timestamp":"2014-10-08T15:25:26.897Z"}
{"level":"info","message":"Comparing images for stageopenWidget","timestamp":"2014-10-08T15:25:29.036Z"}
{"level":"info","message":"Saving screenshot to /tmp/screeninternet explorer1115d899aba153444abcd53a9cd25749ea.png.openWidget","timestamp":"2014-10-08T15:25:29.037Z"}
{"level":"info","message":"Saved screenshot","timestamp":"2014-10-08T15:25:32.757Z"}
{"level":"info","message":"Comparing images from paths: /tmp/screeninternet explorer1115d899aba153444abcd53a9cd25749ea.png.openWidget and images/openWidget.jpgpopoverinternet explorer11.png","timestamp":"2014-10-08T15:25:32.757Z"}
{"level":"info","message":"Clicking the help button","timestamp":"2014-10-08T15:25:32.807Z"}
{"parentElementArrayFinder":{"locator_":{"using":"css selector","value":".zoe-btn-help"}},"elementArrayFinder_":{"locator_":{"$ref":"$[\"parentElementArrayFinder\"][\"locator_\"]"}},"level":"info","message":"help button is","timestamp":"2014-10-08T15:25:32.809Z"}
{"level":"info","message":"Image comparison gave: 0","timestamp":"2014-10-08T15:25:32.826Z"}
{"level":"info","message":"internet explorer1115d899aba153444abcd53a9cd25749ea compared images for stage: openWidgetwith eqaulity of: 0","timestamp":"2014-10-08T15:25:32.826Z"}
{"level":"info","message":"Got help style of ","timestamp":"2014-10-08T15:25:35.476Z"}
{"level":"info","message":"Comparing images for stagehelp","timestamp":"2014-10-08T15:25:35.518Z"}
{"level":"info","message":"Saving screenshot to /tmp/screeninternet explorer1115d899aba153444abcd53a9cd25749ea.png.help","timestamp":"2014-10-08T15:25:35.518Z"}
{"level":"info","message":"Saved screenshot","timestamp":"2014-10-08T15:25:37.812Z"}
{"level":"info","message":"Comparing images from paths: /tmp/screeninternet explorer1115d899aba153444abcd53a9cd25749ea.png.help and images/help.jpgpopoverinternet explorer11.png","timestamp":"2014-10-08T15:25:37.812Z"}
{"level":"info","message":"Clicking the help button","timestamp":"2014-10-08T15:25:37.871Z"}
{"parentElementArrayFinder":{"locator_":{"using":"css selector","value":".zoe-btn-help"}},"elementArrayFinder_":{"locator_":{"$ref":"$[\"parentElementArrayFinder\"][\"locator_\"]"}},"level":"info","message":"help button is","timestamp":"2014-10-08T15:25:37.874Z"}
{"level":"info","message":"Comparing images for stagehelpClose","timestamp":"2014-10-08T15:25:37.875Z"}
{"level":"info","message":"Saving screenshot to /tmp/screeninternet explorer1115d899aba153444abcd53a9cd25749ea.png.helpClose","timestamp":"2014-10-08T15:25:37.875Z"}
{"level":"info","message":"Image comparison gave: 0","timestamp":"2014-10-08T15:25:37.878Z"}
{"level":"info","message":"internet explorer1115d899aba153444abcd53a9cd25749ea compared images for stage: helpwith eqaulity of: 0","timestamp":"2014-10-08T15:25:37.878Z"}
{"level":"info","message":"Got help style of display: none;","timestamp":"2014-10-08T15:25:41.432Z"}
{"level":"info","message":"Saved screenshot","timestamp":"2014-10-08T15:25:44.564Z"}
{"level":"info","message":"Comparing images from paths: /tmp/screeninternet explorer1115d899aba153444abcd53a9cd25749ea.png.helpClose and images/helpClose.jpgpopoverinternet explorer11.png","timestamp":"2014-10-08T15:25:44.564Z"}
{"level":"info","message":"Clicking the zoom button","timestamp":"2014-10-08T15:25:44.603Z"}
{"level":"info","message":"Comparing images for stagezoom","timestamp":"2014-10-08T15:25:44.606Z"}
{"level":"info","message":"Saving screenshot to /tmp/screeninternet explorer1115d899aba153444abcd53a9cd25749ea.png.zoom","timestamp":"2014-10-08T15:25:44.606Z"}
{"level":"info","message":"Image comparison gave: 0","timestamp":"2014-10-08T15:25:44.626Z"}
{"level":"info","message":"internet explorer1115d899aba153444abcd53a9cd25749ea compared images for stage: helpClosewith eqaulity of: 0","timestamp":"2014-10-08T15:25:44.626Z"}
{"rotatable":false,"browserConnectionEnabled":true,"acceptSslCerts":true,"cssSelectorsEnabled":true,"javascriptEnabled":true,"nativeEvents":true,"databaseEnabled":true,"locationContextEnabled":true,"takesScreenshot":true,"platform":"XP","browserName":"firefox","webdriver.remote.sessionid":"9fe68e27a8c54cfebe1def2ec974e0a0","hasMetadata":true,"version":"27.0","applicationCacheEnabled":true,"webStorageEnabled":true,"handlesAlerts":true,"level":"info","message":"","timestamp":"2014-10-08T15:25:46.761Z"}
{"level":"info","message":"undefined","timestamp":"2014-10-08T15:25:46.762Z"}
{"level":"info","message":"BROWSER IS: firefox","timestamp":"2014-10-08T15:25:46.762Z"}
{"level":"info","message":"Initialising file paths with browser & version","timestamp":"2014-10-08T15:25:46.762Z"}
{"level":"info","message":"Initialising file paths with browser & version","timestamp":"2014-10-08T15:25:46.762Z"}
{"level":"info","message":"Initialising file paths with browser & version","timestamp":"2014-10-08T15:25:46.762Z"}
{"level":"info","message":"Initialising file paths with browser & version","timestamp":"2014-10-08T15:25:46.763Z"}
{"level":"info","message":"Initialising file paths with browser & version","timestamp":"2014-10-08T15:25:46.763Z"}
{"level":"info","message":"Initialising file paths with browser & version","timestamp":"2014-10-08T15:25:46.763Z"}
{"level":"info","message":"Initialising file paths with browser & version","timestamp":"2014-10-08T15:25:46.763Z"}
{"level":"info","message":"Initialising file paths with browser & version","timestamp":"2014-10-08T15:25:46.763Z"}
{"level":"info","message":"Initialising file paths with browser & version","timestamp":"2014-10-08T15:25:46.763Z"}
{"level":"info","message":"Initialising file paths with browser & version","timestamp":"2014-10-08T15:25:46.763Z"}
{"level":"info","message":"Initialising file paths with browser & version","timestamp":"2014-10-08T15:25:46.763Z"}
{"level":"info","message":"Initialising file paths with browser & version","timestamp":"2014-10-08T15:25:46.763Z"}
{"level":"info","message":"Initialising file paths with browser & version","timestamp":"2014-10-08T15:25:46.763Z"}
{"level":"info","message":"Initialising file paths with browser & version","timestamp":"2014-10-08T15:25:46.763Z"}
{"level":"info","message":"Initialising file paths with browser & version","timestamp":"2014-10-08T15:25:46.763Z"}
{"level":"info","message":"Initialising file paths with browser & version","timestamp":"2014-10-08T15:25:46.763Z"}
{"level":"info","message":"Initialising file paths with browser & version","timestamp":"2014-10-08T15:25:46.763Z"}
{"level":"info","message":"Initialising file paths with browser & version","timestamp":"2014-10-08T15:25:46.763Z"}
{"level":"info","message":"Initialising file paths with browser & version","timestamp":"2014-10-08T15:25:46.763Z"}
{"level":"info","message":"Initialising file paths with browser & version","timestamp":"2014-10-08T15:25:46.763Z"}
{"level":"info","message":"Initialising file paths with browser & version","timestamp":"2014-10-08T15:25:46.764Z"}
{"level":"info","message":"Opening URL: http://jenkins.zoetrope.io:8888/v3/testInline.html","timestamp":"2014-10-08T15:25:47.182Z"}
{"level":"info","message":"Initialising file paths with browser & version","timestamp":"2014-10-08T15:25:47.183Z"}
{"level":"info","message":"Initialising file paths with browser & version","timestamp":"2014-10-08T15:25:47.183Z"}
{"level":"info","message":"Initialising file paths with browser & version","timestamp":"2014-10-08T15:25:47.183Z"}
{"level":"info","message":"Initialising file paths with browser & version","timestamp":"2014-10-08T15:25:47.183Z"}
{"level":"info","message":"Initialising file paths with browser & version","timestamp":"2014-10-08T15:25:47.183Z"}
{"level":"info","message":"Initialising file paths with browser & version","timestamp":"2014-10-08T15:25:47.183Z"}
{"level":"info","message":"Saved screenshot","timestamp":"2014-10-08T15:25:51.545Z"}
{"level":"info","message":"Comparing images from paths: /tmp/screeninternet explorer1115d899aba153444abcd53a9cd25749ea.png.zoom and images/zoom.jpgpopoverinternet explorer11.png","timestamp":"2014-10-08T15:25:51.545Z"}
{"level":"info","message":"Clicking the zoom button","timestamp":"2014-10-08T15:25:51.573Z"}
{"level":"info","message":"Comparing images for stagezoomClose","timestamp":"2014-10-08T15:25:51.577Z"}
{"level":"info","message":"Saving screenshot to /tmp/screeninternet explorer1115d899aba153444abcd53a9cd25749ea.png.zoomClose","timestamp":"2014-10-08T15:25:51.577Z"}
{"level":"info","message":"Image comparison gave: 0","timestamp":"2014-10-08T15:25:51.614Z"}
{"level":"info","message":"internet explorer1115d899aba153444abcd53a9cd25749ea compared images for stage: zoomwith eqaulity of: 0","timestamp":"2014-10-08T15:25:51.615Z"}
{"level":"info","message":"Comparing images for stageload","timestamp":"2014-10-08T15:25:54.403Z"}
{"level":"info","message":"Saving screenshot to /tmp/screenfirefox27.09fe68e27a8c54cfebe1def2ec974e0a0.png.load","timestamp":"2014-10-08T15:25:54.404Z"}
{"level":"info","message":"Saved screenshot","timestamp":"2014-10-08T15:26:01.298Z"}
{"level":"info","message":"Comparing images from paths: /tmp/screenfirefox27.09fe68e27a8c54cfebe1def2ec974e0a0.png.load and images/load.jpginlinefirefox27.0.png","timestamp":"2014-10-08T15:26:01.299Z"}
{"level":"info","message":"Image comparison gave: 0","timestamp":"2014-10-08T15:26:01.369Z"}
{"level":"info","message":"firefox27.09fe68e27a8c54cfebe1def2ec974e0a0 compared images for stage: loadwith eqaulity of: 0","timestamp":"2014-10-08T15:26:01.369Z"}
{"level":"info","message":"Clicking the help button","timestamp":"2014-10-08T15:26:01.788Z"}
{"parentElementArrayFinder":{"locator_":{"using":"css selector","value":".zoe-btn-help"}},"elementArrayFinder_":{"locator_":{"$ref":"$[\"parentElementArrayFinder\"][\"locator_\"]"}},"level":"info","message":"help button is","timestamp":"2014-10-08T15:26:01.793Z"}
{"level":"info","message":"Saved screenshot","timestamp":"2014-10-08T15:26:03.811Z"}
{"level":"info","message":"Comparing images from paths: /tmp/screeninternet explorer1115d899aba153444abcd53a9cd25749ea.png.zoomClose and images/zoomClose.jpgpopoverinternet explorer11.png","timestamp":"2014-10-08T15:26:03.811Z"}
{"level":"info","message":"Image comparison gave: 0","timestamp":"2014-10-08T15:26:03.882Z"}
{"level":"info","message":"internet explorer1115d899aba153444abcd53a9cd25749ea compared images for stage: zoomClosewith eqaulity of: 0","timestamp":"2014-10-08T15:26:03.882Z"}
{"level":"info","message":"Got help style of ","timestamp":"2014-10-08T15:26:04.302Z"}
{"level":"info","message":"Comparing images for stagehelp","timestamp":"2014-10-08T15:26:04.345Z"}
{"level":"info","message":"Saving screenshot to /tmp/screenfirefox27.09fe68e27a8c54cfebe1def2ec974e0a0.png.help","timestamp":"2014-10-08T15:26:04.346Z"}
{"level":"info","message":"Saved screenshot","timestamp":"2014-10-08T15:26:06.047Z"}
{"level":"info","message":"Comparing images from paths: /tmp/screenfirefox27.09fe68e27a8c54cfebe1def2ec974e0a0.png.help and images/help.jpginlinefirefox27.0.png","timestamp":"2014-10-08T15:26:06.047Z"}
{"level":"info","message":"Image comparison gave: 0","timestamp":"2014-10-08T15:26:06.115Z"}
{"level":"info","message":"firefox27.09fe68e27a8c54cfebe1def2ec974e0a0 compared images for stage: helpwith eqaulity of: 0","timestamp":"2014-10-08T15:26:06.115Z"}
{"level":"info","message":"Clicking the help button","timestamp":"2014-10-08T15:26:06.543Z"}
{"parentElementArrayFinder":{"locator_":{"using":"css selector","value":".zoe-btn-help"}},"elementArrayFinder_":{"locator_":{"$ref":"$[\"parentElementArrayFinder\"][\"locator_\"]"}},"level":"info","message":"help button is","timestamp":"2014-10-08T15:26:06.546Z"}
{"level":"info","message":"Comparing images for stagehelpClose","timestamp":"2014-10-08T15:26:06.548Z"}
{"level":"info","message":"Saving screenshot to /tmp/screenfirefox27.09fe68e27a8c54cfebe1def2ec974e0a0.png.helpClose","timestamp":"2014-10-08T15:26:06.548Z"}
{"level":"info","message":"Got help style of display: none;","timestamp":"2014-10-08T15:26:09.009Z"}
{"level":"info","message":"Saved screenshot","timestamp":"2014-10-08T15:26:10.708Z"}
{"level":"info","message":"Comparing images from paths: /tmp/screenfirefox27.09fe68e27a8c54cfebe1def2ec974e0a0.png.helpClose and images/helpClose.jpginlinefirefox27.0.png","timestamp":"2014-10-08T15:26:10.708Z"}
{"level":"info","message":"Image comparison gave: 0","timestamp":"2014-10-08T15:26:10.769Z"}
{"level":"info","message":"firefox27.09fe68e27a8c54cfebe1def2ec974e0a0 compared images for stage: helpClosewith eqaulity of: 0","timestamp":"2014-10-08T15:26:10.769Z"}
{"level":"info","message":"Clicking the zoom button","timestamp":"2014-10-08T15:26:11.151Z"}
{"level":"info","message":"Comparing images for stagezoom","timestamp":"2014-10-08T15:26:11.156Z"}
{"level":"info","message":"Saving screenshot to /tmp/screenfirefox27.09fe68e27a8c54cfebe1def2ec974e0a0.png.zoom","timestamp":"2014-10-08T15:26:11.156Z"}
{"level":"info","message":"Saved screenshot","timestamp":"2014-10-08T15:26:15.837Z"}
{"level":"info","message":"Comparing images from paths: /tmp/screenfirefox27.09fe68e27a8c54cfebe1def2ec974e0a0.png.zoom and images/zoom.jpginlinefirefox27.0.png","timestamp":"2014-10-08T15:26:15.837Z"}
{"level":"info","message":"Image comparison gave: 0","timestamp":"2014-10-08T15:26:15.904Z"}
{"level":"info","message":"firefox27.09fe68e27a8c54cfebe1def2ec974e0a0 compared images for stage: zoomwith eqaulity of: 0","timestamp":"2014-10-08T15:26:15.904Z"}
{"level":"info","message":"Clicking the zoom button","timestamp":"2014-10-08T15:26:16.304Z"}
{"level":"info","message":"Comparing images for stagezoomClose","timestamp":"2014-10-08T15:26:16.308Z"}
{"level":"info","message":"Saving screenshot to /tmp/screenfirefox27.09fe68e27a8c54cfebe1def2ec974e0a0.png.zoomClose","timestamp":"2014-10-08T15:26:16.309Z"}
{"level":"info","message":"Saved screenshot","timestamp":"2014-10-08T15:26:20.133Z"}
{"level":"info","message":"Comparing images from paths: /tmp/screenfirefox27.09fe68e27a8c54cfebe1def2ec974e0a0.png.zoomClose and images/zoomClose.jpginlinefirefox27.0.png","timestamp":"2014-10-08T15:26:20.134Z"}
{"level":"info","message":"Image comparison gave: 0","timestamp":"2014-10-08T15:26:20.178Z"}
{"level":"info","message":"firefox27.09fe68e27a8c54cfebe1def2ec974e0a0 compared images for stage: zoomClosewith eqaulity of: 0","timestamp":"2014-10-08T15:26:20.179Z"}
{"level":"info","message":"Opening URL: http://jenkins.zoetrope.io:8888/v3/testPopover.html","timestamp":"2014-10-08T15:26:21.030Z"}
{"level":"info","message":"Initialising file paths with browser & version","timestamp":"2014-10-08T15:26:21.030Z"}
{"level":"info","message":"Initialising file paths with browser & version","timestamp":"2014-10-08T15:26:21.030Z"}
{"level":"info","message":"Initialising file paths with browser & version","timestamp":"2014-10-08T15:26:21.031Z"}
{"level":"info","message":"Initialising file paths with browser & version","timestamp":"2014-10-08T15:26:21.031Z"}
{"level":"info","message":"Initialising file paths with browser & version","timestamp":"2014-10-08T15:26:21.031Z"}
{"level":"info","message":"Initialising file paths with browser & version","timestamp":"2014-10-08T15:26:21.031Z"}
{"level":"info","message":"Comparing images for stageload","timestamp":"2014-10-08T15:26:23.137Z"}
{"level":"info","message":"Saving screenshot to /tmp/screenfirefox27.09fe68e27a8c54cfebe1def2ec974e0a0.png.load","timestamp":"2014-10-08T15:26:23.140Z"}
{"takesScreenshot":true,"version":"6.0.5","cssSelectorsEnabled":true,"javascriptEnabled":true,"browserName":"safari","platform":"MAC","secureSsl":true,"webdriver.remote.sessionid":"9cabbef1d7534e0893c30d4b202202e1","hasMetadata":true,"level":"info","message":"","timestamp":"2014-10-08T15:26:25.126Z"}
{"level":"info","message":"undefined","timestamp":"2014-10-08T15:26:25.127Z"}
{"level":"info","message":"BROWSER IS: safari","timestamp":"2014-10-08T15:26:25.127Z"}
{"level":"info","message":"Initialising file paths with browser & version","timestamp":"2014-10-08T15:26:25.127Z"}
{"level":"info","message":"Initialising file paths with browser & version","timestamp":"2014-10-08T15:26:25.127Z"}
{"level":"info","message":"Initialising file paths with browser & version","timestamp":"2014-10-08T15:26:25.127Z"}
{"level":"info","message":"Initialising file paths with browser & version","timestamp":"2014-10-08T15:26:25.127Z"}
{"level":"info","message":"Initialising file paths with browser & version","timestamp":"2014-10-08T15:26:25.127Z"}
{"level":"info","message":"Initialising file paths with browser & version","timestamp":"2014-10-08T15:26:25.127Z"}
{"level":"info","message":"Initialising file paths with browser & version","timestamp":"2014-10-08T15:26:25.127Z"}
{"level":"info","message":"Initialising file paths with browser & version","timestamp":"2014-10-08T15:26:25.127Z"}
{"level":"info","message":"Initialising file paths with browser & version","timestamp":"2014-10-08T15:26:25.127Z"}
{"level":"info","message":"Initialising file paths with browser & version","timestamp":"2014-10-08T15:26:25.127Z"}
{"level":"info","message":"Initialising file paths with browser & version","timestamp":"2014-10-08T15:26:25.128Z"}
{"level":"info","message":"Initialising file paths with browser & version","timestamp":"2014-10-08T15:26:25.128Z"}
{"level":"info","message":"Initialising file paths with browser & version","timestamp":"2014-10-08T15:26:25.128Z"}
{"level":"info","message":"Initialising file paths with browser & version","timestamp":"2014-10-08T15:26:25.128Z"}
{"level":"info","message":"Initialising file paths with browser & version","timestamp":"2014-10-08T15:26:25.128Z"}
{"level":"info","message":"Initialising file paths with browser & version","timestamp":"2014-10-08T15:26:25.128Z"}
{"level":"info","message":"Initialising file paths with browser & version","timestamp":"2014-10-08T15:26:25.128Z"}
{"level":"info","message":"Initialising file paths with browser & version","timestamp":"2014-10-08T15:26:25.128Z"}
{"level":"info","message":"Initialising file paths with browser & version","timestamp":"2014-10-08T15:26:25.128Z"}
{"level":"info","message":"Initialising file paths with browser & version","timestamp":"2014-10-08T15:26:25.128Z"}
{"level":"info","message":"Initialising file paths with browser & version","timestamp":"2014-10-08T15:26:25.128Z"}
{"level":"info","message":"Saved screenshot","timestamp":"2014-10-08T15:26:25.319Z"}
{"level":"info","message":"Comparing images from paths: /tmp/screenfirefox27.09fe68e27a8c54cfebe1def2ec974e0a0.png.load and images/load.jpgpopoverfirefox27.0.png","timestamp":"2014-10-08T15:26:25.319Z"}
{"level":"info","message":"Image comparison gave: 0","timestamp":"2014-10-08T15:26:25.384Z"}
{"level":"info","message":"firefox27.09fe68e27a8c54cfebe1def2ec974e0a0 compared images for stage: loadwith eqaulity of: 0","timestamp":"2014-10-08T15:26:25.384Z"}
{"level":"info","message":"Opening URL: http://jenkins.zoetrope.io:8888/v3/testInline.html","timestamp":"2014-10-08T15:26:25.541Z"}
{"level":"info","message":"Initialising file paths with browser & version","timestamp":"2014-10-08T15:26:25.542Z"}
{"level":"info","message":"Initialising file paths with browser & version","timestamp":"2014-10-08T15:26:25.542Z"}
{"level":"info","message":"Initialising file paths with browser & version","timestamp":"2014-10-08T15:26:25.542Z"}
{"level":"info","message":"Initialising file paths with browser & version","timestamp":"2014-10-08T15:26:25.542Z"}
{"level":"info","message":"Initialising file paths with browser & version","timestamp":"2014-10-08T15:26:25.542Z"}
{"level":"info","message":"Initialising file paths with browser & version","timestamp":"2014-10-08T15:26:25.542Z"}
{"level":"info","message":"Clicking on widget trigger","timestamp":"2014-10-08T15:26:25.812Z"}
{"level":"info","message":"Comparing images for stageopenWidget","timestamp":"2014-10-08T15:26:27.557Z"}
{"level":"info","message":"Saving screenshot to /tmp/screenfirefox27.09fe68e27a8c54cfebe1def2ec974e0a0.png.openWidget","timestamp":"2014-10-08T15:26:27.557Z"}
{"level":"info","message":"Comparing images for stageload","timestamp":"2014-10-08T15:26:30.202Z"}
{"level":"info","message":"Saving screenshot to /tmp/screensafari6.0.59cabbef1d7534e0893c30d4b202202e1.png.load","timestamp":"2014-10-08T15:26:30.203Z"}
{"level":"info","message":"Saved screenshot","timestamp":"2014-10-08T15:26:31.162Z"}
{"level":"info","message":"Comparing images from paths: /tmp/screenfirefox27.09fe68e27a8c54cfebe1def2ec974e0a0.png.openWidget and images/openWidget.jpgpopoverfirefox27.0.png","timestamp":"2014-10-08T15:26:31.162Z"}
{"level":"info","message":"Image comparison gave: 0.0001845231","timestamp":"2014-10-08T15:26:31.236Z"}
{"level":"info","message":"firefox27.09fe68e27a8c54cfebe1def2ec974e0a0 compared images for stage: openWidgetwith eqaulity of: 0.0001845231","timestamp":"2014-10-08T15:26:31.236Z"}
{"level":"info","message":"Clicking the help button","timestamp":"2014-10-08T15:26:31.655Z"}
{"parentElementArrayFinder":{"locator_":{"using":"css selector","value":".zoe-btn-help"}},"elementArrayFinder_":{"locator_":{"$ref":"$[\"parentElementArrayFinder\"][\"locator_\"]"}},"level":"info","message":"help button is","timestamp":"2014-10-08T15:26:31.657Z"}
{"level":"info","message":"Saved screenshot","timestamp":"2014-10-08T15:26:32.493Z"}
{"level":"info","message":"Comparing images from paths: /tmp/screensafari6.0.59cabbef1d7534e0893c30d4b202202e1.png.load and images/load.jpginlinesafari6.0.5.png","timestamp":"2014-10-08T15:26:32.494Z"}
{"level":"info","message":"Image comparison gave: 0","timestamp":"2014-10-08T15:26:32.591Z"}
{"level":"info","message":"safari6.0.59cabbef1d7534e0893c30d4b202202e1 compared images for stage: loadwith eqaulity of: 0","timestamp":"2014-10-08T15:26:32.591Z"}
{"level":"info","message":"Clicking the help button","timestamp":"2014-10-08T15:26:32.982Z"}
{"parentElementArrayFinder":{"locator_":{"using":"css selector","value":".zoe-btn-help"}},"elementArrayFinder_":{"locator_":{"$ref":"$[\"parentElementArrayFinder\"][\"locator_\"]"}},"level":"info","message":"help button is","timestamp":"2014-10-08T15:26:32.986Z"}
{"level":"info","message":"Got help style of ","timestamp":"2014-10-08T15:26:34.200Z"}
{"level":"info","message":"Comparing images for stagehelp","timestamp":"2014-10-08T15:26:34.243Z"}
{"level":"info","message":"Saving screenshot to /tmp/screenfirefox27.09fe68e27a8c54cfebe1def2ec974e0a0.png.help","timestamp":"2014-10-08T15:26:34.244Z"}
{"level":"info","message":"Got help style of ","timestamp":"2014-10-08T15:26:35.219Z"}
{"level":"info","message":"Comparing images for stagehelp","timestamp":"2014-10-08T15:26:35.261Z"}
{"level":"info","message":"Saving screenshot to /tmp/screensafari6.0.59cabbef1d7534e0893c30d4b202202e1.png.help","timestamp":"2014-10-08T15:26:35.261Z"}
{"level":"info","message":"Saved screenshot","timestamp":"2014-10-08T15:26:36.903Z"}
{"level":"info","message":"Comparing images from paths: /tmp/screenfirefox27.09fe68e27a8c54cfebe1def2ec974e0a0.png.help and images/help.jpgpopoverfirefox27.0.png","timestamp":"2014-10-08T15:26:36.903Z"}
{"level":"info","message":"Image comparison gave: 0","timestamp":"2014-10-08T15:26:36.973Z"}
{"level":"info","message":"firefox27.09fe68e27a8c54cfebe1def2ec974e0a0 compared images for stage: helpwith eqaulity of: 0","timestamp":"2014-10-08T15:26:36.973Z"}
{"level":"info","message":"Saved screenshot","timestamp":"2014-10-08T15:26:37.059Z"}
{"level":"info","message":"Comparing images from paths: /tmp/screensafari6.0.59cabbef1d7534e0893c30d4b202202e1.png.help and images/help.jpginlinesafari6.0.5.png","timestamp":"2014-10-08T15:26:37.059Z"}
{"level":"info","message":"Image comparison gave: 0","timestamp":"2014-10-08T15:26:37.133Z"}
{"level":"info","message":"safari6.0.59cabbef1d7534e0893c30d4b202202e1 compared images for stage: helpwith eqaulity of: 0","timestamp":"2014-10-08T15:26:37.133Z"}
{"level":"info","message":"Clicking the help button","timestamp":"2014-10-08T15:26:37.379Z"}
{"parentElementArrayFinder":{"locator_":{"using":"css selector","value":".zoe-btn-help"}},"elementArrayFinder_":{"locator_":{"$ref":"$[\"parentElementArrayFinder\"][\"locator_\"]"}},"level":"info","message":"help button is","timestamp":"2014-10-08T15:26:37.382Z"}
{"level":"info","message":"Comparing images for stagehelpClose","timestamp":"2014-10-08T15:26:37.384Z"}
{"level":"info","message":"Saving screenshot to /tmp/screenfirefox27.09fe68e27a8c54cfebe1def2ec974e0a0.png.helpClose","timestamp":"2014-10-08T15:26:37.384Z"}
{"level":"info","message":"Clicking the help button","timestamp":"2014-10-08T15:26:37.567Z"}
{"parentElementArrayFinder":{"locator_":{"using":"css selector","value":".zoe-btn-help"}},"elementArrayFinder_":{"locator_":{"$ref":"$[\"parentElementArrayFinder\"][\"locator_\"]"}},"level":"info","message":"help button is","timestamp":"2014-10-08T15:26:37.570Z"}
{"level":"info","message":"Comparing images for stagehelpClose","timestamp":"2014-10-08T15:26:37.572Z"}
{"level":"info","message":"Saving screenshot to /tmp/screensafari6.0.59cabbef1d7534e0893c30d4b202202e1.png.helpClose","timestamp":"2014-10-08T15:26:37.572Z"}
{"level":"info","message":"Got help style of display: none; ","timestamp":"2014-10-08T15:26:39.788Z"}
{"level":"info","message":"Got help style of display: none;","timestamp":"2014-10-08T15:26:39.939Z"}
{"level":"info","message":"Saved screenshot","timestamp":"2014-10-08T15:26:45.101Z"}
{"level":"info","message":"Comparing images from paths: /tmp/screensafari6.0.59cabbef1d7534e0893c30d4b202202e1.png.helpClose and images/helpClose.jpginlinesafari6.0.5.png","timestamp":"2014-10-08T15:26:45.101Z"}
{"level":"info","message":"Image comparison gave: 0","timestamp":"2014-10-08T15:26:45.187Z"}
{"level":"info","message":"safari6.0.59cabbef1d7534e0893c30d4b202202e1 compared images for stage: helpClosewith eqaulity of: 0","timestamp":"2014-10-08T15:26:45.187Z"}
{"level":"info","message":"Clicking the zoom button","timestamp":"2014-10-08T15:26:45.560Z"}
{"level":"info","message":"Comparing images for stagezoom","timestamp":"2014-10-08T15:26:45.564Z"}
{"level":"info","message":"Saving screenshot to /tmp/screensafari6.0.59cabbef1d7534e0893c30d4b202202e1.png.zoom","timestamp":"2014-10-08T15:26:45.565Z"}
{"level":"info","message":"Saved screenshot","timestamp":"2014-10-08T15:26:45.885Z"}
{"level":"info","message":"Comparing images from paths: /tmp/screenfirefox27.09fe68e27a8c54cfebe1def2ec974e0a0.png.helpClose and images/helpClose.jpgpopoverfirefox27.0.png","timestamp":"2014-10-08T15:26:45.886Z"}
{"level":"info","message":"Image comparison gave: 0","timestamp":"2014-10-08T15:26:45.957Z"}
{"level":"info","message":"firefox27.09fe68e27a8c54cfebe1def2ec974e0a0 compared images for stage: helpClosewith eqaulity of: 0","timestamp":"2014-10-08T15:26:45.958Z"}
{"level":"info","message":"Clicking the zoom button","timestamp":"2014-10-08T15:26:46.355Z"}
{"level":"info","message":"Comparing images for stagezoom","timestamp":"2014-10-08T15:26:46.359Z"}
{"level":"info","message":"Saving screenshot to /tmp/screenfirefox27.09fe68e27a8c54cfebe1def2ec974e0a0.png.zoom","timestamp":"2014-10-08T15:26:46.359Z"}
{"level":"info","message":"Saved screenshot","timestamp":"2014-10-08T15:26:51.486Z"}
{"level":"info","message":"Comparing images from paths: /tmp/screensafari6.0.59cabbef1d7534e0893c30d4b202202e1.png.zoom and images/zoom.jpginlinesafari6.0.5.png","timestamp":"2014-10-08T15:26:51.486Z"}
{"level":"info","message":"Image comparison gave: 0","timestamp":"2014-10-08T15:26:51.577Z"}
{"level":"info","message":"safari6.0.59cabbef1d7534e0893c30d4b202202e1 compared images for stage: zoomwith eqaulity of: 0","timestamp":"2014-10-08T15:26:51.577Z"}
{"level":"info","message":"Clicking the zoom button","timestamp":"2014-10-08T15:26:51.937Z"}
{"level":"info","message":"Comparing images for stagezoomClose","timestamp":"2014-10-08T15:26:51.942Z"}
{"level":"info","message":"Saving screenshot to /tmp/screensafari6.0.59cabbef1d7534e0893c30d4b202202e1.png.zoomClose","timestamp":"2014-10-08T15:26:51.943Z"}
{"level":"info","message":"Saved screenshot","timestamp":"2014-10-08T15:26:52.067Z"}
{"level":"info","message":"Comparing images from paths: /tmp/screenfirefox27.09fe68e27a8c54cfebe1def2ec974e0a0.png.zoom and images/zoom.jpgpopoverfirefox27.0.png","timestamp":"2014-10-08T15:26:52.067Z"}
{"level":"info","message":"Image comparison gave: 0","timestamp":"2014-10-08T15:26:52.138Z"}
{"level":"info","message":"firefox27.09fe68e27a8c54cfebe1def2ec974e0a0 compared images for stage: zoomwith eqaulity of: 0","timestamp":"2014-10-08T15:26:52.138Z"}
{"level":"info","message":"Clicking the zoom button","timestamp":"2014-10-08T15:26:52.526Z"}
{"level":"info","message":"Comparing images for stagezoomClose","timestamp":"2014-10-08T15:26:52.529Z"}
{"level":"info","message":"Saving screenshot to /tmp/screenfirefox27.09fe68e27a8c54cfebe1def2ec974e0a0.png.zoomClose","timestamp":"2014-10-08T15:26:52.529Z"}
{"level":"info","message":"Saved screenshot","timestamp":"2014-10-08T15:26:55.602Z"}
{"level":"info","message":"Comparing images from paths: /tmp/screensafari6.0.59cabbef1d7534e0893c30d4b202202e1.png.zoomClose and images/zoomClose.jpginlinesafari6.0.5.png","timestamp":"2014-10-08T15:26:55.602Z"}
{"level":"info","message":"Image comparison gave: 0","timestamp":"2014-10-08T15:26:55.691Z"}
{"level":"info","message":"safari6.0.59cabbef1d7534e0893c30d4b202202e1 compared images for stage: zoomClosewith eqaulity of: 0","timestamp":"2014-10-08T15:26:55.691Z"}
{"level":"info","message":"Opening URL: http://jenkins.zoetrope.io:8888/v3/testPopover.html","timestamp":"2014-10-08T15:26:56.052Z"}
{"level":"info","message":"Initialising file paths with browser & version","timestamp":"2014-10-08T15:26:56.052Z"}
{"level":"info","message":"Initialising file paths with browser & version","timestamp":"2014-10-08T15:26:56.052Z"}
{"level":"info","message":"Initialising file paths with browser & version","timestamp":"2014-10-08T15:26:56.052Z"}
{"level":"info","message":"Initialising file paths with browser & version","timestamp":"2014-10-08T15:26:56.052Z"}
{"level":"info","message":"Initialising file paths with browser & version","timestamp":"2014-10-08T15:26:56.052Z"}
{"level":"info","message":"Initialising file paths with browser & version","timestamp":"2014-10-08T15:26:56.052Z"}
{"level":"info","message":"Comparing images for stageload","timestamp":"2014-10-08T15:26:57.074Z"}
{"level":"info","message":"Saving screenshot to /tmp/screensafari6.0.59cabbef1d7534e0893c30d4b202202e1.png.load","timestamp":"2014-10-08T15:26:57.076Z"}
{"level":"info","message":"Saved screenshot","timestamp":"2014-10-08T15:26:59.874Z"}
{"level":"info","message":"Comparing images from paths: /tmp/screensafari6.0.59cabbef1d7534e0893c30d4b202202e1.png.load and images/load.jpgpopoversafari6.0.5.png","timestamp":"2014-10-08T15:26:59.874Z"}
{"level":"info","message":"Image comparison gave: 0","timestamp":"2014-10-08T15:27:00.021Z"}
{"level":"info","message":"safari6.0.59cabbef1d7534e0893c30d4b202202e1 compared images for stage: loadwith eqaulity of: 0","timestamp":"2014-10-08T15:27:00.021Z"}
{"level":"info","message":"Clicking on widget trigger","timestamp":"2014-10-08T15:27:00.350Z"}
{"level":"info","message":"Comparing images for stageopenWidget","timestamp":"2014-10-08T15:27:03.166Z"}
{"level":"info","message":"Saving screenshot to /tmp/screensafari6.0.59cabbef1d7534e0893c30d4b202202e1.png.openWidget","timestamp":"2014-10-08T15:27:03.166Z"}
{"level":"info","message":"Saved screenshot","timestamp":"2014-10-08T15:27:03.454Z"}
{"level":"info","message":"Comparing images from paths: /tmp/screenfirefox27.09fe68e27a8c54cfebe1def2ec974e0a0.png.zoomClose and images/zoomClose.jpgpopoverfirefox27.0.png","timestamp":"2014-10-08T15:27:03.454Z"}
{"level":"info","message":"Image comparison gave: 0","timestamp":"2014-10-08T15:27:03.519Z"}
{"level":"info","message":"firefox27.09fe68e27a8c54cfebe1def2ec974e0a0 compared images for stage: zoomClosewith eqaulity of: 0","timestamp":"2014-10-08T15:27:03.519Z"}
{"level":"info","message":"Saved screenshot","timestamp":"2014-10-08T15:27:06.658Z"}
{"level":"info","message":"Comparing images from paths: /tmp/screensafari6.0.59cabbef1d7534e0893c30d4b202202e1.png.openWidget and images/openWidget.jpgpopoversafari6.0.5.png","timestamp":"2014-10-08T15:27:06.658Z"}
{"level":"info","message":"Image comparison gave: 0","timestamp":"2014-10-08T15:27:06.739Z"}
{"level":"info","message":"safari6.0.59cabbef1d7534e0893c30d4b202202e1 compared images for stage: openWidgetwith eqaulity of: 0","timestamp":"2014-10-08T15:27:06.740Z"}
{"level":"info","message":"Clicking the help button","timestamp":"2014-10-08T15:27:07.109Z"}
{"parentElementArrayFinder":{"locator_":{"using":"css selector","value":".zoe-btn-help"}},"elementArrayFinder_":{"locator_":{"$ref":"$[\"parentElementArrayFinder\"][\"locator_\"]"}},"level":"info","message":"help button is","timestamp":"2014-10-08T15:27:07.113Z"}
{"level":"info","message":"Got help style of ","timestamp":"2014-10-08T15:27:09.317Z"}
{"level":"info","message":"Comparing images for stagehelp","timestamp":"2014-10-08T15:27:09.359Z"}
{"level":"info","message":"Saving screenshot to /tmp/screensafari6.0.59cabbef1d7534e0893c30d4b202202e1.png.help","timestamp":"2014-10-08T15:27:09.359Z"}
{"level":"info","message":"Saved screenshot","timestamp":"2014-10-08T15:27:13.322Z"}
{"level":"info","message":"Comparing images from paths: /tmp/screensafari6.0.59cabbef1d7534e0893c30d4b202202e1.png.help and images/help.jpgpopoversafari6.0.5.png","timestamp":"2014-10-08T15:27:13.322Z"}
{"level":"info","message":"Image comparison gave: 0","timestamp":"2014-10-08T15:27:13.422Z"}
{"level":"info","message":"safari6.0.59cabbef1d7534e0893c30d4b202202e1 compared images for stage: helpwith eqaulity of: 0","timestamp":"2014-10-08T15:27:13.422Z"}
{"level":"info","message":"Clicking the help button","timestamp":"2014-10-08T15:27:13.821Z"}
{"parentElementArrayFinder":{"locator_":{"using":"css selector","value":".zoe-btn-help"}},"elementArrayFinder_":{"locator_":{"$ref":"$[\"parentElementArrayFinder\"][\"locator_\"]"}},"level":"info","message":"help button is","timestamp":"2014-10-08T15:27:13.823Z"}
{"level":"info","message":"Comparing images for stagehelpClose","timestamp":"2014-10-08T15:27:13.825Z"}
{"level":"info","message":"Saving screenshot to /tmp/screensafari6.0.59cabbef1d7534e0893c30d4b202202e1.png.helpClose","timestamp":"2014-10-08T15:27:13.825Z"}
{"level":"info","message":"Got help style of display: none; ","timestamp":"2014-10-08T15:27:16.874Z"}
{"level":"info","message":"Saved screenshot","timestamp":"2014-10-08T15:27:21.299Z"}
{"level":"info","message":"Comparing images from paths: /tmp/screensafari6.0.59cabbef1d7534e0893c30d4b202202e1.png.helpClose and images/helpClose.jpgpopoversafari6.0.5.png","timestamp":"2014-10-08T15:27:21.299Z"}
{"level":"info","message":"Image comparison gave: 0","timestamp":"2014-10-08T15:27:21.409Z"}
{"level":"info","message":"safari6.0.59cabbef1d7534e0893c30d4b202202e1 compared images for stage: helpClosewith eqaulity of: 0","timestamp":"2014-10-08T15:27:21.410Z"}
{"level":"info","message":"Clicking the zoom button","timestamp":"2014-10-08T15:27:21.754Z"}
{"level":"info","message":"Comparing images for stagezoom","timestamp":"2014-10-08T15:27:21.756Z"}
{"level":"info","message":"Saving screenshot to /tmp/screensafari6.0.59cabbef1d7534e0893c30d4b202202e1.png.zoom","timestamp":"2014-10-08T15:27:21.756Z"}
{"level":"info","message":"Saved screenshot","timestamp":"2014-10-08T15:27:29.982Z"}
{"level":"info","message":"Comparing images from paths: /tmp/screensafari6.0.59cabbef1d7534e0893c30d4b202202e1.png.zoom and images/zoom.jpgpopoversafari6.0.5.png","timestamp":"2014-10-08T15:27:29.982Z"}
{"level":"info","message":"Image comparison gave: 0","timestamp":"2014-10-08T15:27:30.081Z"}
{"level":"info","message":"safari6.0.59cabbef1d7534e0893c30d4b202202e1 compared images for stage: zoomwith eqaulity of: 0","timestamp":"2014-10-08T15:27:30.081Z"}
{"level":"info","message":"Clicking the zoom button","timestamp":"2014-10-08T15:27:30.435Z"}
{"level":"info","message":"Comparing images for stagezoomClose","timestamp":"2014-10-08T15:27:30.439Z"}
{"level":"info","message":"Saving screenshot to /tmp/screensafari6.0.59cabbef1d7534e0893c30d4b202202e1.png.zoomClose","timestamp":"2014-10-08T15:27:30.439Z"}
{"level":"info","message":"Saved screenshot","timestamp":"2014-10-08T15:27:35.006Z"}
{"level":"info","message":"Comparing images from paths: /tmp/screensafari6.0.59cabbef1d7534e0893c30d4b202202e1.png.zoomClose and images/zoomClose.jpgpopoversafari6.0.5.png","timestamp":"2014-10-08T15:27:35.006Z"}
{"level":"info","message":"Image comparison gave: 0","timestamp":"2014-10-08T15:27:35.111Z"}
{"level":"info","message":"safari6.0.59cabbef1d7534e0893c30d4b202202e1 compared images for stage: zoomClosewith eqaulity of: 0","timestamp":"2014-10-08T15:27:35.111Z"}
{"level":"info","message":"Initialising jasmine tests","timestamp":"2014-10-08T15:28:26.655Z"}
{"inline":{},"popover":{},"indiscriminate":{},"progressWrapper":{"parentElementArrayFinder":{"locator_":{"using":"css selector","value":".zoe-progress-wrapper"}},"elementArrayFinder_":{"locator_":{"$ref":"$[\"progressWrapper\"][\"parentElementArrayFinder\"][\"locator_\"]"}}},"widgetOverlay":{"parentElementArrayFinder":{"locator_":{"using":"css selector","value":"#zoe-zbox-overlay"}},"elementArrayFinder_":{"locator_":{"$ref":"$[\"widgetOverlay\"][\"parentElementArrayFinder\"][\"locator_\"]"}}},"widgetTrigger":{"parentElementArrayFinder":{"locator_":{"using":"css selector","value":".zoe-engage-trigger>img"}},"elementArrayFinder_":{"locator_":{"$ref":"$[\"widgetTrigger\"][\"parentElementArrayFinder\"][\"locator_\"]"}}},"widgetColorbox":{"parentElementArrayFinder":{"locator_":{"using":"css selector","value":"#zoe-zbox-content"}},"elementArrayFinder_":{"locator_":{"$ref":"$[\"widgetColorbox\"][\"parentElementArrayFinder\"][\"locator_\"]"}}},"helpButton":{"parentElementArrayFinder":{"locator_":{"using":"css selector","value":".zoe-btn-help"}},"elementArrayFinder_":{"locator_":{"$ref":"$[\"helpButton\"][\"parentElementArrayFinder\"][\"locator_\"]"}}},"helpElement":{"parentElementArrayFinder":{"locator_":{"using":"css selector","value":".zoe-help-overlay"}},"elementArrayFinder_":{"locator_":{"$ref":"$[\"helpElement\"][\"parentElementArrayFinder\"][\"locator_\"]"}}},"zoomButton":{"parentElementArrayFinder":{"locator_":{"using":"css selector","value":".zoe-btn-zoom"}},"elementArrayFinder_":{"locator_":{"$ref":"$[\"zoomButton\"][\"parentElementArrayFinder\"][\"locator_\"]"}}},"zoomElement":{"parentElementArrayFinder":{"locator_":{"using":"css selector","value":".zoe-zoom"}},"elementArrayFinder_":{"locator_":{"$ref":"$[\"zoomElement\"][\"parentElementArrayFinder\"][\"locator_\"]"}}},"zoomImage":{"parentElementArrayFinder":{"locator_":{"using":"css selector","value":".zoe-zoom-frame"}},"elementArrayFinder_":{"locator_":{"$ref":"$[\"zoomImage\"][\"parentElementArrayFinder\"][\"locator_\"]"}}},"closeButton":{"parentElementArrayFinder":{"locator_":{"using":"css selector","value":".zoe-btn-close"}},"elementArrayFinder_":{"locator_":{"$ref":"$[\"closeButton\"][\"parentElementArrayFinder\"][\"locator_\"]"}}},"widgetImageDiv":{"parentElementArrayFinder":{"locator_":{"using":"css selector","value":".zoe-engage-image.reel"}},"elementArrayFinder_":{"locator_":{"$ref":"$[\"widgetImageDiv\"][\"parentElementArrayFinder\"][\"locator_\"]"}}},"inlineDivSelector":{"parentElementArrayFinder":{"locator_":{"using":"css selector","value":".zoe-inline.reel"}},"elementArrayFinder_":{"locator_":{"$ref":"$[\"inlineDivSelector\"][\"parentElementArrayFinder\"][\"locator_\"]"}}},"widgetWrapperSelector":{"parentElementArrayFinder":{"locator_":{"using":"css selector","value":".zoe-engage-wrapper"}},"elementArrayFinder_":{"locator_":{"$ref":"$[\"widgetWrapperSelector\"][\"parentElementArrayFinder\"][\"locator_\"]"}}},"widgetWrapperImage":{"parentElementArrayFinder":{"locator_":{"using":"css selector","value":".zoe-frame"}},"elementArrayFinder_":{"locator_":{"$ref":"$[\"widgetWrapperImage\"][\"parentElementArrayFinder\"][\"locator_\"]"}}},"pageImageSelector":{"parentElementArrayFinder":{"locator_":{"using":"css selector","value":".zoe-engage-wrapper"}},"elementArrayFinder_":{"locator_":{"$ref":"$[\"pageImageSelector\"][\"parentElementArrayFinder\"][\"locator_\"]"}}},"inlineTrigger":{"parentElementArrayFinder":{"locator_":{"using":"css selector","value":"a.zoe-engage-trigger"}},"elementArrayFinder_":{"locator_":{"$ref":"$[\"inlineTrigger\"][\"parentElementArrayFinder\"][\"locator_\"]"}}},"inlineWrapper":{"parentElementArrayFinder":{"locator_":{"using":"css selector","value":".zoe-engage-wrapper.zoe-inline"}},"elementArrayFinder_":{"locator_":{"$ref":"$[\"inlineWrapper\"][\"parentElementArrayFinder\"][\"locator_\"]"}}},"frameSelector":{"parentElementArrayFinder":{"locator_":{"using":"css selector","value":".zoe-frame"}},"elementArrayFinder_":{"locator_":{"$ref":"$[\"frameSelector\"][\"parentElementArrayFinder\"][\"locator_\"]"}}},"interactCTA":{"parentElementArrayFinder":{"locator_":{"using":"css selector","value":".zoe-interact-cta"}},"elementArrayFinder_":{"locator_":{"$ref":"$[\"interactCTA\"][\"parentElementArrayFinder\"][\"locator_\"]"}}},"triggerCTA":{"parentElementArrayFinder":{"locator_":{"using":"css selector","value":".zoe-trigger-cta"}},"elementArrayFinder_":{"locator_":{"$ref":"$[\"triggerCTA\"][\"parentElementArrayFinder\"][\"locator_\"]"}}},"helpRotate":{"parentElementArrayFinder":{"locator_":{"using":"css selector","value":".zoe-help-rotate .zoe-help-text"}},"elementArrayFinder_":{"locator_":{"$ref":"$[\"helpRotate\"][\"parentElementArrayFinder\"][\"locator_\"]"}}},"helpElevate":{"parentElementArrayFinder":{"locator_":{"using":"css selector","value":".zoe-help-elevate .zoe-help-text"}},"elementArrayFinder_":{"locator_":{"$ref":"$[\"helpElevate\"][\"parentElementArrayFinder\"][\"locator_\"]"}}},"helpZoom":{"parentElementArrayFinder":{"locator_":{"using":"css selector","value":".zoe-help-zoom .zoe-help-text"}},"elementArrayFinder_":{"locator_":{"$ref":"$[\"helpZoom\"][\"parentElementArrayFinder\"][\"locator_\"]"}}},"helpBrand":{"parentElementArrayFinder":{"locator_":{"using":"css selector","value":".zoe-help-brand .zoe-help-text"}},"elementArrayFinder_":{"locator_":{"$ref":"$[\"helpBrand\"][\"parentElementArrayFinder\"][\"locator_\"]"}}},"extraContent":{"parentElementArrayFinder":{"locator_":{"using":"css selector","value":".zoe-display-extra-content"}},"elementArrayFinder_":{"locator_":{"$ref":"$[\"extraContent\"][\"parentElementArrayFinder\"][\"locator_\"]"}}},"level":"debug","message":"elementFinder is ","timestamp":"2014-10-08T15:28:26.658Z"}
{"level":"info","message":"Initialising jasmine tests","timestamp":"2014-10-08T15:28:26.676Z"}
{"inline":{},"popover":{},"indiscriminate":{},"progressWrapper":{"parentElementArrayFinder":{"locator_":{"using":"css selector","value":".zoe-progress-wrapper"}},"elementArrayFinder_":{"locator_":{"$ref":"$[\"progressWrapper\"][\"parentElementArrayFinder\"][\"locator_\"]"}}},"widgetOverlay":{"parentElementArrayFinder":{"locator_":{"using":"css selector","value":"#zoe-zbox-overlay"}},"elementArrayFinder_":{"locator_":{"$ref":"$[\"widgetOverlay\"][\"parentElementArrayFinder\"][\"locator_\"]"}}},"widgetTrigger":{"parentElementArrayFinder":{"locator_":{"using":"css selector","value":".zoe-engage-trigger>img"}},"elementArrayFinder_":{"locator_":{"$ref":"$[\"widgetTrigger\"][\"parentElementArrayFinder\"][\"locator_\"]"}}},"widgetColorbox":{"parentElementArrayFinder":{"locator_":{"using":"css selector","value":"#zoe-zbox-content"}},"elementArrayFinder_":{"locator_":{"$ref":"$[\"widgetColorbox\"][\"parentElementArrayFinder\"][\"locator_\"]"}}},"helpButton":{"parentElementArrayFinder":{"locator_":{"using":"css selector","value":".zoe-btn-help"}},"elementArrayFinder_":{"locator_":{"$ref":"$[\"helpButton\"][\"parentElementArrayFinder\"][\"locator_\"]"}}},"helpElement":{"parentElementArrayFinder":{"locator_":{"using":"css selector","value":".zoe-help-overlay"}},"elementArrayFinder_":{"locator_":{"$ref":"$[\"helpElement\"][\"parentElementArrayFinder\"][\"locator_\"]"}}},"zoomButton":{"parentElementArrayFinder":{"locator_":{"using":"css selector","value":".zoe-btn-zoom"}},"elementArrayFinder_":{"locator_":{"$ref":"$[\"zoomButton\"][\"parentElementArrayFinder\"][\"locator_\"]"}}},"zoomElement":{"parentElementArrayFinder":{"locator_":{"using":"css selector","value":".zoe-zoom"}},"elementArrayFinder_":{"locator_":{"$ref":"$[\"zoomElement\"][\"parentElementArrayFinder\"][\"locator_\"]"}}},"zoomImage":{"parentElementArrayFinder":{"locator_":{"using":"css selector","value":".zoe-zoom-frame"}},"elementArrayFinder_":{"locator_":{"$ref":"$[\"zoomImage\"][\"parentElementArrayFinder\"][\"locator_\"]"}}},"closeButton":{"parentElementArrayFinder":{"locator_":{"using":"css selector","value":".zoe-btn-close"}},"elementArrayFinder_":{"locator_":{"$ref":"$[\"closeButton\"][\"parentElementArrayFinder\"][\"locator_\"]"}}},"widgetImageDiv":{"parentElementArrayFinder":{"locator_":{"using":"css selector","value":".zoe-engage-image.reel"}},"elementArrayFinder_":{"locator_":{"$ref":"$[\"widgetImageDiv\"][\"parentElementArrayFinder\"][\"locator_\"]"}}},"inlineDivSelector":{"parentElementArrayFinder":{"locator_":{"using":"css selector","value":".zoe-inline.reel"}},"elementArrayFinder_":{"locator_":{"$ref":"$[\"inlineDivSelector\"][\"parentElementArrayFinder\"][\"locator_\"]"}}},"widgetWrapperSelector":{"parentElementArrayFinder":{"locator_":{"using":"css selector","value":".zoe-engage-wrapper"}},"elementArrayFinder_":{"locator_":{"$ref":"$[\"widgetWrapperSelector\"][\"parentElementArrayFinder\"][\"locator_\"]"}}},"widgetWrapperImage":{"parentElementArrayFinder":{"locator_":{"using":"css selector","value":".zoe-frame"}},"elementArrayFinder_":{"locator_":{"$ref":"$[\"widgetWrapperImage\"][\"parentElementArrayFinder\"][\"locator_\"]"}}},"pageImageSelector":{"parentElementArrayFinder":{"locator_":{"using":"css selector","value":".zoe-engage-wrapper"}},"elementArrayFinder_":{"locator_":{"$ref":"$[\"pageImageSelector\"][\"parentElementArrayFinder\"][\"locator_\"]"}}},"inlineTrigger":{"parentElementArrayFinder":{"locator_":{"using":"css selector","value":"a.zoe-engage-trigger"}},"elementArrayFinder_":{"locator_":{"$ref":"$[\"inlineTrigger\"][\"parentElementArrayFinder\"][\"locator_\"]"}}},"inlineWrapper":{"parentElementArrayFinder":{"locator_":{"using":"css selector","value":".zoe-engage-wrapper.zoe-inline"}},"elementArrayFinder_":{"locator_":{"$ref":"$[\"inlineWrapper\"][\"parentElementArrayFinder\"][\"locator_\"]"}}},"frameSelector":{"parentElementArrayFinder":{"locator_":{"using":"css selector","value":".zoe-frame"}},"elementArrayFinder_":{"locator_":{"$ref":"$[\"frameSelector\"][\"parentElementArrayFinder\"][\"locator_\"]"}}},"interactCTA":{"parentElementArrayFinder":{"locator_":{"using":"css selector","value":".zoe-interact-cta"}},"elementArrayFinder_":{"locator_":{"$ref":"$[\"interactCTA\"][\"parentElementArrayFinder\"][\"locator_\"]"}}},"triggerCTA":{"parentElementArrayFinder":{"locator_":{"using":"css selector","value":".zoe-trigger-cta"}},"elementArrayFinder_":{"locator_":{"$ref":"$[\"triggerCTA\"][\"parentElementArrayFinder\"][\"locator_\"]"}}},"helpRotate":{"parentElementArrayFinder":{"locator_":{"using":"css selector","value":".zoe-help-rotate .zoe-help-text"}},"elementArrayFinder_":{"locator_":{"$ref":"$[\"helpRotate\"][\"parentElementArrayFinder\"][\"locator_\"]"}}},"helpElevate":{"parentElementArrayFinder":{"locator_":{"using":"css selector","value":".zoe-help-elevate .zoe-help-text"}},"elementArrayFinder_":{"locator_":{"$ref":"$[\"helpElevate\"][\"parentElementArrayFinder\"][\"locator_\"]"}}},"helpZoom":{"parentElementArrayFinder":{"locator_":{"using":"css selector","value":".zoe-help-zoom .zoe-help-text"}},"elementArrayFinder_":{"locator_":{"$ref":"$[\"helpZoom\"][\"parentElementArrayFinder\"][\"locator_\"]"}}},"helpBrand":{"parentElementArrayFinder":{"locator_":{"using":"css selector","value":".zoe-help-brand .zoe-help-text"}},"elementArrayFinder_":{"locator_":{"$ref":"$[\"helpBrand\"][\"parentElementArrayFinder\"][\"locator_\"]"}}},"extraContent":{"parentElementArrayFinder":{"locator_":{"using":"css selector","value":".zoe-display-extra-content"}},"elementArrayFinder_":{"locator_":{"$ref":"$[\"extraContent\"][\"parentElementArrayFinder\"][\"locator_\"]"}}},"level":"debug","message":"elementFinder is ","timestamp":"2014-10-08T15:28:26.679Z"}
{"level":"info","message":"Initialising jasmine tests","timestamp":"2014-10-08T15:28:26.689Z"}
{"inline":{},"popover":{},"indiscriminate":{},"progressWrapper":{"parentElementArrayFinder":{"locator_":{"using":"css selector","value":".zoe-progress-wrapper"}},"elementArrayFinder_":{"locator_":{"$ref":"$[\"progressWrapper\"][\"parentElementArrayFinder\"][\"locator_\"]"}}},"widgetOverlay":{"parentElementArrayFinder":{"locator_":{"using":"css selector","value":"#zoe-zbox-overlay"}},"elementArrayFinder_":{"locator_":{"$ref":"$[\"widgetOverlay\"][\"parentElementArrayFinder\"][\"locator_\"]"}}},"widgetTrigger":{"parentElementArrayFinder":{"locator_":{"using":"css selector","value":".zoe-engage-trigger>img"}},"elementArrayFinder_":{"locator_":{"$ref":"$[\"widgetTrigger\"][\"parentElementArrayFinder\"][\"locator_\"]"}}},"widgetColorbox":{"parentElementArrayFinder":{"locator_":{"using":"css selector","value":"#zoe-zbox-content"}},"elementArrayFinder_":{"locator_":{"$ref":"$[\"widgetColorbox\"][\"parentElementArrayFinder\"][\"locator_\"]"}}},"helpButton":{"parentElementArrayFinder":{"locator_":{"using":"css selector","value":".zoe-btn-help"}},"elementArrayFinder_":{"locator_":{"$ref":"$[\"helpButton\"][\"parentElementArrayFinder\"][\"locator_\"]"}}},"helpElement":{"parentElementArrayFinder":{"locator_":{"using":"css selector","value":".zoe-help-overlay"}},"elementArrayFinder_":{"locator_":{"$ref":"$[\"helpElement\"][\"parentElementArrayFinder\"][\"locator_\"]"}}},"zoomButton":{"parentElementArrayFinder":{"locator_":{"using":"css selector","value":".zoe-btn-zoom"}},"elementArrayFinder_":{"locator_":{"$ref":"$[\"zoomButton\"][\"parentElementArrayFinder\"][\"locator_\"]"}}},"zoomElement":{"parentElementArrayFinder":{"locator_":{"using":"css selector","value":".zoe-zoom"}},"elementArrayFinder_":{"locator_":{"$ref":"$[\"zoomElement\"][\"parentElementArrayFinder\"][\"locator_\"]"}}},"zoomImage":{"parentElementArrayFinder":{"locator_":{"using":"css selector","value":".zoe-zoom-frame"}},"elementArrayFinder_":{"locator_":{"$ref":"$[\"zoomImage\"][\"parentElementArrayFinder\"][\"locator_\"]"}}},"closeButton":{"parentElementArrayFinder":{"locator_":{"using":"css selector","value":".zoe-btn-close"}},"elementArrayFinder_":{"locator_":{"$ref":"$[\"closeButton\"][\"parentElementArrayFinder\"][\"locator_\"]"}}},"widgetImageDiv":{"parentElementArrayFinder":{"locator_":{"using":"css selector","value":".zoe-engage-image.reel"}},"elementArrayFinder_":{"locator_":{"$ref":"$[\"widgetImageDiv\"][\"parentElementArrayFinder\"][\"locator_\"]"}}},"inlineDivSelector":{"parentElementArrayFinder":{"locator_":{"using":"css selector","value":".zoe-inline.reel"}},"elementArrayFinder_":{"locator_":{"$ref":"$[\"inlineDivSelector\"][\"parentElementArrayFinder\"][\"locator_\"]"}}},"widgetWrapperSelector":{"parentElementArrayFinder":{"locator_":{"using":"css selector","value":".zoe-engage-wrapper"}},"elementArrayFinder_":{"locator_":{"$ref":"$[\"widgetWrapperSelector\"][\"parentElementArrayFinder\"][\"locator_\"]"}}},"widgetWrapperImage":{"parentElementArrayFinder":{"locator_":{"using":"css selector","value":".zoe-frame"}},"elementArrayFinder_":{"locator_":{"$ref":"$[\"widgetWrapperImage\"][\"parentElementArrayFinder\"][\"locator_\"]"}}},"pageImageSelector":{"parentElementArrayFinder":{"locator_":{"using":"css selector","value":".zoe-engage-wrapper"}},"elementArrayFinder_":{"locator_":{"$ref":"$[\"pageImageSelector\"][\"parentElementArrayFinder\"][\"locator_\"]"}}},"inlineTrigger":{"parentElementArrayFinder":{"locator_":{"using":"css selector","value":"a.zoe-engage-trigger"}},"elementArrayFinder_":{"locator_":{"$ref":"$[\"inlineTrigger\"][\"parentElementArrayFinder\"][\"locator_\"]"}}},"inlineWrapper":{"parentElementArrayFinder":{"locator_":{"using":"css selector","value":".zoe-engage-wrapper.zoe-inline"}},"elementArrayFinder_":{"locator_":{"$ref":"$[\"inlineWrapper\"][\"parentElementArrayFinder\"][\"locator_\"]"}}},"frameSelector":{"parentElementArrayFinder":{"locator_":{"using":"css selector","value":".zoe-frame"}},"elementArrayFinder_":{"locator_":{"$ref":"$[\"frameSelector\"][\"parentElementArrayFinder\"][\"locator_\"]"}}},"interactCTA":{"parentElementArrayFinder":{"locator_":{"using":"css selector","value":".zoe-interact-cta"}},"elementArrayFinder_":{"locator_":{"$ref":"$[\"interactCTA\"][\"parentElementArrayFinder\"][\"locator_\"]"}}},"triggerCTA":{"parentElementArrayFinder":{"locator_":{"using":"css selector","value":".zoe-trigger-cta"}},"elementArrayFinder_":{"locator_":{"$ref":"$[\"triggerCTA\"][\"parentElementArrayFinder\"][\"locator_\"]"}}},"helpRotate":{"parentElementArrayFinder":{"locator_":{"using":"css selector","value":".zoe-help-rotate .zoe-help-text"}},"elementArrayFinder_":{"locator_":{"$ref":"$[\"helpRotate\"][\"parentElementArrayFinder\"][\"locator_\"]"}}},"helpElevate":{"parentElementArrayFinder":{"locator_":{"using":"css selector","value":".zoe-help-elevate .zoe-help-text"}},"elementArrayFinder_":{"locator_":{"$ref":"$[\"helpElevate\"][\"parentElementArrayFinder\"][\"locator_\"]"}}},"helpZoom":{"parentElementArrayFinder":{"locator_":{"using":"css selector","value":".zoe-help-zoom .zoe-help-text"}},"elementArrayFinder_":{"locator_":{"$ref":"$[\"helpZoom\"][\"parentElementArrayFinder\"][\"locator_\"]"}}},"helpBrand":{"parentElementArrayFinder":{"locator_":{"using":"css selector","value":".zoe-help-brand .zoe-help-text"}},"elementArrayFinder_":{"locator_":{"$ref":"$[\"helpBrand\"][\"parentElementArrayFinder\"][\"locator_\"]"}}},"extraContent":{"parentElementArrayFinder":{"locator_":{"using":"css selector","value":".zoe-display-extra-content"}},"elementArrayFinder_":{"locator_":{"$ref":"$[\"extraContent\"][\"parentElementArrayFinder\"][\"locator_\"]"}}},"level":"debug","message":"elementFinder is ","timestamp":"2014-10-08T15:28:26.691Z"}
{"level":"info","message":"Initialising jasmine tests","timestamp":"2014-10-08T15:28:26.722Z"}
{"inline":{},"popover":{},"indiscriminate":{},"progressWrapper":{"parentElementArrayFinder":{"locator_":{"using":"css selector","value":".zoe-progress-wrapper"}},"elementArrayFinder_":{"locator_":{"$ref":"$[\"progressWrapper\"][\"parentElementArrayFinder\"][\"locator_\"]"}}},"widgetOverlay":{"parentElementArrayFinder":{"locator_":{"using":"css selector","value":"#zoe-zbox-overlay"}},"elementArrayFinder_":{"locator_":{"$ref":"$[\"widgetOverlay\"][\"parentElementArrayFinder\"][\"locator_\"]"}}},"widgetTrigger":{"parentElementArrayFinder":{"locator_":{"using":"css selector","value":".zoe-engage-trigger>img"}},"elementArrayFinder_":{"locator_":{"$ref":"$[\"widgetTrigger\"][\"parentElementArrayFinder\"][\"locator_\"]"}}},"widgetColorbox":{"parentElementArrayFinder":{"locator_":{"using":"css selector","value":"#zoe-zbox-content"}},"elementArrayFinder_":{"locator_":{"$ref":"$[\"widgetColorbox\"][\"parentElementArrayFinder\"][\"locator_\"]"}}},"helpButton":{"parentElementArrayFinder":{"locator_":{"using":"css selector","value":".zoe-btn-help"}},"elementArrayFinder_":{"locator_":{"$ref":"$[\"helpButton\"][\"parentElementArrayFinder\"][\"locator_\"]"}}},"helpElement":{"parentElementArrayFinder":{"locator_":{"using":"css selector","value":".zoe-help-overlay"}},"elementArrayFinder_":{"locator_":{"$ref":"$[\"helpElement\"][\"parentElementArrayFinder\"][\"locator_\"]"}}},"zoomButton":{"parentElementArrayFinder":{"locator_":{"using":"css selector","value":".zoe-btn-zoom"}},"elementArrayFinder_":{"locator_":{"$ref":"$[\"zoomButton\"][\"parentElementArrayFinder\"][\"locator_\"]"}}},"zoomElement":{"parentElementArrayFinder":{"locator_":{"using":"css selector","value":".zoe-zoom"}},"elementArrayFinder_":{"locator_":{"$ref":"$[\"zoomElement\"][\"parentElementArrayFinder\"][\"locator_\"]"}}},"zoomImage":{"parentElementArrayFinder":{"locator_":{"using":"css selector","value":".zoe-zoom-frame"}},"elementArrayFinder_":{"locator_":{"$ref":"$[\"zoomImage\"][\"parentElementArrayFinder\"][\"locator_\"]"}}},"closeButton":{"parentElementArrayFinder":{"locator_":{"using":"css selector","value":".zoe-btn-close"}},"elementArrayFinder_":{"locator_":{"$ref":"$[\"closeButton\"][\"parentElementArrayFinder\"][\"locator_\"]"}}},"widgetImageDiv":{"parentElementArrayFinder":{"locator_":{"using":"css selector","value":".zoe-engage-image.reel"}},"elementArrayFinder_":{"locator_":{"$ref":"$[\"widgetImageDiv\"][\"parentElementArrayFinder\"][\"locator_\"]"}}},"inlineDivSelector":{"parentElementArrayFinder":{"locator_":{"using":"css selector","value":".zoe-inline.reel"}},"elementArrayFinder_":{"locator_":{"$ref":"$[\"inlineDivSelector\"][\"parentElementArrayFinder\"][\"locator_\"]"}}},"widgetWrapperSelector":{"parentElementArrayFinder":{"locator_":{"using":"css selector","value":".zoe-engage-wrapper"}},"elementArrayFinder_":{"locator_":{"$ref":"$[\"widgetWrapperSelector\"][\"parentElementArrayFinder\"][\"locator_\"]"}}},"widgetWrapperImage":{"parentElementArrayFinder":{"locator_":{"using":"css selector","value":".zoe-frame"}},"elementArrayFinder_":{"locator_":{"$ref":"$[\"widgetWrapperImage\"][\"parentElementArrayFinder\"][\"locator_\"]"}}},"pageImageSelector":{"parentElementArrayFinder":{"locator_":{"using":"css selector","value":".zoe-engage-wrapper"}},"elementArrayFinder_":{"locator_":{"$ref":"$[\"pageImageSelector\"][\"parentElementArrayFinder\"][\"locator_\"]"}}},"inlineTrigger":{"parentElementArrayFinder":{"locator_":{"using":"css selector","value":"a.zoe-engage-trigger"}},"elementArrayFinder_":{"locator_":{"$ref":"$[\"inlineTrigger\"][\"parentElementArrayFinder\"][\"locator_\"]"}}},"inlineWrapper":{"parentElementArrayFinder":{"locator_":{"using":"css selector","value":".zoe-engage-wrapper.zoe-inline"}},"elementArrayFinder_":{"locator_":{"$ref":"$[\"inlineWrapper\"][\"parentElementArrayFinder\"][\"locator_\"]"}}},"frameSelector":{"parentElementArrayFinder":{"locator_":{"using":"css selector","value":".zoe-frame"}},"elementArrayFinder_":{"locator_":{"$ref":"$[\"frameSelector\"][\"parentElementArrayFinder\"][\"locator_\"]"}}},"interactCTA":{"parentElementArrayFinder":{"locator_":{"using":"css selector","value":".zoe-interact-cta"}},"elementArrayFinder_":{"locator_":{"$ref":"$[\"interactCTA\"][\"parentElementArrayFinder\"][\"locator_\"]"}}},"triggerCTA":{"parentElementArrayFinder":{"locator_":{"using":"css selector","value":".zoe-trigger-cta"}},"elementArrayFinder_":{"locator_":{"$ref":"$[\"triggerCTA\"][\"parentElementArrayFinder\"][\"locator_\"]"}}},"helpRotate":{"parentElementArrayFinder":{"locator_":{"using":"css selector","value":".zoe-help-rotate .zoe-help-text"}},"elementArrayFinder_":{"locator_":{"$ref":"$[\"helpRotate\"][\"parentElementArrayFinder\"][\"locator_\"]"}}},"helpElevate":{"parentElementArrayFinder":{"locator_":{"using":"css selector","value":".zoe-help-elevate .zoe-help-text"}},"elementArrayFinder_":{"locator_":{"$ref":"$[\"helpElevate\"][\"parentElementArrayFinder\"][\"locator_\"]"}}},"helpZoom":{"parentElementArrayFinder":{"locator_":{"using":"css selector","value":".zoe-help-zoom .zoe-help-text"}},"elementArrayFinder_":{"locator_":{"$ref":"$[\"helpZoom\"][\"parentElementArrayFinder\"][\"locator_\"]"}}},"helpBrand":{"parentElementArrayFinder":{"locator_":{"using":"css selector","value":".zoe-help-brand .zoe-help-text"}},"elementArrayFinder_":{"locator_":{"$ref":"$[\"helpBrand\"][\"parentElementArrayFinder\"][\"locator_\"]"}}},"extraContent":{"parentElementArrayFinder":{"locator_":{"using":"css selector","value":".zoe-display-extra-content"}},"elementArrayFinder_":{"locator_":{"$ref":"$[\"extraContent\"][\"parentElementArrayFinder\"][\"locator_\"]"}}},"level":"debug","message":"elementFinder is ","timestamp":"2014-10-08T15:28:26.724Z"}
{"takesScreenshot":true,"webdriver.remote.sessionid":"31c39afb8d1d49f0ab4c57d534806bfd","unexpectedAlertBehaviour":"dismiss","ie.browserCommandLineSwitches":"","browserAttachTimeout":0,"ie.ensureCleanSession":false,"ignoreProtectedModeSettings":false,"platform":"WINDOWS","version":"11","ignoreZoomSetting":false,"nativeEvents":true,"handlesAlerts":true,"javascriptEnabled":true,"requireWindowFocus":false,"ie.usePerProcessProxy":false,"hasMetadata":true,"initialBrowserUrl":"http://localhost:47030/","enableElementCacheCleanup":true,"cssSelectorsEnabled":true,"browserName":"internet explorer","elementScrollBehavior":0,"enablePersistentHover":true,"ie.forceCreateProcessApi":false,"level":"info","message":"","timestamp":"2014-10-08T15:28:35.324Z"}
{"level":"info","message":"undefined","timestamp":"2014-10-08T15:28:35.325Z"}
{"level":"info","message":"BROWSER IS: internet explorer","timestamp":"2014-10-08T15:28:35.325Z"}
{"level":"info","message":"Initialising file paths with browser & version","timestamp":"2014-10-08T15:28:35.325Z"}
{"level":"info","message":"Initialising file paths with browser & version","timestamp":"2014-10-08T15:28:35.326Z"}
{"level":"info","message":"Initialising file paths with browser & version","timestamp":"2014-10-08T15:28:35.326Z"}
{"level":"info","message":"Initialising file paths with browser & version","timestamp":"2014-10-08T15:28:35.326Z"}
{"level":"info","message":"Initialising file paths with browser & version","timestamp":"2014-10-08T15:28:35.326Z"}
{"level":"info","message":"Initialising file paths with browser & version","timestamp":"2014-10-08T15:28:35.326Z"}
{"level":"info","message":"Initialising file paths with browser & version","timestamp":"2014-10-08T15:28:35.326Z"}
{"level":"info","message":"Initialising file paths with browser & version","timestamp":"2014-10-08T15:28:35.326Z"}
{"level":"info","message":"Initialising file paths with browser & version","timestamp":"2014-10-08T15:28:35.326Z"}
{"level":"info","message":"Initialising file paths with browser & version","timestamp":"2014-10-08T15:28:35.326Z"}
{"level":"info","message":"Initialising file paths with browser & version","timestamp":"2014-10-08T15:28:35.326Z"}
{"level":"info","message":"Initialising file paths with browser & version","timestamp":"2014-10-08T15:28:35.326Z"}
{"level":"info","message":"Initialising file paths with browser & version","timestamp":"2014-10-08T15:28:35.326Z"}
{"level":"info","message":"Initialising file paths with browser & version","timestamp":"2014-10-08T15:28:35.326Z"}
{"level":"info","message":"Initialising file paths with browser & version","timestamp":"2014-10-08T15:28:35.326Z"}
{"level":"info","message":"Initialising file paths with browser & version","timestamp":"2014-10-08T15:28:35.326Z"}
{"level":"info","message":"Initialising file paths with browser & version","timestamp":"2014-10-08T15:28:35.326Z"}
{"level":"info","message":"Initialising file paths with browser & version","timestamp":"2014-10-08T15:28:35.327Z"}
{"level":"info","message":"Initialising file paths with browser & version","timestamp":"2014-10-08T15:28:35.327Z"}
{"level":"info","message":"Initialising file paths with browser & version","timestamp":"2014-10-08T15:28:35.327Z"}
{"level":"info","message":"Initialising file paths with browser & version","timestamp":"2014-10-08T15:28:35.327Z"}
{"level":"info","message":"Opening URL: http://jenkins.zoetrope.io:8888/v3/testInline.html","timestamp":"2014-10-08T15:28:36.753Z"}
{"level":"info","message":"Initialising file paths with browser & version","timestamp":"2014-10-08T15:28:36.753Z"}
{"level":"info","message":"Initialising file paths with browser & version","timestamp":"2014-10-08T15:28:36.753Z"}
{"level":"info","message":"Initialising file paths with browser & version","timestamp":"2014-10-08T15:28:36.753Z"}
{"level":"info","message":"Initialising file paths with browser & version","timestamp":"2014-10-08T15:28:36.753Z"}
{"level":"info","message":"Initialising file paths with browser & version","timestamp":"2014-10-08T15:28:36.753Z"}
{"level":"info","message":"Initialising file paths with browser & version","timestamp":"2014-10-08T15:28:36.753Z"}
{"level":"info","message":"Saving screenshot to images/load-inline-internet explorer-11.png","timestamp":"2014-10-08T15:28:41.866Z"}
{"rotatable":false,"browserConnectionEnabled":true,"acceptSslCerts":true,"cssSelectorsEnabled":true,"javascriptEnabled":true,"nativeEvents":true,"databaseEnabled":true,"locationContextEnabled":true,"takesScreenshot":true,"platform":"XP","browserName":"firefox","webdriver.remote.sessionid":"6dd23a3ba64644f2b0e0556758fc0e2c","hasMetadata":true,"version":"27.0","applicationCacheEnabled":true,"webStorageEnabled":true,"handlesAlerts":true,"level":"info","message":"","timestamp":"2014-10-08T15:28:44.973Z"}
{"level":"info","message":"undefined","timestamp":"2014-10-08T15:28:44.974Z"}
{"level":"info","message":"BROWSER IS: firefox","timestamp":"2014-10-08T15:28:44.974Z"}
{"level":"info","message":"Initialising file paths with browser & version","timestamp":"2014-10-08T15:28:44.974Z"}
{"level":"info","message":"Initialising file paths with browser & version","timestamp":"2014-10-08T15:28:44.974Z"}
{"level":"info","message":"Initialising file paths with browser & version","timestamp":"2014-10-08T15:28:44.974Z"}
{"level":"info","message":"Initialising file paths with browser & version","timestamp":"2014-10-08T15:28:44.974Z"}
{"level":"info","message":"Initialising file paths with browser & version","timestamp":"2014-10-08T15:28:44.974Z"}
{"level":"info","message":"Initialising file paths with browser & version","timestamp":"2014-10-08T15:28:44.975Z"}
{"level":"info","message":"Initialising file paths with browser & version","timestamp":"2014-10-08T15:28:44.975Z"}
{"level":"info","message":"Initialising file paths with browser & version","timestamp":"2014-10-08T15:28:44.975Z"}
{"level":"info","message":"Initialising file paths with browser & version","timestamp":"2014-10-08T15:28:44.975Z"}
{"level":"info","message":"Initialising file paths with browser & version","timestamp":"2014-10-08T15:28:44.975Z"}
{"level":"info","message":"Initialising file paths with browser & version","timestamp":"2014-10-08T15:28:44.975Z"}
{"level":"info","message":"Initialising file paths with browser & version","timestamp":"2014-10-08T15:28:44.975Z"}
{"level":"info","message":"Initialising file paths with browser & version","timestamp":"2014-10-08T15:28:44.975Z"}
{"level":"info","message":"Initialising file paths with browser & version","timestamp":"2014-10-08T15:28:44.975Z"}
{"level":"info","message":"Initialising file paths with browser & version","timestamp":"2014-10-08T15:28:44.975Z"}
{"level":"info","message":"Initialising file paths with browser & version","timestamp":"2014-10-08T15:28:44.975Z"}
{"level":"info","message":"Initialising file paths with browser & version","timestamp":"2014-10-08T15:28:44.975Z"}
{"level":"info","message":"Initialising file paths with browser & version","timestamp":"2014-10-08T15:28:44.975Z"}
{"level":"info","message":"Initialising file paths with browser & version","timestamp":"2014-10-08T15:28:44.975Z"}
{"level":"info","message":"Initialising file paths with browser & version","timestamp":"2014-10-08T15:28:44.975Z"}
{"level":"info","message":"Initialising file paths with browser & version","timestamp":"2014-10-08T15:28:44.975Z"}
{"level":"info","message":"Saved screenshot","timestamp":"2014-10-08T15:28:45.827Z"}
{"level":"info","message":"Clicking the help button","timestamp":"2014-10-08T15:28:45.862Z"}
{"parentElementArrayFinder":{"locator_":{"using":"css selector","value":".zoe-btn-help"}},"elementArrayFinder_":{"locator_":{"$ref":"$[\"parentElementArrayFinder\"][\"locator_\"]"}},"level":"info","message":"help button is","timestamp":"2014-10-08T15:28:45.866Z"}
{"level":"info","message":"Opening URL: http://jenkins.zoetrope.io:8888/v3/testInline.html","timestamp":"2014-10-08T15:28:46.432Z"}
{"level":"info","message":"Initialising file paths with browser & version","timestamp":"2014-10-08T15:28:46.432Z"}
{"level":"info","message":"Initialising file paths with browser & version","timestamp":"2014-10-08T15:28:46.432Z"}
{"level":"info","message":"Initialising file paths with browser & version","timestamp":"2014-10-08T15:28:46.432Z"}
{"level":"info","message":"Initialising file paths with browser & version","timestamp":"2014-10-08T15:28:46.432Z"}
{"level":"info","message":"Initialising file paths with browser & version","timestamp":"2014-10-08T15:28:46.432Z"}
{"level":"info","message":"Initialising file paths with browser & version","timestamp":"2014-10-08T15:28:46.432Z"}
{"level":"info","message":"Got help style of ","timestamp":"2014-10-08T15:28:50.448Z"}
{"level":"info","message":"Saving screenshot to images/help-inline-internet explorer-11.png","timestamp":"2014-10-08T15:28:50.493Z"}
{"level":"info","message":"Saving screenshot to images/load-inline-firefox-27.0.png","timestamp":"2014-10-08T15:28:51.767Z"}
{"level":"info","message":"Saved screenshot","timestamp":"2014-10-08T15:28:53.647Z"}
{"level":"info","message":"Clicking the help button","timestamp":"2014-10-08T15:28:53.681Z"}
{"parentElementArrayFinder":{"locator_":{"using":"css selector","value":".zoe-btn-help"}},"elementArrayFinder_":{"locator_":{"$ref":"$[\"parentElementArrayFinder\"][\"locator_\"]"}},"level":"info","message":"help button is","timestamp":"2014-10-08T15:28:53.685Z"}
{"level":"info","message":"Saved screenshot","timestamp":"2014-10-08T15:28:55.305Z"}
{"level":"info","message":"Clicking the help button","timestamp":"2014-10-08T15:28:55.349Z"}
{"parentElementArrayFinder":{"locator_":{"using":"css selector","value":".zoe-btn-help"}},"elementArrayFinder_":{"locator_":{"$ref":"$[\"parentElementArrayFinder\"][\"locator_\"]"}},"level":"info","message":"help button is","timestamp":"2014-10-08T15:28:55.352Z"}
{"level":"info","message":"Got help style of ","timestamp":"2014-10-08T15:28:56.125Z"}
{"level":"info","message":"Saving screenshot to images/help-inline-firefox-27.0.png","timestamp":"2014-10-08T15:28:56.168Z"}
{"level":"info","message":"Got help style of display: none;","timestamp":"2014-10-08T15:28:57.725Z"}
{"level":"info","message":"Saving screenshot to images/helpClose-inline-internet explorer-11.png","timestamp":"2014-10-08T15:28:57.767Z"}
{"level":"info","message":"Saved screenshot","timestamp":"2014-10-08T15:28:57.828Z"}
{"level":"info","message":"Clicking the help button","timestamp":"2014-10-08T15:28:57.889Z"}
{"parentElementArrayFinder":{"locator_":{"using":"css selector","value":".zoe-btn-help"}},"elementArrayFinder_":{"locator_":{"$ref":"$[\"parentElementArrayFinder\"][\"locator_\"]"}},"level":"info","message":"help button is","timestamp":"2014-10-08T15:28:57.891Z"}
{"level":"info","message":"Got help style of display: none;","timestamp":"2014-10-08T15:29:00.282Z"}
{"level":"info","message":"Saving screenshot to images/helpClose-inline-firefox-27.0.png","timestamp":"2014-10-08T15:29:00.325Z"}
{"level":"info","message":"Saved screenshot","timestamp":"2014-10-08T15:29:01.490Z"}
{"level":"info","message":"Clicking the zoom button","timestamp":"2014-10-08T15:29:01.537Z"}
{"level":"info","message":"Saving screenshot to images/zoom-inline-internet explorer-11.png","timestamp":"2014-10-08T15:29:01.542Z"}
{"level":"info","message":"Saved screenshot","timestamp":"2014-10-08T15:29:01.853Z"}
{"level":"info","message":"Clicking the zoom button","timestamp":"2014-10-08T15:29:01.898Z"}
{"level":"info","message":"Saving screenshot to images/zoom-inline-firefox-27.0.png","timestamp":"2014-10-08T15:29:01.903Z"}
{"level":"info","message":"Saved screenshot","timestamp":"2014-10-08T15:29:06.588Z"}
{"level":"info","message":"Clicking the zoom button","timestamp":"2014-10-08T15:29:06.615Z"}
{"level":"info","message":"Saving screenshot to images/zoomClose-inline-firefox-27.0.png","timestamp":"2014-10-08T15:29:06.619Z"}
{"level":"info","message":"Saved screenshot","timestamp":"2014-10-08T15:29:09.731Z"}
{"level":"info","message":"Clicking the zoom button","timestamp":"2014-10-08T15:29:09.744Z"}
{"level":"info","message":"Saving screenshot to images/zoomClose-inline-internet explorer-11.png","timestamp":"2014-10-08T15:29:09.748Z"}
{"level":"info","message":"Saved screenshot","timestamp":"2014-10-08T15:29:10.988Z"}
{"level":"info","message":"Opening URL: http://jenkins.zoetrope.io:8888/v3/testPopover.html","timestamp":"2014-10-08T15:29:10.999Z"}
{"level":"info","message":"Initialising file paths with browser & version","timestamp":"2014-10-08T15:29:10.999Z"}
{"level":"info","message":"Initialising file paths with browser & version","timestamp":"2014-10-08T15:29:10.999Z"}
{"level":"info","message":"Initialising file paths with browser & version","timestamp":"2014-10-08T15:29:10.999Z"}
{"level":"info","message":"Initialising file paths with browser & version","timestamp":"2014-10-08T15:29:10.999Z"}
{"level":"info","message":"Initialising file paths with browser & version","timestamp":"2014-10-08T15:29:10.999Z"}
{"level":"info","message":"Initialising file paths with browser & version","timestamp":"2014-10-08T15:29:10.999Z"}
{"level":"info","message":"Saving screenshot to images/load-popover-firefox-27.0.png","timestamp":"2014-10-08T15:29:14.409Z"}
{"level":"info","message":"Saved screenshot","timestamp":"2014-10-08T15:29:16.436Z"}
{"level":"info","message":"Clicking on widget trigger","timestamp":"2014-10-08T15:29:16.472Z"}
{"level":"info","message":"Saved screenshot","timestamp":"2014-10-08T15:29:17.771Z"}
{"level":"info","message":"Opening URL: http://jenkins.zoetrope.io:8888/v3/testPopover.html","timestamp":"2014-10-08T15:29:17.782Z"}
{"level":"info","message":"Initialising file paths with browser & version","timestamp":"2014-10-08T15:29:17.782Z"}
{"level":"info","message":"Initialising file paths with browser & version","timestamp":"2014-10-08T15:29:17.782Z"}
{"level":"info","message":"Initialising file paths with browser & version","timestamp":"2014-10-08T15:29:17.783Z"}
{"level":"info","message":"Initialising file paths with browser & version","timestamp":"2014-10-08T15:29:17.783Z"}
{"level":"info","message":"Initialising file paths with browser & version","timestamp":"2014-10-08T15:29:17.783Z"}
{"level":"info","message":"Initialising file paths with browser & version","timestamp":"2014-10-08T15:29:17.783Z"}
{"level":"info","message":"Saving screenshot to images/openWidget-popover-firefox-27.0.png","timestamp":"2014-10-08T15:29:18.337Z"}
{"level":"info","message":"Saving screenshot to images/load-popover-internet explorer-11.png","timestamp":"2014-10-08T15:29:19.137Z"}
{"level":"info","message":"Saved screenshot","timestamp":"2014-10-08T15:29:23.104Z"}
{"level":"info","message":"Clicking the help button","timestamp":"2014-10-08T15:29:23.135Z"}
{"parentElementArrayFinder":{"locator_":{"using":"css selector","value":".zoe-btn-help"}},"elementArrayFinder_":{"locator_":{"$ref":"$[\"parentElementArrayFinder\"][\"locator_\"]"}},"level":"info","message":"help button is","timestamp":"2014-10-08T15:29:23.138Z"}
{"level":"info","message":"Saved screenshot","timestamp":"2014-10-08T15:29:23.344Z"}
{"level":"info","message":"Clicking on widget trigger","timestamp":"2014-10-08T15:29:23.375Z"}
{"level":"info","message":"Saving screenshot to images/openWidget-popover-internet explorer-11.png","timestamp":"2014-10-08T15:29:25.317Z"}
{"level":"info","message":"Got help style of ","timestamp":"2014-10-08T15:29:25.440Z"}
{"level":"info","message":"Saving screenshot to images/help-popover-firefox-27.0.png","timestamp":"2014-10-08T15:29:25.483Z"}
{"level":"info","message":"Saved screenshot","timestamp":"2014-10-08T15:29:27.678Z"}
{"level":"info","message":"Clicking the help button","timestamp":"2014-10-08T15:29:27.711Z"}
{"parentElementArrayFinder":{"locator_":{"using":"css selector","value":".zoe-btn-help"}},"elementArrayFinder_":{"locator_":{"$ref":"$[\"parentElementArrayFinder\"][\"locator_\"]"}},"level":"info","message":"help button is","timestamp":"2014-10-08T15:29:27.714Z"}
{"level":"info","message":"Saved screenshot","timestamp":"2014-10-08T15:29:28.013Z"}
{"level":"info","message":"Clicking the help button","timestamp":"2014-10-08T15:29:28.056Z"}
{"parentElementArrayFinder":{"locator_":{"using":"css selector","value":".zoe-btn-help"}},"elementArrayFinder_":{"locator_":{"$ref":"$[\"parentElementArrayFinder\"][\"locator_\"]"}},"level":"info","message":"help button is","timestamp":"2014-10-08T15:29:28.058Z"}
{"level":"info","message":"Got help style of ","timestamp":"2014-10-08T15:29:30.208Z"}
{"level":"info","message":"Saving screenshot to images/help-popover-internet explorer-11.png","timestamp":"2014-10-08T15:29:30.251Z"}
{"level":"info","message":"Got help style of display: none;","timestamp":"2014-10-08T15:29:30.401Z"}
{"level":"info","message":"Saving screenshot to images/helpClose-popover-firefox-27.0.png","timestamp":"2014-10-08T15:29:30.443Z"}
{"level":"info","message":"Saved screenshot","timestamp":"2014-10-08T15:29:32.181Z"}
{"level":"info","message":"Clicking the help button","timestamp":"2014-10-08T15:29:32.224Z"}
{"parentElementArrayFinder":{"locator_":{"using":"css selector","value":".zoe-btn-help"}},"elementArrayFinder_":{"locator_":{"$ref":"$[\"parentElementArrayFinder\"][\"locator_\"]"}},"level":"info","message":"help button is","timestamp":"2014-10-08T15:29:32.230Z"}
{"level":"info","message":"Saved screenshot","timestamp":"2014-10-08T15:29:33.715Z"}
{"level":"info","message":"Clicking the zoom button","timestamp":"2014-10-08T15:29:33.757Z"}
{"level":"info","message":"Saving screenshot to images/zoom-popover-firefox-27.0.png","timestamp":"2014-10-08T15:29:33.761Z"}
{"level":"info","message":"Got help style of display: none;","timestamp":"2014-10-08T15:29:34.774Z"}
{"level":"info","message":"Saving screenshot to images/helpClose-popover-internet explorer-11.png","timestamp":"2014-10-08T15:29:34.816Z"}
{"level":"info","message":"Saved screenshot","timestamp":"2014-10-08T15:29:36.985Z"}
{"level":"info","message":"Clicking the zoom button","timestamp":"2014-10-08T15:29:37.029Z"}
{"level":"info","message":"Saving screenshot to images/zoom-popover-internet explorer-11.png","timestamp":"2014-10-08T15:29:37.032Z"}
{"level":"info","message":"Saved screenshot","timestamp":"2014-10-08T15:29:39.483Z"}
{"level":"info","message":"Clicking the zoom button","timestamp":"2014-10-08T15:29:39.496Z"}
{"level":"info","message":"Saving screenshot to images/zoomClose-popover-firefox-27.0.png","timestamp":"2014-10-08T15:29:39.499Z"}
{"level":"info","message":"Saved screenshot","timestamp":"2014-10-08T15:29:43.083Z"}
{"level":"info","message":"Clicking the zoom button","timestamp":"2014-10-08T15:29:43.094Z"}
{"level":"info","message":"Saving screenshot to images/zoomClose-popover-internet explorer-11.png","timestamp":"2014-10-08T15:29:43.098Z"}
{"level":"info","message":"Saved screenshot","timestamp":"2014-10-08T15:29:44.161Z"}
{"level":"info","message":"Saved screenshot","timestamp":"2014-10-08T15:29:47.413Z"}
{"rotatable":false,"browserConnectionEnabled":false,"acceptSslCerts":true,"cssSelectorsEnabled":true,"chrome":{"chromedriverVersion":"2.4.226107"},"javascriptEnabled":true,"version":"30.0.1599.65","webdriver.remote.sessionid":"a6de34e7618d4b7dacf0cd34c502a815","databaseEnabled":true,"locationContextEnabled":true,"platform":"Windows NT","browserName":"chrome","takesScreenshot":true,"hasMetadata":true,"nativeEvents":true,"applicationCacheEnabled":false,"webStorageEnabled":true,"handlesAlerts":true,"level":"info","message":"","timestamp":"2014-10-08T15:30:00.418Z"}
{"level":"info","message":"undefined","timestamp":"2014-10-08T15:30:00.419Z"}
{"level":"info","message":"BROWSER IS: chrome","timestamp":"2014-10-08T15:30:00.419Z"}
{"level":"info","message":"Initialising file paths with browser & version","timestamp":"2014-10-08T15:30:00.419Z"}
{"level":"info","message":"Initialising file paths with browser & version","timestamp":"2014-10-08T15:30:00.419Z"}
{"level":"info","message":"Initialising file paths with browser & version","timestamp":"2014-10-08T15:30:00.419Z"}
{"level":"info","message":"Initialising file paths with browser & version","timestamp":"2014-10-08T15:30:00.419Z"}
{"level":"info","message":"Initialising file paths with browser & version","timestamp":"2014-10-08T15:30:00.419Z"}
{"level":"info","message":"Initialising file paths with browser & version","timestamp":"2014-10-08T15:30:00.419Z"}
{"level":"info","message":"Initialising file paths with browser & version","timestamp":"2014-10-08T15:30:00.419Z"}
{"level":"info","message":"Initialising file paths with browser & version","timestamp":"2014-10-08T15:30:00.419Z"}
{"level":"info","message":"Initialising file paths with browser & version","timestamp":"2014-10-08T15:30:00.419Z"}
{"level":"info","message":"Initialising file paths with browser & version","timestamp":"2014-10-08T15:30:00.419Z"}
{"level":"info","message":"Initialising file paths with browser & version","timestamp":"2014-10-08T15:30:00.419Z"}
{"level":"info","message":"Initialising file paths with browser & version","timestamp":"2014-10-08T15:30:00.419Z"}
{"level":"info","message":"Initialising file paths with browser & version","timestamp":"2014-10-08T15:30:00.419Z"}
{"level":"info","message":"Initialising file paths with browser & version","timestamp":"2014-10-08T15:30:00.419Z"}
{"level":"info","message":"Initialising file paths with browser & version","timestamp":"2014-10-08T15:30:00.419Z"}
{"level":"info","message":"Initialising file paths with browser & version","timestamp":"2014-10-08T15:30:00.419Z"}
{"level":"info","message":"Initialising file paths with browser & version","timestamp":"2014-10-08T15:30:00.419Z"}
{"level":"info","message":"Initialising file paths with browser & version","timestamp":"2014-10-08T15:30:00.419Z"}
{"level":"info","message":"Initialising file paths with browser & version","timestamp":"2014-10-08T15:30:00.419Z"}
{"level":"info","message":"Initialising file paths with browser & version","timestamp":"2014-10-08T15:30:00.419Z"}
{"level":"info","message":"Initialising file paths with browser & version","timestamp":"2014-10-08T15:30:00.420Z"}
{"level":"info","message":"Opening URL: http://jenkins.zoetrope.io:8888/v3/testInline.html","timestamp":"2014-10-08T15:30:01.825Z"}
{"level":"info","message":"Initialising file paths with browser & version","timestamp":"2014-10-08T15:30:01.825Z"}
{"level":"info","message":"Initialising file paths with browser & version","timestamp":"2014-10-08T15:30:01.825Z"}
{"level":"info","message":"Initialising file paths with browser & version","timestamp":"2014-10-08T15:30:01.825Z"}
{"level":"info","message":"Initialising file paths with browser & version","timestamp":"2014-10-08T15:30:01.825Z"}
{"level":"info","message":"Initialising file paths with browser & version","timestamp":"2014-10-08T15:30:01.825Z"}
{"level":"info","message":"Initialising file paths with browser & version","timestamp":"2014-10-08T15:30:01.825Z"}
{"level":"info","message":"Saving screenshot to images/load-inline-chrome-30.0.1599.65.png","timestamp":"2014-10-08T15:30:06.914Z"}
{"level":"info","message":"Saved screenshot","timestamp":"2014-10-08T15:30:08.838Z"}
{"level":"info","message":"Clicking the help button","timestamp":"2014-10-08T15:30:08.873Z"}
{"parentElementArrayFinder":{"locator_":{"using":"css selector","value":".zoe-btn-help"}},"elementArrayFinder_":{"locator_":{"$ref":"$[\"parentElementArrayFinder\"][\"locator_\"]"}},"level":"info","message":"help button is","timestamp":"2014-10-08T15:30:08.876Z"}
{"takesScreenshot":true,"version":"6.0.5","cssSelectorsEnabled":true,"javascriptEnabled":true,"browserName":"safari","platform":"MAC","secureSsl":true,"webdriver.remote.sessionid":"593cfc8a7f4a4dff90b79892fc5a262b","hasMetadata":true,"level":"info","message":"","timestamp":"2014-10-08T15:30:09.719Z"}
{"level":"info","message":"undefined","timestamp":"2014-10-08T15:30:09.720Z"}
{"level":"info","message":"BROWSER IS: safari","timestamp":"2014-10-08T15:30:09.720Z"}
{"level":"info","message":"Initialising file paths with browser & version","timestamp":"2014-10-08T15:30:09.721Z"}
{"level":"info","message":"Initialising file paths with browser & version","timestamp":"2014-10-08T15:30:09.721Z"}
{"level":"info","message":"Initialising file paths with browser & version","timestamp":"2014-10-08T15:30:09.721Z"}
{"level":"info","message":"Initialising file paths with browser & version","timestamp":"2014-10-08T15:30:09.721Z"}
{"level":"info","message":"Initialising file paths with browser & version","timestamp":"2014-10-08T15:30:09.721Z"}
{"level":"info","message":"Initialising file paths with browser & version","timestamp":"2014-10-08T15:30:09.721Z"}
{"level":"info","message":"Initialising file paths with browser & version","timestamp":"2014-10-08T15:30:09.721Z"}
{"level":"info","message":"Initialising file paths with browser & version","timestamp":"2014-10-08T15:30:09.721Z"}
{"level":"info","message":"Initialising file paths with browser & version","timestamp":"2014-10-08T15:30:09.721Z"}
{"level":"info","message":"Initialising file paths with browser & version","timestamp":"2014-10-08T15:30:09.721Z"}
{"level":"info","message":"Initialising file paths with browser & version","timestamp":"2014-10-08T15:30:09.721Z"}
{"level":"info","message":"Initialising file paths with browser & version","timestamp":"2014-10-08T15:30:09.721Z"}
{"level":"info","message":"Initialising file paths with browser & version","timestamp":"2014-10-08T15:30:09.721Z"}
{"level":"info","message":"Initialising file paths with browser & version","timestamp":"2014-10-08T15:30:09.721Z"}
{"level":"info","message":"Initialising file paths with browser & version","timestamp":"2014-10-08T15:30:09.721Z"}
{"level":"info","message":"Initialising file paths with browser & version","timestamp":"2014-10-08T15:30:09.722Z"}
{"level":"info","message":"Initialising file paths with browser & version","timestamp":"2014-10-08T15:30:09.722Z"}
{"level":"info","message":"Initialising file paths with browser & version","timestamp":"2014-10-08T15:30:09.722Z"}
{"level":"info","message":"Initialising file paths with browser & version","timestamp":"2014-10-08T15:30:09.722Z"}
{"level":"info","message":"Initialising file paths with browser & version","timestamp":"2014-10-08T15:30:09.722Z"}
{"level":"info","message":"Initialising file paths with browser & version","timestamp":"2014-10-08T15:30:09.722Z"}
{"level":"info","message":"Got help style of ","timestamp":"2014-10-08T15:30:11.294Z"}
{"level":"info","message":"Saving screenshot to images/help-inline-chrome-30.0.1599.65.png","timestamp":"2014-10-08T15:30:11.340Z"}
{"level":"info","message":"Opening URL: http://jenkins.zoetrope.io:8888/v3/testInline.html","timestamp":"2014-10-08T15:30:11.437Z"}
{"level":"info","message":"Initialising file paths with browser & version","timestamp":"2014-10-08T15:30:11.437Z"}
{"level":"info","message":"Initialising file paths with browser & version","timestamp":"2014-10-08T15:30:11.437Z"}
{"level":"info","message":"Initialising file paths with browser & version","timestamp":"2014-10-08T15:30:11.437Z"}
{"level":"info","message":"Initialising file paths with browser & version","timestamp":"2014-10-08T15:30:11.437Z"}
{"level":"info","message":"Initialising file paths with browser & version","timestamp":"2014-10-08T15:30:11.437Z"}
{"level":"info","message":"Initialising file paths with browser & version","timestamp":"2014-10-08T15:30:11.437Z"}
{"level":"info","message":"Saved screenshot","timestamp":"2014-10-08T15:30:12.809Z"}
{"level":"info","message":"Clicking the help button","timestamp":"2014-10-08T15:30:12.855Z"}
{"parentElementArrayFinder":{"locator_":{"using":"css selector","value":".zoe-btn-help"}},"elementArrayFinder_":{"locator_":{"$ref":"$[\"parentElementArrayFinder\"][\"locator_\"]"}},"level":"info","message":"help button is","timestamp":"2014-10-08T15:30:12.858Z"}
{"level":"info","message":"Got help style of display: none;","timestamp":"2014-10-08T15:30:15.524Z"}
{"level":"info","message":"Saving screenshot to images/helpClose-inline-chrome-30.0.1599.65.png","timestamp":"2014-10-08T15:30:15.567Z"}
{"level":"info","message":"Saving screenshot to images/load-inline-safari-6.0.5.png","timestamp":"2014-10-08T15:30:16.170Z"}
{"level":"info","message":"Saved screenshot","timestamp":"2014-10-08T15:30:17.130Z"}
{"level":"info","message":"Clicking the zoom button","timestamp":"2014-10-08T15:30:17.185Z"}
{"level":"info","message":"Saving screenshot to images/zoom-inline-chrome-30.0.1599.65.png","timestamp":"2014-10-08T15:30:17.189Z"}
{"level":"info","message":"Saved screenshot","timestamp":"2014-10-08T15:30:19.092Z"}
{"level":"info","message":"Clicking the help button","timestamp":"2014-10-08T15:30:19.126Z"}
{"parentElementArrayFinder":{"locator_":{"using":"css selector","value":".zoe-btn-help"}},"elementArrayFinder_":{"locator_":{"$ref":"$[\"parentElementArrayFinder\"][\"locator_\"]"}},"level":"info","message":"help button is","timestamp":"2014-10-08T15:30:19.129Z"}
{"level":"info","message":"Saved screenshot","timestamp":"2014-10-08T15:30:21.271Z"}
{"level":"info","message":"Clicking the zoom button","timestamp":"2014-10-08T15:30:21.282Z"}
{"level":"info","message":"Saving screenshot to images/zoomClose-inline-chrome-30.0.1599.65.png","timestamp":"2014-10-08T15:30:21.285Z"}
{"level":"info","message":"Got help style of ","timestamp":"2014-10-08T15:30:21.289Z"}
{"level":"info","message":"Saving screenshot to images/help-inline-safari-6.0.5.png","timestamp":"2014-10-08T15:30:21.337Z"}
{"level":"info","message":"Saved screenshot","timestamp":"2014-10-08T15:30:23.072Z"}
{"level":"info","message":"Clicking the help button","timestamp":"2014-10-08T15:30:23.118Z"}
{"parentElementArrayFinder":{"locator_":{"using":"css selector","value":".zoe-btn-help"}},"elementArrayFinder_":{"locator_":{"$ref":"$[\"parentElementArrayFinder\"][\"locator_\"]"}},"level":"info","message":"help button is","timestamp":"2014-10-08T15:30:23.121Z"}
{"level":"info","message":"Saved screenshot","timestamp":"2014-10-08T15:30:24.288Z"}
{"level":"info","message":"Opening URL: http://jenkins.zoetrope.io:8888/v3/testPopover.html","timestamp":"2014-10-08T15:30:24.299Z"}
{"level":"info","message":"Initialising file paths with browser & version","timestamp":"2014-10-08T15:30:24.299Z"}
{"level":"info","message":"Initialising file paths with browser & version","timestamp":"2014-10-08T15:30:24.299Z"}
{"level":"info","message":"Initialising file paths with browser & version","timestamp":"2014-10-08T15:30:24.299Z"}
{"level":"info","message":"Initialising file paths with browser & version","timestamp":"2014-10-08T15:30:24.299Z"}
{"level":"info","message":"Initialising file paths with browser & version","timestamp":"2014-10-08T15:30:24.299Z"}
{"level":"info","message":"Initialising file paths with browser & version","timestamp":"2014-10-08T15:30:24.299Z"}
{"level":"info","message":"Got help style of display: none; ","timestamp":"2014-10-08T15:30:25.224Z"}
{"level":"info","message":"Saving screenshot to images/helpClose-inline-safari-6.0.5.png","timestamp":"2014-10-08T15:30:25.265Z"}
{"level":"info","message":"Saving screenshot to images/load-popover-chrome-30.0.1599.65.png","timestamp":"2014-10-08T15:30:25.308Z"}
{"level":"info","message":"Saved screenshot","timestamp":"2014-10-08T15:30:27.345Z"}
{"level":"info","message":"Clicking on widget trigger","timestamp":"2014-10-08T15:30:27.389Z"}
{"level":"info","message":"Saved screenshot","timestamp":"2014-10-08T15:30:28.481Z"}
{"level":"info","message":"Clicking the zoom button","timestamp":"2014-10-08T15:30:28.537Z"}
{"level":"info","message":"Saving screenshot to images/zoom-inline-safari-6.0.5.png","timestamp":"2014-10-08T15:30:28.542Z"}
{"level":"info","message":"Saving screenshot to images/openWidget-popover-chrome-30.0.1599.65.png","timestamp":"2014-10-08T15:30:28.589Z"}
{"level":"info","message":"Saved screenshot","timestamp":"2014-10-08T15:30:30.921Z"}
{"level":"info","message":"Clicking the help button","timestamp":"2014-10-08T15:30:30.954Z"}
{"parentElementArrayFinder":{"locator_":{"using":"css selector","value":".zoe-btn-help"}},"elementArrayFinder_":{"locator_":{"$ref":"$[\"parentElementArrayFinder\"][\"locator_\"]"}},"level":"info","message":"help button is","timestamp":"2014-10-08T15:30:30.957Z"}
{"level":"info","message":"Saved screenshot","timestamp":"2014-10-08T15:30:33.542Z"}
{"level":"info","message":"Clicking the zoom button","timestamp":"2014-10-08T15:30:33.553Z"}
{"level":"info","message":"Saving screenshot to images/zoomClose-inline-safari-6.0.5.png","timestamp":"2014-10-08T15:30:33.556Z"}
{"level":"info","message":"Saved screenshot","timestamp":"2014-10-08T15:30:37.101Z"}
{"level":"info","message":"Opening URL: http://jenkins.zoetrope.io:8888/v3/testPopover.html","timestamp":"2014-10-08T15:30:37.113Z"}
{"level":"info","message":"Initialising file paths with browser & version","timestamp":"2014-10-08T15:30:37.114Z"}
{"level":"info","message":"Initialising file paths with browser & version","timestamp":"2014-10-08T15:30:37.114Z"}
{"level":"info","message":"Initialising file paths with browser & version","timestamp":"2014-10-08T15:30:37.114Z"}
{"level":"info","message":"Initialising file paths with browser & version","timestamp":"2014-10-08T15:30:37.114Z"}
{"level":"info","message":"Initialising file paths with browser & version","timestamp":"2014-10-08T15:30:37.114Z"}
{"level":"info","message":"Initialising file paths with browser & version","timestamp":"2014-10-08T15:30:37.114Z"}
{"level":"info","message":"Saving screenshot to images/load-popover-safari-6.0.5.png","timestamp":"2014-10-08T15:30:38.251Z"}
{"level":"info","message":"Got help style of ","timestamp":"2014-10-08T15:30:38.571Z"}
{"level":"info","message":"Saving screenshot to images/help-popover-chrome-30.0.1599.65.png","timestamp":"2014-10-08T15:30:38.615Z"}
{"level":"info","message":"Saved screenshot","timestamp":"2014-10-08T15:30:40.447Z"}
{"level":"info","message":"Clicking the help button","timestamp":"2014-10-08T15:30:40.493Z"}
{"parentElementArrayFinder":{"locator_":{"using":"css selector","value":".zoe-btn-help"}},"elementArrayFinder_":{"locator_":{"$ref":"$[\"parentElementArrayFinder\"][\"locator_\"]"}},"level":"info","message":"help button is","timestamp":"2014-10-08T15:30:40.496Z"}
{"level":"info","message":"Saved screenshot","timestamp":"2014-10-08T15:30:40.777Z"}
{"level":"info","message":"Clicking on widget trigger","timestamp":"2014-10-08T15:30:40.809Z"}
{"level":"info","message":"Saving screenshot to images/openWidget-popover-safari-6.0.5.png","timestamp":"2014-10-08T15:30:42.332Z"}
{"level":"info","message":"Got help style of display: none;","timestamp":"2014-10-08T15:30:42.571Z"}
{"level":"info","message":"Saving screenshot to images/helpClose-popover-chrome-30.0.1599.65.png","timestamp":"2014-10-08T15:30:42.613Z"}
{"level":"info","message":"Saved screenshot","timestamp":"2014-10-08T15:30:44.801Z"}
{"level":"info","message":"Clicking the zoom button","timestamp":"2014-10-08T15:30:44.847Z"}
{"level":"info","message":"Saving screenshot to images/zoom-popover-chrome-30.0.1599.65.png","timestamp":"2014-10-08T15:30:44.851Z"}
{"level":"info","message":"Saved screenshot","timestamp":"2014-10-08T15:30:45.477Z"}
{"level":"info","message":"Clicking the help button","timestamp":"2014-10-08T15:30:45.510Z"}
{"parentElementArrayFinder":{"locator_":{"using":"css selector","value":".zoe-btn-help"}},"elementArrayFinder_":{"locator_":{"$ref":"$[\"parentElementArrayFinder\"][\"locator_\"]"}},"level":"info","message":"help button is","timestamp":"2014-10-08T15:30:45.512Z"}
{"level":"info","message":"Got help style of ","timestamp":"2014-10-08T15:30:47.621Z"}
{"level":"info","message":"Saving screenshot to images/help-popover-safari-6.0.5.png","timestamp":"2014-10-08T15:30:47.663Z"}
{"level":"info","message":"Saved screenshot","timestamp":"2014-10-08T15:30:51.841Z"}
{"level":"info","message":"Clicking the zoom button","timestamp":"2014-10-08T15:30:51.853Z"}
{"level":"info","message":"Saving screenshot to images/zoomClose-popover-chrome-30.0.1599.65.png","timestamp":"2014-10-08T15:30:51.857Z"}
{"level":"info","message":"Saved screenshot","timestamp":"2014-10-08T15:30:51.997Z"}
{"level":"info","message":"Clicking the help button","timestamp":"2014-10-08T15:30:52.039Z"}
{"parentElementArrayFinder":{"locator_":{"using":"css selector","value":".zoe-btn-help"}},"elementArrayFinder_":{"locator_":{"$ref":"$[\"parentElementArrayFinder\"][\"locator_\"]"}},"level":"info","message":"help button is","timestamp":"2014-10-08T15:30:52.041Z"}
{"level":"info","message":"Got help style of display: none; ","timestamp":"2014-10-08T15:30:54.852Z"}
{"level":"info","message":"Saving screenshot to images/helpClose-popover-safari-6.0.5.png","timestamp":"2014-10-08T15:30:54.893Z"}
{"level":"info","message":"Saved screenshot","timestamp":"2014-10-08T15:30:56.030Z"}
{"level":"info","message":"Saved screenshot","timestamp":"2014-10-08T15:30:57.886Z"}
{"level":"info","message":"Clicking the zoom button","timestamp":"2014-10-08T15:30:57.928Z"}
{"level":"info","message":"Saving screenshot to images/zoom-popover-safari-6.0.5.png","timestamp":"2014-10-08T15:30:57.932Z"}
{"level":"info","message":"Saved screenshot","timestamp":"2014-10-08T15:31:03.950Z"}
{"level":"info","message":"Clicking the zoom button","timestamp":"2014-10-08T15:31:03.960Z"}
{"level":"info","message":"Saving screenshot to images/zoomClose-popover-safari-6.0.5.png","timestamp":"2014-10-08T15:31:03.965Z"}
{"level":"info","message":"Saved screenshot","timestamp":"2014-10-08T15:31:09.280Z"}
{"level":"info","message":"Initialising jasmine tests","timestamp":"2014-10-08T15:42:25.450Z"}
{"level":"info","message":"Initialising jasmine tests","timestamp":"2014-10-08T15:42:25.450Z"}
{"inline":{},"popover":{},"indiscriminate":{},"progressWrapper":{"parentElementArrayFinder":{"locator_":{"using":"css selector","value":".zoe-progress-wrapper"}},"elementArrayFinder_":{"locator_":{"$ref":"$[\"progressWrapper\"][\"parentElementArrayFinder\"][\"locator_\"]"}}},"widgetOverlay":{"parentElementArrayFinder":{"locator_":{"using":"css selector","value":"#zoe-zbox-overlay"}},"elementArrayFinder_":{"locator_":{"$ref":"$[\"widgetOverlay\"][\"parentElementArrayFinder\"][\"locator_\"]"}}},"widgetTrigger":{"parentElementArrayFinder":{"locator_":{"using":"css selector","value":".zoe-engage-trigger>img"}},"elementArrayFinder_":{"locator_":{"$ref":"$[\"widgetTrigger\"][\"parentElementArrayFinder\"][\"locator_\"]"}}},"widgetColorbox":{"parentElementArrayFinder":{"locator_":{"using":"css selector","value":"#zoe-zbox-content"}},"elementArrayFinder_":{"locator_":{"$ref":"$[\"widgetColorbox\"][\"parentElementArrayFinder\"][\"locator_\"]"}}},"helpButton":{"parentElementArrayFinder":{"locator_":{"using":"css selector","value":".zoe-btn-help"}},"elementArrayFinder_":{"locator_":{"$ref":"$[\"helpButton\"][\"parentElementArrayFinder\"][\"locator_\"]"}}},"helpElement":{"parentElementArrayFinder":{"locator_":{"using":"css selector","value":".zoe-help-overlay"}},"elementArrayFinder_":{"locator_":{"$ref":"$[\"helpElement\"][\"parentElementArrayFinder\"][\"locator_\"]"}}},"zoomButton":{"parentElementArrayFinder":{"locator_":{"using":"css selector","value":".zoe-btn-zoom"}},"elementArrayFinder_":{"locator_":{"$ref":"$[\"zoomButton\"][\"parentElementArrayFinder\"][\"locator_\"]"}}},"zoomElement":{"parentElementArrayFinder":{"locator_":{"using":"css selector","value":".zoe-zoom"}},"elementArrayFinder_":{"locator_":{"$ref":"$[\"zoomElement\"][\"parentElementArrayFinder\"][\"locator_\"]"}}},"zoomImage":{"parentElementArrayFinder":{"locator_":{"using":"css selector","value":".zoe-zoom-frame"}},"elementArrayFinder_":{"locator_":{"$ref":"$[\"zoomImage\"][\"parentElementArrayFinder\"][\"locator_\"]"}}},"closeButton":{"parentElementArrayFinder":{"locator_":{"using":"css selector","value":".zoe-btn-close"}},"elementArrayFinder_":{"locator_":{"$ref":"$[\"closeButton\"][\"parentElementArrayFinder\"][\"locator_\"]"}}},"widgetImageDiv":{"parentElementArrayFinder":{"locator_":{"using":"css selector","value":".zoe-engage-image.reel"}},"elementArrayFinder_":{"locator_":{"$ref":"$[\"widgetImageDiv\"][\"parentElementArrayFinder\"][\"locator_\"]"}}},"inlineDivSelector":{"parentElementArrayFinder":{"locator_":{"using":"css selector","value":".zoe-inline.reel"}},"elementArrayFinder_":{"locator_":{"$ref":"$[\"inlineDivSelector\"][\"parentElementArrayFinder\"][\"locator_\"]"}}},"widgetWrapperSelector":{"parentElementArrayFinder":{"locator_":{"using":"css selector","value":".zoe-engage-wrapper"}},"elementArrayFinder_":{"locator_":{"$ref":"$[\"widgetWrapperSelector\"][\"parentElementArrayFinder\"][\"locator_\"]"}}},"widgetWrapperImage":{"parentElementArrayFinder":{"locator_":{"using":"css selector","value":".zoe-frame"}},"elementArrayFinder_":{"locator_":{"$ref":"$[\"widgetWrapperImage\"][\"parentElementArrayFinder\"][\"locator_\"]"}}},"pageImageSelector":{"parentElementArrayFinder":{"locator_":{"using":"css selector","value":".zoe-engage-wrapper"}},"elementArrayFinder_":{"locator_":{"$ref":"$[\"pageImageSelector\"][\"parentElementArrayFinder\"][\"locator_\"]"}}},"inlineTrigger":{"parentElementArrayFinder":{"locator_":{"using":"css selector","value":"a.zoe-engage-trigger"}},"elementArrayFinder_":{"locator_":{"$ref":"$[\"inlineTrigger\"][\"parentElementArrayFinder\"][\"locator_\"]"}}},"inlineWrapper":{"parentElementArrayFinder":{"locator_":{"using":"css selector","value":".zoe-engage-wrapper.zoe-inline"}},"elementArrayFinder_":{"locator_":{"$ref":"$[\"inlineWrapper\"][\"parentElementArrayFinder\"][\"locator_\"]"}}},"frameSelector":{"parentElementArrayFinder":{"locator_":{"using":"css selector","value":".zoe-frame"}},"elementArrayFinder_":{"locator_":{"$ref":"$[\"frameSelector\"][\"parentElementArrayFinder\"][\"locator_\"]"}}},"interactCTA":{"parentElementArrayFinder":{"locator_":{"using":"css selector","value":".zoe-interact-cta"}},"elementArrayFinder_":{"locator_":{"$ref":"$[\"interactCTA\"][\"parentElementArrayFinder\"][\"locator_\"]"}}},"triggerCTA":{"parentElementArrayFinder":{"locator_":{"using":"css selector","value":".zoe-trigger-cta"}},"elementArrayFinder_":{"locator_":{"$ref":"$[\"triggerCTA\"][\"parentElementArrayFinder\"][\"locator_\"]"}}},"helpRotate":{"parentElementArrayFinder":{"locator_":{"using":"css selector","value":".zoe-help-rotate .zoe-help-text"}},"elementArrayFinder_":{"locator_":{"$ref":"$[\"helpRotate\"][\"parentElementArrayFinder\"][\"locator_\"]"}}},"helpElevate":{"parentElementArrayFinder":{"locator_":{"using":"css selector","value":".zoe-help-elevate .zoe-help-text"}},"elementArrayFinder_":{"locator_":{"$ref":"$[\"helpElevate\"][\"parentElementArrayFinder\"][\"locator_\"]"}}},"helpZoom":{"parentElementArrayFinder":{"locator_":{"using":"css selector","value":".zoe-help-zoom .zoe-help-text"}},"elementArrayFinder_":{"locator_":{"$ref":"$[\"helpZoom\"][\"parentElementArrayFinder\"][\"locator_\"]"}}},"helpBrand":{"parentElementArrayFinder":{"locator_":{"using":"css selector","value":".zoe-help-brand .zoe-help-text"}},"elementArrayFinder_":{"locator_":{"$ref":"$[\"helpBrand\"][\"parentElementArrayFinder\"][\"locator_\"]"}}},"extraContent":{"parentElementArrayFinder":{"locator_":{"using":"css selector","value":".zoe-display-extra-content"}},"elementArrayFinder_":{"locator_":{"$ref":"$[\"extraContent\"][\"parentElementArrayFinder\"][\"locator_\"]"}}},"level":"debug","message":"elementFinder is ","timestamp":"2014-10-08T15:42:25.453Z"}
{"inline":{},"popover":{},"indiscriminate":{},"progressWrapper":{"parentElementArrayFinder":{"locator_":{"using":"css selector","value":".zoe-progress-wrapper"}},"elementArrayFinder_":{"locator_":{"$ref":"$[\"progressWrapper\"][\"parentElementArrayFinder\"][\"locator_\"]"}}},"widgetOverlay":{"parentElementArrayFinder":{"locator_":{"using":"css selector","value":"#zoe-zbox-overlay"}},"elementArrayFinder_":{"locator_":{"$ref":"$[\"widgetOverlay\"][\"parentElementArrayFinder\"][\"locator_\"]"}}},"widgetTrigger":{"parentElementArrayFinder":{"locator_":{"using":"css selector","value":".zoe-engage-trigger>img"}},"elementArrayFinder_":{"locator_":{"$ref":"$[\"widgetTrigger\"][\"parentElementArrayFinder\"][\"locator_\"]"}}},"widgetColorbox":{"parentElementArrayFinder":{"locator_":{"using":"css selector","value":"#zoe-zbox-content"}},"elementArrayFinder_":{"locator_":{"$ref":"$[\"widgetColorbox\"][\"parentElementArrayFinder\"][\"locator_\"]"}}},"helpButton":{"parentElementArrayFinder":{"locator_":{"using":"css selector","value":".zoe-btn-help"}},"elementArrayFinder_":{"locator_":{"$ref":"$[\"helpButton\"][\"parentElementArrayFinder\"][\"locator_\"]"}}},"helpElement":{"parentElementArrayFinder":{"locator_":{"using":"css selector","value":".zoe-help-overlay"}},"elementArrayFinder_":{"locator_":{"$ref":"$[\"helpElement\"][\"parentElementArrayFinder\"][\"locator_\"]"}}},"zoomButton":{"parentElementArrayFinder":{"locator_":{"using":"css selector","value":".zoe-btn-zoom"}},"elementArrayFinder_":{"locator_":{"$ref":"$[\"zoomButton\"][\"parentElementArrayFinder\"][\"locator_\"]"}}},"zoomElement":{"parentElementArrayFinder":{"locator_":{"using":"css selector","value":".zoe-zoom"}},"elementArrayFinder_":{"locator_":{"$ref":"$[\"zoomElement\"][\"parentElementArrayFinder\"][\"locator_\"]"}}},"zoomImage":{"parentElementArrayFinder":{"locator_":{"using":"css selector","value":".zoe-zoom-frame"}},"elementArrayFinder_":{"locator_":{"$ref":"$[\"zoomImage\"][\"parentElementArrayFinder\"][\"locator_\"]"}}},"closeButton":{"parentElementArrayFinder":{"locator_":{"using":"css selector","value":".zoe-btn-close"}},"elementArrayFinder_":{"locator_":{"$ref":"$[\"closeButton\"][\"parentElementArrayFinder\"][\"locator_\"]"}}},"widgetImageDiv":{"parentElementArrayFinder":{"locator_":{"using":"css selector","value":".zoe-engage-image.reel"}},"elementArrayFinder_":{"locator_":{"$ref":"$[\"widgetImageDiv\"][\"parentElementArrayFinder\"][\"locator_\"]"}}},"inlineDivSelector":{"parentElementArrayFinder":{"locator_":{"using":"css selector","value":".zoe-inline.reel"}},"elementArrayFinder_":{"locator_":{"$ref":"$[\"inlineDivSelector\"][\"parentElementArrayFinder\"][\"locator_\"]"}}},"widgetWrapperSelector":{"parentElementArrayFinder":{"locator_":{"using":"css selector","value":".zoe-engage-wrapper"}},"elementArrayFinder_":{"locator_":{"$ref":"$[\"widgetWrapperSelector\"][\"parentElementArrayFinder\"][\"locator_\"]"}}},"widgetWrapperImage":{"parentElementArrayFinder":{"locator_":{"using":"css selector","value":".zoe-frame"}},"elementArrayFinder_":{"locator_":{"$ref":"$[\"widgetWrapperImage\"][\"parentElementArrayFinder\"][\"locator_\"]"}}},"pageImageSelector":{"parentElementArrayFinder":{"locator_":{"using":"css selector","value":".zoe-engage-wrapper"}},"elementArrayFinder_":{"locator_":{"$ref":"$[\"pageImageSelector\"][\"parentElementArrayFinder\"][\"locator_\"]"}}},"inlineTrigger":{"parentElementArrayFinder":{"locator_":{"using":"css selector","value":"a.zoe-engage-trigger"}},"elementArrayFinder_":{"locator_":{"$ref":"$[\"inlineTrigger\"][\"parentElementArrayFinder\"][\"locator_\"]"}}},"inlineWrapper":{"parentElementArrayFinder":{"locator_":{"using":"css selector","value":".zoe-engage-wrapper.zoe-inline"}},"elementArrayFinder_":{"locator_":{"$ref":"$[\"inlineWrapper\"][\"parentElementArrayFinder\"][\"locator_\"]"}}},"frameSelector":{"parentElementArrayFinder":{"locator_":{"using":"css selector","value":".zoe-frame"}},"elementArrayFinder_":{"locator_":{"$ref":"$[\"frameSelector\"][\"parentElementArrayFinder\"][\"locator_\"]"}}},"interactCTA":{"parentElementArrayFinder":{"locator_":{"using":"css selector","value":".zoe-interact-cta"}},"elementArrayFinder_":{"locator_":{"$ref":"$[\"interactCTA\"][\"parentElementArrayFinder\"][\"locator_\"]"}}},"triggerCTA":{"parentElementArrayFinder":{"locator_":{"using":"css selector","value":".zoe-trigger-cta"}},"elementArrayFinder_":{"locator_":{"$ref":"$[\"triggerCTA\"][\"parentElementArrayFinder\"][\"locator_\"]"}}},"helpRotate":{"parentElementArrayFinder":{"locator_":{"using":"css selector","value":".zoe-help-rotate .zoe-help-text"}},"elementArrayFinder_":{"locator_":{"$ref":"$[\"helpRotate\"][\"parentElementArrayFinder\"][\"locator_\"]"}}},"helpElevate":{"parentElementArrayFinder":{"locator_":{"using":"css selector","value":".zoe-help-elevate .zoe-help-text"}},"elementArrayFinder_":{"locator_":{"$ref":"$[\"helpElevate\"][\"parentElementArrayFinder\"][\"locator_\"]"}}},"helpZoom":{"parentElementArrayFinder":{"locator_":{"using":"css selector","value":".zoe-help-zoom .zoe-help-text"}},"elementArrayFinder_":{"locator_":{"$ref":"$[\"helpZoom\"][\"parentElementArrayFinder\"][\"locator_\"]"}}},"helpBrand":{"parentElementArrayFinder":{"locator_":{"using":"css selector","value":".zoe-help-brand .zoe-help-text"}},"elementArrayFinder_":{"locator_":{"$ref":"$[\"helpBrand\"][\"parentElementArrayFinder\"][\"locator_\"]"}}},"extraContent":{"parentElementArrayFinder":{"locator_":{"using":"css selector","value":".zoe-display-extra-content"}},"elementArrayFinder_":{"locator_":{"$ref":"$[\"extraContent\"][\"parentElementArrayFinder\"][\"locator_\"]"}}},"level":"debug","message":"elementFinder is ","timestamp":"2014-10-08T15:42:25.453Z"}
{"level":"info","message":"Initialising jasmine tests","timestamp":"2014-10-08T15:42:25.463Z"}
{"inline":{},"popover":{},"indiscriminate":{},"progressWrapper":{"parentElementArrayFinder":{"locator_":{"using":"css selector","value":".zoe-progress-wrapper"}},"elementArrayFinder_":{"locator_":{"$ref":"$[\"progressWrapper\"][\"parentElementArrayFinder\"][\"locator_\"]"}}},"widgetOverlay":{"parentElementArrayFinder":{"locator_":{"using":"css selector","value":"#zoe-zbox-overlay"}},"elementArrayFinder_":{"locator_":{"$ref":"$[\"widgetOverlay\"][\"parentElementArrayFinder\"][\"locator_\"]"}}},"widgetTrigger":{"parentElementArrayFinder":{"locator_":{"using":"css selector","value":".zoe-engage-trigger>img"}},"elementArrayFinder_":{"locator_":{"$ref":"$[\"widgetTrigger\"][\"parentElementArrayFinder\"][\"locator_\"]"}}},"widgetColorbox":{"parentElementArrayFinder":{"locator_":{"using":"css selector","value":"#zoe-zbox-content"}},"elementArrayFinder_":{"locator_":{"$ref":"$[\"widgetColorbox\"][\"parentElementArrayFinder\"][\"locator_\"]"}}},"helpButton":{"parentElementArrayFinder":{"locator_":{"using":"css selector","value":".zoe-btn-help"}},"elementArrayFinder_":{"locator_":{"$ref":"$[\"helpButton\"][\"parentElementArrayFinder\"][\"locator_\"]"}}},"helpElement":{"parentElementArrayFinder":{"locator_":{"using":"css selector","value":".zoe-help-overlay"}},"elementArrayFinder_":{"locator_":{"$ref":"$[\"helpElement\"][\"parentElementArrayFinder\"][\"locator_\"]"}}},"zoomButton":{"parentElementArrayFinder":{"locator_":{"using":"css selector","value":".zoe-btn-zoom"}},"elementArrayFinder_":{"locator_":{"$ref":"$[\"zoomButton\"][\"parentElementArrayFinder\"][\"locator_\"]"}}},"zoomElement":{"parentElementArrayFinder":{"locator_":{"using":"css selector","value":".zoe-zoom"}},"elementArrayFinder_":{"locator_":{"$ref":"$[\"zoomElement\"][\"parentElementArrayFinder\"][\"locator_\"]"}}},"zoomImage":{"parentElementArrayFinder":{"locator_":{"using":"css selector","value":".zoe-zoom-frame"}},"elementArrayFinder_":{"locator_":{"$ref":"$[\"zoomImage\"][\"parentElementArrayFinder\"][\"locator_\"]"}}},"closeButton":{"parentElementArrayFinder":{"locator_":{"using":"css selector","value":".zoe-btn-close"}},"elementArrayFinder_":{"locator_":{"$ref":"$[\"closeButton\"][\"parentElementArrayFinder\"][\"locator_\"]"}}},"widgetImageDiv":{"parentElementArrayFinder":{"locator_":{"using":"css selector","value":".zoe-engage-image.reel"}},"elementArrayFinder_":{"locator_":{"$ref":"$[\"widgetImageDiv\"][\"parentElementArrayFinder\"][\"locator_\"]"}}},"inlineDivSelector":{"parentElementArrayFinder":{"locator_":{"using":"css selector","value":".zoe-inline.reel"}},"elementArrayFinder_":{"locator_":{"$ref":"$[\"inlineDivSelector\"][\"parentElementArrayFinder\"][\"locator_\"]"}}},"widgetWrapperSelector":{"parentElementArrayFinder":{"locator_":{"using":"css selector","value":".zoe-engage-wrapper"}},"elementArrayFinder_":{"locator_":{"$ref":"$[\"widgetWrapperSelector\"][\"parentElementArrayFinder\"][\"locator_\"]"}}},"widgetWrapperImage":{"parentElementArrayFinder":{"locator_":{"using":"css selector","value":".zoe-frame"}},"elementArrayFinder_":{"locator_":{"$ref":"$[\"widgetWrapperImage\"][\"parentElementArrayFinder\"][\"locator_\"]"}}},"pageImageSelector":{"parentElementArrayFinder":{"locator_":{"using":"css selector","value":".zoe-engage-wrapper"}},"elementArrayFinder_":{"locator_":{"$ref":"$[\"pageImageSelector\"][\"parentElementArrayFinder\"][\"locator_\"]"}}},"inlineTrigger":{"parentElementArrayFinder":{"locator_":{"using":"css selector","value":"a.zoe-engage-trigger"}},"elementArrayFinder_":{"locator_":{"$ref":"$[\"inlineTrigger\"][\"parentElementArrayFinder\"][\"locator_\"]"}}},"inlineWrapper":{"parentElementArrayFinder":{"locator_":{"using":"css selector","value":".zoe-engage-wrapper.zoe-inline"}},"elementArrayFinder_":{"locator_":{"$ref":"$[\"inlineWrapper\"][\"parentElementArrayFinder\"][\"locator_\"]"}}},"frameSelector":{"parentElementArrayFinder":{"locator_":{"using":"css selector","value":".zoe-frame"}},"elementArrayFinder_":{"locator_":{"$ref":"$[\"frameSelector\"][\"parentElementArrayFinder\"][\"locator_\"]"}}},"interactCTA":{"parentElementArrayFinder":{"locator_":{"using":"css selector","value":".zoe-interact-cta"}},"elementArrayFinder_":{"locator_":{"$ref":"$[\"interactCTA\"][\"parentElementArrayFinder\"][\"locator_\"]"}}},"triggerCTA":{"parentElementArrayFinder":{"locator_":{"using":"css selector","value":".zoe-trigger-cta"}},"elementArrayFinder_":{"locator_":{"$ref":"$[\"triggerCTA\"][\"parentElementArrayFinder\"][\"locator_\"]"}}},"helpRotate":{"parentElementArrayFinder":{"locator_":{"using":"css selector","value":".zoe-help-rotate .zoe-help-text"}},"elementArrayFinder_":{"locator_":{"$ref":"$[\"helpRotate\"][\"parentElementArrayFinder\"][\"locator_\"]"}}},"helpElevate":{"parentElementArrayFinder":{"locator_":{"using":"css selector","value":".zoe-help-elevate .zoe-help-text"}},"elementArrayFinder_":{"locator_":{"$ref":"$[\"helpElevate\"][\"parentElementArrayFinder\"][\"locator_\"]"}}},"helpZoom":{"parentElementArrayFinder":{"locator_":{"using":"css selector","value":".zoe-help-zoom .zoe-help-text"}},"elementArrayFinder_":{"locator_":{"$ref":"$[\"helpZoom\"][\"parentElementArrayFinder\"][\"locator_\"]"}}},"helpBrand":{"parentElementArrayFinder":{"locator_":{"using":"css selector","value":".zoe-help-brand .zoe-help-text"}},"elementArrayFinder_":{"locator_":{"$ref":"$[\"helpBrand\"][\"parentElementArrayFinder\"][\"locator_\"]"}}},"extraContent":{"parentElementArrayFinder":{"locator_":{"using":"css selector","value":".zoe-display-extra-content"}},"elementArrayFinder_":{"locator_":{"$ref":"$[\"extraContent\"][\"parentElementArrayFinder\"][\"locator_\"]"}}},"level":"debug","message":"elementFinder is ","timestamp":"2014-10-08T15:42:25.465Z"}
{"level":"info","message":"Initialising jasmine tests","timestamp":"2014-10-08T15:42:25.468Z"}
{"inline":{},"popover":{},"indiscriminate":{},"progressWrapper":{"parentElementArrayFinder":{"locator_":{"using":"css selector","value":".zoe-progress-wrapper"}},"elementArrayFinder_":{"locator_":{"$ref":"$[\"progressWrapper\"][\"parentElementArrayFinder\"][\"locator_\"]"}}},"widgetOverlay":{"parentElementArrayFinder":{"locator_":{"using":"css selector","value":"#zoe-zbox-overlay"}},"elementArrayFinder_":{"locator_":{"$ref":"$[\"widgetOverlay\"][\"parentElementArrayFinder\"][\"locator_\"]"}}},"widgetTrigger":{"parentElementArrayFinder":{"locator_":{"using":"css selector","value":".zoe-engage-trigger>img"}},"elementArrayFinder_":{"locator_":{"$ref":"$[\"widgetTrigger\"][\"parentElementArrayFinder\"][\"locator_\"]"}}},"widgetColorbox":{"parentElementArrayFinder":{"locator_":{"using":"css selector","value":"#zoe-zbox-content"}},"elementArrayFinder_":{"locator_":{"$ref":"$[\"widgetColorbox\"][\"parentElementArrayFinder\"][\"locator_\"]"}}},"helpButton":{"parentElementArrayFinder":{"locator_":{"using":"css selector","value":".zoe-btn-help"}},"elementArrayFinder_":{"locator_":{"$ref":"$[\"helpButton\"][\"parentElementArrayFinder\"][\"locator_\"]"}}},"helpElement":{"parentElementArrayFinder":{"locator_":{"using":"css selector","value":".zoe-help-overlay"}},"elementArrayFinder_":{"locator_":{"$ref":"$[\"helpElement\"][\"parentElementArrayFinder\"][\"locator_\"]"}}},"zoomButton":{"parentElementArrayFinder":{"locator_":{"using":"css selector","value":".zoe-btn-zoom"}},"elementArrayFinder_":{"locator_":{"$ref":"$[\"zoomButton\"][\"parentElementArrayFinder\"][\"locator_\"]"}}},"zoomElement":{"parentElementArrayFinder":{"locator_":{"using":"css selector","value":".zoe-zoom"}},"elementArrayFinder_":{"locator_":{"$ref":"$[\"zoomElement\"][\"parentElementArrayFinder\"][\"locator_\"]"}}},"zoomImage":{"parentElementArrayFinder":{"locator_":{"using":"css selector","value":".zoe-zoom-frame"}},"elementArrayFinder_":{"locator_":{"$ref":"$[\"zoomImage\"][\"parentElementArrayFinder\"][\"locator_\"]"}}},"closeButton":{"parentElementArrayFinder":{"locator_":{"using":"css selector","value":".zoe-btn-close"}},"elementArrayFinder_":{"locator_":{"$ref":"$[\"closeButton\"][\"parentElementArrayFinder\"][\"locator_\"]"}}},"widgetImageDiv":{"parentElementArrayFinder":{"locator_":{"using":"css selector","value":".zoe-engage-image.reel"}},"elementArrayFinder_":{"locator_":{"$ref":"$[\"widgetImageDiv\"][\"parentElementArrayFinder\"][\"locator_\"]"}}},"inlineDivSelector":{"parentElementArrayFinder":{"locator_":{"using":"css selector","value":".zoe-inline.reel"}},"elementArrayFinder_":{"locator_":{"$ref":"$[\"inlineDivSelector\"][\"parentElementArrayFinder\"][\"locator_\"]"}}},"widgetWrapperSelector":{"parentElementArrayFinder":{"locator_":{"using":"css selector","value":".zoe-engage-wrapper"}},"elementArrayFinder_":{"locator_":{"$ref":"$[\"widgetWrapperSelector\"][\"parentElementArrayFinder\"][\"locator_\"]"}}},"widgetWrapperImage":{"parentElementArrayFinder":{"locator_":{"using":"css selector","value":".zoe-frame"}},"elementArrayFinder_":{"locator_":{"$ref":"$[\"widgetWrapperImage\"][\"parentElementArrayFinder\"][\"locator_\"]"}}},"pageImageSelector":{"parentElementArrayFinder":{"locator_":{"using":"css selector","value":".zoe-engage-wrapper"}},"elementArrayFinder_":{"locator_":{"$ref":"$[\"pageImageSelector\"][\"parentElementArrayFinder\"][\"locator_\"]"}}},"inlineTrigger":{"parentElementArrayFinder":{"locator_":{"using":"css selector","value":"a.zoe-engage-trigger"}},"elementArrayFinder_":{"locator_":{"$ref":"$[\"inlineTrigger\"][\"parentElementArrayFinder\"][\"locator_\"]"}}},"inlineWrapper":{"parentElementArrayFinder":{"locator_":{"using":"css selector","value":".zoe-engage-wrapper.zoe-inline"}},"elementArrayFinder_":{"locator_":{"$ref":"$[\"inlineWrapper\"][\"parentElementArrayFinder\"][\"locator_\"]"}}},"frameSelector":{"parentElementArrayFinder":{"locator_":{"using":"css selector","value":".zoe-frame"}},"elementArrayFinder_":{"locator_":{"$ref":"$[\"frameSelector\"][\"parentElementArrayFinder\"][\"locator_\"]"}}},"interactCTA":{"parentElementArrayFinder":{"locator_":{"using":"css selector","value":".zoe-interact-cta"}},"elementArrayFinder_":{"locator_":{"$ref":"$[\"interactCTA\"][\"parentElementArrayFinder\"][\"locator_\"]"}}},"triggerCTA":{"parentElementArrayFinder":{"locator_":{"using":"css selector","value":".zoe-trigger-cta"}},"elementArrayFinder_":{"locator_":{"$ref":"$[\"triggerCTA\"][\"parentElementArrayFinder\"][\"locator_\"]"}}},"helpRotate":{"parentElementArrayFinder":{"locator_":{"using":"css selector","value":".zoe-help-rotate .zoe-help-text"}},"elementArrayFinder_":{"locator_":{"$ref":"$[\"helpRotate\"][\"parentElementArrayFinder\"][\"locator_\"]"}}},"helpElevate":{"parentElementArrayFinder":{"locator_":{"using":"css selector","value":".zoe-help-elevate .zoe-help-text"}},"elementArrayFinder_":{"locator_":{"$ref":"$[\"helpElevate\"][\"parentElementArrayFinder\"][\"locator_\"]"}}},"helpZoom":{"parentElementArrayFinder":{"locator_":{"using":"css selector","value":".zoe-help-zoom .zoe-help-text"}},"elementArrayFinder_":{"locator_":{"$ref":"$[\"helpZoom\"][\"parentElementArrayFinder\"][\"locator_\"]"}}},"helpBrand":{"parentElementArrayFinder":{"locator_":{"using":"css selector","value":".zoe-help-brand .zoe-help-text"}},"elementArrayFinder_":{"locator_":{"$ref":"$[\"helpBrand\"][\"parentElementArrayFinder\"][\"locator_\"]"}}},"extraContent":{"parentElementArrayFinder":{"locator_":{"using":"css selector","value":".zoe-display-extra-content"}},"elementArrayFinder_":{"locator_":{"$ref":"$[\"extraContent\"][\"parentElementArrayFinder\"][\"locator_\"]"}}},"level":"debug","message":"elementFinder is ","timestamp":"2014-10-08T15:42:25.472Z"}
{"level":"info","message":"Initialising jasmine tests","timestamp":"2014-10-08T15:43:35.712Z"}
{"inline":{},"popover":{},"indiscriminate":{},"progressWrapper":{"parentElementArrayFinder":{"locator_":{"using":"css selector","value":".zoe-progress-wrapper"}},"elementArrayFinder_":{"locator_":{"$ref":"$[\"progressWrapper\"][\"parentElementArrayFinder\"][\"locator_\"]"}}},"widgetOverlay":{"parentElementArrayFinder":{"locator_":{"using":"css selector","value":"#zoe-zbox-overlay"}},"elementArrayFinder_":{"locator_":{"$ref":"$[\"widgetOverlay\"][\"parentElementArrayFinder\"][\"locator_\"]"}}},"widgetTrigger":{"parentElementArrayFinder":{"locator_":{"using":"css selector","value":".zoe-engage-trigger>img"}},"elementArrayFinder_":{"locator_":{"$ref":"$[\"widgetTrigger\"][\"parentElementArrayFinder\"][\"locator_\"]"}}},"widgetColorbox":{"parentElementArrayFinder":{"locator_":{"using":"css selector","value":"#zoe-zbox-content"}},"elementArrayFinder_":{"locator_":{"$ref":"$[\"widgetColorbox\"][\"parentElementArrayFinder\"][\"locator_\"]"}}},"helpButton":{"parentElementArrayFinder":{"locator_":{"using":"css selector","value":".zoe-btn-help"}},"elementArrayFinder_":{"locator_":{"$ref":"$[\"helpButton\"][\"parentElementArrayFinder\"][\"locator_\"]"}}},"helpElement":{"parentElementArrayFinder":{"locator_":{"using":"css selector","value":".zoe-help-overlay"}},"elementArrayFinder_":{"locator_":{"$ref":"$[\"helpElement\"][\"parentElementArrayFinder\"][\"locator_\"]"}}},"zoomButton":{"parentElementArrayFinder":{"locator_":{"using":"css selector","value":".zoe-btn-zoom"}},"elementArrayFinder_":{"locator_":{"$ref":"$[\"zoomButton\"][\"parentElementArrayFinder\"][\"locator_\"]"}}},"zoomElement":{"parentElementArrayFinder":{"locator_":{"using":"css selector","value":".zoe-zoom"}},"elementArrayFinder_":{"locator_":{"$ref":"$[\"zoomElement\"][\"parentElementArrayFinder\"][\"locator_\"]"}}},"zoomImage":{"parentElementArrayFinder":{"locator_":{"using":"css selector","value":".zoe-zoom-frame"}},"elementArrayFinder_":{"locator_":{"$ref":"$[\"zoomImage\"][\"parentElementArrayFinder\"][\"locator_\"]"}}},"closeButton":{"parentElementArrayFinder":{"locator_":{"using":"css selector","value":".zoe-btn-close"}},"elementArrayFinder_":{"locator_":{"$ref":"$[\"closeButton\"][\"parentElementArrayFinder\"][\"locator_\"]"}}},"widgetImageDiv":{"parentElementArrayFinder":{"locator_":{"using":"css selector","value":".zoe-engage-image.reel"}},"elementArrayFinder_":{"locator_":{"$ref":"$[\"widgetImageDiv\"][\"parentElementArrayFinder\"][\"locator_\"]"}}},"inlineDivSelector":{"parentElementArrayFinder":{"locator_":{"using":"css selector","value":".zoe-inline.reel"}},"elementArrayFinder_":{"locator_":{"$ref":"$[\"inlineDivSelector\"][\"parentElementArrayFinder\"][\"locator_\"]"}}},"widgetWrapperSelector":{"parentElementArrayFinder":{"locator_":{"using":"css selector","value":".zoe-engage-wrapper"}},"elementArrayFinder_":{"locator_":{"$ref":"$[\"widgetWrapperSelector\"][\"parentElementArrayFinder\"][\"locator_\"]"}}},"widgetWrapperImage":{"parentElementArrayFinder":{"locator_":{"using":"css selector","value":".zoe-frame"}},"elementArrayFinder_":{"locator_":{"$ref":"$[\"widgetWrapperImage\"][\"parentElementArrayFinder\"][\"locator_\"]"}}},"pageImageSelector":{"parentElementArrayFinder":{"locator_":{"using":"css selector","value":".zoe-engage-wrapper"}},"elementArrayFinder_":{"locator_":{"$ref":"$[\"pageImageSelector\"][\"parentElementArrayFinder\"][\"locator_\"]"}}},"inlineTrigger":{"parentElementArrayFinder":{"locator_":{"using":"css selector","value":"a.zoe-engage-trigger"}},"elementArrayFinder_":{"locator_":{"$ref":"$[\"inlineTrigger\"][\"parentElementArrayFinder\"][\"locator_\"]"}}},"inlineWrapper":{"parentElementArrayFinder":{"locator_":{"using":"css selector","value":".zoe-engage-wrapper.zoe-inline"}},"elementArrayFinder_":{"locator_":{"$ref":"$[\"inlineWrapper\"][\"parentElementArrayFinder\"][\"locator_\"]"}}},"frameSelector":{"parentElementArrayFinder":{"locator_":{"using":"css selector","value":".zoe-frame"}},"elementArrayFinder_":{"locator_":{"$ref":"$[\"frameSelector\"][\"parentElementArrayFinder\"][\"locator_\"]"}}},"interactCTA":{"parentElementArrayFinder":{"locator_":{"using":"css selector","value":".zoe-interact-cta"}},"elementArrayFinder_":{"locator_":{"$ref":"$[\"interactCTA\"][\"parentElementArrayFinder\"][\"locator_\"]"}}},"triggerCTA":{"parentElementArrayFinder":{"locator_":{"using":"css selector","value":".zoe-trigger-cta"}},"elementArrayFinder_":{"locator_":{"$ref":"$[\"triggerCTA\"][\"parentElementArrayFinder\"][\"locator_\"]"}}},"helpRotate":{"parentElementArrayFinder":{"locator_":{"using":"css selector","value":".zoe-help-rotate .zoe-help-text"}},"elementArrayFinder_":{"locator_":{"$ref":"$[\"helpRotate\"][\"parentElementArrayFinder\"][\"locator_\"]"}}},"helpElevate":{"parentElementArrayFinder":{"locator_":{"using":"css selector","value":".zoe-help-elevate .zoe-help-text"}},"elementArrayFinder_":{"locator_":{"$ref":"$[\"helpElevate\"][\"parentElementArrayFinder\"][\"locator_\"]"}}},"helpZoom":{"parentElementArrayFinder":{"locator_":{"using":"css selector","value":".zoe-help-zoom .zoe-help-text"}},"elementArrayFinder_":{"locator_":{"$ref":"$[\"helpZoom\"][\"parentElementArrayFinder\"][\"locator_\"]"}}},"helpBrand":{"parentElementArrayFinder":{"locator_":{"using":"css selector","value":".zoe-help-brand .zoe-help-text"}},"elementArrayFinder_":{"locator_":{"$ref":"$[\"helpBrand\"][\"parentElementArrayFinder\"][\"locator_\"]"}}},"extraContent":{"parentElementArrayFinder":{"locator_":{"using":"css selector","value":".zoe-display-extra-content"}},"elementArrayFinder_":{"locator_":{"$ref":"$[\"extraContent\"][\"parentElementArrayFinder\"][\"locator_\"]"}}},"level":"debug","message":"elementFinder is ","timestamp":"2014-10-08T15:43:35.714Z"}
{"level":"info","message":"Initialising jasmine tests","timestamp":"2014-10-08T15:43:35.715Z"}
{"inline":{},"popover":{},"indiscriminate":{},"progressWrapper":{"parentElementArrayFinder":{"locator_":{"using":"css selector","value":".zoe-progress-wrapper"}},"elementArrayFinder_":{"locator_":{"$ref":"$[\"progressWrapper\"][\"parentElementArrayFinder\"][\"locator_\"]"}}},"widgetOverlay":{"parentElementArrayFinder":{"locator_":{"using":"css selector","value":"#zoe-zbox-overlay"}},"elementArrayFinder_":{"locator_":{"$ref":"$[\"widgetOverlay\"][\"parentElementArrayFinder\"][\"locator_\"]"}}},"widgetTrigger":{"parentElementArrayFinder":{"locator_":{"using":"css selector","value":".zoe-engage-trigger>img"}},"elementArrayFinder_":{"locator_":{"$ref":"$[\"widgetTrigger\"][\"parentElementArrayFinder\"][\"locator_\"]"}}},"widgetColorbox":{"parentElementArrayFinder":{"locator_":{"using":"css selector","value":"#zoe-zbox-content"}},"elementArrayFinder_":{"locator_":{"$ref":"$[\"widgetColorbox\"][\"parentElementArrayFinder\"][\"locator_\"]"}}},"helpButton":{"parentElementArrayFinder":{"locator_":{"using":"css selector","value":".zoe-btn-help"}},"elementArrayFinder_":{"locator_":{"$ref":"$[\"helpButton\"][\"parentElementArrayFinder\"][\"locator_\"]"}}},"helpElement":{"parentElementArrayFinder":{"locator_":{"using":"css selector","value":".zoe-help-overlay"}},"elementArrayFinder_":{"locator_":{"$ref":"$[\"helpElement\"][\"parentElementArrayFinder\"][\"locator_\"]"}}},"zoomButton":{"parentElementArrayFinder":{"locator_":{"using":"css selector","value":".zoe-btn-zoom"}},"elementArrayFinder_":{"locator_":{"$ref":"$[\"zoomButton\"][\"parentElementArrayFinder\"][\"locator_\"]"}}},"zoomElement":{"parentElementArrayFinder":{"locator_":{"using":"css selector","value":".zoe-zoom"}},"elementArrayFinder_":{"locator_":{"$ref":"$[\"zoomElement\"][\"parentElementArrayFinder\"][\"locator_\"]"}}},"zoomImage":{"parentElementArrayFinder":{"locator_":{"using":"css selector","value":".zoe-zoom-frame"}},"elementArrayFinder_":{"locator_":{"$ref":"$[\"zoomImage\"][\"parentElementArrayFinder\"][\"locator_\"]"}}},"closeButton":{"parentElementArrayFinder":{"locator_":{"using":"css selector","value":".zoe-btn-close"}},"elementArrayFinder_":{"locator_":{"$ref":"$[\"closeButton\"][\"parentElementArrayFinder\"][\"locator_\"]"}}},"widgetImageDiv":{"parentElementArrayFinder":{"locator_":{"using":"css selector","value":".zoe-engage-image.reel"}},"elementArrayFinder_":{"locator_":{"$ref":"$[\"widgetImageDiv\"][\"parentElementArrayFinder\"][\"locator_\"]"}}},"inlineDivSelector":{"parentElementArrayFinder":{"locator_":{"using":"css selector","value":".zoe-inline.reel"}},"elementArrayFinder_":{"locator_":{"$ref":"$[\"inlineDivSelector\"][\"parentElementArrayFinder\"][\"locator_\"]"}}},"widgetWrapperSelector":{"parentElementArrayFinder":{"locator_":{"using":"css selector","value":".zoe-engage-wrapper"}},"elementArrayFinder_":{"locator_":{"$ref":"$[\"widgetWrapperSelector\"][\"parentElementArrayFinder\"][\"locator_\"]"}}},"widgetWrapperImage":{"parentElementArrayFinder":{"locator_":{"using":"css selector","value":".zoe-frame"}},"elementArrayFinder_":{"locator_":{"$ref":"$[\"widgetWrapperImage\"][\"parentElementArrayFinder\"][\"locator_\"]"}}},"pageImageSelector":{"parentElementArrayFinder":{"locator_":{"using":"css selector","value":".zoe-engage-wrapper"}},"elementArrayFinder_":{"locator_":{"$ref":"$[\"pageImageSelector\"][\"parentElementArrayFinder\"][\"locator_\"]"}}},"inlineTrigger":{"parentElementArrayFinder":{"locator_":{"using":"css selector","value":"a.zoe-engage-trigger"}},"elementArrayFinder_":{"locator_":{"$ref":"$[\"inlineTrigger\"][\"parentElementArrayFinder\"][\"locator_\"]"}}},"inlineWrapper":{"parentElementArrayFinder":{"locator_":{"using":"css selector","value":".zoe-engage-wrapper.zoe-inline"}},"elementArrayFinder_":{"locator_":{"$ref":"$[\"inlineWrapper\"][\"parentElementArrayFinder\"][\"locator_\"]"}}},"frameSelector":{"parentElementArrayFinder":{"locator_":{"using":"css selector","value":".zoe-frame"}},"elementArrayFinder_":{"locator_":{"$ref":"$[\"frameSelector\"][\"parentElementArrayFinder\"][\"locator_\"]"}}},"interactCTA":{"parentElementArrayFinder":{"locator_":{"using":"css selector","value":".zoe-interact-cta"}},"elementArrayFinder_":{"locator_":{"$ref":"$[\"interactCTA\"][\"parentElementArrayFinder\"][\"locator_\"]"}}},"triggerCTA":{"parentElementArrayFinder":{"locator_":{"using":"css selector","value":".zoe-trigger-cta"}},"elementArrayFinder_":{"locator_":{"$ref":"$[\"triggerCTA\"][\"parentElementArrayFinder\"][\"locator_\"]"}}},"helpRotate":{"parentElementArrayFinder":{"locator_":{"using":"css selector","value":".zoe-help-rotate .zoe-help-text"}},"elementArrayFinder_":{"locator_":{"$ref":"$[\"helpRotate\"][\"parentElementArrayFinder\"][\"locator_\"]"}}},"helpElevate":{"parentElementArrayFinder":{"locator_":{"using":"css selector","value":".zoe-help-elevate .zoe-help-text"}},"elementArrayFinder_":{"locator_":{"$ref":"$[\"helpElevate\"][\"parentElementArrayFinder\"][\"locator_\"]"}}},"helpZoom":{"parentElementArrayFinder":{"locator_":{"using":"css selector","value":".zoe-help-zoom .zoe-help-text"}},"elementArrayFinder_":{"locator_":{"$ref":"$[\"helpZoom\"][\"parentElementArrayFinder\"][\"locator_\"]"}}},"helpBrand":{"parentElementArrayFinder":{"locator_":{"using":"css selector","value":".zoe-help-brand .zoe-help-text"}},"elementArrayFinder_":{"locator_":{"$ref":"$[\"helpBrand\"][\"parentElementArrayFinder\"][\"locator_\"]"}}},"extraContent":{"parentElementArrayFinder":{"locator_":{"using":"css selector","value":".zoe-display-extra-content"}},"elementArrayFinder_":{"locator_":{"$ref":"$[\"extraContent\"][\"parentElementArrayFinder\"][\"locator_\"]"}}},"level":"debug","message":"elementFinder is ","timestamp":"2014-10-08T15:43:35.718Z"}
{"level":"info","message":"Initialising jasmine tests","timestamp":"2014-10-08T15:43:35.735Z"}
{"inline":{},"popover":{},"indiscriminate":{},"progressWrapper":{"parentElementArrayFinder":{"locator_":{"using":"css selector","value":".zoe-progress-wrapper"}},"elementArrayFinder_":{"locator_":{"$ref":"$[\"progressWrapper\"][\"parentElementArrayFinder\"][\"locator_\"]"}}},"widgetOverlay":{"parentElementArrayFinder":{"locator_":{"using":"css selector","value":"#zoe-zbox-overlay"}},"elementArrayFinder_":{"locator_":{"$ref":"$[\"widgetOverlay\"][\"parentElementArrayFinder\"][\"locator_\"]"}}},"widgetTrigger":{"parentElementArrayFinder":{"locator_":{"using":"css selector","value":".zoe-engage-trigger>img"}},"elementArrayFinder_":{"locator_":{"$ref":"$[\"widgetTrigger\"][\"parentElementArrayFinder\"][\"locator_\"]"}}},"widgetColorbox":{"parentElementArrayFinder":{"locator_":{"using":"css selector","value":"#zoe-zbox-content"}},"elementArrayFinder_":{"locator_":{"$ref":"$[\"widgetColorbox\"][\"parentElementArrayFinder\"][\"locator_\"]"}}},"helpButton":{"parentElementArrayFinder":{"locator_":{"using":"css selector","value":".zoe-btn-help"}},"elementArrayFinder_":{"locator_":{"$ref":"$[\"helpButton\"][\"parentElementArrayFinder\"][\"locator_\"]"}}},"helpElement":{"parentElementArrayFinder":{"locator_":{"using":"css selector","value":".zoe-help-overlay"}},"elementArrayFinder_":{"locator_":{"$ref":"$[\"helpElement\"][\"parentElementArrayFinder\"][\"locator_\"]"}}},"zoomButton":{"parentElementArrayFinder":{"locator_":{"using":"css selector","value":".zoe-btn-zoom"}},"elementArrayFinder_":{"locator_":{"$ref":"$[\"zoomButton\"][\"parentElementArrayFinder\"][\"locator_\"]"}}},"zoomElement":{"parentElementArrayFinder":{"locator_":{"using":"css selector","value":".zoe-zoom"}},"elementArrayFinder_":{"locator_":{"$ref":"$[\"zoomElement\"][\"parentElementArrayFinder\"][\"locator_\"]"}}},"zoomImage":{"parentElementArrayFinder":{"locator_":{"using":"css selector","value":".zoe-zoom-frame"}},"elementArrayFinder_":{"locator_":{"$ref":"$[\"zoomImage\"][\"parentElementArrayFinder\"][\"locator_\"]"}}},"closeButton":{"parentElementArrayFinder":{"locator_":{"using":"css selector","value":".zoe-btn-close"}},"elementArrayFinder_":{"locator_":{"$ref":"$[\"closeButton\"][\"parentElementArrayFinder\"][\"locator_\"]"}}},"widgetImageDiv":{"parentElementArrayFinder":{"locator_":{"using":"css selector","value":".zoe-engage-image.reel"}},"elementArrayFinder_":{"locator_":{"$ref":"$[\"widgetImageDiv\"][\"parentElementArrayFinder\"][\"locator_\"]"}}},"inlineDivSelector":{"parentElementArrayFinder":{"locator_":{"using":"css selector","value":".zoe-inline.reel"}},"elementArrayFinder_":{"locator_":{"$ref":"$[\"inlineDivSelector\"][\"parentElementArrayFinder\"][\"locator_\"]"}}},"widgetWrapperSelector":{"parentElementArrayFinder":{"locator_":{"using":"css selector","value":".zoe-engage-wrapper"}},"elementArrayFinder_":{"locator_":{"$ref":"$[\"widgetWrapperSelector\"][\"parentElementArrayFinder\"][\"locator_\"]"}}},"widgetWrapperImage":{"parentElementArrayFinder":{"locator_":{"using":"css selector","value":".zoe-frame"}},"elementArrayFinder_":{"locator_":{"$ref":"$[\"widgetWrapperImage\"][\"parentElementArrayFinder\"][\"locator_\"]"}}},"pageImageSelector":{"parentElementArrayFinder":{"locator_":{"using":"css selector","value":".zoe-engage-wrapper"}},"elementArrayFinder_":{"locator_":{"$ref":"$[\"pageImageSelector\"][\"parentElementArrayFinder\"][\"locator_\"]"}}},"inlineTrigger":{"parentElementArrayFinder":{"locator_":{"using":"css selector","value":"a.zoe-engage-trigger"}},"elementArrayFinder_":{"locator_":{"$ref":"$[\"inlineTrigger\"][\"parentElementArrayFinder\"][\"locator_\"]"}}},"inlineWrapper":{"parentElementArrayFinder":{"locator_":{"using":"css selector","value":".zoe-engage-wrapper.zoe-inline"}},"elementArrayFinder_":{"locator_":{"$ref":"$[\"inlineWrapper\"][\"parentElementArrayFinder\"][\"locator_\"]"}}},"frameSelector":{"parentElementArrayFinder":{"locator_":{"using":"css selector","value":".zoe-frame"}},"elementArrayFinder_":{"locator_":{"$ref":"$[\"frameSelector\"][\"parentElementArrayFinder\"][\"locator_\"]"}}},"interactCTA":{"parentElementArrayFinder":{"locator_":{"using":"css selector","value":".zoe-interact-cta"}},"elementArrayFinder_":{"locator_":{"$ref":"$[\"interactCTA\"][\"parentElementArrayFinder\"][\"locator_\"]"}}},"triggerCTA":{"parentElementArrayFinder":{"locator_":{"using":"css selector","value":".zoe-trigger-cta"}},"elementArrayFinder_":{"locator_":{"$ref":"$[\"triggerCTA\"][\"parentElementArrayFinder\"][\"locator_\"]"}}},"helpRotate":{"parentElementArrayFinder":{"locator_":{"using":"css selector","value":".zoe-help-rotate .zoe-help-text"}},"elementArrayFinder_":{"locator_":{"$ref":"$[\"helpRotate\"][\"parentElementArrayFinder\"][\"locator_\"]"}}},"helpElevate":{"parentElementArrayFinder":{"locator_":{"using":"css selector","value":".zoe-help-elevate .zoe-help-text"}},"elementArrayFinder_":{"locator_":{"$ref":"$[\"helpElevate\"][\"parentElementArrayFinder\"][\"locator_\"]"}}},"helpZoom":{"parentElementArrayFinder":{"locator_":{"using":"css selector","value":".zoe-help-zoom .zoe-help-text"}},"elementArrayFinder_":{"locator_":{"$ref":"$[\"helpZoom\"][\"parentElementArrayFinder\"][\"locator_\"]"}}},"helpBrand":{"parentElementArrayFinder":{"locator_":{"using":"css selector","value":".zoe-help-brand .zoe-help-text"}},"elementArrayFinder_":{"locator_":{"$ref":"$[\"helpBrand\"][\"parentElementArrayFinder\"][\"locator_\"]"}}},"extraContent":{"parentElementArrayFinder":{"locator_":{"using":"css selector","value":".zoe-display-extra-content"}},"elementArrayFinder_":{"locator_":{"$ref":"$[\"extraContent\"][\"parentElementArrayFinder\"][\"locator_\"]"}}},"level":"debug","message":"elementFinder is ","timestamp":"2014-10-08T15:43:35.738Z"}
{"level":"info","message":"Initialising jasmine tests","timestamp":"2014-10-08T15:43:35.773Z"}
{"inline":{},"popover":{},"indiscriminate":{},"progressWrapper":{"parentElementArrayFinder":{"locator_":{"using":"css selector","value":".zoe-progress-wrapper"}},"elementArrayFinder_":{"locator_":{"$ref":"$[\"progressWrapper\"][\"parentElementArrayFinder\"][\"locator_\"]"}}},"widgetOverlay":{"parentElementArrayFinder":{"locator_":{"using":"css selector","value":"#zoe-zbox-overlay"}},"elementArrayFinder_":{"locator_":{"$ref":"$[\"widgetOverlay\"][\"parentElementArrayFinder\"][\"locator_\"]"}}},"widgetTrigger":{"parentElementArrayFinder":{"locator_":{"using":"css selector","value":".zoe-engage-trigger>img"}},"elementArrayFinder_":{"locator_":{"$ref":"$[\"widgetTrigger\"][\"parentElementArrayFinder\"][\"locator_\"]"}}},"widgetColorbox":{"parentElementArrayFinder":{"locator_":{"using":"css selector","value":"#zoe-zbox-content"}},"elementArrayFinder_":{"locator_":{"$ref":"$[\"widgetColorbox\"][\"parentElementArrayFinder\"][\"locator_\"]"}}},"helpButton":{"parentElementArrayFinder":{"locator_":{"using":"css selector","value":".zoe-btn-help"}},"elementArrayFinder_":{"locator_":{"$ref":"$[\"helpButton\"][\"parentElementArrayFinder\"][\"locator_\"]"}}},"helpElement":{"parentElementArrayFinder":{"locator_":{"using":"css selector","value":".zoe-help-overlay"}},"elementArrayFinder_":{"locator_":{"$ref":"$[\"helpElement\"][\"parentElementArrayFinder\"][\"locator_\"]"}}},"zoomButton":{"parentElementArrayFinder":{"locator_":{"using":"css selector","value":".zoe-btn-zoom"}},"elementArrayFinder_":{"locator_":{"$ref":"$[\"zoomButton\"][\"parentElementArrayFinder\"][\"locator_\"]"}}},"zoomElement":{"parentElementArrayFinder":{"locator_":{"using":"css selector","value":".zoe-zoom"}},"elementArrayFinder_":{"locator_":{"$ref":"$[\"zoomElement\"][\"parentElementArrayFinder\"][\"locator_\"]"}}},"zoomImage":{"parentElementArrayFinder":{"locator_":{"using":"css selector","value":".zoe-zoom-frame"}},"elementArrayFinder_":{"locator_":{"$ref":"$[\"zoomImage\"][\"parentElementArrayFinder\"][\"locator_\"]"}}},"closeButton":{"parentElementArrayFinder":{"locator_":{"using":"css selector","value":".zoe-btn-close"}},"elementArrayFinder_":{"locator_":{"$ref":"$[\"closeButton\"][\"parentElementArrayFinder\"][\"locator_\"]"}}},"widgetImageDiv":{"parentElementArrayFinder":{"locator_":{"using":"css selector","value":".zoe-engage-image.reel"}},"elementArrayFinder_":{"locator_":{"$ref":"$[\"widgetImageDiv\"][\"parentElementArrayFinder\"][\"locator_\"]"}}},"inlineDivSelector":{"parentElementArrayFinder":{"locator_":{"using":"css selector","value":".zoe-inline.reel"}},"elementArrayFinder_":{"locator_":{"$ref":"$[\"inlineDivSelector\"][\"parentElementArrayFinder\"][\"locator_\"]"}}},"widgetWrapperSelector":{"parentElementArrayFinder":{"locator_":{"using":"css selector","value":".zoe-engage-wrapper"}},"elementArrayFinder_":{"locator_":{"$ref":"$[\"widgetWrapperSelector\"][\"parentElementArrayFinder\"][\"locator_\"]"}}},"widgetWrapperImage":{"parentElementArrayFinder":{"locator_":{"using":"css selector","value":".zoe-frame"}},"elementArrayFinder_":{"locator_":{"$ref":"$[\"widgetWrapperImage\"][\"parentElementArrayFinder\"][\"locator_\"]"}}},"pageImageSelector":{"parentElementArrayFinder":{"locator_":{"using":"css selector","value":".zoe-engage-wrapper"}},"elementArrayFinder_":{"locator_":{"$ref":"$[\"pageImageSelector\"][\"parentElementArrayFinder\"][\"locator_\"]"}}},"inlineTrigger":{"parentElementArrayFinder":{"locator_":{"using":"css selector","value":"a.zoe-engage-trigger"}},"elementArrayFinder_":{"locator_":{"$ref":"$[\"inlineTrigger\"][\"parentElementArrayFinder\"][\"locator_\"]"}}},"inlineWrapper":{"parentElementArrayFinder":{"locator_":{"using":"css selector","value":".zoe-engage-wrapper.zoe-inline"}},"elementArrayFinder_":{"locator_":{"$ref":"$[\"inlineWrapper\"][\"parentElementArrayFinder\"][\"locator_\"]"}}},"frameSelector":{"parentElementArrayFinder":{"locator_":{"using":"css selector","value":".zoe-frame"}},"elementArrayFinder_":{"locator_":{"$ref":"$[\"frameSelector\"][\"parentElementArrayFinder\"][\"locator_\"]"}}},"interactCTA":{"parentElementArrayFinder":{"locator_":{"using":"css selector","value":".zoe-interact-cta"}},"elementArrayFinder_":{"locator_":{"$ref":"$[\"interactCTA\"][\"parentElementArrayFinder\"][\"locator_\"]"}}},"triggerCTA":{"parentElementArrayFinder":{"locator_":{"using":"css selector","value":".zoe-trigger-cta"}},"elementArrayFinder_":{"locator_":{"$ref":"$[\"triggerCTA\"][\"parentElementArrayFinder\"][\"locator_\"]"}}},"helpRotate":{"parentElementArrayFinder":{"locator_":{"using":"css selector","value":".zoe-help-rotate .zoe-help-text"}},"elementArrayFinder_":{"locator_":{"$ref":"$[\"helpRotate\"][\"parentElementArrayFinder\"][\"locator_\"]"}}},"helpElevate":{"parentElementArrayFinder":{"locator_":{"using":"css selector","value":".zoe-help-elevate .zoe-help-text"}},"elementArrayFinder_":{"locator_":{"$ref":"$[\"helpElevate\"][\"parentElementArrayFinder\"][\"locator_\"]"}}},"helpZoom":{"parentElementArrayFinder":{"locator_":{"using":"css selector","value":".zoe-help-zoom .zoe-help-text"}},"elementArrayFinder_":{"locator_":{"$ref":"$[\"helpZoom\"][\"parentElementArrayFinder\"][\"locator_\"]"}}},"helpBrand":{"parentElementArrayFinder":{"locator_":{"using":"css selector","value":".zoe-help-brand .zoe-help-text"}},"elementArrayFinder_":{"locator_":{"$ref":"$[\"helpBrand\"][\"parentElementArrayFinder\"][\"locator_\"]"}}},"extraContent":{"parentElementArrayFinder":{"locator_":{"using":"css selector","value":".zoe-display-extra-content"}},"elementArrayFinder_":{"locator_":{"$ref":"$[\"extraContent\"][\"parentElementArrayFinder\"][\"locator_\"]"}}},"level":"debug","message":"elementFinder is ","timestamp":"2014-10-08T15:43:35.775Z"}
{"takesScreenshot":true,"version":"6.1","cssSelectorsEnabled":true,"javascriptEnabled":true,"databaseEnabled":true,"locationContextEnabled":true,"platform":"MAC","browserName":"iPhone","webdriver.remote.sessionid":"3a27a70af49c4202a427714533b65a26","hasMetadata":true,"webStorageEnabled":true,"level":"info","message":"","timestamp":"2014-10-08T15:44:14.803Z"}
{"level":"info","message":"undefined","timestamp":"2014-10-08T15:44:14.804Z"}
{"level":"info","message":"BROWSER IS: iPhone","timestamp":"2014-10-08T15:44:14.804Z"}
{"level":"info","message":"Initialising file paths with browser & version","timestamp":"2014-10-08T15:44:14.804Z"}
{"level":"info","message":"Initialising file paths with browser & version","timestamp":"2014-10-08T15:44:14.804Z"}
{"level":"info","message":"Initialising file paths with browser & version","timestamp":"2014-10-08T15:44:14.804Z"}
{"level":"info","message":"Initialising file paths with browser & version","timestamp":"2014-10-08T15:44:14.804Z"}
{"level":"info","message":"Initialising file paths with browser & version","timestamp":"2014-10-08T15:44:14.804Z"}
{"level":"info","message":"Initialising file paths with browser & version","timestamp":"2014-10-08T15:44:14.804Z"}
{"level":"info","message":"Initialising file paths with browser & version","timestamp":"2014-10-08T15:44:14.804Z"}
{"level":"info","message":"Initialising file paths with browser & version","timestamp":"2014-10-08T15:44:14.804Z"}
{"level":"info","message":"Initialising file paths with browser & version","timestamp":"2014-10-08T15:44:14.804Z"}
{"level":"info","message":"Initialising file paths with browser & version","timestamp":"2014-10-08T15:44:14.804Z"}
{"level":"info","message":"Initialising file paths with browser & version","timestamp":"2014-10-08T15:44:14.804Z"}
{"level":"info","message":"Initialising file paths with browser & version","timestamp":"2014-10-08T15:44:14.805Z"}
{"level":"info","message":"Initialising file paths with browser & version","timestamp":"2014-10-08T15:44:14.805Z"}
{"level":"info","message":"Initialising file paths with browser & version","timestamp":"2014-10-08T15:44:14.805Z"}
{"level":"info","message":"Initialising file paths with browser & version","timestamp":"2014-10-08T15:44:14.805Z"}
{"level":"info","message":"Initialising file paths with browser & version","timestamp":"2014-10-08T15:44:14.805Z"}
{"level":"info","message":"Initialising file paths with browser & version","timestamp":"2014-10-08T15:44:14.805Z"}
{"level":"info","message":"Initialising file paths with browser & version","timestamp":"2014-10-08T15:44:14.805Z"}
{"level":"info","message":"Initialising file paths with browser & version","timestamp":"2014-10-08T15:44:14.805Z"}
{"level":"info","message":"Initialising file paths with browser & version","timestamp":"2014-10-08T15:44:14.805Z"}
{"level":"info","message":"Initialising file paths with browser & version","timestamp":"2014-10-08T15:44:14.805Z"}
{"level":"info","message":"Opening URL: http://jenkins.zoetrope.io:8888/v3/testInline.html","timestamp":"2014-10-08T15:44:15.426Z"}
{"level":"info","message":"Initialising file paths with browser & version","timestamp":"2014-10-08T15:44:15.426Z"}
{"level":"info","message":"Initialising file paths with browser & version","timestamp":"2014-10-08T15:44:15.426Z"}
{"level":"info","message":"Initialising file paths with browser & version","timestamp":"2014-10-08T15:44:15.426Z"}
{"level":"info","message":"Initialising file paths with browser & version","timestamp":"2014-10-08T15:44:15.426Z"}
{"level":"info","message":"Initialising file paths with browser & version","timestamp":"2014-10-08T15:44:15.426Z"}
{"level":"info","message":"Initialising file paths with browser & version","timestamp":"2014-10-08T15:44:15.426Z"}
{"takesScreenshot":true,"version":"6.1","cssSelectorsEnabled":true,"javascriptEnabled":true,"databaseEnabled":true,"locationContextEnabled":true,"platform":"MAC","browserName":"iPad","webdriver.remote.sessionid":"4d377fd01f5b41fba8a553119ff6fe1a","hasMetadata":true,"webStorageEnabled":true,"level":"info","message":"","timestamp":"2014-10-08T15:44:16.687Z"}
{"level":"info","message":"undefined","timestamp":"2014-10-08T15:44:16.688Z"}
{"level":"info","message":"BROWSER IS: iPad","timestamp":"2014-10-08T15:44:16.688Z"}
{"level":"info","message":"Initialising file paths with browser & version","timestamp":"2014-10-08T15:44:16.688Z"}
{"level":"info","message":"Initialising file paths with browser & version","timestamp":"2014-10-08T15:44:16.688Z"}
{"level":"info","message":"Initialising file paths with browser & version","timestamp":"2014-10-08T15:44:16.688Z"}
{"level":"info","message":"Initialising file paths with browser & version","timestamp":"2014-10-08T15:44:16.688Z"}
{"level":"info","message":"Initialising file paths with browser & version","timestamp":"2014-10-08T15:44:16.689Z"}
{"level":"info","message":"Initialising file paths with browser & version","timestamp":"2014-10-08T15:44:16.689Z"}
{"level":"info","message":"Initialising file paths with browser & version","timestamp":"2014-10-08T15:44:16.689Z"}
{"level":"info","message":"Initialising file paths with browser & version","timestamp":"2014-10-08T15:44:16.689Z"}
{"level":"info","message":"Initialising file paths with browser & version","timestamp":"2014-10-08T15:44:16.689Z"}
{"level":"info","message":"Initialising file paths with browser & version","timestamp":"2014-10-08T15:44:16.689Z"}
{"level":"info","message":"Initialising file paths with browser & version","timestamp":"2014-10-08T15:44:16.689Z"}
{"level":"info","message":"Initialising file paths with browser & version","timestamp":"2014-10-08T15:44:16.689Z"}
{"level":"info","message":"Initialising file paths with browser & version","timestamp":"2014-10-08T15:44:16.689Z"}
{"level":"info","message":"Initialising file paths with browser & version","timestamp":"2014-10-08T15:44:16.689Z"}
{"level":"info","message":"Initialising file paths with browser & version","timestamp":"2014-10-08T15:44:16.689Z"}
{"level":"info","message":"Initialising file paths with browser & version","timestamp":"2014-10-08T15:44:16.689Z"}
{"level":"info","message":"Initialising file paths with browser & version","timestamp":"2014-10-08T15:44:16.689Z"}
{"level":"info","message":"Initialising file paths with browser & version","timestamp":"2014-10-08T15:44:16.689Z"}
{"level":"info","message":"Initialising file paths with browser & version","timestamp":"2014-10-08T15:44:16.689Z"}
{"level":"info","message":"Initialising file paths with browser & version","timestamp":"2014-10-08T15:44:16.689Z"}
{"level":"info","message":"Initialising file paths with browser & version","timestamp":"2014-10-08T15:44:16.690Z"}
{"level":"info","message":"Opening URL: http://jenkins.zoetrope.io:8888/v3/testInline.html","timestamp":"2014-10-08T15:44:17.402Z"}
{"level":"info","message":"Initialising file paths with browser & version","timestamp":"2014-10-08T15:44:17.402Z"}
{"level":"info","message":"Initialising file paths with browser & version","timestamp":"2014-10-08T15:44:17.402Z"}
{"level":"info","message":"Initialising file paths with browser & version","timestamp":"2014-10-08T15:44:17.402Z"}
{"level":"info","message":"Initialising file paths with browser & version","timestamp":"2014-10-08T15:44:17.402Z"}
{"level":"info","message":"Initialising file paths with browser & version","timestamp":"2014-10-08T15:44:17.403Z"}
{"level":"info","message":"Initialising file paths with browser & version","timestamp":"2014-10-08T15:44:17.403Z"}
{"level":"info","message":"Comparing images for stageload","timestamp":"2014-10-08T15:44:22.553Z"}
{"level":"info","message":"Saving screenshot to /tmp/screeniPad6.14d377fd01f5b41fba8a553119ff6fe1a.png.load","timestamp":"2014-10-08T15:44:22.554Z"}
{"level":"info","message":"Comparing images for stageload","timestamp":"2014-10-08T15:44:24.357Z"}
{"level":"info","message":"Saving screenshot to /tmp/screeniPhone6.13a27a70af49c4202a427714533b65a26.png.load","timestamp":"2014-10-08T15:44:24.358Z"}
{"level":"info","message":"Saved screenshot","timestamp":"2014-10-08T15:44:24.978Z"}
{"level":"info","message":"Comparing images from paths: /tmp/screeniPad6.14d377fd01f5b41fba8a553119ff6fe1a.png.load and images/load-inline-iPad-6.1.png","timestamp":"2014-10-08T15:44:24.980Z"}
{"level":"error","message":"Error comparing imagesError: Command failed: gm compare: Unable to open file (images/load-inline-iPad-6.1.png) [No such file or directory].\n","timestamp":"2014-10-08T15:44:25.006Z"}
{"level":"info","message":"Image comparison gave: undefined","timestamp":"2014-10-08T15:44:25.006Z"}
{"level":"info","message":"iPad6.14d377fd01f5b41fba8a553119ff6fe1a compared images for stage: loadwith eqaulity of: undefined","timestamp":"2014-10-08T15:44:25.007Z"}
{"level":"info","message":"Clicking the help button","timestamp":"2014-10-08T15:44:25.668Z"}
{"parentElementArrayFinder":{"locator_":{"using":"css selector","value":".zoe-btn-help"}},"elementArrayFinder_":{"locator_":{"$ref":"$[\"parentElementArrayFinder\"][\"locator_\"]"}},"level":"info","message":"help button is","timestamp":"2014-10-08T15:44:25.672Z"}
{"level":"info","message":"Saved screenshot","timestamp":"2014-10-08T15:44:26.159Z"}
{"level":"info","message":"Comparing images from paths: /tmp/screeniPhone6.13a27a70af49c4202a427714533b65a26.png.load and images/load-inline-iPhone-6.1.png","timestamp":"2014-10-08T15:44:26.161Z"}
{"level":"error","message":"Error comparing imagesError: Command failed: gm compare: Unable to open file (images/load-inline-iPhone-6.1.png) [No such file or directory].\n","timestamp":"2014-10-08T15:44:26.179Z"}
{"level":"info","message":"Image comparison gave: undefined","timestamp":"2014-10-08T15:44:26.179Z"}
{"level":"info","message":"iPhone6.13a27a70af49c4202a427714533b65a26 compared images for stage: loadwith eqaulity of: undefined","timestamp":"2014-10-08T15:44:26.180Z"}
{"level":"info","message":"Clicking the help button","timestamp":"2014-10-08T15:44:26.891Z"}
{"parentElementArrayFinder":{"locator_":{"using":"css selector","value":".zoe-btn-help"}},"elementArrayFinder_":{"locator_":{"$ref":"$[\"parentElementArrayFinder\"][\"locator_\"]"}},"level":"info","message":"help button is","timestamp":"2014-10-08T15:44:26.895Z"}
{"level":"info","message":"Initialising jasmine tests","timestamp":"2014-10-08T15:45:44.052Z"}
{"inline":{},"popover":{},"indiscriminate":{},"progressWrapper":{"parentElementArrayFinder":{"locator_":{"using":"css selector","value":".zoe-progress-wrapper"}},"elementArrayFinder_":{"locator_":{"$ref":"$[\"progressWrapper\"][\"parentElementArrayFinder\"][\"locator_\"]"}}},"widgetOverlay":{"parentElementArrayFinder":{"locator_":{"using":"css selector","value":"#zoe-zbox-overlay"}},"elementArrayFinder_":{"locator_":{"$ref":"$[\"widgetOverlay\"][\"parentElementArrayFinder\"][\"locator_\"]"}}},"widgetTrigger":{"parentElementArrayFinder":{"locator_":{"using":"css selector","value":".zoe-engage-trigger>img"}},"elementArrayFinder_":{"locator_":{"$ref":"$[\"widgetTrigger\"][\"parentElementArrayFinder\"][\"locator_\"]"}}},"widgetColorbox":{"parentElementArrayFinder":{"locator_":{"using":"css selector","value":"#zoe-zbox-content"}},"elementArrayFinder_":{"locator_":{"$ref":"$[\"widgetColorbox\"][\"parentElementArrayFinder\"][\"locator_\"]"}}},"helpButton":{"parentElementArrayFinder":{"locator_":{"using":"css selector","value":".zoe-btn-help"}},"elementArrayFinder_":{"locator_":{"$ref":"$[\"helpButton\"][\"parentElementArrayFinder\"][\"locator_\"]"}}},"helpElement":{"parentElementArrayFinder":{"locator_":{"using":"css selector","value":".zoe-help-overlay"}},"elementArrayFinder_":{"locator_":{"$ref":"$[\"helpElement\"][\"parentElementArrayFinder\"][\"locator_\"]"}}},"zoomButton":{"parentElementArrayFinder":{"locator_":{"using":"css selector","value":".zoe-btn-zoom"}},"elementArrayFinder_":{"locator_":{"$ref":"$[\"zoomButton\"][\"parentElementArrayFinder\"][\"locator_\"]"}}},"zoomElement":{"parentElementArrayFinder":{"locator_":{"using":"css selector","value":".zoe-zoom"}},"elementArrayFinder_":{"locator_":{"$ref":"$[\"zoomElement\"][\"parentElementArrayFinder\"][\"locator_\"]"}}},"zoomImage":{"parentElementArrayFinder":{"locator_":{"using":"css selector","value":".zoe-zoom-frame"}},"elementArrayFinder_":{"locator_":{"$ref":"$[\"zoomImage\"][\"parentElementArrayFinder\"][\"locator_\"]"}}},"closeButton":{"parentElementArrayFinder":{"locator_":{"using":"css selector","value":".zoe-btn-close"}},"elementArrayFinder_":{"locator_":{"$ref":"$[\"closeButton\"][\"parentElementArrayFinder\"][\"locator_\"]"}}},"widgetImageDiv":{"parentElementArrayFinder":{"locator_":{"using":"css selector","value":".zoe-engage-image.reel"}},"elementArrayFinder_":{"locator_":{"$ref":"$[\"widgetImageDiv\"][\"parentElementArrayFinder\"][\"locator_\"]"}}},"inlineDivSelector":{"parentElementArrayFinder":{"locator_":{"using":"css selector","value":".zoe-inline.reel"}},"elementArrayFinder_":{"locator_":{"$ref":"$[\"inlineDivSelector\"][\"parentElementArrayFinder\"][\"locator_\"]"}}},"widgetWrapperSelector":{"parentElementArrayFinder":{"locator_":{"using":"css selector","value":".zoe-engage-wrapper"}},"elementArrayFinder_":{"locator_":{"$ref":"$[\"widgetWrapperSelector\"][\"parentElementArrayFinder\"][\"locator_\"]"}}},"widgetWrapperImage":{"parentElementArrayFinder":{"locator_":{"using":"css selector","value":".zoe-frame"}},"elementArrayFinder_":{"locator_":{"$ref":"$[\"widgetWrapperImage\"][\"parentElementArrayFinder\"][\"locator_\"]"}}},"pageImageSelector":{"parentElementArrayFinder":{"locator_":{"using":"css selector","value":".zoe-engage-wrapper"}},"elementArrayFinder_":{"locator_":{"$ref":"$[\"pageImageSelector\"][\"parentElementArrayFinder\"][\"locator_\"]"}}},"inlineTrigger":{"parentElementArrayFinder":{"locator_":{"using":"css selector","value":"a.zoe-engage-trigger"}},"elementArrayFinder_":{"locator_":{"$ref":"$[\"inlineTrigger\"][\"parentElementArrayFinder\"][\"locator_\"]"}}},"inlineWrapper":{"parentElementArrayFinder":{"locator_":{"using":"css selector","value":".zoe-engage-wrapper.zoe-inline"}},"elementArrayFinder_":{"locator_":{"$ref":"$[\"inlineWrapper\"][\"parentElementArrayFinder\"][\"locator_\"]"}}},"frameSelector":{"parentElementArrayFinder":{"locator_":{"using":"css selector","value":".zoe-frame"}},"elementArrayFinder_":{"locator_":{"$ref":"$[\"frameSelector\"][\"parentElementArrayFinder\"][\"locator_\"]"}}},"interactCTA":{"parentElementArrayFinder":{"locator_":{"using":"css selector","value":".zoe-interact-cta"}},"elementArrayFinder_":{"locator_":{"$ref":"$[\"interactCTA\"][\"parentElementArrayFinder\"][\"locator_\"]"}}},"triggerCTA":{"parentElementArrayFinder":{"locator_":{"using":"css selector","value":".zoe-trigger-cta"}},"elementArrayFinder_":{"locator_":{"$ref":"$[\"triggerCTA\"][\"parentElementArrayFinder\"][\"locator_\"]"}}},"helpRotate":{"parentElementArrayFinder":{"locator_":{"using":"css selector","value":".zoe-help-rotate .zoe-help-text"}},"elementArrayFinder_":{"locator_":{"$ref":"$[\"helpRotate\"][\"parentElementArrayFinder\"][\"locator_\"]"}}},"helpElevate":{"parentElementArrayFinder":{"locator_":{"using":"css selector","value":".zoe-help-elevate .zoe-help-text"}},"elementArrayFinder_":{"locator_":{"$ref":"$[\"helpElevate\"][\"parentElementArrayFinder\"][\"locator_\"]"}}},"helpZoom":{"parentElementArrayFinder":{"locator_":{"using":"css selector","value":".zoe-help-zoom .zoe-help-text"}},"elementArrayFinder_":{"locator_":{"$ref":"$[\"helpZoom\"][\"parentElementArrayFinder\"][\"locator_\"]"}}},"helpBrand":{"parentElementArrayFinder":{"locator_":{"using":"css selector","value":".zoe-help-brand .zoe-help-text"}},"elementArrayFinder_":{"locator_":{"$ref":"$[\"helpBrand\"][\"parentElementArrayFinder\"][\"locator_\"]"}}},"extraContent":{"parentElementArrayFinder":{"locator_":{"using":"css selector","value":".zoe-display-extra-content"}},"elementArrayFinder_":{"locator_":{"$ref":"$[\"extraContent\"][\"parentElementArrayFinder\"][\"locator_\"]"}}},"level":"debug","message":"elementFinder is ","timestamp":"2014-10-08T15:45:44.055Z"}
{"level":"info","message":"Initialising jasmine tests","timestamp":"2014-10-08T15:45:44.058Z"}
{"inline":{},"popover":{},"indiscriminate":{},"progressWrapper":{"parentElementArrayFinder":{"locator_":{"using":"css selector","value":".zoe-progress-wrapper"}},"elementArrayFinder_":{"locator_":{"$ref":"$[\"progressWrapper\"][\"parentElementArrayFinder\"][\"locator_\"]"}}},"widgetOverlay":{"parentElementArrayFinder":{"locator_":{"using":"css selector","value":"#zoe-zbox-overlay"}},"elementArrayFinder_":{"locator_":{"$ref":"$[\"widgetOverlay\"][\"parentElementArrayFinder\"][\"locator_\"]"}}},"widgetTrigger":{"parentElementArrayFinder":{"locator_":{"using":"css selector","value":".zoe-engage-trigger>img"}},"elementArrayFinder_":{"locator_":{"$ref":"$[\"widgetTrigger\"][\"parentElementArrayFinder\"][\"locator_\"]"}}},"widgetColorbox":{"parentElementArrayFinder":{"locator_":{"using":"css selector","value":"#zoe-zbox-content"}},"elementArrayFinder_":{"locator_":{"$ref":"$[\"widgetColorbox\"][\"parentElementArrayFinder\"][\"locator_\"]"}}},"helpButton":{"parentElementArrayFinder":{"locator_":{"using":"css selector","value":".zoe-btn-help"}},"elementArrayFinder_":{"locator_":{"$ref":"$[\"helpButton\"][\"parentElementArrayFinder\"][\"locator_\"]"}}},"helpElement":{"parentElementArrayFinder":{"locator_":{"using":"css selector","value":".zoe-help-overlay"}},"elementArrayFinder_":{"locator_":{"$ref":"$[\"helpElement\"][\"parentElementArrayFinder\"][\"locator_\"]"}}},"zoomButton":{"parentElementArrayFinder":{"locator_":{"using":"css selector","value":".zoe-btn-zoom"}},"elementArrayFinder_":{"locator_":{"$ref":"$[\"zoomButton\"][\"parentElementArrayFinder\"][\"locator_\"]"}}},"zoomElement":{"parentElementArrayFinder":{"locator_":{"using":"css selector","value":".zoe-zoom"}},"elementArrayFinder_":{"locator_":{"$ref":"$[\"zoomElement\"][\"parentElementArrayFinder\"][\"locator_\"]"}}},"zoomImage":{"parentElementArrayFinder":{"locator_":{"using":"css selector","value":".zoe-zoom-frame"}},"elementArrayFinder_":{"locator_":{"$ref":"$[\"zoomImage\"][\"parentElementArrayFinder\"][\"locator_\"]"}}},"closeButton":{"parentElementArrayFinder":{"locator_":{"using":"css selector","value":".zoe-btn-close"}},"elementArrayFinder_":{"locator_":{"$ref":"$[\"closeButton\"][\"parentElementArrayFinder\"][\"locator_\"]"}}},"widgetImageDiv":{"parentElementArrayFinder":{"locator_":{"using":"css selector","value":".zoe-engage-image.reel"}},"elementArrayFinder_":{"locator_":{"$ref":"$[\"widgetImageDiv\"][\"parentElementArrayFinder\"][\"locator_\"]"}}},"inlineDivSelector":{"parentElementArrayFinder":{"locator_":{"using":"css selector","value":".zoe-inline.reel"}},"elementArrayFinder_":{"locator_":{"$ref":"$[\"inlineDivSelector\"][\"parentElementArrayFinder\"][\"locator_\"]"}}},"widgetWrapperSelector":{"parentElementArrayFinder":{"locator_":{"using":"css selector","value":".zoe-engage-wrapper"}},"elementArrayFinder_":{"locator_":{"$ref":"$[\"widgetWrapperSelector\"][\"parentElementArrayFinder\"][\"locator_\"]"}}},"widgetWrapperImage":{"parentElementArrayFinder":{"locator_":{"using":"css selector","value":".zoe-frame"}},"elementArrayFinder_":{"locator_":{"$ref":"$[\"widgetWrapperImage\"][\"parentElementArrayFinder\"][\"locator_\"]"}}},"pageImageSelector":{"parentElementArrayFinder":{"locator_":{"using":"css selector","value":".zoe-engage-wrapper"}},"elementArrayFinder_":{"locator_":{"$ref":"$[\"pageImageSelector\"][\"parentElementArrayFinder\"][\"locator_\"]"}}},"inlineTrigger":{"parentElementArrayFinder":{"locator_":{"using":"css selector","value":"a.zoe-engage-trigger"}},"elementArrayFinder_":{"locator_":{"$ref":"$[\"inlineTrigger\"][\"parentElementArrayFinder\"][\"locator_\"]"}}},"inlineWrapper":{"parentElementArrayFinder":{"locator_":{"using":"css selector","value":".zoe-engage-wrapper.zoe-inline"}},"elementArrayFinder_":{"locator_":{"$ref":"$[\"inlineWrapper\"][\"parentElementArrayFinder\"][\"locator_\"]"}}},"frameSelector":{"parentElementArrayFinder":{"locator_":{"using":"css selector","value":".zoe-frame"}},"elementArrayFinder_":{"locator_":{"$ref":"$[\"frameSelector\"][\"parentElementArrayFinder\"][\"locator_\"]"}}},"interactCTA":{"parentElementArrayFinder":{"locator_":{"using":"css selector","value":".zoe-interact-cta"}},"elementArrayFinder_":{"locator_":{"$ref":"$[\"interactCTA\"][\"parentElementArrayFinder\"][\"locator_\"]"}}},"triggerCTA":{"parentElementArrayFinder":{"locator_":{"using":"css selector","value":".zoe-trigger-cta"}},"elementArrayFinder_":{"locator_":{"$ref":"$[\"triggerCTA\"][\"parentElementArrayFinder\"][\"locator_\"]"}}},"helpRotate":{"parentElementArrayFinder":{"locator_":{"using":"css selector","value":".zoe-help-rotate .zoe-help-text"}},"elementArrayFinder_":{"locator_":{"$ref":"$[\"helpRotate\"][\"parentElementArrayFinder\"][\"locator_\"]"}}},"helpElevate":{"parentElementArrayFinder":{"locator_":{"using":"css selector","value":".zoe-help-elevate .zoe-help-text"}},"elementArrayFinder_":{"locator_":{"$ref":"$[\"helpElevate\"][\"parentElementArrayFinder\"][\"locator_\"]"}}},"helpZoom":{"parentElementArrayFinder":{"locator_":{"using":"css selector","value":".zoe-help-zoom .zoe-help-text"}},"elementArrayFinder_":{"locator_":{"$ref":"$[\"helpZoom\"][\"parentElementArrayFinder\"][\"locator_\"]"}}},"helpBrand":{"parentElementArrayFinder":{"locator_":{"using":"css selector","value":".zoe-help-brand .zoe-help-text"}},"elementArrayFinder_":{"locator_":{"$ref":"$[\"helpBrand\"][\"parentElementArrayFinder\"][\"locator_\"]"}}},"extraContent":{"parentElementArrayFinder":{"locator_":{"using":"css selector","value":".zoe-display-extra-content"}},"elementArrayFinder_":{"locator_":{"$ref":"$[\"extraContent\"][\"parentElementArrayFinder\"][\"locator_\"]"}}},"level":"debug","message":"elementFinder is ","timestamp":"2014-10-08T15:45:44.061Z"}
{"level":"info","message":"Initialising jasmine tests","timestamp":"2014-10-08T15:45:44.060Z"}
{"inline":{},"popover":{},"indiscriminate":{},"progressWrapper":{"parentElementArrayFinder":{"locator_":{"using":"css selector","value":".zoe-progress-wrapper"}},"elementArrayFinder_":{"locator_":{"$ref":"$[\"progressWrapper\"][\"parentElementArrayFinder\"][\"locator_\"]"}}},"widgetOverlay":{"parentElementArrayFinder":{"locator_":{"using":"css selector","value":"#zoe-zbox-overlay"}},"elementArrayFinder_":{"locator_":{"$ref":"$[\"widgetOverlay\"][\"parentElementArrayFinder\"][\"locator_\"]"}}},"widgetTrigger":{"parentElementArrayFinder":{"locator_":{"using":"css selector","value":".zoe-engage-trigger>img"}},"elementArrayFinder_":{"locator_":{"$ref":"$[\"widgetTrigger\"][\"parentElementArrayFinder\"][\"locator_\"]"}}},"widgetColorbox":{"parentElementArrayFinder":{"locator_":{"using":"css selector","value":"#zoe-zbox-content"}},"elementArrayFinder_":{"locator_":{"$ref":"$[\"widgetColorbox\"][\"parentElementArrayFinder\"][\"locator_\"]"}}},"helpButton":{"parentElementArrayFinder":{"locator_":{"using":"css selector","value":".zoe-btn-help"}},"elementArrayFinder_":{"locator_":{"$ref":"$[\"helpButton\"][\"parentElementArrayFinder\"][\"locator_\"]"}}},"helpElement":{"parentElementArrayFinder":{"locator_":{"using":"css selector","value":".zoe-help-overlay"}},"elementArrayFinder_":{"locator_":{"$ref":"$[\"helpElement\"][\"parentElementArrayFinder\"][\"locator_\"]"}}},"zoomButton":{"parentElementArrayFinder":{"locator_":{"using":"css selector","value":".zoe-btn-zoom"}},"elementArrayFinder_":{"locator_":{"$ref":"$[\"zoomButton\"][\"parentElementArrayFinder\"][\"locator_\"]"}}},"zoomElement":{"parentElementArrayFinder":{"locator_":{"using":"css selector","value":".zoe-zoom"}},"elementArrayFinder_":{"locator_":{"$ref":"$[\"zoomElement\"][\"parentElementArrayFinder\"][\"locator_\"]"}}},"zoomImage":{"parentElementArrayFinder":{"locator_":{"using":"css selector","value":".zoe-zoom-frame"}},"elementArrayFinder_":{"locator_":{"$ref":"$[\"zoomImage\"][\"parentElementArrayFinder\"][\"locator_\"]"}}},"closeButton":{"parentElementArrayFinder":{"locator_":{"using":"css selector","value":".zoe-btn-close"}},"elementArrayFinder_":{"locator_":{"$ref":"$[\"closeButton\"][\"parentElementArrayFinder\"][\"locator_\"]"}}},"widgetImageDiv":{"parentElementArrayFinder":{"locator_":{"using":"css selector","value":".zoe-engage-image.reel"}},"elementArrayFinder_":{"locator_":{"$ref":"$[\"widgetImageDiv\"][\"parentElementArrayFinder\"][\"locator_\"]"}}},"inlineDivSelector":{"parentElementArrayFinder":{"locator_":{"using":"css selector","value":".zoe-inline.reel"}},"elementArrayFinder_":{"locator_":{"$ref":"$[\"inlineDivSelector\"][\"parentElementArrayFinder\"][\"locator_\"]"}}},"widgetWrapperSelector":{"parentElementArrayFinder":{"locator_":{"using":"css selector","value":".zoe-engage-wrapper"}},"elementArrayFinder_":{"locator_":{"$ref":"$[\"widgetWrapperSelector\"][\"parentElementArrayFinder\"][\"locator_\"]"}}},"widgetWrapperImage":{"parentElementArrayFinder":{"locator_":{"using":"css selector","value":".zoe-frame"}},"elementArrayFinder_":{"locator_":{"$ref":"$[\"widgetWrapperImage\"][\"parentElementArrayFinder\"][\"locator_\"]"}}},"pageImageSelector":{"parentElementArrayFinder":{"locator_":{"using":"css selector","value":".zoe-engage-wrapper"}},"elementArrayFinder_":{"locator_":{"$ref":"$[\"pageImageSelector\"][\"parentElementArrayFinder\"][\"locator_\"]"}}},"inlineTrigger":{"parentElementArrayFinder":{"locator_":{"using":"css selector","value":"a.zoe-engage-trigger"}},"elementArrayFinder_":{"locator_":{"$ref":"$[\"inlineTrigger\"][\"parentElementArrayFinder\"][\"locator_\"]"}}},"inlineWrapper":{"parentElementArrayFinder":{"locator_":{"using":"css selector","value":".zoe-engage-wrapper.zoe-inline"}},"elementArrayFinder_":{"locator_":{"$ref":"$[\"inlineWrapper\"][\"parentElementArrayFinder\"][\"locator_\"]"}}},"frameSelector":{"parentElementArrayFinder":{"locator_":{"using":"css selector","value":".zoe-frame"}},"elementArrayFinder_":{"locator_":{"$ref":"$[\"frameSelector\"][\"parentElementArrayFinder\"][\"locator_\"]"}}},"interactCTA":{"parentElementArrayFinder":{"locator_":{"using":"css selector","value":".zoe-interact-cta"}},"elementArrayFinder_":{"locator_":{"$ref":"$[\"interactCTA\"][\"parentElementArrayFinder\"][\"locator_\"]"}}},"triggerCTA":{"parentElementArrayFinder":{"locator_":{"using":"css selector","value":".zoe-trigger-cta"}},"elementArrayFinder_":{"locator_":{"$ref":"$[\"triggerCTA\"][\"parentElementArrayFinder\"][\"locator_\"]"}}},"helpRotate":{"parentElementArrayFinder":{"locator_":{"using":"css selector","value":".zoe-help-rotate .zoe-help-text"}},"elementArrayFinder_":{"locator_":{"$ref":"$[\"helpRotate\"][\"parentElementArrayFinder\"][\"locator_\"]"}}},"helpElevate":{"parentElementArrayFinder":{"locator_":{"using":"css selector","value":".zoe-help-elevate .zoe-help-text"}},"elementArrayFinder_":{"locator_":{"$ref":"$[\"helpElevate\"][\"parentElementArrayFinder\"][\"locator_\"]"}}},"helpZoom":{"parentElementArrayFinder":{"locator_":{"using":"css selector","value":".zoe-help-zoom .zoe-help-text"}},"elementArrayFinder_":{"locator_":{"$ref":"$[\"helpZoom\"][\"parentElementArrayFinder\"][\"locator_\"]"}}},"helpBrand":{"parentElementArrayFinder":{"locator_":{"using":"css selector","value":".zoe-help-brand .zoe-help-text"}},"elementArrayFinder_":{"locator_":{"$ref":"$[\"helpBrand\"][\"parentElementArrayFinder\"][\"locator_\"]"}}},"extraContent":{"parentElementArrayFinder":{"locator_":{"using":"css selector","value":".zoe-display-extra-content"}},"elementArrayFinder_":{"locator_":{"$ref":"$[\"extraContent\"][\"parentElementArrayFinder\"][\"locator_\"]"}}},"level":"debug","message":"elementFinder is ","timestamp":"2014-10-08T15:45:44.063Z"}
{"level":"info","message":"Initialising jasmine tests","timestamp":"2014-10-08T15:45:44.067Z"}
{"inline":{},"popover":{},"indiscriminate":{},"progressWrapper":{"parentElementArrayFinder":{"locator_":{"using":"css selector","value":".zoe-progress-wrapper"}},"elementArrayFinder_":{"locator_":{"$ref":"$[\"progressWrapper\"][\"parentElementArrayFinder\"][\"locator_\"]"}}},"widgetOverlay":{"parentElementArrayFinder":{"locator_":{"using":"css selector","value":"#zoe-zbox-overlay"}},"elementArrayFinder_":{"locator_":{"$ref":"$[\"widgetOverlay\"][\"parentElementArrayFinder\"][\"locator_\"]"}}},"widgetTrigger":{"parentElementArrayFinder":{"locator_":{"using":"css selector","value":".zoe-engage-trigger>img"}},"elementArrayFinder_":{"locator_":{"$ref":"$[\"widgetTrigger\"][\"parentElementArrayFinder\"][\"locator_\"]"}}},"widgetColorbox":{"parentElementArrayFinder":{"locator_":{"using":"css selector","value":"#zoe-zbox-content"}},"elementArrayFinder_":{"locator_":{"$ref":"$[\"widgetColorbox\"][\"parentElementArrayFinder\"][\"locator_\"]"}}},"helpButton":{"parentElementArrayFinder":{"locator_":{"using":"css selector","value":".zoe-btn-help"}},"elementArrayFinder_":{"locator_":{"$ref":"$[\"helpButton\"][\"parentElementArrayFinder\"][\"locator_\"]"}}},"helpElement":{"parentElementArrayFinder":{"locator_":{"using":"css selector","value":".zoe-help-overlay"}},"elementArrayFinder_":{"locator_":{"$ref":"$[\"helpElement\"][\"parentElementArrayFinder\"][\"locator_\"]"}}},"zoomButton":{"parentElementArrayFinder":{"locator_":{"using":"css selector","value":".zoe-btn-zoom"}},"elementArrayFinder_":{"locator_":{"$ref":"$[\"zoomButton\"][\"parentElementArrayFinder\"][\"locator_\"]"}}},"zoomElement":{"parentElementArrayFinder":{"locator_":{"using":"css selector","value":".zoe-zoom"}},"elementArrayFinder_":{"locator_":{"$ref":"$[\"zoomElement\"][\"parentElementArrayFinder\"][\"locator_\"]"}}},"zoomImage":{"parentElementArrayFinder":{"locator_":{"using":"css selector","value":".zoe-zoom-frame"}},"elementArrayFinder_":{"locator_":{"$ref":"$[\"zoomImage\"][\"parentElementArrayFinder\"][\"locator_\"]"}}},"closeButton":{"parentElementArrayFinder":{"locator_":{"using":"css selector","value":".zoe-btn-close"}},"elementArrayFinder_":{"locator_":{"$ref":"$[\"closeButton\"][\"parentElementArrayFinder\"][\"locator_\"]"}}},"widgetImageDiv":{"parentElementArrayFinder":{"locator_":{"using":"css selector","value":".zoe-engage-image.reel"}},"elementArrayFinder_":{"locator_":{"$ref":"$[\"widgetImageDiv\"][\"parentElementArrayFinder\"][\"locator_\"]"}}},"inlineDivSelector":{"parentElementArrayFinder":{"locator_":{"using":"css selector","value":".zoe-inline.reel"}},"elementArrayFinder_":{"locator_":{"$ref":"$[\"inlineDivSelector\"][\"parentElementArrayFinder\"][\"locator_\"]"}}},"widgetWrapperSelector":{"parentElementArrayFinder":{"locator_":{"using":"css selector","value":".zoe-engage-wrapper"}},"elementArrayFinder_":{"locator_":{"$ref":"$[\"widgetWrapperSelector\"][\"parentElementArrayFinder\"][\"locator_\"]"}}},"widgetWrapperImage":{"parentElementArrayFinder":{"locator_":{"using":"css selector","value":".zoe-frame"}},"elementArrayFinder_":{"locator_":{"$ref":"$[\"widgetWrapperImage\"][\"parentElementArrayFinder\"][\"locator_\"]"}}},"pageImageSelector":{"parentElementArrayFinder":{"locator_":{"using":"css selector","value":".zoe-engage-wrapper"}},"elementArrayFinder_":{"locator_":{"$ref":"$[\"pageImageSelector\"][\"parentElementArrayFinder\"][\"locator_\"]"}}},"inlineTrigger":{"parentElementArrayFinder":{"locator_":{"using":"css selector","value":"a.zoe-engage-trigger"}},"elementArrayFinder_":{"locator_":{"$ref":"$[\"inlineTrigger\"][\"parentElementArrayFinder\"][\"locator_\"]"}}},"inlineWrapper":{"parentElementArrayFinder":{"locator_":{"using":"css selector","value":".zoe-engage-wrapper.zoe-inline"}},"elementArrayFinder_":{"locator_":{"$ref":"$[\"inlineWrapper\"][\"parentElementArrayFinder\"][\"locator_\"]"}}},"frameSelector":{"parentElementArrayFinder":{"locator_":{"using":"css selector","value":".zoe-frame"}},"elementArrayFinder_":{"locator_":{"$ref":"$[\"frameSelector\"][\"parentElementArrayFinder\"][\"locator_\"]"}}},"interactCTA":{"parentElementArrayFinder":{"locator_":{"using":"css selector","value":".zoe-interact-cta"}},"elementArrayFinder_":{"locator_":{"$ref":"$[\"interactCTA\"][\"parentElementArrayFinder\"][\"locator_\"]"}}},"triggerCTA":{"parentElementArrayFinder":{"locator_":{"using":"css selector","value":".zoe-trigger-cta"}},"elementArrayFinder_":{"locator_":{"$ref":"$[\"triggerCTA\"][\"parentElementArrayFinder\"][\"locator_\"]"}}},"helpRotate":{"parentElementArrayFinder":{"locator_":{"using":"css selector","value":".zoe-help-rotate .zoe-help-text"}},"elementArrayFinder_":{"locator_":{"$ref":"$[\"helpRotate\"][\"parentElementArrayFinder\"][\"locator_\"]"}}},"helpElevate":{"parentElementArrayFinder":{"locator_":{"using":"css selector","value":".zoe-help-elevate .zoe-help-text"}},"elementArrayFinder_":{"locator_":{"$ref":"$[\"helpElevate\"][\"parentElementArrayFinder\"][\"locator_\"]"}}},"helpZoom":{"parentElementArrayFinder":{"locator_":{"using":"css selector","value":".zoe-help-zoom .zoe-help-text"}},"elementArrayFinder_":{"locator_":{"$ref":"$[\"helpZoom\"][\"parentElementArrayFinder\"][\"locator_\"]"}}},"helpBrand":{"parentElementArrayFinder":{"locator_":{"using":"css selector","value":".zoe-help-brand .zoe-help-text"}},"elementArrayFinder_":{"locator_":{"$ref":"$[\"helpBrand\"][\"parentElementArrayFinder\"][\"locator_\"]"}}},"extraContent":{"parentElementArrayFinder":{"locator_":{"using":"css selector","value":".zoe-display-extra-content"}},"elementArrayFinder_":{"locator_":{"$ref":"$[\"extraContent\"][\"parentElementArrayFinder\"][\"locator_\"]"}}},"level":"debug","message":"elementFinder is ","timestamp":"2014-10-08T15:45:44.069Z"}
{"rotatable":true,"browserConnectionEnabled":true,"acceptSslCerts":true,"cssSelectorsEnabled":true,"javascriptEnabled":true,"locationContextEnabled":true,"takesScreenshot":true,"platform":"ANDROID","browserName":"android","webdriver.remote.sessionid":"33c40635844943ed83b983baef8c2b51","hasMetadata":true,"version":"18","applicationCacheEnabled":true,"webStorageEnabled":true,"handlesAlerts":true,"level":"info","message":"","timestamp":"2014-10-08T15:46:52.790Z"}
{"level":"info","message":"undefined","timestamp":"2014-10-08T15:46:52.791Z"}
{"level":"info","message":"BROWSER IS: android","timestamp":"2014-10-08T15:46:52.791Z"}
{"level":"info","message":"Initialising file paths with browser & version","timestamp":"2014-10-08T15:46:52.792Z"}
{"level":"info","message":"Initialising file paths with browser & version","timestamp":"2014-10-08T15:46:52.792Z"}
{"level":"info","message":"Initialising file paths with browser & version","timestamp":"2014-10-08T15:46:52.792Z"}
{"level":"info","message":"Initialising file paths with browser & version","timestamp":"2014-10-08T15:46:52.792Z"}
{"level":"info","message":"Initialising file paths with browser & version","timestamp":"2014-10-08T15:46:52.792Z"}
{"level":"info","message":"Initialising file paths with browser & version","timestamp":"2014-10-08T15:46:52.792Z"}
{"level":"info","message":"Initialising file paths with browser & version","timestamp":"2014-10-08T15:46:52.792Z"}
{"level":"info","message":"Initialising file paths with browser & version","timestamp":"2014-10-08T15:46:52.792Z"}
{"level":"info","message":"Initialising file paths with browser & version","timestamp":"2014-10-08T15:46:52.792Z"}
{"level":"info","message":"Initialising file paths with browser & version","timestamp":"2014-10-08T15:46:52.792Z"}
{"level":"info","message":"Initialising file paths with browser & version","timestamp":"2014-10-08T15:46:52.792Z"}
{"level":"info","message":"Initialising file paths with browser & version","timestamp":"2014-10-08T15:46:52.792Z"}
{"level":"info","message":"Initialising file paths with browser & version","timestamp":"2014-10-08T15:46:52.792Z"}
{"level":"info","message":"Initialising file paths with browser & version","timestamp":"2014-10-08T15:46:52.792Z"}
{"level":"info","message":"Initialising file paths with browser & version","timestamp":"2014-10-08T15:46:52.792Z"}
{"level":"info","message":"Initialising file paths with browser & version","timestamp":"2014-10-08T15:46:52.792Z"}
{"level":"info","message":"Initialising file paths with browser & version","timestamp":"2014-10-08T15:46:52.792Z"}
{"level":"info","message":"Initialising file paths with browser & version","timestamp":"2014-10-08T15:46:52.792Z"}
{"level":"info","message":"Initialising file paths with browser & version","timestamp":"2014-10-08T15:46:52.792Z"}
{"level":"info","message":"Initialising file paths with browser & version","timestamp":"2014-10-08T15:46:52.792Z"}
{"level":"info","message":"Initialising file paths with browser & version","timestamp":"2014-10-08T15:46:52.793Z"}
{"level":"info","message":"Opening URL: http://jenkins.zoetrope.io:8888/v3/testInline.html","timestamp":"2014-10-08T15:46:53.214Z"}
{"level":"info","message":"Initialising file paths with browser & version","timestamp":"2014-10-08T15:46:53.215Z"}
{"level":"info","message":"Initialising file paths with browser & version","timestamp":"2014-10-08T15:46:53.215Z"}
{"level":"info","message":"Initialising file paths with browser & version","timestamp":"2014-10-08T15:46:53.215Z"}
{"level":"info","message":"Initialising file paths with browser & version","timestamp":"2014-10-08T15:46:53.215Z"}
{"level":"info","message":"Initialising file paths with browser & version","timestamp":"2014-10-08T15:46:53.215Z"}
{"level":"info","message":"Initialising file paths with browser & version","timestamp":"2014-10-08T15:46:53.215Z"}
{"level":"info","message":"Comparing images for stageload","timestamp":"2014-10-08T15:47:00.413Z"}
{"level":"info","message":"Saving screenshot to /tmp/screenandroid1833c40635844943ed83b983baef8c2b51.png.load","timestamp":"2014-10-08T15:47:00.415Z"}
{"level":"info","message":"Saved screenshot","timestamp":"2014-10-08T15:47:02.915Z"}
{"level":"info","message":"Comparing images from paths: /tmp/screenandroid1833c40635844943ed83b983baef8c2b51.png.load and images/load-inline-android-18.png","timestamp":"2014-10-08T15:47:02.916Z"}
{"level":"error","message":"Error comparing imagesError: Command failed: gm compare: Unable to open file (images/load-inline-android-18.png) [No such file or directory].\n","timestamp":"2014-10-08T15:47:02.939Z"}
{"level":"info","message":"Image comparison gave: undefined","timestamp":"2014-10-08T15:47:02.940Z"}
{"level":"info","message":"android1833c40635844943ed83b983baef8c2b51 compared images for stage: loadwith eqaulity of: undefined","timestamp":"2014-10-08T15:47:02.940Z"}
{"level":"info","message":"Clicking the help button","timestamp":"2014-10-08T15:47:03.405Z"}
{"parentElementArrayFinder":{"locator_":{"using":"css selector","value":".zoe-btn-help"}},"elementArrayFinder_":{"locator_":{"$ref":"$[\"parentElementArrayFinder\"][\"locator_\"]"}},"level":"info","message":"help button is","timestamp":"2014-10-08T15:47:03.410Z"}
{"takesScreenshot":true,"version":"6.1","cssSelectorsEnabled":true,"javascriptEnabled":true,"databaseEnabled":true,"locationContextEnabled":true,"platform":"MAC","browserName":"iPhone","webdriver.remote.sessionid":"93f94b7118ee4412afe7a2eca5a23826","hasMetadata":true,"webStorageEnabled":true,"level":"info","message":"","timestamp":"2014-10-08T15:47:03.860Z"}
{"level":"info","message":"undefined","timestamp":"2014-10-08T15:47:03.861Z"}
{"level":"info","message":"BROWSER IS: iPhone","timestamp":"2014-10-08T15:47:03.861Z"}
{"level":"info","message":"Initialising file paths with browser & version","timestamp":"2014-10-08T15:47:03.861Z"}
{"level":"info","message":"Initialising file paths with browser & version","timestamp":"2014-10-08T15:47:03.861Z"}
{"level":"info","message":"Initialising file paths with browser & version","timestamp":"2014-10-08T15:47:03.861Z"}
{"level":"info","message":"Initialising file paths with browser & version","timestamp":"2014-10-08T15:47:03.861Z"}
{"level":"info","message":"Initialising file paths with browser & version","timestamp":"2014-10-08T15:47:03.861Z"}
{"level":"info","message":"Initialising file paths with browser & version","timestamp":"2014-10-08T15:47:03.861Z"}
{"level":"info","message":"Initialising file paths with browser & version","timestamp":"2014-10-08T15:47:03.861Z"}
{"level":"info","message":"Initialising file paths with browser & version","timestamp":"2014-10-08T15:47:03.861Z"}
{"level":"info","message":"Initialising file paths with browser & version","timestamp":"2014-10-08T15:47:03.861Z"}
{"level":"info","message":"Initialising file paths with browser & version","timestamp":"2014-10-08T15:47:03.861Z"}
{"level":"info","message":"Initialising file paths with browser & version","timestamp":"2014-10-08T15:47:03.862Z"}
{"level":"info","message":"Initialising file paths with browser & version","timestamp":"2014-10-08T15:47:03.862Z"}
{"level":"info","message":"Initialising file paths with browser & version","timestamp":"2014-10-08T15:47:03.862Z"}
{"level":"info","message":"Initialising file paths with browser & version","timestamp":"2014-10-08T15:47:03.862Z"}
{"level":"info","message":"Initialising file paths with browser & version","timestamp":"2014-10-08T15:47:03.862Z"}
{"level":"info","message":"Initialising file paths with browser & version","timestamp":"2014-10-08T15:47:03.862Z"}
{"level":"info","message":"Initialising file paths with browser & version","timestamp":"2014-10-08T15:47:03.862Z"}
{"level":"info","message":"Initialising file paths with browser & version","timestamp":"2014-10-08T15:47:03.862Z"}
{"level":"info","message":"Initialising file paths with browser & version","timestamp":"2014-10-08T15:47:03.862Z"}
{"level":"info","message":"Initialising file paths with browser & version","timestamp":"2014-10-08T15:47:03.863Z"}
{"level":"info","message":"Initialising file paths with browser & version","timestamp":"2014-10-08T15:47:03.863Z"}
{"level":"info","message":"Opening URL: http://jenkins.zoetrope.io:8888/v3/testInline.html","timestamp":"2014-10-08T15:47:06.401Z"}
{"level":"info","message":"Initialising file paths with browser & version","timestamp":"2014-10-08T15:47:06.401Z"}
{"level":"info","message":"Initialising file paths with browser & version","timestamp":"2014-10-08T15:47:06.401Z"}
{"level":"info","message":"Initialising file paths with browser & version","timestamp":"2014-10-08T15:47:06.401Z"}
{"level":"info","message":"Initialising file paths with browser & version","timestamp":"2014-10-08T15:47:06.401Z"}
{"level":"info","message":"Initialising file paths with browser & version","timestamp":"2014-10-08T15:47:06.401Z"}
{"level":"info","message":"Initialising file paths with browser & version","timestamp":"2014-10-08T15:47:06.401Z"}
{"level":"info","message":"Got help style of ","timestamp":"2014-10-08T15:47:07.365Z"}
{"level":"info","message":"Comparing images for stagehelp","timestamp":"2014-10-08T15:47:07.408Z"}
{"level":"info","message":"Saving screenshot to /tmp/screenandroid1833c40635844943ed83b983baef8c2b51.png.help","timestamp":"2014-10-08T15:47:07.408Z"}
{"level":"info","message":"Saved screenshot","timestamp":"2014-10-08T15:47:09.318Z"}
{"level":"info","message":"Comparing images from paths: /tmp/screenandroid1833c40635844943ed83b983baef8c2b51.png.help and images/help-inline-android-18.png","timestamp":"2014-10-08T15:47:09.318Z"}
{"level":"error","message":"Error comparing imagesError: Command failed: gm compare: Unable to open file (images/help-inline-android-18.png) [No such file or directory].\n","timestamp":"2014-10-08T15:47:09.338Z"}
{"level":"info","message":"Image comparison gave: undefined","timestamp":"2014-10-08T15:47:09.338Z"}
{"level":"info","message":"android1833c40635844943ed83b983baef8c2b51 compared images for stage: helpwith eqaulity of: undefined","timestamp":"2014-10-08T15:47:09.339Z"}
{"level":"info","message":"Comparing images for stageload","timestamp":"2014-10-08T15:47:11.213Z"}
{"level":"info","message":"Saving screenshot to /tmp/screeniPhone6.193f94b7118ee4412afe7a2eca5a23826.png.load","timestamp":"2014-10-08T15:47:11.214Z"}
{"level":"info","message":"Clicking the help button","timestamp":"2014-10-08T15:47:12.509Z"}
{"parentElementArrayFinder":{"locator_":{"using":"css selector","value":".zoe-btn-help"}},"elementArrayFinder_":{"locator_":{"$ref":"$[\"parentElementArrayFinder\"][\"locator_\"]"}},"level":"info","message":"help button is","timestamp":"2014-10-08T15:47:12.511Z"}
{"level":"info","message":"Comparing images for stagehelpClose","timestamp":"2014-10-08T15:47:12.513Z"}
{"level":"info","message":"Saving screenshot to /tmp/screenandroid1833c40635844943ed83b983baef8c2b51.png.helpClose","timestamp":"2014-10-08T15:47:12.514Z"}
{"level":"info","message":"Saved screenshot","timestamp":"2014-10-08T15:47:13.439Z"}
{"level":"info","message":"Comparing images from paths: /tmp/screeniPhone6.193f94b7118ee4412afe7a2eca5a23826.png.load and images/load-inline-iPhone-6.1.png","timestamp":"2014-10-08T15:47:13.441Z"}
{"level":"error","message":"Error comparing imagesError: Command failed: gm compare: Unable to open file (images/load-inline-iPhone-6.1.png) [No such file or directory].\n","timestamp":"2014-10-08T15:47:13.461Z"}
{"level":"info","message":"Image comparison gave: undefined","timestamp":"2014-10-08T15:47:13.462Z"}
{"level":"info","message":"iPhone6.193f94b7118ee4412afe7a2eca5a23826 compared images for stage: loadwith eqaulity of: undefined","timestamp":"2014-10-08T15:47:13.462Z"}
{"level":"info","message":"Clicking the help button","timestamp":"2014-10-08T15:47:14.148Z"}
{"parentElementArrayFinder":{"locator_":{"using":"css selector","value":".zoe-btn-help"}},"elementArrayFinder_":{"locator_":{"$ref":"$[\"parentElementArrayFinder\"][\"locator_\"]"}},"level":"info","message":"help button is","timestamp":"2014-10-08T15:47:14.151Z"}
{"level":"info","message":"Got help style of display: none; ","timestamp":"2014-10-08T15:47:15.861Z"}
{"level":"info","message":"Saved screenshot","timestamp":"2014-10-08T15:47:18.754Z"}
{"level":"info","message":"Comparing images from paths: /tmp/screenandroid1833c40635844943ed83b983baef8c2b51.png.helpClose and images/helpClose-inline-android-18.png","timestamp":"2014-10-08T15:47:18.754Z"}
{"level":"error","message":"Error comparing imagesError: Command failed: gm compare: Unable to open file (images/helpClose-inline-android-18.png) [No such file or directory].\n","timestamp":"2014-10-08T15:47:18.773Z"}
{"level":"info","message":"Image comparison gave: undefined","timestamp":"2014-10-08T15:47:18.774Z"}
{"level":"info","message":"android1833c40635844943ed83b983baef8c2b51 compared images for stage: helpClosewith eqaulity of: undefined","timestamp":"2014-10-08T15:47:18.774Z"}
{"level":"info","message":"Clicking the zoom button","timestamp":"2014-10-08T15:47:19.197Z"}
{"level":"info","message":"Comparing images for stagezoom","timestamp":"2014-10-08T15:47:19.202Z"}
{"level":"info","message":"Saving screenshot to /tmp/screenandroid1833c40635844943ed83b983baef8c2b51.png.zoom","timestamp":"2014-10-08T15:47:19.202Z"}
{"level":"info","message":"Saved screenshot","timestamp":"2014-10-08T15:47:27.454Z"}
{"level":"info","message":"Comparing images from paths: /tmp/screenandroid1833c40635844943ed83b983baef8c2b51.png.zoom and images/zoom-inline-android-18.png","timestamp":"2014-10-08T15:47:27.454Z"}
{"level":"error","message":"Error comparing imagesError: Command failed: gm compare: Unable to open file (images/zoom-inline-android-18.png) [No such file or directory].\n","timestamp":"2014-10-08T15:47:27.474Z"}
{"level":"info","message":"Image comparison gave: undefined","timestamp":"2014-10-08T15:47:27.475Z"}
{"level":"info","message":"android1833c40635844943ed83b983baef8c2b51 compared images for stage: zoomwith eqaulity of: undefined","timestamp":"2014-10-08T15:47:27.476Z"}
{"level":"info","message":"Clicking the zoom button","timestamp":"2014-10-08T15:47:27.897Z"}
{"level":"info","message":"Comparing images for stagezoomClose","timestamp":"2014-10-08T15:47:27.902Z"}
{"level":"info","message":"Saving screenshot to /tmp/screenandroid1833c40635844943ed83b983baef8c2b51.png.zoomClose","timestamp":"2014-10-08T15:47:27.902Z"}
{"level":"info","message":"Saved screenshot","timestamp":"2014-10-08T15:47:32.359Z"}
{"level":"info","message":"Comparing images from paths: /tmp/screenandroid1833c40635844943ed83b983baef8c2b51.png.zoomClose and images/zoomClose-inline-android-18.png","timestamp":"2014-10-08T15:47:32.360Z"}
{"level":"error","message":"Error comparing imagesError: Command failed: gm compare: Unable to open file (images/zoomClose-inline-android-18.png) [No such file or directory].\n","timestamp":"2014-10-08T15:47:32.379Z"}
{"level":"info","message":"Image comparison gave: undefined","timestamp":"2014-10-08T15:47:32.380Z"}
{"level":"info","message":"android1833c40635844943ed83b983baef8c2b51 compared images for stage: zoomClosewith eqaulity of: undefined","timestamp":"2014-10-08T15:47:32.380Z"}
{"level":"info","message":"Opening URL: http://jenkins.zoetrope.io:8888/v3/testPopover.html","timestamp":"2014-10-08T15:47:32.835Z"}
{"level":"info","message":"Initialising file paths with browser & version","timestamp":"2014-10-08T15:47:32.835Z"}
{"level":"info","message":"Initialising file paths with browser & version","timestamp":"2014-10-08T15:47:32.836Z"}
{"level":"info","message":"Initialising file paths with browser & version","timestamp":"2014-10-08T15:47:32.836Z"}
{"level":"info","message":"Initialising file paths with browser & version","timestamp":"2014-10-08T15:47:32.836Z"}
{"level":"info","message":"Initialising file paths with browser & version","timestamp":"2014-10-08T15:47:32.836Z"}
{"level":"info","message":"Initialising file paths with browser & version","timestamp":"2014-10-08T15:47:32.836Z"}
{"level":"info","message":"Comparing images for stageload","timestamp":"2014-10-08T15:47:38.419Z"}
{"level":"info","message":"Saving screenshot to /tmp/screenandroid1833c40635844943ed83b983baef8c2b51.png.load","timestamp":"2014-10-08T15:47:38.419Z"}
{"level":"info","message":"Saved screenshot","timestamp":"2014-10-08T15:47:42.488Z"}
{"level":"info","message":"Comparing images from paths: /tmp/screenandroid1833c40635844943ed83b983baef8c2b51.png.load and images/load-popover-android-18.png","timestamp":"2014-10-08T15:47:42.488Z"}
{"level":"error","message":"Error comparing imagesError: Command failed: gm compare: Unable to open file (images/load-popover-android-18.png) [No such file or directory].\n","timestamp":"2014-10-08T15:47:42.507Z"}
{"level":"info","message":"Image comparison gave: undefined","timestamp":"2014-10-08T15:47:42.508Z"}
{"level":"info","message":"android1833c40635844943ed83b983baef8c2b51 compared images for stage: loadwith eqaulity of: undefined","timestamp":"2014-10-08T15:47:42.508Z"}
{"level":"info","message":"Clicking on widget trigger","timestamp":"2014-10-08T15:47:42.989Z"}
{"level":"info","message":"Clicking the help button","timestamp":"2014-10-08T15:47:45.466Z"}
{"parentElementArrayFinder":{"locator_":{"using":"css selector","value":".zoe-btn-help"}},"elementArrayFinder_":{"locator_":{"$ref":"$[\"parentElementArrayFinder\"][\"locator_\"]"}},"level":"info","message":"help button is","timestamp":"2014-10-08T15:47:45.472Z"}
{"level":"info","message":"Comparing images for stagehelpClose","timestamp":"2014-10-08T15:47:45.474Z"}
{"level":"info","message":"Saving screenshot to /tmp/screeniPhone6.193f94b7118ee4412afe7a2eca5a23826.png.helpClose","timestamp":"2014-10-08T15:47:45.474Z"}
{"level":"info","message":"Comparing images for stageopenWidget","timestamp":"2014-10-08T15:47:45.950Z"}
{"level":"info","message":"Saving screenshot to /tmp/screenandroid1833c40635844943ed83b983baef8c2b51.png.openWidget","timestamp":"2014-10-08T15:47:45.950Z"}
{"level":"info","message":"Saved screenshot","timestamp":"2014-10-08T15:47:48.768Z"}
{"level":"info","message":"Comparing images from paths: /tmp/screenandroid1833c40635844943ed83b983baef8c2b51.png.openWidget and images/openWidget-popover-android-18.png","timestamp":"2014-10-08T15:47:48.768Z"}
{"level":"error","message":"Error comparing imagesError: Command failed: gm compare: Unable to open file (images/openWidget-popover-android-18.png) [No such file or directory].\n","timestamp":"2014-10-08T15:47:48.788Z"}
{"level":"info","message":"Image comparison gave: undefined","timestamp":"2014-10-08T15:47:48.788Z"}
{"level":"info","message":"android1833c40635844943ed83b983baef8c2b51 compared images for stage: openWidgetwith eqaulity of: undefined","timestamp":"2014-10-08T15:47:48.789Z"}
{"level":"info","message":"Clicking the help button","timestamp":"2014-10-08T15:47:49.242Z"}
{"parentElementArrayFinder":{"locator_":{"using":"css selector","value":".zoe-btn-help"}},"elementArrayFinder_":{"locator_":{"$ref":"$[\"parentElementArrayFinder\"][\"locator_\"]"}},"level":"info","message":"help button is","timestamp":"2014-10-08T15:47:49.245Z"}
{"level":"info","message":"Got help style of ","timestamp":"2014-10-08T15:47:53.892Z"}
{"level":"info","message":"Comparing images for stagehelp","timestamp":"2014-10-08T15:47:53.934Z"}
{"level":"info","message":"Saving screenshot to /tmp/screenandroid1833c40635844943ed83b983baef8c2b51.png.help","timestamp":"2014-10-08T15:47:53.934Z"}
{"level":"info","message":"Saved screenshot","timestamp":"2014-10-08T15:47:57.687Z"}
{"level":"info","message":"Comparing images from paths: /tmp/screenandroid1833c40635844943ed83b983baef8c2b51.png.help and images/help-popover-android-18.png","timestamp":"2014-10-08T15:47:57.687Z"}
{"level":"error","message":"Error comparing imagesError: Command failed: gm compare: Unable to open file (images/help-popover-android-18.png) [No such file or directory].\n","timestamp":"2014-10-08T15:47:57.707Z"}
{"level":"info","message":"Image comparison gave: undefined","timestamp":"2014-10-08T15:47:57.707Z"}
{"level":"info","message":"android1833c40635844943ed83b983baef8c2b51 compared images for stage: helpwith eqaulity of: undefined","timestamp":"2014-10-08T15:47:57.707Z"}
{"level":"info","message":"Clicking the help button","timestamp":"2014-10-08T15:48:03.190Z"}
{"parentElementArrayFinder":{"locator_":{"using":"css selector","value":".zoe-btn-help"}},"elementArrayFinder_":{"locator_":{"$ref":"$[\"parentElementArrayFinder\"][\"locator_\"]"}},"level":"info","message":"help button is","timestamp":"2014-10-08T15:48:03.193Z"}
{"level":"info","message":"Comparing images for stagehelpClose","timestamp":"2014-10-08T15:48:03.195Z"}
{"level":"info","message":"Saving screenshot to /tmp/screenandroid1833c40635844943ed83b983baef8c2b51.png.helpClose","timestamp":"2014-10-08T15:48:03.195Z"}
{"level":"info","message":"Got help style of display: none; ","timestamp":"2014-10-08T15:48:06.981Z"}
{"level":"info","message":"Saved screenshot","timestamp":"2014-10-08T15:48:10.943Z"}
{"level":"info","message":"Comparing images from paths: /tmp/screenandroid1833c40635844943ed83b983baef8c2b51.png.helpClose and images/helpClose-popover-android-18.png","timestamp":"2014-10-08T15:48:10.943Z"}
{"level":"error","message":"Error comparing imagesError: Command failed: gm compare: Unable to open file (images/helpClose-popover-android-18.png) [No such file or directory].\n","timestamp":"2014-10-08T15:48:10.963Z"}
{"level":"info","message":"Image comparison gave: undefined","timestamp":"2014-10-08T15:48:10.963Z"}
{"level":"info","message":"android1833c40635844943ed83b983baef8c2b51 compared images for stage: helpClosewith eqaulity of: undefined","timestamp":"2014-10-08T15:48:10.964Z"}
{"level":"info","message":"Clicking the zoom button","timestamp":"2014-10-08T15:48:11.391Z"}
{"level":"info","message":"Comparing images for stagezoom","timestamp":"2014-10-08T15:48:11.396Z"}
{"level":"info","message":"Saving screenshot to /tmp/screenandroid1833c40635844943ed83b983baef8c2b51.png.zoom","timestamp":"2014-10-08T15:48:11.396Z"}
{"level":"info","message":"Clicking the zoom button","timestamp":"2014-10-08T15:48:16.817Z"}
{"level":"info","message":"Comparing images for stagezoom","timestamp":"2014-10-08T15:48:16.820Z"}
{"level":"info","message":"Saving screenshot to /tmp/screeniPhone6.193f94b7118ee4412afe7a2eca5a23826.png.zoom","timestamp":"2014-10-08T15:48:16.820Z"}
{"level":"info","message":"Saved screenshot","timestamp":"2014-10-08T15:48:17.278Z"}
{"level":"info","message":"Comparing images from paths: /tmp/screenandroid1833c40635844943ed83b983baef8c2b51.png.zoom and images/zoom-popover-android-18.png","timestamp":"2014-10-08T15:48:17.278Z"}
{"level":"error","message":"Error comparing imagesError: Command failed: gm compare: Unable to open file (images/zoom-popover-android-18.png) [No such file or directory].\n","timestamp":"2014-10-08T15:48:17.298Z"}
{"level":"info","message":"Image comparison gave: undefined","timestamp":"2014-10-08T15:48:17.298Z"}
{"level":"info","message":"android1833c40635844943ed83b983baef8c2b51 compared images for stage: zoomwith eqaulity of: undefined","timestamp":"2014-10-08T15:48:17.298Z"}
{"level":"info","message":"Clicking the zoom button","timestamp":"2014-10-08T15:48:17.743Z"}
{"level":"info","message":"Comparing images for stagezoomClose","timestamp":"2014-10-08T15:48:17.748Z"}
{"level":"info","message":"Saving screenshot to /tmp/screenandroid1833c40635844943ed83b983baef8c2b51.png.zoomClose","timestamp":"2014-10-08T15:48:17.748Z"}
{"level":"info","message":"Saved screenshot","timestamp":"2014-10-08T15:48:22.912Z"}
{"level":"info","message":"Comparing images from paths: /tmp/screenandroid1833c40635844943ed83b983baef8c2b51.png.zoomClose and images/zoomClose-popover-android-18.png","timestamp":"2014-10-08T15:48:22.913Z"}
{"level":"error","message":"Error comparing imagesError: Command failed: gm compare: Unable to open file (images/zoomClose-popover-android-18.png) [No such file or directory].\n","timestamp":"2014-10-08T15:48:22.932Z"}
{"level":"info","message":"Image comparison gave: undefined","timestamp":"2014-10-08T15:48:22.933Z"}
{"level":"info","message":"android1833c40635844943ed83b983baef8c2b51 compared images for stage: zoomClosewith eqaulity of: undefined","timestamp":"2014-10-08T15:48:22.934Z"}
{"level":"info","message":"Clicking the zoom button","timestamp":"2014-10-08T15:48:49.101Z"}
{"level":"info","message":"Comparing images for stagezoomClose","timestamp":"2014-10-08T15:48:49.106Z"}
{"level":"info","message":"Saving screenshot to /tmp/screeniPhone6.193f94b7118ee4412afe7a2eca5a23826.png.zoomClose","timestamp":"2014-10-08T15:48:49.106Z"}
{"level":"info","message":"Initialising jasmine tests","timestamp":"2014-10-08T15:49:01.119Z"}
{"level":"info","message":"Initialising jasmine tests","timestamp":"2014-10-08T15:49:01.120Z"}
{"inline":{},"popover":{},"indiscriminate":{},"progressWrapper":{"parentElementArrayFinder":{"locator_":{"using":"css selector","value":".zoe-progress-wrapper"}},"elementArrayFinder_":{"locator_":{"$ref":"$[\"progressWrapper\"][\"parentElementArrayFinder\"][\"locator_\"]"}}},"widgetOverlay":{"parentElementArrayFinder":{"locator_":{"using":"css selector","value":"#zoe-zbox-overlay"}},"elementArrayFinder_":{"locator_":{"$ref":"$[\"widgetOverlay\"][\"parentElementArrayFinder\"][\"locator_\"]"}}},"widgetTrigger":{"parentElementArrayFinder":{"locator_":{"using":"css selector","value":".zoe-engage-trigger>img"}},"elementArrayFinder_":{"locator_":{"$ref":"$[\"widgetTrigger\"][\"parentElementArrayFinder\"][\"locator_\"]"}}},"widgetColorbox":{"parentElementArrayFinder":{"locator_":{"using":"css selector","value":"#zoe-zbox-content"}},"elementArrayFinder_":{"locator_":{"$ref":"$[\"widgetColorbox\"][\"parentElementArrayFinder\"][\"locator_\"]"}}},"helpButton":{"parentElementArrayFinder":{"locator_":{"using":"css selector","value":".zoe-btn-help"}},"elementArrayFinder_":{"locator_":{"$ref":"$[\"helpButton\"][\"parentElementArrayFinder\"][\"locator_\"]"}}},"helpElement":{"parentElementArrayFinder":{"locator_":{"using":"css selector","value":".zoe-help-overlay"}},"elementArrayFinder_":{"locator_":{"$ref":"$[\"helpElement\"][\"parentElementArrayFinder\"][\"locator_\"]"}}},"zoomButton":{"parentElementArrayFinder":{"locator_":{"using":"css selector","value":".zoe-btn-zoom"}},"elementArrayFinder_":{"locator_":{"$ref":"$[\"zoomButton\"][\"parentElementArrayFinder\"][\"locator_\"]"}}},"zoomElement":{"parentElementArrayFinder":{"locator_":{"using":"css selector","value":".zoe-zoom"}},"elementArrayFinder_":{"locator_":{"$ref":"$[\"zoomElement\"][\"parentElementArrayFinder\"][\"locator_\"]"}}},"zoomImage":{"parentElementArrayFinder":{"locator_":{"using":"css selector","value":".zoe-zoom-frame"}},"elementArrayFinder_":{"locator_":{"$ref":"$[\"zoomImage\"][\"parentElementArrayFinder\"][\"locator_\"]"}}},"closeButton":{"parentElementArrayFinder":{"locator_":{"using":"css selector","value":".zoe-btn-close"}},"elementArrayFinder_":{"locator_":{"$ref":"$[\"closeButton\"][\"parentElementArrayFinder\"][\"locator_\"]"}}},"widgetImageDiv":{"parentElementArrayFinder":{"locator_":{"using":"css selector","value":".zoe-engage-image.reel"}},"elementArrayFinder_":{"locator_":{"$ref":"$[\"widgetImageDiv\"][\"parentElementArrayFinder\"][\"locator_\"]"}}},"inlineDivSelector":{"parentElementArrayFinder":{"locator_":{"using":"css selector","value":".zoe-inline.reel"}},"elementArrayFinder_":{"locator_":{"$ref":"$[\"inlineDivSelector\"][\"parentElementArrayFinder\"][\"locator_\"]"}}},"widgetWrapperSelector":{"parentElementArrayFinder":{"locator_":{"using":"css selector","value":".zoe-engage-wrapper"}},"elementArrayFinder_":{"locator_":{"$ref":"$[\"widgetWrapperSelector\"][\"parentElementArrayFinder\"][\"locator_\"]"}}},"widgetWrapperImage":{"parentElementArrayFinder":{"locator_":{"using":"css selector","value":".zoe-frame"}},"elementArrayFinder_":{"locator_":{"$ref":"$[\"widgetWrapperImage\"][\"parentElementArrayFinder\"][\"locator_\"]"}}},"pageImageSelector":{"parentElementArrayFinder":{"locator_":{"using":"css selector","value":".zoe-engage-wrapper"}},"elementArrayFinder_":{"locator_":{"$ref":"$[\"pageImageSelector\"][\"parentElementArrayFinder\"][\"locator_\"]"}}},"inlineTrigger":{"parentElementArrayFinder":{"locator_":{"using":"css selector","value":"a.zoe-engage-trigger"}},"elementArrayFinder_":{"locator_":{"$ref":"$[\"inlineTrigger\"][\"parentElementArrayFinder\"][\"locator_\"]"}}},"inlineWrapper":{"parentElementArrayFinder":{"locator_":{"using":"css selector","value":".zoe-engage-wrapper.zoe-inline"}},"elementArrayFinder_":{"locator_":{"$ref":"$[\"inlineWrapper\"][\"parentElementArrayFinder\"][\"locator_\"]"}}},"frameSelector":{"parentElementArrayFinder":{"locator_":{"using":"css selector","value":".zoe-frame"}},"elementArrayFinder_":{"locator_":{"$ref":"$[\"frameSelector\"][\"parentElementArrayFinder\"][\"locator_\"]"}}},"interactCTA":{"parentElementArrayFinder":{"locator_":{"using":"css selector","value":".zoe-interact-cta"}},"elementArrayFinder_":{"locator_":{"$ref":"$[\"interactCTA\"][\"parentElementArrayFinder\"][\"locator_\"]"}}},"triggerCTA":{"parentElementArrayFinder":{"locator_":{"using":"css selector","value":".zoe-trigger-cta"}},"elementArrayFinder_":{"locator_":{"$ref":"$[\"triggerCTA\"][\"parentElementArrayFinder\"][\"locator_\"]"}}},"helpRotate":{"parentElementArrayFinder":{"locator_":{"using":"css selector","value":".zoe-help-rotate .zoe-help-text"}},"elementArrayFinder_":{"locator_":{"$ref":"$[\"helpRotate\"][\"parentElementArrayFinder\"][\"locator_\"]"}}},"helpElevate":{"parentElementArrayFinder":{"locator_":{"using":"css selector","value":".zoe-help-elevate .zoe-help-text"}},"elementArrayFinder_":{"locator_":{"$ref":"$[\"helpElevate\"][\"parentElementArrayFinder\"][\"locator_\"]"}}},"helpZoom":{"parentElementArrayFinder":{"locator_":{"using":"css selector","value":".zoe-help-zoom .zoe-help-text"}},"elementArrayFinder_":{"locator_":{"$ref":"$[\"helpZoom\"][\"parentElementArrayFinder\"][\"locator_\"]"}}},"helpBrand":{"parentElementArrayFinder":{"locator_":{"using":"css selector","value":".zoe-help-brand .zoe-help-text"}},"elementArrayFinder_":{"locator_":{"$ref":"$[\"helpBrand\"][\"parentElementArrayFinder\"][\"locator_\"]"}}},"extraContent":{"parentElementArrayFinder":{"locator_":{"using":"css selector","value":".zoe-display-extra-content"}},"elementArrayFinder_":{"locator_":{"$ref":"$[\"extraContent\"][\"parentElementArrayFinder\"][\"locator_\"]"}}},"level":"debug","message":"elementFinder is ","timestamp":"2014-10-08T15:49:01.122Z"}
{"inline":{},"popover":{},"indiscriminate":{},"progressWrapper":{"parentElementArrayFinder":{"locator_":{"using":"css selector","value":".zoe-progress-wrapper"}},"elementArrayFinder_":{"locator_":{"$ref":"$[\"progressWrapper\"][\"parentElementArrayFinder\"][\"locator_\"]"}}},"widgetOverlay":{"parentElementArrayFinder":{"locator_":{"using":"css selector","value":"#zoe-zbox-overlay"}},"elementArrayFinder_":{"locator_":{"$ref":"$[\"widgetOverlay\"][\"parentElementArrayFinder\"][\"locator_\"]"}}},"widgetTrigger":{"parentElementArrayFinder":{"locator_":{"using":"css selector","value":".zoe-engage-trigger>img"}},"elementArrayFinder_":{"locator_":{"$ref":"$[\"widgetTrigger\"][\"parentElementArrayFinder\"][\"locator_\"]"}}},"widgetColorbox":{"parentElementArrayFinder":{"locator_":{"using":"css selector","value":"#zoe-zbox-content"}},"elementArrayFinder_":{"locator_":{"$ref":"$[\"widgetColorbox\"][\"parentElementArrayFinder\"][\"locator_\"]"}}},"helpButton":{"parentElementArrayFinder":{"locator_":{"using":"css selector","value":".zoe-btn-help"}},"elementArrayFinder_":{"locator_":{"$ref":"$[\"helpButton\"][\"parentElementArrayFinder\"][\"locator_\"]"}}},"helpElement":{"parentElementArrayFinder":{"locator_":{"using":"css selector","value":".zoe-help-overlay"}},"elementArrayFinder_":{"locator_":{"$ref":"$[\"helpElement\"][\"parentElementArrayFinder\"][\"locator_\"]"}}},"zoomButton":{"parentElementArrayFinder":{"locator_":{"using":"css selector","value":".zoe-btn-zoom"}},"elementArrayFinder_":{"locator_":{"$ref":"$[\"zoomButton\"][\"parentElementArrayFinder\"][\"locator_\"]"}}},"zoomElement":{"parentElementArrayFinder":{"locator_":{"using":"css selector","value":".zoe-zoom"}},"elementArrayFinder_":{"locator_":{"$ref":"$[\"zoomElement\"][\"parentElementArrayFinder\"][\"locator_\"]"}}},"zoomImage":{"parentElementArrayFinder":{"locator_":{"using":"css selector","value":".zoe-zoom-frame"}},"elementArrayFinder_":{"locator_":{"$ref":"$[\"zoomImage\"][\"parentElementArrayFinder\"][\"locator_\"]"}}},"closeButton":{"parentElementArrayFinder":{"locator_":{"using":"css selector","value":".zoe-btn-close"}},"elementArrayFinder_":{"locator_":{"$ref":"$[\"closeButton\"][\"parentElementArrayFinder\"][\"locator_\"]"}}},"widgetImageDiv":{"parentElementArrayFinder":{"locator_":{"using":"css selector","value":".zoe-engage-image.reel"}},"elementArrayFinder_":{"locator_":{"$ref":"$[\"widgetImageDiv\"][\"parentElementArrayFinder\"][\"locator_\"]"}}},"inlineDivSelector":{"parentElementArrayFinder":{"locator_":{"using":"css selector","value":".zoe-inline.reel"}},"elementArrayFinder_":{"locator_":{"$ref":"$[\"inlineDivSelector\"][\"parentElementArrayFinder\"][\"locator_\"]"}}},"widgetWrapperSelector":{"parentElementArrayFinder":{"locator_":{"using":"css selector","value":".zoe-engage-wrapper"}},"elementArrayFinder_":{"locator_":{"$ref":"$[\"widgetWrapperSelector\"][\"parentElementArrayFinder\"][\"locator_\"]"}}},"widgetWrapperImage":{"parentElementArrayFinder":{"locator_":{"using":"css selector","value":".zoe-frame"}},"elementArrayFinder_":{"locator_":{"$ref":"$[\"widgetWrapperImage\"][\"parentElementArrayFinder\"][\"locator_\"]"}}},"pageImageSelector":{"parentElementArrayFinder":{"locator_":{"using":"css selector","value":".zoe-engage-wrapper"}},"elementArrayFinder_":{"locator_":{"$ref":"$[\"pageImageSelector\"][\"parentElementArrayFinder\"][\"locator_\"]"}}},"inlineTrigger":{"parentElementArrayFinder":{"locator_":{"using":"css selector","value":"a.zoe-engage-trigger"}},"elementArrayFinder_":{"locator_":{"$ref":"$[\"inlineTrigger\"][\"parentElementArrayFinder\"][\"locator_\"]"}}},"inlineWrapper":{"parentElementArrayFinder":{"locator_":{"using":"css selector","value":".zoe-engage-wrapper.zoe-inline"}},"elementArrayFinder_":{"locator_":{"$ref":"$[\"inlineWrapper\"][\"parentElementArrayFinder\"][\"locator_\"]"}}},"frameSelector":{"parentElementArrayFinder":{"locator_":{"using":"css selector","value":".zoe-frame"}},"elementArrayFinder_":{"locator_":{"$ref":"$[\"frameSelector\"][\"parentElementArrayFinder\"][\"locator_\"]"}}},"interactCTA":{"parentElementArrayFinder":{"locator_":{"using":"css selector","value":".zoe-interact-cta"}},"elementArrayFinder_":{"locator_":{"$ref":"$[\"interactCTA\"][\"parentElementArrayFinder\"][\"locator_\"]"}}},"triggerCTA":{"parentElementArrayFinder":{"locator_":{"using":"css selector","value":".zoe-trigger-cta"}},"elementArrayFinder_":{"locator_":{"$ref":"$[\"triggerCTA\"][\"parentElementArrayFinder\"][\"locator_\"]"}}},"helpRotate":{"parentElementArrayFinder":{"locator_":{"using":"css selector","value":".zoe-help-rotate .zoe-help-text"}},"elementArrayFinder_":{"locator_":{"$ref":"$[\"helpRotate\"][\"parentElementArrayFinder\"][\"locator_\"]"}}},"helpElevate":{"parentElementArrayFinder":{"locator_":{"using":"css selector","value":".zoe-help-elevate .zoe-help-text"}},"elementArrayFinder_":{"locator_":{"$ref":"$[\"helpElevate\"][\"parentElementArrayFinder\"][\"locator_\"]"}}},"helpZoom":{"parentElementArrayFinder":{"locator_":{"using":"css selector","value":".zoe-help-zoom .zoe-help-text"}},"elementArrayFinder_":{"locator_":{"$ref":"$[\"helpZoom\"][\"parentElementArrayFinder\"][\"locator_\"]"}}},"helpBrand":{"parentElementArrayFinder":{"locator_":{"using":"css selector","value":".zoe-help-brand .zoe-help-text"}},"elementArrayFinder_":{"locator_":{"$ref":"$[\"helpBrand\"][\"parentElementArrayFinder\"][\"locator_\"]"}}},"extraContent":{"parentElementArrayFinder":{"locator_":{"using":"css selector","value":".zoe-display-extra-content"}},"elementArrayFinder_":{"locator_":{"$ref":"$[\"extraContent\"][\"parentElementArrayFinder\"][\"locator_\"]"}}},"level":"debug","message":"elementFinder is ","timestamp":"2014-10-08T15:49:01.122Z"}
{"level":"info","message":"Initialising jasmine tests","timestamp":"2014-10-08T15:49:01.122Z"}
{"inline":{},"popover":{},"indiscriminate":{},"progressWrapper":{"parentElementArrayFinder":{"locator_":{"using":"css selector","value":".zoe-progress-wrapper"}},"elementArrayFinder_":{"locator_":{"$ref":"$[\"progressWrapper\"][\"parentElementArrayFinder\"][\"locator_\"]"}}},"widgetOverlay":{"parentElementArrayFinder":{"locator_":{"using":"css selector","value":"#zoe-zbox-overlay"}},"elementArrayFinder_":{"locator_":{"$ref":"$[\"widgetOverlay\"][\"parentElementArrayFinder\"][\"locator_\"]"}}},"widgetTrigger":{"parentElementArrayFinder":{"locator_":{"using":"css selector","value":".zoe-engage-trigger>img"}},"elementArrayFinder_":{"locator_":{"$ref":"$[\"widgetTrigger\"][\"parentElementArrayFinder\"][\"locator_\"]"}}},"widgetColorbox":{"parentElementArrayFinder":{"locator_":{"using":"css selector","value":"#zoe-zbox-content"}},"elementArrayFinder_":{"locator_":{"$ref":"$[\"widgetColorbox\"][\"parentElementArrayFinder\"][\"locator_\"]"}}},"helpButton":{"parentElementArrayFinder":{"locator_":{"using":"css selector","value":".zoe-btn-help"}},"elementArrayFinder_":{"locator_":{"$ref":"$[\"helpButton\"][\"parentElementArrayFinder\"][\"locator_\"]"}}},"helpElement":{"parentElementArrayFinder":{"locator_":{"using":"css selector","value":".zoe-help-overlay"}},"elementArrayFinder_":{"locator_":{"$ref":"$[\"helpElement\"][\"parentElementArrayFinder\"][\"locator_\"]"}}},"zoomButton":{"parentElementArrayFinder":{"locator_":{"using":"css selector","value":".zoe-btn-zoom"}},"elementArrayFinder_":{"locator_":{"$ref":"$[\"zoomButton\"][\"parentElementArrayFinder\"][\"locator_\"]"}}},"zoomElement":{"parentElementArrayFinder":{"locator_":{"using":"css selector","value":".zoe-zoom"}},"elementArrayFinder_":{"locator_":{"$ref":"$[\"zoomElement\"][\"parentElementArrayFinder\"][\"locator_\"]"}}},"zoomImage":{"parentElementArrayFinder":{"locator_":{"using":"css selector","value":".zoe-zoom-frame"}},"elementArrayFinder_":{"locator_":{"$ref":"$[\"zoomImage\"][\"parentElementArrayFinder\"][\"locator_\"]"}}},"closeButton":{"parentElementArrayFinder":{"locator_":{"using":"css selector","value":".zoe-btn-close"}},"elementArrayFinder_":{"locator_":{"$ref":"$[\"closeButton\"][\"parentElementArrayFinder\"][\"locator_\"]"}}},"widgetImageDiv":{"parentElementArrayFinder":{"locator_":{"using":"css selector","value":".zoe-engage-image.reel"}},"elementArrayFinder_":{"locator_":{"$ref":"$[\"widgetImageDiv\"][\"parentElementArrayFinder\"][\"locator_\"]"}}},"inlineDivSelector":{"parentElementArrayFinder":{"locator_":{"using":"css selector","value":".zoe-inline.reel"}},"elementArrayFinder_":{"locator_":{"$ref":"$[\"inlineDivSelector\"][\"parentElementArrayFinder\"][\"locator_\"]"}}},"widgetWrapperSelector":{"parentElementArrayFinder":{"locator_":{"using":"css selector","value":".zoe-engage-wrapper"}},"elementArrayFinder_":{"locator_":{"$ref":"$[\"widgetWrapperSelector\"][\"parentElementArrayFinder\"][\"locator_\"]"}}},"widgetWrapperImage":{"parentElementArrayFinder":{"locator_":{"using":"css selector","value":".zoe-frame"}},"elementArrayFinder_":{"locator_":{"$ref":"$[\"widgetWrapperImage\"][\"parentElementArrayFinder\"][\"locator_\"]"}}},"pageImageSelector":{"parentElementArrayFinder":{"locator_":{"using":"css selector","value":".zoe-engage-wrapper"}},"elementArrayFinder_":{"locator_":{"$ref":"$[\"pageImageSelector\"][\"parentElementArrayFinder\"][\"locator_\"]"}}},"inlineTrigger":{"parentElementArrayFinder":{"locator_":{"using":"css selector","value":"a.zoe-engage-trigger"}},"elementArrayFinder_":{"locator_":{"$ref":"$[\"inlineTrigger\"][\"parentElementArrayFinder\"][\"locator_\"]"}}},"inlineWrapper":{"parentElementArrayFinder":{"locator_":{"using":"css selector","value":".zoe-engage-wrapper.zoe-inline"}},"elementArrayFinder_":{"locator_":{"$ref":"$[\"inlineWrapper\"][\"parentElementArrayFinder\"][\"locator_\"]"}}},"frameSelector":{"parentElementArrayFinder":{"locator_":{"using":"css selector","value":".zoe-frame"}},"elementArrayFinder_":{"locator_":{"$ref":"$[\"frameSelector\"][\"parentElementArrayFinder\"][\"locator_\"]"}}},"interactCTA":{"parentElementArrayFinder":{"locator_":{"using":"css selector","value":".zoe-interact-cta"}},"elementArrayFinder_":{"locator_":{"$ref":"$[\"interactCTA\"][\"parentElementArrayFinder\"][\"locator_\"]"}}},"triggerCTA":{"parentElementArrayFinder":{"locator_":{"using":"css selector","value":".zoe-trigger-cta"}},"elementArrayFinder_":{"locator_":{"$ref":"$[\"triggerCTA\"][\"parentElementArrayFinder\"][\"locator_\"]"}}},"helpRotate":{"parentElementArrayFinder":{"locator_":{"using":"css selector","value":".zoe-help-rotate .zoe-help-text"}},"elementArrayFinder_":{"locator_":{"$ref":"$[\"helpRotate\"][\"parentElementArrayFinder\"][\"locator_\"]"}}},"helpElevate":{"parentElementArrayFinder":{"locator_":{"using":"css selector","value":".zoe-help-elevate .zoe-help-text"}},"elementArrayFinder_":{"locator_":{"$ref":"$[\"helpElevate\"][\"parentElementArrayFinder\"][\"locator_\"]"}}},"helpZoom":{"parentElementArrayFinder":{"locator_":{"using":"css selector","value":".zoe-help-zoom .zoe-help-text"}},"elementArrayFinder_":{"locator_":{"$ref":"$[\"helpZoom\"][\"parentElementArrayFinder\"][\"locator_\"]"}}},"helpBrand":{"parentElementArrayFinder":{"locator_":{"using":"css selector","value":".zoe-help-brand .zoe-help-text"}},"elementArrayFinder_":{"locator_":{"$ref":"$[\"helpBrand\"][\"parentElementArrayFinder\"][\"locator_\"]"}}},"extraContent":{"parentElementArrayFinder":{"locator_":{"using":"css selector","value":".zoe-display-extra-content"}},"elementArrayFinder_":{"locator_":{"$ref":"$[\"extraContent\"][\"parentElementArrayFinder\"][\"locator_\"]"}}},"level":"debug","message":"elementFinder is ","timestamp":"2014-10-08T15:49:01.124Z"}
{"level":"info","message":"Initialising jasmine tests","timestamp":"2014-10-08T15:49:01.139Z"}
{"inline":{},"popover":{},"indiscriminate":{},"progressWrapper":{"parentElementArrayFinder":{"locator_":{"using":"css selector","value":".zoe-progress-wrapper"}},"elementArrayFinder_":{"locator_":{"$ref":"$[\"progressWrapper\"][\"parentElementArrayFinder\"][\"locator_\"]"}}},"widgetOverlay":{"parentElementArrayFinder":{"locator_":{"using":"css selector","value":"#zoe-zbox-overlay"}},"elementArrayFinder_":{"locator_":{"$ref":"$[\"widgetOverlay\"][\"parentElementArrayFinder\"][\"locator_\"]"}}},"widgetTrigger":{"parentElementArrayFinder":{"locator_":{"using":"css selector","value":".zoe-engage-trigger>img"}},"elementArrayFinder_":{"locator_":{"$ref":"$[\"widgetTrigger\"][\"parentElementArrayFinder\"][\"locator_\"]"}}},"widgetColorbox":{"parentElementArrayFinder":{"locator_":{"using":"css selector","value":"#zoe-zbox-content"}},"elementArrayFinder_":{"locator_":{"$ref":"$[\"widgetColorbox\"][\"parentElementArrayFinder\"][\"locator_\"]"}}},"helpButton":{"parentElementArrayFinder":{"locator_":{"using":"css selector","value":".zoe-btn-help"}},"elementArrayFinder_":{"locator_":{"$ref":"$[\"helpButton\"][\"parentElementArrayFinder\"][\"locator_\"]"}}},"helpElement":{"parentElementArrayFinder":{"locator_":{"using":"css selector","value":".zoe-help-overlay"}},"elementArrayFinder_":{"locator_":{"$ref":"$[\"helpElement\"][\"parentElementArrayFinder\"][\"locator_\"]"}}},"zoomButton":{"parentElementArrayFinder":{"locator_":{"using":"css selector","value":".zoe-btn-zoom"}},"elementArrayFinder_":{"locator_":{"$ref":"$[\"zoomButton\"][\"parentElementArrayFinder\"][\"locator_\"]"}}},"zoomElement":{"parentElementArrayFinder":{"locator_":{"using":"css selector","value":".zoe-zoom"}},"elementArrayFinder_":{"locator_":{"$ref":"$[\"zoomElement\"][\"parentElementArrayFinder\"][\"locator_\"]"}}},"zoomImage":{"parentElementArrayFinder":{"locator_":{"using":"css selector","value":".zoe-zoom-frame"}},"elementArrayFinder_":{"locator_":{"$ref":"$[\"zoomImage\"][\"parentElementArrayFinder\"][\"locator_\"]"}}},"closeButton":{"parentElementArrayFinder":{"locator_":{"using":"css selector","value":".zoe-btn-close"}},"elementArrayFinder_":{"locator_":{"$ref":"$[\"closeButton\"][\"parentElementArrayFinder\"][\"locator_\"]"}}},"widgetImageDiv":{"parentElementArrayFinder":{"locator_":{"using":"css selector","value":".zoe-engage-image.reel"}},"elementArrayFinder_":{"locator_":{"$ref":"$[\"widgetImageDiv\"][\"parentElementArrayFinder\"][\"locator_\"]"}}},"inlineDivSelector":{"parentElementArrayFinder":{"locator_":{"using":"css selector","value":".zoe-inline.reel"}},"elementArrayFinder_":{"locator_":{"$ref":"$[\"inlineDivSelector\"][\"parentElementArrayFinder\"][\"locator_\"]"}}},"widgetWrapperSelector":{"parentElementArrayFinder":{"locator_":{"using":"css selector","value":".zoe-engage-wrapper"}},"elementArrayFinder_":{"locator_":{"$ref":"$[\"widgetWrapperSelector\"][\"parentElementArrayFinder\"][\"locator_\"]"}}},"widgetWrapperImage":{"parentElementArrayFinder":{"locator_":{"using":"css selector","value":".zoe-frame"}},"elementArrayFinder_":{"locator_":{"$ref":"$[\"widgetWrapperImage\"][\"parentElementArrayFinder\"][\"locator_\"]"}}},"pageImageSelector":{"parentElementArrayFinder":{"locator_":{"using":"css selector","value":".zoe-engage-wrapper"}},"elementArrayFinder_":{"locator_":{"$ref":"$[\"pageImageSelector\"][\"parentElementArrayFinder\"][\"locator_\"]"}}},"inlineTrigger":{"parentElementArrayFinder":{"locator_":{"using":"css selector","value":"a.zoe-engage-trigger"}},"elementArrayFinder_":{"locator_":{"$ref":"$[\"inlineTrigger\"][\"parentElementArrayFinder\"][\"locator_\"]"}}},"inlineWrapper":{"parentElementArrayFinder":{"locator_":{"using":"css selector","value":".zoe-engage-wrapper.zoe-inline"}},"elementArrayFinder_":{"locator_":{"$ref":"$[\"inlineWrapper\"][\"parentElementArrayFinder\"][\"locator_\"]"}}},"frameSelector":{"parentElementArrayFinder":{"locator_":{"using":"css selector","value":".zoe-frame"}},"elementArrayFinder_":{"locator_":{"$ref":"$[\"frameSelector\"][\"parentElementArrayFinder\"][\"locator_\"]"}}},"interactCTA":{"parentElementArrayFinder":{"locator_":{"using":"css selector","value":".zoe-interact-cta"}},"elementArrayFinder_":{"locator_":{"$ref":"$[\"interactCTA\"][\"parentElementArrayFinder\"][\"locator_\"]"}}},"triggerCTA":{"parentElementArrayFinder":{"locator_":{"using":"css selector","value":".zoe-trigger-cta"}},"elementArrayFinder_":{"locator_":{"$ref":"$[\"triggerCTA\"][\"parentElementArrayFinder\"][\"locator_\"]"}}},"helpRotate":{"parentElementArrayFinder":{"locator_":{"using":"css selector","value":".zoe-help-rotate .zoe-help-text"}},"elementArrayFinder_":{"locator_":{"$ref":"$[\"helpRotate\"][\"parentElementArrayFinder\"][\"locator_\"]"}}},"helpElevate":{"parentElementArrayFinder":{"locator_":{"using":"css selector","value":".zoe-help-elevate .zoe-help-text"}},"elementArrayFinder_":{"locator_":{"$ref":"$[\"helpElevate\"][\"parentElementArrayFinder\"][\"locator_\"]"}}},"helpZoom":{"parentElementArrayFinder":{"locator_":{"using":"css selector","value":".zoe-help-zoom .zoe-help-text"}},"elementArrayFinder_":{"locator_":{"$ref":"$[\"helpZoom\"][\"parentElementArrayFinder\"][\"locator_\"]"}}},"helpBrand":{"parentElementArrayFinder":{"locator_":{"using":"css selector","value":".zoe-help-brand .zoe-help-text"}},"elementArrayFinder_":{"locator_":{"$ref":"$[\"helpBrand\"][\"parentElementArrayFinder\"][\"locator_\"]"}}},"extraContent":{"parentElementArrayFinder":{"locator_":{"using":"css selector","value":".zoe-display-extra-content"}},"elementArrayFinder_":{"locator_":{"$ref":"$[\"extraContent\"][\"parentElementArrayFinder\"][\"locator_\"]"}}},"level":"debug","message":"elementFinder is ","timestamp":"2014-10-08T15:49:01.142Z"}
{"rotatable":true,"browserConnectionEnabled":true,"acceptSslCerts":true,"cssSelectorsEnabled":true,"javascriptEnabled":true,"locationContextEnabled":true,"takesScreenshot":true,"platform":"ANDROID","browserName":"android","webdriver.remote.sessionid":"62dd120924ce4273bd5395806454feda","hasMetadata":true,"version":"18","applicationCacheEnabled":true,"webStorageEnabled":true,"handlesAlerts":true,"level":"info","message":"","timestamp":"2014-10-08T15:49:39.961Z"}
{"level":"info","message":"undefined","timestamp":"2014-10-08T15:49:39.963Z"}
{"level":"info","message":"BROWSER IS: android","timestamp":"2014-10-08T15:49:39.963Z"}
{"level":"info","message":"Initialising file paths with browser & version","timestamp":"2014-10-08T15:49:39.963Z"}
{"level":"info","message":"Initialising file paths with browser & version","timestamp":"2014-10-08T15:49:39.963Z"}
{"level":"info","message":"Initialising file paths with browser & version","timestamp":"2014-10-08T15:49:39.963Z"}
{"level":"info","message":"Initialising file paths with browser & version","timestamp":"2014-10-08T15:49:39.963Z"}
{"level":"info","message":"Initialising file paths with browser & version","timestamp":"2014-10-08T15:49:39.963Z"}
{"level":"info","message":"Initialising file paths with browser & version","timestamp":"2014-10-08T15:49:39.963Z"}
{"level":"info","message":"Initialising file paths with browser & version","timestamp":"2014-10-08T15:49:39.963Z"}
{"level":"info","message":"Initialising file paths with browser & version","timestamp":"2014-10-08T15:49:39.963Z"}
{"level":"info","message":"Initialising file paths with browser & version","timestamp":"2014-10-08T15:49:39.963Z"}
{"level":"info","message":"Initialising file paths with browser & version","timestamp":"2014-10-08T15:49:39.963Z"}
{"level":"info","message":"Initialising file paths with browser & version","timestamp":"2014-10-08T15:49:39.964Z"}
{"level":"info","message":"Initialising file paths with browser & version","timestamp":"2014-10-08T15:49:39.964Z"}
{"level":"info","message":"Initialising file paths with browser & version","timestamp":"2014-10-08T15:49:39.964Z"}
{"level":"info","message":"Initialising file paths with browser & version","timestamp":"2014-10-08T15:49:39.964Z"}
{"level":"info","message":"Initialising file paths with browser & version","timestamp":"2014-10-08T15:49:39.964Z"}
{"level":"info","message":"Initialising file paths with browser & version","timestamp":"2014-10-08T15:49:39.964Z"}
{"level":"info","message":"Initialising file paths with browser & version","timestamp":"2014-10-08T15:49:39.964Z"}
{"level":"info","message":"Initialising file paths with browser & version","timestamp":"2014-10-08T15:49:39.964Z"}
{"level":"info","message":"Initialising file paths with browser & version","timestamp":"2014-10-08T15:49:39.964Z"}
{"level":"info","message":"Initialising file paths with browser & version","timestamp":"2014-10-08T15:49:39.965Z"}
{"level":"info","message":"Initialising file paths with browser & version","timestamp":"2014-10-08T15:49:39.965Z"}
{"level":"info","message":"Opening URL: http://jenkins.zoetrope.io:8888/v3/testInline.html","timestamp":"2014-10-08T15:49:41.398Z"}
{"level":"info","message":"Initialising file paths with browser & version","timestamp":"2014-10-08T15:49:41.398Z"}
{"level":"info","message":"Initialising file paths with browser & version","timestamp":"2014-10-08T15:49:41.398Z"}
{"level":"info","message":"Initialising file paths with browser & version","timestamp":"2014-10-08T15:49:41.398Z"}
{"level":"info","message":"Initialising file paths with browser & version","timestamp":"2014-10-08T15:49:41.398Z"}
{"level":"info","message":"Initialising file paths with browser & version","timestamp":"2014-10-08T15:49:41.399Z"}
{"level":"info","message":"Initialising file paths with browser & version","timestamp":"2014-10-08T15:49:41.399Z"}
{"level":"info","message":"Saving screenshot to images/load-inline-android-18.png","timestamp":"2014-10-08T15:49:47.549Z"}
{"level":"info","message":"Saved screenshot","timestamp":"2014-10-08T15:49:49.759Z"}
{"level":"info","message":"Clicking the help button","timestamp":"2014-10-08T15:49:49.795Z"}
{"parentElementArrayFinder":{"locator_":{"using":"css selector","value":".zoe-btn-help"}},"elementArrayFinder_":{"locator_":{"$ref":"$[\"parentElementArrayFinder\"][\"locator_\"]"}},"level":"info","message":"help button is","timestamp":"2014-10-08T15:49:49.798Z"}
{"level":"info","message":"Got help style of ","timestamp":"2014-10-08T15:49:56.470Z"}
{"level":"info","message":"Saving screenshot to images/help-inline-android-18.png","timestamp":"2014-10-08T15:49:56.515Z"}
{"level":"info","message":"Saved screenshot","timestamp":"2014-10-08T15:49:58.092Z"}
{"level":"info","message":"Clicking the help button","timestamp":"2014-10-08T15:49:58.142Z"}
{"parentElementArrayFinder":{"locator_":{"using":"css selector","value":".zoe-btn-help"}},"elementArrayFinder_":{"locator_":{"$ref":"$[\"parentElementArrayFinder\"][\"locator_\"]"}},"level":"info","message":"help button is","timestamp":"2014-10-08T15:49:58.145Z"}
{"level":"info","message":"Got help style of display: none; ","timestamp":"2014-10-08T15:50:01.461Z"}
{"level":"info","message":"Saving screenshot to images/helpClose-inline-android-18.png","timestamp":"2014-10-08T15:50:01.503Z"}
{"level":"info","message":"Saved screenshot","timestamp":"2014-10-08T15:50:03.587Z"}
{"level":"info","message":"Clicking the zoom button","timestamp":"2014-10-08T15:50:03.648Z"}
{"level":"info","message":"Saving screenshot to images/zoom-inline-android-18.png","timestamp":"2014-10-08T15:50:03.652Z"}
{"level":"info","message":"Saved screenshot","timestamp":"2014-10-08T15:50:11.104Z"}
{"level":"info","message":"Clicking the zoom button","timestamp":"2014-10-08T15:50:11.115Z"}
{"level":"info","message":"Saving screenshot to images/zoomClose-inline-android-18.png","timestamp":"2014-10-08T15:50:11.119Z"}
{"level":"info","message":"Saved screenshot","timestamp":"2014-10-08T15:50:15.622Z"}
{"level":"info","message":"Opening URL: http://jenkins.zoetrope.io:8888/v3/testPopover.html","timestamp":"2014-10-08T15:50:15.639Z"}
{"level":"info","message":"Initialising file paths with browser & version","timestamp":"2014-10-08T15:50:15.639Z"}
{"level":"info","message":"Initialising file paths with browser & version","timestamp":"2014-10-08T15:50:15.639Z"}
{"level":"info","message":"Initialising file paths with browser & version","timestamp":"2014-10-08T15:50:15.639Z"}
{"level":"info","message":"Initialising file paths with browser & version","timestamp":"2014-10-08T15:50:15.639Z"}
{"level":"info","message":"Initialising file paths with browser & version","timestamp":"2014-10-08T15:50:15.639Z"}
{"level":"info","message":"Initialising file paths with browser & version","timestamp":"2014-10-08T15:50:15.639Z"}
{"level":"info","message":"Saving screenshot to images/load-popover-android-18.png","timestamp":"2014-10-08T15:50:21.717Z"}
{"level":"info","message":"Saved screenshot","timestamp":"2014-10-08T15:50:24.061Z"}
{"level":"info","message":"Clicking on widget trigger","timestamp":"2014-10-08T15:50:24.096Z"}
{"level":"info","message":"Saving screenshot to images/openWidget-popover-android-18.png","timestamp":"2014-10-08T15:50:26.472Z"}
{"level":"info","message":"Saved screenshot","timestamp":"2014-10-08T15:50:30.597Z"}
{"level":"info","message":"Clicking the help button","timestamp":"2014-10-08T15:50:30.649Z"}
{"parentElementArrayFinder":{"locator_":{"using":"css selector","value":".zoe-btn-help"}},"elementArrayFinder_":{"locator_":{"$ref":"$[\"parentElementArrayFinder\"][\"locator_\"]"}},"level":"info","message":"help button is","timestamp":"2014-10-08T15:50:30.651Z"}
{"level":"info","message":"Got help style of ","timestamp":"2014-10-08T15:50:34.037Z"}
{"level":"info","message":"Saving screenshot to images/help-popover-android-18.png","timestamp":"2014-10-08T15:50:34.080Z"}
{"level":"info","message":"Saved screenshot","timestamp":"2014-10-08T15:50:36.010Z"}
{"level":"info","message":"Clicking the help button","timestamp":"2014-10-08T15:50:36.055Z"}
{"parentElementArrayFinder":{"locator_":{"using":"css selector","value":".zoe-btn-help"}},"elementArrayFinder_":{"locator_":{"$ref":"$[\"parentElementArrayFinder\"][\"locator_\"]"}},"level":"info","message":"help button is","timestamp":"2014-10-08T15:50:36.059Z"}
{"level":"info","message":"Got help style of display: none; ","timestamp":"2014-10-08T15:50:39.289Z"}
{"level":"info","message":"Saving screenshot to images/helpClose-popover-android-18.png","timestamp":"2014-10-08T15:50:39.332Z"}
{"level":"info","message":"Saved screenshot","timestamp":"2014-10-08T15:50:41.928Z"}
{"level":"info","message":"Clicking the zoom button","timestamp":"2014-10-08T15:50:41.972Z"}
{"level":"info","message":"Saving screenshot to images/zoom-popover-android-18.png","timestamp":"2014-10-08T15:50:41.976Z"}
{"level":"info","message":"Saved screenshot","timestamp":"2014-10-08T15:50:47.938Z"}
{"level":"info","message":"Clicking the zoom button","timestamp":"2014-10-08T15:50:47.950Z"}
{"level":"info","message":"Saving screenshot to images/zoomClose-popover-android-18.png","timestamp":"2014-10-08T15:50:47.954Z"}
{"level":"info","message":"Saved screenshot","timestamp":"2014-10-08T15:50:52.970Z"}
{"takesScreenshot":true,"version":"6.1","cssSelectorsEnabled":true,"javascriptEnabled":true,"databaseEnabled":true,"locationContextEnabled":true,"platform":"MAC","browserName":"iPhone","webdriver.remote.sessionid":"e5c2a8a892624a4aa361c12abd06fbd1","hasMetadata":true,"webStorageEnabled":true,"level":"info","message":"","timestamp":"2014-10-08T15:51:36.811Z"}
{"level":"info","message":"undefined","timestamp":"2014-10-08T15:51:36.812Z"}
{"level":"info","message":"BROWSER IS: iPhone","timestamp":"2014-10-08T15:51:36.812Z"}
{"level":"info","message":"Initialising file paths with browser & version","timestamp":"2014-10-08T15:51:36.812Z"}
{"level":"info","message":"Initialising file paths with browser & version","timestamp":"2014-10-08T15:51:36.812Z"}
{"level":"info","message":"Initialising file paths with browser & version","timestamp":"2014-10-08T15:51:36.812Z"}
{"level":"info","message":"Initialising file paths with browser & version","timestamp":"2014-10-08T15:51:36.812Z"}
{"level":"info","message":"Initialising file paths with browser & version","timestamp":"2014-10-08T15:51:36.812Z"}
{"level":"info","message":"Initialising file paths with browser & version","timestamp":"2014-10-08T15:51:36.812Z"}
{"level":"info","message":"Initialising file paths with browser & version","timestamp":"2014-10-08T15:51:36.812Z"}
{"level":"info","message":"Initialising file paths with browser & version","timestamp":"2014-10-08T15:51:36.812Z"}
{"level":"info","message":"Initialising file paths with browser & version","timestamp":"2014-10-08T15:51:36.812Z"}
{"level":"info","message":"Initialising file paths with browser & version","timestamp":"2014-10-08T15:51:36.813Z"}
{"level":"info","message":"Initialising file paths with browser & version","timestamp":"2014-10-08T15:51:36.813Z"}
{"level":"info","message":"Initialising file paths with browser & version","timestamp":"2014-10-08T15:51:36.813Z"}
{"level":"info","message":"Initialising file paths with browser & version","timestamp":"2014-10-08T15:51:36.813Z"}
{"level":"info","message":"Initialising file paths with browser & version","timestamp":"2014-10-08T15:51:36.813Z"}
{"level":"info","message":"Initialising file paths with browser & version","timestamp":"2014-10-08T15:51:36.813Z"}
{"level":"info","message":"Initialising file paths with browser & version","timestamp":"2014-10-08T15:51:36.813Z"}
{"level":"info","message":"Initialising file paths with browser & version","timestamp":"2014-10-08T15:51:36.813Z"}
{"level":"info","message":"Initialising file paths with browser & version","timestamp":"2014-10-08T15:51:36.814Z"}
{"level":"info","message":"Initialising file paths with browser & version","timestamp":"2014-10-08T15:51:36.814Z"}
{"level":"info","message":"Initialising file paths with browser & version","timestamp":"2014-10-08T15:51:36.814Z"}
{"level":"info","message":"Initialising file paths with browser & version","timestamp":"2014-10-08T15:51:36.814Z"}
{"level":"info","message":"Opening URL: http://jenkins.zoetrope.io:8888/v3/testInline.html","timestamp":"2014-10-08T15:51:38.422Z"}
{"level":"info","message":"Initialising file paths with browser & version","timestamp":"2014-10-08T15:51:38.423Z"}
{"level":"info","message":"Initialising file paths with browser & version","timestamp":"2014-10-08T15:51:38.423Z"}
{"level":"info","message":"Initialising file paths with browser & version","timestamp":"2014-10-08T15:51:38.423Z"}
{"level":"info","message":"Initialising file paths with browser & version","timestamp":"2014-10-08T15:51:38.423Z"}
{"level":"info","message":"Initialising file paths with browser & version","timestamp":"2014-10-08T15:51:38.423Z"}
{"level":"info","message":"Initialising file paths with browser & version","timestamp":"2014-10-08T15:51:38.423Z"}
{"level":"info","message":"Saving screenshot to images/load-inline-iPhone-6.1.png","timestamp":"2014-10-08T15:51:42.664Z"}
{"level":"info","message":"Saved screenshot","timestamp":"2014-10-08T15:51:44.415Z"}
{"level":"info","message":"Clicking the help button","timestamp":"2014-10-08T15:51:44.451Z"}
{"parentElementArrayFinder":{"locator_":{"using":"css selector","value":".zoe-btn-help"}},"elementArrayFinder_":{"locator_":{"$ref":"$[\"parentElementArrayFinder\"][\"locator_\"]"}},"level":"info","message":"help button is","timestamp":"2014-10-08T15:51:44.455Z"}
{"takesScreenshot":true,"version":"6.1","cssSelectorsEnabled":true,"javascriptEnabled":true,"databaseEnabled":true,"locationContextEnabled":true,"platform":"MAC","browserName":"iPhone","webdriver.remote.sessionid":"cd4656b4945e4ce38ab49694b3113d16","hasMetadata":true,"webStorageEnabled":true,"level":"info","message":"","timestamp":"2014-10-08T15:51:44.837Z"}
{"level":"info","message":"undefined","timestamp":"2014-10-08T15:51:44.838Z"}
{"level":"info","message":"BROWSER IS: iPhone","timestamp":"2014-10-08T15:51:44.838Z"}
{"level":"info","message":"Initialising file paths with browser & version","timestamp":"2014-10-08T15:51:44.838Z"}
{"level":"info","message":"Initialising file paths with browser & version","timestamp":"2014-10-08T15:51:44.838Z"}
{"level":"info","message":"Initialising file paths with browser & version","timestamp":"2014-10-08T15:51:44.838Z"}
{"level":"info","message":"Initialising file paths with browser & version","timestamp":"2014-10-08T15:51:44.838Z"}
{"level":"info","message":"Initialising file paths with browser & version","timestamp":"2014-10-08T15:51:44.838Z"}
{"level":"info","message":"Initialising file paths with browser & version","timestamp":"2014-10-08T15:51:44.838Z"}
{"level":"info","message":"Initialising file paths with browser & version","timestamp":"2014-10-08T15:51:44.838Z"}
{"level":"info","message":"Initialising file paths with browser & version","timestamp":"2014-10-08T15:51:44.839Z"}
{"level":"info","message":"Initialising file paths with browser & version","timestamp":"2014-10-08T15:51:44.839Z"}
{"level":"info","message":"Initialising file paths with browser & version","timestamp":"2014-10-08T15:51:44.839Z"}
{"level":"info","message":"Initialising file paths with browser & version","timestamp":"2014-10-08T15:51:44.839Z"}
{"level":"info","message":"Initialising file paths with browser & version","timestamp":"2014-10-08T15:51:44.839Z"}
{"level":"info","message":"Initialising file paths with browser & version","timestamp":"2014-10-08T15:51:44.839Z"}
{"level":"info","message":"Initialising file paths with browser & version","timestamp":"2014-10-08T15:51:44.839Z"}
{"level":"info","message":"Initialising file paths with browser & version","timestamp":"2014-10-08T15:51:44.839Z"}
{"level":"info","message":"Initialising file paths with browser & version","timestamp":"2014-10-08T15:51:44.839Z"}
{"level":"info","message":"Initialising file paths with browser & version","timestamp":"2014-10-08T15:51:44.839Z"}
{"level":"info","message":"Initialising file paths with browser & version","timestamp":"2014-10-08T15:51:44.839Z"}
{"level":"info","message":"Initialising file paths with browser & version","timestamp":"2014-10-08T15:51:44.839Z"}
{"level":"info","message":"Initialising file paths with browser & version","timestamp":"2014-10-08T15:51:44.839Z"}
{"level":"info","message":"Initialising file paths with browser & version","timestamp":"2014-10-08T15:51:44.839Z"}
{"level":"info","message":"Opening URL: http://jenkins.zoetrope.io:8888/v3/testInline.html","timestamp":"2014-10-08T15:51:46.476Z"}
{"level":"info","message":"Initialising file paths with browser & version","timestamp":"2014-10-08T15:51:46.477Z"}
{"level":"info","message":"Initialising file paths with browser & version","timestamp":"2014-10-08T15:51:46.477Z"}
{"level":"info","message":"Initialising file paths with browser & version","timestamp":"2014-10-08T15:51:46.477Z"}
{"level":"info","message":"Initialising file paths with browser & version","timestamp":"2014-10-08T15:51:46.477Z"}
{"level":"info","message":"Initialising file paths with browser & version","timestamp":"2014-10-08T15:51:46.477Z"}
{"level":"info","message":"Initialising file paths with browser & version","timestamp":"2014-10-08T15:51:46.477Z"}
{"level":"info","message":"Got help style of ","timestamp":"2014-10-08T15:51:48.402Z"}
{"level":"info","message":"Saving screenshot to images/help-inline-iPhone-6.1.png","timestamp":"2014-10-08T15:51:48.448Z"}
{"level":"info","message":"Saved screenshot","timestamp":"2014-10-08T15:51:50.391Z"}
{"level":"info","message":"Clicking the help button","timestamp":"2014-10-08T15:51:50.435Z"}
{"parentElementArrayFinder":{"locator_":{"using":"css selector","value":".zoe-btn-help"}},"elementArrayFinder_":{"locator_":{"$ref":"$[\"parentElementArrayFinder\"][\"locator_\"]"}},"level":"info","message":"help button is","timestamp":"2014-10-08T15:51:50.438Z"}
{"level":"info","message":"Saving screenshot to images/load-inline-iPhone-6.1.png","timestamp":"2014-10-08T15:51:51.517Z"}
{"level":"info","message":"Got help style of display: none; ","timestamp":"2014-10-08T15:51:55.294Z"}
{"level":"info","message":"Saving screenshot to images/helpClose-inline-iPhone-6.1.png","timestamp":"2014-10-08T15:51:55.336Z"}
{"level":"info","message":"Saved screenshot","timestamp":"2014-10-08T15:51:55.377Z"}
{"level":"info","message":"Clicking the help button","timestamp":"2014-10-08T15:51:55.413Z"}
{"parentElementArrayFinder":{"locator_":{"using":"css selector","value":".zoe-btn-help"}},"elementArrayFinder_":{"locator_":{"$ref":"$[\"parentElementArrayFinder\"][\"locator_\"]"}},"level":"info","message":"help button is","timestamp":"2014-10-08T15:51:55.416Z"}
{"level":"info","message":"Saved screenshot","timestamp":"2014-10-08T15:51:56.899Z"}
{"level":"info","message":"Clicking the zoom button","timestamp":"2014-10-08T15:51:56.948Z"}
{"level":"info","message":"Saving screenshot to images/zoom-inline-iPhone-6.1.png","timestamp":"2014-10-08T15:51:56.952Z"}
{"level":"info","message":"Got help style of ","timestamp":"2014-10-08T15:51:58.677Z"}
{"level":"info","message":"Saving screenshot to images/help-inline-iPhone-6.1.png","timestamp":"2014-10-08T15:51:58.723Z"}
{"level":"info","message":"Saved screenshot","timestamp":"2014-10-08T15:52:00.451Z"}
{"level":"info","message":"Clicking the help button","timestamp":"2014-10-08T15:52:00.497Z"}
{"parentElementArrayFinder":{"locator_":{"using":"css selector","value":".zoe-btn-help"}},"elementArrayFinder_":{"locator_":{"$ref":"$[\"parentElementArrayFinder\"][\"locator_\"]"}},"level":"info","message":"help button is","timestamp":"2014-10-08T15:52:00.500Z"}
{"level":"info","message":"Saved screenshot","timestamp":"2014-10-08T15:52:02.570Z"}
{"level":"info","message":"Clicking the zoom button","timestamp":"2014-10-08T15:52:02.581Z"}
{"level":"info","message":"Saving screenshot to images/zoomClose-inline-iPhone-6.1.png","timestamp":"2014-10-08T15:52:02.584Z"}
{"level":"info","message":"Got help style of display: none; ","timestamp":"2014-10-08T15:52:03.661Z"}
{"level":"info","message":"Saving screenshot to images/helpClose-inline-iPhone-6.1.png","timestamp":"2014-10-08T15:52:03.702Z"}
{"level":"info","message":"Saved screenshot","timestamp":"2014-10-08T15:52:07.322Z"}
{"level":"info","message":"Clicking the zoom button","timestamp":"2014-10-08T15:52:07.365Z"}
{"level":"info","message":"Saving screenshot to images/zoom-inline-iPhone-6.1.png","timestamp":"2014-10-08T15:52:07.369Z"}
{"level":"info","message":"Saved screenshot","timestamp":"2014-10-08T15:52:07.947Z"}
{"level":"info","message":"Opening URL: http://jenkins.zoetrope.io:8888/v3/testPopover.html","timestamp":"2014-10-08T15:52:07.959Z"}
{"level":"info","message":"Initialising file paths with browser & version","timestamp":"2014-10-08T15:52:07.960Z"}
{"level":"info","message":"Initialising file paths with browser & version","timestamp":"2014-10-08T15:52:07.960Z"}
{"level":"info","message":"Initialising file paths with browser & version","timestamp":"2014-10-08T15:52:07.960Z"}
{"level":"info","message":"Initialising file paths with browser & version","timestamp":"2014-10-08T15:52:07.960Z"}
{"level":"info","message":"Initialising file paths with browser & version","timestamp":"2014-10-08T15:52:07.960Z"}
{"level":"info","message":"Initialising file paths with browser & version","timestamp":"2014-10-08T15:52:07.960Z"}
{"level":"info","message":"Saving screenshot to images/load-popover-iPhone-6.1.png","timestamp":"2014-10-08T15:52:09.333Z"}
{"level":"info","message":"Saved screenshot","timestamp":"2014-10-08T15:52:12.122Z"}
{"level":"info","message":"Clicking on widget trigger","timestamp":"2014-10-08T15:52:12.156Z"}
{"level":"info","message":"Saved screenshot","timestamp":"2014-10-08T15:52:13.623Z"}
{"level":"info","message":"Clicking the zoom button","timestamp":"2014-10-08T15:52:13.635Z"}
{"level":"info","message":"Saving screenshot to images/zoomClose-inline-iPhone-6.1.png","timestamp":"2014-10-08T15:52:13.642Z"}
{"level":"info","message":"Saving screenshot to images/openWidget-popover-iPhone-6.1.png","timestamp":"2014-10-08T15:52:14.134Z"}
{"level":"info","message":"Saved screenshot","timestamp":"2014-10-08T15:52:16.066Z"}
{"level":"info","message":"Clicking the help button","timestamp":"2014-10-08T15:52:16.112Z"}
{"parentElementArrayFinder":{"locator_":{"using":"css selector","value":".zoe-btn-help"}},"elementArrayFinder_":{"locator_":{"$ref":"$[\"parentElementArrayFinder\"][\"locator_\"]"}},"level":"info","message":"help button is","timestamp":"2014-10-08T15:52:16.115Z"}
{"level":"info","message":"Saved screenshot","timestamp":"2014-10-08T15:52:18.267Z"}
{"level":"info","message":"Opening URL: http://jenkins.zoetrope.io:8888/v3/testPopover.html","timestamp":"2014-10-08T15:52:18.280Z"}
{"level":"info","message":"Initialising file paths with browser & version","timestamp":"2014-10-08T15:52:18.280Z"}
{"level":"info","message":"Initialising file paths with browser & version","timestamp":"2014-10-08T15:52:18.280Z"}
{"level":"info","message":"Initialising file paths with browser & version","timestamp":"2014-10-08T15:52:18.280Z"}
{"level":"info","message":"Initialising file paths with browser & version","timestamp":"2014-10-08T15:52:18.280Z"}
{"level":"info","message":"Initialising file paths with browser & version","timestamp":"2014-10-08T15:52:18.280Z"}
{"level":"info","message":"Initialising file paths with browser & version","timestamp":"2014-10-08T15:52:18.280Z"}
{"level":"info","message":"Got help style of ","timestamp":"2014-10-08T15:52:19.315Z"}
{"level":"info","message":"Saving screenshot to images/help-popover-iPhone-6.1.png","timestamp":"2014-10-08T15:52:19.359Z"}
{"level":"info","message":"Saving screenshot to images/load-popover-iPhone-6.1.png","timestamp":"2014-10-08T15:52:19.824Z"}
{"level":"info","message":"Saved screenshot","timestamp":"2014-10-08T15:52:21.217Z"}
{"level":"info","message":"Clicking the help button","timestamp":"2014-10-08T15:52:21.261Z"}
{"parentElementArrayFinder":{"locator_":{"using":"css selector","value":".zoe-btn-help"}},"elementArrayFinder_":{"locator_":{"$ref":"$[\"parentElementArrayFinder\"][\"locator_\"]"}},"level":"info","message":"help button is","timestamp":"2014-10-08T15:52:21.263Z"}
{"level":"info","message":"Saved screenshot","timestamp":"2014-10-08T15:52:22.594Z"}
{"level":"info","message":"Clicking on widget trigger","timestamp":"2014-10-08T15:52:22.625Z"}
{"level":"info","message":"Got help style of display: none; ","timestamp":"2014-10-08T15:52:24.311Z"}
{"level":"info","message":"Saving screenshot to images/helpClose-popover-iPhone-6.1.png","timestamp":"2014-10-08T15:52:24.353Z"}
{"level":"info","message":"Saving screenshot to images/openWidget-popover-iPhone-6.1.png","timestamp":"2014-10-08T15:52:24.693Z"}
{"level":"info","message":"Saved screenshot","timestamp":"2014-10-08T15:52:28.940Z"}
{"level":"info","message":"Clicking the zoom button","timestamp":"2014-10-08T15:52:28.981Z"}
{"level":"info","message":"Saving screenshot to images/zoom-popover-iPhone-6.1.png","timestamp":"2014-10-08T15:52:28.984Z"}
{"level":"info","message":"Saved screenshot","timestamp":"2014-10-08T15:52:28.995Z"}
{"level":"info","message":"Clicking the help button","timestamp":"2014-10-08T15:52:29.041Z"}
{"parentElementArrayFinder":{"locator_":{"using":"css selector","value":".zoe-btn-help"}},"elementArrayFinder_":{"locator_":{"$ref":"$[\"parentElementArrayFinder\"][\"locator_\"]"}},"level":"info","message":"help button is","timestamp":"2014-10-08T15:52:29.044Z"}
{"level":"info","message":"Got help style of ","timestamp":"2014-10-08T15:52:32.430Z"}
{"level":"info","message":"Saving screenshot to images/help-popover-iPhone-6.1.png","timestamp":"2014-10-08T15:52:32.473Z"}
{"level":"info","message":"Saved screenshot","timestamp":"2014-10-08T15:52:34.995Z"}
{"level":"info","message":"Clicking the help button","timestamp":"2014-10-08T15:52:35.043Z"}
{"parentElementArrayFinder":{"locator_":{"using":"css selector","value":".zoe-btn-help"}},"elementArrayFinder_":{"locator_":{"$ref":"$[\"parentElementArrayFinder\"][\"locator_\"]"}},"level":"info","message":"help button is","timestamp":"2014-10-08T15:52:35.046Z"}
{"level":"info","message":"Saved screenshot","timestamp":"2014-10-08T15:52:37.346Z"}
{"level":"info","message":"Clicking the zoom button","timestamp":"2014-10-08T15:52:37.357Z"}
{"level":"info","message":"Saving screenshot to images/zoomClose-popover-iPhone-6.1.png","timestamp":"2014-10-08T15:52:37.364Z"}
{"level":"info","message":"Got help style of display: none; ","timestamp":"2014-10-08T15:52:39.828Z"}
{"level":"info","message":"Saving screenshot to images/helpClose-popover-iPhone-6.1.png","timestamp":"2014-10-08T15:52:39.870Z"}
{"level":"info","message":"Saved screenshot","timestamp":"2014-10-08T15:52:42.793Z"}
{"level":"info","message":"Saved screenshot","timestamp":"2014-10-08T15:52:43.113Z"}
{"level":"info","message":"Clicking the zoom button","timestamp":"2014-10-08T15:52:43.154Z"}
{"level":"info","message":"Saving screenshot to images/zoom-popover-iPhone-6.1.png","timestamp":"2014-10-08T15:52:43.157Z"}
{"level":"info","message":"Saved screenshot","timestamp":"2014-10-08T15:52:49.633Z"}
{"level":"info","message":"Clicking the zoom button","timestamp":"2014-10-08T15:52:49.659Z"}
{"level":"info","message":"Saving screenshot to images/zoomClose-popover-iPhone-6.1.png","timestamp":"2014-10-08T15:52:49.662Z"}
{"level":"info","message":"Saved screenshot","timestamp":"2014-10-08T15:52:56.828Z"}
{"takesScreenshot":true,"version":"6.1","cssSelectorsEnabled":true,"javascriptEnabled":true,"databaseEnabled":true,"locationContextEnabled":true,"platform":"MAC","browserName":"iPad","webdriver.remote.sessionid":"7994a648752b484d9e137de64372e1e4","hasMetadata":true,"webStorageEnabled":true,"level":"info","message":"","timestamp":"2014-10-08T15:53:30.418Z"}
{"level":"info","message":"undefined","timestamp":"2014-10-08T15:53:30.419Z"}
{"level":"info","message":"BROWSER IS: iPad","timestamp":"2014-10-08T15:53:30.419Z"}
{"level":"info","message":"Initialising file paths with browser & version","timestamp":"2014-10-08T15:53:30.419Z"}
{"level":"info","message":"Initialising file paths with browser & version","timestamp":"2014-10-08T15:53:30.419Z"}
{"level":"info","message":"Initialising file paths with browser & version","timestamp":"2014-10-08T15:53:30.419Z"}
{"level":"info","message":"Initialising file paths with browser & version","timestamp":"2014-10-08T15:53:30.420Z"}
{"level":"info","message":"Initialising file paths with browser & version","timestamp":"2014-10-08T15:53:30.420Z"}
{"level":"info","message":"Initialising file paths with browser & version","timestamp":"2014-10-08T15:53:30.420Z"}
{"level":"info","message":"Initialising file paths with browser & version","timestamp":"2014-10-08T15:53:30.420Z"}
{"level":"info","message":"Initialising file paths with browser & version","timestamp":"2014-10-08T15:53:30.420Z"}
{"level":"info","message":"Initialising file paths with browser & version","timestamp":"2014-10-08T15:53:30.420Z"}
{"level":"info","message":"Initialising file paths with browser & version","timestamp":"2014-10-08T15:53:30.420Z"}
{"level":"info","message":"Initialising file paths with browser & version","timestamp":"2014-10-08T15:53:30.420Z"}
{"level":"info","message":"Initialising file paths with browser & version","timestamp":"2014-10-08T15:53:30.420Z"}
{"level":"info","message":"Initialising file paths with browser & version","timestamp":"2014-10-08T15:53:30.420Z"}
{"level":"info","message":"Initialising file paths with browser & version","timestamp":"2014-10-08T15:53:30.420Z"}
{"level":"info","message":"Initialising file paths with browser & version","timestamp":"2014-10-08T15:53:30.420Z"}
{"level":"info","message":"Initialising file paths with browser & version","timestamp":"2014-10-08T15:53:30.420Z"}
{"level":"info","message":"Initialising file paths with browser & version","timestamp":"2014-10-08T15:53:30.420Z"}
{"level":"info","message":"Initialising file paths with browser & version","timestamp":"2014-10-08T15:53:30.420Z"}
{"level":"info","message":"Initialising file paths with browser & version","timestamp":"2014-10-08T15:53:30.420Z"}
{"level":"info","message":"Initialising file paths with browser & version","timestamp":"2014-10-08T15:53:30.420Z"}
{"level":"info","message":"Initialising file paths with browser & version","timestamp":"2014-10-08T15:53:30.420Z"}
{"level":"info","message":"Opening URL: http://jenkins.zoetrope.io:8888/v3/testInline.html","timestamp":"2014-10-08T15:53:32.080Z"}
{"level":"info","message":"Initialising file paths with browser & version","timestamp":"2014-10-08T15:53:32.080Z"}
{"level":"info","message":"Initialising file paths with browser & version","timestamp":"2014-10-08T15:53:32.081Z"}
{"level":"info","message":"Initialising file paths with browser & version","timestamp":"2014-10-08T15:53:32.081Z"}
{"level":"info","message":"Initialising file paths with browser & version","timestamp":"2014-10-08T15:53:32.081Z"}
{"level":"info","message":"Initialising file paths with browser & version","timestamp":"2014-10-08T15:53:32.081Z"}
{"level":"info","message":"Initialising file paths with browser & version","timestamp":"2014-10-08T15:53:32.081Z"}
{"level":"info","message":"Saving screenshot to images/load-inline-iPad-6.1.png","timestamp":"2014-10-08T15:53:36.689Z"}
{"level":"info","message":"Saved screenshot","timestamp":"2014-10-08T15:53:41.285Z"}
{"level":"info","message":"Clicking the help button","timestamp":"2014-10-08T15:53:41.320Z"}
{"parentElementArrayFinder":{"locator_":{"using":"css selector","value":".zoe-btn-help"}},"elementArrayFinder_":{"locator_":{"$ref":"$[\"parentElementArrayFinder\"][\"locator_\"]"}},"level":"info","message":"help button is","timestamp":"2014-10-08T15:53:41.324Z"}
{"level":"info","message":"Got help style of ","timestamp":"2014-10-08T15:53:44.473Z"}
{"level":"info","message":"Saving screenshot to images/help-inline-iPad-6.1.png","timestamp":"2014-10-08T15:53:44.516Z"}
{"level":"info","message":"Saved screenshot","timestamp":"2014-10-08T15:53:46.216Z"}
{"level":"info","message":"Clicking the help button","timestamp":"2014-10-08T15:53:46.258Z"}
{"parentElementArrayFinder":{"locator_":{"using":"css selector","value":".zoe-btn-help"}},"elementArrayFinder_":{"locator_":{"$ref":"$[\"parentElementArrayFinder\"][\"locator_\"]"}},"level":"info","message":"help button is","timestamp":"2014-10-08T15:53:46.261Z"}
{"level":"info","message":"Got help style of display: none; ","timestamp":"2014-10-08T15:53:49.344Z"}
{"level":"info","message":"Saving screenshot to images/helpClose-inline-iPad-6.1.png","timestamp":"2014-10-08T15:53:49.385Z"}
{"level":"info","message":"Saved screenshot","timestamp":"2014-10-08T15:53:53.297Z"}
{"level":"info","message":"Clicking the zoom button","timestamp":"2014-10-08T15:53:53.353Z"}
{"level":"info","message":"Saving screenshot to images/zoom-inline-iPad-6.1.png","timestamp":"2014-10-08T15:53:53.358Z"}
{"level":"info","message":"Saved screenshot","timestamp":"2014-10-08T15:54:00.929Z"}
{"level":"info","message":"Clicking the zoom button","timestamp":"2014-10-08T15:54:00.941Z"}
{"level":"info","message":"Saving screenshot to images/zoomClose-inline-iPad-6.1.png","timestamp":"2014-10-08T15:54:00.947Z"}
{"level":"info","message":"Saved screenshot","timestamp":"2014-10-08T15:54:05.317Z"}
{"level":"info","message":"Opening URL: http://jenkins.zoetrope.io:8888/v3/testPopover.html","timestamp":"2014-10-08T15:54:05.329Z"}
{"level":"info","message":"Initialising file paths with browser & version","timestamp":"2014-10-08T15:54:05.330Z"}
{"level":"info","message":"Initialising file paths with browser & version","timestamp":"2014-10-08T15:54:05.330Z"}
{"level":"info","message":"Initialising file paths with browser & version","timestamp":"2014-10-08T15:54:05.330Z"}
{"level":"info","message":"Initialising file paths with browser & version","timestamp":"2014-10-08T15:54:05.330Z"}
{"level":"info","message":"Initialising file paths with browser & version","timestamp":"2014-10-08T15:54:05.330Z"}
{"level":"info","message":"Initialising file paths with browser & version","timestamp":"2014-10-08T15:54:05.330Z"}
{"level":"info","message":"Saving screenshot to images/load-popover-iPad-6.1.png","timestamp":"2014-10-08T15:54:06.625Z"}
{"level":"info","message":"Saved screenshot","timestamp":"2014-10-08T15:54:10.039Z"}
{"level":"info","message":"Clicking on widget trigger","timestamp":"2014-10-08T15:54:10.085Z"}
{"level":"info","message":"Saving screenshot to images/openWidget-popover-iPad-6.1.png","timestamp":"2014-10-08T15:54:12.438Z"}
{"level":"info","message":"Saved screenshot","timestamp":"2014-10-08T15:54:15.003Z"}
{"level":"info","message":"Clicking the help button","timestamp":"2014-10-08T15:54:15.036Z"}
{"parentElementArrayFinder":{"locator_":{"using":"css selector","value":".zoe-btn-help"}},"elementArrayFinder_":{"locator_":{"$ref":"$[\"parentElementArrayFinder\"][\"locator_\"]"}},"level":"info","message":"help button is","timestamp":"2014-10-08T15:54:15.038Z"}
{"level":"info","message":"Got help style of ","timestamp":"2014-10-08T15:54:18.396Z"}
{"level":"info","message":"Saving screenshot to images/help-popover-iPad-6.1.png","timestamp":"2014-10-08T15:54:18.440Z"}
{"level":"info","message":"Saved screenshot","timestamp":"2014-10-08T15:54:20.934Z"}
{"level":"info","message":"Clicking the help button","timestamp":"2014-10-08T15:54:20.977Z"}
{"parentElementArrayFinder":{"locator_":{"using":"css selector","value":".zoe-btn-help"}},"elementArrayFinder_":{"locator_":{"$ref":"$[\"parentElementArrayFinder\"][\"locator_\"]"}},"level":"info","message":"help button is","timestamp":"2014-10-08T15:54:20.980Z"}
{"level":"info","message":"Got help style of display: none; ","timestamp":"2014-10-08T15:54:24.164Z"}
{"level":"info","message":"Saving screenshot to images/helpClose-popover-iPad-6.1.png","timestamp":"2014-10-08T15:54:24.206Z"}
{"level":"info","message":"Saved screenshot","timestamp":"2014-10-08T15:54:26.365Z"}
{"level":"info","message":"Clicking the zoom button","timestamp":"2014-10-08T15:54:26.408Z"}
{"level":"info","message":"Saving screenshot to images/zoom-popover-iPad-6.1.png","timestamp":"2014-10-08T15:54:26.412Z"}
{"level":"info","message":"Saved screenshot","timestamp":"2014-10-08T15:54:35.154Z"}
{"level":"info","message":"Clicking the zoom button","timestamp":"2014-10-08T15:54:35.164Z"}
{"level":"info","message":"Saving screenshot to images/zoomClose-popover-iPad-6.1.png","timestamp":"2014-10-08T15:54:35.174Z"}
{"level":"info","message":"Saved screenshot","timestamp":"2014-10-08T15:54:39.862Z"}
{"level":"info","message":"Initialising jasmine tests","timestamp":"2014-10-09T09:15:25.894Z"}
{"inline":{},"popover":{},"indiscriminate":{},"progressWrapper":{"parentElementArrayFinder":{"locator_":{"using":"css selector","value":".zoe-progress-wrapper"}},"elementArrayFinder_":{"locator_":{"$ref":"$[\"progressWrapper\"][\"parentElementArrayFinder\"][\"locator_\"]"}}},"widgetOverlay":{"parentElementArrayFinder":{"locator_":{"using":"css selector","value":"#zoe-zbox-overlay"}},"elementArrayFinder_":{"locator_":{"$ref":"$[\"widgetOverlay\"][\"parentElementArrayFinder\"][\"locator_\"]"}}},"widgetTrigger":{"parentElementArrayFinder":{"locator_":{"using":"css selector","value":".zoe-engage-trigger>img"}},"elementArrayFinder_":{"locator_":{"$ref":"$[\"widgetTrigger\"][\"parentElementArrayFinder\"][\"locator_\"]"}}},"widgetColorbox":{"parentElementArrayFinder":{"locator_":{"using":"css selector","value":"#zoe-zbox-content"}},"elementArrayFinder_":{"locator_":{"$ref":"$[\"widgetColorbox\"][\"parentElementArrayFinder\"][\"locator_\"]"}}},"helpButton":{"parentElementArrayFinder":{"locator_":{"using":"css selector","value":".zoe-btn-help"}},"elementArrayFinder_":{"locator_":{"$ref":"$[\"helpButton\"][\"parentElementArrayFinder\"][\"locator_\"]"}}},"helpElement":{"parentElementArrayFinder":{"locator_":{"using":"css selector","value":".zoe-help-overlay"}},"elementArrayFinder_":{"locator_":{"$ref":"$[\"helpElement\"][\"parentElementArrayFinder\"][\"locator_\"]"}}},"zoomButton":{"parentElementArrayFinder":{"locator_":{"using":"css selector","value":".zoe-btn-zoom"}},"elementArrayFinder_":{"locator_":{"$ref":"$[\"zoomButton\"][\"parentElementArrayFinder\"][\"locator_\"]"}}},"zoomElement":{"parentElementArrayFinder":{"locator_":{"using":"css selector","value":".zoe-zoom"}},"elementArrayFinder_":{"locator_":{"$ref":"$[\"zoomElement\"][\"parentElementArrayFinder\"][\"locator_\"]"}}},"zoomImage":{"parentElementArrayFinder":{"locator_":{"using":"css selector","value":".zoe-zoom-frame"}},"elementArrayFinder_":{"locator_":{"$ref":"$[\"zoomImage\"][\"parentElementArrayFinder\"][\"locator_\"]"}}},"closeButton":{"parentElementArrayFinder":{"locator_":{"using":"css selector","value":".zoe-btn-close"}},"elementArrayFinder_":{"locator_":{"$ref":"$[\"closeButton\"][\"parentElementArrayFinder\"][\"locator_\"]"}}},"widgetImageDiv":{"parentElementArrayFinder":{"locator_":{"using":"css selector","value":".zoe-engage-image.reel"}},"elementArrayFinder_":{"locator_":{"$ref":"$[\"widgetImageDiv\"][\"parentElementArrayFinder\"][\"locator_\"]"}}},"inlineDivSelector":{"parentElementArrayFinder":{"locator_":{"using":"css selector","value":".zoe-inline.reel"}},"elementArrayFinder_":{"locator_":{"$ref":"$[\"inlineDivSelector\"][\"parentElementArrayFinder\"][\"locator_\"]"}}},"widgetWrapperSelector":{"parentElementArrayFinder":{"locator_":{"using":"css selector","value":".zoe-engage-wrapper"}},"elementArrayFinder_":{"locator_":{"$ref":"$[\"widgetWrapperSelector\"][\"parentElementArrayFinder\"][\"locator_\"]"}}},"widgetWrapperImage":{"parentElementArrayFinder":{"locator_":{"using":"css selector","value":".zoe-frame"}},"elementArrayFinder_":{"locator_":{"$ref":"$[\"widgetWrapperImage\"][\"parentElementArrayFinder\"][\"locator_\"]"}}},"pageImageSelector":{"parentElementArrayFinder":{"locator_":{"using":"css selector","value":".zoe-engage-wrapper"}},"elementArrayFinder_":{"locator_":{"$ref":"$[\"pageImageSelector\"][\"parentElementArrayFinder\"][\"locator_\"]"}}},"inlineTrigger":{"parentElementArrayFinder":{"locator_":{"using":"css selector","value":"a.zoe-engage-trigger"}},"elementArrayFinder_":{"locator_":{"$ref":"$[\"inlineTrigger\"][\"parentElementArrayFinder\"][\"locator_\"]"}}},"inlineWrapper":{"parentElementArrayFinder":{"locator_":{"using":"css selector","value":".zoe-engage-wrapper.zoe-inline"}},"elementArrayFinder_":{"locator_":{"$ref":"$[\"inlineWrapper\"][\"parentElementArrayFinder\"][\"locator_\"]"}}},"frameSelector":{"parentElementArrayFinder":{"locator_":{"using":"css selector","value":".zoe-frame"}},"elementArrayFinder_":{"locator_":{"$ref":"$[\"frameSelector\"][\"parentElementArrayFinder\"][\"locator_\"]"}}},"interactCTA":{"parentElementArrayFinder":{"locator_":{"using":"css selector","value":".zoe-interact-cta"}},"elementArrayFinder_":{"locator_":{"$ref":"$[\"interactCTA\"][\"parentElementArrayFinder\"][\"locator_\"]"}}},"triggerCTA":{"parentElementArrayFinder":{"locator_":{"using":"css selector","value":".zoe-trigger-cta"}},"elementArrayFinder_":{"locator_":{"$ref":"$[\"triggerCTA\"][\"parentElementArrayFinder\"][\"locator_\"]"}}},"helpRotate":{"parentElementArrayFinder":{"locator_":{"using":"css selector","value":".zoe-help-rotate .zoe-help-text"}},"elementArrayFinder_":{"locator_":{"$ref":"$[\"helpRotate\"][\"parentElementArrayFinder\"][\"locator_\"]"}}},"helpElevate":{"parentElementArrayFinder":{"locator_":{"using":"css selector","value":".zoe-help-elevate .zoe-help-text"}},"elementArrayFinder_":{"locator_":{"$ref":"$[\"helpElevate\"][\"parentElementArrayFinder\"][\"locator_\"]"}}},"helpZoom":{"parentElementArrayFinder":{"locator_":{"using":"css selector","value":".zoe-help-zoom .zoe-help-text"}},"elementArrayFinder_":{"locator_":{"$ref":"$[\"helpZoom\"][\"parentElementArrayFinder\"][\"locator_\"]"}}},"helpBrand":{"parentElementArrayFinder":{"locator_":{"using":"css selector","value":".zoe-help-brand .zoe-help-text"}},"elementArrayFinder_":{"locator_":{"$ref":"$[\"helpBrand\"][\"parentElementArrayFinder\"][\"locator_\"]"}}},"extraContent":{"parentElementArrayFinder":{"locator_":{"using":"css selector","value":".zoe-display-extra-content"}},"elementArrayFinder_":{"locator_":{"$ref":"$[\"extraContent\"][\"parentElementArrayFinder\"][\"locator_\"]"}}},"level":"debug","message":"elementFinder is ","timestamp":"2014-10-09T09:15:25.896Z"}
{"level":"info","message":"Initialising jasmine tests","timestamp":"2014-10-09T09:15:25.980Z"}
{"level":"info","message":"Initialising jasmine tests","timestamp":"2014-10-09T09:15:25.982Z"}
{"inline":{},"popover":{},"indiscriminate":{},"progressWrapper":{"parentElementArrayFinder":{"locator_":{"using":"css selector","value":".zoe-progress-wrapper"}},"elementArrayFinder_":{"locator_":{"$ref":"$[\"progressWrapper\"][\"parentElementArrayFinder\"][\"locator_\"]"}}},"widgetOverlay":{"parentElementArrayFinder":{"locator_":{"using":"css selector","value":"#zoe-zbox-overlay"}},"elementArrayFinder_":{"locator_":{"$ref":"$[\"widgetOverlay\"][\"parentElementArrayFinder\"][\"locator_\"]"}}},"widgetTrigger":{"parentElementArrayFinder":{"locator_":{"using":"css selector","value":".zoe-engage-trigger>img"}},"elementArrayFinder_":{"locator_":{"$ref":"$[\"widgetTrigger\"][\"parentElementArrayFinder\"][\"locator_\"]"}}},"widgetColorbox":{"parentElementArrayFinder":{"locator_":{"using":"css selector","value":"#zoe-zbox-content"}},"elementArrayFinder_":{"locator_":{"$ref":"$[\"widgetColorbox\"][\"parentElementArrayFinder\"][\"locator_\"]"}}},"helpButton":{"parentElementArrayFinder":{"locator_":{"using":"css selector","value":".zoe-btn-help"}},"elementArrayFinder_":{"locator_":{"$ref":"$[\"helpButton\"][\"parentElementArrayFinder\"][\"locator_\"]"}}},"helpElement":{"parentElementArrayFinder":{"locator_":{"using":"css selector","value":".zoe-help-overlay"}},"elementArrayFinder_":{"locator_":{"$ref":"$[\"helpElement\"][\"parentElementArrayFinder\"][\"locator_\"]"}}},"zoomButton":{"parentElementArrayFinder":{"locator_":{"using":"css selector","value":".zoe-btn-zoom"}},"elementArrayFinder_":{"locator_":{"$ref":"$[\"zoomButton\"][\"parentElementArrayFinder\"][\"locator_\"]"}}},"zoomElement":{"parentElementArrayFinder":{"locator_":{"using":"css selector","value":".zoe-zoom"}},"elementArrayFinder_":{"locator_":{"$ref":"$[\"zoomElement\"][\"parentElementArrayFinder\"][\"locator_\"]"}}},"zoomImage":{"parentElementArrayFinder":{"locator_":{"using":"css selector","value":".zoe-zoom-frame"}},"elementArrayFinder_":{"locator_":{"$ref":"$[\"zoomImage\"][\"parentElementArrayFinder\"][\"locator_\"]"}}},"closeButton":{"parentElementArrayFinder":{"locator_":{"using":"css selector","value":".zoe-btn-close"}},"elementArrayFinder_":{"locator_":{"$ref":"$[\"closeButton\"][\"parentElementArrayFinder\"][\"locator_\"]"}}},"widgetImageDiv":{"parentElementArrayFinder":{"locator_":{"using":"css selector","value":".zoe-engage-image.reel"}},"elementArrayFinder_":{"locator_":{"$ref":"$[\"widgetImageDiv\"][\"parentElementArrayFinder\"][\"locator_\"]"}}},"inlineDivSelector":{"parentElementArrayFinder":{"locator_":{"using":"css selector","value":".zoe-inline.reel"}},"elementArrayFinder_":{"locator_":{"$ref":"$[\"inlineDivSelector\"][\"parentElementArrayFinder\"][\"locator_\"]"}}},"widgetWrapperSelector":{"parentElementArrayFinder":{"locator_":{"using":"css selector","value":".zoe-engage-wrapper"}},"elementArrayFinder_":{"locator_":{"$ref":"$[\"widgetWrapperSelector\"][\"parentElementArrayFinder\"][\"locator_\"]"}}},"widgetWrapperImage":{"parentElementArrayFinder":{"locator_":{"using":"css selector","value":".zoe-frame"}},"elementArrayFinder_":{"locator_":{"$ref":"$[\"widgetWrapperImage\"][\"parentElementArrayFinder\"][\"locator_\"]"}}},"pageImageSelector":{"parentElementArrayFinder":{"locator_":{"using":"css selector","value":".zoe-engage-wrapper"}},"elementArrayFinder_":{"locator_":{"$ref":"$[\"pageImageSelector\"][\"parentElementArrayFinder\"][\"locator_\"]"}}},"inlineTrigger":{"parentElementArrayFinder":{"locator_":{"using":"css selector","value":"a.zoe-engage-trigger"}},"elementArrayFinder_":{"locator_":{"$ref":"$[\"inlineTrigger\"][\"parentElementArrayFinder\"][\"locator_\"]"}}},"inlineWrapper":{"parentElementArrayFinder":{"locator_":{"using":"css selector","value":".zoe-engage-wrapper.zoe-inline"}},"elementArrayFinder_":{"locator_":{"$ref":"$[\"inlineWrapper\"][\"parentElementArrayFinder\"][\"locator_\"]"}}},"frameSelector":{"parentElementArrayFinder":{"locator_":{"using":"css selector","value":".zoe-frame"}},"elementArrayFinder_":{"locator_":{"$ref":"$[\"frameSelector\"][\"parentElementArrayFinder\"][\"locator_\"]"}}},"interactCTA":{"parentElementArrayFinder":{"locator_":{"using":"css selector","value":".zoe-interact-cta"}},"elementArrayFinder_":{"locator_":{"$ref":"$[\"interactCTA\"][\"parentElementArrayFinder\"][\"locator_\"]"}}},"triggerCTA":{"parentElementArrayFinder":{"locator_":{"using":"css selector","value":".zoe-trigger-cta"}},"elementArrayFinder_":{"locator_":{"$ref":"$[\"triggerCTA\"][\"parentElementArrayFinder\"][\"locator_\"]"}}},"helpRotate":{"parentElementArrayFinder":{"locator_":{"using":"css selector","value":".zoe-help-rotate .zoe-help-text"}},"elementArrayFinder_":{"locator_":{"$ref":"$[\"helpRotate\"][\"parentElementArrayFinder\"][\"locator_\"]"}}},"helpElevate":{"parentElementArrayFinder":{"locator_":{"using":"css selector","value":".zoe-help-elevate .zoe-help-text"}},"elementArrayFinder_":{"locator_":{"$ref":"$[\"helpElevate\"][\"parentElementArrayFinder\"][\"locator_\"]"}}},"helpZoom":{"parentElementArrayFinder":{"locator_":{"using":"css selector","value":".zoe-help-zoom .zoe-help-text"}},"elementArrayFinder_":{"locator_":{"$ref":"$[\"helpZoom\"][\"parentElementArrayFinder\"][\"locator_\"]"}}},"helpBrand":{"parentElementArrayFinder":{"locator_":{"using":"css selector","value":".zoe-help-brand .zoe-help-text"}},"elementArrayFinder_":{"locator_":{"$ref":"$[\"helpBrand\"][\"parentElementArrayFinder\"][\"locator_\"]"}}},"extraContent":{"parentElementArrayFinder":{"locator_":{"using":"css selector","value":".zoe-display-extra-content"}},"elementArrayFinder_":{"locator_":{"$ref":"$[\"extraContent\"][\"parentElementArrayFinder\"][\"locator_\"]"}}},"level":"debug","message":"elementFinder is ","timestamp":"2014-10-09T09:15:25.983Z"}
{"level":"info","message":"Initialising jasmine tests","timestamp":"2014-10-09T09:15:25.982Z"}
{"inline":{},"popover":{},"indiscriminate":{},"progressWrapper":{"parentElementArrayFinder":{"locator_":{"using":"css selector","value":".zoe-progress-wrapper"}},"elementArrayFinder_":{"locator_":{"$ref":"$[\"progressWrapper\"][\"parentElementArrayFinder\"][\"locator_\"]"}}},"widgetOverlay":{"parentElementArrayFinder":{"locator_":{"using":"css selector","value":"#zoe-zbox-overlay"}},"elementArrayFinder_":{"locator_":{"$ref":"$[\"widgetOverlay\"][\"parentElementArrayFinder\"][\"locator_\"]"}}},"widgetTrigger":{"parentElementArrayFinder":{"locator_":{"using":"css selector","value":".zoe-engage-trigger>img"}},"elementArrayFinder_":{"locator_":{"$ref":"$[\"widgetTrigger\"][\"parentElementArrayFinder\"][\"locator_\"]"}}},"widgetColorbox":{"parentElementArrayFinder":{"locator_":{"using":"css selector","value":"#zoe-zbox-content"}},"elementArrayFinder_":{"locator_":{"$ref":"$[\"widgetColorbox\"][\"parentElementArrayFinder\"][\"locator_\"]"}}},"helpButton":{"parentElementArrayFinder":{"locator_":{"using":"css selector","value":".zoe-btn-help"}},"elementArrayFinder_":{"locator_":{"$ref":"$[\"helpButton\"][\"parentElementArrayFinder\"][\"locator_\"]"}}},"helpElement":{"parentElementArrayFinder":{"locator_":{"using":"css selector","value":".zoe-help-overlay"}},"elementArrayFinder_":{"locator_":{"$ref":"$[\"helpElement\"][\"parentElementArrayFinder\"][\"locator_\"]"}}},"zoomButton":{"parentElementArrayFinder":{"locator_":{"using":"css selector","value":".zoe-btn-zoom"}},"elementArrayFinder_":{"locator_":{"$ref":"$[\"zoomButton\"][\"parentElementArrayFinder\"][\"locator_\"]"}}},"zoomElement":{"parentElementArrayFinder":{"locator_":{"using":"css selector","value":".zoe-zoom"}},"elementArrayFinder_":{"locator_":{"$ref":"$[\"zoomElement\"][\"parentElementArrayFinder\"][\"locator_\"]"}}},"zoomImage":{"parentElementArrayFinder":{"locator_":{"using":"css selector","value":".zoe-zoom-frame"}},"elementArrayFinder_":{"locator_":{"$ref":"$[\"zoomImage\"][\"parentElementArrayFinder\"][\"locator_\"]"}}},"closeButton":{"parentElementArrayFinder":{"locator_":{"using":"css selector","value":".zoe-btn-close"}},"elementArrayFinder_":{"locator_":{"$ref":"$[\"closeButton\"][\"parentElementArrayFinder\"][\"locator_\"]"}}},"widgetImageDiv":{"parentElementArrayFinder":{"locator_":{"using":"css selector","value":".zoe-engage-image.reel"}},"elementArrayFinder_":{"locator_":{"$ref":"$[\"widgetImageDiv\"][\"parentElementArrayFinder\"][\"locator_\"]"}}},"inlineDivSelector":{"parentElementArrayFinder":{"locator_":{"using":"css selector","value":".zoe-inline.reel"}},"elementArrayFinder_":{"locator_":{"$ref":"$[\"inlineDivSelector\"][\"parentElementArrayFinder\"][\"locator_\"]"}}},"widgetWrapperSelector":{"parentElementArrayFinder":{"locator_":{"using":"css selector","value":".zoe-engage-wrapper"}},"elementArrayFinder_":{"locator_":{"$ref":"$[\"widgetWrapperSelector\"][\"parentElementArrayFinder\"][\"locator_\"]"}}},"widgetWrapperImage":{"parentElementArrayFinder":{"locator_":{"using":"css selector","value":".zoe-frame"}},"elementArrayFinder_":{"locator_":{"$ref":"$[\"widgetWrapperImage\"][\"parentElementArrayFinder\"][\"locator_\"]"}}},"pageImageSelector":{"parentElementArrayFinder":{"locator_":{"using":"css selector","value":".zoe-engage-wrapper"}},"elementArrayFinder_":{"locator_":{"$ref":"$[\"pageImageSelector\"][\"parentElementArrayFinder\"][\"locator_\"]"}}},"inlineTrigger":{"parentElementArrayFinder":{"locator_":{"using":"css selector","value":"a.zoe-engage-trigger"}},"elementArrayFinder_":{"locator_":{"$ref":"$[\"inlineTrigger\"][\"parentElementArrayFinder\"][\"locator_\"]"}}},"inlineWrapper":{"parentElementArrayFinder":{"locator_":{"using":"css selector","value":".zoe-engage-wrapper.zoe-inline"}},"elementArrayFinder_":{"locator_":{"$ref":"$[\"inlineWrapper\"][\"parentElementArrayFinder\"][\"locator_\"]"}}},"frameSelector":{"parentElementArrayFinder":{"locator_":{"using":"css selector","value":".zoe-frame"}},"elementArrayFinder_":{"locator_":{"$ref":"$[\"frameSelector\"][\"parentElementArrayFinder\"][\"locator_\"]"}}},"interactCTA":{"parentElementArrayFinder":{"locator_":{"using":"css selector","value":".zoe-interact-cta"}},"elementArrayFinder_":{"locator_":{"$ref":"$[\"interactCTA\"][\"parentElementArrayFinder\"][\"locator_\"]"}}},"triggerCTA":{"parentElementArrayFinder":{"locator_":{"using":"css selector","value":".zoe-trigger-cta"}},"elementArrayFinder_":{"locator_":{"$ref":"$[\"triggerCTA\"][\"parentElementArrayFinder\"][\"locator_\"]"}}},"helpRotate":{"parentElementArrayFinder":{"locator_":{"using":"css selector","value":".zoe-help-rotate .zoe-help-text"}},"elementArrayFinder_":{"locator_":{"$ref":"$[\"helpRotate\"][\"parentElementArrayFinder\"][\"locator_\"]"}}},"helpElevate":{"parentElementArrayFinder":{"locator_":{"using":"css selector","value":".zoe-help-elevate .zoe-help-text"}},"elementArrayFinder_":{"locator_":{"$ref":"$[\"helpElevate\"][\"parentElementArrayFinder\"][\"locator_\"]"}}},"helpZoom":{"parentElementArrayFinder":{"locator_":{"using":"css selector","value":".zoe-help-zoom .zoe-help-text"}},"elementArrayFinder_":{"locator_":{"$ref":"$[\"helpZoom\"][\"parentElementArrayFinder\"][\"locator_\"]"}}},"helpBrand":{"parentElementArrayFinder":{"locator_":{"using":"css selector","value":".zoe-help-brand .zoe-help-text"}},"elementArrayFinder_":{"locator_":{"$ref":"$[\"helpBrand\"][\"parentElementArrayFinder\"][\"locator_\"]"}}},"extraContent":{"parentElementArrayFinder":{"locator_":{"using":"css selector","value":".zoe-display-extra-content"}},"elementArrayFinder_":{"locator_":{"$ref":"$[\"extraContent\"][\"parentElementArrayFinder\"][\"locator_\"]"}}},"level":"debug","message":"elementFinder is ","timestamp":"2014-10-09T09:15:25.984Z"}
{"inline":{},"popover":{},"indiscriminate":{},"progressWrapper":{"parentElementArrayFinder":{"locator_":{"using":"css selector","value":".zoe-progress-wrapper"}},"elementArrayFinder_":{"locator_":{"$ref":"$[\"progressWrapper\"][\"parentElementArrayFinder\"][\"locator_\"]"}}},"widgetOverlay":{"parentElementArrayFinder":{"locator_":{"using":"css selector","value":"#zoe-zbox-overlay"}},"elementArrayFinder_":{"locator_":{"$ref":"$[\"widgetOverlay\"][\"parentElementArrayFinder\"][\"locator_\"]"}}},"widgetTrigger":{"parentElementArrayFinder":{"locator_":{"using":"css selector","value":".zoe-engage-trigger>img"}},"elementArrayFinder_":{"locator_":{"$ref":"$[\"widgetTrigger\"][\"parentElementArrayFinder\"][\"locator_\"]"}}},"widgetColorbox":{"parentElementArrayFinder":{"locator_":{"using":"css selector","value":"#zoe-zbox-content"}},"elementArrayFinder_":{"locator_":{"$ref":"$[\"widgetColorbox\"][\"parentElementArrayFinder\"][\"locator_\"]"}}},"helpButton":{"parentElementArrayFinder":{"locator_":{"using":"css selector","value":".zoe-btn-help"}},"elementArrayFinder_":{"locator_":{"$ref":"$[\"helpButton\"][\"parentElementArrayFinder\"][\"locator_\"]"}}},"helpElement":{"parentElementArrayFinder":{"locator_":{"using":"css selector","value":".zoe-help-overlay"}},"elementArrayFinder_":{"locator_":{"$ref":"$[\"helpElement\"][\"parentElementArrayFinder\"][\"locator_\"]"}}},"zoomButton":{"parentElementArrayFinder":{"locator_":{"using":"css selector","value":".zoe-btn-zoom"}},"elementArrayFinder_":{"locator_":{"$ref":"$[\"zoomButton\"][\"parentElementArrayFinder\"][\"locator_\"]"}}},"zoomElement":{"parentElementArrayFinder":{"locator_":{"using":"css selector","value":".zoe-zoom"}},"elementArrayFinder_":{"locator_":{"$ref":"$[\"zoomElement\"][\"parentElementArrayFinder\"][\"locator_\"]"}}},"zoomImage":{"parentElementArrayFinder":{"locator_":{"using":"css selector","value":".zoe-zoom-frame"}},"elementArrayFinder_":{"locator_":{"$ref":"$[\"zoomImage\"][\"parentElementArrayFinder\"][\"locator_\"]"}}},"closeButton":{"parentElementArrayFinder":{"locator_":{"using":"css selector","value":".zoe-btn-close"}},"elementArrayFinder_":{"locator_":{"$ref":"$[\"closeButton\"][\"parentElementArrayFinder\"][\"locator_\"]"}}},"widgetImageDiv":{"parentElementArrayFinder":{"locator_":{"using":"css selector","value":".zoe-engage-image.reel"}},"elementArrayFinder_":{"locator_":{"$ref":"$[\"widgetImageDiv\"][\"parentElementArrayFinder\"][\"locator_\"]"}}},"inlineDivSelector":{"parentElementArrayFinder":{"locator_":{"using":"css selector","value":".zoe-inline.reel"}},"elementArrayFinder_":{"locator_":{"$ref":"$[\"inlineDivSelector\"][\"parentElementArrayFinder\"][\"locator_\"]"}}},"widgetWrapperSelector":{"parentElementArrayFinder":{"locator_":{"using":"css selector","value":".zoe-engage-wrapper"}},"elementArrayFinder_":{"locator_":{"$ref":"$[\"widgetWrapperSelector\"][\"parentElementArrayFinder\"][\"locator_\"]"}}},"widgetWrapperImage":{"parentElementArrayFinder":{"locator_":{"using":"css selector","value":".zoe-frame"}},"elementArrayFinder_":{"locator_":{"$ref":"$[\"widgetWrapperImage\"][\"parentElementArrayFinder\"][\"locator_\"]"}}},"pageImageSelector":{"parentElementArrayFinder":{"locator_":{"using":"css selector","value":".zoe-engage-wrapper"}},"elementArrayFinder_":{"locator_":{"$ref":"$[\"pageImageSelector\"][\"parentElementArrayFinder\"][\"locator_\"]"}}},"inlineTrigger":{"parentElementArrayFinder":{"locator_":{"using":"css selector","value":"a.zoe-engage-trigger"}},"elementArrayFinder_":{"locator_":{"$ref":"$[\"inlineTrigger\"][\"parentElementArrayFinder\"][\"locator_\"]"}}},"inlineWrapper":{"parentElementArrayFinder":{"locator_":{"using":"css selector","value":".zoe-engage-wrapper.zoe-inline"}},"elementArrayFinder_":{"locator_":{"$ref":"$[\"inlineWrapper\"][\"parentElementArrayFinder\"][\"locator_\"]"}}},"frameSelector":{"parentElementArrayFinder":{"locator_":{"using":"css selector","value":".zoe-frame"}},"elementArrayFinder_":{"locator_":{"$ref":"$[\"frameSelector\"][\"parentElementArrayFinder\"][\"locator_\"]"}}},"interactCTA":{"parentElementArrayFinder":{"locator_":{"using":"css selector","value":".zoe-interact-cta"}},"elementArrayFinder_":{"locator_":{"$ref":"$[\"interactCTA\"][\"parentElementArrayFinder\"][\"locator_\"]"}}},"triggerCTA":{"parentElementArrayFinder":{"locator_":{"using":"css selector","value":".zoe-trigger-cta"}},"elementArrayFinder_":{"locator_":{"$ref":"$[\"triggerCTA\"][\"parentElementArrayFinder\"][\"locator_\"]"}}},"helpRotate":{"parentElementArrayFinder":{"locator_":{"using":"css selector","value":".zoe-help-rotate .zoe-help-text"}},"elementArrayFinder_":{"locator_":{"$ref":"$[\"helpRotate\"][\"parentElementArrayFinder\"][\"locator_\"]"}}},"helpElevate":{"parentElementArrayFinder":{"locator_":{"using":"css selector","value":".zoe-help-elevate .zoe-help-text"}},"elementArrayFinder_":{"locator_":{"$ref":"$[\"helpElevate\"][\"parentElementArrayFinder\"][\"locator_\"]"}}},"helpZoom":{"parentElementArrayFinder":{"locator_":{"using":"css selector","value":".zoe-help-zoom .zoe-help-text"}},"elementArrayFinder_":{"locator_":{"$ref":"$[\"helpZoom\"][\"parentElementArrayFinder\"][\"locator_\"]"}}},"helpBrand":{"parentElementArrayFinder":{"locator_":{"using":"css selector","value":".zoe-help-brand .zoe-help-text"}},"elementArrayFinder_":{"locator_":{"$ref":"$[\"helpBrand\"][\"parentElementArrayFinder\"][\"locator_\"]"}}},"extraContent":{"parentElementArrayFinder":{"locator_":{"using":"css selector","value":".zoe-display-extra-content"}},"elementArrayFinder_":{"locator_":{"$ref":"$[\"extraContent\"][\"parentElementArrayFinder\"][\"locator_\"]"}}},"level":"debug","message":"elementFinder is ","timestamp":"2014-10-09T09:15:25.985Z"}
{"takesScreenshot":true,"version":"6.1","cssSelectorsEnabled":true,"javascriptEnabled":true,"databaseEnabled":true,"locationContextEnabled":true,"platform":"MAC","browserName":"iPhone","webdriver.remote.sessionid":"66aad518455b4a99af1d645dcb81b07e","hasMetadata":true,"webStorageEnabled":true,"level":"info","message":"","timestamp":"2014-10-09T09:16:14.814Z"}
{"takesScreenshot":true,"version":"6.1","cssSelectorsEnabled":true,"javascriptEnabled":true,"databaseEnabled":true,"locationContextEnabled":true,"platform":"MAC","browserName":"iPhone","webdriver.remote.sessionid":"0bc26c56af1841988f80c1c5ebd71e08","hasMetadata":true,"webStorageEnabled":true,"level":"info","message":"","timestamp":"2014-10-09T09:16:14.818Z"}
{"level":"info","message":"undefined","timestamp":"2014-10-09T09:16:14.815Z"}
{"level":"info","message":"BROWSER IS: iPhone","timestamp":"2014-10-09T09:16:14.816Z"}
{"level":"info","message":"Initialising file paths with browser & version","timestamp":"2014-10-09T09:16:14.816Z"}
{"level":"info","message":"Initialising file paths with browser & version","timestamp":"2014-10-09T09:16:14.816Z"}
{"level":"info","message":"Initialising file paths with browser & version","timestamp":"2014-10-09T09:16:14.816Z"}
{"level":"info","message":"Initialising file paths with browser & version","timestamp":"2014-10-09T09:16:14.816Z"}
{"level":"info","message":"Initialising file paths with browser & version","timestamp":"2014-10-09T09:16:14.816Z"}
{"level":"info","message":"Initialising file paths with browser & version","timestamp":"2014-10-09T09:16:14.816Z"}
{"level":"info","message":"Initialising file paths with browser & version","timestamp":"2014-10-09T09:16:14.816Z"}
{"level":"info","message":"Initialising file paths with browser & version","timestamp":"2014-10-09T09:16:14.816Z"}
{"level":"info","message":"Initialising file paths with browser & version","timestamp":"2014-10-09T09:16:14.816Z"}
{"level":"info","message":"Initialising file paths with browser & version","timestamp":"2014-10-09T09:16:14.816Z"}
{"level":"info","message":"Initialising file paths with browser & version","timestamp":"2014-10-09T09:16:14.816Z"}
{"level":"info","message":"Initialising file paths with browser & version","timestamp":"2014-10-09T09:16:14.817Z"}
{"level":"info","message":"Initialising file paths with browser & version","timestamp":"2014-10-09T09:16:14.817Z"}
{"level":"info","message":"Initialising file paths with browser & version","timestamp":"2014-10-09T09:16:14.817Z"}
{"level":"info","message":"Initialising file paths with browser & version","timestamp":"2014-10-09T09:16:14.817Z"}
{"level":"info","message":"Initialising file paths with browser & version","timestamp":"2014-10-09T09:16:14.817Z"}
{"level":"info","message":"Initialising file paths with browser & version","timestamp":"2014-10-09T09:16:14.817Z"}
{"level":"info","message":"Initialising file paths with browser & version","timestamp":"2014-10-09T09:16:14.817Z"}
{"level":"info","message":"Initialising file paths with browser & version","timestamp":"2014-10-09T09:16:14.817Z"}
{"level":"info","message":"Initialising file paths with browser & version","timestamp":"2014-10-09T09:16:14.817Z"}
{"level":"info","message":"Initialising file paths with browser & version","timestamp":"2014-10-09T09:16:14.817Z"}
{"level":"info","message":"undefined","timestamp":"2014-10-09T09:16:14.819Z"}
{"level":"info","message":"BROWSER IS: iPhone","timestamp":"2014-10-09T09:16:14.820Z"}
{"level":"info","message":"Initialising file paths with browser & version","timestamp":"2014-10-09T09:16:14.820Z"}
{"level":"info","message":"Initialising file paths with browser & version","timestamp":"2014-10-09T09:16:14.820Z"}
{"level":"info","message":"Initialising file paths with browser & version","timestamp":"2014-10-09T09:16:14.820Z"}
{"level":"info","message":"Initialising file paths with browser & version","timestamp":"2014-10-09T09:16:14.820Z"}
{"level":"info","message":"Initialising file paths with browser & version","timestamp":"2014-10-09T09:16:14.820Z"}
{"level":"info","message":"Initialising file paths with browser & version","timestamp":"2014-10-09T09:16:14.820Z"}
{"level":"info","message":"Initialising file paths with browser & version","timestamp":"2014-10-09T09:16:14.820Z"}
{"level":"info","message":"Initialising file paths with browser & version","timestamp":"2014-10-09T09:16:14.820Z"}
{"level":"info","message":"Initialising file paths with browser & version","timestamp":"2014-10-09T09:16:14.820Z"}
{"level":"info","message":"Initialising file paths with browser & version","timestamp":"2014-10-09T09:16:14.821Z"}
{"level":"info","message":"Initialising file paths with browser & version","timestamp":"2014-10-09T09:16:14.821Z"}
{"level":"info","message":"Initialising file paths with browser & version","timestamp":"2014-10-09T09:16:14.821Z"}
{"level":"info","message":"Initialising file paths with browser & version","timestamp":"2014-10-09T09:16:14.821Z"}
{"level":"info","message":"Initialising file paths with browser & version","timestamp":"2014-10-09T09:16:14.821Z"}
{"level":"info","message":"Initialising file paths with browser & version","timestamp":"2014-10-09T09:16:14.821Z"}
{"level":"info","message":"Initialising file paths with browser & version","timestamp":"2014-10-09T09:16:14.821Z"}
{"level":"info","message":"Initialising file paths with browser & version","timestamp":"2014-10-09T09:16:14.821Z"}
{"level":"info","message":"Initialising file paths with browser & version","timestamp":"2014-10-09T09:16:14.821Z"}
{"level":"info","message":"Initialising file paths with browser & version","timestamp":"2014-10-09T09:16:14.821Z"}
{"level":"info","message":"Initialising file paths with browser & version","timestamp":"2014-10-09T09:16:14.821Z"}
{"level":"info","message":"Initialising file paths with browser & version","timestamp":"2014-10-09T09:16:14.821Z"}
{"level":"info","message":"Opening URL: http://jenkins.zoetrope.io:8888/v3/testInline.html","timestamp":"2014-10-09T09:16:15.419Z"}
{"level":"info","message":"Initialising file paths with browser & version","timestamp":"2014-10-09T09:16:15.419Z"}
{"level":"info","message":"Initialising file paths with browser & version","timestamp":"2014-10-09T09:16:15.419Z"}
{"level":"info","message":"Initialising file paths with browser & version","timestamp":"2014-10-09T09:16:15.419Z"}
{"level":"info","message":"Initialising file paths with browser & version","timestamp":"2014-10-09T09:16:15.419Z"}
{"level":"info","message":"Initialising file paths with browser & version","timestamp":"2014-10-09T09:16:15.419Z"}
{"level":"info","message":"Initialising file paths with browser & version","timestamp":"2014-10-09T09:16:15.419Z"}
{"level":"info","message":"Opening URL: http://jenkins.zoetrope.io:8888/v3/testInline.html","timestamp":"2014-10-09T09:16:15.435Z"}
{"level":"info","message":"Initialising file paths with browser & version","timestamp":"2014-10-09T09:16:15.436Z"}
{"level":"info","message":"Initialising file paths with browser & version","timestamp":"2014-10-09T09:16:15.436Z"}
{"level":"info","message":"Initialising file paths with browser & version","timestamp":"2014-10-09T09:16:15.436Z"}
{"level":"info","message":"Initialising file paths with browser & version","timestamp":"2014-10-09T09:16:15.436Z"}
{"level":"info","message":"Initialising file paths with browser & version","timestamp":"2014-10-09T09:16:15.436Z"}
{"level":"info","message":"Initialising file paths with browser & version","timestamp":"2014-10-09T09:16:15.436Z"}
{"level":"info","message":"Comparing images for stageload","timestamp":"2014-10-09T09:16:22.827Z"}
{"level":"info","message":"Saving screenshot to /tmp/screeniPhone6.10bc26c56af1841988f80c1c5ebd71e08.png.load","timestamp":"2014-10-09T09:16:22.828Z"}
{"level":"info","message":"Comparing images for stageload","timestamp":"2014-10-09T09:16:22.841Z"}
{"level":"info","message":"Saving screenshot to /tmp/screeniPhone6.166aad518455b4a99af1d645dcb81b07e.png.load","timestamp":"2014-10-09T09:16:22.842Z"}
{"level":"info","message":"Saved screenshot","timestamp":"2014-10-09T09:16:24.773Z"}
{"level":"info","message":"Comparing images from paths: /tmp/screeniPhone6.10bc26c56af1841988f80c1c5ebd71e08.png.load and images/load-inline-iPhone-6.1.png","timestamp":"2014-10-09T09:16:24.774Z"}
{"level":"info","message":"Image comparison gave: 0.0561409284","timestamp":"2014-10-09T09:16:24.802Z"}
{"level":"info","message":"iPhone6.10bc26c56af1841988f80c1c5ebd71e08 compared images for stage: loadwith eqaulity of: 0.0561409284","timestamp":"2014-10-09T09:16:24.803Z"}
{"level":"info","message":"Clicking the help button","timestamp":"2014-10-09T09:16:26.680Z"}
{"parentElementArrayFinder":{"locator_":{"using":"css selector","value":".zoe-btn-help"}},"elementArrayFinder_":{"locator_":{"$ref":"$[\"parentElementArrayFinder\"][\"locator_\"]"}},"level":"info","message":"help button is","timestamp":"2014-10-09T09:16:26.683Z"}
{"level":"info","message":"Saved screenshot","timestamp":"2014-10-09T09:16:26.739Z"}
{"level":"info","message":"Comparing images from paths: /tmp/screeniPhone6.166aad518455b4a99af1d645dcb81b07e.png.load and images/load-inline-iPhone-6.1.png","timestamp":"2014-10-09T09:16:26.740Z"}
{"level":"info","message":"Image comparison gave: 0","timestamp":"2014-10-09T09:16:26.771Z"}
{"level":"info","message":"iPhone6.166aad518455b4a99af1d645dcb81b07e compared images for stage: loadwith eqaulity of: 0","timestamp":"2014-10-09T09:16:26.771Z"}
{"level":"info","message":"Clicking the help button","timestamp":"2014-10-09T09:16:27.476Z"}
{"parentElementArrayFinder":{"locator_":{"using":"css selector","value":".zoe-btn-help"}},"elementArrayFinder_":{"locator_":{"$ref":"$[\"parentElementArrayFinder\"][\"locator_\"]"}},"level":"info","message":"help button is","timestamp":"2014-10-09T09:16:27.479Z"}
{"level":"info","message":"Clicking the help button","timestamp":"2014-10-09T09:16:58.020Z"}
{"parentElementArrayFinder":{"locator_":{"using":"css selector","value":".zoe-btn-help"}},"elementArrayFinder_":{"locator_":{"$ref":"$[\"parentElementArrayFinder\"][\"locator_\"]"}},"level":"info","message":"help button is","timestamp":"2014-10-09T09:16:58.022Z"}
{"level":"info","message":"Comparing images for stagehelpClose","timestamp":"2014-10-09T09:16:58.023Z"}
{"level":"info","message":"Saving screenshot to /tmp/screeniPhone6.10bc26c56af1841988f80c1c5ebd71e08.png.helpClose","timestamp":"2014-10-09T09:16:58.023Z"}
{"level":"info","message":"Clicking the help button","timestamp":"2014-10-09T09:16:58.805Z"}
{"parentElementArrayFinder":{"locator_":{"using":"css selector","value":".zoe-btn-help"}},"elementArrayFinder_":{"locator_":{"$ref":"$[\"parentElementArrayFinder\"][\"locator_\"]"}},"level":"info","message":"help button is","timestamp":"2014-10-09T09:16:58.809Z"}
{"level":"info","message":"Comparing images for stagehelpClose","timestamp":"2014-10-09T09:16:58.811Z"}
{"level":"info","message":"Saving screenshot to /tmp/screeniPhone6.166aad518455b4a99af1d645dcb81b07e.png.helpClose","timestamp":"2014-10-09T09:16:58.811Z"}
{"level":"info","message":"Clicking the zoom button","timestamp":"2014-10-09T09:17:29.338Z"}
{"level":"info","message":"Comparing images for stagezoom","timestamp":"2014-10-09T09:17:29.343Z"}
{"level":"info","message":"Saving screenshot to /tmp/screeniPhone6.10bc26c56af1841988f80c1c5ebd71e08.png.zoom","timestamp":"2014-10-09T09:17:29.344Z"}
{"level":"info","message":"Clicking the zoom button","timestamp":"2014-10-09T09:17:30.421Z"}
{"level":"info","message":"Comparing images for stagezoom","timestamp":"2014-10-09T09:17:30.426Z"}
{"level":"info","message":"Saving screenshot to /tmp/screeniPhone6.166aad518455b4a99af1d645dcb81b07e.png.zoom","timestamp":"2014-10-09T09:17:30.426Z"}
{"level":"info","message":"Clicking the zoom button","timestamp":"2014-10-09T09:18:00.741Z"}
{"level":"info","message":"Comparing images for stagezoomClose","timestamp":"2014-10-09T09:18:00.746Z"}
{"level":"info","message":"Saving screenshot to /tmp/screeniPhone6.10bc26c56af1841988f80c1c5ebd71e08.png.zoomClose","timestamp":"2014-10-09T09:18:00.746Z"}
{"level":"info","message":"Clicking the zoom button","timestamp":"2014-10-09T09:18:01.786Z"}
{"level":"info","message":"Comparing images for stagezoomClose","timestamp":"2014-10-09T09:18:01.789Z"}
{"level":"info","message":"Saving screenshot to /tmp/screeniPhone6.166aad518455b4a99af1d645dcb81b07e.png.zoomClose","timestamp":"2014-10-09T09:18:01.789Z"}
{"level":"info","message":"Opening URL: http://jenkins.zoetrope.io:8888/v3/testPopover.html","timestamp":"2014-10-09T09:18:32.256Z"}
{"level":"info","message":"Initialising file paths with browser & version","timestamp":"2014-10-09T09:18:32.256Z"}
{"level":"info","message":"Initialising file paths with browser & version","timestamp":"2014-10-09T09:18:32.256Z"}
{"level":"info","message":"Initialising file paths with browser & version","timestamp":"2014-10-09T09:18:32.256Z"}
{"level":"info","message":"Initialising file paths with browser & version","timestamp":"2014-10-09T09:18:32.256Z"}
{"level":"info","message":"Initialising file paths with browser & version","timestamp":"2014-10-09T09:18:32.256Z"}
{"level":"info","message":"Initialising file paths with browser & version","timestamp":"2014-10-09T09:18:32.256Z"}
{"level":"info","message":"Opening URL: http://jenkins.zoetrope.io:8888/v3/testPopover.html","timestamp":"2014-10-09T09:18:33.155Z"}
{"level":"info","message":"Initialising file paths with browser & version","timestamp":"2014-10-09T09:18:33.156Z"}
{"level":"info","message":"Initialising file paths with browser & version","timestamp":"2014-10-09T09:18:33.156Z"}
{"level":"info","message":"Initialising file paths with browser & version","timestamp":"2014-10-09T09:18:33.156Z"}
{"level":"info","message":"Initialising file paths with browser & version","timestamp":"2014-10-09T09:18:33.156Z"}
{"level":"info","message":"Initialising file paths with browser & version","timestamp":"2014-10-09T09:18:33.156Z"}
{"level":"info","message":"Initialising file paths with browser & version","timestamp":"2014-10-09T09:18:33.156Z"}
{"level":"info","message":"Clicking on widget trigger","timestamp":"2014-10-09T09:19:05.118Z"}
{"level":"info","message":"Clicking on widget trigger","timestamp":"2014-10-09T09:19:05.494Z"}
{"level":"info","message":"Clicking the help button","timestamp":"2014-10-09T09:19:38.671Z"}
{"parentElementArrayFinder":{"locator_":{"using":"css selector","value":".zoe-btn-help"}},"elementArrayFinder_":{"locator_":{"$ref":"$[\"parentElementArrayFinder\"][\"locator_\"]"}},"level":"info","message":"help button is","timestamp":"2014-10-09T09:19:38.673Z"}
{"level":"info","message":"Clicking the help button","timestamp":"2014-10-09T09:19:39.240Z"}
{"parentElementArrayFinder":{"locator_":{"using":"css selector","value":".zoe-btn-help"}},"elementArrayFinder_":{"locator_":{"$ref":"$[\"parentElementArrayFinder\"][\"locator_\"]"}},"level":"info","message":"help button is","timestamp":"2014-10-09T09:19:39.243Z"}
{"level":"info","message":"Clicking the help button","timestamp":"2014-10-09T09:20:11.087Z"}
{"level":"info","message":"Clicking the help button","timestamp":"2014-10-09T09:20:11.091Z"}
{"parentElementArrayFinder":{"locator_":{"using":"css selector","value":".zoe-btn-help"}},"elementArrayFinder_":{"locator_":{"$ref":"$[\"parentElementArrayFinder\"][\"locator_\"]"}},"level":"info","message":"help button is","timestamp":"2014-10-09T09:20:11.090Z"}
{"level":"info","message":"Comparing images for stagehelpClose","timestamp":"2014-10-09T09:20:11.092Z"}
{"level":"info","message":"Saving screenshot to /tmp/screeniPhone6.10bc26c56af1841988f80c1c5ebd71e08.png.helpClose","timestamp":"2014-10-09T09:20:11.092Z"}
{"parentElementArrayFinder":{"locator_":{"using":"css selector","value":".zoe-btn-help"}},"elementArrayFinder_":{"locator_":{"$ref":"$[\"parentElementArrayFinder\"][\"locator_\"]"}},"level":"info","message":"help button is","timestamp":"2014-10-09T09:20:11.094Z"}
{"level":"info","message":"Comparing images for stagehelpClose","timestamp":"2014-10-09T09:20:11.095Z"}
{"level":"info","message":"Saving screenshot to /tmp/screeniPhone6.166aad518455b4a99af1d645dcb81b07e.png.helpClose","timestamp":"2014-10-09T09:20:11.095Z"}
{"level":"info","message":"Clicking the zoom button","timestamp":"2014-10-09T09:20:43.080Z"}
{"level":"info","message":"Comparing images for stagezoom","timestamp":"2014-10-09T09:20:43.087Z"}
{"level":"info","message":"Saving screenshot to /tmp/screeniPhone6.166aad518455b4a99af1d645dcb81b07e.png.zoom","timestamp":"2014-10-09T09:20:43.087Z"}
{"level":"info","message":"Clicking the zoom button","timestamp":"2014-10-09T09:20:43.100Z"}
{"level":"info","message":"Comparing images for stagezoom","timestamp":"2014-10-09T09:20:43.107Z"}
{"level":"info","message":"Saving screenshot to /tmp/screeniPhone6.10bc26c56af1841988f80c1c5ebd71e08.png.zoom","timestamp":"2014-10-09T09:20:43.107Z"}
{"level":"info","message":"Clicking the zoom button","timestamp":"2014-10-09T09:21:14.413Z"}
{"level":"info","message":"Comparing images for stagezoomClose","timestamp":"2014-10-09T09:21:14.417Z"}
{"level":"info","message":"Saving screenshot to /tmp/screeniPhone6.166aad518455b4a99af1d645dcb81b07e.png.zoomClose","timestamp":"2014-10-09T09:21:14.417Z"}
{"level":"info","message":"Clicking the zoom button","timestamp":"2014-10-09T09:21:14.478Z"}
{"level":"info","message":"Comparing images for stagezoomClose","timestamp":"2014-10-09T09:21:14.482Z"}
{"level":"info","message":"Saving screenshot to /tmp/screeniPhone6.10bc26c56af1841988f80c1c5ebd71e08.png.zoomClose","timestamp":"2014-10-09T09:21:14.482Z"}
{"rotatable":true,"browserConnectionEnabled":true,"acceptSslCerts":true,"cssSelectorsEnabled":true,"javascriptEnabled":true,"locationContextEnabled":true,"takesScreenshot":true,"platform":"ANDROID","browserName":"android","webdriver.remote.sessionid":"38274104368d40739d97651e4466142c","hasMetadata":true,"version":"18","applicationCacheEnabled":true,"webStorageEnabled":true,"handlesAlerts":true,"level":"info","message":"","timestamp":"2014-10-09T09:22:07.755Z"}
{"level":"info","message":"undefined","timestamp":"2014-10-09T09:22:07.755Z"}
{"level":"info","message":"BROWSER IS: android","timestamp":"2014-10-09T09:22:07.755Z"}
{"level":"info","message":"Initialising file paths with browser & version","timestamp":"2014-10-09T09:22:07.756Z"}
{"level":"info","message":"Initialising file paths with browser & version","timestamp":"2014-10-09T09:22:07.756Z"}
{"level":"info","message":"Initialising file paths with browser & version","timestamp":"2014-10-09T09:22:07.756Z"}
{"level":"info","message":"Initialising file paths with browser & version","timestamp":"2014-10-09T09:22:07.756Z"}
{"level":"info","message":"Initialising file paths with browser & version","timestamp":"2014-10-09T09:22:07.756Z"}
{"level":"info","message":"Initialising file paths with browser & version","timestamp":"2014-10-09T09:22:07.756Z"}
{"level":"info","message":"Initialising file paths with browser & version","timestamp":"2014-10-09T09:22:07.756Z"}
{"level":"info","message":"Initialising file paths with browser & version","timestamp":"2014-10-09T09:22:07.756Z"}
{"level":"info","message":"Initialising file paths with browser & version","timestamp":"2014-10-09T09:22:07.756Z"}
{"level":"info","message":"Initialising file paths with browser & version","timestamp":"2014-10-09T09:22:07.756Z"}
{"level":"info","message":"Initialising file paths with browser & version","timestamp":"2014-10-09T09:22:07.756Z"}
{"level":"info","message":"Initialising file paths with browser & version","timestamp":"2014-10-09T09:22:07.756Z"}
{"level":"info","message":"Initialising file paths with browser & version","timestamp":"2014-10-09T09:22:07.756Z"}
{"level":"info","message":"Initialising file paths with browser & version","timestamp":"2014-10-09T09:22:07.756Z"}
{"level":"info","message":"Initialising file paths with browser & version","timestamp":"2014-10-09T09:22:07.756Z"}
{"level":"info","message":"Initialising file paths with browser & version","timestamp":"2014-10-09T09:22:07.756Z"}
{"level":"info","message":"Initialising file paths with browser & version","timestamp":"2014-10-09T09:22:07.756Z"}
{"level":"info","message":"Initialising file paths with browser & version","timestamp":"2014-10-09T09:22:07.756Z"}
{"level":"info","message":"Initialising file paths with browser & version","timestamp":"2014-10-09T09:22:07.756Z"}
{"level":"info","message":"Initialising file paths with browser & version","timestamp":"2014-10-09T09:22:07.756Z"}
{"level":"info","message":"Initialising file paths with browser & version","timestamp":"2014-10-09T09:22:07.756Z"}
{"level":"info","message":"Opening URL: http://jenkins.zoetrope.io:8888/v3/testInline.html","timestamp":"2014-10-09T09:22:08.167Z"}
{"level":"info","message":"Initialising file paths with browser & version","timestamp":"2014-10-09T09:22:08.167Z"}
{"level":"info","message":"Initialising file paths with browser & version","timestamp":"2014-10-09T09:22:08.167Z"}
{"level":"info","message":"Initialising file paths with browser & version","timestamp":"2014-10-09T09:22:08.167Z"}
{"level":"info","message":"Initialising file paths with browser & version","timestamp":"2014-10-09T09:22:08.167Z"}
{"level":"info","message":"Initialising file paths with browser & version","timestamp":"2014-10-09T09:22:08.167Z"}
{"level":"info","message":"Initialising file paths with browser & version","timestamp":"2014-10-09T09:22:08.167Z"}
{"level":"info","message":"Comparing images for stageload","timestamp":"2014-10-09T09:22:14.326Z"}
{"level":"info","message":"Saving screenshot to /tmp/screenandroid1838274104368d40739d97651e4466142c.png.load","timestamp":"2014-10-09T09:22:14.327Z"}
{"level":"info","message":"Saved screenshot","timestamp":"2014-10-09T09:22:16.216Z"}
{"level":"info","message":"Comparing images from paths: /tmp/screenandroid1838274104368d40739d97651e4466142c.png.load and images/load-inline-android-18.png","timestamp":"2014-10-09T09:22:16.217Z"}
{"level":"info","message":"Image comparison gave: 0","timestamp":"2014-10-09T09:22:16.245Z"}
{"level":"info","message":"android1838274104368d40739d97651e4466142c compared images for stage: loadwith eqaulity of: 0","timestamp":"2014-10-09T09:22:16.246Z"}
{"level":"info","message":"Clicking the help button","timestamp":"2014-10-09T09:22:16.698Z"}
{"parentElementArrayFinder":{"locator_":{"using":"css selector","value":".zoe-btn-help"}},"elementArrayFinder_":{"locator_":{"$ref":"$[\"parentElementArrayFinder\"][\"locator_\"]"}},"level":"info","message":"help button is","timestamp":"2014-10-09T09:22:16.704Z"}
{"level":"info","message":"Got help style of ","timestamp":"2014-10-09T09:22:21.348Z"}
{"level":"info","message":"Comparing images for stagehelp","timestamp":"2014-10-09T09:22:21.390Z"}
{"level":"info","message":"Saving screenshot to /tmp/screenandroid1838274104368d40739d97651e4466142c.png.help","timestamp":"2014-10-09T09:22:21.391Z"}
{"level":"info","message":"Saved screenshot","timestamp":"2014-10-09T09:22:23.019Z"}
{"level":"info","message":"Comparing images from paths: /tmp/screenandroid1838274104368d40739d97651e4466142c.png.help and images/help-inline-android-18.png","timestamp":"2014-10-09T09:22:23.020Z"}
{"level":"info","message":"Image comparison gave: 0","timestamp":"2014-10-09T09:22:23.041Z"}
{"level":"info","message":"android1838274104368d40739d97651e4466142c compared images for stage: helpwith eqaulity of: 0","timestamp":"2014-10-09T09:22:23.041Z"}
{"level":"info","message":"Clicking the help button","timestamp":"2014-10-09T09:22:23.518Z"}
{"parentElementArrayFinder":{"locator_":{"using":"css selector","value":".zoe-btn-help"}},"elementArrayFinder_":{"locator_":{"$ref":"$[\"parentElementArrayFinder\"][\"locator_\"]"}},"level":"info","message":"help button is","timestamp":"2014-10-09T09:22:23.521Z"}
{"level":"info","message":"Comparing images for stagehelpClose","timestamp":"2014-10-09T09:22:23.522Z"}
{"level":"info","message":"Saving screenshot to /tmp/screenandroid1838274104368d40739d97651e4466142c.png.helpClose","timestamp":"2014-10-09T09:22:23.522Z"}
{"level":"info","message":"Got help style of display: none; ","timestamp":"2014-10-09T09:22:26.786Z"}
{"level":"info","message":"Saved screenshot","timestamp":"2014-10-09T09:22:28.769Z"}
{"level":"info","message":"Comparing images from paths: /tmp/screenandroid1838274104368d40739d97651e4466142c.png.helpClose and images/helpClose-inline-android-18.png","timestamp":"2014-10-09T09:22:28.769Z"}
{"level":"info","message":"Image comparison gave: 0","timestamp":"2014-10-09T09:22:28.788Z"}
{"level":"info","message":"android1838274104368d40739d97651e4466142c compared images for stage: helpClosewith eqaulity of: 0","timestamp":"2014-10-09T09:22:28.789Z"}
{"level":"info","message":"Clicking the zoom button","timestamp":"2014-10-09T09:22:29.200Z"}
{"level":"info","message":"Comparing images for stagezoom","timestamp":"2014-10-09T09:22:29.203Z"}
{"level":"info","message":"Saving screenshot to /tmp/screenandroid1838274104368d40739d97651e4466142c.png.zoom","timestamp":"2014-10-09T09:22:29.203Z"}
{"takesScreenshot":true,"version":"6.1","cssSelectorsEnabled":true,"javascriptEnabled":true,"databaseEnabled":true,"locationContextEnabled":true,"platform":"MAC","browserName":"iPad","webdriver.remote.sessionid":"e5d221f53abc4729b9e5396333f81d11","hasMetadata":true,"webStorageEnabled":true,"level":"info","message":"","timestamp":"2014-10-09T09:22:29.450Z"}
{"level":"info","message":"undefined","timestamp":"2014-10-09T09:22:29.451Z"}
{"level":"info","message":"BROWSER IS: iPad","timestamp":"2014-10-09T09:22:29.451Z"}
{"level":"info","message":"Initialising file paths with browser & version","timestamp":"2014-10-09T09:22:29.451Z"}
{"level":"info","message":"Initialising file paths with browser & version","timestamp":"2014-10-09T09:22:29.451Z"}
{"level":"info","message":"Initialising file paths with browser & version","timestamp":"2014-10-09T09:22:29.451Z"}
{"level":"info","message":"Initialising file paths with browser & version","timestamp":"2014-10-09T09:22:29.451Z"}
{"level":"info","message":"Initialising file paths with browser & version","timestamp":"2014-10-09T09:22:29.451Z"}
{"level":"info","message":"Initialising file paths with browser & version","timestamp":"2014-10-09T09:22:29.451Z"}
{"level":"info","message":"Initialising file paths with browser & version","timestamp":"2014-10-09T09:22:29.451Z"}
{"level":"info","message":"Initialising file paths with browser & version","timestamp":"2014-10-09T09:22:29.451Z"}
{"level":"info","message":"Initialising file paths with browser & version","timestamp":"2014-10-09T09:22:29.451Z"}
{"level":"info","message":"Initialising file paths with browser & version","timestamp":"2014-10-09T09:22:29.451Z"}
{"level":"info","message":"Initialising file paths with browser & version","timestamp":"2014-10-09T09:22:29.451Z"}
{"level":"info","message":"Initialising file paths with browser & version","timestamp":"2014-10-09T09:22:29.451Z"}
{"level":"info","message":"Initialising file paths with browser & version","timestamp":"2014-10-09T09:22:29.451Z"}
{"level":"info","message":"Initialising file paths with browser & version","timestamp":"2014-10-09T09:22:29.452Z"}
{"level":"info","message":"Initialising file paths with browser & version","timestamp":"2014-10-09T09:22:29.452Z"}
{"level":"info","message":"Initialising file paths with browser & version","timestamp":"2014-10-09T09:22:29.452Z"}
{"level":"info","message":"Initialising file paths with browser & version","timestamp":"2014-10-09T09:22:29.452Z"}
{"level":"info","message":"Initialising file paths with browser & version","timestamp":"2014-10-09T09:22:29.452Z"}
{"level":"info","message":"Initialising file paths with browser & version","timestamp":"2014-10-09T09:22:29.452Z"}
{"level":"info","message":"Initialising file paths with browser & version","timestamp":"2014-10-09T09:22:29.452Z"}
{"level":"info","message":"Initialising file paths with browser & version","timestamp":"2014-10-09T09:22:29.452Z"}
{"level":"info","message":"Opening URL: http://jenkins.zoetrope.io:8888/v3/testInline.html","timestamp":"2014-10-09T09:22:30.053Z"}
{"level":"info","message":"Initialising file paths with browser & version","timestamp":"2014-10-09T09:22:30.053Z"}
{"level":"info","message":"Initialising file paths with browser & version","timestamp":"2014-10-09T09:22:30.053Z"}
{"level":"info","message":"Initialising file paths with browser & version","timestamp":"2014-10-09T09:22:30.053Z"}
{"level":"info","message":"Initialising file paths with browser & version","timestamp":"2014-10-09T09:22:30.053Z"}
{"level":"info","message":"Initialising file paths with browser & version","timestamp":"2014-10-09T09:22:30.053Z"}
{"level":"info","message":"Initialising file paths with browser & version","timestamp":"2014-10-09T09:22:30.053Z"}
{"level":"info","message":"Comparing images for stageload","timestamp":"2014-10-09T09:22:34.956Z"}
{"level":"info","message":"Saving screenshot to /tmp/screeniPad6.1e5d221f53abc4729b9e5396333f81d11.png.load","timestamp":"2014-10-09T09:22:34.957Z"}
{"level":"info","message":"Saved screenshot","timestamp":"2014-10-09T09:22:35.399Z"}
{"level":"info","message":"Comparing images from paths: /tmp/screenandroid1838274104368d40739d97651e4466142c.png.zoom and images/zoom-inline-android-18.png","timestamp":"2014-10-09T09:22:35.399Z"}
{"level":"info","message":"Image comparison gave: 0","timestamp":"2014-10-09T09:22:35.431Z"}
{"level":"info","message":"android1838274104368d40739d97651e4466142c compared images for stage: zoomwith eqaulity of: 0","timestamp":"2014-10-09T09:22:35.432Z"}
{"level":"info","message":"Clicking the zoom button","timestamp":"2014-10-09T09:22:35.848Z"}
{"level":"info","message":"Comparing images for stagezoomClose","timestamp":"2014-10-09T09:22:35.851Z"}
{"level":"info","message":"Saving screenshot to /tmp/screenandroid1838274104368d40739d97651e4466142c.png.zoomClose","timestamp":"2014-10-09T09:22:35.852Z"}
{"level":"info","message":"Saved screenshot","timestamp":"2014-10-09T09:22:37.114Z"}
{"level":"info","message":"Comparing images from paths: /tmp/screeniPad6.1e5d221f53abc4729b9e5396333f81d11.png.load and images/load-inline-iPad-6.1.png","timestamp":"2014-10-09T09:22:37.115Z"}
{"level":"info","message":"Image comparison gave: 0","timestamp":"2014-10-09T09:22:37.157Z"}
{"level":"info","message":"iPad6.1e5d221f53abc4729b9e5396333f81d11 compared images for stage: loadwith eqaulity of: 0","timestamp":"2014-10-09T09:22:37.158Z"}
{"level":"info","message":"Clicking the help button","timestamp":"2014-10-09T09:22:37.801Z"}
{"parentElementArrayFinder":{"locator_":{"using":"css selector","value":".zoe-btn-help"}},"elementArrayFinder_":{"locator_":{"$ref":"$[\"parentElementArrayFinder\"][\"locator_\"]"}},"level":"info","message":"help button is","timestamp":"2014-10-09T09:22:37.804Z"}
{"level":"info","message":"Saved screenshot","timestamp":"2014-10-09T09:22:40.406Z"}
{"level":"info","message":"Comparing images from paths: /tmp/screenandroid1838274104368d40739d97651e4466142c.png.zoomClose and images/zoomClose-inline-android-18.png","timestamp":"2014-10-09T09:22:40.407Z"}
{"level":"info","message":"Image comparison gave: 0","timestamp":"2014-10-09T09:22:40.435Z"}
{"level":"info","message":"android1838274104368d40739d97651e4466142c compared images for stage: zoomClosewith eqaulity of: 0","timestamp":"2014-10-09T09:22:40.436Z"}
{"level":"info","message":"Opening URL: http://jenkins.zoetrope.io:8888/v3/testPopover.html","timestamp":"2014-10-09T09:22:40.861Z"}
{"level":"info","message":"Initialising file paths with browser & version","timestamp":"2014-10-09T09:22:40.861Z"}
{"level":"info","message":"Initialising file paths with browser & version","timestamp":"2014-10-09T09:22:40.861Z"}
{"level":"info","message":"Initialising file paths with browser & version","timestamp":"2014-10-09T09:22:40.861Z"}
{"level":"info","message":"Initialising file paths with browser & version","timestamp":"2014-10-09T09:22:40.861Z"}
{"level":"info","message":"Initialising file paths with browser & version","timestamp":"2014-10-09T09:22:40.861Z"}
{"level":"info","message":"Initialising file paths with browser & version","timestamp":"2014-10-09T09:22:40.861Z"}
{"level":"info","message":"Comparing images for stageload","timestamp":"2014-10-09T09:22:46.542Z"}
{"level":"info","message":"Saving screenshot to /tmp/screenandroid1838274104368d40739d97651e4466142c.png.load","timestamp":"2014-10-09T09:22:46.544Z"}
{"level":"info","message":"Saved screenshot","timestamp":"2014-10-09T09:22:48.865Z"}
{"level":"info","message":"Comparing images from paths: /tmp/screenandroid1838274104368d40739d97651e4466142c.png.load and images/load-popover-android-18.png","timestamp":"2014-10-09T09:22:48.866Z"}
{"level":"info","message":"Image comparison gave: 0","timestamp":"2014-10-09T09:22:48.898Z"}
{"level":"info","message":"android1838274104368d40739d97651e4466142c compared images for stage: loadwith eqaulity of: 0","timestamp":"2014-10-09T09:22:48.898Z"}
{"level":"info","message":"Clicking on widget trigger","timestamp":"2014-10-09T09:22:49.356Z"}
{"level":"info","message":"Comparing images for stageopenWidget","timestamp":"2014-10-09T09:22:52.442Z"}
{"level":"info","message":"Saving screenshot to /tmp/screenandroid1838274104368d40739d97651e4466142c.png.openWidget","timestamp":"2014-10-09T09:22:52.442Z"}
{"level":"info","message":"Saved screenshot","timestamp":"2014-10-09T09:22:54.578Z"}
{"level":"info","message":"Comparing images from paths: /tmp/screenandroid1838274104368d40739d97651e4466142c.png.openWidget and images/openWidget-popover-android-18.png","timestamp":"2014-10-09T09:22:54.578Z"}
{"level":"info","message":"Image comparison gave: 1.787e-7","timestamp":"2014-10-09T09:22:54.606Z"}
{"level":"info","message":"android1838274104368d40739d97651e4466142c compared images for stage: openWidgetwith eqaulity of: 1.787e-7","timestamp":"2014-10-09T09:22:54.607Z"}
{"level":"info","message":"Clicking the help button","timestamp":"2014-10-09T09:22:55.032Z"}
{"parentElementArrayFinder":{"locator_":{"using":"css selector","value":".zoe-btn-help"}},"elementArrayFinder_":{"locator_":{"$ref":"$[\"parentElementArrayFinder\"][\"locator_\"]"}},"level":"info","message":"help button is","timestamp":"2014-10-09T09:22:55.035Z"}
{"level":"info","message":"Got help style of ","timestamp":"2014-10-09T09:22:58.383Z"}
{"level":"info","message":"Comparing images for stagehelp","timestamp":"2014-10-09T09:22:58.423Z"}
{"level":"info","message":"Saving screenshot to /tmp/screenandroid1838274104368d40739d97651e4466142c.png.help","timestamp":"2014-10-09T09:22:58.423Z"}
{"level":"info","message":"Saved screenshot","timestamp":"2014-10-09T09:23:01.830Z"}
{"level":"info","message":"Comparing images from paths: /tmp/screenandroid1838274104368d40739d97651e4466142c.png.help and images/help-popover-android-18.png","timestamp":"2014-10-09T09:23:01.830Z"}
{"level":"info","message":"Image comparison gave: 0","timestamp":"2014-10-09T09:23:01.859Z"}
{"level":"info","message":"android1838274104368d40739d97651e4466142c compared images for stage: helpwith eqaulity of: 0","timestamp":"2014-10-09T09:23:01.859Z"}
{"level":"info","message":"Clicking the help button","timestamp":"2014-10-09T09:23:02.310Z"}
{"parentElementArrayFinder":{"locator_":{"using":"css selector","value":".zoe-btn-help"}},"elementArrayFinder_":{"locator_":{"$ref":"$[\"parentElementArrayFinder\"][\"locator_\"]"}},"level":"info","message":"help button is","timestamp":"2014-10-09T09:23:02.313Z"}
{"level":"info","message":"Comparing images for stagehelpClose","timestamp":"2014-10-09T09:23:02.315Z"}
{"level":"info","message":"Saving screenshot to /tmp/screenandroid1838274104368d40739d97651e4466142c.png.helpClose","timestamp":"2014-10-09T09:23:02.315Z"}
{"level":"info","message":"Got help style of display: none; ","timestamp":"2014-10-09T09:23:05.686Z"}
{"level":"info","message":"Saved screenshot","timestamp":"2014-10-09T09:23:07.575Z"}
{"level":"info","message":"Comparing images from paths: /tmp/screenandroid1838274104368d40739d97651e4466142c.png.helpClose and images/helpClose-popover-android-18.png","timestamp":"2014-10-09T09:23:07.575Z"}
{"level":"info","message":"Image comparison gave: 0","timestamp":"2014-10-09T09:23:07.597Z"}
{"level":"info","message":"android1838274104368d40739d97651e4466142c compared images for stage: helpClosewith eqaulity of: 0","timestamp":"2014-10-09T09:23:07.597Z"}
{"level":"info","message":"Clicking the zoom button","timestamp":"2014-10-09T09:23:08.018Z"}
{"level":"info","message":"Comparing images for stagezoom","timestamp":"2014-10-09T09:23:08.023Z"}
{"level":"info","message":"Saving screenshot to /tmp/screenandroid1838274104368d40739d97651e4466142c.png.zoom","timestamp":"2014-10-09T09:23:08.023Z"}
{"level":"info","message":"Clicking the help button","timestamp":"2014-10-09T09:23:09.127Z"}
{"parentElementArrayFinder":{"locator_":{"using":"css selector","value":".zoe-btn-help"}},"elementArrayFinder_":{"locator_":{"$ref":"$[\"parentElementArrayFinder\"][\"locator_\"]"}},"level":"info","message":"help button is","timestamp":"2014-10-09T09:23:09.129Z"}
{"level":"info","message":"Comparing images for stagehelpClose","timestamp":"2014-10-09T09:23:09.132Z"}
{"level":"info","message":"Saving screenshot to /tmp/screeniPad6.1e5d221f53abc4729b9e5396333f81d11.png.helpClose","timestamp":"2014-10-09T09:23:09.132Z"}
{"level":"info","message":"Saved screenshot","timestamp":"2014-10-09T09:23:13.115Z"}
{"level":"info","message":"Comparing images from paths: /tmp/screenandroid1838274104368d40739d97651e4466142c.png.zoom and images/zoom-popover-android-18.png","timestamp":"2014-10-09T09:23:13.115Z"}
{"level":"error","message":"Error comparing imagesError: Command failed: gm compare: Request did not return an image.\n","timestamp":"2014-10-09T09:23:13.136Z"}
{"level":"info","message":"Image comparison gave: undefined","timestamp":"2014-10-09T09:23:13.137Z"}
{"level":"info","message":"android1838274104368d40739d97651e4466142c compared images for stage: zoomwith eqaulity of: undefined","timestamp":"2014-10-09T09:23:13.137Z"}
{"level":"info","message":"Clicking the zoom button","timestamp":"2014-10-09T09:23:13.566Z"}
{"level":"info","message":"Comparing images for stagezoomClose","timestamp":"2014-10-09T09:23:13.570Z"}
{"level":"info","message":"Saving screenshot to /tmp/screenandroid1838274104368d40739d97651e4466142c.png.zoomClose","timestamp":"2014-10-09T09:23:13.570Z"}
{"level":"info","message":"Saved screenshot","timestamp":"2014-10-09T09:23:18.798Z"}
{"level":"info","message":"Comparing images from paths: /tmp/screenandroid1838274104368d40739d97651e4466142c.png.zoomClose and images/zoomClose-popover-android-18.png","timestamp":"2014-10-09T09:23:18.798Z"}
{"level":"info","message":"Image comparison gave: 0","timestamp":"2014-10-09T09:23:18.831Z"}
{"level":"info","message":"android1838274104368d40739d97651e4466142c compared images for stage: zoomClosewith eqaulity of: 0","timestamp":"2014-10-09T09:23:18.831Z"}
{"level":"info","message":"Clicking the zoom button","timestamp":"2014-10-09T09:23:41.060Z"}
{"level":"info","message":"Comparing images for stagezoom","timestamp":"2014-10-09T09:23:41.062Z"}
{"level":"info","message":"Saving screenshot to /tmp/screeniPad6.1e5d221f53abc4729b9e5396333f81d11.png.zoom","timestamp":"2014-10-09T09:23:41.063Z"}
{"level":"info","message":"Clicking the zoom button","timestamp":"2014-10-09T09:24:12.445Z"}
{"level":"info","message":"Comparing images for stagezoomClose","timestamp":"2014-10-09T09:24:12.451Z"}
{"level":"info","message":"Saving screenshot to /tmp/screeniPad6.1e5d221f53abc4729b9e5396333f81d11.png.zoomClose","timestamp":"2014-10-09T09:24:12.452Z"}
{"level":"info","message":"Opening URL: http://jenkins.zoetrope.io:8888/v3/testPopover.html","timestamp":"2014-10-09T09:24:43.754Z"}
{"level":"info","message":"Initialising file paths with browser & version","timestamp":"2014-10-09T09:24:43.754Z"}
{"level":"info","message":"Initialising file paths with browser & version","timestamp":"2014-10-09T09:24:43.754Z"}
{"level":"info","message":"Initialising file paths with browser & version","timestamp":"2014-10-09T09:24:43.754Z"}
{"level":"info","message":"Initialising file paths with browser & version","timestamp":"2014-10-09T09:24:43.754Z"}
{"level":"info","message":"Initialising file paths with browser & version","timestamp":"2014-10-09T09:24:43.754Z"}
{"level":"info","message":"Initialising file paths with browser & version","timestamp":"2014-10-09T09:24:43.754Z"}
{"level":"info","message":"Clicking on widget trigger","timestamp":"2014-10-09T09:25:17.099Z"}
{"level":"info","message":"Clicking the help button","timestamp":"2014-10-09T09:25:48.434Z"}
{"parentElementArrayFinder":{"locator_":{"using":"css selector","value":".zoe-btn-help"}},"elementArrayFinder_":{"locator_":{"$ref":"$[\"parentElementArrayFinder\"][\"locator_\"]"}},"level":"info","message":"help button is","timestamp":"2014-10-09T09:25:48.437Z"}
{"level":"info","message":"Clicking the help button","timestamp":"2014-10-09T09:26:19.743Z"}
{"parentElementArrayFinder":{"locator_":{"using":"css selector","value":".zoe-btn-help"}},"elementArrayFinder_":{"locator_":{"$ref":"$[\"parentElementArrayFinder\"][\"locator_\"]"}},"level":"info","message":"help button is","timestamp":"2014-10-09T09:26:19.746Z"}
{"level":"info","message":"Comparing images for stagehelpClose","timestamp":"2014-10-09T09:26:19.747Z"}
{"level":"info","message":"Saving screenshot to /tmp/screeniPad6.1e5d221f53abc4729b9e5396333f81d11.png.helpClose","timestamp":"2014-10-09T09:26:19.748Z"}
{"level":"info","message":"Clicking the zoom button","timestamp":"2014-10-09T09:26:51.100Z"}
{"level":"info","message":"Comparing images for stagezoom","timestamp":"2014-10-09T09:26:51.102Z"}
{"level":"info","message":"Saving screenshot to /tmp/screeniPad6.1e5d221f53abc4729b9e5396333f81d11.png.zoom","timestamp":"2014-10-09T09:26:51.102Z"}
{"level":"info","message":"Clicking the zoom button","timestamp":"2014-10-09T09:27:22.407Z"}
{"level":"info","message":"Comparing images for stagezoomClose","timestamp":"2014-10-09T09:27:22.412Z"}
{"level":"info","message":"Saving screenshot to /tmp/screeniPad6.1e5d221f53abc4729b9e5396333f81d11.png.zoomClose","timestamp":"2014-10-09T09:27:22.412Z"}
{"level":"info","message":"Initialising jasmine tests","timestamp":"2014-10-09T09:30:08.740Z"}
{"inline":{},"popover":{},"indiscriminate":{},"progressWrapper":{"parentElementArrayFinder":{"locator_":{"using":"css selector","value":".zoe-progress-wrapper"}},"elementArrayFinder_":{"locator_":{"$ref":"$[\"progressWrapper\"][\"parentElementArrayFinder\"][\"locator_\"]"}}},"widgetOverlay":{"parentElementArrayFinder":{"locator_":{"using":"css selector","value":"#zoe-zbox-overlay"}},"elementArrayFinder_":{"locator_":{"$ref":"$[\"widgetOverlay\"][\"parentElementArrayFinder\"][\"locator_\"]"}}},"widgetTrigger":{"parentElementArrayFinder":{"locator_":{"using":"css selector","value":".zoe-engage-trigger>img"}},"elementArrayFinder_":{"locator_":{"$ref":"$[\"widgetTrigger\"][\"parentElementArrayFinder\"][\"locator_\"]"}}},"widgetColorbox":{"parentElementArrayFinder":{"locator_":{"using":"css selector","value":"#zoe-zbox-content"}},"elementArrayFinder_":{"locator_":{"$ref":"$[\"widgetColorbox\"][\"parentElementArrayFinder\"][\"locator_\"]"}}},"helpButton":{"parentElementArrayFinder":{"locator_":{"using":"css selector","value":".zoe-btn-help"}},"elementArrayFinder_":{"locator_":{"$ref":"$[\"helpButton\"][\"parentElementArrayFinder\"][\"locator_\"]"}}},"helpElement":{"parentElementArrayFinder":{"locator_":{"using":"css selector","value":".zoe-help-overlay"}},"elementArrayFinder_":{"locator_":{"$ref":"$[\"helpElement\"][\"parentElementArrayFinder\"][\"locator_\"]"}}},"zoomButton":{"parentElementArrayFinder":{"locator_":{"using":"css selector","value":".zoe-btn-zoom"}},"elementArrayFinder_":{"locator_":{"$ref":"$[\"zoomButton\"][\"parentElementArrayFinder\"][\"locator_\"]"}}},"zoomElement":{"parentElementArrayFinder":{"locator_":{"using":"css selector","value":".zoe-zoom"}},"elementArrayFinder_":{"locator_":{"$ref":"$[\"zoomElement\"][\"parentElementArrayFinder\"][\"locator_\"]"}}},"zoomImage":{"parentElementArrayFinder":{"locator_":{"using":"css selector","value":".zoe-zoom-frame"}},"elementArrayFinder_":{"locator_":{"$ref":"$[\"zoomImage\"][\"parentElementArrayFinder\"][\"locator_\"]"}}},"closeButton":{"parentElementArrayFinder":{"locator_":{"using":"css selector","value":".zoe-btn-close"}},"elementArrayFinder_":{"locator_":{"$ref":"$[\"closeButton\"][\"parentElementArrayFinder\"][\"locator_\"]"}}},"widgetImageDiv":{"parentElementArrayFinder":{"locator_":{"using":"css selector","value":".zoe-engage-image.reel"}},"elementArrayFinder_":{"locator_":{"$ref":"$[\"widgetImageDiv\"][\"parentElementArrayFinder\"][\"locator_\"]"}}},"inlineDivSelector":{"parentElementArrayFinder":{"locator_":{"using":"css selector","value":".zoe-inline.reel"}},"elementArrayFinder_":{"locator_":{"$ref":"$[\"inlineDivSelector\"][\"parentElementArrayFinder\"][\"locator_\"]"}}},"widgetWrapperSelector":{"parentElementArrayFinder":{"locator_":{"using":"css selector","value":".zoe-engage-wrapper"}},"elementArrayFinder_":{"locator_":{"$ref":"$[\"widgetWrapperSelector\"][\"parentElementArrayFinder\"][\"locator_\"]"}}},"widgetWrapperImage":{"parentElementArrayFinder":{"locator_":{"using":"css selector","value":".zoe-frame"}},"elementArrayFinder_":{"locator_":{"$ref":"$[\"widgetWrapperImage\"][\"parentElementArrayFinder\"][\"locator_\"]"}}},"pageImageSelector":{"parentElementArrayFinder":{"locator_":{"using":"css selector","value":".zoe-engage-wrapper"}},"elementArrayFinder_":{"locator_":{"$ref":"$[\"pageImageSelector\"][\"parentElementArrayFinder\"][\"locator_\"]"}}},"inlineTrigger":{"parentElementArrayFinder":{"locator_":{"using":"css selector","value":"a.zoe-engage-trigger"}},"elementArrayFinder_":{"locator_":{"$ref":"$[\"inlineTrigger\"][\"parentElementArrayFinder\"][\"locator_\"]"}}},"inlineWrapper":{"parentElementArrayFinder":{"locator_":{"using":"css selector","value":".zoe-engage-wrapper.zoe-inline"}},"elementArrayFinder_":{"locator_":{"$ref":"$[\"inlineWrapper\"][\"parentElementArrayFinder\"][\"locator_\"]"}}},"frameSelector":{"parentElementArrayFinder":{"locator_":{"using":"css selector","value":".zoe-frame"}},"elementArrayFinder_":{"locator_":{"$ref":"$[\"frameSelector\"][\"parentElementArrayFinder\"][\"locator_\"]"}}},"interactCTA":{"parentElementArrayFinder":{"locator_":{"using":"css selector","value":".zoe-interact-cta"}},"elementArrayFinder_":{"locator_":{"$ref":"$[\"interactCTA\"][\"parentElementArrayFinder\"][\"locator_\"]"}}},"triggerCTA":{"parentElementArrayFinder":{"locator_":{"using":"css selector","value":".zoe-trigger-cta"}},"elementArrayFinder_":{"locator_":{"$ref":"$[\"triggerCTA\"][\"parentElementArrayFinder\"][\"locator_\"]"}}},"helpRotate":{"parentElementArrayFinder":{"locator_":{"using":"css selector","value":".zoe-help-rotate .zoe-help-text"}},"elementArrayFinder_":{"locator_":{"$ref":"$[\"helpRotate\"][\"parentElementArrayFinder\"][\"locator_\"]"}}},"helpElevate":{"parentElementArrayFinder":{"locator_":{"using":"css selector","value":".zoe-help-elevate .zoe-help-text"}},"elementArrayFinder_":{"locator_":{"$ref":"$[\"helpElevate\"][\"parentElementArrayFinder\"][\"locator_\"]"}}},"helpZoom":{"parentElementArrayFinder":{"locator_":{"using":"css selector","value":".zoe-help-zoom .zoe-help-text"}},"elementArrayFinder_":{"locator_":{"$ref":"$[\"helpZoom\"][\"parentElementArrayFinder\"][\"locator_\"]"}}},"helpBrand":{"parentElementArrayFinder":{"locator_":{"using":"css selector","value":".zoe-help-brand .zoe-help-text"}},"elementArrayFinder_":{"locator_":{"$ref":"$[\"helpBrand\"][\"parentElementArrayFinder\"][\"locator_\"]"}}},"extraContent":{"parentElementArrayFinder":{"locator_":{"using":"css selector","value":".zoe-display-extra-content"}},"elementArrayFinder_":{"locator_":{"$ref":"$[\"extraContent\"][\"parentElementArrayFinder\"][\"locator_\"]"}}},"level":"debug","message":"elementFinder is ","timestamp":"2014-10-09T09:30:08.743Z"}
{"level":"info","message":"Initialising jasmine tests","timestamp":"2014-10-09T09:30:08.750Z"}
{"inline":{},"popover":{},"indiscriminate":{},"progressWrapper":{"parentElementArrayFinder":{"locator_":{"using":"css selector","value":".zoe-progress-wrapper"}},"elementArrayFinder_":{"locator_":{"$ref":"$[\"progressWrapper\"][\"parentElementArrayFinder\"][\"locator_\"]"}}},"widgetOverlay":{"parentElementArrayFinder":{"locator_":{"using":"css selector","value":"#zoe-zbox-overlay"}},"elementArrayFinder_":{"locator_":{"$ref":"$[\"widgetOverlay\"][\"parentElementArrayFinder\"][\"locator_\"]"}}},"widgetTrigger":{"parentElementArrayFinder":{"locator_":{"using":"css selector","value":".zoe-engage-trigger>img"}},"elementArrayFinder_":{"locator_":{"$ref":"$[\"widgetTrigger\"][\"parentElementArrayFinder\"][\"locator_\"]"}}},"widgetColorbox":{"parentElementArrayFinder":{"locator_":{"using":"css selector","value":"#zoe-zbox-content"}},"elementArrayFinder_":{"locator_":{"$ref":"$[\"widgetColorbox\"][\"parentElementArrayFinder\"][\"locator_\"]"}}},"helpButton":{"parentElementArrayFinder":{"locator_":{"using":"css selector","value":".zoe-btn-help"}},"elementArrayFinder_":{"locator_":{"$ref":"$[\"helpButton\"][\"parentElementArrayFinder\"][\"locator_\"]"}}},"helpElement":{"parentElementArrayFinder":{"locator_":{"using":"css selector","value":".zoe-help-overlay"}},"elementArrayFinder_":{"locator_":{"$ref":"$[\"helpElement\"][\"parentElementArrayFinder\"][\"locator_\"]"}}},"zoomButton":{"parentElementArrayFinder":{"locator_":{"using":"css selector","value":".zoe-btn-zoom"}},"elementArrayFinder_":{"locator_":{"$ref":"$[\"zoomButton\"][\"parentElementArrayFinder\"][\"locator_\"]"}}},"zoomElement":{"parentElementArrayFinder":{"locator_":{"using":"css selector","value":".zoe-zoom"}},"elementArrayFinder_":{"locator_":{"$ref":"$[\"zoomElement\"][\"parentElementArrayFinder\"][\"locator_\"]"}}},"zoomImage":{"parentElementArrayFinder":{"locator_":{"using":"css selector","value":".zoe-zoom-frame"}},"elementArrayFinder_":{"locator_":{"$ref":"$[\"zoomImage\"][\"parentElementArrayFinder\"][\"locator_\"]"}}},"closeButton":{"parentElementArrayFinder":{"locator_":{"using":"css selector","value":".zoe-btn-close"}},"elementArrayFinder_":{"locator_":{"$ref":"$[\"closeButton\"][\"parentElementArrayFinder\"][\"locator_\"]"}}},"widgetImageDiv":{"parentElementArrayFinder":{"locator_":{"using":"css selector","value":".zoe-engage-image.reel"}},"elementArrayFinder_":{"locator_":{"$ref":"$[\"widgetImageDiv\"][\"parentElementArrayFinder\"][\"locator_\"]"}}},"inlineDivSelector":{"parentElementArrayFinder":{"locator_":{"using":"css selector","value":".zoe-inline.reel"}},"elementArrayFinder_":{"locator_":{"$ref":"$[\"inlineDivSelector\"][\"parentElementArrayFinder\"][\"locator_\"]"}}},"widgetWrapperSelector":{"parentElementArrayFinder":{"locator_":{"using":"css selector","value":".zoe-engage-wrapper"}},"elementArrayFinder_":{"locator_":{"$ref":"$[\"widgetWrapperSelector\"][\"parentElementArrayFinder\"][\"locator_\"]"}}},"widgetWrapperImage":{"parentElementArrayFinder":{"locator_":{"using":"css selector","value":".zoe-frame"}},"elementArrayFinder_":{"locator_":{"$ref":"$[\"widgetWrapperImage\"][\"parentElementArrayFinder\"][\"locator_\"]"}}},"pageImageSelector":{"parentElementArrayFinder":{"locator_":{"using":"css selector","value":".zoe-engage-wrapper"}},"elementArrayFinder_":{"locator_":{"$ref":"$[\"pageImageSelector\"][\"parentElementArrayFinder\"][\"locator_\"]"}}},"inlineTrigger":{"parentElementArrayFinder":{"locator_":{"using":"css selector","value":"a.zoe-engage-trigger"}},"elementArrayFinder_":{"locator_":{"$ref":"$[\"inlineTrigger\"][\"parentElementArrayFinder\"][\"locator_\"]"}}},"inlineWrapper":{"parentElementArrayFinder":{"locator_":{"using":"css selector","value":".zoe-engage-wrapper.zoe-inline"}},"elementArrayFinder_":{"locator_":{"$ref":"$[\"inlineWrapper\"][\"parentElementArrayFinder\"][\"locator_\"]"}}},"frameSelector":{"parentElementArrayFinder":{"locator_":{"using":"css selector","value":".zoe-frame"}},"elementArrayFinder_":{"locator_":{"$ref":"$[\"frameSelector\"][\"parentElementArrayFinder\"][\"locator_\"]"}}},"interactCTA":{"parentElementArrayFinder":{"locator_":{"using":"css selector","value":".zoe-interact-cta"}},"elementArrayFinder_":{"locator_":{"$ref":"$[\"interactCTA\"][\"parentElementArrayFinder\"][\"locator_\"]"}}},"triggerCTA":{"parentElementArrayFinder":{"locator_":{"using":"css selector","value":".zoe-trigger-cta"}},"elementArrayFinder_":{"locator_":{"$ref":"$[\"triggerCTA\"][\"parentElementArrayFinder\"][\"locator_\"]"}}},"helpRotate":{"parentElementArrayFinder":{"locator_":{"using":"css selector","value":".zoe-help-rotate .zoe-help-text"}},"elementArrayFinder_":{"locator_":{"$ref":"$[\"helpRotate\"][\"parentElementArrayFinder\"][\"locator_\"]"}}},"helpElevate":{"parentElementArrayFinder":{"locator_":{"using":"css selector","value":".zoe-help-elevate .zoe-help-text"}},"elementArrayFinder_":{"locator_":{"$ref":"$[\"helpElevate\"][\"parentElementArrayFinder\"][\"locator_\"]"}}},"helpZoom":{"parentElementArrayFinder":{"locator_":{"using":"css selector","value":".zoe-help-zoom .zoe-help-text"}},"elementArrayFinder_":{"locator_":{"$ref":"$[\"helpZoom\"][\"parentElementArrayFinder\"][\"locator_\"]"}}},"helpBrand":{"parentElementArrayFinder":{"locator_":{"using":"css selector","value":".zoe-help-brand .zoe-help-text"}},"elementArrayFinder_":{"locator_":{"$ref":"$[\"helpBrand\"][\"parentElementArrayFinder\"][\"locator_\"]"}}},"extraContent":{"parentElementArrayFinder":{"locator_":{"using":"css selector","value":".zoe-display-extra-content"}},"elementArrayFinder_":{"locator_":{"$ref":"$[\"extraContent\"][\"parentElementArrayFinder\"][\"locator_\"]"}}},"level":"debug","message":"elementFinder is ","timestamp":"2014-10-09T09:30:08.753Z"}
{"level":"info","message":"Initialising jasmine tests","timestamp":"2014-10-09T09:30:08.768Z"}
{"inline":{},"popover":{},"indiscriminate":{},"progressWrapper":{"parentElementArrayFinder":{"locator_":{"using":"css selector","value":".zoe-progress-wrapper"}},"elementArrayFinder_":{"locator_":{"$ref":"$[\"progressWrapper\"][\"parentElementArrayFinder\"][\"locator_\"]"}}},"widgetOverlay":{"parentElementArrayFinder":{"locator_":{"using":"css selector","value":"#zoe-zbox-overlay"}},"elementArrayFinder_":{"locator_":{"$ref":"$[\"widgetOverlay\"][\"parentElementArrayFinder\"][\"locator_\"]"}}},"widgetTrigger":{"parentElementArrayFinder":{"locator_":{"using":"css selector","value":".zoe-engage-trigger>img"}},"elementArrayFinder_":{"locator_":{"$ref":"$[\"widgetTrigger\"][\"parentElementArrayFinder\"][\"locator_\"]"}}},"widgetColorbox":{"parentElementArrayFinder":{"locator_":{"using":"css selector","value":"#zoe-zbox-content"}},"elementArrayFinder_":{"locator_":{"$ref":"$[\"widgetColorbox\"][\"parentElementArrayFinder\"][\"locator_\"]"}}},"helpButton":{"parentElementArrayFinder":{"locator_":{"using":"css selector","value":".zoe-btn-help"}},"elementArrayFinder_":{"locator_":{"$ref":"$[\"helpButton\"][\"parentElementArrayFinder\"][\"locator_\"]"}}},"helpElement":{"parentElementArrayFinder":{"locator_":{"using":"css selector","value":".zoe-help-overlay"}},"elementArrayFinder_":{"locator_":{"$ref":"$[\"helpElement\"][\"parentElementArrayFinder\"][\"locator_\"]"}}},"zoomButton":{"parentElementArrayFinder":{"locator_":{"using":"css selector","value":".zoe-btn-zoom"}},"elementArrayFinder_":{"locator_":{"$ref":"$[\"zoomButton\"][\"parentElementArrayFinder\"][\"locator_\"]"}}},"zoomElement":{"parentElementArrayFinder":{"locator_":{"using":"css selector","value":".zoe-zoom"}},"elementArrayFinder_":{"locator_":{"$ref":"$[\"zoomElement\"][\"parentElementArrayFinder\"][\"locator_\"]"}}},"zoomImage":{"parentElementArrayFinder":{"locator_":{"using":"css selector","value":".zoe-zoom-frame"}},"elementArrayFinder_":{"locator_":{"$ref":"$[\"zoomImage\"][\"parentElementArrayFinder\"][\"locator_\"]"}}},"closeButton":{"parentElementArrayFinder":{"locator_":{"using":"css selector","value":".zoe-btn-close"}},"elementArrayFinder_":{"locator_":{"$ref":"$[\"closeButton\"][\"parentElementArrayFinder\"][\"locator_\"]"}}},"widgetImageDiv":{"parentElementArrayFinder":{"locator_":{"using":"css selector","value":".zoe-engage-image.reel"}},"elementArrayFinder_":{"locator_":{"$ref":"$[\"widgetImageDiv\"][\"parentElementArrayFinder\"][\"locator_\"]"}}},"inlineDivSelector":{"parentElementArrayFinder":{"locator_":{"using":"css selector","value":".zoe-inline.reel"}},"elementArrayFinder_":{"locator_":{"$ref":"$[\"inlineDivSelector\"][\"parentElementArrayFinder\"][\"locator_\"]"}}},"widgetWrapperSelector":{"parentElementArrayFinder":{"locator_":{"using":"css selector","value":".zoe-engage-wrapper"}},"elementArrayFinder_":{"locator_":{"$ref":"$[\"widgetWrapperSelector\"][\"parentElementArrayFinder\"][\"locator_\"]"}}},"widgetWrapperImage":{"parentElementArrayFinder":{"locator_":{"using":"css selector","value":".zoe-frame"}},"elementArrayFinder_":{"locator_":{"$ref":"$[\"widgetWrapperImage\"][\"parentElementArrayFinder\"][\"locator_\"]"}}},"pageImageSelector":{"parentElementArrayFinder":{"locator_":{"using":"css selector","value":".zoe-engage-wrapper"}},"elementArrayFinder_":{"locator_":{"$ref":"$[\"pageImageSelector\"][\"parentElementArrayFinder\"][\"locator_\"]"}}},"inlineTrigger":{"parentElementArrayFinder":{"locator_":{"using":"css selector","value":"a.zoe-engage-trigger"}},"elementArrayFinder_":{"locator_":{"$ref":"$[\"inlineTrigger\"][\"parentElementArrayFinder\"][\"locator_\"]"}}},"inlineWrapper":{"parentElementArrayFinder":{"locator_":{"using":"css selector","value":".zoe-engage-wrapper.zoe-inline"}},"elementArrayFinder_":{"locator_":{"$ref":"$[\"inlineWrapper\"][\"parentElementArrayFinder\"][\"locator_\"]"}}},"frameSelector":{"parentElementArrayFinder":{"locator_":{"using":"css selector","value":".zoe-frame"}},"elementArrayFinder_":{"locator_":{"$ref":"$[\"frameSelector\"][\"parentElementArrayFinder\"][\"locator_\"]"}}},"interactCTA":{"parentElementArrayFinder":{"locator_":{"using":"css selector","value":".zoe-interact-cta"}},"elementArrayFinder_":{"locator_":{"$ref":"$[\"interactCTA\"][\"parentElementArrayFinder\"][\"locator_\"]"}}},"triggerCTA":{"parentElementArrayFinder":{"locator_":{"using":"css selector","value":".zoe-trigger-cta"}},"elementArrayFinder_":{"locator_":{"$ref":"$[\"triggerCTA\"][\"parentElementArrayFinder\"][\"locator_\"]"}}},"helpRotate":{"parentElementArrayFinder":{"locator_":{"using":"css selector","value":".zoe-help-rotate .zoe-help-text"}},"elementArrayFinder_":{"locator_":{"$ref":"$[\"helpRotate\"][\"parentElementArrayFinder\"][\"locator_\"]"}}},"helpElevate":{"parentElementArrayFinder":{"locator_":{"using":"css selector","value":".zoe-help-elevate .zoe-help-text"}},"elementArrayFinder_":{"locator_":{"$ref":"$[\"helpElevate\"][\"parentElementArrayFinder\"][\"locator_\"]"}}},"helpZoom":{"parentElementArrayFinder":{"locator_":{"using":"css selector","value":".zoe-help-zoom .zoe-help-text"}},"elementArrayFinder_":{"locator_":{"$ref":"$[\"helpZoom\"][\"parentElementArrayFinder\"][\"locator_\"]"}}},"helpBrand":{"parentElementArrayFinder":{"locator_":{"using":"css selector","value":".zoe-help-brand .zoe-help-text"}},"elementArrayFinder_":{"locator_":{"$ref":"$[\"helpBrand\"][\"parentElementArrayFinder\"][\"locator_\"]"}}},"extraContent":{"parentElementArrayFinder":{"locator_":{"using":"css selector","value":".zoe-display-extra-content"}},"elementArrayFinder_":{"locator_":{"$ref":"$[\"extraContent\"][\"parentElementArrayFinder\"][\"locator_\"]"}}},"level":"debug","message":"elementFinder is ","timestamp":"2014-10-09T09:30:08.770Z"}
{"level":"info","message":"Initialising jasmine tests","timestamp":"2014-10-09T09:30:08.782Z"}
{"inline":{},"popover":{},"indiscriminate":{},"progressWrapper":{"parentElementArrayFinder":{"locator_":{"using":"css selector","value":".zoe-progress-wrapper"}},"elementArrayFinder_":{"locator_":{"$ref":"$[\"progressWrapper\"][\"parentElementArrayFinder\"][\"locator_\"]"}}},"widgetOverlay":{"parentElementArrayFinder":{"locator_":{"using":"css selector","value":"#zoe-zbox-overlay"}},"elementArrayFinder_":{"locator_":{"$ref":"$[\"widgetOverlay\"][\"parentElementArrayFinder\"][\"locator_\"]"}}},"widgetTrigger":{"parentElementArrayFinder":{"locator_":{"using":"css selector","value":".zoe-engage-trigger>img"}},"elementArrayFinder_":{"locator_":{"$ref":"$[\"widgetTrigger\"][\"parentElementArrayFinder\"][\"locator_\"]"}}},"widgetColorbox":{"parentElementArrayFinder":{"locator_":{"using":"css selector","value":"#zoe-zbox-content"}},"elementArrayFinder_":{"locator_":{"$ref":"$[\"widgetColorbox\"][\"parentElementArrayFinder\"][\"locator_\"]"}}},"helpButton":{"parentElementArrayFinder":{"locator_":{"using":"css selector","value":".zoe-btn-help"}},"elementArrayFinder_":{"locator_":{"$ref":"$[\"helpButton\"][\"parentElementArrayFinder\"][\"locator_\"]"}}},"helpElement":{"parentElementArrayFinder":{"locator_":{"using":"css selector","value":".zoe-help-overlay"}},"elementArrayFinder_":{"locator_":{"$ref":"$[\"helpElement\"][\"parentElementArrayFinder\"][\"locator_\"]"}}},"zoomButton":{"parentElementArrayFinder":{"locator_":{"using":"css selector","value":".zoe-btn-zoom"}},"elementArrayFinder_":{"locator_":{"$ref":"$[\"zoomButton\"][\"parentElementArrayFinder\"][\"locator_\"]"}}},"zoomElement":{"parentElementArrayFinder":{"locator_":{"using":"css selector","value":".zoe-zoom"}},"elementArrayFinder_":{"locator_":{"$ref":"$[\"zoomElement\"][\"parentElementArrayFinder\"][\"locator_\"]"}}},"zoomImage":{"parentElementArrayFinder":{"locator_":{"using":"css selector","value":".zoe-zoom-frame"}},"elementArrayFinder_":{"locator_":{"$ref":"$[\"zoomImage\"][\"parentElementArrayFinder\"][\"locator_\"]"}}},"closeButton":{"parentElementArrayFinder":{"locator_":{"using":"css selector","value":".zoe-btn-close"}},"elementArrayFinder_":{"locator_":{"$ref":"$[\"closeButton\"][\"parentElementArrayFinder\"][\"locator_\"]"}}},"widgetImageDiv":{"parentElementArrayFinder":{"locator_":{"using":"css selector","value":".zoe-engage-image.reel"}},"elementArrayFinder_":{"locator_":{"$ref":"$[\"widgetImageDiv\"][\"parentElementArrayFinder\"][\"locator_\"]"}}},"inlineDivSelector":{"parentElementArrayFinder":{"locator_":{"using":"css selector","value":".zoe-inline.reel"}},"elementArrayFinder_":{"locator_":{"$ref":"$[\"inlineDivSelector\"][\"parentElementArrayFinder\"][\"locator_\"]"}}},"widgetWrapperSelector":{"parentElementArrayFinder":{"locator_":{"using":"css selector","value":".zoe-engage-wrapper"}},"elementArrayFinder_":{"locator_":{"$ref":"$[\"widgetWrapperSelector\"][\"parentElementArrayFinder\"][\"locator_\"]"}}},"widgetWrapperImage":{"parentElementArrayFinder":{"locator_":{"using":"css selector","value":".zoe-frame"}},"elementArrayFinder_":{"locator_":{"$ref":"$[\"widgetWrapperImage\"][\"parentElementArrayFinder\"][\"locator_\"]"}}},"pageImageSelector":{"parentElementArrayFinder":{"locator_":{"using":"css selector","value":".zoe-engage-wrapper"}},"elementArrayFinder_":{"locator_":{"$ref":"$[\"pageImageSelector\"][\"parentElementArrayFinder\"][\"locator_\"]"}}},"inlineTrigger":{"parentElementArrayFinder":{"locator_":{"using":"css selector","value":"a.zoe-engage-trigger"}},"elementArrayFinder_":{"locator_":{"$ref":"$[\"inlineTrigger\"][\"parentElementArrayFinder\"][\"locator_\"]"}}},"inlineWrapper":{"parentElementArrayFinder":{"locator_":{"using":"css selector","value":".zoe-engage-wrapper.zoe-inline"}},"elementArrayFinder_":{"locator_":{"$ref":"$[\"inlineWrapper\"][\"parentElementArrayFinder\"][\"locator_\"]"}}},"frameSelector":{"parentElementArrayFinder":{"locator_":{"using":"css selector","value":".zoe-frame"}},"elementArrayFinder_":{"locator_":{"$ref":"$[\"frameSelector\"][\"parentElementArrayFinder\"][\"locator_\"]"}}},"interactCTA":{"parentElementArrayFinder":{"locator_":{"using":"css selector","value":".zoe-interact-cta"}},"elementArrayFinder_":{"locator_":{"$ref":"$[\"interactCTA\"][\"parentElementArrayFinder\"][\"locator_\"]"}}},"triggerCTA":{"parentElementArrayFinder":{"locator_":{"using":"css selector","value":".zoe-trigger-cta"}},"elementArrayFinder_":{"locator_":{"$ref":"$[\"triggerCTA\"][\"parentElementArrayFinder\"][\"locator_\"]"}}},"helpRotate":{"parentElementArrayFinder":{"locator_":{"using":"css selector","value":".zoe-help-rotate .zoe-help-text"}},"elementArrayFinder_":{"locator_":{"$ref":"$[\"helpRotate\"][\"parentElementArrayFinder\"][\"locator_\"]"}}},"helpElevate":{"parentElementArrayFinder":{"locator_":{"using":"css selector","value":".zoe-help-elevate .zoe-help-text"}},"elementArrayFinder_":{"locator_":{"$ref":"$[\"helpElevate\"][\"parentElementArrayFinder\"][\"locator_\"]"}}},"helpZoom":{"parentElementArrayFinder":{"locator_":{"using":"css selector","value":".zoe-help-zoom .zoe-help-text"}},"elementArrayFinder_":{"locator_":{"$ref":"$[\"helpZoom\"][\"parentElementArrayFinder\"][\"locator_\"]"}}},"helpBrand":{"parentElementArrayFinder":{"locator_":{"using":"css selector","value":".zoe-help-brand .zoe-help-text"}},"elementArrayFinder_":{"locator_":{"$ref":"$[\"helpBrand\"][\"parentElementArrayFinder\"][\"locator_\"]"}}},"extraContent":{"parentElementArrayFinder":{"locator_":{"using":"css selector","value":".zoe-display-extra-content"}},"elementArrayFinder_":{"locator_":{"$ref":"$[\"extraContent\"][\"parentElementArrayFinder\"][\"locator_\"]"}}},"level":"debug","message":"elementFinder is ","timestamp":"2014-10-09T09:30:08.787Z"}
{"takesScreenshot":true,"version":"6.1","cssSelectorsEnabled":true,"javascriptEnabled":true,"databaseEnabled":true,"locationContextEnabled":true,"platform":"MAC","browserName":"iPad","webdriver.remote.sessionid":"022434b2e9434c91862477db3b6c290d","hasMetadata":true,"webStorageEnabled":true,"level":"info","message":"","timestamp":"2014-10-09T09:30:53.790Z"}
{"level":"info","message":"undefined","timestamp":"2014-10-09T09:30:53.792Z"}
{"level":"info","message":"BROWSER IS: iPad","timestamp":"2014-10-09T09:30:53.792Z"}
{"level":"info","message":"Initialising file paths with browser & version","timestamp":"2014-10-09T09:30:53.792Z"}
{"level":"info","message":"Initialising file paths with browser & version","timestamp":"2014-10-09T09:30:53.792Z"}
{"level":"info","message":"Initialising file paths with browser & version","timestamp":"2014-10-09T09:30:53.792Z"}
{"level":"info","message":"Initialising file paths with browser & version","timestamp":"2014-10-09T09:30:53.792Z"}
{"level":"info","message":"Initialising file paths with browser & version","timestamp":"2014-10-09T09:30:53.792Z"}
{"level":"info","message":"Initialising file paths with browser & version","timestamp":"2014-10-09T09:30:53.792Z"}
{"level":"info","message":"Initialising file paths with browser & version","timestamp":"2014-10-09T09:30:53.792Z"}
{"level":"info","message":"Initialising file paths with browser & version","timestamp":"2014-10-09T09:30:53.792Z"}
{"level":"info","message":"Initialising file paths with browser & version","timestamp":"2014-10-09T09:30:53.792Z"}
{"level":"info","message":"Initialising file paths with browser & version","timestamp":"2014-10-09T09:30:53.793Z"}
{"level":"info","message":"Initialising file paths with browser & version","timestamp":"2014-10-09T09:30:53.793Z"}
{"level":"info","message":"Initialising file paths with browser & version","timestamp":"2014-10-09T09:30:53.793Z"}
{"level":"info","message":"Initialising file paths with browser & version","timestamp":"2014-10-09T09:30:53.793Z"}
{"level":"info","message":"Initialising file paths with browser & version","timestamp":"2014-10-09T09:30:53.793Z"}
{"level":"info","message":"Initialising file paths with browser & version","timestamp":"2014-10-09T09:30:53.793Z"}
{"level":"info","message":"Initialising file paths with browser & version","timestamp":"2014-10-09T09:30:53.793Z"}
{"level":"info","message":"Initialising file paths with browser & version","timestamp":"2014-10-09T09:30:53.793Z"}
{"level":"info","message":"Initialising file paths with browser & version","timestamp":"2014-10-09T09:30:53.793Z"}
{"level":"info","message":"Initialising file paths with browser & version","timestamp":"2014-10-09T09:30:53.794Z"}
{"level":"info","message":"Initialising file paths with browser & version","timestamp":"2014-10-09T09:30:53.794Z"}
{"level":"info","message":"Initialising file paths with browser & version","timestamp":"2014-10-09T09:30:53.794Z"}
{"level":"info","message":"Opening URL: http://jenkins.zoetrope.io:8888/v3/testInline.html","timestamp":"2014-10-09T09:30:55.408Z"}
{"level":"info","message":"Initialising file paths with browser & version","timestamp":"2014-10-09T09:30:55.408Z"}
{"level":"info","message":"Initialising file paths with browser & version","timestamp":"2014-10-09T09:30:55.409Z"}
{"level":"info","message":"Initialising file paths with browser & version","timestamp":"2014-10-09T09:30:55.409Z"}
{"level":"info","message":"Initialising file paths with browser & version","timestamp":"2014-10-09T09:30:55.409Z"}
{"level":"info","message":"Initialising file paths with browser & version","timestamp":"2014-10-09T09:30:55.409Z"}
{"level":"info","message":"Initialising file paths with browser & version","timestamp":"2014-10-09T09:30:55.409Z"}
{"takesScreenshot":true,"version":"6.1","cssSelectorsEnabled":true,"javascriptEnabled":true,"databaseEnabled":true,"locationContextEnabled":true,"platform":"MAC","browserName":"iPhone","webdriver.remote.sessionid":"62964dccf403456d98e4b0a3e4182410","hasMetadata":true,"webStorageEnabled":true,"level":"info","message":"","timestamp":"2014-10-09T09:30:57.422Z"}
{"level":"info","message":"undefined","timestamp":"2014-10-09T09:30:57.423Z"}
{"level":"info","message":"BROWSER IS: iPhone","timestamp":"2014-10-09T09:30:57.424Z"}
{"level":"info","message":"Initialising file paths with browser & version","timestamp":"2014-10-09T09:30:57.424Z"}
{"level":"info","message":"Initialising file paths with browser & version","timestamp":"2014-10-09T09:30:57.424Z"}
{"level":"info","message":"Initialising file paths with browser & version","timestamp":"2014-10-09T09:30:57.424Z"}
{"level":"info","message":"Initialising file paths with browser & version","timestamp":"2014-10-09T09:30:57.424Z"}
{"level":"info","message":"Initialising file paths with browser & version","timestamp":"2014-10-09T09:30:57.424Z"}
{"level":"info","message":"Initialising file paths with browser & version","timestamp":"2014-10-09T09:30:57.424Z"}
{"level":"info","message":"Initialising file paths with browser & version","timestamp":"2014-10-09T09:30:57.424Z"}
{"level":"info","message":"Initialising file paths with browser & version","timestamp":"2014-10-09T09:30:57.424Z"}
{"level":"info","message":"Initialising file paths with browser & version","timestamp":"2014-10-09T09:30:57.424Z"}
{"level":"info","message":"Initialising file paths with browser & version","timestamp":"2014-10-09T09:30:57.425Z"}
{"level":"info","message":"Initialising file paths with browser & version","timestamp":"2014-10-09T09:30:57.425Z"}
{"level":"info","message":"Initialising file paths with browser & version","timestamp":"2014-10-09T09:30:57.425Z"}
{"level":"info","message":"Initialising file paths with browser & version","timestamp":"2014-10-09T09:30:57.425Z"}
{"level":"info","message":"Initialising file paths with browser & version","timestamp":"2014-10-09T09:30:57.425Z"}
{"level":"info","message":"Initialising file paths with browser & version","timestamp":"2014-10-09T09:30:57.425Z"}
{"level":"info","message":"Initialising file paths with browser & version","timestamp":"2014-10-09T09:30:57.425Z"}
{"level":"info","message":"Initialising file paths with browser & version","timestamp":"2014-10-09T09:30:57.425Z"}
{"level":"info","message":"Initialising file paths with browser & version","timestamp":"2014-10-09T09:30:57.425Z"}
{"level":"info","message":"Initialising file paths with browser & version","timestamp":"2014-10-09T09:30:57.425Z"}
{"level":"info","message":"Initialising file paths with browser & version","timestamp":"2014-10-09T09:30:57.425Z"}
{"level":"info","message":"Initialising file paths with browser & version","timestamp":"2014-10-09T09:30:57.426Z"}
{"level":"info","message":"Opening URL: http://jenkins.zoetrope.io:8888/v3/testInline.html","timestamp":"2014-10-09T09:30:59.174Z"}
{"level":"info","message":"Initialising file paths with browser & version","timestamp":"2014-10-09T09:30:59.175Z"}
{"level":"info","message":"Initialising file paths with browser & version","timestamp":"2014-10-09T09:30:59.175Z"}
{"level":"info","message":"Initialising file paths with browser & version","timestamp":"2014-10-09T09:30:59.175Z"}
{"level":"info","message":"Initialising file paths with browser & version","timestamp":"2014-10-09T09:30:59.175Z"}
{"level":"info","message":"Initialising file paths with browser & version","timestamp":"2014-10-09T09:30:59.175Z"}
{"level":"info","message":"Initialising file paths with browser & version","timestamp":"2014-10-09T09:30:59.175Z"}
{"level":"info","message":"Saving screenshot to images/load-inline-iPad-6.1.png","timestamp":"2014-10-09T09:31:00.280Z"}
{"level":"info","message":"Saved screenshot","timestamp":"2014-10-09T09:31:02.883Z"}
{"level":"info","message":"Clicking the help button","timestamp":"2014-10-09T09:31:02.919Z"}
{"parentElementArrayFinder":{"locator_":{"using":"css selector","value":".zoe-btn-help"}},"elementArrayFinder_":{"locator_":{"$ref":"$[\"parentElementArrayFinder\"][\"locator_\"]"}},"level":"info","message":"help button is","timestamp":"2014-10-09T09:31:02.922Z"}
{"level":"info","message":"Saving screenshot to images/load-inline-iPhone-6.1.png","timestamp":"2014-10-09T09:31:04.389Z"}
{"level":"info","message":"Got help style of ","timestamp":"2014-10-09T09:31:06.631Z"}
{"level":"info","message":"Saving screenshot to images/help-inline-iPad-6.1.png","timestamp":"2014-10-09T09:31:06.675Z"}
{"level":"info","message":"Saved screenshot","timestamp":"2014-10-09T09:31:06.926Z"}
{"level":"info","message":"Clicking the help button","timestamp":"2014-10-09T09:31:06.959Z"}
{"parentElementArrayFinder":{"locator_":{"using":"css selector","value":".zoe-btn-help"}},"elementArrayFinder_":{"locator_":{"$ref":"$[\"parentElementArrayFinder\"][\"locator_\"]"}},"level":"info","message":"help button is","timestamp":"2014-10-09T09:31:06.964Z"}
{"level":"info","message":"Got help style of ","timestamp":"2014-10-09T09:31:11.055Z"}
{"level":"info","message":"Saving screenshot to images/help-inline-iPhone-6.1.png","timestamp":"2014-10-09T09:31:11.099Z"}
{"level":"info","message":"Saved screenshot","timestamp":"2014-10-09T09:31:11.106Z"}
{"level":"info","message":"Clicking the help button","timestamp":"2014-10-09T09:31:11.151Z"}
{"parentElementArrayFinder":{"locator_":{"using":"css selector","value":".zoe-btn-help"}},"elementArrayFinder_":{"locator_":{"$ref":"$[\"parentElementArrayFinder\"][\"locator_\"]"}},"level":"info","message":"help button is","timestamp":"2014-10-09T09:31:11.154Z"}
{"level":"info","message":"Saved screenshot","timestamp":"2014-10-09T09:31:12.735Z"}
{"level":"info","message":"Clicking the help button","timestamp":"2014-10-09T09:31:12.777Z"}
{"parentElementArrayFinder":{"locator_":{"using":"css selector","value":".zoe-btn-help"}},"elementArrayFinder_":{"locator_":{"$ref":"$[\"parentElementArrayFinder\"][\"locator_\"]"}},"level":"info","message":"help button is","timestamp":"2014-10-09T09:31:12.778Z"}
{"level":"info","message":"Got help style of display: none; ","timestamp":"2014-10-09T09:31:14.327Z"}
{"level":"info","message":"Saving screenshot to images/helpClose-inline-iPad-6.1.png","timestamp":"2014-10-09T09:31:14.369Z"}
{"level":"info","message":"Got help style of display: none; ","timestamp":"2014-10-09T09:31:16.054Z"}
{"level":"info","message":"Saving screenshot to images/helpClose-inline-iPhone-6.1.png","timestamp":"2014-10-09T09:31:16.096Z"}
{"level":"info","message":"Saved screenshot","timestamp":"2014-10-09T09:31:16.133Z"}
{"level":"info","message":"Clicking the zoom button","timestamp":"2014-10-09T09:31:16.174Z"}
{"level":"info","message":"Saving screenshot to images/zoom-inline-iPad-6.1.png","timestamp":"2014-10-09T09:31:16.177Z"}
{"level":"info","message":"Saved screenshot","timestamp":"2014-10-09T09:31:17.792Z"}
{"level":"info","message":"Clicking the zoom button","timestamp":"2014-10-09T09:31:17.837Z"}
{"level":"info","message":"Saving screenshot to images/zoom-inline-iPhone-6.1.png","timestamp":"2014-10-09T09:31:17.840Z"}
{"level":"info","message":"Saved screenshot","timestamp":"2014-10-09T09:31:24.416Z"}
{"level":"info","message":"Clicking the zoom button","timestamp":"2014-10-09T09:31:24.428Z"}
{"level":"info","message":"Saving screenshot to images/zoomClose-inline-iPhone-6.1.png","timestamp":"2014-10-09T09:31:24.432Z"}
{"level":"info","message":"Saved screenshot","timestamp":"2014-10-09T09:31:24.915Z"}
{"level":"info","message":"Clicking the zoom button","timestamp":"2014-10-09T09:31:24.928Z"}
{"level":"info","message":"Saving screenshot to images/zoomClose-inline-iPad-6.1.png","timestamp":"2014-10-09T09:31:24.932Z"}
{"level":"info","message":"Saved screenshot","timestamp":"2014-10-09T09:31:28.947Z"}
{"level":"info","message":"Opening URL: http://jenkins.zoetrope.io:8888/v3/testPopover.html","timestamp":"2014-10-09T09:31:28.959Z"}
{"level":"info","message":"Initialising file paths with browser & version","timestamp":"2014-10-09T09:31:28.959Z"}
{"level":"info","message":"Initialising file paths with browser & version","timestamp":"2014-10-09T09:31:28.959Z"}
{"level":"info","message":"Initialising file paths with browser & version","timestamp":"2014-10-09T09:31:28.960Z"}
{"level":"info","message":"Initialising file paths with browser & version","timestamp":"2014-10-09T09:31:28.960Z"}
{"level":"info","message":"Initialising file paths with browser & version","timestamp":"2014-10-09T09:31:28.960Z"}
{"level":"info","message":"Initialising file paths with browser & version","timestamp":"2014-10-09T09:31:28.960Z"}
{"level":"info","message":"Saved screenshot","timestamp":"2014-10-09T09:31:30.135Z"}
{"level":"info","message":"Opening URL: http://jenkins.zoetrope.io:8888/v3/testPopover.html","timestamp":"2014-10-09T09:31:30.146Z"}
{"level":"info","message":"Initialising file paths with browser & version","timestamp":"2014-10-09T09:31:30.147Z"}
{"level":"info","message":"Initialising file paths with browser & version","timestamp":"2014-10-09T09:31:30.147Z"}
{"level":"info","message":"Initialising file paths with browser & version","timestamp":"2014-10-09T09:31:30.147Z"}
{"level":"info","message":"Initialising file paths with browser & version","timestamp":"2014-10-09T09:31:30.147Z"}
{"level":"info","message":"Initialising file paths with browser & version","timestamp":"2014-10-09T09:31:30.147Z"}
{"level":"info","message":"Initialising file paths with browser & version","timestamp":"2014-10-09T09:31:30.147Z"}
{"level":"info","message":"Saving screenshot to images/load-popover-iPhone-6.1.png","timestamp":"2014-10-09T09:31:30.424Z"}
{"level":"info","message":"Saving screenshot to images/load-popover-iPad-6.1.png","timestamp":"2014-10-09T09:31:32.411Z"}
{"level":"info","message":"Saved screenshot","timestamp":"2014-10-09T09:31:34.987Z"}
{"level":"info","message":"Clicking on widget trigger","timestamp":"2014-10-09T09:31:35.033Z"}
{"level":"info","message":"Saved screenshot","timestamp":"2014-10-09T09:31:35.962Z"}
{"level":"info","message":"Clicking on widget trigger","timestamp":"2014-10-09T09:31:36.007Z"}
{"level":"info","message":"Saving screenshot to images/openWidget-popover-iPhone-6.1.png","timestamp":"2014-10-09T09:31:37.184Z"}
{"level":"info","message":"Saving screenshot to images/openWidget-popover-iPad-6.1.png","timestamp":"2014-10-09T09:31:38.346Z"}
{"level":"info","message":"Saved screenshot","timestamp":"2014-10-09T09:31:39.574Z"}
{"level":"info","message":"Clicking the help button","timestamp":"2014-10-09T09:31:39.605Z"}
{"parentElementArrayFinder":{"locator_":{"using":"css selector","value":".zoe-btn-help"}},"elementArrayFinder_":{"locator_":{"$ref":"$[\"parentElementArrayFinder\"][\"locator_\"]"}},"level":"info","message":"help button is","timestamp":"2014-10-09T09:31:39.607Z"}
{"level":"info","message":"Saved screenshot","timestamp":"2014-10-09T09:31:42.789Z"}
{"level":"info","message":"Clicking the help button","timestamp":"2014-10-09T09:31:42.820Z"}
{"parentElementArrayFinder":{"locator_":{"using":"css selector","value":".zoe-btn-help"}},"elementArrayFinder_":{"locator_":{"$ref":"$[\"parentElementArrayFinder\"][\"locator_\"]"}},"level":"info","message":"help button is","timestamp":"2014-10-09T09:31:42.821Z"}
{"level":"info","message":"Got help style of ","timestamp":"2014-10-09T09:31:43.032Z"}
{"level":"info","message":"Saving screenshot to images/help-popover-iPhone-6.1.png","timestamp":"2014-10-09T09:31:43.074Z"}
{"level":"info","message":"Saved screenshot","timestamp":"2014-10-09T09:31:45.282Z"}
{"level":"info","message":"Clicking the help button","timestamp":"2014-10-09T09:31:45.338Z"}
{"parentElementArrayFinder":{"locator_":{"using":"css selector","value":".zoe-btn-help"}},"elementArrayFinder_":{"locator_":{"$ref":"$[\"parentElementArrayFinder\"][\"locator_\"]"}},"level":"info","message":"help button is","timestamp":"2014-10-09T09:31:45.341Z"}
{"level":"info","message":"Got help style of ","timestamp":"2014-10-09T09:31:45.935Z"}
{"level":"info","message":"Saving screenshot to images/help-popover-iPad-6.1.png","timestamp":"2014-10-09T09:31:45.977Z"}
{"level":"info","message":"Saved screenshot","timestamp":"2014-10-09T09:31:48.566Z"}
{"level":"info","message":"Got help style of display: none; ","timestamp":"2014-10-09T09:31:48.608Z"}
{"level":"info","message":"Clicking the help button","timestamp":"2014-10-09T09:31:48.622Z"}
{"parentElementArrayFinder":{"locator_":{"using":"css selector","value":".zoe-btn-help"}},"elementArrayFinder_":{"locator_":{"$ref":"$[\"parentElementArrayFinder\"][\"locator_\"]"}},"level":"info","message":"help button is","timestamp":"2014-10-09T09:31:48.624Z"}
{"level":"info","message":"Saving screenshot to images/helpClose-popover-iPhone-6.1.png","timestamp":"2014-10-09T09:31:48.651Z"}
{"level":"info","message":"Saved screenshot","timestamp":"2014-10-09T09:31:50.937Z"}
{"level":"info","message":"Clicking the zoom button","timestamp":"2014-10-09T09:31:50.981Z"}
{"level":"info","message":"Saving screenshot to images/zoom-popover-iPhone-6.1.png","timestamp":"2014-10-09T09:31:50.983Z"}
{"level":"info","message":"Got help style of display: none; ","timestamp":"2014-10-09T09:31:51.721Z"}
{"level":"info","message":"Saving screenshot to images/helpClose-popover-iPad-6.1.png","timestamp":"2014-10-09T09:31:51.763Z"}
{"level":"info","message":"Saved screenshot","timestamp":"2014-10-09T09:31:54.849Z"}
{"level":"info","message":"Clicking the zoom button","timestamp":"2014-10-09T09:31:54.892Z"}
{"level":"info","message":"Saving screenshot to images/zoom-popover-iPad-6.1.png","timestamp":"2014-10-09T09:31:54.896Z"}
{"level":"info","message":"Saved screenshot","timestamp":"2014-10-09T09:31:58.329Z"}
{"level":"info","message":"Clicking the zoom button","timestamp":"2014-10-09T09:31:58.339Z"}
{"level":"info","message":"Saving screenshot to images/zoomClose-popover-iPhone-6.1.png","timestamp":"2014-10-09T09:31:58.342Z"}
{"level":"info","message":"Saved screenshot","timestamp":"2014-10-09T09:32:01.770Z"}
{"level":"info","message":"Clicking the zoom button","timestamp":"2014-10-09T09:32:01.780Z"}
{"level":"info","message":"Saving screenshot to images/zoomClose-popover-iPad-6.1.png","timestamp":"2014-10-09T09:32:01.785Z"}
{"level":"info","message":"Saved screenshot","timestamp":"2014-10-09T09:32:03.056Z"}
{"level":"info","message":"Saved screenshot","timestamp":"2014-10-09T09:32:06.849Z"}
{"rotatable":true,"browserConnectionEnabled":true,"acceptSslCerts":true,"cssSelectorsEnabled":true,"javascriptEnabled":true,"locationContextEnabled":true,"takesScreenshot":true,"platform":"ANDROID","browserName":"android","webdriver.remote.sessionid":"cf5a57c33c0f474f9a1ecb390c0837ba","hasMetadata":true,"version":"18","applicationCacheEnabled":true,"webStorageEnabled":true,"handlesAlerts":true,"level":"info","message":"","timestamp":"2014-10-09T09:32:28.818Z"}
{"level":"info","message":"undefined","timestamp":"2014-10-09T09:32:28.819Z"}
{"level":"info","message":"BROWSER IS: android","timestamp":"2014-10-09T09:32:28.819Z"}
{"level":"info","message":"Initialising file paths with browser & version","timestamp":"2014-10-09T09:32:28.819Z"}
{"level":"info","message":"Initialising file paths with browser & version","timestamp":"2014-10-09T09:32:28.819Z"}
{"level":"info","message":"Initialising file paths with browser & version","timestamp":"2014-10-09T09:32:28.819Z"}
{"level":"info","message":"Initialising file paths with browser & version","timestamp":"2014-10-09T09:32:28.819Z"}
{"level":"info","message":"Initialising file paths with browser & version","timestamp":"2014-10-09T09:32:28.819Z"}
{"level":"info","message":"Initialising file paths with browser & version","timestamp":"2014-10-09T09:32:28.819Z"}
{"level":"info","message":"Initialising file paths with browser & version","timestamp":"2014-10-09T09:32:28.819Z"}
{"level":"info","message":"Initialising file paths with browser & version","timestamp":"2014-10-09T09:32:28.819Z"}
{"level":"info","message":"Initialising file paths with browser & version","timestamp":"2014-10-09T09:32:28.819Z"}
{"level":"info","message":"Initialising file paths with browser & version","timestamp":"2014-10-09T09:32:28.820Z"}
{"level":"info","message":"Initialising file paths with browser & version","timestamp":"2014-10-09T09:32:28.820Z"}
{"level":"info","message":"Initialising file paths with browser & version","timestamp":"2014-10-09T09:32:28.820Z"}
{"level":"info","message":"Initialising file paths with browser & version","timestamp":"2014-10-09T09:32:28.820Z"}
{"level":"info","message":"Initialising file paths with browser & version","timestamp":"2014-10-09T09:32:28.820Z"}
{"level":"info","message":"Initialising file paths with browser & version","timestamp":"2014-10-09T09:32:28.820Z"}
{"level":"info","message":"Initialising file paths with browser & version","timestamp":"2014-10-09T09:32:28.820Z"}
{"level":"info","message":"Initialising file paths with browser & version","timestamp":"2014-10-09T09:32:28.820Z"}
{"level":"info","message":"Initialising file paths with browser & version","timestamp":"2014-10-09T09:32:28.820Z"}
{"level":"info","message":"Initialising file paths with browser & version","timestamp":"2014-10-09T09:32:28.820Z"}
{"level":"info","message":"Initialising file paths with browser & version","timestamp":"2014-10-09T09:32:28.820Z"}
{"level":"info","message":"Initialising file paths with browser & version","timestamp":"2014-10-09T09:32:28.820Z"}
{"level":"info","message":"Opening URL: http://jenkins.zoetrope.io:8888/v3/testInline.html","timestamp":"2014-10-09T09:32:30.231Z"}
{"level":"info","message":"Initialising file paths with browser & version","timestamp":"2014-10-09T09:32:30.231Z"}
{"level":"info","message":"Initialising file paths with browser & version","timestamp":"2014-10-09T09:32:30.231Z"}
{"level":"info","message":"Initialising file paths with browser & version","timestamp":"2014-10-09T09:32:30.231Z"}
{"level":"info","message":"Initialising file paths with browser & version","timestamp":"2014-10-09T09:32:30.232Z"}
{"level":"info","message":"Initialising file paths with browser & version","timestamp":"2014-10-09T09:32:30.232Z"}
{"level":"info","message":"Initialising file paths with browser & version","timestamp":"2014-10-09T09:32:30.232Z"}
{"level":"info","message":"Saving screenshot to images/load-inline-android-18.png","timestamp":"2014-10-09T09:32:36.624Z"}
{"level":"info","message":"Saved screenshot","timestamp":"2014-10-09T09:32:38.733Z"}
{"level":"info","message":"Clicking the help button","timestamp":"2014-10-09T09:32:38.770Z"}
{"parentElementArrayFinder":{"locator_":{"using":"css selector","value":".zoe-btn-help"}},"elementArrayFinder_":{"locator_":{"$ref":"$[\"parentElementArrayFinder\"][\"locator_\"]"}},"level":"info","message":"help button is","timestamp":"2014-10-09T09:32:38.774Z"}
{"level":"info","message":"Got help style of ","timestamp":"2014-10-09T09:32:43.356Z"}
{"level":"info","message":"Saving screenshot to images/help-inline-android-18.png","timestamp":"2014-10-09T09:32:43.400Z"}
{"level":"info","message":"Saved screenshot","timestamp":"2014-10-09T09:32:46.267Z"}
{"level":"info","message":"Clicking the help button","timestamp":"2014-10-09T09:32:46.328Z"}
{"parentElementArrayFinder":{"locator_":{"using":"css selector","value":".zoe-btn-help"}},"elementArrayFinder_":{"locator_":{"$ref":"$[\"parentElementArrayFinder\"][\"locator_\"]"}},"level":"info","message":"help button is","timestamp":"2014-10-09T09:32:46.331Z"}
{"level":"info","message":"Got help style of display: none; ","timestamp":"2014-10-09T09:32:51.363Z"}
{"level":"info","message":"Saving screenshot to images/helpClose-inline-android-18.png","timestamp":"2014-10-09T09:32:51.406Z"}
{"level":"info","message":"Saved screenshot","timestamp":"2014-10-09T09:32:52.932Z"}
{"level":"info","message":"Clicking the zoom button","timestamp":"2014-10-09T09:32:52.975Z"}
{"level":"info","message":"Saving screenshot to images/zoom-inline-android-18.png","timestamp":"2014-10-09T09:32:52.979Z"}
{"takesScreenshot":true,"version":"6.1","cssSelectorsEnabled":true,"javascriptEnabled":true,"databaseEnabled":true,"locationContextEnabled":true,"platform":"MAC","browserName":"iPhone","webdriver.remote.sessionid":"0d36314eaba24e90aae9a3b7aa8b245d","hasMetadata":true,"webStorageEnabled":true,"level":"info","message":"","timestamp":"2014-10-09T09:32:54.040Z"}
{"level":"info","message":"undefined","timestamp":"2014-10-09T09:32:54.041Z"}
{"level":"info","message":"BROWSER IS: iPhone","timestamp":"2014-10-09T09:32:54.041Z"}
{"level":"info","message":"Initialising file paths with browser & version","timestamp":"2014-10-09T09:32:54.042Z"}
{"level":"info","message":"Initialising file paths with browser & version","timestamp":"2014-10-09T09:32:54.042Z"}
{"level":"info","message":"Initialising file paths with browser & version","timestamp":"2014-10-09T09:32:54.042Z"}
{"level":"info","message":"Initialising file paths with browser & version","timestamp":"2014-10-09T09:32:54.042Z"}
{"level":"info","message":"Initialising file paths with browser & version","timestamp":"2014-10-09T09:32:54.042Z"}
{"level":"info","message":"Initialising file paths with browser & version","timestamp":"2014-10-09T09:32:54.042Z"}
{"level":"info","message":"Initialising file paths with browser & version","timestamp":"2014-10-09T09:32:54.042Z"}
{"level":"info","message":"Initialising file paths with browser & version","timestamp":"2014-10-09T09:32:54.042Z"}
{"level":"info","message":"Initialising file paths with browser & version","timestamp":"2014-10-09T09:32:54.042Z"}
{"level":"info","message":"Initialising file paths with browser & version","timestamp":"2014-10-09T09:32:54.042Z"}
{"level":"info","message":"Initialising file paths with browser & version","timestamp":"2014-10-09T09:32:54.042Z"}
{"level":"info","message":"Initialising file paths with browser & version","timestamp":"2014-10-09T09:32:54.042Z"}
{"level":"info","message":"Initialising file paths with browser & version","timestamp":"2014-10-09T09:32:54.042Z"}
{"level":"info","message":"Initialising file paths with browser & version","timestamp":"2014-10-09T09:32:54.042Z"}
{"level":"info","message":"Initialising file paths with browser & version","timestamp":"2014-10-09T09:32:54.042Z"}
{"level":"info","message":"Initialising file paths with browser & version","timestamp":"2014-10-09T09:32:54.042Z"}
{"level":"info","message":"Initialising file paths with browser & version","timestamp":"2014-10-09T09:32:54.042Z"}
{"level":"info","message":"Initialising file paths with browser & version","timestamp":"2014-10-09T09:32:54.043Z"}
{"level":"info","message":"Initialising file paths with browser & version","timestamp":"2014-10-09T09:32:54.043Z"}
{"level":"info","message":"Initialising file paths with browser & version","timestamp":"2014-10-09T09:32:54.043Z"}
{"level":"info","message":"Initialising file paths with browser & version","timestamp":"2014-10-09T09:32:54.043Z"}
{"level":"info","message":"Opening URL: http://jenkins.zoetrope.io:8888/v3/testInline.html","timestamp":"2014-10-09T09:32:57.411Z"}
{"level":"info","message":"Initialising file paths with browser & version","timestamp":"2014-10-09T09:32:57.411Z"}
{"level":"info","message":"Initialising file paths with browser & version","timestamp":"2014-10-09T09:32:57.412Z"}
{"level":"info","message":"Initialising file paths with browser & version","timestamp":"2014-10-09T09:32:57.412Z"}
{"level":"info","message":"Initialising file paths with browser & version","timestamp":"2014-10-09T09:32:57.412Z"}
{"level":"info","message":"Initialising file paths with browser & version","timestamp":"2014-10-09T09:32:57.412Z"}
{"level":"info","message":"Initialising file paths with browser & version","timestamp":"2014-10-09T09:32:57.412Z"}
{"level":"info","message":"Saved screenshot","timestamp":"2014-10-09T09:33:00.778Z"}
{"level":"info","message":"Clicking the zoom button","timestamp":"2014-10-09T09:33:00.803Z"}
{"level":"info","message":"Saving screenshot to images/zoomClose-inline-android-18.png","timestamp":"2014-10-09T09:33:00.807Z"}
{"level":"info","message":"Saving screenshot to images/load-inline-iPhone-6.1.png","timestamp":"2014-10-09T09:33:01.752Z"}
{"level":"info","message":"Saved screenshot","timestamp":"2014-10-09T09:33:05.840Z"}
{"level":"info","message":"Clicking the help button","timestamp":"2014-10-09T09:33:05.876Z"}
{"parentElementArrayFinder":{"locator_":{"using":"css selector","value":".zoe-btn-help"}},"elementArrayFinder_":{"locator_":{"$ref":"$[\"parentElementArrayFinder\"][\"locator_\"]"}},"level":"info","message":"help button is","timestamp":"2014-10-09T09:33:05.878Z"}
{"level":"info","message":"Saved screenshot","timestamp":"2014-10-09T09:33:06.487Z"}
{"level":"info","message":"Opening URL: http://jenkins.zoetrope.io:8888/v3/testPopover.html","timestamp":"2014-10-09T09:33:06.505Z"}
{"level":"info","message":"Initialising file paths with browser & version","timestamp":"2014-10-09T09:33:06.505Z"}
{"level":"info","message":"Initialising file paths with browser & version","timestamp":"2014-10-09T09:33:06.505Z"}
{"level":"info","message":"Initialising file paths with browser & version","timestamp":"2014-10-09T09:33:06.505Z"}
{"level":"info","message":"Initialising file paths with browser & version","timestamp":"2014-10-09T09:33:06.505Z"}
{"level":"info","message":"Initialising file paths with browser & version","timestamp":"2014-10-09T09:33:06.505Z"}
{"level":"info","message":"Initialising file paths with browser & version","timestamp":"2014-10-09T09:33:06.505Z"}
{"level":"info","message":"Got help style of ","timestamp":"2014-10-09T09:33:09.474Z"}
{"level":"info","message":"Saving screenshot to images/help-inline-iPhone-6.1.png","timestamp":"2014-10-09T09:33:09.518Z"}
{"level":"info","message":"Saved screenshot","timestamp":"2014-10-09T09:33:12.016Z"}
{"level":"info","message":"Clicking the help button","timestamp":"2014-10-09T09:33:12.071Z"}
{"parentElementArrayFinder":{"locator_":{"using":"css selector","value":".zoe-btn-help"}},"elementArrayFinder_":{"locator_":{"$ref":"$[\"parentElementArrayFinder\"][\"locator_\"]"}},"level":"info","message":"help button is","timestamp":"2014-10-09T09:33:12.075Z"}
{"level":"info","message":"Saving screenshot to images/load-popover-android-18.png","timestamp":"2014-10-09T09:33:12.135Z"}
{"level":"info","message":"Saved screenshot","timestamp":"2014-10-09T09:33:14.982Z"}
{"level":"info","message":"Clicking on widget trigger","timestamp":"2014-10-09T09:33:15.020Z"}
{"level":"info","message":"Got help style of display: none; ","timestamp":"2014-10-09T09:33:15.049Z"}
{"level":"info","message":"Saving screenshot to images/helpClose-inline-iPhone-6.1.png","timestamp":"2014-10-09T09:33:15.091Z"}
{"level":"info","message":"Saving screenshot to images/openWidget-popover-android-18.png","timestamp":"2014-10-09T09:33:17.460Z"}
{"level":"info","message":"Saved screenshot","timestamp":"2014-10-09T09:33:17.477Z"}
{"level":"info","message":"Clicking the zoom button","timestamp":"2014-10-09T09:33:17.521Z"}
{"level":"info","message":"Saving screenshot to images/zoom-inline-iPhone-6.1.png","timestamp":"2014-10-09T09:33:17.525Z"}
{"level":"info","message":"Saved screenshot","timestamp":"2014-10-09T09:33:19.921Z"}
{"level":"info","message":"Clicking the help button","timestamp":"2014-10-09T09:33:19.965Z"}
{"parentElementArrayFinder":{"locator_":{"using":"css selector","value":".zoe-btn-help"}},"elementArrayFinder_":{"locator_":{"$ref":"$[\"parentElementArrayFinder\"][\"locator_\"]"}},"level":"info","message":"help button is","timestamp":"2014-10-09T09:33:19.969Z"}
{"level":"info","message":"Got help style of ","timestamp":"2014-10-09T09:33:23.329Z"}
{"level":"info","message":"Saving screenshot to images/help-popover-android-18.png","timestamp":"2014-10-09T09:33:23.373Z"}
{"level":"info","message":"Saved screenshot","timestamp":"2014-10-09T09:33:24.629Z"}
{"level":"info","message":"Clicking the zoom button","timestamp":"2014-10-09T09:33:24.640Z"}
{"level":"info","message":"Saving screenshot to images/zoomClose-inline-iPhone-6.1.png","timestamp":"2014-10-09T09:33:24.643Z"}
{"level":"info","message":"Saved screenshot","timestamp":"2014-10-09T09:33:26.984Z"}
{"level":"info","message":"Clicking the help button","timestamp":"2014-10-09T09:33:27.029Z"}
{"parentElementArrayFinder":{"locator_":{"using":"css selector","value":".zoe-btn-help"}},"elementArrayFinder_":{"locator_":{"$ref":"$[\"parentElementArrayFinder\"][\"locator_\"]"}},"level":"info","message":"help button is","timestamp":"2014-10-09T09:33:27.032Z"}
{"level":"info","message":"Got help style of display: none; ","timestamp":"2014-10-09T09:33:30.407Z"}
{"level":"info","message":"Saving screenshot to images/helpClose-popover-android-18.png","timestamp":"2014-10-09T09:33:30.448Z"}
{"level":"info","message":"Saved screenshot","timestamp":"2014-10-09T09:33:30.553Z"}
{"level":"info","message":"Opening URL: http://jenkins.zoetrope.io:8888/v3/testPopover.html","timestamp":"2014-10-09T09:33:30.578Z"}
{"level":"info","message":"Initialising file paths with browser & version","timestamp":"2014-10-09T09:33:30.578Z"}
{"level":"info","message":"Initialising file paths with browser & version","timestamp":"2014-10-09T09:33:30.578Z"}
{"level":"info","message":"Initialising file paths with browser & version","timestamp":"2014-10-09T09:33:30.578Z"}
{"level":"info","message":"Initialising file paths with browser & version","timestamp":"2014-10-09T09:33:30.578Z"}
{"level":"info","message":"Initialising file paths with browser & version","timestamp":"2014-10-09T09:33:30.578Z"}
{"level":"info","message":"Initialising file paths with browser & version","timestamp":"2014-10-09T09:33:30.578Z"}
{"level":"info","message":"Saving screenshot to images/load-popover-iPhone-6.1.png","timestamp":"2014-10-09T09:33:33.344Z"}
{"level":"info","message":"Saved screenshot","timestamp":"2014-10-09T09:33:33.926Z"}
{"level":"info","message":"Clicking the zoom button","timestamp":"2014-10-09T09:33:33.985Z"}
{"level":"info","message":"Saving screenshot to images/zoom-popover-android-18.png","timestamp":"2014-10-09T09:33:33.990Z"}
{"level":"info","message":"Saved screenshot","timestamp":"2014-10-09T09:33:37.337Z"}
{"level":"info","message":"Clicking on widget trigger","timestamp":"2014-10-09T09:33:37.372Z"}
{"level":"info","message":"Saving screenshot to images/openWidget-popover-iPhone-6.1.png","timestamp":"2014-10-09T09:33:39.278Z"}
{"level":"info","message":"Saved screenshot","timestamp":"2014-10-09T09:33:39.469Z"}
{"level":"info","message":"Clicking the zoom button","timestamp":"2014-10-09T09:33:39.481Z"}
{"level":"info","message":"Saving screenshot to images/zoomClose-popover-android-18.png","timestamp":"2014-10-09T09:33:39.485Z"}
{"level":"info","message":"Saved screenshot","timestamp":"2014-10-09T09:33:41.192Z"}
{"level":"info","message":"Clicking the help button","timestamp":"2014-10-09T09:33:41.223Z"}
{"parentElementArrayFinder":{"locator_":{"using":"css selector","value":".zoe-btn-help"}},"elementArrayFinder_":{"locator_":{"$ref":"$[\"parentElementArrayFinder\"][\"locator_\"]"}},"level":"info","message":"help button is","timestamp":"2014-10-09T09:33:41.226Z"}
{"level":"info","message":"Saved screenshot","timestamp":"2014-10-09T09:33:44.942Z"}
{"level":"info","message":"Got help style of ","timestamp":"2014-10-09T09:33:45.057Z"}
{"level":"info","message":"Saving screenshot to images/help-popover-iPhone-6.1.png","timestamp":"2014-10-09T09:33:45.100Z"}
{"level":"info","message":"Saved screenshot","timestamp":"2014-10-09T09:33:47.101Z"}
{"level":"info","message":"Clicking the help button","timestamp":"2014-10-09T09:33:47.146Z"}
{"parentElementArrayFinder":{"locator_":{"using":"css selector","value":".zoe-btn-help"}},"elementArrayFinder_":{"locator_":{"$ref":"$[\"parentElementArrayFinder\"][\"locator_\"]"}},"level":"info","message":"help button is","timestamp":"2014-10-09T09:33:47.148Z"}
{"level":"info","message":"Got help style of display: none; ","timestamp":"2014-10-09T09:33:50.462Z"}
{"level":"info","message":"Saving screenshot to images/helpClose-popover-iPhone-6.1.png","timestamp":"2014-10-09T09:33:50.506Z"}
{"level":"info","message":"Saved screenshot","timestamp":"2014-10-09T09:33:53.699Z"}
{"level":"info","message":"Clicking the zoom button","timestamp":"2014-10-09T09:33:53.742Z"}
{"level":"info","message":"Saving screenshot to images/zoom-popover-iPhone-6.1.png","timestamp":"2014-10-09T09:33:53.745Z"}
{"level":"info","message":"Saved screenshot","timestamp":"2014-10-09T09:34:02.931Z"}
{"level":"info","message":"Clicking the zoom button","timestamp":"2014-10-09T09:34:02.944Z"}
{"level":"info","message":"Saving screenshot to images/zoomClose-popover-iPhone-6.1.png","timestamp":"2014-10-09T09:34:02.949Z"}
{"level":"info","message":"Saved screenshot","timestamp":"2014-10-09T09:34:06.958Z"}
{"level":"info","message":"Initialising jasmine tests","timestamp":"2014-10-09T09:35:02.311Z"}
{"inline":{},"popover":{},"indiscriminate":{},"progressWrapper":{"parentElementArrayFinder":{"locator_":{"using":"css selector","value":".zoe-progress-wrapper"}},"elementArrayFinder_":{"locator_":{"$ref":"$[\"progressWrapper\"][\"parentElementArrayFinder\"][\"locator_\"]"}}},"widgetOverlay":{"parentElementArrayFinder":{"locator_":{"using":"css selector","value":"#zoe-zbox-overlay"}},"elementArrayFinder_":{"locator_":{"$ref":"$[\"widgetOverlay\"][\"parentElementArrayFinder\"][\"locator_\"]"}}},"widgetTrigger":{"parentElementArrayFinder":{"locator_":{"using":"css selector","value":".zoe-engage-trigger>img"}},"elementArrayFinder_":{"locator_":{"$ref":"$[\"widgetTrigger\"][\"parentElementArrayFinder\"][\"locator_\"]"}}},"widgetColorbox":{"parentElementArrayFinder":{"locator_":{"using":"css selector","value":"#zoe-zbox-content"}},"elementArrayFinder_":{"locator_":{"$ref":"$[\"widgetColorbox\"][\"parentElementArrayFinder\"][\"locator_\"]"}}},"helpButton":{"parentElementArrayFinder":{"locator_":{"using":"css selector","value":".zoe-btn-help"}},"elementArrayFinder_":{"locator_":{"$ref":"$[\"helpButton\"][\"parentElementArrayFinder\"][\"locator_\"]"}}},"helpElement":{"parentElementArrayFinder":{"locator_":{"using":"css selector","value":".zoe-help-overlay"}},"elementArrayFinder_":{"locator_":{"$ref":"$[\"helpElement\"][\"parentElementArrayFinder\"][\"locator_\"]"}}},"zoomButton":{"parentElementArrayFinder":{"locator_":{"using":"css selector","value":".zoe-btn-zoom"}},"elementArrayFinder_":{"locator_":{"$ref":"$[\"zoomButton\"][\"parentElementArrayFinder\"][\"locator_\"]"}}},"zoomElement":{"parentElementArrayFinder":{"locator_":{"using":"css selector","value":".zoe-zoom"}},"elementArrayFinder_":{"locator_":{"$ref":"$[\"zoomElement\"][\"parentElementArrayFinder\"][\"locator_\"]"}}},"zoomImage":{"parentElementArrayFinder":{"locator_":{"using":"css selector","value":".zoe-zoom-frame"}},"elementArrayFinder_":{"locator_":{"$ref":"$[\"zoomImage\"][\"parentElementArrayFinder\"][\"locator_\"]"}}},"closeButton":{"parentElementArrayFinder":{"locator_":{"using":"css selector","value":".zoe-btn-close"}},"elementArrayFinder_":{"locator_":{"$ref":"$[\"closeButton\"][\"parentElementArrayFinder\"][\"locator_\"]"}}},"widgetImageDiv":{"parentElementArrayFinder":{"locator_":{"using":"css selector","value":".zoe-engage-image.reel"}},"elementArrayFinder_":{"locator_":{"$ref":"$[\"widgetImageDiv\"][\"parentElementArrayFinder\"][\"locator_\"]"}}},"inlineDivSelector":{"parentElementArrayFinder":{"locator_":{"using":"css selector","value":".zoe-inline.reel"}},"elementArrayFinder_":{"locator_":{"$ref":"$[\"inlineDivSelector\"][\"parentElementArrayFinder\"][\"locator_\"]"}}},"widgetWrapperSelector":{"parentElementArrayFinder":{"locator_":{"using":"css selector","value":".zoe-engage-wrapper"}},"elementArrayFinder_":{"locator_":{"$ref":"$[\"widgetWrapperSelector\"][\"parentElementArrayFinder\"][\"locator_\"]"}}},"widgetWrapperImage":{"parentElementArrayFinder":{"locator_":{"using":"css selector","value":".zoe-frame"}},"elementArrayFinder_":{"locator_":{"$ref":"$[\"widgetWrapperImage\"][\"parentElementArrayFinder\"][\"locator_\"]"}}},"pageImageSelector":{"parentElementArrayFinder":{"locator_":{"using":"css selector","value":".zoe-engage-wrapper"}},"elementArrayFinder_":{"locator_":{"$ref":"$[\"pageImageSelector\"][\"parentElementArrayFinder\"][\"locator_\"]"}}},"inlineTrigger":{"parentElementArrayFinder":{"locator_":{"using":"css selector","value":"a.zoe-engage-trigger"}},"elementArrayFinder_":{"locator_":{"$ref":"$[\"inlineTrigger\"][\"parentElementArrayFinder\"][\"locator_\"]"}}},"inlineWrapper":{"parentElementArrayFinder":{"locator_":{"using":"css selector","value":".zoe-engage-wrapper.zoe-inline"}},"elementArrayFinder_":{"locator_":{"$ref":"$[\"inlineWrapper\"][\"parentElementArrayFinder\"][\"locator_\"]"}}},"frameSelector":{"parentElementArrayFinder":{"locator_":{"using":"css selector","value":".zoe-frame"}},"elementArrayFinder_":{"locator_":{"$ref":"$[\"frameSelector\"][\"parentElementArrayFinder\"][\"locator_\"]"}}},"interactCTA":{"parentElementArrayFinder":{"locator_":{"using":"css selector","value":".zoe-interact-cta"}},"elementArrayFinder_":{"locator_":{"$ref":"$[\"interactCTA\"][\"parentElementArrayFinder\"][\"locator_\"]"}}},"triggerCTA":{"parentElementArrayFinder":{"locator_":{"using":"css selector","value":".zoe-trigger-cta"}},"elementArrayFinder_":{"locator_":{"$ref":"$[\"triggerCTA\"][\"parentElementArrayFinder\"][\"locator_\"]"}}},"helpRotate":{"parentElementArrayFinder":{"locator_":{"using":"css selector","value":".zoe-help-rotate .zoe-help-text"}},"elementArrayFinder_":{"locator_":{"$ref":"$[\"helpRotate\"][\"parentElementArrayFinder\"][\"locator_\"]"}}},"helpElevate":{"parentElementArrayFinder":{"locator_":{"using":"css selector","value":".zoe-help-elevate .zoe-help-text"}},"elementArrayFinder_":{"locator_":{"$ref":"$[\"helpElevate\"][\"parentElementArrayFinder\"][\"locator_\"]"}}},"helpZoom":{"parentElementArrayFinder":{"locator_":{"using":"css selector","value":".zoe-help-zoom .zoe-help-text"}},"elementArrayFinder_":{"locator_":{"$ref":"$[\"helpZoom\"][\"parentElementArrayFinder\"][\"locator_\"]"}}},"helpBrand":{"parentElementArrayFinder":{"locator_":{"using":"css selector","value":".zoe-help-brand .zoe-help-text"}},"elementArrayFinder_":{"locator_":{"$ref":"$[\"helpBrand\"][\"parentElementArrayFinder\"][\"locator_\"]"}}},"extraContent":{"parentElementArrayFinder":{"locator_":{"using":"css selector","value":".zoe-display-extra-content"}},"elementArrayFinder_":{"locator_":{"$ref":"$[\"extraContent\"][\"parentElementArrayFinder\"][\"locator_\"]"}}},"level":"debug","message":"elementFinder is ","timestamp":"2014-10-09T09:35:02.314Z"}
{"level":"info","message":"Initialising jasmine tests","timestamp":"2014-10-09T09:35:02.313Z"}
{"inline":{},"popover":{},"indiscriminate":{},"progressWrapper":{"parentElementArrayFinder":{"locator_":{"using":"css selector","value":".zoe-progress-wrapper"}},"elementArrayFinder_":{"locator_":{"$ref":"$[\"progressWrapper\"][\"parentElementArrayFinder\"][\"locator_\"]"}}},"widgetOverlay":{"parentElementArrayFinder":{"locator_":{"using":"css selector","value":"#zoe-zbox-overlay"}},"elementArrayFinder_":{"locator_":{"$ref":"$[\"widgetOverlay\"][\"parentElementArrayFinder\"][\"locator_\"]"}}},"widgetTrigger":{"parentElementArrayFinder":{"locator_":{"using":"css selector","value":".zoe-engage-trigger>img"}},"elementArrayFinder_":{"locator_":{"$ref":"$[\"widgetTrigger\"][\"parentElementArrayFinder\"][\"locator_\"]"}}},"widgetColorbox":{"parentElementArrayFinder":{"locator_":{"using":"css selector","value":"#zoe-zbox-content"}},"elementArrayFinder_":{"locator_":{"$ref":"$[\"widgetColorbox\"][\"parentElementArrayFinder\"][\"locator_\"]"}}},"helpButton":{"parentElementArrayFinder":{"locator_":{"using":"css selector","value":".zoe-btn-help"}},"elementArrayFinder_":{"locator_":{"$ref":"$[\"helpButton\"][\"parentElementArrayFinder\"][\"locator_\"]"}}},"helpElement":{"parentElementArrayFinder":{"locator_":{"using":"css selector","value":".zoe-help-overlay"}},"elementArrayFinder_":{"locator_":{"$ref":"$[\"helpElement\"][\"parentElementArrayFinder\"][\"locator_\"]"}}},"zoomButton":{"parentElementArrayFinder":{"locator_":{"using":"css selector","value":".zoe-btn-zoom"}},"elementArrayFinder_":{"locator_":{"$ref":"$[\"zoomButton\"][\"parentElementArrayFinder\"][\"locator_\"]"}}},"zoomElement":{"parentElementArrayFinder":{"locator_":{"using":"css selector","value":".zoe-zoom"}},"elementArrayFinder_":{"locator_":{"$ref":"$[\"zoomElement\"][\"parentElementArrayFinder\"][\"locator_\"]"}}},"zoomImage":{"parentElementArrayFinder":{"locator_":{"using":"css selector","value":".zoe-zoom-frame"}},"elementArrayFinder_":{"locator_":{"$ref":"$[\"zoomImage\"][\"parentElementArrayFinder\"][\"locator_\"]"}}},"closeButton":{"parentElementArrayFinder":{"locator_":{"using":"css selector","value":".zoe-btn-close"}},"elementArrayFinder_":{"locator_":{"$ref":"$[\"closeButton\"][\"parentElementArrayFinder\"][\"locator_\"]"}}},"widgetImageDiv":{"parentElementArrayFinder":{"locator_":{"using":"css selector","value":".zoe-engage-image.reel"}},"elementArrayFinder_":{"locator_":{"$ref":"$[\"widgetImageDiv\"][\"parentElementArrayFinder\"][\"locator_\"]"}}},"inlineDivSelector":{"parentElementArrayFinder":{"locator_":{"using":"css selector","value":".zoe-inline.reel"}},"elementArrayFinder_":{"locator_":{"$ref":"$[\"inlineDivSelector\"][\"parentElementArrayFinder\"][\"locator_\"]"}}},"widgetWrapperSelector":{"parentElementArrayFinder":{"locator_":{"using":"css selector","value":".zoe-engage-wrapper"}},"elementArrayFinder_":{"locator_":{"$ref":"$[\"widgetWrapperSelector\"][\"parentElementArrayFinder\"][\"locator_\"]"}}},"widgetWrapperImage":{"parentElementArrayFinder":{"locator_":{"using":"css selector","value":".zoe-frame"}},"elementArrayFinder_":{"locator_":{"$ref":"$[\"widgetWrapperImage\"][\"parentElementArrayFinder\"][\"locator_\"]"}}},"pageImageSelector":{"parentElementArrayFinder":{"locator_":{"using":"css selector","value":".zoe-engage-wrapper"}},"elementArrayFinder_":{"locator_":{"$ref":"$[\"pageImageSelector\"][\"parentElementArrayFinder\"][\"locator_\"]"}}},"inlineTrigger":{"parentElementArrayFinder":{"locator_":{"using":"css selector","value":"a.zoe-engage-trigger"}},"elementArrayFinder_":{"locator_":{"$ref":"$[\"inlineTrigger\"][\"parentElementArrayFinder\"][\"locator_\"]"}}},"inlineWrapper":{"parentElementArrayFinder":{"locator_":{"using":"css selector","value":".zoe-engage-wrapper.zoe-inline"}},"elementArrayFinder_":{"locator_":{"$ref":"$[\"inlineWrapper\"][\"parentElementArrayFinder\"][\"locator_\"]"}}},"frameSelector":{"parentElementArrayFinder":{"locator_":{"using":"css selector","value":".zoe-frame"}},"elementArrayFinder_":{"locator_":{"$ref":"$[\"frameSelector\"][\"parentElementArrayFinder\"][\"locator_\"]"}}},"interactCTA":{"parentElementArrayFinder":{"locator_":{"using":"css selector","value":".zoe-interact-cta"}},"elementArrayFinder_":{"locator_":{"$ref":"$[\"interactCTA\"][\"parentElementArrayFinder\"][\"locator_\"]"}}},"triggerCTA":{"parentElementArrayFinder":{"locator_":{"using":"css selector","value":".zoe-trigger-cta"}},"elementArrayFinder_":{"locator_":{"$ref":"$[\"triggerCTA\"][\"parentElementArrayFinder\"][\"locator_\"]"}}},"helpRotate":{"parentElementArrayFinder":{"locator_":{"using":"css selector","value":".zoe-help-rotate .zoe-help-text"}},"elementArrayFinder_":{"locator_":{"$ref":"$[\"helpRotate\"][\"parentElementArrayFinder\"][\"locator_\"]"}}},"helpElevate":{"parentElementArrayFinder":{"locator_":{"using":"css selector","value":".zoe-help-elevate .zoe-help-text"}},"elementArrayFinder_":{"locator_":{"$ref":"$[\"helpElevate\"][\"parentElementArrayFinder\"][\"locator_\"]"}}},"helpZoom":{"parentElementArrayFinder":{"locator_":{"using":"css selector","value":".zoe-help-zoom .zoe-help-text"}},"elementArrayFinder_":{"locator_":{"$ref":"$[\"helpZoom\"][\"parentElementArrayFinder\"][\"locator_\"]"}}},"helpBrand":{"parentElementArrayFinder":{"locator_":{"using":"css selector","value":".zoe-help-brand .zoe-help-text"}},"elementArrayFinder_":{"locator_":{"$ref":"$[\"helpBrand\"][\"parentElementArrayFinder\"][\"locator_\"]"}}},"extraContent":{"parentElementArrayFinder":{"locator_":{"using":"css selector","value":".zoe-display-extra-content"}},"elementArrayFinder_":{"locator_":{"$ref":"$[\"extraContent\"][\"parentElementArrayFinder\"][\"locator_\"]"}}},"level":"debug","message":"elementFinder is ","timestamp":"2014-10-09T09:35:02.315Z"}
{"level":"info","message":"Initialising jasmine tests","timestamp":"2014-10-09T09:35:02.315Z"}
{"inline":{},"popover":{},"indiscriminate":{},"progressWrapper":{"parentElementArrayFinder":{"locator_":{"using":"css selector","value":".zoe-progress-wrapper"}},"elementArrayFinder_":{"locator_":{"$ref":"$[\"progressWrapper\"][\"parentElementArrayFinder\"][\"locator_\"]"}}},"widgetOverlay":{"parentElementArrayFinder":{"locator_":{"using":"css selector","value":"#zoe-zbox-overlay"}},"elementArrayFinder_":{"locator_":{"$ref":"$[\"widgetOverlay\"][\"parentElementArrayFinder\"][\"locator_\"]"}}},"widgetTrigger":{"parentElementArrayFinder":{"locator_":{"using":"css selector","value":".zoe-engage-trigger>img"}},"elementArrayFinder_":{"locator_":{"$ref":"$[\"widgetTrigger\"][\"parentElementArrayFinder\"][\"locator_\"]"}}},"widgetColorbox":{"parentElementArrayFinder":{"locator_":{"using":"css selector","value":"#zoe-zbox-content"}},"elementArrayFinder_":{"locator_":{"$ref":"$[\"widgetColorbox\"][\"parentElementArrayFinder\"][\"locator_\"]"}}},"helpButton":{"parentElementArrayFinder":{"locator_":{"using":"css selector","value":".zoe-btn-help"}},"elementArrayFinder_":{"locator_":{"$ref":"$[\"helpButton\"][\"parentElementArrayFinder\"][\"locator_\"]"}}},"helpElement":{"parentElementArrayFinder":{"locator_":{"using":"css selector","value":".zoe-help-overlay"}},"elementArrayFinder_":{"locator_":{"$ref":"$[\"helpElement\"][\"parentElementArrayFinder\"][\"locator_\"]"}}},"zoomButton":{"parentElementArrayFinder":{"locator_":{"using":"css selector","value":".zoe-btn-zoom"}},"elementArrayFinder_":{"locator_":{"$ref":"$[\"zoomButton\"][\"parentElementArrayFinder\"][\"locator_\"]"}}},"zoomElement":{"parentElementArrayFinder":{"locator_":{"using":"css selector","value":".zoe-zoom"}},"elementArrayFinder_":{"locator_":{"$ref":"$[\"zoomElement\"][\"parentElementArrayFinder\"][\"locator_\"]"}}},"zoomImage":{"parentElementArrayFinder":{"locator_":{"using":"css selector","value":".zoe-zoom-frame"}},"elementArrayFinder_":{"locator_":{"$ref":"$[\"zoomImage\"][\"parentElementArrayFinder\"][\"locator_\"]"}}},"closeButton":{"parentElementArrayFinder":{"locator_":{"using":"css selector","value":".zoe-btn-close"}},"elementArrayFinder_":{"locator_":{"$ref":"$[\"closeButton\"][\"parentElementArrayFinder\"][\"locator_\"]"}}},"widgetImageDiv":{"parentElementArrayFinder":{"locator_":{"using":"css selector","value":".zoe-engage-image.reel"}},"elementArrayFinder_":{"locator_":{"$ref":"$[\"widgetImageDiv\"][\"parentElementArrayFinder\"][\"locator_\"]"}}},"inlineDivSelector":{"parentElementArrayFinder":{"locator_":{"using":"css selector","value":".zoe-inline.reel"}},"elementArrayFinder_":{"locator_":{"$ref":"$[\"inlineDivSelector\"][\"parentElementArrayFinder\"][\"locator_\"]"}}},"widgetWrapperSelector":{"parentElementArrayFinder":{"locator_":{"using":"css selector","value":".zoe-engage-wrapper"}},"elementArrayFinder_":{"locator_":{"$ref":"$[\"widgetWrapperSelector\"][\"parentElementArrayFinder\"][\"locator_\"]"}}},"widgetWrapperImage":{"parentElementArrayFinder":{"locator_":{"using":"css selector","value":".zoe-frame"}},"elementArrayFinder_":{"locator_":{"$ref":"$[\"widgetWrapperImage\"][\"parentElementArrayFinder\"][\"locator_\"]"}}},"pageImageSelector":{"parentElementArrayFinder":{"locator_":{"using":"css selector","value":".zoe-engage-wrapper"}},"elementArrayFinder_":{"locator_":{"$ref":"$[\"pageImageSelector\"][\"parentElementArrayFinder\"][\"locator_\"]"}}},"inlineTrigger":{"parentElementArrayFinder":{"locator_":{"using":"css selector","value":"a.zoe-engage-trigger"}},"elementArrayFinder_":{"locator_":{"$ref":"$[\"inlineTrigger\"][\"parentElementArrayFinder\"][\"locator_\"]"}}},"inlineWrapper":{"parentElementArrayFinder":{"locator_":{"using":"css selector","value":".zoe-engage-wrapper.zoe-inline"}},"elementArrayFinder_":{"locator_":{"$ref":"$[\"inlineWrapper\"][\"parentElementArrayFinder\"][\"locator_\"]"}}},"frameSelector":{"parentElementArrayFinder":{"locator_":{"using":"css selector","value":".zoe-frame"}},"elementArrayFinder_":{"locator_":{"$ref":"$[\"frameSelector\"][\"parentElementArrayFinder\"][\"locator_\"]"}}},"interactCTA":{"parentElementArrayFinder":{"locator_":{"using":"css selector","value":".zoe-interact-cta"}},"elementArrayFinder_":{"locator_":{"$ref":"$[\"interactCTA\"][\"parentElementArrayFinder\"][\"locator_\"]"}}},"triggerCTA":{"parentElementArrayFinder":{"locator_":{"using":"css selector","value":".zoe-trigger-cta"}},"elementArrayFinder_":{"locator_":{"$ref":"$[\"triggerCTA\"][\"parentElementArrayFinder\"][\"locator_\"]"}}},"helpRotate":{"parentElementArrayFinder":{"locator_":{"using":"css selector","value":".zoe-help-rotate .zoe-help-text"}},"elementArrayFinder_":{"locator_":{"$ref":"$[\"helpRotate\"][\"parentElementArrayFinder\"][\"locator_\"]"}}},"helpElevate":{"parentElementArrayFinder":{"locator_":{"using":"css selector","value":".zoe-help-elevate .zoe-help-text"}},"elementArrayFinder_":{"locator_":{"$ref":"$[\"helpElevate\"][\"parentElementArrayFinder\"][\"locator_\"]"}}},"helpZoom":{"parentElementArrayFinder":{"locator_":{"using":"css selector","value":".zoe-help-zoom .zoe-help-text"}},"elementArrayFinder_":{"locator_":{"$ref":"$[\"helpZoom\"][\"parentElementArrayFinder\"][\"locator_\"]"}}},"helpBrand":{"parentElementArrayFinder":{"locator_":{"using":"css selector","value":".zoe-help-brand .zoe-help-text"}},"elementArrayFinder_":{"locator_":{"$ref":"$[\"helpBrand\"][\"parentElementArrayFinder\"][\"locator_\"]"}}},"extraContent":{"parentElementArrayFinder":{"locator_":{"using":"css selector","value":".zoe-display-extra-content"}},"elementArrayFinder_":{"locator_":{"$ref":"$[\"extraContent\"][\"parentElementArrayFinder\"][\"locator_\"]"}}},"level":"debug","message":"elementFinder is ","timestamp":"2014-10-09T09:35:02.318Z"}
{"level":"info","message":"Initialising jasmine tests","timestamp":"2014-10-09T09:35:02.326Z"}
{"inline":{},"popover":{},"indiscriminate":{},"progressWrapper":{"parentElementArrayFinder":{"locator_":{"using":"css selector","value":".zoe-progress-wrapper"}},"elementArrayFinder_":{"locator_":{"$ref":"$[\"progressWrapper\"][\"parentElementArrayFinder\"][\"locator_\"]"}}},"widgetOverlay":{"parentElementArrayFinder":{"locator_":{"using":"css selector","value":"#zoe-zbox-overlay"}},"elementArrayFinder_":{"locator_":{"$ref":"$[\"widgetOverlay\"][\"parentElementArrayFinder\"][\"locator_\"]"}}},"widgetTrigger":{"parentElementArrayFinder":{"locator_":{"using":"css selector","value":".zoe-engage-trigger>img"}},"elementArrayFinder_":{"locator_":{"$ref":"$[\"widgetTrigger\"][\"parentElementArrayFinder\"][\"locator_\"]"}}},"widgetColorbox":{"parentElementArrayFinder":{"locator_":{"using":"css selector","value":"#zoe-zbox-content"}},"elementArrayFinder_":{"locator_":{"$ref":"$[\"widgetColorbox\"][\"parentElementArrayFinder\"][\"locator_\"]"}}},"helpButton":{"parentElementArrayFinder":{"locator_":{"using":"css selector","value":".zoe-btn-help"}},"elementArrayFinder_":{"locator_":{"$ref":"$[\"helpButton\"][\"parentElementArrayFinder\"][\"locator_\"]"}}},"helpElement":{"parentElementArrayFinder":{"locator_":{"using":"css selector","value":".zoe-help-overlay"}},"elementArrayFinder_":{"locator_":{"$ref":"$[\"helpElement\"][\"parentElementArrayFinder\"][\"locator_\"]"}}},"zoomButton":{"parentElementArrayFinder":{"locator_":{"using":"css selector","value":".zoe-btn-zoom"}},"elementArrayFinder_":{"locator_":{"$ref":"$[\"zoomButton\"][\"parentElementArrayFinder\"][\"locator_\"]"}}},"zoomElement":{"parentElementArrayFinder":{"locator_":{"using":"css selector","value":".zoe-zoom"}},"elementArrayFinder_":{"locator_":{"$ref":"$[\"zoomElement\"][\"parentElementArrayFinder\"][\"locator_\"]"}}},"zoomImage":{"parentElementArrayFinder":{"locator_":{"using":"css selector","value":".zoe-zoom-frame"}},"elementArrayFinder_":{"locator_":{"$ref":"$[\"zoomImage\"][\"parentElementArrayFinder\"][\"locator_\"]"}}},"closeButton":{"parentElementArrayFinder":{"locator_":{"using":"css selector","value":".zoe-btn-close"}},"elementArrayFinder_":{"locator_":{"$ref":"$[\"closeButton\"][\"parentElementArrayFinder\"][\"locator_\"]"}}},"widgetImageDiv":{"parentElementArrayFinder":{"locator_":{"using":"css selector","value":".zoe-engage-image.reel"}},"elementArrayFinder_":{"locator_":{"$ref":"$[\"widgetImageDiv\"][\"parentElementArrayFinder\"][\"locator_\"]"}}},"inlineDivSelector":{"parentElementArrayFinder":{"locator_":{"using":"css selector","value":".zoe-inline.reel"}},"elementArrayFinder_":{"locator_":{"$ref":"$[\"inlineDivSelector\"][\"parentElementArrayFinder\"][\"locator_\"]"}}},"widgetWrapperSelector":{"parentElementArrayFinder":{"locator_":{"using":"css selector","value":".zoe-engage-wrapper"}},"elementArrayFinder_":{"locator_":{"$ref":"$[\"widgetWrapperSelector\"][\"parentElementArrayFinder\"][\"locator_\"]"}}},"widgetWrapperImage":{"parentElementArrayFinder":{"locator_":{"using":"css selector","value":".zoe-frame"}},"elementArrayFinder_":{"locator_":{"$ref":"$[\"widgetWrapperImage\"][\"parentElementArrayFinder\"][\"locator_\"]"}}},"pageImageSelector":{"parentElementArrayFinder":{"locator_":{"using":"css selector","value":".zoe-engage-wrapper"}},"elementArrayFinder_":{"locator_":{"$ref":"$[\"pageImageSelector\"][\"parentElementArrayFinder\"][\"locator_\"]"}}},"inlineTrigger":{"parentElementArrayFinder":{"locator_":{"using":"css selector","value":"a.zoe-engage-trigger"}},"elementArrayFinder_":{"locator_":{"$ref":"$[\"inlineTrigger\"][\"parentElementArrayFinder\"][\"locator_\"]"}}},"inlineWrapper":{"parentElementArrayFinder":{"locator_":{"using":"css selector","value":".zoe-engage-wrapper.zoe-inline"}},"elementArrayFinder_":{"locator_":{"$ref":"$[\"inlineWrapper\"][\"parentElementArrayFinder\"][\"locator_\"]"}}},"frameSelector":{"parentElementArrayFinder":{"locator_":{"using":"css selector","value":".zoe-frame"}},"elementArrayFinder_":{"locator_":{"$ref":"$[\"frameSelector\"][\"parentElementArrayFinder\"][\"locator_\"]"}}},"interactCTA":{"parentElementArrayFinder":{"locator_":{"using":"css selector","value":".zoe-interact-cta"}},"elementArrayFinder_":{"locator_":{"$ref":"$[\"interactCTA\"][\"parentElementArrayFinder\"][\"locator_\"]"}}},"triggerCTA":{"parentElementArrayFinder":{"locator_":{"using":"css selector","value":".zoe-trigger-cta"}},"elementArrayFinder_":{"locator_":{"$ref":"$[\"triggerCTA\"][\"parentElementArrayFinder\"][\"locator_\"]"}}},"helpRotate":{"parentElementArrayFinder":{"locator_":{"using":"css selector","value":".zoe-help-rotate .zoe-help-text"}},"elementArrayFinder_":{"locator_":{"$ref":"$[\"helpRotate\"][\"parentElementArrayFinder\"][\"locator_\"]"}}},"helpElevate":{"parentElementArrayFinder":{"locator_":{"using":"css selector","value":".zoe-help-elevate .zoe-help-text"}},"elementArrayFinder_":{"locator_":{"$ref":"$[\"helpElevate\"][\"parentElementArrayFinder\"][\"locator_\"]"}}},"helpZoom":{"parentElementArrayFinder":{"locator_":{"using":"css selector","value":".zoe-help-zoom .zoe-help-text"}},"elementArrayFinder_":{"locator_":{"$ref":"$[\"helpZoom\"][\"parentElementArrayFinder\"][\"locator_\"]"}}},"helpBrand":{"parentElementArrayFinder":{"locator_":{"using":"css selector","value":".zoe-help-brand .zoe-help-text"}},"elementArrayFinder_":{"locator_":{"$ref":"$[\"helpBrand\"][\"parentElementArrayFinder\"][\"locator_\"]"}}},"extraContent":{"parentElementArrayFinder":{"locator_":{"using":"css selector","value":".zoe-display-extra-content"}},"elementArrayFinder_":{"locator_":{"$ref":"$[\"extraContent\"][\"parentElementArrayFinder\"][\"locator_\"]"}}},"level":"debug","message":"elementFinder is ","timestamp":"2014-10-09T09:35:02.328Z"}
{"takesScreenshot":true,"version":"6.1","cssSelectorsEnabled":true,"javascriptEnabled":true,"databaseEnabled":true,"locationContextEnabled":true,"platform":"MAC","browserName":"iPad","webdriver.remote.sessionid":"ae22008c1e3244c985857677077e6983","hasMetadata":true,"webStorageEnabled":true,"level":"info","message":"","timestamp":"2014-10-09T09:35:46.430Z"}
{"takesScreenshot":true,"version":"6.1","cssSelectorsEnabled":true,"javascriptEnabled":true,"databaseEnabled":true,"locationContextEnabled":true,"platform":"MAC","browserName":"iPhone","webdriver.remote.sessionid":"55295f0957844b9cb451df95c8c5dbae","hasMetadata":true,"webStorageEnabled":true,"level":"info","message":"","timestamp":"2014-10-09T09:35:46.431Z"}
{"level":"info","message":"undefined","timestamp":"2014-10-09T09:35:46.431Z"}
{"level":"info","message":"BROWSER IS: iPad","timestamp":"2014-10-09T09:35:46.431Z"}
{"level":"info","message":"Initialising file paths with browser & version","timestamp":"2014-10-09T09:35:46.431Z"}
{"level":"info","message":"Initialising file paths with browser & version","timestamp":"2014-10-09T09:35:46.432Z"}
{"level":"info","message":"Initialising file paths with browser & version","timestamp":"2014-10-09T09:35:46.432Z"}
{"level":"info","message":"Initialising file paths with browser & version","timestamp":"2014-10-09T09:35:46.432Z"}
{"level":"info","message":"Initialising file paths with browser & version","timestamp":"2014-10-09T09:35:46.432Z"}
{"level":"info","message":"Initialising file paths with browser & version","timestamp":"2014-10-09T09:35:46.432Z"}
{"level":"info","message":"Initialising file paths with browser & version","timestamp":"2014-10-09T09:35:46.432Z"}
{"level":"info","message":"Initialising file paths with browser & version","timestamp":"2014-10-09T09:35:46.432Z"}
{"level":"info","message":"Initialising file paths with browser & version","timestamp":"2014-10-09T09:35:46.432Z"}
{"level":"info","message":"Initialising file paths with browser & version","timestamp":"2014-10-09T09:35:46.432Z"}
{"level":"info","message":"Initialising file paths with browser & version","timestamp":"2014-10-09T09:35:46.432Z"}
{"level":"info","message":"Initialising file paths with browser & version","timestamp":"2014-10-09T09:35:46.432Z"}
{"level":"info","message":"Initialising file paths with browser & version","timestamp":"2014-10-09T09:35:46.432Z"}
{"level":"info","message":"Initialising file paths with browser & version","timestamp":"2014-10-09T09:35:46.432Z"}
{"level":"info","message":"Initialising file paths with browser & version","timestamp":"2014-10-09T09:35:46.432Z"}
{"level":"info","message":"Initialising file paths with browser & version","timestamp":"2014-10-09T09:35:46.432Z"}
{"level":"info","message":"Initialising file paths with browser & version","timestamp":"2014-10-09T09:35:46.432Z"}
{"level":"info","message":"Initialising file paths with browser & version","timestamp":"2014-10-09T09:35:46.432Z"}
{"level":"info","message":"Initialising file paths with browser & version","timestamp":"2014-10-09T09:35:46.432Z"}
{"level":"info","message":"Initialising file paths with browser & version","timestamp":"2014-10-09T09:35:46.433Z"}
{"level":"info","message":"Initialising file paths with browser & version","timestamp":"2014-10-09T09:35:46.433Z"}
{"level":"info","message":"undefined","timestamp":"2014-10-09T09:35:46.432Z"}
{"level":"info","message":"BROWSER IS: iPhone","timestamp":"2014-10-09T09:35:46.432Z"}
{"level":"info","message":"Initialising file paths with browser & version","timestamp":"2014-10-09T09:35:46.433Z"}
{"level":"info","message":"Initialising file paths with browser & version","timestamp":"2014-10-09T09:35:46.433Z"}
{"level":"info","message":"Initialising file paths with browser & version","timestamp":"2014-10-09T09:35:46.433Z"}
{"level":"info","message":"Initialising file paths with browser & version","timestamp":"2014-10-09T09:35:46.433Z"}
{"level":"info","message":"Initialising file paths with browser & version","timestamp":"2014-10-09T09:35:46.433Z"}
{"level":"info","message":"Initialising file paths with browser & version","timestamp":"2014-10-09T09:35:46.433Z"}
{"level":"info","message":"Initialising file paths with browser & version","timestamp":"2014-10-09T09:35:46.433Z"}
{"level":"info","message":"Initialising file paths with browser & version","timestamp":"2014-10-09T09:35:46.433Z"}
{"level":"info","message":"Initialising file paths with browser & version","timestamp":"2014-10-09T09:35:46.433Z"}
{"level":"info","message":"Initialising file paths with browser & version","timestamp":"2014-10-09T09:35:46.433Z"}
{"level":"info","message":"Initialising file paths with browser & version","timestamp":"2014-10-09T09:35:46.433Z"}
{"level":"info","message":"Initialising file paths with browser & version","timestamp":"2014-10-09T09:35:46.433Z"}
{"level":"info","message":"Initialising file paths with browser & version","timestamp":"2014-10-09T09:35:46.433Z"}
{"level":"info","message":"Initialising file paths with browser & version","timestamp":"2014-10-09T09:35:46.433Z"}
{"level":"info","message":"Initialising file paths with browser & version","timestamp":"2014-10-09T09:35:46.433Z"}
{"level":"info","message":"Initialising file paths with browser & version","timestamp":"2014-10-09T09:35:46.433Z"}
{"level":"info","message":"Initialising file paths with browser & version","timestamp":"2014-10-09T09:35:46.433Z"}
{"level":"info","message":"Initialising file paths with browser & version","timestamp":"2014-10-09T09:35:46.434Z"}
{"level":"info","message":"Initialising file paths with browser & version","timestamp":"2014-10-09T09:35:46.434Z"}
{"level":"info","message":"Initialising file paths with browser & version","timestamp":"2014-10-09T09:35:46.434Z"}
{"level":"info","message":"Initialising file paths with browser & version","timestamp":"2014-10-09T09:35:46.434Z"}
{"level":"info","message":"Opening URL: http://jenkins.zoetrope.io:8888/v3/testInline.html","timestamp":"2014-10-09T09:35:47.031Z"}
{"level":"info","message":"Initialising file paths with browser & version","timestamp":"2014-10-09T09:35:47.031Z"}
{"level":"info","message":"Initialising file paths with browser & version","timestamp":"2014-10-09T09:35:47.032Z"}
{"level":"info","message":"Initialising file paths with browser & version","timestamp":"2014-10-09T09:35:47.032Z"}
{"level":"info","message":"Initialising file paths with browser & version","timestamp":"2014-10-09T09:35:47.032Z"}
{"level":"info","message":"Initialising file paths with browser & version","timestamp":"2014-10-09T09:35:47.032Z"}
{"level":"info","message":"Initialising file paths with browser & version","timestamp":"2014-10-09T09:35:47.032Z"}
{"level":"info","message":"Opening URL: http://jenkins.zoetrope.io:8888/v3/testInline.html","timestamp":"2014-10-09T09:35:47.051Z"}
{"level":"info","message":"Initialising file paths with browser & version","timestamp":"2014-10-09T09:35:47.051Z"}
{"level":"info","message":"Initialising file paths with browser & version","timestamp":"2014-10-09T09:35:47.052Z"}
{"level":"info","message":"Initialising file paths with browser & version","timestamp":"2014-10-09T09:35:47.052Z"}
{"level":"info","message":"Initialising file paths with browser & version","timestamp":"2014-10-09T09:35:47.052Z"}
{"level":"info","message":"Initialising file paths with browser & version","timestamp":"2014-10-09T09:35:47.052Z"}
{"level":"info","message":"Initialising file paths with browser & version","timestamp":"2014-10-09T09:35:47.052Z"}
{"level":"info","message":"Comparing images for stageload","timestamp":"2014-10-09T09:35:54.412Z"}
{"level":"info","message":"Comparing images for stageload","timestamp":"2014-10-09T09:35:54.414Z"}
{"level":"info","message":"Saving screenshot to /tmp/screeniPhone6.155295f0957844b9cb451df95c8c5dbae.png.load","timestamp":"2014-10-09T09:35:54.412Z"}
{"level":"info","message":"Saving screenshot to /tmp/screeniPad6.1ae22008c1e3244c985857677077e6983.png.load","timestamp":"2014-10-09T09:35:54.414Z"}
{"level":"info","message":"Saved screenshot","timestamp":"2014-10-09T09:35:56.927Z"}
{"level":"info","message":"Comparing images from paths: /tmp/screeniPad6.1ae22008c1e3244c985857677077e6983.png.load and images/load-inline-iPad-6.1.png","timestamp":"2014-10-09T09:35:56.929Z"}
{"level":"info","message":"Saved screenshot","timestamp":"2014-10-09T09:35:56.961Z"}
{"level":"info","message":"Comparing images from paths: /tmp/screeniPhone6.155295f0957844b9cb451df95c8c5dbae.png.load and images/load-inline-iPhone-6.1.png","timestamp":"2014-10-09T09:35:56.962Z"}
{"level":"info","message":"Image comparison gave: 0","timestamp":"2014-10-09T09:35:56.973Z"}
{"level":"info","message":"iPad6.1ae22008c1e3244c985857677077e6983 compared images for stage: loadwith eqaulity of: 0","timestamp":"2014-10-09T09:35:56.973Z"}
{"level":"info","message":"Image comparison gave: 0","timestamp":"2014-10-09T09:35:56.988Z"}
{"level":"info","message":"iPhone6.155295f0957844b9cb451df95c8c5dbae compared images for stage: loadwith eqaulity of: 0","timestamp":"2014-10-09T09:35:56.989Z"}
{"level":"info","message":"Clicking the help button","timestamp":"2014-10-09T09:35:57.612Z"}
{"parentElementArrayFinder":{"locator_":{"using":"css selector","value":".zoe-btn-help"}},"elementArrayFinder_":{"locator_":{"$ref":"$[\"parentElementArrayFinder\"][\"locator_\"]"}},"level":"info","message":"help button is","timestamp":"2014-10-09T09:35:57.615Z"}
{"level":"info","message":"Clicking the help button","timestamp":"2014-10-09T09:35:57.647Z"}
{"parentElementArrayFinder":{"locator_":{"using":"css selector","value":".zoe-btn-help"}},"elementArrayFinder_":{"locator_":{"$ref":"$[\"parentElementArrayFinder\"][\"locator_\"]"}},"level":"info","message":"help button is","timestamp":"2014-10-09T09:35:57.651Z"}
{"level":"info","message":"Clicking the help button","timestamp":"2014-10-09T09:36:28.949Z"}
{"parentElementArrayFinder":{"locator_":{"using":"css selector","value":".zoe-btn-help"}},"elementArrayFinder_":{"locator_":{"$ref":"$[\"parentElementArrayFinder\"][\"locator_\"]"}},"level":"info","message":"help button is","timestamp":"2014-10-09T09:36:28.951Z"}
{"level":"info","message":"Comparing images for stagehelpClose","timestamp":"2014-10-09T09:36:28.952Z"}
{"level":"info","message":"Saving screenshot to /tmp/screeniPad6.1ae22008c1e3244c985857677077e6983.png.helpClose","timestamp":"2014-10-09T09:36:28.952Z"}
{"level":"info","message":"Clicking the help button","timestamp":"2014-10-09T09:36:28.967Z"}
{"parentElementArrayFinder":{"locator_":{"using":"css selector","value":".zoe-btn-help"}},"elementArrayFinder_":{"locator_":{"$ref":"$[\"parentElementArrayFinder\"][\"locator_\"]"}},"level":"info","message":"help button is","timestamp":"2014-10-09T09:36:28.970Z"}
{"level":"info","message":"Comparing images for stagehelpClose","timestamp":"2014-10-09T09:36:28.971Z"}
{"level":"info","message":"Saving screenshot to /tmp/screeniPhone6.155295f0957844b9cb451df95c8c5dbae.png.helpClose","timestamp":"2014-10-09T09:36:28.971Z"}
{"level":"info","message":"Clicking the zoom button","timestamp":"2014-10-09T09:37:00.395Z"}
{"level":"info","message":"Comparing images for stagezoom","timestamp":"2014-10-09T09:37:00.398Z"}
{"level":"info","message":"Saving screenshot to /tmp/screeniPad6.1ae22008c1e3244c985857677077e6983.png.zoom","timestamp":"2014-10-09T09:37:00.398Z"}
{"level":"info","message":"Clicking the zoom button","timestamp":"2014-10-09T09:37:00.403Z"}
{"level":"info","message":"Comparing images for stagezoom","timestamp":"2014-10-09T09:37:00.407Z"}
{"level":"info","message":"Saving screenshot to /tmp/screeniPhone6.155295f0957844b9cb451df95c8c5dbae.png.zoom","timestamp":"2014-10-09T09:37:00.407Z"}
{"level":"info","message":"Clicking the zoom button","timestamp":"2014-10-09T09:37:31.747Z"}
{"level":"info","message":"Comparing images for stagezoomClose","timestamp":"2014-10-09T09:37:31.751Z"}
{"level":"info","message":"Saving screenshot to /tmp/screeniPad6.1ae22008c1e3244c985857677077e6983.png.zoomClose","timestamp":"2014-10-09T09:37:31.751Z"}
{"level":"info","message":"Clicking the zoom button","timestamp":"2014-10-09T09:37:31.771Z"}
{"level":"info","message":"Comparing images for stagezoomClose","timestamp":"2014-10-09T09:37:31.775Z"}
{"level":"info","message":"Saving screenshot to /tmp/screeniPhone6.155295f0957844b9cb451df95c8c5dbae.png.zoomClose","timestamp":"2014-10-09T09:37:31.775Z"}
{"level":"info","message":"Opening URL: http://jenkins.zoetrope.io:8888/v3/testPopover.html","timestamp":"2014-10-09T09:38:03.082Z"}
{"level":"info","message":"Initialising file paths with browser & version","timestamp":"2014-10-09T09:38:03.082Z"}
{"level":"info","message":"Initialising file paths with browser & version","timestamp":"2014-10-09T09:38:03.082Z"}
{"level":"info","message":"Initialising file paths with browser & version","timestamp":"2014-10-09T09:38:03.082Z"}
{"level":"info","message":"Initialising file paths with browser & version","timestamp":"2014-10-09T09:38:03.082Z"}
{"level":"info","message":"Initialising file paths with browser & version","timestamp":"2014-10-09T09:38:03.082Z"}
{"level":"info","message":"Initialising file paths with browser & version","timestamp":"2014-10-09T09:38:03.083Z"}
{"level":"info","message":"Opening URL: http://jenkins.zoetrope.io:8888/v3/testPopover.html","timestamp":"2014-10-09T09:38:03.104Z"}
{"level":"info","message":"Initialising file paths with browser & version","timestamp":"2014-10-09T09:38:03.105Z"}
{"level":"info","message":"Initialising file paths with browser & version","timestamp":"2014-10-09T09:38:03.105Z"}
{"level":"info","message":"Initialising file paths with browser & version","timestamp":"2014-10-09T09:38:03.105Z"}
{"level":"info","message":"Initialising file paths with browser & version","timestamp":"2014-10-09T09:38:03.105Z"}
{"level":"info","message":"Initialising file paths with browser & version","timestamp":"2014-10-09T09:38:03.105Z"}
{"level":"info","message":"Initialising file paths with browser & version","timestamp":"2014-10-09T09:38:03.105Z"}
{"level":"info","message":"Clicking on widget trigger","timestamp":"2014-10-09T09:38:35.263Z"}
{"level":"info","message":"Clicking on widget trigger","timestamp":"2014-10-09T09:38:35.286Z"}
{"level":"info","message":"Clicking the help button","timestamp":"2014-10-09T09:39:06.566Z"}
{"parentElementArrayFinder":{"locator_":{"using":"css selector","value":".zoe-btn-help"}},"elementArrayFinder_":{"locator_":{"$ref":"$[\"parentElementArrayFinder\"][\"locator_\"]"}},"level":"info","message":"help button is","timestamp":"2014-10-09T09:39:06.568Z"}
{"level":"info","message":"Clicking the help button","timestamp":"2014-10-09T09:39:06.600Z"}
{"parentElementArrayFinder":{"locator_":{"using":"css selector","value":".zoe-btn-help"}},"elementArrayFinder_":{"locator_":{"$ref":"$[\"parentElementArrayFinder\"][\"locator_\"]"}},"level":"info","message":"help button is","timestamp":"2014-10-09T09:39:06.602Z"}
{"level":"info","message":"Clicking the help button","timestamp":"2014-10-09T09:39:37.850Z"}
{"parentElementArrayFinder":{"locator_":{"using":"css selector","value":".zoe-btn-help"}},"elementArrayFinder_":{"locator_":{"$ref":"$[\"parentElementArrayFinder\"][\"locator_\"]"}},"level":"info","message":"help button is","timestamp":"2014-10-09T09:39:37.852Z"}
{"level":"info","message":"Comparing images for stagehelpClose","timestamp":"2014-10-09T09:39:37.853Z"}
{"level":"info","message":"Saving screenshot to /tmp/screeniPad6.1ae22008c1e3244c985857677077e6983.png.helpClose","timestamp":"2014-10-09T09:39:37.853Z"}
{"level":"info","message":"Clicking the help button","timestamp":"2014-10-09T09:39:37.887Z"}
{"parentElementArrayFinder":{"locator_":{"using":"css selector","value":".zoe-btn-help"}},"elementArrayFinder_":{"locator_":{"$ref":"$[\"parentElementArrayFinder\"][\"locator_\"]"}},"level":"info","message":"help button is","timestamp":"2014-10-09T09:39:37.889Z"}
{"level":"info","message":"Comparing images for stagehelpClose","timestamp":"2014-10-09T09:39:37.890Z"}
{"level":"info","message":"Saving screenshot to /tmp/screeniPhone6.155295f0957844b9cb451df95c8c5dbae.png.helpClose","timestamp":"2014-10-09T09:39:37.890Z"}
{"level":"info","message":"Clicking the zoom button","timestamp":"2014-10-09T09:40:09.143Z"}
{"level":"info","message":"Comparing images for stagezoom","timestamp":"2014-10-09T09:40:09.151Z"}
{"level":"info","message":"Saving screenshot to /tmp/screeniPad6.1ae22008c1e3244c985857677077e6983.png.zoom","timestamp":"2014-10-09T09:40:09.151Z"}
{"level":"info","message":"Clicking the zoom button","timestamp":"2014-10-09T09:40:09.216Z"}
{"level":"info","message":"Comparing images for stagezoom","timestamp":"2014-10-09T09:40:09.220Z"}
{"level":"info","message":"Saving screenshot to /tmp/screeniPhone6.155295f0957844b9cb451df95c8c5dbae.png.zoom","timestamp":"2014-10-09T09:40:09.220Z"}
{"level":"info","message":"Clicking the zoom button","timestamp":"2014-10-09T09:40:40.475Z"}
{"level":"info","message":"Comparing images for stagezoomClose","timestamp":"2014-10-09T09:40:40.479Z"}
{"level":"info","message":"Saving screenshot to /tmp/screeniPad6.1ae22008c1e3244c985857677077e6983.png.zoomClose","timestamp":"2014-10-09T09:40:40.479Z"}
{"level":"info","message":"Clicking the zoom button","timestamp":"2014-10-09T09:40:40.529Z"}
{"level":"info","message":"Comparing images for stagezoomClose","timestamp":"2014-10-09T09:40:40.533Z"}
{"level":"info","message":"Saving screenshot to /tmp/screeniPhone6.155295f0957844b9cb451df95c8c5dbae.png.zoomClose","timestamp":"2014-10-09T09:40:40.533Z"}
{"rotatable":true,"browserConnectionEnabled":true,"acceptSslCerts":true,"cssSelectorsEnabled":true,"javascriptEnabled":true,"locationContextEnabled":true,"takesScreenshot":true,"platform":"ANDROID","browserName":"android","webdriver.remote.sessionid":"fc87847bd9ff4af880860bb72d4018e6","hasMetadata":true,"version":"18","applicationCacheEnabled":true,"webStorageEnabled":true,"handlesAlerts":true,"level":"info","message":"","timestamp":"2014-10-09T09:41:31.961Z"}
{"level":"info","message":"undefined","timestamp":"2014-10-09T09:41:31.962Z"}
{"level":"info","message":"BROWSER IS: android","timestamp":"2014-10-09T09:41:31.962Z"}
{"level":"info","message":"Initialising file paths with browser & version","timestamp":"2014-10-09T09:41:31.962Z"}
{"level":"info","message":"Initialising file paths with browser & version","timestamp":"2014-10-09T09:41:31.962Z"}
{"level":"info","message":"Initialising file paths with browser & version","timestamp":"2014-10-09T09:41:31.962Z"}
{"level":"info","message":"Initialising file paths with browser & version","timestamp":"2014-10-09T09:41:31.962Z"}
{"level":"info","message":"Initialising file paths with browser & version","timestamp":"2014-10-09T09:41:31.962Z"}
{"level":"info","message":"Initialising file paths with browser & version","timestamp":"2014-10-09T09:41:31.962Z"}
{"level":"info","message":"Initialising file paths with browser & version","timestamp":"2014-10-09T09:41:31.962Z"}
{"level":"info","message":"Initialising file paths with browser & version","timestamp":"2014-10-09T09:41:31.962Z"}
{"level":"info","message":"Initialising file paths with browser & version","timestamp":"2014-10-09T09:41:31.962Z"}
{"level":"info","message":"Initialising file paths with browser & version","timestamp":"2014-10-09T09:41:31.963Z"}
{"level":"info","message":"Initialising file paths with browser & version","timestamp":"2014-10-09T09:41:31.963Z"}
{"level":"info","message":"Initialising file paths with browser & version","timestamp":"2014-10-09T09:41:31.963Z"}
{"level":"info","message":"Initialising file paths with browser & version","timestamp":"2014-10-09T09:41:31.963Z"}
{"level":"info","message":"Initialising file paths with browser & version","timestamp":"2014-10-09T09:41:31.963Z"}
{"level":"info","message":"Initialising file paths with browser & version","timestamp":"2014-10-09T09:41:31.963Z"}
{"level":"info","message":"Initialising file paths with browser & version","timestamp":"2014-10-09T09:41:31.963Z"}
{"level":"info","message":"Initialising file paths with browser & version","timestamp":"2014-10-09T09:41:31.963Z"}
{"level":"info","message":"Initialising file paths with browser & version","timestamp":"2014-10-09T09:41:31.963Z"}
{"level":"info","message":"Initialising file paths with browser & version","timestamp":"2014-10-09T09:41:31.963Z"}
{"level":"info","message":"Initialising file paths with browser & version","timestamp":"2014-10-09T09:41:31.963Z"}
{"level":"info","message":"Initialising file paths with browser & version","timestamp":"2014-10-09T09:41:31.963Z"}
{"level":"info","message":"Opening URL: http://jenkins.zoetrope.io:8888/v3/testInline.html","timestamp":"2014-10-09T09:41:32.394Z"}
{"level":"info","message":"Initialising file paths with browser & version","timestamp":"2014-10-09T09:41:32.394Z"}
{"level":"info","message":"Initialising file paths with browser & version","timestamp":"2014-10-09T09:41:32.394Z"}
{"level":"info","message":"Initialising file paths with browser & version","timestamp":"2014-10-09T09:41:32.394Z"}
{"level":"info","message":"Initialising file paths with browser & version","timestamp":"2014-10-09T09:41:32.394Z"}
{"level":"info","message":"Initialising file paths with browser & version","timestamp":"2014-10-09T09:41:32.394Z"}
{"level":"info","message":"Initialising file paths with browser & version","timestamp":"2014-10-09T09:41:32.394Z"}
{"level":"info","message":"Comparing images for stageload","timestamp":"2014-10-09T09:41:38.976Z"}
{"level":"info","message":"Saving screenshot to /tmp/screenandroid18fc87847bd9ff4af880860bb72d4018e6.png.load","timestamp":"2014-10-09T09:41:38.976Z"}
{"level":"info","message":"Saved screenshot","timestamp":"2014-10-09T09:41:41.745Z"}
{"level":"info","message":"Comparing images from paths: /tmp/screenandroid18fc87847bd9ff4af880860bb72d4018e6.png.load and images/load-inline-android-18.png","timestamp":"2014-10-09T09:41:41.745Z"}
{"level":"info","message":"Image comparison gave: 0","timestamp":"2014-10-09T09:41:41.770Z"}
{"level":"info","message":"android18fc87847bd9ff4af880860bb72d4018e6 compared images for stage: loadwith eqaulity of: 0","timestamp":"2014-10-09T09:41:41.770Z"}
{"level":"info","message":"Clicking the help button","timestamp":"2014-10-09T09:41:42.202Z"}
{"parentElementArrayFinder":{"locator_":{"using":"css selector","value":".zoe-btn-help"}},"elementArrayFinder_":{"locator_":{"$ref":"$[\"parentElementArrayFinder\"][\"locator_\"]"}},"level":"info","message":"help button is","timestamp":"2014-10-09T09:41:42.204Z"}
{"level":"info","message":"Got help style of ","timestamp":"2014-10-09T09:41:46.963Z"}
{"level":"info","message":"Comparing images for stagehelp","timestamp":"2014-10-09T09:41:47.006Z"}
{"level":"info","message":"Saving screenshot to /tmp/screenandroid18fc87847bd9ff4af880860bb72d4018e6.png.help","timestamp":"2014-10-09T09:41:47.007Z"}
{"level":"info","message":"Saved screenshot","timestamp":"2014-10-09T09:41:48.599Z"}
{"level":"info","message":"Comparing images from paths: /tmp/screenandroid18fc87847bd9ff4af880860bb72d4018e6.png.help and images/help-inline-android-18.png","timestamp":"2014-10-09T09:41:48.599Z"}
{"level":"info","message":"Image comparison gave: 0","timestamp":"2014-10-09T09:41:48.616Z"}
{"level":"info","message":"android18fc87847bd9ff4af880860bb72d4018e6 compared images for stage: helpwith eqaulity of: 0","timestamp":"2014-10-09T09:41:48.616Z"}
{"level":"info","message":"Clicking the help button","timestamp":"2014-10-09T09:41:49.079Z"}
{"parentElementArrayFinder":{"locator_":{"using":"css selector","value":".zoe-btn-help"}},"elementArrayFinder_":{"locator_":{"$ref":"$[\"parentElementArrayFinder\"][\"locator_\"]"}},"level":"info","message":"help button is","timestamp":"2014-10-09T09:41:49.080Z"}
{"level":"info","message":"Comparing images for stagehelpClose","timestamp":"2014-10-09T09:41:49.082Z"}
{"level":"info","message":"Saving screenshot to /tmp/screenandroid18fc87847bd9ff4af880860bb72d4018e6.png.helpClose","timestamp":"2014-10-09T09:41:49.082Z"}
{"level":"info","message":"Got help style of display: none; ","timestamp":"2014-10-09T09:41:52.595Z"}
{"takesScreenshot":true,"version":"6.1","cssSelectorsEnabled":true,"javascriptEnabled":true,"databaseEnabled":true,"locationContextEnabled":true,"platform":"MAC","browserName":"iPhone","webdriver.remote.sessionid":"877e8ab394104c03aca91d5330e6acd0","hasMetadata":true,"webStorageEnabled":true,"level":"info","message":"","timestamp":"2014-10-09T09:41:56.431Z"}
{"level":"info","message":"undefined","timestamp":"2014-10-09T09:41:56.431Z"}
{"level":"info","message":"BROWSER IS: iPhone","timestamp":"2014-10-09T09:41:56.431Z"}
{"level":"info","message":"Initialising file paths with browser & version","timestamp":"2014-10-09T09:41:56.431Z"}
{"level":"info","message":"Initialising file paths with browser & version","timestamp":"2014-10-09T09:41:56.432Z"}
{"level":"info","message":"Initialising file paths with browser & version","timestamp":"2014-10-09T09:41:56.432Z"}
{"level":"info","message":"Initialising file paths with browser & version","timestamp":"2014-10-09T09:41:56.432Z"}
{"level":"info","message":"Initialising file paths with browser & version","timestamp":"2014-10-09T09:41:56.432Z"}
{"level":"info","message":"Initialising file paths with browser & version","timestamp":"2014-10-09T09:41:56.432Z"}
{"level":"info","message":"Initialising file paths with browser & version","timestamp":"2014-10-09T09:41:56.432Z"}
{"level":"info","message":"Initialising file paths with browser & version","timestamp":"2014-10-09T09:41:56.432Z"}
{"level":"info","message":"Initialising file paths with browser & version","timestamp":"2014-10-09T09:41:56.432Z"}
{"level":"info","message":"Initialising file paths with browser & version","timestamp":"2014-10-09T09:41:56.432Z"}
{"level":"info","message":"Initialising file paths with browser & version","timestamp":"2014-10-09T09:41:56.432Z"}
{"level":"info","message":"Initialising file paths with browser & version","timestamp":"2014-10-09T09:41:56.432Z"}
{"level":"info","message":"Initialising file paths with browser & version","timestamp":"2014-10-09T09:41:56.432Z"}
{"level":"info","message":"Initialising file paths with browser & version","timestamp":"2014-10-09T09:41:56.432Z"}
{"level":"info","message":"Initialising file paths with browser & version","timestamp":"2014-10-09T09:41:56.432Z"}
{"level":"info","message":"Initialising file paths with browser & version","timestamp":"2014-10-09T09:41:56.432Z"}
{"level":"info","message":"Initialising file paths with browser & version","timestamp":"2014-10-09T09:41:56.432Z"}
{"level":"info","message":"Initialising file paths with browser & version","timestamp":"2014-10-09T09:41:56.432Z"}
{"level":"info","message":"Initialising file paths with browser & version","timestamp":"2014-10-09T09:41:56.432Z"}
{"level":"info","message":"Initialising file paths with browser & version","timestamp":"2014-10-09T09:41:56.432Z"}
{"level":"info","message":"Initialising file paths with browser & version","timestamp":"2014-10-09T09:41:56.432Z"}
{"level":"info","message":"Saved screenshot","timestamp":"2014-10-09T09:41:56.760Z"}
{"level":"info","message":"Comparing images from paths: /tmp/screenandroid18fc87847bd9ff4af880860bb72d4018e6.png.helpClose and images/helpClose-inline-android-18.png","timestamp":"2014-10-09T09:41:56.760Z"}
{"level":"info","message":"Image comparison gave: 0","timestamp":"2014-10-09T09:41:56.783Z"}
{"level":"info","message":"android18fc87847bd9ff4af880860bb72d4018e6 compared images for stage: helpClosewith eqaulity of: 0","timestamp":"2014-10-09T09:41:56.783Z"}
{"level":"info","message":"Opening URL: http://jenkins.zoetrope.io:8888/v3/testInline.html","timestamp":"2014-10-09T09:41:57.037Z"}
{"level":"info","message":"Initialising file paths with browser & version","timestamp":"2014-10-09T09:41:57.037Z"}
{"level":"info","message":"Initialising file paths with browser & version","timestamp":"2014-10-09T09:41:57.037Z"}
{"level":"info","message":"Initialising file paths with browser & version","timestamp":"2014-10-09T09:41:57.037Z"}
{"level":"info","message":"Initialising file paths with browser & version","timestamp":"2014-10-09T09:41:57.037Z"}
{"level":"info","message":"Initialising file paths with browser & version","timestamp":"2014-10-09T09:41:57.037Z"}
{"level":"info","message":"Initialising file paths with browser & version","timestamp":"2014-10-09T09:41:57.037Z"}
{"level":"info","message":"Clicking the zoom button","timestamp":"2014-10-09T09:41:57.230Z"}
{"level":"info","message":"Comparing images for stagezoom","timestamp":"2014-10-09T09:41:57.235Z"}
{"level":"info","message":"Saving screenshot to /tmp/screenandroid18fc87847bd9ff4af880860bb72d4018e6.png.zoom","timestamp":"2014-10-09T09:41:57.235Z"}
{"level":"info","message":"Comparing images for stageload","timestamp":"2014-10-09T09:42:01.280Z"}
{"level":"info","message":"Saving screenshot to /tmp/screeniPhone6.1877e8ab394104c03aca91d5330e6acd0.png.load","timestamp":"2014-10-09T09:42:01.281Z"}
{"level":"info","message":"Saved screenshot","timestamp":"2014-10-09T09:42:03.624Z"}
{"level":"info","message":"Comparing images from paths: /tmp/screenandroid18fc87847bd9ff4af880860bb72d4018e6.png.zoom and images/zoom-inline-android-18.png","timestamp":"2014-10-09T09:42:03.624Z"}
{"level":"info","message":"Image comparison gave: 0","timestamp":"2014-10-09T09:42:03.649Z"}
{"level":"info","message":"android18fc87847bd9ff4af880860bb72d4018e6 compared images for stage: zoomwith eqaulity of: 0","timestamp":"2014-10-09T09:42:03.649Z"}
{"level":"info","message":"Saved screenshot","timestamp":"2014-10-09T09:42:03.696Z"}
{"level":"info","message":"Comparing images from paths: /tmp/screeniPhone6.1877e8ab394104c03aca91d5330e6acd0.png.load and images/load-inline-iPhone-6.1.png","timestamp":"2014-10-09T09:42:03.697Z"}
{"level":"info","message":"Image comparison gave: 0.0561409284","timestamp":"2014-10-09T09:42:03.722Z"}
{"level":"info","message":"iPhone6.1877e8ab394104c03aca91d5330e6acd0 compared images for stage: loadwith eqaulity of: 0.0561409284","timestamp":"2014-10-09T09:42:03.722Z"}
{"level":"info","message":"Clicking the zoom button","timestamp":"2014-10-09T09:42:04.077Z"}
{"level":"info","message":"Comparing images for stagezoomClose","timestamp":"2014-10-09T09:42:04.081Z"}
{"level":"info","message":"Saving screenshot to /tmp/screenandroid18fc87847bd9ff4af880860bb72d4018e6.png.zoomClose","timestamp":"2014-10-09T09:42:04.081Z"}
{"level":"info","message":"Clicking the help button","timestamp":"2014-10-09T09:42:04.376Z"}
{"parentElementArrayFinder":{"locator_":{"using":"css selector","value":".zoe-btn-help"}},"elementArrayFinder_":{"locator_":{"$ref":"$[\"parentElementArrayFinder\"][\"locator_\"]"}},"level":"info","message":"help button is","timestamp":"2014-10-09T09:42:04.380Z"}
{"level":"info","message":"Saved screenshot","timestamp":"2014-10-09T09:42:10.125Z"}
{"level":"info","message":"Comparing images from paths: /tmp/screenandroid18fc87847bd9ff4af880860bb72d4018e6.png.zoomClose and images/zoomClose-inline-android-18.png","timestamp":"2014-10-09T09:42:10.125Z"}
{"level":"info","message":"Image comparison gave: 0","timestamp":"2014-10-09T09:42:10.146Z"}
{"level":"info","message":"android18fc87847bd9ff4af880860bb72d4018e6 compared images for stage: zoomClosewith eqaulity of: 0","timestamp":"2014-10-09T09:42:10.147Z"}
{"level":"info","message":"Opening URL: http://jenkins.zoetrope.io:8888/v3/testPopover.html","timestamp":"2014-10-09T09:42:10.572Z"}
{"level":"info","message":"Initialising file paths with browser & version","timestamp":"2014-10-09T09:42:10.572Z"}
{"level":"info","message":"Initialising file paths with browser & version","timestamp":"2014-10-09T09:42:10.573Z"}
{"level":"info","message":"Initialising file paths with browser & version","timestamp":"2014-10-09T09:42:10.573Z"}
{"level":"info","message":"Initialising file paths with browser & version","timestamp":"2014-10-09T09:42:10.573Z"}
{"level":"info","message":"Initialising file paths with browser & version","timestamp":"2014-10-09T09:42:10.573Z"}
{"level":"info","message":"Initialising file paths with browser & version","timestamp":"2014-10-09T09:42:10.573Z"}
{"level":"info","message":"Comparing images for stageload","timestamp":"2014-10-09T09:42:16.130Z"}
{"level":"info","message":"Saving screenshot to /tmp/screenandroid18fc87847bd9ff4af880860bb72d4018e6.png.load","timestamp":"2014-10-09T09:42:16.131Z"}
{"level":"info","message":"Saved screenshot","timestamp":"2014-10-09T09:42:18.954Z"}
{"level":"info","message":"Comparing images from paths: /tmp/screenandroid18fc87847bd9ff4af880860bb72d4018e6.png.load and images/load-popover-android-18.png","timestamp":"2014-10-09T09:42:18.955Z"}
{"level":"info","message":"Image comparison gave: 0","timestamp":"2014-10-09T09:42:18.987Z"}
{"level":"info","message":"android18fc87847bd9ff4af880860bb72d4018e6 compared images for stage: loadwith eqaulity of: 0","timestamp":"2014-10-09T09:42:18.987Z"}
{"level":"info","message":"Clicking on widget trigger","timestamp":"2014-10-09T09:42:19.426Z"}
{"level":"info","message":"Comparing images for stageopenWidget","timestamp":"2014-10-09T09:42:21.769Z"}
{"level":"info","message":"Saving screenshot to /tmp/screenandroid18fc87847bd9ff4af880860bb72d4018e6.png.openWidget","timestamp":"2014-10-09T09:42:21.770Z"}
{"level":"info","message":"Saved screenshot","timestamp":"2014-10-09T09:42:25.368Z"}
{"level":"info","message":"Comparing images from paths: /tmp/screenandroid18fc87847bd9ff4af880860bb72d4018e6.png.openWidget and images/openWidget-popover-android-18.png","timestamp":"2014-10-09T09:42:25.368Z"}
{"level":"info","message":"Image comparison gave: 0.0190726624","timestamp":"2014-10-09T09:42:25.386Z"}
{"level":"info","message":"android18fc87847bd9ff4af880860bb72d4018e6 compared images for stage: openWidgetwith eqaulity of: 0.0190726624","timestamp":"2014-10-09T09:42:25.387Z"}
{"level":"info","message":"Clicking the help button","timestamp":"2014-10-09T09:42:25.841Z"}
{"parentElementArrayFinder":{"locator_":{"using":"css selector","value":".zoe-btn-help"}},"elementArrayFinder_":{"locator_":{"$ref":"$[\"parentElementArrayFinder\"][\"locator_\"]"}},"level":"info","message":"help button is","timestamp":"2014-10-09T09:42:25.845Z"}
{"level":"info","message":"Got help style of ","timestamp":"2014-10-09T09:42:30.992Z"}
{"level":"info","message":"Comparing images for stagehelp","timestamp":"2014-10-09T09:42:31.033Z"}
{"level":"info","message":"Saving screenshot to /tmp/screenandroid18fc87847bd9ff4af880860bb72d4018e6.png.help","timestamp":"2014-10-09T09:42:31.033Z"}
{"level":"info","message":"Saved screenshot","timestamp":"2014-10-09T09:42:32.974Z"}
{"level":"info","message":"Comparing images from paths: /tmp/screenandroid18fc87847bd9ff4af880860bb72d4018e6.png.help and images/help-popover-android-18.png","timestamp":"2014-10-09T09:42:32.974Z"}
{"level":"info","message":"Image comparison gave: 0","timestamp":"2014-10-09T09:42:32.994Z"}
{"level":"info","message":"android18fc87847bd9ff4af880860bb72d4018e6 compared images for stage: helpwith eqaulity of: 0","timestamp":"2014-10-09T09:42:32.995Z"}
{"level":"info","message":"Clicking the help button","timestamp":"2014-10-09T09:42:33.436Z"}
{"parentElementArrayFinder":{"locator_":{"using":"css selector","value":".zoe-btn-help"}},"elementArrayFinder_":{"locator_":{"$ref":"$[\"parentElementArrayFinder\"][\"locator_\"]"}},"level":"info","message":"help button is","timestamp":"2014-10-09T09:42:33.437Z"}
{"level":"info","message":"Comparing images for stagehelpClose","timestamp":"2014-10-09T09:42:33.439Z"}
{"level":"info","message":"Saving screenshot to /tmp/screenandroid18fc87847bd9ff4af880860bb72d4018e6.png.helpClose","timestamp":"2014-10-09T09:42:33.439Z"}
{"level":"info","message":"Clicking the help button","timestamp":"2014-10-09T09:42:35.666Z"}
{"parentElementArrayFinder":{"locator_":{"using":"css selector","value":".zoe-btn-help"}},"elementArrayFinder_":{"locator_":{"$ref":"$[\"parentElementArrayFinder\"][\"locator_\"]"}},"level":"info","message":"help button is","timestamp":"2014-10-09T09:42:35.669Z"}
{"level":"info","message":"Comparing images for stagehelpClose","timestamp":"2014-10-09T09:42:35.671Z"}
{"level":"info","message":"Saving screenshot to /tmp/screeniPhone6.1877e8ab394104c03aca91d5330e6acd0.png.helpClose","timestamp":"2014-10-09T09:42:35.671Z"}
{"level":"info","message":"Got help style of display: none; ","timestamp":"2014-10-09T09:42:36.763Z"}
{"level":"info","message":"Saved screenshot","timestamp":"2014-10-09T09:42:38.714Z"}
{"level":"info","message":"Comparing images from paths: /tmp/screenandroid18fc87847bd9ff4af880860bb72d4018e6.png.helpClose and images/helpClose-popover-android-18.png","timestamp":"2014-10-09T09:42:38.714Z"}
{"level":"info","message":"Image comparison gave: 0","timestamp":"2014-10-09T09:42:38.732Z"}
{"level":"info","message":"android18fc87847bd9ff4af880860bb72d4018e6 compared images for stage: helpClosewith eqaulity of: 0","timestamp":"2014-10-09T09:42:38.732Z"}
{"level":"info","message":"Clicking the zoom button","timestamp":"2014-10-09T09:42:39.157Z"}
{"level":"info","message":"Comparing images for stagezoom","timestamp":"2014-10-09T09:42:39.160Z"}
{"level":"info","message":"Saving screenshot to /tmp/screenandroid18fc87847bd9ff4af880860bb72d4018e6.png.zoom","timestamp":"2014-10-09T09:42:39.160Z"}
{"level":"info","message":"Saved screenshot","timestamp":"2014-10-09T09:42:44.988Z"}
{"level":"info","message":"Comparing images from paths: /tmp/screenandroid18fc87847bd9ff4af880860bb72d4018e6.png.zoom and images/zoom-popover-android-18.png","timestamp":"2014-10-09T09:42:44.989Z"}
{"level":"info","message":"Image comparison gave: 0","timestamp":"2014-10-09T09:42:45.006Z"}
{"level":"info","message":"android18fc87847bd9ff4af880860bb72d4018e6 compared images for stage: zoomwith eqaulity of: 0","timestamp":"2014-10-09T09:42:45.006Z"}
{"level":"info","message":"Clicking the zoom button","timestamp":"2014-10-09T09:42:45.459Z"}
{"level":"info","message":"Comparing images for stagezoomClose","timestamp":"2014-10-09T09:42:45.462Z"}
{"level":"info","message":"Saving screenshot to /tmp/screenandroid18fc87847bd9ff4af880860bb72d4018e6.png.zoomClose","timestamp":"2014-10-09T09:42:45.462Z"}
{"level":"info","message":"Saved screenshot","timestamp":"2014-10-09T09:42:50.381Z"}
{"level":"info","message":"Comparing images from paths: /tmp/screenandroid18fc87847bd9ff4af880860bb72d4018e6.png.zoomClose and images/zoomClose-popover-android-18.png","timestamp":"2014-10-09T09:42:50.381Z"}
{"level":"info","message":"Image comparison gave: 0","timestamp":"2014-10-09T09:42:50.410Z"}
{"level":"info","message":"android18fc87847bd9ff4af880860bb72d4018e6 compared images for stage: zoomClosewith eqaulity of: 0","timestamp":"2014-10-09T09:42:50.411Z"}
{"level":"info","message":"Clicking the zoom button","timestamp":"2014-10-09T09:43:06.989Z"}
{"level":"info","message":"Comparing images for stagezoom","timestamp":"2014-10-09T09:43:06.992Z"}
{"level":"info","message":"Saving screenshot to /tmp/screeniPhone6.1877e8ab394104c03aca91d5330e6acd0.png.zoom","timestamp":"2014-10-09T09:43:06.992Z"}
{"level":"info","message":"Clicking the zoom button","timestamp":"2014-10-09T09:43:38.319Z"}
{"level":"info","message":"Comparing images for stagezoomClose","timestamp":"2014-10-09T09:43:38.324Z"}
{"level":"info","message":"Saving screenshot to /tmp/screeniPhone6.1877e8ab394104c03aca91d5330e6acd0.png.zoomClose","timestamp":"2014-10-09T09:43:38.324Z"}
{"level":"info","message":"Opening URL: http://jenkins.zoetrope.io:8888/v3/testPopover.html","timestamp":"2014-10-09T09:44:10.697Z"}
{"level":"info","message":"Initialising file paths with browser & version","timestamp":"2014-10-09T09:44:10.698Z"}
{"level":"info","message":"Initialising file paths with browser & version","timestamp":"2014-10-09T09:44:10.698Z"}
{"level":"info","message":"Initialising file paths with browser & version","timestamp":"2014-10-09T09:44:10.698Z"}
{"level":"info","message":"Initialising file paths with browser & version","timestamp":"2014-10-09T09:44:10.698Z"}
{"level":"info","message":"Initialising file paths with browser & version","timestamp":"2014-10-09T09:44:10.698Z"}
{"level":"info","message":"Initialising file paths with browser & version","timestamp":"2014-10-09T09:44:10.698Z"}
{"level":"info","message":"Clicking on widget trigger","timestamp":"2014-10-09T09:44:43.210Z"}
{"level":"info","message":"Clicking the help button","timestamp":"2014-10-09T09:45:14.529Z"}
{"parentElementArrayFinder":{"locator_":{"using":"css selector","value":".zoe-btn-help"}},"elementArrayFinder_":{"locator_":{"$ref":"$[\"parentElementArrayFinder\"][\"locator_\"]"}},"level":"info","message":"help button is","timestamp":"2014-10-09T09:45:14.533Z"}
{"level":"info","message":"Clicking the help button","timestamp":"2014-10-09T09:45:47.059Z"}
{"parentElementArrayFinder":{"locator_":{"using":"css selector","value":".zoe-btn-help"}},"elementArrayFinder_":{"locator_":{"$ref":"$[\"parentElementArrayFinder\"][\"locator_\"]"}},"level":"info","message":"help button is","timestamp":"2014-10-09T09:45:47.060Z"}
{"level":"info","message":"Comparing images for stagehelpClose","timestamp":"2014-10-09T09:45:47.061Z"}
{"level":"info","message":"Saving screenshot to /tmp/screeniPhone6.1877e8ab394104c03aca91d5330e6acd0.png.helpClose","timestamp":"2014-10-09T09:45:47.061Z"}
{"level":"info","message":"Clicking the zoom button","timestamp":"2014-10-09T09:46:18.366Z"}
{"level":"info","message":"Comparing images for stagezoom","timestamp":"2014-10-09T09:46:18.370Z"}
{"level":"info","message":"Saving screenshot to /tmp/screeniPhone6.1877e8ab394104c03aca91d5330e6acd0.png.zoom","timestamp":"2014-10-09T09:46:18.370Z"}
{"level":"info","message":"Clicking the zoom button","timestamp":"2014-10-09T09:46:49.746Z"}
{"level":"info","message":"Comparing images for stagezoomClose","timestamp":"2014-10-09T09:46:49.750Z"}
{"level":"info","message":"Saving screenshot to /tmp/screeniPhone6.1877e8ab394104c03aca91d5330e6acd0.png.zoomClose","timestamp":"2014-10-09T09:46:49.750Z"}
{"level":"info","message":"Initialising jasmine tests","timestamp":"2014-10-09T09:53:54.334Z"}
{"inline":{},"popover":{},"indiscriminate":{},"progressWrapper":{"parentElementArrayFinder":{"locator_":{"using":"css selector","value":".zoe-progress-wrapper"}},"elementArrayFinder_":{"locator_":{"$ref":"$[\"progressWrapper\"][\"parentElementArrayFinder\"][\"locator_\"]"}}},"widgetOverlay":{"parentElementArrayFinder":{"locator_":{"using":"css selector","value":"#zoe-zbox-overlay"}},"elementArrayFinder_":{"locator_":{"$ref":"$[\"widgetOverlay\"][\"parentElementArrayFinder\"][\"locator_\"]"}}},"widgetTrigger":{"parentElementArrayFinder":{"locator_":{"using":"css selector","value":".zoe-engage-trigger>img"}},"elementArrayFinder_":{"locator_":{"$ref":"$[\"widgetTrigger\"][\"parentElementArrayFinder\"][\"locator_\"]"}}},"widgetColorbox":{"parentElementArrayFinder":{"locator_":{"using":"css selector","value":"#zoe-zbox-content"}},"elementArrayFinder_":{"locator_":{"$ref":"$[\"widgetColorbox\"][\"parentElementArrayFinder\"][\"locator_\"]"}}},"helpButton":{"parentElementArrayFinder":{"locator_":{"using":"css selector","value":".zoe-btn-help"}},"elementArrayFinder_":{"locator_":{"$ref":"$[\"helpButton\"][\"parentElementArrayFinder\"][\"locator_\"]"}}},"helpElement":{"parentElementArrayFinder":{"locator_":{"using":"css selector","value":".zoe-help-overlay"}},"elementArrayFinder_":{"locator_":{"$ref":"$[\"helpElement\"][\"parentElementArrayFinder\"][\"locator_\"]"}}},"zoomButton":{"parentElementArrayFinder":{"locator_":{"using":"css selector","value":".zoe-btn-zoom"}},"elementArrayFinder_":{"locator_":{"$ref":"$[\"zoomButton\"][\"parentElementArrayFinder\"][\"locator_\"]"}}},"zoomElement":{"parentElementArrayFinder":{"locator_":{"using":"css selector","value":".zoe-zoom"}},"elementArrayFinder_":{"locator_":{"$ref":"$[\"zoomElement\"][\"parentElementArrayFinder\"][\"locator_\"]"}}},"zoomImage":{"parentElementArrayFinder":{"locator_":{"using":"css selector","value":".zoe-zoom-frame"}},"elementArrayFinder_":{"locator_":{"$ref":"$[\"zoomImage\"][\"parentElementArrayFinder\"][\"locator_\"]"}}},"closeButton":{"parentElementArrayFinder":{"locator_":{"using":"css selector","value":".zoe-btn-close"}},"elementArrayFinder_":{"locator_":{"$ref":"$[\"closeButton\"][\"parentElementArrayFinder\"][\"locator_\"]"}}},"widgetImageDiv":{"parentElementArrayFinder":{"locator_":{"using":"css selector","value":".zoe-engage-image.reel"}},"elementArrayFinder_":{"locator_":{"$ref":"$[\"widgetImageDiv\"][\"parentElementArrayFinder\"][\"locator_\"]"}}},"inlineDivSelector":{"parentElementArrayFinder":{"locator_":{"using":"css selector","value":".zoe-inline.reel"}},"elementArrayFinder_":{"locator_":{"$ref":"$[\"inlineDivSelector\"][\"parentElementArrayFinder\"][\"locator_\"]"}}},"widgetWrapperSelector":{"parentElementArrayFinder":{"locator_":{"using":"css selector","value":".zoe-engage-wrapper"}},"elementArrayFinder_":{"locator_":{"$ref":"$[\"widgetWrapperSelector\"][\"parentElementArrayFinder\"][\"locator_\"]"}}},"widgetWrapperImage":{"parentElementArrayFinder":{"locator_":{"using":"css selector","value":".zoe-frame"}},"elementArrayFinder_":{"locator_":{"$ref":"$[\"widgetWrapperImage\"][\"parentElementArrayFinder\"][\"locator_\"]"}}},"pageImageSelector":{"parentElementArrayFinder":{"locator_":{"using":"css selector","value":".zoe-engage-wrapper"}},"elementArrayFinder_":{"locator_":{"$ref":"$[\"pageImageSelector\"][\"parentElementArrayFinder\"][\"locator_\"]"}}},"inlineTrigger":{"parentElementArrayFinder":{"locator_":{"using":"css selector","value":"a.zoe-engage-trigger"}},"elementArrayFinder_":{"locator_":{"$ref":"$[\"inlineTrigger\"][\"parentElementArrayFinder\"][\"locator_\"]"}}},"inlineWrapper":{"parentElementArrayFinder":{"locator_":{"using":"css selector","value":".zoe-engage-wrapper.zoe-inline"}},"elementArrayFinder_":{"locator_":{"$ref":"$[\"inlineWrapper\"][\"parentElementArrayFinder\"][\"locator_\"]"}}},"frameSelector":{"parentElementArrayFinder":{"locator_":{"using":"css selector","value":".zoe-frame"}},"elementArrayFinder_":{"locator_":{"$ref":"$[\"frameSelector\"][\"parentElementArrayFinder\"][\"locator_\"]"}}},"interactCTA":{"parentElementArrayFinder":{"locator_":{"using":"css selector","value":".zoe-interact-cta"}},"elementArrayFinder_":{"locator_":{"$ref":"$[\"interactCTA\"][\"parentElementArrayFinder\"][\"locator_\"]"}}},"triggerCTA":{"parentElementArrayFinder":{"locator_":{"using":"css selector","value":".zoe-trigger-cta"}},"elementArrayFinder_":{"locator_":{"$ref":"$[\"triggerCTA\"][\"parentElementArrayFinder\"][\"locator_\"]"}}},"helpRotate":{"parentElementArrayFinder":{"locator_":{"using":"css selector","value":".zoe-help-rotate .zoe-help-text"}},"elementArrayFinder_":{"locator_":{"$ref":"$[\"helpRotate\"][\"parentElementArrayFinder\"][\"locator_\"]"}}},"helpElevate":{"parentElementArrayFinder":{"locator_":{"using":"css selector","value":".zoe-help-elevate .zoe-help-text"}},"elementArrayFinder_":{"locator_":{"$ref":"$[\"helpElevate\"][\"parentElementArrayFinder\"][\"locator_\"]"}}},"helpZoom":{"parentElementArrayFinder":{"locator_":{"using":"css selector","value":".zoe-help-zoom .zoe-help-text"}},"elementArrayFinder_":{"locator_":{"$ref":"$[\"helpZoom\"][\"parentElementArrayFinder\"][\"locator_\"]"}}},"helpBrand":{"parentElementArrayFinder":{"locator_":{"using":"css selector","value":".zoe-help-brand .zoe-help-text"}},"elementArrayFinder_":{"locator_":{"$ref":"$[\"helpBrand\"][\"parentElementArrayFinder\"][\"locator_\"]"}}},"extraContent":{"parentElementArrayFinder":{"locator_":{"using":"css selector","value":".zoe-display-extra-content"}},"elementArrayFinder_":{"locator_":{"$ref":"$[\"extraContent\"][\"parentElementArrayFinder\"][\"locator_\"]"}}},"level":"debug","message":"elementFinder is ","timestamp":"2014-10-09T09:53:54.336Z"}
{"level":"info","message":"Initialising jasmine tests","timestamp":"2014-10-09T09:53:54.346Z"}
{"inline":{},"popover":{},"indiscriminate":{},"progressWrapper":{"parentElementArrayFinder":{"locator_":{"using":"css selector","value":".zoe-progress-wrapper"}},"elementArrayFinder_":{"locator_":{"$ref":"$[\"progressWrapper\"][\"parentElementArrayFinder\"][\"locator_\"]"}}},"widgetOverlay":{"parentElementArrayFinder":{"locator_":{"using":"css selector","value":"#zoe-zbox-overlay"}},"elementArrayFinder_":{"locator_":{"$ref":"$[\"widgetOverlay\"][\"parentElementArrayFinder\"][\"locator_\"]"}}},"widgetTrigger":{"parentElementArrayFinder":{"locator_":{"using":"css selector","value":".zoe-engage-trigger>img"}},"elementArrayFinder_":{"locator_":{"$ref":"$[\"widgetTrigger\"][\"parentElementArrayFinder\"][\"locator_\"]"}}},"widgetColorbox":{"parentElementArrayFinder":{"locator_":{"using":"css selector","value":"#zoe-zbox-content"}},"elementArrayFinder_":{"locator_":{"$ref":"$[\"widgetColorbox\"][\"parentElementArrayFinder\"][\"locator_\"]"}}},"helpButton":{"parentElementArrayFinder":{"locator_":{"using":"css selector","value":".zoe-btn-help"}},"elementArrayFinder_":{"locator_":{"$ref":"$[\"helpButton\"][\"parentElementArrayFinder\"][\"locator_\"]"}}},"helpElement":{"parentElementArrayFinder":{"locator_":{"using":"css selector","value":".zoe-help-overlay"}},"elementArrayFinder_":{"locator_":{"$ref":"$[\"helpElement\"][\"parentElementArrayFinder\"][\"locator_\"]"}}},"zoomButton":{"parentElementArrayFinder":{"locator_":{"using":"css selector","value":".zoe-btn-zoom"}},"elementArrayFinder_":{"locator_":{"$ref":"$[\"zoomButton\"][\"parentElementArrayFinder\"][\"locator_\"]"}}},"zoomElement":{"parentElementArrayFinder":{"locator_":{"using":"css selector","value":".zoe-zoom"}},"elementArrayFinder_":{"locator_":{"$ref":"$[\"zoomElement\"][\"parentElementArrayFinder\"][\"locator_\"]"}}},"zoomImage":{"parentElementArrayFinder":{"locator_":{"using":"css selector","value":".zoe-zoom-frame"}},"elementArrayFinder_":{"locator_":{"$ref":"$[\"zoomImage\"][\"parentElementArrayFinder\"][\"locator_\"]"}}},"closeButton":{"parentElementArrayFinder":{"locator_":{"using":"css selector","value":".zoe-btn-close"}},"elementArrayFinder_":{"locator_":{"$ref":"$[\"closeButton\"][\"parentElementArrayFinder\"][\"locator_\"]"}}},"widgetImageDiv":{"parentElementArrayFinder":{"locator_":{"using":"css selector","value":".zoe-engage-image.reel"}},"elementArrayFinder_":{"locator_":{"$ref":"$[\"widgetImageDiv\"][\"parentElementArrayFinder\"][\"locator_\"]"}}},"inlineDivSelector":{"parentElementArrayFinder":{"locator_":{"using":"css selector","value":".zoe-inline.reel"}},"elementArrayFinder_":{"locator_":{"$ref":"$[\"inlineDivSelector\"][\"parentElementArrayFinder\"][\"locator_\"]"}}},"widgetWrapperSelector":{"parentElementArrayFinder":{"locator_":{"using":"css selector","value":".zoe-engage-wrapper"}},"elementArrayFinder_":{"locator_":{"$ref":"$[\"widgetWrapperSelector\"][\"parentElementArrayFinder\"][\"locator_\"]"}}},"widgetWrapperImage":{"parentElementArrayFinder":{"locator_":{"using":"css selector","value":".zoe-frame"}},"elementArrayFinder_":{"locator_":{"$ref":"$[\"widgetWrapperImage\"][\"parentElementArrayFinder\"][\"locator_\"]"}}},"pageImageSelector":{"parentElementArrayFinder":{"locator_":{"using":"css selector","value":".zoe-engage-wrapper"}},"elementArrayFinder_":{"locator_":{"$ref":"$[\"pageImageSelector\"][\"parentElementArrayFinder\"][\"locator_\"]"}}},"inlineTrigger":{"parentElementArrayFinder":{"locator_":{"using":"css selector","value":"a.zoe-engage-trigger"}},"elementArrayFinder_":{"locator_":{"$ref":"$[\"inlineTrigger\"][\"parentElementArrayFinder\"][\"locator_\"]"}}},"inlineWrapper":{"parentElementArrayFinder":{"locator_":{"using":"css selector","value":".zoe-engage-wrapper.zoe-inline"}},"elementArrayFinder_":{"locator_":{"$ref":"$[\"inlineWrapper\"][\"parentElementArrayFinder\"][\"locator_\"]"}}},"frameSelector":{"parentElementArrayFinder":{"locator_":{"using":"css selector","value":".zoe-frame"}},"elementArrayFinder_":{"locator_":{"$ref":"$[\"frameSelector\"][\"parentElementArrayFinder\"][\"locator_\"]"}}},"interactCTA":{"parentElementArrayFinder":{"locator_":{"using":"css selector","value":".zoe-interact-cta"}},"elementArrayFinder_":{"locator_":{"$ref":"$[\"interactCTA\"][\"parentElementArrayFinder\"][\"locator_\"]"}}},"triggerCTA":{"parentElementArrayFinder":{"locator_":{"using":"css selector","value":".zoe-trigger-cta"}},"elementArrayFinder_":{"locator_":{"$ref":"$[\"triggerCTA\"][\"parentElementArrayFinder\"][\"locator_\"]"}}},"helpRotate":{"parentElementArrayFinder":{"locator_":{"using":"css selector","value":".zoe-help-rotate .zoe-help-text"}},"elementArrayFinder_":{"locator_":{"$ref":"$[\"helpRotate\"][\"parentElementArrayFinder\"][\"locator_\"]"}}},"helpElevate":{"parentElementArrayFinder":{"locator_":{"using":"css selector","value":".zoe-help-elevate .zoe-help-text"}},"elementArrayFinder_":{"locator_":{"$ref":"$[\"helpElevate\"][\"parentElementArrayFinder\"][\"locator_\"]"}}},"helpZoom":{"parentElementArrayFinder":{"locator_":{"using":"css selector","value":".zoe-help-zoom .zoe-help-text"}},"elementArrayFinder_":{"locator_":{"$ref":"$[\"helpZoom\"][\"parentElementArrayFinder\"][\"locator_\"]"}}},"helpBrand":{"parentElementArrayFinder":{"locator_":{"using":"css selector","value":".zoe-help-brand .zoe-help-text"}},"elementArrayFinder_":{"locator_":{"$ref":"$[\"helpBrand\"][\"parentElementArrayFinder\"][\"locator_\"]"}}},"extraContent":{"parentElementArrayFinder":{"locator_":{"using":"css selector","value":".zoe-display-extra-content"}},"elementArrayFinder_":{"locator_":{"$ref":"$[\"extraContent\"][\"parentElementArrayFinder\"][\"locator_\"]"}}},"level":"debug","message":"elementFinder is ","timestamp":"2014-10-09T09:53:54.348Z"}
{"level":"info","message":"Initialising jasmine tests","timestamp":"2014-10-09T09:53:54.474Z"}
{"inline":{},"popover":{},"indiscriminate":{},"progressWrapper":{"parentElementArrayFinder":{"locator_":{"using":"css selector","value":".zoe-progress-wrapper"}},"elementArrayFinder_":{"locator_":{"$ref":"$[\"progressWrapper\"][\"parentElementArrayFinder\"][\"locator_\"]"}}},"widgetOverlay":{"parentElementArrayFinder":{"locator_":{"using":"css selector","value":"#zoe-zbox-overlay"}},"elementArrayFinder_":{"locator_":{"$ref":"$[\"widgetOverlay\"][\"parentElementArrayFinder\"][\"locator_\"]"}}},"widgetTrigger":{"parentElementArrayFinder":{"locator_":{"using":"css selector","value":".zoe-engage-trigger>img"}},"elementArrayFinder_":{"locator_":{"$ref":"$[\"widgetTrigger\"][\"parentElementArrayFinder\"][\"locator_\"]"}}},"widgetColorbox":{"parentElementArrayFinder":{"locator_":{"using":"css selector","value":"#zoe-zbox-content"}},"elementArrayFinder_":{"locator_":{"$ref":"$[\"widgetColorbox\"][\"parentElementArrayFinder\"][\"locator_\"]"}}},"helpButton":{"parentElementArrayFinder":{"locator_":{"using":"css selector","value":".zoe-btn-help"}},"elementArrayFinder_":{"locator_":{"$ref":"$[\"helpButton\"][\"parentElementArrayFinder\"][\"locator_\"]"}}},"helpElement":{"parentElementArrayFinder":{"locator_":{"using":"css selector","value":".zoe-help-overlay"}},"elementArrayFinder_":{"locator_":{"$ref":"$[\"helpElement\"][\"parentElementArrayFinder\"][\"locator_\"]"}}},"zoomButton":{"parentElementArrayFinder":{"locator_":{"using":"css selector","value":".zoe-btn-zoom"}},"elementArrayFinder_":{"locator_":{"$ref":"$[\"zoomButton\"][\"parentElementArrayFinder\"][\"locator_\"]"}}},"zoomElement":{"parentElementArrayFinder":{"locator_":{"using":"css selector","value":".zoe-zoom"}},"elementArrayFinder_":{"locator_":{"$ref":"$[\"zoomElement\"][\"parentElementArrayFinder\"][\"locator_\"]"}}},"zoomImage":{"parentElementArrayFinder":{"locator_":{"using":"css selector","value":".zoe-zoom-frame"}},"elementArrayFinder_":{"locator_":{"$ref":"$[\"zoomImage\"][\"parentElementArrayFinder\"][\"locator_\"]"}}},"closeButton":{"parentElementArrayFinder":{"locator_":{"using":"css selector","value":".zoe-btn-close"}},"elementArrayFinder_":{"locator_":{"$ref":"$[\"closeButton\"][\"parentElementArrayFinder\"][\"locator_\"]"}}},"widgetImageDiv":{"parentElementArrayFinder":{"locator_":{"using":"css selector","value":".zoe-engage-image.reel"}},"elementArrayFinder_":{"locator_":{"$ref":"$[\"widgetImageDiv\"][\"parentElementArrayFinder\"][\"locator_\"]"}}},"inlineDivSelector":{"parentElementArrayFinder":{"locator_":{"using":"css selector","value":".zoe-inline.reel"}},"elementArrayFinder_":{"locator_":{"$ref":"$[\"inlineDivSelector\"][\"parentElementArrayFinder\"][\"locator_\"]"}}},"widgetWrapperSelector":{"parentElementArrayFinder":{"locator_":{"using":"css selector","value":".zoe-engage-wrapper"}},"elementArrayFinder_":{"locator_":{"$ref":"$[\"widgetWrapperSelector\"][\"parentElementArrayFinder\"][\"locator_\"]"}}},"widgetWrapperImage":{"parentElementArrayFinder":{"locator_":{"using":"css selector","value":".zoe-frame"}},"elementArrayFinder_":{"locator_":{"$ref":"$[\"widgetWrapperImage\"][\"parentElementArrayFinder\"][\"locator_\"]"}}},"pageImageSelector":{"parentElementArrayFinder":{"locator_":{"using":"css selector","value":".zoe-engage-wrapper"}},"elementArrayFinder_":{"locator_":{"$ref":"$[\"pageImageSelector\"][\"parentElementArrayFinder\"][\"locator_\"]"}}},"inlineTrigger":{"parentElementArrayFinder":{"locator_":{"using":"css selector","value":"a.zoe-engage-trigger"}},"elementArrayFinder_":{"locator_":{"$ref":"$[\"inlineTrigger\"][\"parentElementArrayFinder\"][\"locator_\"]"}}},"inlineWrapper":{"parentElementArrayFinder":{"locator_":{"using":"css selector","value":".zoe-engage-wrapper.zoe-inline"}},"elementArrayFinder_":{"locator_":{"$ref":"$[\"inlineWrapper\"][\"parentElementArrayFinder\"][\"locator_\"]"}}},"frameSelector":{"parentElementArrayFinder":{"locator_":{"using":"css selector","value":".zoe-frame"}},"elementArrayFinder_":{"locator_":{"$ref":"$[\"frameSelector\"][\"parentElementArrayFinder\"][\"locator_\"]"}}},"interactCTA":{"parentElementArrayFinder":{"locator_":{"using":"css selector","value":".zoe-interact-cta"}},"elementArrayFinder_":{"locator_":{"$ref":"$[\"interactCTA\"][\"parentElementArrayFinder\"][\"locator_\"]"}}},"triggerCTA":{"parentElementArrayFinder":{"locator_":{"using":"css selector","value":".zoe-trigger-cta"}},"elementArrayFinder_":{"locator_":{"$ref":"$[\"triggerCTA\"][\"parentElementArrayFinder\"][\"locator_\"]"}}},"helpRotate":{"parentElementArrayFinder":{"locator_":{"using":"css selector","value":".zoe-help-rotate .zoe-help-text"}},"elementArrayFinder_":{"locator_":{"$ref":"$[\"helpRotate\"][\"parentElementArrayFinder\"][\"locator_\"]"}}},"helpElevate":{"parentElementArrayFinder":{"locator_":{"using":"css selector","value":".zoe-help-elevate .zoe-help-text"}},"elementArrayFinder_":{"locator_":{"$ref":"$[\"helpElevate\"][\"parentElementArrayFinder\"][\"locator_\"]"}}},"helpZoom":{"parentElementArrayFinder":{"locator_":{"using":"css selector","value":".zoe-help-zoom .zoe-help-text"}},"elementArrayFinder_":{"locator_":{"$ref":"$[\"helpZoom\"][\"parentElementArrayFinder\"][\"locator_\"]"}}},"helpBrand":{"parentElementArrayFinder":{"locator_":{"using":"css selector","value":".zoe-help-brand .zoe-help-text"}},"elementArrayFinder_":{"locator_":{"$ref":"$[\"helpBrand\"][\"parentElementArrayFinder\"][\"locator_\"]"}}},"extraContent":{"parentElementArrayFinder":{"locator_":{"using":"css selector","value":".zoe-display-extra-content"}},"elementArrayFinder_":{"locator_":{"$ref":"$[\"extraContent\"][\"parentElementArrayFinder\"][\"locator_\"]"}}},"level":"debug","message":"elementFinder is ","timestamp":"2014-10-09T09:53:54.476Z"}
{"level":"info","message":"Initialising jasmine tests","timestamp":"2014-10-09T09:53:54.486Z"}
{"inline":{},"popover":{},"indiscriminate":{},"progressWrapper":{"parentElementArrayFinder":{"locator_":{"using":"css selector","value":".zoe-progress-wrapper"}},"elementArrayFinder_":{"locator_":{"$ref":"$[\"progressWrapper\"][\"parentElementArrayFinder\"][\"locator_\"]"}}},"widgetOverlay":{"parentElementArrayFinder":{"locator_":{"using":"css selector","value":"#zoe-zbox-overlay"}},"elementArrayFinder_":{"locator_":{"$ref":"$[\"widgetOverlay\"][\"parentElementArrayFinder\"][\"locator_\"]"}}},"widgetTrigger":{"parentElementArrayFinder":{"locator_":{"using":"css selector","value":".zoe-engage-trigger>img"}},"elementArrayFinder_":{"locator_":{"$ref":"$[\"widgetTrigger\"][\"parentElementArrayFinder\"][\"locator_\"]"}}},"widgetColorbox":{"parentElementArrayFinder":{"locator_":{"using":"css selector","value":"#zoe-zbox-content"}},"elementArrayFinder_":{"locator_":{"$ref":"$[\"widgetColorbox\"][\"parentElementArrayFinder\"][\"locator_\"]"}}},"helpButton":{"parentElementArrayFinder":{"locator_":{"using":"css selector","value":".zoe-btn-help"}},"elementArrayFinder_":{"locator_":{"$ref":"$[\"helpButton\"][\"parentElementArrayFinder\"][\"locator_\"]"}}},"helpElement":{"parentElementArrayFinder":{"locator_":{"using":"css selector","value":".zoe-help-overlay"}},"elementArrayFinder_":{"locator_":{"$ref":"$[\"helpElement\"][\"parentElementArrayFinder\"][\"locator_\"]"}}},"zoomButton":{"parentElementArrayFinder":{"locator_":{"using":"css selector","value":".zoe-btn-zoom"}},"elementArrayFinder_":{"locator_":{"$ref":"$[\"zoomButton\"][\"parentElementArrayFinder\"][\"locator_\"]"}}},"zoomElement":{"parentElementArrayFinder":{"locator_":{"using":"css selector","value":".zoe-zoom"}},"elementArrayFinder_":{"locator_":{"$ref":"$[\"zoomElement\"][\"parentElementArrayFinder\"][\"locator_\"]"}}},"zoomImage":{"parentElementArrayFinder":{"locator_":{"using":"css selector","value":".zoe-zoom-frame"}},"elementArrayFinder_":{"locator_":{"$ref":"$[\"zoomImage\"][\"parentElementArrayFinder\"][\"locator_\"]"}}},"closeButton":{"parentElementArrayFinder":{"locator_":{"using":"css selector","value":".zoe-btn-close"}},"elementArrayFinder_":{"locator_":{"$ref":"$[\"closeButton\"][\"parentElementArrayFinder\"][\"locator_\"]"}}},"widgetImageDiv":{"parentElementArrayFinder":{"locator_":{"using":"css selector","value":".zoe-engage-image.reel"}},"elementArrayFinder_":{"locator_":{"$ref":"$[\"widgetImageDiv\"][\"parentElementArrayFinder\"][\"locator_\"]"}}},"inlineDivSelector":{"parentElementArrayFinder":{"locator_":{"using":"css selector","value":".zoe-inline.reel"}},"elementArrayFinder_":{"locator_":{"$ref":"$[\"inlineDivSelector\"][\"parentElementArrayFinder\"][\"locator_\"]"}}},"widgetWrapperSelector":{"parentElementArrayFinder":{"locator_":{"using":"css selector","value":".zoe-engage-wrapper"}},"elementArrayFinder_":{"locator_":{"$ref":"$[\"widgetWrapperSelector\"][\"parentElementArrayFinder\"][\"locator_\"]"}}},"widgetWrapperImage":{"parentElementArrayFinder":{"locator_":{"using":"css selector","value":".zoe-frame"}},"elementArrayFinder_":{"locator_":{"$ref":"$[\"widgetWrapperImage\"][\"parentElementArrayFinder\"][\"locator_\"]"}}},"pageImageSelector":{"parentElementArrayFinder":{"locator_":{"using":"css selector","value":".zoe-engage-wrapper"}},"elementArrayFinder_":{"locator_":{"$ref":"$[\"pageImageSelector\"][\"parentElementArrayFinder\"][\"locator_\"]"}}},"inlineTrigger":{"parentElementArrayFinder":{"locator_":{"using":"css selector","value":"a.zoe-engage-trigger"}},"elementArrayFinder_":{"locator_":{"$ref":"$[\"inlineTrigger\"][\"parentElementArrayFinder\"][\"locator_\"]"}}},"inlineWrapper":{"parentElementArrayFinder":{"locator_":{"using":"css selector","value":".zoe-engage-wrapper.zoe-inline"}},"elementArrayFinder_":{"locator_":{"$ref":"$[\"inlineWrapper\"][\"parentElementArrayFinder\"][\"locator_\"]"}}},"frameSelector":{"parentElementArrayFinder":{"locator_":{"using":"css selector","value":".zoe-frame"}},"elementArrayFinder_":{"locator_":{"$ref":"$[\"frameSelector\"][\"parentElementArrayFinder\"][\"locator_\"]"}}},"interactCTA":{"parentElementArrayFinder":{"locator_":{"using":"css selector","value":".zoe-interact-cta"}},"elementArrayFinder_":{"locator_":{"$ref":"$[\"interactCTA\"][\"parentElementArrayFinder\"][\"locator_\"]"}}},"triggerCTA":{"parentElementArrayFinder":{"locator_":{"using":"css selector","value":".zoe-trigger-cta"}},"elementArrayFinder_":{"locator_":{"$ref":"$[\"triggerCTA\"][\"parentElementArrayFinder\"][\"locator_\"]"}}},"helpRotate":{"parentElementArrayFinder":{"locator_":{"using":"css selector","value":".zoe-help-rotate .zoe-help-text"}},"elementArrayFinder_":{"locator_":{"$ref":"$[\"helpRotate\"][\"parentElementArrayFinder\"][\"locator_\"]"}}},"helpElevate":{"parentElementArrayFinder":{"locator_":{"using":"css selector","value":".zoe-help-elevate .zoe-help-text"}},"elementArrayFinder_":{"locator_":{"$ref":"$[\"helpElevate\"][\"parentElementArrayFinder\"][\"locator_\"]"}}},"helpZoom":{"parentElementArrayFinder":{"locator_":{"using":"css selector","value":".zoe-help-zoom .zoe-help-text"}},"elementArrayFinder_":{"locator_":{"$ref":"$[\"helpZoom\"][\"parentElementArrayFinder\"][\"locator_\"]"}}},"helpBrand":{"parentElementArrayFinder":{"locator_":{"using":"css selector","value":".zoe-help-brand .zoe-help-text"}},"elementArrayFinder_":{"locator_":{"$ref":"$[\"helpBrand\"][\"parentElementArrayFinder\"][\"locator_\"]"}}},"extraContent":{"parentElementArrayFinder":{"locator_":{"using":"css selector","value":".zoe-display-extra-content"}},"elementArrayFinder_":{"locator_":{"$ref":"$[\"extraContent\"][\"parentElementArrayFinder\"][\"locator_\"]"}}},"level":"debug","message":"elementFinder is ","timestamp":"2014-10-09T09:53:54.488Z"}
{"rotatable":true,"browserConnectionEnabled":true,"acceptSslCerts":true,"cssSelectorsEnabled":true,"javascriptEnabled":true,"locationContextEnabled":true,"takesScreenshot":true,"platform":"ANDROID","browserName":"android","webdriver.remote.sessionid":"926fbf1c27c24757ad76c8a1402c0c56","hasMetadata":true,"version":"18","applicationCacheEnabled":true,"webStorageEnabled":true,"handlesAlerts":true,"level":"info","message":"","timestamp":"2014-10-09T09:54:11.723Z"}
{"level":"info","message":"undefined","timestamp":"2014-10-09T09:54:11.723Z"}
{"level":"info","message":"BROWSER IS: android","timestamp":"2014-10-09T09:54:11.723Z"}
{"level":"info","message":"Initialising file paths with browser & version","timestamp":"2014-10-09T09:54:11.723Z"}
{"level":"info","message":"Initialising file paths with browser & version","timestamp":"2014-10-09T09:54:11.723Z"}
{"level":"info","message":"Initialising file paths with browser & version","timestamp":"2014-10-09T09:54:11.723Z"}
{"level":"info","message":"Initialising file paths with browser & version","timestamp":"2014-10-09T09:54:11.723Z"}
{"level":"info","message":"Initialising file paths with browser & version","timestamp":"2014-10-09T09:54:11.723Z"}
{"level":"info","message":"Initialising file paths with browser & version","timestamp":"2014-10-09T09:54:11.723Z"}
{"level":"info","message":"Initialising file paths with browser & version","timestamp":"2014-10-09T09:54:11.723Z"}
{"level":"info","message":"Initialising file paths with browser & version","timestamp":"2014-10-09T09:54:11.723Z"}
{"level":"info","message":"Initialising file paths with browser & version","timestamp":"2014-10-09T09:54:11.724Z"}
{"level":"info","message":"Initialising file paths with browser & version","timestamp":"2014-10-09T09:54:11.724Z"}
{"level":"info","message":"Initialising file paths with browser & version","timestamp":"2014-10-09T09:54:11.724Z"}
{"level":"info","message":"Initialising file paths with browser & version","timestamp":"2014-10-09T09:54:11.724Z"}
{"level":"info","message":"Initialising file paths with browser & version","timestamp":"2014-10-09T09:54:11.724Z"}
{"level":"info","message":"Initialising file paths with browser & version","timestamp":"2014-10-09T09:54:11.724Z"}
{"level":"info","message":"Initialising file paths with browser & version","timestamp":"2014-10-09T09:54:11.724Z"}
{"level":"info","message":"Initialising file paths with browser & version","timestamp":"2014-10-09T09:54:11.724Z"}
{"level":"info","message":"Initialising file paths with browser & version","timestamp":"2014-10-09T09:54:11.724Z"}
{"level":"info","message":"Initialising file paths with browser & version","timestamp":"2014-10-09T09:54:11.724Z"}
{"level":"info","message":"Initialising file paths with browser & version","timestamp":"2014-10-09T09:54:11.724Z"}
{"level":"info","message":"Initialising file paths with browser & version","timestamp":"2014-10-09T09:54:11.724Z"}
{"level":"info","message":"Initialising file paths with browser & version","timestamp":"2014-10-09T09:54:11.724Z"}
{"level":"info","message":"Opening URL: http://jenkins.zoetrope.io:8888/v3/testInline.html","timestamp":"2014-10-09T09:54:12.140Z"}
{"level":"info","message":"Initialising file paths with browser & version","timestamp":"2014-10-09T09:54:12.140Z"}
{"level":"info","message":"Initialising file paths with browser & version","timestamp":"2014-10-09T09:54:12.140Z"}
{"level":"info","message":"Initialising file paths with browser & version","timestamp":"2014-10-09T09:54:12.140Z"}
{"level":"info","message":"Initialising file paths with browser & version","timestamp":"2014-10-09T09:54:12.140Z"}
{"level":"info","message":"Initialising file paths with browser & version","timestamp":"2014-10-09T09:54:12.140Z"}
{"level":"info","message":"Initialising file paths with browser & version","timestamp":"2014-10-09T09:54:12.140Z"}
{"level":"info","message":"Comparing images for stageload","timestamp":"2014-10-09T09:54:18.755Z"}
{"level":"info","message":"Saving screenshot to /tmp/screenandroid18926fbf1c27c24757ad76c8a1402c0c56.png.load","timestamp":"2014-10-09T09:54:18.755Z"}
{"level":"info","message":"Saved screenshot","timestamp":"2014-10-09T09:54:20.760Z"}
{"level":"info","message":"Comparing images from paths: /tmp/screenandroid18926fbf1c27c24757ad76c8a1402c0c56.png.load and images/load-inline-android-18.png","timestamp":"2014-10-09T09:54:20.761Z"}
{"level":"info","message":"Image comparison gave: 0","timestamp":"2014-10-09T09:54:20.783Z"}
{"level":"info","message":"android18926fbf1c27c24757ad76c8a1402c0c56 compared images for stage: loadwith eqaulity of: 0","timestamp":"2014-10-09T09:54:20.784Z"}
{"level":"info","message":"Clicking the help button","timestamp":"2014-10-09T09:54:20.802Z"}
{"parentElementArrayFinder":{"locator_":{"using":"css selector","value":".zoe-btn-help"}},"elementArrayFinder_":{"locator_":{"$ref":"$[\"parentElementArrayFinder\"][\"locator_\"]"}},"level":"info","message":"help button is","timestamp":"2014-10-09T09:54:20.804Z"}
{"level":"info","message":"Got help style of ","timestamp":"2014-10-09T09:54:24.441Z"}
{"level":"info","message":"Comparing images for stagehelp","timestamp":"2014-10-09T09:54:24.486Z"}
{"level":"info","message":"Saving screenshot to /tmp/screenandroid18926fbf1c27c24757ad76c8a1402c0c56.png.help","timestamp":"2014-10-09T09:54:24.486Z"}
{"level":"info","message":"Saved screenshot","timestamp":"2014-10-09T09:54:26.762Z"}
{"level":"info","message":"Comparing images from paths: /tmp/screenandroid18926fbf1c27c24757ad76c8a1402c0c56.png.help and images/help-inline-android-18.png","timestamp":"2014-10-09T09:54:26.762Z"}
{"level":"info","message":"Image comparison gave: 0","timestamp":"2014-10-09T09:54:26.779Z"}
{"level":"info","message":"android18926fbf1c27c24757ad76c8a1402c0c56 compared images for stage: helpwith eqaulity of: 0","timestamp":"2014-10-09T09:54:26.780Z"}
{"level":"info","message":"Clicking the help button","timestamp":"2014-10-09T09:54:26.806Z"}
{"parentElementArrayFinder":{"locator_":{"using":"css selector","value":".zoe-btn-help"}},"elementArrayFinder_":{"locator_":{"$ref":"$[\"parentElementArrayFinder\"][\"locator_\"]"}},"level":"info","message":"help button is","timestamp":"2014-10-09T09:54:26.808Z"}
{"level":"info","message":"Comparing images for stagehelpClose","timestamp":"2014-10-09T09:54:26.809Z"}
{"level":"info","message":"Saving screenshot to /tmp/screenandroid18926fbf1c27c24757ad76c8a1402c0c56.png.helpClose","timestamp":"2014-10-09T09:54:26.809Z"}
{"level":"info","message":"Got help style of display: none; ","timestamp":"2014-10-09T09:54:30.089Z"}
{"level":"info","message":"Saved screenshot","timestamp":"2014-10-09T09:54:31.656Z"}
{"level":"info","message":"Comparing images from paths: /tmp/screenandroid18926fbf1c27c24757ad76c8a1402c0c56.png.helpClose and images/helpClose-inline-android-18.png","timestamp":"2014-10-09T09:54:31.656Z"}
{"level":"info","message":"Image comparison gave: 0","timestamp":"2014-10-09T09:54:31.672Z"}
{"level":"info","message":"android18926fbf1c27c24757ad76c8a1402c0c56 compared images for stage: helpClosewith eqaulity of: 0","timestamp":"2014-10-09T09:54:31.672Z"}
{"level":"info","message":"Clicking the zoom button","timestamp":"2014-10-09T09:54:31.672Z"}
{"level":"info","message":"Comparing images for stagezoom","timestamp":"2014-10-09T09:54:31.675Z"}
{"level":"info","message":"Saving screenshot to /tmp/screenandroid18926fbf1c27c24757ad76c8a1402c0c56.png.zoom","timestamp":"2014-10-09T09:54:31.675Z"}
{"takesScreenshot":true,"version":"6.1","cssSelectorsEnabled":true,"javascriptEnabled":true,"databaseEnabled":true,"locationContextEnabled":true,"platform":"MAC","browserName":"iPhone","webdriver.remote.sessionid":"feb380ff24514963ac15cc1353bef11f","hasMetadata":true,"webStorageEnabled":true,"level":"info","message":"","timestamp":"2014-10-09T09:54:34.058Z"}
{"level":"info","message":"undefined","timestamp":"2014-10-09T09:54:34.059Z"}
{"level":"info","message":"BROWSER IS: iPhone","timestamp":"2014-10-09T09:54:34.059Z"}
{"level":"info","message":"Initialising file paths with browser & version","timestamp":"2014-10-09T09:54:34.059Z"}
{"level":"info","message":"Initialising file paths with browser & version","timestamp":"2014-10-09T09:54:34.059Z"}
{"level":"info","message":"Initialising file paths with browser & version","timestamp":"2014-10-09T09:54:34.059Z"}
{"level":"info","message":"Initialising file paths with browser & version","timestamp":"2014-10-09T09:54:34.059Z"}
{"level":"info","message":"Initialising file paths with browser & version","timestamp":"2014-10-09T09:54:34.059Z"}
{"level":"info","message":"Initialising file paths with browser & version","timestamp":"2014-10-09T09:54:34.059Z"}
{"level":"info","message":"Initialising file paths with browser & version","timestamp":"2014-10-09T09:54:34.059Z"}
{"level":"info","message":"Initialising file paths with browser & version","timestamp":"2014-10-09T09:54:34.059Z"}
{"level":"info","message":"Initialising file paths with browser & version","timestamp":"2014-10-09T09:54:34.059Z"}
{"level":"info","message":"Initialising file paths with browser & version","timestamp":"2014-10-09T09:54:34.060Z"}
{"level":"info","message":"Initialising file paths with browser & version","timestamp":"2014-10-09T09:54:34.060Z"}
{"level":"info","message":"Initialising file paths with browser & version","timestamp":"2014-10-09T09:54:34.060Z"}
{"level":"info","message":"Initialising file paths with browser & version","timestamp":"2014-10-09T09:54:34.060Z"}
{"level":"info","message":"Initialising file paths with browser & version","timestamp":"2014-10-09T09:54:34.060Z"}
{"level":"info","message":"Initialising file paths with browser & version","timestamp":"2014-10-09T09:54:34.060Z"}
{"level":"info","message":"Initialising file paths with browser & version","timestamp":"2014-10-09T09:54:34.060Z"}
{"level":"info","message":"Initialising file paths with browser & version","timestamp":"2014-10-09T09:54:34.060Z"}
{"level":"info","message":"Initialising file paths with browser & version","timestamp":"2014-10-09T09:54:34.060Z"}
{"level":"info","message":"Initialising file paths with browser & version","timestamp":"2014-10-09T09:54:34.060Z"}
{"level":"info","message":"Initialising file paths with browser & version","timestamp":"2014-10-09T09:54:34.060Z"}
{"level":"info","message":"Initialising file paths with browser & version","timestamp":"2014-10-09T09:54:34.060Z"}
{"level":"info","message":"Opening URL: http://jenkins.zoetrope.io:8888/v3/testInline.html","timestamp":"2014-10-09T09:54:34.677Z"}
{"level":"info","message":"Initialising file paths with browser & version","timestamp":"2014-10-09T09:54:34.678Z"}
{"level":"info","message":"Initialising file paths with browser & version","timestamp":"2014-10-09T09:54:34.678Z"}
{"level":"info","message":"Initialising file paths with browser & version","timestamp":"2014-10-09T09:54:34.678Z"}
{"level":"info","message":"Initialising file paths with browser & version","timestamp":"2014-10-09T09:54:34.678Z"}
{"level":"info","message":"Initialising file paths with browser & version","timestamp":"2014-10-09T09:54:34.678Z"}
{"level":"info","message":"Initialising file paths with browser & version","timestamp":"2014-10-09T09:54:34.678Z"}
{"level":"info","message":"Saved screenshot","timestamp":"2014-10-09T09:54:37.990Z"}
{"level":"info","message":"Comparing images from paths: /tmp/screenandroid18926fbf1c27c24757ad76c8a1402c0c56.png.zoom and images/zoom-inline-android-18.png","timestamp":"2014-10-09T09:54:37.990Z"}
{"level":"info","message":"Clicking the zoom button","timestamp":"2014-10-09T09:54:38.002Z"}
{"level":"info","message":"Comparing images for stagezoomClose","timestamp":"2014-10-09T09:54:38.005Z"}
{"level":"info","message":"Saving screenshot to /tmp/screenandroid18926fbf1c27c24757ad76c8a1402c0c56.png.zoomClose","timestamp":"2014-10-09T09:54:38.005Z"}
{"level":"info","message":"Image comparison gave: 0","timestamp":"2014-10-09T09:54:38.011Z"}
{"level":"info","message":"android18926fbf1c27c24757ad76c8a1402c0c56 compared images for stage: zoomwith eqaulity of: 0","timestamp":"2014-10-09T09:54:38.011Z"}
{"level":"info","message":"Comparing images for stageload","timestamp":"2014-10-09T09:54:39.032Z"}
{"level":"info","message":"Saving screenshot to /tmp/screeniPhone6.1feb380ff24514963ac15cc1353bef11f.png.load","timestamp":"2014-10-09T09:54:39.033Z"}
{"level":"info","message":"Saved screenshot","timestamp":"2014-10-09T09:54:43.502Z"}
{"level":"info","message":"Comparing images from paths: /tmp/screeniPhone6.1feb380ff24514963ac15cc1353bef11f.png.load and images/load-inline-iPhone-6.1.png","timestamp":"2014-10-09T09:54:43.503Z"}
{"level":"info","message":"Image comparison gave: 0","timestamp":"2014-10-09T09:54:43.533Z"}
{"level":"info","message":"iPhone6.1feb380ff24514963ac15cc1353bef11f compared images for stage: loadwith eqaulity of: 0","timestamp":"2014-10-09T09:54:43.534Z"}
{"level":"info","message":"Clicking the help button","timestamp":"2014-10-09T09:54:43.539Z"}
{"parentElementArrayFinder":{"locator_":{"using":"css selector","value":".zoe-btn-help"}},"elementArrayFinder_":{"locator_":{"$ref":"$[\"parentElementArrayFinder\"][\"locator_\"]"}},"level":"info","message":"help button is","timestamp":"2014-10-09T09:54:43.541Z"}
{"level":"info","message":"Saved screenshot","timestamp":"2014-10-09T09:54:44.567Z"}
{"level":"info","message":"Comparing images from paths: /tmp/screenandroid18926fbf1c27c24757ad76c8a1402c0c56.png.zoomClose and images/zoomClose-inline-android-18.png","timestamp":"2014-10-09T09:54:44.567Z"}
{"level":"info","message":"Image comparison gave: 0","timestamp":"2014-10-09T09:54:44.589Z"}
{"level":"info","message":"android18926fbf1c27c24757ad76c8a1402c0c56 compared images for stage: zoomClosewith eqaulity of: 0","timestamp":"2014-10-09T09:54:44.590Z"}
{"level":"info","message":"Opening URL: http://jenkins.zoetrope.io:8888/v3/testPopover.html","timestamp":"2014-10-09T09:54:44.593Z"}
{"level":"info","message":"Initialising file paths with browser & version","timestamp":"2014-10-09T09:54:44.593Z"}
{"level":"info","message":"Initialising file paths with browser & version","timestamp":"2014-10-09T09:54:44.593Z"}
{"level":"info","message":"Initialising file paths with browser & version","timestamp":"2014-10-09T09:54:44.593Z"}
{"level":"info","message":"Initialising file paths with browser & version","timestamp":"2014-10-09T09:54:44.593Z"}
{"level":"info","message":"Initialising file paths with browser & version","timestamp":"2014-10-09T09:54:44.593Z"}
{"level":"info","message":"Initialising file paths with browser & version","timestamp":"2014-10-09T09:54:44.593Z"}
{"level":"info","message":"Got help style of ","timestamp":"2014-10-09T09:54:47.555Z"}
{"level":"info","message":"Comparing images for stagehelp","timestamp":"2014-10-09T09:54:47.598Z"}
{"level":"info","message":"Saving screenshot to /tmp/screeniPhone6.1feb380ff24514963ac15cc1353bef11f.png.help","timestamp":"2014-10-09T09:54:47.598Z"}
{"level":"info","message":"Saved screenshot","timestamp":"2014-10-09T09:54:49.618Z"}
{"level":"info","message":"Comparing images from paths: /tmp/screeniPhone6.1feb380ff24514963ac15cc1353bef11f.png.help and images/help-inline-iPhone-6.1.png","timestamp":"2014-10-09T09:54:49.618Z"}
{"level":"info","message":"Image comparison gave: 0","timestamp":"2014-10-09T09:54:49.637Z"}
{"level":"info","message":"iPhone6.1feb380ff24514963ac15cc1353bef11f compared images for stage: helpwith eqaulity of: 0","timestamp":"2014-10-09T09:54:49.637Z"}
{"level":"info","message":"Clicking the help button","timestamp":"2014-10-09T09:54:49.661Z"}
{"parentElementArrayFinder":{"locator_":{"using":"css selector","value":".zoe-btn-help"}},"elementArrayFinder_":{"locator_":{"$ref":"$[\"parentElementArrayFinder\"][\"locator_\"]"}},"level":"info","message":"help button is","timestamp":"2014-10-09T09:54:49.663Z"}
{"level":"info","message":"Comparing images for stagehelpClose","timestamp":"2014-10-09T09:54:49.664Z"}
{"level":"info","message":"Saving screenshot to /tmp/screeniPhone6.1feb380ff24514963ac15cc1353bef11f.png.helpClose","timestamp":"2014-10-09T09:54:49.665Z"}
{"level":"info","message":"Comparing images for stageload","timestamp":"2014-10-09T09:54:50.147Z"}
{"level":"info","message":"Saving screenshot to /tmp/screenandroid18926fbf1c27c24757ad76c8a1402c0c56.png.load","timestamp":"2014-10-09T09:54:50.147Z"}
{"level":"info","message":"Saved screenshot","timestamp":"2014-10-09T09:54:52.522Z"}
{"level":"info","message":"Comparing images from paths: /tmp/screenandroid18926fbf1c27c24757ad76c8a1402c0c56.png.load and images/load-popover-android-18.png","timestamp":"2014-10-09T09:54:52.523Z"}
{"level":"info","message":"Image comparison gave: 0","timestamp":"2014-10-09T09:54:52.552Z"}
{"level":"info","message":"android18926fbf1c27c24757ad76c8a1402c0c56 compared images for stage: loadwith eqaulity of: 0","timestamp":"2014-10-09T09:54:52.552Z"}
{"level":"info","message":"Clicking on widget trigger","timestamp":"2014-10-09T09:54:52.557Z"}
{"level":"info","message":"Got help style of display: none; ","timestamp":"2014-10-09T09:54:52.613Z"}
{"level":"info","message":"Comparing images for stageopenWidget","timestamp":"2014-10-09T09:54:55.254Z"}
{"level":"info","message":"Saving screenshot to /tmp/screenandroid18926fbf1c27c24757ad76c8a1402c0c56.png.openWidget","timestamp":"2014-10-09T09:54:55.254Z"}
{"level":"info","message":"Saved screenshot","timestamp":"2014-10-09T09:54:55.463Z"}
{"level":"info","message":"Comparing images from paths: /tmp/screeniPhone6.1feb380ff24514963ac15cc1353bef11f.png.helpClose and images/helpClose-inline-iPhone-6.1.png","timestamp":"2014-10-09T09:54:55.464Z"}
{"level":"info","message":"Clicking the zoom button","timestamp":"2014-10-09T09:54:55.479Z"}
{"level":"info","message":"Comparing images for stagezoom","timestamp":"2014-10-09T09:54:55.483Z"}
{"level":"info","message":"Saving screenshot to /tmp/screeniPhone6.1feb380ff24514963ac15cc1353bef11f.png.zoom","timestamp":"2014-10-09T09:54:55.483Z"}
{"level":"info","message":"Image comparison gave: 0","timestamp":"2014-10-09T09:54:55.490Z"}
{"level":"info","message":"iPhone6.1feb380ff24514963ac15cc1353bef11f compared images for stage: helpClosewith eqaulity of: 0","timestamp":"2014-10-09T09:54:55.491Z"}
{"level":"info","message":"Saved screenshot","timestamp":"2014-10-09T09:54:57.456Z"}
{"level":"info","message":"Comparing images from paths: /tmp/screenandroid18926fbf1c27c24757ad76c8a1402c0c56.png.openWidget and images/openWidget-popover-android-18.png","timestamp":"2014-10-09T09:54:57.457Z"}
{"level":"info","message":"Image comparison gave: 1.787e-7","timestamp":"2014-10-09T09:54:57.485Z"}
{"level":"info","message":"android18926fbf1c27c24757ad76c8a1402c0c56 compared images for stage: openWidgetwith eqaulity of: 1.787e-7","timestamp":"2014-10-09T09:54:57.486Z"}
{"level":"info","message":"Clicking the help button","timestamp":"2014-10-09T09:54:57.490Z"}
{"parentElementArrayFinder":{"locator_":{"using":"css selector","value":".zoe-btn-help"}},"elementArrayFinder_":{"locator_":{"$ref":"$[\"parentElementArrayFinder\"][\"locator_\"]"}},"level":"info","message":"help button is","timestamp":"2014-10-09T09:54:57.493Z"}
{"level":"info","message":"Got help style of ","timestamp":"2014-10-09T09:55:00.905Z"}
{"level":"info","message":"Comparing images for stagehelp","timestamp":"2014-10-09T09:55:00.946Z"}
{"level":"info","message":"Saving screenshot to /tmp/screenandroid18926fbf1c27c24757ad76c8a1402c0c56.png.help","timestamp":"2014-10-09T09:55:00.946Z"}
{"level":"info","message":"Saved screenshot","timestamp":"2014-10-09T09:55:01.459Z"}
{"level":"info","message":"Comparing images from paths: /tmp/screeniPhone6.1feb380ff24514963ac15cc1353bef11f.png.zoom and images/zoom-inline-iPhone-6.1.png","timestamp":"2014-10-09T09:55:01.459Z"}
{"level":"info","message":"Clicking the zoom button","timestamp":"2014-10-09T09:55:01.472Z"}
{"level":"info","message":"Comparing images for stagezoomClose","timestamp":"2014-10-09T09:55:01.475Z"}
{"level":"info","message":"Saving screenshot to /tmp/screeniPhone6.1feb380ff24514963ac15cc1353bef11f.png.zoomClose","timestamp":"2014-10-09T09:55:01.475Z"}
{"level":"info","message":"Image comparison gave: 0","timestamp":"2014-10-09T09:55:01.489Z"}
{"level":"info","message":"iPhone6.1feb380ff24514963ac15cc1353bef11f compared images for stage: zoomwith eqaulity of: 0","timestamp":"2014-10-09T09:55:01.490Z"}
{"level":"info","message":"Saved screenshot","timestamp":"2014-10-09T09:55:02.896Z"}
{"level":"info","message":"Comparing images from paths: /tmp/screenandroid18926fbf1c27c24757ad76c8a1402c0c56.png.help and images/help-popover-android-18.png","timestamp":"2014-10-09T09:55:02.896Z"}
{"level":"info","message":"Image comparison gave: 0","timestamp":"2014-10-09T09:55:02.918Z"}
{"level":"info","message":"android18926fbf1c27c24757ad76c8a1402c0c56 compared images for stage: helpwith eqaulity of: 0","timestamp":"2014-10-09T09:55:02.918Z"}
{"level":"info","message":"Clicking the help button","timestamp":"2014-10-09T09:55:02.954Z"}
{"parentElementArrayFinder":{"locator_":{"using":"css selector","value":".zoe-btn-help"}},"elementArrayFinder_":{"locator_":{"$ref":"$[\"parentElementArrayFinder\"][\"locator_\"]"}},"level":"info","message":"help button is","timestamp":"2014-10-09T09:55:02.956Z"}
{"level":"info","message":"Comparing images for stagehelpClose","timestamp":"2014-10-09T09:55:02.961Z"}
{"level":"info","message":"Saving screenshot to /tmp/screenandroid18926fbf1c27c24757ad76c8a1402c0c56.png.helpClose","timestamp":"2014-10-09T09:55:02.961Z"}
{"level":"info","message":"Saved screenshot","timestamp":"2014-10-09T09:55:05.812Z"}
{"level":"info","message":"Comparing images from paths: /tmp/screeniPhone6.1feb380ff24514963ac15cc1353bef11f.png.zoomClose and images/zoomClose-inline-iPhone-6.1.png","timestamp":"2014-10-09T09:55:05.816Z"}
{"level":"info","message":"Image comparison gave: 0","timestamp":"2014-10-09T09:55:05.836Z"}
{"level":"info","message":"iPhone6.1feb380ff24514963ac15cc1353bef11f compared images for stage: zoomClosewith eqaulity of: 0","timestamp":"2014-10-09T09:55:05.836Z"}
{"level":"info","message":"Opening URL: http://jenkins.zoetrope.io:8888/v3/testPopover.html","timestamp":"2014-10-09T09:55:05.841Z"}
{"level":"info","message":"Initialising file paths with browser & version","timestamp":"2014-10-09T09:55:05.841Z"}
{"level":"info","message":"Initialising file paths with browser & version","timestamp":"2014-10-09T09:55:05.841Z"}
{"level":"info","message":"Initialising file paths with browser & version","timestamp":"2014-10-09T09:55:05.841Z"}
{"level":"info","message":"Initialising file paths with browser & version","timestamp":"2014-10-09T09:55:05.841Z"}
{"level":"info","message":"Initialising file paths with browser & version","timestamp":"2014-10-09T09:55:05.841Z"}
{"level":"info","message":"Initialising file paths with browser & version","timestamp":"2014-10-09T09:55:05.841Z"}
{"level":"info","message":"Got help style of display: none; ","timestamp":"2014-10-09T09:55:06.248Z"}
{"level":"info","message":"Comparing images for stageload","timestamp":"2014-10-09T09:55:07.151Z"}
{"level":"info","message":"Saving screenshot to /tmp/screeniPhone6.1feb380ff24514963ac15cc1353bef11f.png.load","timestamp":"2014-10-09T09:55:07.151Z"}
{"level":"info","message":"Saved screenshot","timestamp":"2014-10-09T09:55:08.151Z"}
{"level":"info","message":"Comparing images from paths: /tmp/screenandroid18926fbf1c27c24757ad76c8a1402c0c56.png.helpClose and images/helpClose-popover-android-18.png","timestamp":"2014-10-09T09:55:08.151Z"}
{"level":"info","message":"Clicking the zoom button","timestamp":"2014-10-09T09:55:08.163Z"}
{"level":"info","message":"Comparing images for stagezoom","timestamp":"2014-10-09T09:55:08.166Z"}
{"level":"info","message":"Saving screenshot to /tmp/screenandroid18926fbf1c27c24757ad76c8a1402c0c56.png.zoom","timestamp":"2014-10-09T09:55:08.167Z"}
{"level":"info","message":"Image comparison gave: 0","timestamp":"2014-10-09T09:55:08.172Z"}
{"level":"info","message":"android18926fbf1c27c24757ad76c8a1402c0c56 compared images for stage: helpClosewith eqaulity of: 0","timestamp":"2014-10-09T09:55:08.172Z"}
{"level":"info","message":"Saved screenshot","timestamp":"2014-10-09T09:55:11.414Z"}
{"level":"info","message":"Comparing images from paths: /tmp/screeniPhone6.1feb380ff24514963ac15cc1353bef11f.png.load and images/load-popover-iPhone-6.1.png","timestamp":"2014-10-09T09:55:11.415Z"}
{"level":"info","message":"Image comparison gave: 0","timestamp":"2014-10-09T09:55:11.439Z"}
{"level":"info","message":"iPhone6.1feb380ff24514963ac15cc1353bef11f compared images for stage: loadwith eqaulity of: 0","timestamp":"2014-10-09T09:55:11.440Z"}
{"level":"info","message":"Clicking on widget trigger","timestamp":"2014-10-09T09:55:11.452Z"}
{"level":"info","message":"Comparing images for stageopenWidget","timestamp":"2014-10-09T09:55:14.429Z"}
{"level":"info","message":"Saving screenshot to /tmp/screeniPhone6.1feb380ff24514963ac15cc1353bef11f.png.openWidget","timestamp":"2014-10-09T09:55:14.429Z"}
{"level":"info","message":"Saved screenshot","timestamp":"2014-10-09T09:55:14.969Z"}
{"level":"info","message":"Comparing images from paths: /tmp/screenandroid18926fbf1c27c24757ad76c8a1402c0c56.png.zoom and images/zoom-popover-android-18.png","timestamp":"2014-10-09T09:55:14.969Z"}
{"level":"info","message":"Clicking the zoom button","timestamp":"2014-10-09T09:55:14.985Z"}
{"level":"info","message":"Comparing images for stagezoomClose","timestamp":"2014-10-09T09:55:14.990Z"}
{"level":"info","message":"Saving screenshot to /tmp/screenandroid18926fbf1c27c24757ad76c8a1402c0c56.png.zoomClose","timestamp":"2014-10-09T09:55:14.990Z"}
{"level":"info","message":"Image comparison gave: 0","timestamp":"2014-10-09T09:55:14.994Z"}
{"level":"info","message":"android18926fbf1c27c24757ad76c8a1402c0c56 compared images for stage: zoomwith eqaulity of: 0","timestamp":"2014-10-09T09:55:14.994Z"}
{"level":"info","message":"Saved screenshot","timestamp":"2014-10-09T09:55:16.316Z"}
{"level":"info","message":"Comparing images from paths: /tmp/screeniPhone6.1feb380ff24514963ac15cc1353bef11f.png.openWidget and images/openWidget-popover-iPhone-6.1.png","timestamp":"2014-10-09T09:55:16.316Z"}
{"level":"info","message":"Image comparison gave: 0","timestamp":"2014-10-09T09:55:16.346Z"}
{"level":"info","message":"iPhone6.1feb380ff24514963ac15cc1353bef11f compared images for stage: openWidgetwith eqaulity of: 0","timestamp":"2014-10-09T09:55:16.347Z"}
{"level":"info","message":"Clicking the help button","timestamp":"2014-10-09T09:55:16.354Z"}
{"parentElementArrayFinder":{"locator_":{"using":"css selector","value":".zoe-btn-help"}},"elementArrayFinder_":{"locator_":{"$ref":"$[\"parentElementArrayFinder\"][\"locator_\"]"}},"level":"info","message":"help button is","timestamp":"2014-10-09T09:55:16.357Z"}
{"level":"info","message":"Saved screenshot","timestamp":"2014-10-09T09:55:20.996Z"}
{"level":"info","message":"Comparing images from paths: /tmp/screenandroid18926fbf1c27c24757ad76c8a1402c0c56.png.zoomClose and images/zoomClose-popover-android-18.png","timestamp":"2014-10-09T09:55:20.996Z"}
{"level":"info","message":"Image comparison gave: 0","timestamp":"2014-10-09T09:55:21.026Z"}
{"level":"info","message":"android18926fbf1c27c24757ad76c8a1402c0c56 compared images for stage: zoomClosewith eqaulity of: 0","timestamp":"2014-10-09T09:55:21.026Z"}
{"level":"info","message":"Got help style of ","timestamp":"2014-10-09T09:55:21.249Z"}
{"level":"info","message":"Comparing images for stagehelp","timestamp":"2014-10-09T09:55:21.292Z"}
{"level":"info","message":"Saving screenshot to /tmp/screeniPhone6.1feb380ff24514963ac15cc1353bef11f.png.help","timestamp":"2014-10-09T09:55:21.292Z"}
{"level":"info","message":"Saved screenshot","timestamp":"2014-10-09T09:55:22.973Z"}
{"level":"info","message":"Comparing images from paths: /tmp/screeniPhone6.1feb380ff24514963ac15cc1353bef11f.png.help and images/help-popover-iPhone-6.1.png","timestamp":"2014-10-09T09:55:22.973Z"}
{"level":"info","message":"Image comparison gave: 0","timestamp":"2014-10-09T09:55:22.989Z"}
{"level":"info","message":"iPhone6.1feb380ff24514963ac15cc1353bef11f compared images for stage: helpwith eqaulity of: 0","timestamp":"2014-10-09T09:55:22.989Z"}
{"level":"info","message":"Clicking the help button","timestamp":"2014-10-09T09:55:23.016Z"}
{"parentElementArrayFinder":{"locator_":{"using":"css selector","value":".zoe-btn-help"}},"elementArrayFinder_":{"locator_":{"$ref":"$[\"parentElementArrayFinder\"][\"locator_\"]"}},"level":"info","message":"help button is","timestamp":"2014-10-09T09:55:23.017Z"}
{"level":"info","message":"Comparing images for stagehelpClose","timestamp":"2014-10-09T09:55:23.018Z"}
{"level":"info","message":"Saving screenshot to /tmp/screeniPhone6.1feb380ff24514963ac15cc1353bef11f.png.helpClose","timestamp":"2014-10-09T09:55:23.018Z"}
{"level":"info","message":"Got help style of display: none; ","timestamp":"2014-10-09T09:55:26.651Z"}
{"level":"info","message":"Saved screenshot","timestamp":"2014-10-09T09:55:28.393Z"}
{"level":"info","message":"Comparing images from paths: /tmp/screeniPhone6.1feb380ff24514963ac15cc1353bef11f.png.helpClose and images/helpClose-popover-iPhone-6.1.png","timestamp":"2014-10-09T09:55:28.393Z"}
{"level":"info","message":"Clicking the zoom button","timestamp":"2014-10-09T09:55:28.409Z"}
{"level":"info","message":"Comparing images for stagezoom","timestamp":"2014-10-09T09:55:28.413Z"}
{"level":"info","message":"Saving screenshot to /tmp/screeniPhone6.1feb380ff24514963ac15cc1353bef11f.png.zoom","timestamp":"2014-10-09T09:55:28.413Z"}
{"level":"info","message":"Image comparison gave: 0","timestamp":"2014-10-09T09:55:28.416Z"}
{"level":"info","message":"iPhone6.1feb380ff24514963ac15cc1353bef11f compared images for stage: helpClosewith eqaulity of: 0","timestamp":"2014-10-09T09:55:28.416Z"}
{"level":"info","message":"Saved screenshot","timestamp":"2014-10-09T09:55:37.897Z"}
{"level":"info","message":"Comparing images from paths: /tmp/screeniPhone6.1feb380ff24514963ac15cc1353bef11f.png.zoom and images/zoom-popover-iPhone-6.1.png","timestamp":"2014-10-09T09:55:37.897Z"}
{"level":"info","message":"Clicking the zoom button","timestamp":"2014-10-09T09:55:37.923Z"}
{"level":"info","message":"Comparing images for stagezoomClose","timestamp":"2014-10-09T09:55:37.927Z"}
{"level":"info","message":"Saving screenshot to /tmp/screeniPhone6.1feb380ff24514963ac15cc1353bef11f.png.zoomClose","timestamp":"2014-10-09T09:55:37.927Z"}
{"level":"info","message":"Image comparison gave: 0","timestamp":"2014-10-09T09:55:37.930Z"}
{"level":"info","message":"iPhone6.1feb380ff24514963ac15cc1353bef11f compared images for stage: zoomwith eqaulity of: 0","timestamp":"2014-10-09T09:55:37.931Z"}
{"level":"info","message":"Saved screenshot","timestamp":"2014-10-09T09:55:42.333Z"}
{"level":"info","message":"Comparing images from paths: /tmp/screeniPhone6.1feb380ff24514963ac15cc1353bef11f.png.zoomClose and images/zoomClose-popover-iPhone-6.1.png","timestamp":"2014-10-09T09:55:42.333Z"}
{"level":"info","message":"Image comparison gave: 0","timestamp":"2014-10-09T09:55:42.351Z"}
{"level":"info","message":"iPhone6.1feb380ff24514963ac15cc1353bef11f compared images for stage: zoomClosewith eqaulity of: 0","timestamp":"2014-10-09T09:55:42.351Z"}
{"takesScreenshot":true,"version":"6.1","cssSelectorsEnabled":true,"javascriptEnabled":true,"databaseEnabled":true,"locationContextEnabled":true,"platform":"MAC","browserName":"iPad","webdriver.remote.sessionid":"9eaf1f0c41fc47edb8733f1b5a6b41e3","hasMetadata":true,"webStorageEnabled":true,"level":"info","message":"","timestamp":"2014-10-09T09:56:09.234Z"}
{"level":"info","message":"undefined","timestamp":"2014-10-09T09:56:09.235Z"}
{"level":"info","message":"BROWSER IS: iPad","timestamp":"2014-10-09T09:56:09.235Z"}
{"level":"info","message":"Initialising file paths with browser & version","timestamp":"2014-10-09T09:56:09.235Z"}
{"level":"info","message":"Initialising file paths with browser & version","timestamp":"2014-10-09T09:56:09.235Z"}
{"level":"info","message":"Initialising file paths with browser & version","timestamp":"2014-10-09T09:56:09.235Z"}
{"level":"info","message":"Initialising file paths with browser & version","timestamp":"2014-10-09T09:56:09.235Z"}
{"level":"info","message":"Initialising file paths with browser & version","timestamp":"2014-10-09T09:56:09.235Z"}
{"level":"info","message":"Initialising file paths with browser & version","timestamp":"2014-10-09T09:56:09.235Z"}
{"level":"info","message":"Initialising file paths with browser & version","timestamp":"2014-10-09T09:56:09.235Z"}
{"level":"info","message":"Initialising file paths with browser & version","timestamp":"2014-10-09T09:56:09.235Z"}
{"level":"info","message":"Initialising file paths with browser & version","timestamp":"2014-10-09T09:56:09.235Z"}
{"level":"info","message":"Initialising file paths with browser & version","timestamp":"2014-10-09T09:56:09.235Z"}
{"level":"info","message":"Initialising file paths with browser & version","timestamp":"2014-10-09T09:56:09.235Z"}
{"level":"info","message":"Initialising file paths with browser & version","timestamp":"2014-10-09T09:56:09.235Z"}
{"level":"info","message":"Initialising file paths with browser & version","timestamp":"2014-10-09T09:56:09.235Z"}
{"level":"info","message":"Initialising file paths with browser & version","timestamp":"2014-10-09T09:56:09.235Z"}
{"level":"info","message":"Initialising file paths with browser & version","timestamp":"2014-10-09T09:56:09.235Z"}
{"level":"info","message":"Initialising file paths with browser & version","timestamp":"2014-10-09T09:56:09.235Z"}
{"level":"info","message":"Initialising file paths with browser & version","timestamp":"2014-10-09T09:56:09.235Z"}
{"level":"info","message":"Initialising file paths with browser & version","timestamp":"2014-10-09T09:56:09.235Z"}
{"level":"info","message":"Initialising file paths with browser & version","timestamp":"2014-10-09T09:56:09.235Z"}
{"level":"info","message":"Initialising file paths with browser & version","timestamp":"2014-10-09T09:56:09.235Z"}
{"level":"info","message":"Initialising file paths with browser & version","timestamp":"2014-10-09T09:56:09.235Z"}
{"level":"info","message":"Opening URL: http://jenkins.zoetrope.io:8888/v3/testInline.html","timestamp":"2014-10-09T09:56:09.855Z"}
{"level":"info","message":"Initialising file paths with browser & version","timestamp":"2014-10-09T09:56:09.855Z"}
{"level":"info","message":"Initialising file paths with browser & version","timestamp":"2014-10-09T09:56:09.855Z"}
{"level":"info","message":"Initialising file paths with browser & version","timestamp":"2014-10-09T09:56:09.855Z"}
{"level":"info","message":"Initialising file paths with browser & version","timestamp":"2014-10-09T09:56:09.855Z"}
{"level":"info","message":"Initialising file paths with browser & version","timestamp":"2014-10-09T09:56:09.855Z"}
{"level":"info","message":"Initialising file paths with browser & version","timestamp":"2014-10-09T09:56:09.855Z"}
{"level":"info","message":"Comparing images for stageload","timestamp":"2014-10-09T09:56:14.781Z"}
{"level":"info","message":"Saving screenshot to /tmp/screeniPad6.19eaf1f0c41fc47edb8733f1b5a6b41e3.png.load","timestamp":"2014-10-09T09:56:14.781Z"}
{"level":"info","message":"Saved screenshot","timestamp":"2014-10-09T09:56:18.981Z"}
{"level":"info","message":"Comparing images from paths: /tmp/screeniPad6.19eaf1f0c41fc47edb8733f1b5a6b41e3.png.load and images/load-inline-iPad-6.1.png","timestamp":"2014-10-09T09:56:18.982Z"}
{"level":"info","message":"Image comparison gave: 0","timestamp":"2014-10-09T09:56:19.008Z"}
{"level":"info","message":"iPad6.19eaf1f0c41fc47edb8733f1b5a6b41e3 compared images for stage: loadwith eqaulity of: 0","timestamp":"2014-10-09T09:56:19.009Z"}
{"level":"info","message":"Clicking the help button","timestamp":"2014-10-09T09:56:19.018Z"}
{"parentElementArrayFinder":{"locator_":{"using":"css selector","value":".zoe-btn-help"}},"elementArrayFinder_":{"locator_":{"$ref":"$[\"parentElementArrayFinder\"][\"locator_\"]"}},"level":"info","message":"help button is","timestamp":"2014-10-09T09:56:19.020Z"}
{"level":"info","message":"Got help style of ","timestamp":"2014-10-09T09:56:22.158Z"}
{"level":"info","message":"Comparing images for stagehelp","timestamp":"2014-10-09T09:56:22.199Z"}
{"level":"info","message":"Saving screenshot to /tmp/screeniPad6.19eaf1f0c41fc47edb8733f1b5a6b41e3.png.help","timestamp":"2014-10-09T09:56:22.199Z"}
{"takesScreenshot":true,"version":"6.1","cssSelectorsEnabled":true,"javascriptEnabled":true,"databaseEnabled":true,"locationContextEnabled":true,"platform":"MAC","browserName":"iPhone","webdriver.remote.sessionid":"4b5d98ee97074bb5a2f5588a2dcefcf3","hasMetadata":true,"webStorageEnabled":true,"level":"info","message":"","timestamp":"2014-10-09T09:56:23.514Z"}
{"level":"info","message":"undefined","timestamp":"2014-10-09T09:56:23.515Z"}
{"level":"info","message":"BROWSER IS: iPhone","timestamp":"2014-10-09T09:56:23.515Z"}
{"level":"info","message":"Initialising file paths with browser & version","timestamp":"2014-10-09T09:56:23.515Z"}
{"level":"info","message":"Initialising file paths with browser & version","timestamp":"2014-10-09T09:56:23.515Z"}
{"level":"info","message":"Initialising file paths with browser & version","timestamp":"2014-10-09T09:56:23.515Z"}
{"level":"info","message":"Initialising file paths with browser & version","timestamp":"2014-10-09T09:56:23.515Z"}
{"level":"info","message":"Initialising file paths with browser & version","timestamp":"2014-10-09T09:56:23.515Z"}
{"level":"info","message":"Initialising file paths with browser & version","timestamp":"2014-10-09T09:56:23.515Z"}
{"level":"info","message":"Initialising file paths with browser & version","timestamp":"2014-10-09T09:56:23.515Z"}
{"level":"info","message":"Initialising file paths with browser & version","timestamp":"2014-10-09T09:56:23.515Z"}
{"level":"info","message":"Initialising file paths with browser & version","timestamp":"2014-10-09T09:56:23.515Z"}
{"level":"info","message":"Initialising file paths with browser & version","timestamp":"2014-10-09T09:56:23.515Z"}
{"level":"info","message":"Initialising file paths with browser & version","timestamp":"2014-10-09T09:56:23.515Z"}
{"level":"info","message":"Initialising file paths with browser & version","timestamp":"2014-10-09T09:56:23.515Z"}
{"level":"info","message":"Initialising file paths with browser & version","timestamp":"2014-10-09T09:56:23.515Z"}
{"level":"info","message":"Initialising file paths with browser & version","timestamp":"2014-10-09T09:56:23.515Z"}
{"level":"info","message":"Initialising file paths with browser & version","timestamp":"2014-10-09T09:56:23.515Z"}
{"level":"info","message":"Initialising file paths with browser & version","timestamp":"2014-10-09T09:56:23.515Z"}
{"level":"info","message":"Initialising file paths with browser & version","timestamp":"2014-10-09T09:56:23.515Z"}
{"level":"info","message":"Initialising file paths with browser & version","timestamp":"2014-10-09T09:56:23.515Z"}
{"level":"info","message":"Initialising file paths with browser & version","timestamp":"2014-10-09T09:56:23.515Z"}
{"level":"info","message":"Initialising file paths with browser & version","timestamp":"2014-10-09T09:56:23.515Z"}
{"level":"info","message":"Initialising file paths with browser & version","timestamp":"2014-10-09T09:56:23.515Z"}
{"level":"info","message":"Saved screenshot","timestamp":"2014-10-09T09:56:24.037Z"}
{"level":"info","message":"Comparing images from paths: /tmp/screeniPad6.19eaf1f0c41fc47edb8733f1b5a6b41e3.png.help and images/help-inline-iPad-6.1.png","timestamp":"2014-10-09T09:56:24.037Z"}
{"level":"info","message":"Image comparison gave: 0","timestamp":"2014-10-09T09:56:24.059Z"}
{"level":"info","message":"iPad6.19eaf1f0c41fc47edb8733f1b5a6b41e3 compared images for stage: helpwith eqaulity of: 0","timestamp":"2014-10-09T09:56:24.059Z"}
{"level":"info","message":"Clicking the help button","timestamp":"2014-10-09T09:56:24.082Z"}
{"parentElementArrayFinder":{"locator_":{"using":"css selector","value":".zoe-btn-help"}},"elementArrayFinder_":{"locator_":{"$ref":"$[\"parentElementArrayFinder\"][\"locator_\"]"}},"level":"info","message":"help button is","timestamp":"2014-10-09T09:56:24.084Z"}
{"level":"info","message":"Comparing images for stagehelpClose","timestamp":"2014-10-09T09:56:24.086Z"}
{"level":"info","message":"Saving screenshot to /tmp/screeniPad6.19eaf1f0c41fc47edb8733f1b5a6b41e3.png.helpClose","timestamp":"2014-10-09T09:56:24.086Z"}
{"level":"info","message":"Opening URL: http://jenkins.zoetrope.io:8888/v3/testInline.html","timestamp":"2014-10-09T09:56:24.110Z"}
{"level":"info","message":"Initialising file paths with browser & version","timestamp":"2014-10-09T09:56:24.110Z"}
{"level":"info","message":"Initialising file paths with browser & version","timestamp":"2014-10-09T09:56:24.110Z"}
{"level":"info","message":"Initialising file paths with browser & version","timestamp":"2014-10-09T09:56:24.110Z"}
{"level":"info","message":"Initialising file paths with browser & version","timestamp":"2014-10-09T09:56:24.110Z"}
{"level":"info","message":"Initialising file paths with browser & version","timestamp":"2014-10-09T09:56:24.110Z"}
{"level":"info","message":"Initialising file paths with browser & version","timestamp":"2014-10-09T09:56:24.111Z"}
{"level":"info","message":"Got help style of display: none; ","timestamp":"2014-10-09T09:56:27.504Z"}
{"level":"info","message":"Comparing images for stageload","timestamp":"2014-10-09T09:56:28.479Z"}
{"level":"info","message":"Saving screenshot to /tmp/screeniPhone6.14b5d98ee97074bb5a2f5588a2dcefcf3.png.load","timestamp":"2014-10-09T09:56:28.480Z"}
{"level":"info","message":"Saved screenshot","timestamp":"2014-10-09T09:56:31.154Z"}
{"level":"info","message":"Comparing images from paths: /tmp/screeniPad6.19eaf1f0c41fc47edb8733f1b5a6b41e3.png.helpClose and images/helpClose-inline-iPad-6.1.png","timestamp":"2014-10-09T09:56:31.158Z"}
{"level":"info","message":"Clicking the zoom button","timestamp":"2014-10-09T09:56:31.171Z"}
{"level":"info","message":"Comparing images for stagezoom","timestamp":"2014-10-09T09:56:31.175Z"}
{"level":"info","message":"Saving screenshot to /tmp/screeniPad6.19eaf1f0c41fc47edb8733f1b5a6b41e3.png.zoom","timestamp":"2014-10-09T09:56:31.175Z"}
{"level":"info","message":"Image comparison gave: 0","timestamp":"2014-10-09T09:56:31.185Z"}
{"level":"info","message":"iPad6.19eaf1f0c41fc47edb8733f1b5a6b41e3 compared images for stage: helpClosewith eqaulity of: 0","timestamp":"2014-10-09T09:56:31.185Z"}
{"level":"info","message":"Saved screenshot","timestamp":"2014-10-09T09:56:31.628Z"}
{"level":"info","message":"Comparing images from paths: /tmp/screeniPhone6.14b5d98ee97074bb5a2f5588a2dcefcf3.png.load and images/load-inline-iPhone-6.1.png","timestamp":"2014-10-09T09:56:31.629Z"}
{"level":"info","message":"Image comparison gave: 0.0561409284","timestamp":"2014-10-09T09:56:31.648Z"}
{"level":"info","message":"iPhone6.14b5d98ee97074bb5a2f5588a2dcefcf3 compared images for stage: loadwith eqaulity of: 0.0561409284","timestamp":"2014-10-09T09:56:31.648Z"}
{"level":"info","message":"Clicking the help button","timestamp":"2014-10-09T09:56:31.665Z"}
{"parentElementArrayFinder":{"locator_":{"using":"css selector","value":".zoe-btn-help"}},"elementArrayFinder_":{"locator_":{"$ref":"$[\"parentElementArrayFinder\"][\"locator_\"]"}},"level":"info","message":"help button is","timestamp":"2014-10-09T09:56:31.667Z"}
{"level":"info","message":"Got help style of ","timestamp":"2014-10-09T09:56:34.676Z"}
{"level":"info","message":"Comparing images for stagehelp","timestamp":"2014-10-09T09:56:34.721Z"}
{"level":"info","message":"Saving screenshot to /tmp/screeniPhone6.14b5d98ee97074bb5a2f5588a2dcefcf3.png.help","timestamp":"2014-10-09T09:56:34.721Z"}
{"level":"info","message":"Saved screenshot","timestamp":"2014-10-09T09:56:36.785Z"}
{"level":"info","message":"Comparing images from paths: /tmp/screeniPhone6.14b5d98ee97074bb5a2f5588a2dcefcf3.png.help and images/help-inline-iPhone-6.1.png","timestamp":"2014-10-09T09:56:36.785Z"}
{"level":"info","message":"Image comparison gave: 0.1259676217","timestamp":"2014-10-09T09:56:36.802Z"}
{"level":"info","message":"iPhone6.14b5d98ee97074bb5a2f5588a2dcefcf3 compared images for stage: helpwith eqaulity of: 0.1259676217","timestamp":"2014-10-09T09:56:36.802Z"}
{"level":"info","message":"Clicking the help button","timestamp":"2014-10-09T09:56:36.833Z"}
{"parentElementArrayFinder":{"locator_":{"using":"css selector","value":".zoe-btn-help"}},"elementArrayFinder_":{"locator_":{"$ref":"$[\"parentElementArrayFinder\"][\"locator_\"]"}},"level":"info","message":"help button is","timestamp":"2014-10-09T09:56:36.835Z"}
{"level":"info","message":"Comparing images for stagehelpClose","timestamp":"2014-10-09T09:56:36.836Z"}
{"level":"info","message":"Saving screenshot to /tmp/screeniPhone6.14b5d98ee97074bb5a2f5588a2dcefcf3.png.helpClose","timestamp":"2014-10-09T09:56:36.836Z"}
{"level":"info","message":"Saved screenshot","timestamp":"2014-10-09T09:56:38.384Z"}
{"level":"info","message":"Comparing images from paths: /tmp/screeniPad6.19eaf1f0c41fc47edb8733f1b5a6b41e3.png.zoom and images/zoom-inline-iPad-6.1.png","timestamp":"2014-10-09T09:56:38.384Z"}
{"level":"info","message":"Clicking the zoom button","timestamp":"2014-10-09T09:56:38.396Z"}
{"level":"info","message":"Comparing images for stagezoomClose","timestamp":"2014-10-09T09:56:38.399Z"}
{"level":"info","message":"Saving screenshot to /tmp/screeniPad6.19eaf1f0c41fc47edb8733f1b5a6b41e3.png.zoomClose","timestamp":"2014-10-09T09:56:38.400Z"}
{"level":"info","message":"Image comparison gave: 0","timestamp":"2014-10-09T09:56:38.416Z"}
{"level":"info","message":"iPad6.19eaf1f0c41fc47edb8733f1b5a6b41e3 compared images for stage: zoomwith eqaulity of: 0","timestamp":"2014-10-09T09:56:38.416Z"}
{"level":"info","message":"Got help style of display: none; ","timestamp":"2014-10-09T09:56:39.850Z"}
{"level":"info","message":"Saved screenshot","timestamp":"2014-10-09T09:56:42.996Z"}
{"level":"info","message":"Comparing images from paths: /tmp/screeniPhone6.14b5d98ee97074bb5a2f5588a2dcefcf3.png.helpClose and images/helpClose-inline-iPhone-6.1.png","timestamp":"2014-10-09T09:56:42.996Z"}
{"level":"info","message":"Image comparison gave: 0.0566277552","timestamp":"2014-10-09T09:56:43.015Z"}
{"level":"info","message":"iPhone6.14b5d98ee97074bb5a2f5588a2dcefcf3 compared images for stage: helpClosewith eqaulity of: 0.0566277552","timestamp":"2014-10-09T09:56:43.016Z"}
{"level":"info","message":"Clicking the zoom button","timestamp":"2014-10-09T09:56:43.023Z"}
{"level":"info","message":"Comparing images for stagezoom","timestamp":"2014-10-09T09:56:43.026Z"}
{"level":"info","message":"Saving screenshot to /tmp/screeniPhone6.14b5d98ee97074bb5a2f5588a2dcefcf3.png.zoom","timestamp":"2014-10-09T09:56:43.026Z"}
{"level":"info","message":"Saved screenshot","timestamp":"2014-10-09T09:56:44.855Z"}
{"level":"info","message":"Comparing images from paths: /tmp/screeniPad6.19eaf1f0c41fc47edb8733f1b5a6b41e3.png.zoomClose and images/zoomClose-inline-iPad-6.1.png","timestamp":"2014-10-09T09:56:44.856Z"}
{"level":"info","message":"Opening URL: http://jenkins.zoetrope.io:8888/v3/testPopover.html","timestamp":"2014-10-09T09:56:44.869Z"}
{"level":"info","message":"Initialising file paths with browser & version","timestamp":"2014-10-09T09:56:44.869Z"}
{"level":"info","message":"Initialising file paths with browser & version","timestamp":"2014-10-09T09:56:44.869Z"}
{"level":"info","message":"Initialising file paths with browser & version","timestamp":"2014-10-09T09:56:44.869Z"}
{"level":"info","message":"Initialising file paths with browser & version","timestamp":"2014-10-09T09:56:44.869Z"}
{"level":"info","message":"Initialising file paths with browser & version","timestamp":"2014-10-09T09:56:44.869Z"}
{"level":"info","message":"Initialising file paths with browser & version","timestamp":"2014-10-09T09:56:44.869Z"}
{"level":"info","message":"Image comparison gave: 0","timestamp":"2014-10-09T09:56:44.877Z"}
{"level":"info","message":"iPad6.19eaf1f0c41fc47edb8733f1b5a6b41e3 compared images for stage: zoomClosewith eqaulity of: 0","timestamp":"2014-10-09T09:56:44.877Z"}
{"level":"info","message":"Comparing images for stageload","timestamp":"2014-10-09T09:56:46.418Z"}
{"level":"info","message":"Saving screenshot to /tmp/screeniPad6.19eaf1f0c41fc47edb8733f1b5a6b41e3.png.load","timestamp":"2014-10-09T09:56:46.418Z"}
{"level":"info","message":"Saved screenshot","timestamp":"2014-10-09T09:56:49.037Z"}
{"level":"info","message":"Comparing images from paths: /tmp/screeniPad6.19eaf1f0c41fc47edb8733f1b5a6b41e3.png.load and images/load-popover-iPad-6.1.png","timestamp":"2014-10-09T09:56:49.037Z"}
{"level":"info","message":"Image comparison gave: 0","timestamp":"2014-10-09T09:56:49.073Z"}
{"level":"info","message":"iPad6.19eaf1f0c41fc47edb8733f1b5a6b41e3 compared images for stage: loadwith eqaulity of: 0","timestamp":"2014-10-09T09:56:49.073Z"}
{"level":"info","message":"Clicking on widget trigger","timestamp":"2014-10-09T09:56:49.076Z"}
{"level":"info","message":"Saved screenshot","timestamp":"2014-10-09T09:56:50.939Z"}
{"level":"info","message":"Comparing images from paths: /tmp/screeniPhone6.14b5d98ee97074bb5a2f5588a2dcefcf3.png.zoom and images/zoom-inline-iPhone-6.1.png","timestamp":"2014-10-09T09:56:50.939Z"}
{"level":"info","message":"Clicking the zoom button","timestamp":"2014-10-09T09:56:50.951Z"}
{"level":"info","message":"Comparing images for stagezoomClose","timestamp":"2014-10-09T09:56:50.955Z"}
{"level":"info","message":"Saving screenshot to /tmp/screeniPhone6.14b5d98ee97074bb5a2f5588a2dcefcf3.png.zoomClose","timestamp":"2014-10-09T09:56:50.956Z"}
{"level":"info","message":"Image comparison gave: 0.103194359","timestamp":"2014-10-09T09:56:50.962Z"}
{"level":"info","message":"iPhone6.14b5d98ee97074bb5a2f5588a2dcefcf3 compared images for stage: zoomwith eqaulity of: 0.103194359","timestamp":"2014-10-09T09:56:50.963Z"}
{"level":"info","message":"Comparing images for stageopenWidget","timestamp":"2014-10-09T09:56:52.192Z"}
{"level":"info","message":"Saving screenshot to /tmp/screeniPad6.19eaf1f0c41fc47edb8733f1b5a6b41e3.png.openWidget","timestamp":"2014-10-09T09:56:52.192Z"}
{"level":"info","message":"Saved screenshot","timestamp":"2014-10-09T09:56:54.657Z"}
{"level":"info","message":"Comparing images from paths: /tmp/screeniPad6.19eaf1f0c41fc47edb8733f1b5a6b41e3.png.openWidget and images/openWidget-popover-iPad-6.1.png","timestamp":"2014-10-09T09:56:54.657Z"}
{"level":"info","message":"Image comparison gave: 0","timestamp":"2014-10-09T09:56:54.688Z"}
{"level":"info","message":"iPad6.19eaf1f0c41fc47edb8733f1b5a6b41e3 compared images for stage: openWidgetwith eqaulity of: 0","timestamp":"2014-10-09T09:56:54.688Z"}
{"level":"info","message":"Clicking the help button","timestamp":"2014-10-09T09:56:54.694Z"}
{"parentElementArrayFinder":{"locator_":{"using":"css selector","value":".zoe-btn-help"}},"elementArrayFinder_":{"locator_":{"$ref":"$[\"parentElementArrayFinder\"][\"locator_\"]"}},"level":"info","message":"help button is","timestamp":"2014-10-09T09:56:54.696Z"}
{"level":"info","message":"Saved screenshot","timestamp":"2014-10-09T09:56:54.802Z"}
{"level":"info","message":"Comparing images from paths: /tmp/screeniPhone6.14b5d98ee97074bb5a2f5588a2dcefcf3.png.zoomClose and images/zoomClose-inline-iPhone-6.1.png","timestamp":"2014-10-09T09:56:54.803Z"}
{"level":"info","message":"Opening URL: http://jenkins.zoetrope.io:8888/v3/testPopover.html","timestamp":"2014-10-09T09:56:54.830Z"}
{"level":"info","message":"Initialising file paths with browser & version","timestamp":"2014-10-09T09:56:54.830Z"}
{"level":"info","message":"Initialising file paths with browser & version","timestamp":"2014-10-09T09:56:54.830Z"}
{"level":"info","message":"Initialising file paths with browser & version","timestamp":"2014-10-09T09:56:54.830Z"}
{"level":"info","message":"Initialising file paths with browser & version","timestamp":"2014-10-09T09:56:54.830Z"}
{"level":"info","message":"Initialising file paths with browser & version","timestamp":"2014-10-09T09:56:54.830Z"}
{"level":"info","message":"Initialising file paths with browser & version","timestamp":"2014-10-09T09:56:54.830Z"}
{"level":"info","message":"Image comparison gave: 0.0566277552","timestamp":"2014-10-09T09:56:54.840Z"}
{"level":"info","message":"iPhone6.14b5d98ee97074bb5a2f5588a2dcefcf3 compared images for stage: zoomClosewith eqaulity of: 0.0566277552","timestamp":"2014-10-09T09:56:54.840Z"}
{"level":"info","message":"Comparing images for stageload","timestamp":"2014-10-09T09:56:56.148Z"}
{"level":"info","message":"Saving screenshot to /tmp/screeniPhone6.14b5d98ee97074bb5a2f5588a2dcefcf3.png.load","timestamp":"2014-10-09T09:56:56.148Z"}
{"level":"info","message":"Got help style of ","timestamp":"2014-10-09T09:57:01.061Z"}
{"level":"info","message":"Comparing images for stagehelp","timestamp":"2014-10-09T09:57:01.101Z"}
{"level":"info","message":"Saving screenshot to /tmp/screeniPad6.19eaf1f0c41fc47edb8733f1b5a6b41e3.png.help","timestamp":"2014-10-09T09:57:01.101Z"}
{"level":"info","message":"Saved screenshot","timestamp":"2014-10-09T09:57:01.891Z"}
{"level":"info","message":"Comparing images from paths: /tmp/screeniPhone6.14b5d98ee97074bb5a2f5588a2dcefcf3.png.load and images/load-popover-iPhone-6.1.png","timestamp":"2014-10-09T09:57:01.892Z"}
{"level":"info","message":"Image comparison gave: 0","timestamp":"2014-10-09T09:57:01.912Z"}
{"level":"info","message":"iPhone6.14b5d98ee97074bb5a2f5588a2dcefcf3 compared images for stage: loadwith eqaulity of: 0","timestamp":"2014-10-09T09:57:01.913Z"}
{"level":"info","message":"Clicking on widget trigger","timestamp":"2014-10-09T09:57:01.929Z"}
{"level":"info","message":"Saved screenshot","timestamp":"2014-10-09T09:57:03.281Z"}
{"level":"info","message":"Comparing images from paths: /tmp/screeniPad6.19eaf1f0c41fc47edb8733f1b5a6b41e3.png.help and images/help-popover-iPad-6.1.png","timestamp":"2014-10-09T09:57:03.281Z"}
{"level":"info","message":"Image comparison gave: 0","timestamp":"2014-10-09T09:57:03.302Z"}
{"level":"info","message":"iPad6.19eaf1f0c41fc47edb8733f1b5a6b41e3 compared images for stage: helpwith eqaulity of: 0","timestamp":"2014-10-09T09:57:03.303Z"}
{"level":"info","message":"Clicking the help button","timestamp":"2014-10-09T09:57:03.324Z"}
{"parentElementArrayFinder":{"locator_":{"using":"css selector","value":".zoe-btn-help"}},"elementArrayFinder_":{"locator_":{"$ref":"$[\"parentElementArrayFinder\"][\"locator_\"]"}},"level":"info","message":"help button is","timestamp":"2014-10-09T09:57:03.326Z"}
{"level":"info","message":"Comparing images for stagehelpClose","timestamp":"2014-10-09T09:57:03.327Z"}
{"level":"info","message":"Saving screenshot to /tmp/screeniPad6.19eaf1f0c41fc47edb8733f1b5a6b41e3.png.helpClose","timestamp":"2014-10-09T09:57:03.328Z"}
{"level":"info","message":"Comparing images for stageopenWidget","timestamp":"2014-10-09T09:57:03.859Z"}
{"level":"info","message":"Saving screenshot to /tmp/screeniPhone6.14b5d98ee97074bb5a2f5588a2dcefcf3.png.openWidget","timestamp":"2014-10-09T09:57:03.859Z"}
{"level":"info","message":"Saved screenshot","timestamp":"2014-10-09T09:57:06.774Z"}
{"level":"info","message":"Comparing images from paths: /tmp/screeniPhone6.14b5d98ee97074bb5a2f5588a2dcefcf3.png.openWidget and images/openWidget-popover-iPhone-6.1.png","timestamp":"2014-10-09T09:57:06.774Z"}
{"level":"info","message":"Image comparison gave: 0.0040439472","timestamp":"2014-10-09T09:57:06.795Z"}
{"level":"info","message":"iPhone6.14b5d98ee97074bb5a2f5588a2dcefcf3 compared images for stage: openWidgetwith eqaulity of: 0.0040439472","timestamp":"2014-10-09T09:57:06.795Z"}
{"level":"info","message":"Clicking the help button","timestamp":"2014-10-09T09:57:06.808Z"}
{"parentElementArrayFinder":{"locator_":{"using":"css selector","value":".zoe-btn-help"}},"elementArrayFinder_":{"locator_":{"$ref":"$[\"parentElementArrayFinder\"][\"locator_\"]"}},"level":"info","message":"help button is","timestamp":"2014-10-09T09:57:06.810Z"}
{"level":"info","message":"Got help style of display: none; ","timestamp":"2014-10-09T09:57:07.720Z"}
{"level":"info","message":"Got help style of ","timestamp":"2014-10-09T09:57:09.863Z"}
{"level":"info","message":"Comparing images for stagehelp","timestamp":"2014-10-09T09:57:09.906Z"}
{"level":"info","message":"Saving screenshot to /tmp/screeniPhone6.14b5d98ee97074bb5a2f5588a2dcefcf3.png.help","timestamp":"2014-10-09T09:57:09.906Z"}
{"level":"info","message":"Saved screenshot","timestamp":"2014-10-09T09:57:11.004Z"}
{"level":"info","message":"Comparing images from paths: /tmp/screeniPad6.19eaf1f0c41fc47edb8733f1b5a6b41e3.png.helpClose and images/helpClose-popover-iPad-6.1.png","timestamp":"2014-10-09T09:57:11.004Z"}
{"level":"info","message":"Clicking the zoom button","timestamp":"2014-10-09T09:57:11.019Z"}
{"level":"info","message":"Comparing images for stagezoom","timestamp":"2014-10-09T09:57:11.023Z"}
{"level":"info","message":"Saving screenshot to /tmp/screeniPad6.19eaf1f0c41fc47edb8733f1b5a6b41e3.png.zoom","timestamp":"2014-10-09T09:57:11.023Z"}
{"level":"info","message":"Image comparison gave: 0","timestamp":"2014-10-09T09:57:11.030Z"}
{"level":"info","message":"iPad6.19eaf1f0c41fc47edb8733f1b5a6b41e3 compared images for stage: helpClosewith eqaulity of: 0","timestamp":"2014-10-09T09:57:11.031Z"}
{"level":"info","message":"Saved screenshot","timestamp":"2014-10-09T09:57:11.698Z"}
{"level":"info","message":"Comparing images from paths: /tmp/screeniPhone6.14b5d98ee97074bb5a2f5588a2dcefcf3.png.help and images/help-popover-iPhone-6.1.png","timestamp":"2014-10-09T09:57:11.699Z"}
{"level":"info","message":"Image comparison gave: 0.0408624213","timestamp":"2014-10-09T09:57:11.723Z"}
{"level":"info","message":"iPhone6.14b5d98ee97074bb5a2f5588a2dcefcf3 compared images for stage: helpwith eqaulity of: 0.0408624213","timestamp":"2014-10-09T09:57:11.723Z"}
{"level":"info","message":"Clicking the help button","timestamp":"2014-10-09T09:57:11.747Z"}
{"parentElementArrayFinder":{"locator_":{"using":"css selector","value":".zoe-btn-help"}},"elementArrayFinder_":{"locator_":{"$ref":"$[\"parentElementArrayFinder\"][\"locator_\"]"}},"level":"info","message":"help button is","timestamp":"2014-10-09T09:57:11.749Z"}
{"level":"info","message":"Comparing images for stagehelpClose","timestamp":"2014-10-09T09:57:11.750Z"}
{"level":"info","message":"Saving screenshot to /tmp/screeniPhone6.14b5d98ee97074bb5a2f5588a2dcefcf3.png.helpClose","timestamp":"2014-10-09T09:57:11.750Z"}
{"level":"info","message":"Got help style of display: none; ","timestamp":"2014-10-09T09:57:14.788Z"}
{"level":"info","message":"Saved screenshot","timestamp":"2014-10-09T09:57:17.749Z"}
{"level":"info","message":"Comparing images from paths: /tmp/screeniPhone6.14b5d98ee97074bb5a2f5588a2dcefcf3.png.helpClose and images/helpClose-popover-iPhone-6.1.png","timestamp":"2014-10-09T09:57:17.754Z"}
{"level":"info","message":"Clicking the zoom button","timestamp":"2014-10-09T09:57:17.767Z"}
{"level":"info","message":"Comparing images for stagezoom","timestamp":"2014-10-09T09:57:17.770Z"}
{"level":"info","message":"Saving screenshot to /tmp/screeniPhone6.14b5d98ee97074bb5a2f5588a2dcefcf3.png.zoom","timestamp":"2014-10-09T09:57:17.771Z"}
{"level":"info","message":"Image comparison gave: 0.0040439472","timestamp":"2014-10-09T09:57:17.780Z"}
{"level":"info","message":"iPhone6.14b5d98ee97074bb5a2f5588a2dcefcf3 compared images for stage: helpClosewith eqaulity of: 0.0040439472","timestamp":"2014-10-09T09:57:17.781Z"}
{"level":"info","message":"Saved screenshot","timestamp":"2014-10-09T09:57:18.358Z"}
{"level":"info","message":"Comparing images from paths: /tmp/screeniPad6.19eaf1f0c41fc47edb8733f1b5a6b41e3.png.zoom and images/zoom-popover-iPad-6.1.png","timestamp":"2014-10-09T09:57:18.359Z"}
{"level":"info","message":"Clicking the zoom button","timestamp":"2014-10-09T09:57:18.373Z"}
{"level":"info","message":"Comparing images for stagezoomClose","timestamp":"2014-10-09T09:57:18.376Z"}
{"level":"info","message":"Saving screenshot to /tmp/screeniPad6.19eaf1f0c41fc47edb8733f1b5a6b41e3.png.zoomClose","timestamp":"2014-10-09T09:57:18.376Z"}
{"level":"info","message":"Image comparison gave: 0","timestamp":"2014-10-09T09:57:18.384Z"}
{"level":"info","message":"iPad6.19eaf1f0c41fc47edb8733f1b5a6b41e3 compared images for stage: zoomwith eqaulity of: 0","timestamp":"2014-10-09T09:57:18.384Z"}
{"level":"info","message":"Saved screenshot","timestamp":"2014-10-09T09:57:22.947Z"}
{"level":"info","message":"Comparing images from paths: /tmp/screeniPad6.19eaf1f0c41fc47edb8733f1b5a6b41e3.png.zoomClose and images/zoomClose-popover-iPad-6.1.png","timestamp":"2014-10-09T09:57:22.947Z"}
{"level":"info","message":"Image comparison gave: 0","timestamp":"2014-10-09T09:57:22.969Z"}
{"level":"info","message":"iPad6.19eaf1f0c41fc47edb8733f1b5a6b41e3 compared images for stage: zoomClosewith eqaulity of: 0","timestamp":"2014-10-09T09:57:22.969Z"}
{"level":"info","message":"Saved screenshot","timestamp":"2014-10-09T09:57:23.684Z"}
{"level":"info","message":"Comparing images from paths: /tmp/screeniPhone6.14b5d98ee97074bb5a2f5588a2dcefcf3.png.zoom and images/zoom-popover-iPhone-6.1.png","timestamp":"2014-10-09T09:57:23.684Z"}
{"level":"info","message":"Clicking the zoom button","timestamp":"2014-10-09T09:57:23.699Z"}
{"level":"info","message":"Comparing images for stagezoomClose","timestamp":"2014-10-09T09:57:23.702Z"}
{"level":"info","message":"Saving screenshot to /tmp/screeniPhone6.14b5d98ee97074bb5a2f5588a2dcefcf3.png.zoomClose","timestamp":"2014-10-09T09:57:23.702Z"}
{"level":"info","message":"Image comparison gave: 0.0544667917","timestamp":"2014-10-09T09:57:23.709Z"}
{"level":"info","message":"iPhone6.14b5d98ee97074bb5a2f5588a2dcefcf3 compared images for stage: zoomwith eqaulity of: 0.0544667917","timestamp":"2014-10-09T09:57:23.709Z"}
{"level":"info","message":"Saved screenshot","timestamp":"2014-10-09T09:57:27.820Z"}
{"level":"info","message":"Comparing images from paths: /tmp/screeniPhone6.14b5d98ee97074bb5a2f5588a2dcefcf3.png.zoomClose and images/zoomClose-popover-iPhone-6.1.png","timestamp":"2014-10-09T09:57:27.820Z"}
{"level":"info","message":"Image comparison gave: 0.0040439472","timestamp":"2014-10-09T09:57:27.850Z"}
{"level":"info","message":"iPhone6.14b5d98ee97074bb5a2f5588a2dcefcf3 compared images for stage: zoomClosewith eqaulity of: 0.0040439472","timestamp":"2014-10-09T09:57:27.851Z"}
{"level":"info","message":"Initialising jasmine tests","timestamp":"2014-10-09T10:31:46.461Z"}
{"inline":{},"popover":{},"indiscriminate":{},"progressWrapper":{"parentElementArrayFinder":{"locator_":{"using":"css selector","value":".zoe-progress-wrapper"}},"elementArrayFinder_":{"locator_":{"$ref":"$[\"progressWrapper\"][\"parentElementArrayFinder\"][\"locator_\"]"}}},"widgetOverlay":{"parentElementArrayFinder":{"locator_":{"using":"css selector","value":"#zoe-zbox-overlay"}},"elementArrayFinder_":{"locator_":{"$ref":"$[\"widgetOverlay\"][\"parentElementArrayFinder\"][\"locator_\"]"}}},"widgetTrigger":{"parentElementArrayFinder":{"locator_":{"using":"css selector","value":".zoe-engage-trigger>img"}},"elementArrayFinder_":{"locator_":{"$ref":"$[\"widgetTrigger\"][\"parentElementArrayFinder\"][\"locator_\"]"}}},"widgetColorbox":{"parentElementArrayFinder":{"locator_":{"using":"css selector","value":"#zoe-zbox-content"}},"elementArrayFinder_":{"locator_":{"$ref":"$[\"widgetColorbox\"][\"parentElementArrayFinder\"][\"locator_\"]"}}},"helpButton":{"parentElementArrayFinder":{"locator_":{"using":"css selector","value":".zoe-btn-help"}},"elementArrayFinder_":{"locator_":{"$ref":"$[\"helpButton\"][\"parentElementArrayFinder\"][\"locator_\"]"}}},"helpElement":{"parentElementArrayFinder":{"locator_":{"using":"css selector","value":".zoe-help-overlay"}},"elementArrayFinder_":{"locator_":{"$ref":"$[\"helpElement\"][\"parentElementArrayFinder\"][\"locator_\"]"}}},"zoomButton":{"parentElementArrayFinder":{"locator_":{"using":"css selector","value":".zoe-btn-zoom"}},"elementArrayFinder_":{"locator_":{"$ref":"$[\"zoomButton\"][\"parentElementArrayFinder\"][\"locator_\"]"}}},"zoomElement":{"parentElementArrayFinder":{"locator_":{"using":"css selector","value":".zoe-zoom"}},"elementArrayFinder_":{"locator_":{"$ref":"$[\"zoomElement\"][\"parentElementArrayFinder\"][\"locator_\"]"}}},"zoomImage":{"parentElementArrayFinder":{"locator_":{"using":"css selector","value":".zoe-zoom-frame"}},"elementArrayFinder_":{"locator_":{"$ref":"$[\"zoomImage\"][\"parentElementArrayFinder\"][\"locator_\"]"}}},"closeButton":{"parentElementArrayFinder":{"locator_":{"using":"css selector","value":".zoe-btn-close"}},"elementArrayFinder_":{"locator_":{"$ref":"$[\"closeButton\"][\"parentElementArrayFinder\"][\"locator_\"]"}}},"widgetImageDiv":{"parentElementArrayFinder":{"locator_":{"using":"css selector","value":".zoe-engage-image.reel"}},"elementArrayFinder_":{"locator_":{"$ref":"$[\"widgetImageDiv\"][\"parentElementArrayFinder\"][\"locator_\"]"}}},"inlineDivSelector":{"parentElementArrayFinder":{"locator_":{"using":"css selector","value":".zoe-inline.reel"}},"elementArrayFinder_":{"locator_":{"$ref":"$[\"inlineDivSelector\"][\"parentElementArrayFinder\"][\"locator_\"]"}}},"widgetWrapperSelector":{"parentElementArrayFinder":{"locator_":{"using":"css selector","value":".zoe-engage-wrapper"}},"elementArrayFinder_":{"locator_":{"$ref":"$[\"widgetWrapperSelector\"][\"parentElementArrayFinder\"][\"locator_\"]"}}},"widgetWrapperImage":{"parentElementArrayFinder":{"locator_":{"using":"css selector","value":".zoe-frame"}},"elementArrayFinder_":{"locator_":{"$ref":"$[\"widgetWrapperImage\"][\"parentElementArrayFinder\"][\"locator_\"]"}}},"pageImageSelector":{"parentElementArrayFinder":{"locator_":{"using":"css selector","value":".zoe-engage-wrapper"}},"elementArrayFinder_":{"locator_":{"$ref":"$[\"pageImageSelector\"][\"parentElementArrayFinder\"][\"locator_\"]"}}},"inlineTrigger":{"parentElementArrayFinder":{"locator_":{"using":"css selector","value":"a.zoe-engage-trigger"}},"elementArrayFinder_":{"locator_":{"$ref":"$[\"inlineTrigger\"][\"parentElementArrayFinder\"][\"locator_\"]"}}},"inlineWrapper":{"parentElementArrayFinder":{"locator_":{"using":"css selector","value":".zoe-engage-wrapper.zoe-inline"}},"elementArrayFinder_":{"locator_":{"$ref":"$[\"inlineWrapper\"][\"parentElementArrayFinder\"][\"locator_\"]"}}},"frameSelector":{"parentElementArrayFinder":{"locator_":{"using":"css selector","value":".zoe-frame"}},"elementArrayFinder_":{"locator_":{"$ref":"$[\"frameSelector\"][\"parentElementArrayFinder\"][\"locator_\"]"}}},"interactCTA":{"parentElementArrayFinder":{"locator_":{"using":"css selector","value":".zoe-interact-cta"}},"elementArrayFinder_":{"locator_":{"$ref":"$[\"interactCTA\"][\"parentElementArrayFinder\"][\"locator_\"]"}}},"triggerCTA":{"parentElementArrayFinder":{"locator_":{"using":"css selector","value":".zoe-trigger-cta"}},"elementArrayFinder_":{"locator_":{"$ref":"$[\"triggerCTA\"][\"parentElementArrayFinder\"][\"locator_\"]"}}},"helpRotate":{"parentElementArrayFinder":{"locator_":{"using":"css selector","value":".zoe-help-rotate .zoe-help-text"}},"elementArrayFinder_":{"locator_":{"$ref":"$[\"helpRotate\"][\"parentElementArrayFinder\"][\"locator_\"]"}}},"helpElevate":{"parentElementArrayFinder":{"locator_":{"using":"css selector","value":".zoe-help-elevate .zoe-help-text"}},"elementArrayFinder_":{"locator_":{"$ref":"$[\"helpElevate\"][\"parentElementArrayFinder\"][\"locator_\"]"}}},"helpZoom":{"parentElementArrayFinder":{"locator_":{"using":"css selector","value":".zoe-help-zoom .zoe-help-text"}},"elementArrayFinder_":{"locator_":{"$ref":"$[\"helpZoom\"][\"parentElementArrayFinder\"][\"locator_\"]"}}},"helpBrand":{"parentElementArrayFinder":{"locator_":{"using":"css selector","value":".zoe-help-brand .zoe-help-text"}},"elementArrayFinder_":{"locator_":{"$ref":"$[\"helpBrand\"][\"parentElementArrayFinder\"][\"locator_\"]"}}},"extraContent":{"parentElementArrayFinder":{"locator_":{"using":"css selector","value":".zoe-display-extra-content"}},"elementArrayFinder_":{"locator_":{"$ref":"$[\"extraContent\"][\"parentElementArrayFinder\"][\"locator_\"]"}}},"level":"debug","message":"elementFinder is ","timestamp":"2014-10-09T10:31:46.514Z"}
{"level":"info","message":"Initialising jasmine tests","timestamp":"2014-10-09T10:31:46.400Z"}
{"inline":{},"popover":{},"indiscriminate":{},"progressWrapper":{"parentElementArrayFinder":{"locator_":{"using":"css selector","value":".zoe-progress-wrapper"}},"elementArrayFinder_":{"locator_":{"$ref":"$[\"progressWrapper\"][\"parentElementArrayFinder\"][\"locator_\"]"}}},"widgetOverlay":{"parentElementArrayFinder":{"locator_":{"using":"css selector","value":"#zoe-zbox-overlay"}},"elementArrayFinder_":{"locator_":{"$ref":"$[\"widgetOverlay\"][\"parentElementArrayFinder\"][\"locator_\"]"}}},"widgetTrigger":{"parentElementArrayFinder":{"locator_":{"using":"css selector","value":".zoe-engage-trigger>img"}},"elementArrayFinder_":{"locator_":{"$ref":"$[\"widgetTrigger\"][\"parentElementArrayFinder\"][\"locator_\"]"}}},"widgetColorbox":{"parentElementArrayFinder":{"locator_":{"using":"css selector","value":"#zoe-zbox-content"}},"elementArrayFinder_":{"locator_":{"$ref":"$[\"widgetColorbox\"][\"parentElementArrayFinder\"][\"locator_\"]"}}},"helpButton":{"parentElementArrayFinder":{"locator_":{"using":"css selector","value":".zoe-btn-help"}},"elementArrayFinder_":{"locator_":{"$ref":"$[\"helpButton\"][\"parentElementArrayFinder\"][\"locator_\"]"}}},"helpElement":{"parentElementArrayFinder":{"locator_":{"using":"css selector","value":".zoe-help-overlay"}},"elementArrayFinder_":{"locator_":{"$ref":"$[\"helpElement\"][\"parentElementArrayFinder\"][\"locator_\"]"}}},"zoomButton":{"parentElementArrayFinder":{"locator_":{"using":"css selector","value":".zoe-btn-zoom"}},"elementArrayFinder_":{"locator_":{"$ref":"$[\"zoomButton\"][\"parentElementArrayFinder\"][\"locator_\"]"}}},"zoomElement":{"parentElementArrayFinder":{"locator_":{"using":"css selector","value":".zoe-zoom"}},"elementArrayFinder_":{"locator_":{"$ref":"$[\"zoomElement\"][\"parentElementArrayFinder\"][\"locator_\"]"}}},"zoomImage":{"parentElementArrayFinder":{"locator_":{"using":"css selector","value":".zoe-zoom-frame"}},"elementArrayFinder_":{"locator_":{"$ref":"$[\"zoomImage\"][\"parentElementArrayFinder\"][\"locator_\"]"}}},"closeButton":{"parentElementArrayFinder":{"locator_":{"using":"css selector","value":".zoe-btn-close"}},"elementArrayFinder_":{"locator_":{"$ref":"$[\"closeButton\"][\"parentElementArrayFinder\"][\"locator_\"]"}}},"widgetImageDiv":{"parentElementArrayFinder":{"locator_":{"using":"css selector","value":".zoe-engage-image.reel"}},"elementArrayFinder_":{"locator_":{"$ref":"$[\"widgetImageDiv\"][\"parentElementArrayFinder\"][\"locator_\"]"}}},"inlineDivSelector":{"parentElementArrayFinder":{"locator_":{"using":"css selector","value":".zoe-inline.reel"}},"elementArrayFinder_":{"locator_":{"$ref":"$[\"inlineDivSelector\"][\"parentElementArrayFinder\"][\"locator_\"]"}}},"widgetWrapperSelector":{"parentElementArrayFinder":{"locator_":{"using":"css selector","value":".zoe-engage-wrapper"}},"elementArrayFinder_":{"locator_":{"$ref":"$[\"widgetWrapperSelector\"][\"parentElementArrayFinder\"][\"locator_\"]"}}},"widgetWrapperImage":{"parentElementArrayFinder":{"locator_":{"using":"css selector","value":".zoe-frame"}},"elementArrayFinder_":{"locator_":{"$ref":"$[\"widgetWrapperImage\"][\"parentElementArrayFinder\"][\"locator_\"]"}}},"pageImageSelector":{"parentElementArrayFinder":{"locator_":{"using":"css selector","value":".zoe-engage-wrapper"}},"elementArrayFinder_":{"locator_":{"$ref":"$[\"pageImageSelector\"][\"parentElementArrayFinder\"][\"locator_\"]"}}},"inlineTrigger":{"parentElementArrayFinder":{"locator_":{"using":"css selector","value":"a.zoe-engage-trigger"}},"elementArrayFinder_":{"locator_":{"$ref":"$[\"inlineTrigger\"][\"parentElementArrayFinder\"][\"locator_\"]"}}},"inlineWrapper":{"parentElementArrayFinder":{"locator_":{"using":"css selector","value":".zoe-engage-wrapper.zoe-inline"}},"elementArrayFinder_":{"locator_":{"$ref":"$[\"inlineWrapper\"][\"parentElementArrayFinder\"][\"locator_\"]"}}},"frameSelector":{"parentElementArrayFinder":{"locator_":{"using":"css selector","value":".zoe-frame"}},"elementArrayFinder_":{"locator_":{"$ref":"$[\"frameSelector\"][\"parentElementArrayFinder\"][\"locator_\"]"}}},"interactCTA":{"parentElementArrayFinder":{"locator_":{"using":"css selector","value":".zoe-interact-cta"}},"elementArrayFinder_":{"locator_":{"$ref":"$[\"interactCTA\"][\"parentElementArrayFinder\"][\"locator_\"]"}}},"triggerCTA":{"parentElementArrayFinder":{"locator_":{"using":"css selector","value":".zoe-trigger-cta"}},"elementArrayFinder_":{"locator_":{"$ref":"$[\"triggerCTA\"][\"parentElementArrayFinder\"][\"locator_\"]"}}},"helpRotate":{"parentElementArrayFinder":{"locator_":{"using":"css selector","value":".zoe-help-rotate .zoe-help-text"}},"elementArrayFinder_":{"locator_":{"$ref":"$[\"helpRotate\"][\"parentElementArrayFinder\"][\"locator_\"]"}}},"helpElevate":{"parentElementArrayFinder":{"locator_":{"using":"css selector","value":".zoe-help-elevate .zoe-help-text"}},"elementArrayFinder_":{"locator_":{"$ref":"$[\"helpElevate\"][\"parentElementArrayFinder\"][\"locator_\"]"}}},"helpZoom":{"parentElementArrayFinder":{"locator_":{"using":"css selector","value":".zoe-help-zoom .zoe-help-text"}},"elementArrayFinder_":{"locator_":{"$ref":"$[\"helpZoom\"][\"parentElementArrayFinder\"][\"locator_\"]"}}},"helpBrand":{"parentElementArrayFinder":{"locator_":{"using":"css selector","value":".zoe-help-brand .zoe-help-text"}},"elementArrayFinder_":{"locator_":{"$ref":"$[\"helpBrand\"][\"parentElementArrayFinder\"][\"locator_\"]"}}},"extraContent":{"parentElementArrayFinder":{"locator_":{"using":"css selector","value":".zoe-display-extra-content"}},"elementArrayFinder_":{"locator_":{"$ref":"$[\"extraContent\"][\"parentElementArrayFinder\"][\"locator_\"]"}}},"level":"debug","message":"elementFinder is ","timestamp":"2014-10-09T10:31:46.411Z"}
{"level":"info","message":"Initialising jasmine tests","timestamp":"2014-10-09T10:31:46.589Z"}
{"inline":{},"popover":{},"indiscriminate":{},"progressWrapper":{"parentElementArrayFinder":{"locator_":{"using":"css selector","value":".zoe-progress-wrapper"}},"elementArrayFinder_":{"locator_":{"$ref":"$[\"progressWrapper\"][\"parentElementArrayFinder\"][\"locator_\"]"}}},"widgetOverlay":{"parentElementArrayFinder":{"locator_":{"using":"css selector","value":"#zoe-zbox-overlay"}},"elementArrayFinder_":{"locator_":{"$ref":"$[\"widgetOverlay\"][\"parentElementArrayFinder\"][\"locator_\"]"}}},"widgetTrigger":{"parentElementArrayFinder":{"locator_":{"using":"css selector","value":".zoe-engage-trigger>img"}},"elementArrayFinder_":{"locator_":{"$ref":"$[\"widgetTrigger\"][\"parentElementArrayFinder\"][\"locator_\"]"}}},"widgetColorbox":{"parentElementArrayFinder":{"locator_":{"using":"css selector","value":"#zoe-zbox-content"}},"elementArrayFinder_":{"locator_":{"$ref":"$[\"widgetColorbox\"][\"parentElementArrayFinder\"][\"locator_\"]"}}},"helpButton":{"parentElementArrayFinder":{"locator_":{"using":"css selector","value":".zoe-btn-help"}},"elementArrayFinder_":{"locator_":{"$ref":"$[\"helpButton\"][\"parentElementArrayFinder\"][\"locator_\"]"}}},"helpElement":{"parentElementArrayFinder":{"locator_":{"using":"css selector","value":".zoe-help-overlay"}},"elementArrayFinder_":{"locator_":{"$ref":"$[\"helpElement\"][\"parentElementArrayFinder\"][\"locator_\"]"}}},"zoomButton":{"parentElementArrayFinder":{"locator_":{"using":"css selector","value":".zoe-btn-zoom"}},"elementArrayFinder_":{"locator_":{"$ref":"$[\"zoomButton\"][\"parentElementArrayFinder\"][\"locator_\"]"}}},"zoomElement":{"parentElementArrayFinder":{"locator_":{"using":"css selector","value":".zoe-zoom"}},"elementArrayFinder_":{"locator_":{"$ref":"$[\"zoomElement\"][\"parentElementArrayFinder\"][\"locator_\"]"}}},"zoomImage":{"parentElementArrayFinder":{"locator_":{"using":"css selector","value":".zoe-zoom-frame"}},"elementArrayFinder_":{"locator_":{"$ref":"$[\"zoomImage\"][\"parentElementArrayFinder\"][\"locator_\"]"}}},"closeButton":{"parentElementArrayFinder":{"locator_":{"using":"css selector","value":".zoe-btn-close"}},"elementArrayFinder_":{"locator_":{"$ref":"$[\"closeButton\"][\"parentElementArrayFinder\"][\"locator_\"]"}}},"widgetImageDiv":{"parentElementArrayFinder":{"locator_":{"using":"css selector","value":".zoe-engage-image.reel"}},"elementArrayFinder_":{"locator_":{"$ref":"$[\"widgetImageDiv\"][\"parentElementArrayFinder\"][\"locator_\"]"}}},"inlineDivSelector":{"parentElementArrayFinder":{"locator_":{"using":"css selector","value":".zoe-inline.reel"}},"elementArrayFinder_":{"locator_":{"$ref":"$[\"inlineDivSelector\"][\"parentElementArrayFinder\"][\"locator_\"]"}}},"widgetWrapperSelector":{"parentElementArrayFinder":{"locator_":{"using":"css selector","value":".zoe-engage-wrapper"}},"elementArrayFinder_":{"locator_":{"$ref":"$[\"widgetWrapperSelector\"][\"parentElementArrayFinder\"][\"locator_\"]"}}},"widgetWrapperImage":{"parentElementArrayFinder":{"locator_":{"using":"css selector","value":".zoe-frame"}},"elementArrayFinder_":{"locator_":{"$ref":"$[\"widgetWrapperImage\"][\"parentElementArrayFinder\"][\"locator_\"]"}}},"pageImageSelector":{"parentElementArrayFinder":{"locator_":{"using":"css selector","value":".zoe-engage-wrapper"}},"elementArrayFinder_":{"locator_":{"$ref":"$[\"pageImageSelector\"][\"parentElementArrayFinder\"][\"locator_\"]"}}},"inlineTrigger":{"parentElementArrayFinder":{"locator_":{"using":"css selector","value":"a.zoe-engage-trigger"}},"elementArrayFinder_":{"locator_":{"$ref":"$[\"inlineTrigger\"][\"parentElementArrayFinder\"][\"locator_\"]"}}},"inlineWrapper":{"parentElementArrayFinder":{"locator_":{"using":"css selector","value":".zoe-engage-wrapper.zoe-inline"}},"elementArrayFinder_":{"locator_":{"$ref":"$[\"inlineWrapper\"][\"parentElementArrayFinder\"][\"locator_\"]"}}},"frameSelector":{"parentElementArrayFinder":{"locator_":{"using":"css selector","value":".zoe-frame"}},"elementArrayFinder_":{"locator_":{"$ref":"$[\"frameSelector\"][\"parentElementArrayFinder\"][\"locator_\"]"}}},"interactCTA":{"parentElementArrayFinder":{"locator_":{"using":"css selector","value":".zoe-interact-cta"}},"elementArrayFinder_":{"locator_":{"$ref":"$[\"interactCTA\"][\"parentElementArrayFinder\"][\"locator_\"]"}}},"triggerCTA":{"parentElementArrayFinder":{"locator_":{"using":"css selector","value":".zoe-trigger-cta"}},"elementArrayFinder_":{"locator_":{"$ref":"$[\"triggerCTA\"][\"parentElementArrayFinder\"][\"locator_\"]"}}},"helpRotate":{"parentElementArrayFinder":{"locator_":{"using":"css selector","value":".zoe-help-rotate .zoe-help-text"}},"elementArrayFinder_":{"locator_":{"$ref":"$[\"helpRotate\"][\"parentElementArrayFinder\"][\"locator_\"]"}}},"helpElevate":{"parentElementArrayFinder":{"locator_":{"using":"css selector","value":".zoe-help-elevate .zoe-help-text"}},"elementArrayFinder_":{"locator_":{"$ref":"$[\"helpElevate\"][\"parentElementArrayFinder\"][\"locator_\"]"}}},"helpZoom":{"parentElementArrayFinder":{"locator_":{"using":"css selector","value":".zoe-help-zoom .zoe-help-text"}},"elementArrayFinder_":{"locator_":{"$ref":"$[\"helpZoom\"][\"parentElementArrayFinder\"][\"locator_\"]"}}},"helpBrand":{"parentElementArrayFinder":{"locator_":{"using":"css selector","value":".zoe-help-brand .zoe-help-text"}},"elementArrayFinder_":{"locator_":{"$ref":"$[\"helpBrand\"][\"parentElementArrayFinder\"][\"locator_\"]"}}},"extraContent":{"parentElementArrayFinder":{"locator_":{"using":"css selector","value":".zoe-display-extra-content"}},"elementArrayFinder_":{"locator_":{"$ref":"$[\"extraContent\"][\"parentElementArrayFinder\"][\"locator_\"]"}}},"level":"debug","message":"elementFinder is ","timestamp":"2014-10-09T10:31:46.595Z"}
{"level":"info","message":"Initialising jasmine tests","timestamp":"2014-10-09T10:31:46.694Z"}
{"inline":{},"popover":{},"indiscriminate":{},"progressWrapper":{"parentElementArrayFinder":{"locator_":{"using":"css selector","value":".zoe-progress-wrapper"}},"elementArrayFinder_":{"locator_":{"$ref":"$[\"progressWrapper\"][\"parentElementArrayFinder\"][\"locator_\"]"}}},"widgetOverlay":{"parentElementArrayFinder":{"locator_":{"using":"css selector","value":"#zoe-zbox-overlay"}},"elementArrayFinder_":{"locator_":{"$ref":"$[\"widgetOverlay\"][\"parentElementArrayFinder\"][\"locator_\"]"}}},"widgetTrigger":{"parentElementArrayFinder":{"locator_":{"using":"css selector","value":".zoe-engage-trigger>img"}},"elementArrayFinder_":{"locator_":{"$ref":"$[\"widgetTrigger\"][\"parentElementArrayFinder\"][\"locator_\"]"}}},"widgetColorbox":{"parentElementArrayFinder":{"locator_":{"using":"css selector","value":"#zoe-zbox-content"}},"elementArrayFinder_":{"locator_":{"$ref":"$[\"widgetColorbox\"][\"parentElementArrayFinder\"][\"locator_\"]"}}},"helpButton":{"parentElementArrayFinder":{"locator_":{"using":"css selector","value":".zoe-btn-help"}},"elementArrayFinder_":{"locator_":{"$ref":"$[\"helpButton\"][\"parentElementArrayFinder\"][\"locator_\"]"}}},"helpElement":{"parentElementArrayFinder":{"locator_":{"using":"css selector","value":".zoe-help-overlay"}},"elementArrayFinder_":{"locator_":{"$ref":"$[\"helpElement\"][\"parentElementArrayFinder\"][\"locator_\"]"}}},"zoomButton":{"parentElementArrayFinder":{"locator_":{"using":"css selector","value":".zoe-btn-zoom"}},"elementArrayFinder_":{"locator_":{"$ref":"$[\"zoomButton\"][\"parentElementArrayFinder\"][\"locator_\"]"}}},"zoomElement":{"parentElementArrayFinder":{"locator_":{"using":"css selector","value":".zoe-zoom"}},"elementArrayFinder_":{"locator_":{"$ref":"$[\"zoomElement\"][\"parentElementArrayFinder\"][\"locator_\"]"}}},"zoomImage":{"parentElementArrayFinder":{"locator_":{"using":"css selector","value":".zoe-zoom-frame"}},"elementArrayFinder_":{"locator_":{"$ref":"$[\"zoomImage\"][\"parentElementArrayFinder\"][\"locator_\"]"}}},"closeButton":{"parentElementArrayFinder":{"locator_":{"using":"css selector","value":".zoe-btn-close"}},"elementArrayFinder_":{"locator_":{"$ref":"$[\"closeButton\"][\"parentElementArrayFinder\"][\"locator_\"]"}}},"widgetImageDiv":{"parentElementArrayFinder":{"locator_":{"using":"css selector","value":".zoe-engage-image.reel"}},"elementArrayFinder_":{"locator_":{"$ref":"$[\"widgetImageDiv\"][\"parentElementArrayFinder\"][\"locator_\"]"}}},"inlineDivSelector":{"parentElementArrayFinder":{"locator_":{"using":"css selector","value":".zoe-inline.reel"}},"elementArrayFinder_":{"locator_":{"$ref":"$[\"inlineDivSelector\"][\"parentElementArrayFinder\"][\"locator_\"]"}}},"widgetWrapperSelector":{"parentElementArrayFinder":{"locator_":{"using":"css selector","value":".zoe-engage-wrapper"}},"elementArrayFinder_":{"locator_":{"$ref":"$[\"widgetWrapperSelector\"][\"parentElementArrayFinder\"][\"locator_\"]"}}},"widgetWrapperImage":{"parentElementArrayFinder":{"locator_":{"using":"css selector","value":".zoe-frame"}},"elementArrayFinder_":{"locator_":{"$ref":"$[\"widgetWrapperImage\"][\"parentElementArrayFinder\"][\"locator_\"]"}}},"pageImageSelector":{"parentElementArrayFinder":{"locator_":{"using":"css selector","value":".zoe-engage-wrapper"}},"elementArrayFinder_":{"locator_":{"$ref":"$[\"pageImageSelector\"][\"parentElementArrayFinder\"][\"locator_\"]"}}},"inlineTrigger":{"parentElementArrayFinder":{"locator_":{"using":"css selector","value":"a.zoe-engage-trigger"}},"elementArrayFinder_":{"locator_":{"$ref":"$[\"inlineTrigger\"][\"parentElementArrayFinder\"][\"locator_\"]"}}},"inlineWrapper":{"parentElementArrayFinder":{"locator_":{"using":"css selector","value":".zoe-engage-wrapper.zoe-inline"}},"elementArrayFinder_":{"locator_":{"$ref":"$[\"inlineWrapper\"][\"parentElementArrayFinder\"][\"locator_\"]"}}},"frameSelector":{"parentElementArrayFinder":{"locator_":{"using":"css selector","value":".zoe-frame"}},"elementArrayFinder_":{"locator_":{"$ref":"$[\"frameSelector\"][\"parentElementArrayFinder\"][\"locator_\"]"}}},"interactCTA":{"parentElementArrayFinder":{"locator_":{"using":"css selector","value":".zoe-interact-cta"}},"elementArrayFinder_":{"locator_":{"$ref":"$[\"interactCTA\"][\"parentElementArrayFinder\"][\"locator_\"]"}}},"triggerCTA":{"parentElementArrayFinder":{"locator_":{"using":"css selector","value":".zoe-trigger-cta"}},"elementArrayFinder_":{"locator_":{"$ref":"$[\"triggerCTA\"][\"parentElementArrayFinder\"][\"locator_\"]"}}},"helpRotate":{"parentElementArrayFinder":{"locator_":{"using":"css selector","value":".zoe-help-rotate .zoe-help-text"}},"elementArrayFinder_":{"locator_":{"$ref":"$[\"helpRotate\"][\"parentElementArrayFinder\"][\"locator_\"]"}}},"helpElevate":{"parentElementArrayFinder":{"locator_":{"using":"css selector","value":".zoe-help-elevate .zoe-help-text"}},"elementArrayFinder_":{"locator_":{"$ref":"$[\"helpElevate\"][\"parentElementArrayFinder\"][\"locator_\"]"}}},"helpZoom":{"parentElementArrayFinder":{"locator_":{"using":"css selector","value":".zoe-help-zoom .zoe-help-text"}},"elementArrayFinder_":{"locator_":{"$ref":"$[\"helpZoom\"][\"parentElementArrayFinder\"][\"locator_\"]"}}},"helpBrand":{"parentElementArrayFinder":{"locator_":{"using":"css selector","value":".zoe-help-brand .zoe-help-text"}},"elementArrayFinder_":{"locator_":{"$ref":"$[\"helpBrand\"][\"parentElementArrayFinder\"][\"locator_\"]"}}},"extraContent":{"parentElementArrayFinder":{"locator_":{"using":"css selector","value":".zoe-display-extra-content"}},"elementArrayFinder_":{"locator_":{"$ref":"$[\"extraContent\"][\"parentElementArrayFinder\"][\"locator_\"]"}}},"level":"debug","message":"elementFinder is ","timestamp":"2014-10-09T10:31:46.697Z"}
{"level":"info","message":"Initialising jasmine tests","timestamp":"2014-10-09T10:31:46.726Z"}
{"inline":{},"popover":{},"indiscriminate":{},"progressWrapper":{"parentElementArrayFinder":{"locator_":{"using":"css selector","value":".zoe-progress-wrapper"}},"elementArrayFinder_":{"locator_":{"$ref":"$[\"progressWrapper\"][\"parentElementArrayFinder\"][\"locator_\"]"}}},"widgetOverlay":{"parentElementArrayFinder":{"locator_":{"using":"css selector","value":"#zoe-zbox-overlay"}},"elementArrayFinder_":{"locator_":{"$ref":"$[\"widgetOverlay\"][\"parentElementArrayFinder\"][\"locator_\"]"}}},"widgetTrigger":{"parentElementArrayFinder":{"locator_":{"using":"css selector","value":".zoe-engage-trigger>img"}},"elementArrayFinder_":{"locator_":{"$ref":"$[\"widgetTrigger\"][\"parentElementArrayFinder\"][\"locator_\"]"}}},"widgetColorbox":{"parentElementArrayFinder":{"locator_":{"using":"css selector","value":"#zoe-zbox-content"}},"elementArrayFinder_":{"locator_":{"$ref":"$[\"widgetColorbox\"][\"parentElementArrayFinder\"][\"locator_\"]"}}},"helpButton":{"parentElementArrayFinder":{"locator_":{"using":"css selector","value":".zoe-btn-help"}},"elementArrayFinder_":{"locator_":{"$ref":"$[\"helpButton\"][\"parentElementArrayFinder\"][\"locator_\"]"}}},"helpElement":{"parentElementArrayFinder":{"locator_":{"using":"css selector","value":".zoe-help-overlay"}},"elementArrayFinder_":{"locator_":{"$ref":"$[\"helpElement\"][\"parentElementArrayFinder\"][\"locator_\"]"}}},"zoomButton":{"parentElementArrayFinder":{"locator_":{"using":"css selector","value":".zoe-btn-zoom"}},"elementArrayFinder_":{"locator_":{"$ref":"$[\"zoomButton\"][\"parentElementArrayFinder\"][\"locator_\"]"}}},"zoomElement":{"parentElementArrayFinder":{"locator_":{"using":"css selector","value":".zoe-zoom"}},"elementArrayFinder_":{"locator_":{"$ref":"$[\"zoomElement\"][\"parentElementArrayFinder\"][\"locator_\"]"}}},"zoomImage":{"parentElementArrayFinder":{"locator_":{"using":"css selector","value":".zoe-zoom-frame"}},"elementArrayFinder_":{"locator_":{"$ref":"$[\"zoomImage\"][\"parentElementArrayFinder\"][\"locator_\"]"}}},"closeButton":{"parentElementArrayFinder":{"locator_":{"using":"css selector","value":".zoe-btn-close"}},"elementArrayFinder_":{"locator_":{"$ref":"$[\"closeButton\"][\"parentElementArrayFinder\"][\"locator_\"]"}}},"widgetImageDiv":{"parentElementArrayFinder":{"locator_":{"using":"css selector","value":".zoe-engage-image.reel"}},"elementArrayFinder_":{"locator_":{"$ref":"$[\"widgetImageDiv\"][\"parentElementArrayFinder\"][\"locator_\"]"}}},"inlineDivSelector":{"parentElementArrayFinder":{"locator_":{"using":"css selector","value":".zoe-inline.reel"}},"elementArrayFinder_":{"locator_":{"$ref":"$[\"inlineDivSelector\"][\"parentElementArrayFinder\"][\"locator_\"]"}}},"widgetWrapperSelector":{"parentElementArrayFinder":{"locator_":{"using":"css selector","value":".zoe-engage-wrapper"}},"elementArrayFinder_":{"locator_":{"$ref":"$[\"widgetWrapperSelector\"][\"parentElementArrayFinder\"][\"locator_\"]"}}},"widgetWrapperImage":{"parentElementArrayFinder":{"locator_":{"using":"css selector","value":".zoe-frame"}},"elementArrayFinder_":{"locator_":{"$ref":"$[\"widgetWrapperImage\"][\"parentElementArrayFinder\"][\"locator_\"]"}}},"pageImageSelector":{"parentElementArrayFinder":{"locator_":{"using":"css selector","value":".zoe-engage-wrapper"}},"elementArrayFinder_":{"locator_":{"$ref":"$[\"pageImageSelector\"][\"parentElementArrayFinder\"][\"locator_\"]"}}},"inlineTrigger":{"parentElementArrayFinder":{"locator_":{"using":"css selector","value":"a.zoe-engage-trigger"}},"elementArrayFinder_":{"locator_":{"$ref":"$[\"inlineTrigger\"][\"parentElementArrayFinder\"][\"locator_\"]"}}},"inlineWrapper":{"parentElementArrayFinder":{"locator_":{"using":"css selector","value":".zoe-engage-wrapper.zoe-inline"}},"elementArrayFinder_":{"locator_":{"$ref":"$[\"inlineWrapper\"][\"parentElementArrayFinder\"][\"locator_\"]"}}},"frameSelector":{"parentElementArrayFinder":{"locator_":{"using":"css selector","value":".zoe-frame"}},"elementArrayFinder_":{"locator_":{"$ref":"$[\"frameSelector\"][\"parentElementArrayFinder\"][\"locator_\"]"}}},"interactCTA":{"parentElementArrayFinder":{"locator_":{"using":"css selector","value":".zoe-interact-cta"}},"elementArrayFinder_":{"locator_":{"$ref":"$[\"interactCTA\"][\"parentElementArrayFinder\"][\"locator_\"]"}}},"triggerCTA":{"parentElementArrayFinder":{"locator_":{"using":"css selector","value":".zoe-trigger-cta"}},"elementArrayFinder_":{"locator_":{"$ref":"$[\"triggerCTA\"][\"parentElementArrayFinder\"][\"locator_\"]"}}},"helpRotate":{"parentElementArrayFinder":{"locator_":{"using":"css selector","value":".zoe-help-rotate .zoe-help-text"}},"elementArrayFinder_":{"locator_":{"$ref":"$[\"helpRotate\"][\"parentElementArrayFinder\"][\"locator_\"]"}}},"helpElevate":{"parentElementArrayFinder":{"locator_":{"using":"css selector","value":".zoe-help-elevate .zoe-help-text"}},"elementArrayFinder_":{"locator_":{"$ref":"$[\"helpElevate\"][\"parentElementArrayFinder\"][\"locator_\"]"}}},"helpZoom":{"parentElementArrayFinder":{"locator_":{"using":"css selector","value":".zoe-help-zoom .zoe-help-text"}},"elementArrayFinder_":{"locator_":{"$ref":"$[\"helpZoom\"][\"parentElementArrayFinder\"][\"locator_\"]"}}},"helpBrand":{"parentElementArrayFinder":{"locator_":{"using":"css selector","value":".zoe-help-brand .zoe-help-text"}},"elementArrayFinder_":{"locator_":{"$ref":"$[\"helpBrand\"][\"parentElementArrayFinder\"][\"locator_\"]"}}},"extraContent":{"parentElementArrayFinder":{"locator_":{"using":"css selector","value":".zoe-display-extra-content"}},"elementArrayFinder_":{"locator_":{"$ref":"$[\"extraContent\"][\"parentElementArrayFinder\"][\"locator_\"]"}}},"level":"debug","message":"elementFinder is ","timestamp":"2014-10-09T10:31:46.729Z"}
{"level":"info","message":"Initialising jasmine tests","timestamp":"2014-10-09T10:31:46.779Z"}
{"inline":{},"popover":{},"indiscriminate":{},"progressWrapper":{"parentElementArrayFinder":{"locator_":{"using":"css selector","value":".zoe-progress-wrapper"}},"elementArrayFinder_":{"locator_":{"$ref":"$[\"progressWrapper\"][\"parentElementArrayFinder\"][\"locator_\"]"}}},"widgetOverlay":{"parentElementArrayFinder":{"locator_":{"using":"css selector","value":"#zoe-zbox-overlay"}},"elementArrayFinder_":{"locator_":{"$ref":"$[\"widgetOverlay\"][\"parentElementArrayFinder\"][\"locator_\"]"}}},"widgetTrigger":{"parentElementArrayFinder":{"locator_":{"using":"css selector","value":".zoe-engage-trigger>img"}},"elementArrayFinder_":{"locator_":{"$ref":"$[\"widgetTrigger\"][\"parentElementArrayFinder\"][\"locator_\"]"}}},"widgetColorbox":{"parentElementArrayFinder":{"locator_":{"using":"css selector","value":"#zoe-zbox-content"}},"elementArrayFinder_":{"locator_":{"$ref":"$[\"widgetColorbox\"][\"parentElementArrayFinder\"][\"locator_\"]"}}},"helpButton":{"parentElementArrayFinder":{"locator_":{"using":"css selector","value":".zoe-btn-help"}},"elementArrayFinder_":{"locator_":{"$ref":"$[\"helpButton\"][\"parentElementArrayFinder\"][\"locator_\"]"}}},"helpElement":{"parentElementArrayFinder":{"locator_":{"using":"css selector","value":".zoe-help-overlay"}},"elementArrayFinder_":{"locator_":{"$ref":"$[\"helpElement\"][\"parentElementArrayFinder\"][\"locator_\"]"}}},"zoomButton":{"parentElementArrayFinder":{"locator_":{"using":"css selector","value":".zoe-btn-zoom"}},"elementArrayFinder_":{"locator_":{"$ref":"$[\"zoomButton\"][\"parentElementArrayFinder\"][\"locator_\"]"}}},"zoomElement":{"parentElementArrayFinder":{"locator_":{"using":"css selector","value":".zoe-zoom"}},"elementArrayFinder_":{"locator_":{"$ref":"$[\"zoomElement\"][\"parentElementArrayFinder\"][\"locator_\"]"}}},"zoomImage":{"parentElementArrayFinder":{"locator_":{"using":"css selector","value":".zoe-zoom-frame"}},"elementArrayFinder_":{"locator_":{"$ref":"$[\"zoomImage\"][\"parentElementArrayFinder\"][\"locator_\"]"}}},"closeButton":{"parentElementArrayFinder":{"locator_":{"using":"css selector","value":".zoe-btn-close"}},"elementArrayFinder_":{"locator_":{"$ref":"$[\"closeButton\"][\"parentElementArrayFinder\"][\"locator_\"]"}}},"widgetImageDiv":{"parentElementArrayFinder":{"locator_":{"using":"css selector","value":".zoe-engage-image.reel"}},"elementArrayFinder_":{"locator_":{"$ref":"$[\"widgetImageDiv\"][\"parentElementArrayFinder\"][\"locator_\"]"}}},"inlineDivSelector":{"parentElementArrayFinder":{"locator_":{"using":"css selector","value":".zoe-inline.reel"}},"elementArrayFinder_":{"locator_":{"$ref":"$[\"inlineDivSelector\"][\"parentElementArrayFinder\"][\"locator_\"]"}}},"widgetWrapperSelector":{"parentElementArrayFinder":{"locator_":{"using":"css selector","value":".zoe-engage-wrapper"}},"elementArrayFinder_":{"locator_":{"$ref":"$[\"widgetWrapperSelector\"][\"parentElementArrayFinder\"][\"locator_\"]"}}},"widgetWrapperImage":{"parentElementArrayFinder":{"locator_":{"using":"css selector","value":".zoe-frame"}},"elementArrayFinder_":{"locator_":{"$ref":"$[\"widgetWrapperImage\"][\"parentElementArrayFinder\"][\"locator_\"]"}}},"pageImageSelector":{"parentElementArrayFinder":{"locator_":{"using":"css selector","value":".zoe-engage-wrapper"}},"elementArrayFinder_":{"locator_":{"$ref":"$[\"pageImageSelector\"][\"parentElementArrayFinder\"][\"locator_\"]"}}},"inlineTrigger":{"parentElementArrayFinder":{"locator_":{"using":"css selector","value":"a.zoe-engage-trigger"}},"elementArrayFinder_":{"locator_":{"$ref":"$[\"inlineTrigger\"][\"parentElementArrayFinder\"][\"locator_\"]"}}},"inlineWrapper":{"parentElementArrayFinder":{"locator_":{"using":"css selector","value":".zoe-engage-wrapper.zoe-inline"}},"elementArrayFinder_":{"locator_":{"$ref":"$[\"inlineWrapper\"][\"parentElementArrayFinder\"][\"locator_\"]"}}},"frameSelector":{"parentElementArrayFinder":{"locator_":{"using":"css selector","value":".zoe-frame"}},"elementArrayFinder_":{"locator_":{"$ref":"$[\"frameSelector\"][\"parentElementArrayFinder\"][\"locator_\"]"}}},"interactCTA":{"parentElementArrayFinder":{"locator_":{"using":"css selector","value":".zoe-interact-cta"}},"elementArrayFinder_":{"locator_":{"$ref":"$[\"interactCTA\"][\"parentElementArrayFinder\"][\"locator_\"]"}}},"triggerCTA":{"parentElementArrayFinder":{"locator_":{"using":"css selector","value":".zoe-trigger-cta"}},"elementArrayFinder_":{"locator_":{"$ref":"$[\"triggerCTA\"][\"parentElementArrayFinder\"][\"locator_\"]"}}},"helpRotate":{"parentElementArrayFinder":{"locator_":{"using":"css selector","value":".zoe-help-rotate .zoe-help-text"}},"elementArrayFinder_":{"locator_":{"$ref":"$[\"helpRotate\"][\"parentElementArrayFinder\"][\"locator_\"]"}}},"helpElevate":{"parentElementArrayFinder":{"locator_":{"using":"css selector","value":".zoe-help-elevate .zoe-help-text"}},"elementArrayFinder_":{"locator_":{"$ref":"$[\"helpElevate\"][\"parentElementArrayFinder\"][\"locator_\"]"}}},"helpZoom":{"parentElementArrayFinder":{"locator_":{"using":"css selector","value":".zoe-help-zoom .zoe-help-text"}},"elementArrayFinder_":{"locator_":{"$ref":"$[\"helpZoom\"][\"parentElementArrayFinder\"][\"locator_\"]"}}},"helpBrand":{"parentElementArrayFinder":{"locator_":{"using":"css selector","value":".zoe-help-brand .zoe-help-text"}},"elementArrayFinder_":{"locator_":{"$ref":"$[\"helpBrand\"][\"parentElementArrayFinder\"][\"locator_\"]"}}},"extraContent":{"parentElementArrayFinder":{"locator_":{"using":"css selector","value":".zoe-display-extra-content"}},"elementArrayFinder_":{"locator_":{"$ref":"$[\"extraContent\"][\"parentElementArrayFinder\"][\"locator_\"]"}}},"level":"debug","message":"elementFinder is ","timestamp":"2014-10-09T10:31:46.781Z"}
{"level":"info","message":"Initialising jasmine tests","timestamp":"2014-10-09T10:31:46.780Z"}
{"inline":{},"popover":{},"indiscriminate":{},"progressWrapper":{"parentElementArrayFinder":{"locator_":{"using":"css selector","value":".zoe-progress-wrapper"}},"elementArrayFinder_":{"locator_":{"$ref":"$[\"progressWrapper\"][\"parentElementArrayFinder\"][\"locator_\"]"}}},"widgetOverlay":{"parentElementArrayFinder":{"locator_":{"using":"css selector","value":"#zoe-zbox-overlay"}},"elementArrayFinder_":{"locator_":{"$ref":"$[\"widgetOverlay\"][\"parentElementArrayFinder\"][\"locator_\"]"}}},"widgetTrigger":{"parentElementArrayFinder":{"locator_":{"using":"css selector","value":".zoe-engage-trigger>img"}},"elementArrayFinder_":{"locator_":{"$ref":"$[\"widgetTrigger\"][\"parentElementArrayFinder\"][\"locator_\"]"}}},"widgetColorbox":{"parentElementArrayFinder":{"locator_":{"using":"css selector","value":"#zoe-zbox-content"}},"elementArrayFinder_":{"locator_":{"$ref":"$[\"widgetColorbox\"][\"parentElementArrayFinder\"][\"locator_\"]"}}},"helpButton":{"parentElementArrayFinder":{"locator_":{"using":"css selector","value":".zoe-btn-help"}},"elementArrayFinder_":{"locator_":{"$ref":"$[\"helpButton\"][\"parentElementArrayFinder\"][\"locator_\"]"}}},"helpElement":{"parentElementArrayFinder":{"locator_":{"using":"css selector","value":".zoe-help-overlay"}},"elementArrayFinder_":{"locator_":{"$ref":"$[\"helpElement\"][\"parentElementArrayFinder\"][\"locator_\"]"}}},"zoomButton":{"parentElementArrayFinder":{"locator_":{"using":"css selector","value":".zoe-btn-zoom"}},"elementArrayFinder_":{"locator_":{"$ref":"$[\"zoomButton\"][\"parentElementArrayFinder\"][\"locator_\"]"}}},"zoomElement":{"parentElementArrayFinder":{"locator_":{"using":"css selector","value":".zoe-zoom"}},"elementArrayFinder_":{"locator_":{"$ref":"$[\"zoomElement\"][\"parentElementArrayFinder\"][\"locator_\"]"}}},"zoomImage":{"parentElementArrayFinder":{"locator_":{"using":"css selector","value":".zoe-zoom-frame"}},"elementArrayFinder_":{"locator_":{"$ref":"$[\"zoomImage\"][\"parentElementArrayFinder\"][\"locator_\"]"}}},"closeButton":{"parentElementArrayFinder":{"locator_":{"using":"css selector","value":".zoe-btn-close"}},"elementArrayFinder_":{"locator_":{"$ref":"$[\"closeButton\"][\"parentElementArrayFinder\"][\"locator_\"]"}}},"widgetImageDiv":{"parentElementArrayFinder":{"locator_":{"using":"css selector","value":".zoe-engage-image.reel"}},"elementArrayFinder_":{"locator_":{"$ref":"$[\"widgetImageDiv\"][\"parentElementArrayFinder\"][\"locator_\"]"}}},"inlineDivSelector":{"parentElementArrayFinder":{"locator_":{"using":"css selector","value":".zoe-inline.reel"}},"elementArrayFinder_":{"locator_":{"$ref":"$[\"inlineDivSelector\"][\"parentElementArrayFinder\"][\"locator_\"]"}}},"widgetWrapperSelector":{"parentElementArrayFinder":{"locator_":{"using":"css selector","value":".zoe-engage-wrapper"}},"elementArrayFinder_":{"locator_":{"$ref":"$[\"widgetWrapperSelector\"][\"parentElementArrayFinder\"][\"locator_\"]"}}},"widgetWrapperImage":{"parentElementArrayFinder":{"locator_":{"using":"css selector","value":".zoe-frame"}},"elementArrayFinder_":{"locator_":{"$ref":"$[\"widgetWrapperImage\"][\"parentElementArrayFinder\"][\"locator_\"]"}}},"pageImageSelector":{"parentElementArrayFinder":{"locator_":{"using":"css selector","value":".zoe-engage-wrapper"}},"elementArrayFinder_":{"locator_":{"$ref":"$[\"pageImageSelector\"][\"parentElementArrayFinder\"][\"locator_\"]"}}},"inlineTrigger":{"parentElementArrayFinder":{"locator_":{"using":"css selector","value":"a.zoe-engage-trigger"}},"elementArrayFinder_":{"locator_":{"$ref":"$[\"inlineTrigger\"][\"parentElementArrayFinder\"][\"locator_\"]"}}},"inlineWrapper":{"parentElementArrayFinder":{"locator_":{"using":"css selector","value":".zoe-engage-wrapper.zoe-inline"}},"elementArrayFinder_":{"locator_":{"$ref":"$[\"inlineWrapper\"][\"parentElementArrayFinder\"][\"locator_\"]"}}},"frameSelector":{"parentElementArrayFinder":{"locator_":{"using":"css selector","value":".zoe-frame"}},"elementArrayFinder_":{"locator_":{"$ref":"$[\"frameSelector\"][\"parentElementArrayFinder\"][\"locator_\"]"}}},"interactCTA":{"parentElementArrayFinder":{"locator_":{"using":"css selector","value":".zoe-interact-cta"}},"elementArrayFinder_":{"locator_":{"$ref":"$[\"interactCTA\"][\"parentElementArrayFinder\"][\"locator_\"]"}}},"triggerCTA":{"parentElementArrayFinder":{"locator_":{"using":"css selector","value":".zoe-trigger-cta"}},"elementArrayFinder_":{"locator_":{"$ref":"$[\"triggerCTA\"][\"parentElementArrayFinder\"][\"locator_\"]"}}},"helpRotate":{"parentElementArrayFinder":{"locator_":{"using":"css selector","value":".zoe-help-rotate .zoe-help-text"}},"elementArrayFinder_":{"locator_":{"$ref":"$[\"helpRotate\"][\"parentElementArrayFinder\"][\"locator_\"]"}}},"helpElevate":{"parentElementArrayFinder":{"locator_":{"using":"css selector","value":".zoe-help-elevate .zoe-help-text"}},"elementArrayFinder_":{"locator_":{"$ref":"$[\"helpElevate\"][\"parentElementArrayFinder\"][\"locator_\"]"}}},"helpZoom":{"parentElementArrayFinder":{"locator_":{"using":"css selector","value":".zoe-help-zoom .zoe-help-text"}},"elementArrayFinder_":{"locator_":{"$ref":"$[\"helpZoom\"][\"parentElementArrayFinder\"][\"locator_\"]"}}},"helpBrand":{"parentElementArrayFinder":{"locator_":{"using":"css selector","value":".zoe-help-brand .zoe-help-text"}},"elementArrayFinder_":{"locator_":{"$ref":"$[\"helpBrand\"][\"parentElementArrayFinder\"][\"locator_\"]"}}},"extraContent":{"parentElementArrayFinder":{"locator_":{"using":"css selector","value":".zoe-display-extra-content"}},"elementArrayFinder_":{"locator_":{"$ref":"$[\"extraContent\"][\"parentElementArrayFinder\"][\"locator_\"]"}}},"level":"debug","message":"elementFinder is ","timestamp":"2014-10-09T10:31:46.782Z"}
{"takesScreenshot":true,"webdriver.remote.sessionid":"308a173740ec4d63a5846ffb1c849f88","unexpectedAlertBehaviour":"dismiss","ie.browserCommandLineSwitches":"","browserAttachTimeout":0,"ie.ensureCleanSession":false,"ignoreProtectedModeSettings":false,"platform":"WINDOWS","version":"11","ignoreZoomSetting":false,"nativeEvents":true,"handlesAlerts":true,"javascriptEnabled":true,"requireWindowFocus":false,"ie.usePerProcessProxy":false,"hasMetadata":true,"initialBrowserUrl":"http://localhost:22580/","enableElementCacheCleanup":true,"cssSelectorsEnabled":true,"browserName":"internet explorer","elementScrollBehavior":0,"enablePersistentHover":true,"ie.forceCreateProcessApi":false,"level":"info","message":"","timestamp":"2014-10-09T10:31:54.424Z"}
{"level":"info","message":"undefined","timestamp":"2014-10-09T10:31:54.425Z"}
{"level":"info","message":"BROWSER IS: internet explorer","timestamp":"2014-10-09T10:31:54.425Z"}
{"level":"info","message":"Initialising file paths with browser & version","timestamp":"2014-10-09T10:31:54.425Z"}
{"level":"info","message":"Initialising file paths with browser & version","timestamp":"2014-10-09T10:31:54.425Z"}
{"level":"info","message":"Initialising file paths with browser & version","timestamp":"2014-10-09T10:31:54.425Z"}
{"level":"info","message":"Initialising file paths with browser & version","timestamp":"2014-10-09T10:31:54.425Z"}
{"level":"info","message":"Initialising file paths with browser & version","timestamp":"2014-10-09T10:31:54.425Z"}
{"level":"info","message":"Initialising file paths with browser & version","timestamp":"2014-10-09T10:31:54.425Z"}
{"level":"info","message":"Initialising file paths with browser & version","timestamp":"2014-10-09T10:31:54.425Z"}
{"level":"info","message":"Initialising file paths with browser & version","timestamp":"2014-10-09T10:31:54.425Z"}
{"level":"info","message":"Initialising file paths with browser & version","timestamp":"2014-10-09T10:31:54.425Z"}
{"level":"info","message":"Initialising file paths with browser & version","timestamp":"2014-10-09T10:31:54.425Z"}
{"level":"info","message":"Initialising file paths with browser & version","timestamp":"2014-10-09T10:31:54.425Z"}
{"level":"info","message":"Initialising file paths with browser & version","timestamp":"2014-10-09T10:31:54.425Z"}
{"level":"info","message":"Initialising file paths with browser & version","timestamp":"2014-10-09T10:31:54.425Z"}
{"level":"info","message":"Initialising file paths with browser & version","timestamp":"2014-10-09T10:31:54.425Z"}
{"level":"info","message":"Initialising file paths with browser & version","timestamp":"2014-10-09T10:31:54.425Z"}
{"level":"info","message":"Initialising file paths with browser & version","timestamp":"2014-10-09T10:31:54.425Z"}
{"level":"info","message":"Initialising file paths with browser & version","timestamp":"2014-10-09T10:31:54.425Z"}
{"level":"info","message":"Initialising file paths with browser & version","timestamp":"2014-10-09T10:31:54.426Z"}
{"level":"info","message":"Initialising file paths with browser & version","timestamp":"2014-10-09T10:31:54.426Z"}
{"level":"info","message":"Initialising file paths with browser & version","timestamp":"2014-10-09T10:31:54.426Z"}
{"level":"info","message":"Initialising file paths with browser & version","timestamp":"2014-10-09T10:31:54.426Z"}
{"level":"info","message":"Opening URL: http://jenkins.zoetrope.io:8888/v3/testInline.html","timestamp":"2014-10-09T10:31:55.841Z"}
{"level":"info","message":"Initialising file paths with browser & version","timestamp":"2014-10-09T10:31:55.841Z"}
{"level":"info","message":"Initialising file paths with browser & version","timestamp":"2014-10-09T10:31:55.841Z"}
{"level":"info","message":"Initialising file paths with browser & version","timestamp":"2014-10-09T10:31:55.841Z"}
{"level":"info","message":"Initialising file paths with browser & version","timestamp":"2014-10-09T10:31:55.841Z"}
{"level":"info","message":"Initialising file paths with browser & version","timestamp":"2014-10-09T10:31:55.841Z"}
{"level":"info","message":"Initialising file paths with browser & version","timestamp":"2014-10-09T10:31:55.842Z"}
{"level":"info","message":"Saving screenshot to images/load-inline-internet explorer-11.png","timestamp":"2014-10-09T10:32:00.981Z"}
{"level":"info","message":"Saved screenshot","timestamp":"2014-10-09T10:32:05.077Z"}
{"level":"info","message":"Clicking the help button","timestamp":"2014-10-09T10:32:05.109Z"}
{"parentElementArrayFinder":{"locator_":{"using":"css selector","value":".zoe-btn-help"}},"elementArrayFinder_":{"locator_":{"$ref":"$[\"parentElementArrayFinder\"][\"locator_\"]"}},"level":"info","message":"help button is","timestamp":"2014-10-09T10:32:05.113Z"}
{"level":"info","message":"Got help style of ","timestamp":"2014-10-09T10:32:07.518Z"}
{"level":"info","message":"Saving screenshot to images/help-inline-internet explorer-11.png","timestamp":"2014-10-09T10:32:07.561Z"}
{"level":"info","message":"Saved screenshot","timestamp":"2014-10-09T10:32:14.396Z"}
{"level":"info","message":"Clicking the help button","timestamp":"2014-10-09T10:32:14.445Z"}
{"parentElementArrayFinder":{"locator_":{"using":"css selector","value":".zoe-btn-help"}},"elementArrayFinder_":{"locator_":{"$ref":"$[\"parentElementArrayFinder\"][\"locator_\"]"}},"level":"info","message":"help button is","timestamp":"2014-10-09T10:32:14.447Z"}
{"level":"info","message":"Got help style of display: none;","timestamp":"2014-10-09T10:32:16.592Z"}
{"level":"info","message":"Saving screenshot to images/helpClose-inline-internet explorer-11.png","timestamp":"2014-10-09T10:32:16.634Z"}
{"level":"info","message":"Saved screenshot","timestamp":"2014-10-09T10:32:20.797Z"}
{"level":"info","message":"Clicking the zoom button","timestamp":"2014-10-09T10:32:20.840Z"}
{"level":"info","message":"Saving screenshot to images/zoom-inline-internet explorer-11.png","timestamp":"2014-10-09T10:32:20.843Z"}
{"level":"info","message":"Saved screenshot","timestamp":"2014-10-09T10:32:27.514Z"}
{"level":"info","message":"Clicking the zoom button","timestamp":"2014-10-09T10:32:27.529Z"}
{"level":"info","message":"Saving screenshot to images/zoomClose-inline-internet explorer-11.png","timestamp":"2014-10-09T10:32:27.532Z"}
{"takesScreenshot":true,"version":"6.1","cssSelectorsEnabled":true,"javascriptEnabled":true,"databaseEnabled":true,"locationContextEnabled":true,"platform":"MAC","browserName":"iPad","webdriver.remote.sessionid":"11aebb16f8f745e79c69f71274339089","hasMetadata":true,"webStorageEnabled":true,"level":"info","message":"","timestamp":"2014-10-09T10:32:34.416Z"}
{"level":"info","message":"undefined","timestamp":"2014-10-09T10:32:34.416Z"}
{"level":"info","message":"BROWSER IS: iPad","timestamp":"2014-10-09T10:32:34.417Z"}
{"level":"info","message":"Initialising file paths with browser & version","timestamp":"2014-10-09T10:32:34.417Z"}
{"level":"info","message":"Initialising file paths with browser & version","timestamp":"2014-10-09T10:32:34.417Z"}
{"level":"info","message":"Initialising file paths with browser & version","timestamp":"2014-10-09T10:32:34.417Z"}
{"level":"info","message":"Initialising file paths with browser & version","timestamp":"2014-10-09T10:32:34.417Z"}
{"level":"info","message":"Initialising file paths with browser & version","timestamp":"2014-10-09T10:32:34.417Z"}
{"level":"info","message":"Initialising file paths with browser & version","timestamp":"2014-10-09T10:32:34.417Z"}
{"level":"info","message":"Initialising file paths with browser & version","timestamp":"2014-10-09T10:32:34.417Z"}
{"level":"info","message":"Initialising file paths with browser & version","timestamp":"2014-10-09T10:32:34.417Z"}
{"level":"info","message":"Initialising file paths with browser & version","timestamp":"2014-10-09T10:32:34.417Z"}
{"level":"info","message":"Initialising file paths with browser & version","timestamp":"2014-10-09T10:32:34.417Z"}
{"level":"info","message":"Initialising file paths with browser & version","timestamp":"2014-10-09T10:32:34.417Z"}
{"level":"info","message":"Initialising file paths with browser & version","timestamp":"2014-10-09T10:32:34.417Z"}
{"level":"info","message":"Initialising file paths with browser & version","timestamp":"2014-10-09T10:32:34.417Z"}
{"level":"info","message":"Initialising file paths with browser & version","timestamp":"2014-10-09T10:32:34.417Z"}
{"level":"info","message":"Initialising file paths with browser & version","timestamp":"2014-10-09T10:32:34.417Z"}
{"level":"info","message":"Initialising file paths with browser & version","timestamp":"2014-10-09T10:32:34.417Z"}
{"level":"info","message":"Initialising file paths with browser & version","timestamp":"2014-10-09T10:32:34.417Z"}
{"level":"info","message":"Initialising file paths with browser & version","timestamp":"2014-10-09T10:32:34.417Z"}
{"level":"info","message":"Initialising file paths with browser & version","timestamp":"2014-10-09T10:32:34.417Z"}
{"level":"info","message":"Initialising file paths with browser & version","timestamp":"2014-10-09T10:32:34.417Z"}
{"level":"info","message":"Initialising file paths with browser & version","timestamp":"2014-10-09T10:32:34.417Z"}
{"level":"info","message":"Saved screenshot","timestamp":"2014-10-09T10:32:34.765Z"}
{"level":"info","message":"Opening URL: http://jenkins.zoetrope.io:8888/v3/testPopover.html","timestamp":"2014-10-09T10:32:34.788Z"}
{"level":"info","message":"Initialising file paths with browser & version","timestamp":"2014-10-09T10:32:34.788Z"}
{"level":"info","message":"Initialising file paths with browser & version","timestamp":"2014-10-09T10:32:34.788Z"}
{"level":"info","message":"Initialising file paths with browser & version","timestamp":"2014-10-09T10:32:34.788Z"}
{"level":"info","message":"Initialising file paths with browser & version","timestamp":"2014-10-09T10:32:34.788Z"}
{"level":"info","message":"Initialising file paths with browser & version","timestamp":"2014-10-09T10:32:34.788Z"}
{"level":"info","message":"Initialising file paths with browser & version","timestamp":"2014-10-09T10:32:34.788Z"}
{"level":"info","message":"Opening URL: http://jenkins.zoetrope.io:8888/v3/testInline.html","timestamp":"2014-10-09T10:32:36.023Z"}
{"level":"info","message":"Initialising file paths with browser & version","timestamp":"2014-10-09T10:32:36.024Z"}
{"level":"info","message":"Initialising file paths with browser & version","timestamp":"2014-10-09T10:32:36.024Z"}
{"level":"info","message":"Initialising file paths with browser & version","timestamp":"2014-10-09T10:32:36.024Z"}
{"level":"info","message":"Initialising file paths with browser & version","timestamp":"2014-10-09T10:32:36.024Z"}
{"level":"info","message":"Initialising file paths with browser & version","timestamp":"2014-10-09T10:32:36.024Z"}
{"level":"info","message":"Initialising file paths with browser & version","timestamp":"2014-10-09T10:32:36.024Z"}
{"level":"info","message":"Saving screenshot to images/load-popover-internet explorer-11.png","timestamp":"2014-10-09T10:32:36.154Z"}
{"level":"info","message":"Saved screenshot","timestamp":"2014-10-09T10:32:40.962Z"}
{"level":"info","message":"Clicking on widget trigger","timestamp":"2014-10-09T10:32:40.999Z"}
{"level":"info","message":"Saving screenshot to images/load-inline-iPad-6.1.png","timestamp":"2014-10-09T10:32:41.345Z"}
{"level":"info","message":"Saving screenshot to images/openWidget-popover-internet explorer-11.png","timestamp":"2014-10-09T10:32:43.279Z"}
{"level":"info","message":"Saved screenshot","timestamp":"2014-10-09T10:32:45.598Z"}
{"level":"info","message":"Clicking the help button","timestamp":"2014-10-09T10:32:45.632Z"}
{"parentElementArrayFinder":{"locator_":{"using":"css selector","value":".zoe-btn-help"}},"elementArrayFinder_":{"locator_":{"$ref":"$[\"parentElementArrayFinder\"][\"locator_\"]"}},"level":"info","message":"help button is","timestamp":"2014-10-09T10:32:45.634Z"}
{"level":"info","message":"Saved screenshot","timestamp":"2014-10-09T10:32:46.549Z"}
{"level":"info","message":"Clicking the help button","timestamp":"2014-10-09T10:32:46.593Z"}
{"parentElementArrayFinder":{"locator_":{"using":"css selector","value":".zoe-btn-help"}},"elementArrayFinder_":{"locator_":{"$ref":"$[\"parentElementArrayFinder\"][\"locator_\"]"}},"level":"info","message":"help button is","timestamp":"2014-10-09T10:32:46.596Z"}
{"level":"info","message":"Got help style of ","timestamp":"2014-10-09T10:32:49.701Z"}
{"level":"info","message":"Saving screenshot to images/help-inline-iPad-6.1.png","timestamp":"2014-10-09T10:32:49.745Z"}
{"level":"info","message":"Got help style of ","timestamp":"2014-10-09T10:32:50.672Z"}
{"level":"info","message":"Saving screenshot to images/help-popover-internet explorer-11.png","timestamp":"2014-10-09T10:32:50.714Z"}
{"level":"info","message":"Saved screenshot","timestamp":"2014-10-09T10:32:52.439Z"}
{"level":"info","message":"Clicking the help button","timestamp":"2014-10-09T10:32:52.493Z"}
{"parentElementArrayFinder":{"locator_":{"using":"css selector","value":".zoe-btn-help"}},"elementArrayFinder_":{"locator_":{"$ref":"$[\"parentElementArrayFinder\"][\"locator_\"]"}},"level":"info","message":"help button is","timestamp":"2014-10-09T10:32:52.496Z"}
{"level":"info","message":"Saved screenshot","timestamp":"2014-10-09T10:32:53.812Z"}
{"level":"info","message":"Clicking the help button","timestamp":"2014-10-09T10:32:53.856Z"}
{"parentElementArrayFinder":{"locator_":{"using":"css selector","value":".zoe-btn-help"}},"elementArrayFinder_":{"locator_":{"$ref":"$[\"parentElementArrayFinder\"][\"locator_\"]"}},"level":"info","message":"help button is","timestamp":"2014-10-09T10:32:53.858Z"}
{"level":"info","message":"Got help style of display: none; ","timestamp":"2014-10-09T10:32:55.772Z"}
{"level":"info","message":"Saving screenshot to images/helpClose-inline-iPad-6.1.png","timestamp":"2014-10-09T10:32:55.814Z"}
{"level":"info","message":"Got help style of display: none;","timestamp":"2014-10-09T10:32:56.454Z"}
{"level":"info","message":"Saving screenshot to images/helpClose-popover-internet explorer-11.png","timestamp":"2014-10-09T10:32:56.496Z"}
{"level":"info","message":"Saved screenshot","timestamp":"2014-10-09T10:32:59.197Z"}
{"level":"info","message":"Clicking the zoom button","timestamp":"2014-10-09T10:32:59.239Z"}
{"level":"info","message":"Saving screenshot to images/zoom-inline-iPad-6.1.png","timestamp":"2014-10-09T10:32:59.243Z"}
{"level":"info","message":"Saved screenshot","timestamp":"2014-10-09T10:32:59.760Z"}
{"level":"info","message":"Clicking the zoom button","timestamp":"2014-10-09T10:32:59.815Z"}
{"level":"info","message":"Saving screenshot to images/zoom-popover-internet explorer-11.png","timestamp":"2014-10-09T10:32:59.817Z"}
{"level":"info","message":"Saved screenshot","timestamp":"2014-10-09T10:33:09.551Z"}
{"level":"info","message":"Clicking the zoom button","timestamp":"2014-10-09T10:33:09.561Z"}
{"level":"info","message":"Saving screenshot to images/zoomClose-popover-internet explorer-11.png","timestamp":"2014-10-09T10:33:09.564Z"}
{"level":"info","message":"Saved screenshot","timestamp":"2014-10-09T10:33:10.443Z"}
{"level":"info","message":"Clicking the zoom button","timestamp":"2014-10-09T10:33:10.469Z"}
{"level":"info","message":"Saving screenshot to images/zoomClose-inline-iPad-6.1.png","timestamp":"2014-10-09T10:33:10.472Z"}
{"level":"info","message":"Saved screenshot","timestamp":"2014-10-09T10:33:14.173Z"}
{"level":"info","message":"Saved screenshot","timestamp":"2014-10-09T10:33:15.730Z"}
{"level":"info","message":"Opening URL: http://jenkins.zoetrope.io:8888/v3/testPopover.html","timestamp":"2014-10-09T10:33:15.741Z"}
{"level":"info","message":"Initialising file paths with browser & version","timestamp":"2014-10-09T10:33:15.741Z"}
{"level":"info","message":"Initialising file paths with browser & version","timestamp":"2014-10-09T10:33:15.741Z"}
{"level":"info","message":"Initialising file paths with browser & version","timestamp":"2014-10-09T10:33:15.741Z"}
{"level":"info","message":"Initialising file paths with browser & version","timestamp":"2014-10-09T10:33:15.742Z"}
{"level":"info","message":"Initialising file paths with browser & version","timestamp":"2014-10-09T10:33:15.742Z"}
{"level":"info","message":"Initialising file paths with browser & version","timestamp":"2014-10-09T10:33:15.742Z"}
{"level":"info","message":"Saving screenshot to images/load-popover-iPad-6.1.png","timestamp":"2014-10-09T10:33:18.394Z"}
{"level":"info","message":"Saved screenshot","timestamp":"2014-10-09T10:33:22.248Z"}
{"level":"info","message":"Clicking on widget trigger","timestamp":"2014-10-09T10:33:22.294Z"}
{"level":"info","message":"Saving screenshot to images/openWidget-popover-iPad-6.1.png","timestamp":"2014-10-09T10:33:24.936Z"}
{"level":"info","message":"Saved screenshot","timestamp":"2014-10-09T10:33:28.384Z"}
{"level":"info","message":"Clicking the help button","timestamp":"2014-10-09T10:33:28.416Z"}
{"parentElementArrayFinder":{"locator_":{"using":"css selector","value":".zoe-btn-help"}},"elementArrayFinder_":{"locator_":{"$ref":"$[\"parentElementArrayFinder\"][\"locator_\"]"}},"level":"info","message":"help button is","timestamp":"2014-10-09T10:33:28.418Z"}
{"level":"info","message":"Got help style of ","timestamp":"2014-10-09T10:33:31.874Z"}
{"level":"info","message":"Saving screenshot to images/help-popover-iPad-6.1.png","timestamp":"2014-10-09T10:33:31.917Z"}
{"level":"info","message":"Saved screenshot","timestamp":"2014-10-09T10:33:34.586Z"}
{"level":"info","message":"Clicking the help button","timestamp":"2014-10-09T10:33:34.628Z"}
{"parentElementArrayFinder":{"locator_":{"using":"css selector","value":".zoe-btn-help"}},"elementArrayFinder_":{"locator_":{"$ref":"$[\"parentElementArrayFinder\"][\"locator_\"]"}},"level":"info","message":"help button is","timestamp":"2014-10-09T10:33:34.630Z"}
{"rotatable":true,"browserConnectionEnabled":true,"acceptSslCerts":true,"cssSelectorsEnabled":true,"javascriptEnabled":true,"locationContextEnabled":true,"takesScreenshot":true,"platform":"ANDROID","browserName":"android","webdriver.remote.sessionid":"b09697e79e03491581658c4979370e5d","hasMetadata":true,"version":"18","applicationCacheEnabled":true,"webStorageEnabled":true,"handlesAlerts":true,"level":"info","message":"","timestamp":"2014-10-09T10:33:35.954Z"}
{"level":"info","message":"undefined","timestamp":"2014-10-09T10:33:35.955Z"}
{"level":"info","message":"BROWSER IS: android","timestamp":"2014-10-09T10:33:35.955Z"}
{"level":"info","message":"Initialising file paths with browser & version","timestamp":"2014-10-09T10:33:35.955Z"}
{"level":"info","message":"Initialising file paths with browser & version","timestamp":"2014-10-09T10:33:35.955Z"}
{"level":"info","message":"Initialising file paths with browser & version","timestamp":"2014-10-09T10:33:35.955Z"}
{"level":"info","message":"Initialising file paths with browser & version","timestamp":"2014-10-09T10:33:35.955Z"}
{"level":"info","message":"Initialising file paths with browser & version","timestamp":"2014-10-09T10:33:35.955Z"}
{"level":"info","message":"Initialising file paths with browser & version","timestamp":"2014-10-09T10:33:35.955Z"}
{"level":"info","message":"Initialising file paths with browser & version","timestamp":"2014-10-09T10:33:35.955Z"}
{"level":"info","message":"Initialising file paths with browser & version","timestamp":"2014-10-09T10:33:35.955Z"}
{"level":"info","message":"Initialising file paths with browser & version","timestamp":"2014-10-09T10:33:35.955Z"}
{"level":"info","message":"Initialising file paths with browser & version","timestamp":"2014-10-09T10:33:35.955Z"}
{"level":"info","message":"Initialising file paths with browser & version","timestamp":"2014-10-09T10:33:35.955Z"}
{"level":"info","message":"Initialising file paths with browser & version","timestamp":"2014-10-09T10:33:35.955Z"}
{"level":"info","message":"Initialising file paths with browser & version","timestamp":"2014-10-09T10:33:35.955Z"}
{"level":"info","message":"Initialising file paths with browser & version","timestamp":"2014-10-09T10:33:35.955Z"}
{"level":"info","message":"Initialising file paths with browser & version","timestamp":"2014-10-09T10:33:35.955Z"}
{"level":"info","message":"Initialising file paths with browser & version","timestamp":"2014-10-09T10:33:35.955Z"}
{"level":"info","message":"Initialising file paths with browser & version","timestamp":"2014-10-09T10:33:35.955Z"}
{"level":"info","message":"Initialising file paths with browser & version","timestamp":"2014-10-09T10:33:35.955Z"}
{"level":"info","message":"Initialising file paths with browser & version","timestamp":"2014-10-09T10:33:35.955Z"}
{"level":"info","message":"Initialising file paths with browser & version","timestamp":"2014-10-09T10:33:35.955Z"}
{"level":"info","message":"Initialising file paths with browser & version","timestamp":"2014-10-09T10:33:35.955Z"}
{"level":"info","message":"Opening URL: http://jenkins.zoetrope.io:8888/v3/testInline.html","timestamp":"2014-10-09T10:33:37.395Z"}
{"level":"info","message":"Initialising file paths with browser & version","timestamp":"2014-10-09T10:33:37.395Z"}
{"level":"info","message":"Initialising file paths with browser & version","timestamp":"2014-10-09T10:33:37.395Z"}
{"level":"info","message":"Initialising file paths with browser & version","timestamp":"2014-10-09T10:33:37.395Z"}
{"level":"info","message":"Initialising file paths with browser & version","timestamp":"2014-10-09T10:33:37.395Z"}
{"level":"info","message":"Initialising file paths with browser & version","timestamp":"2014-10-09T10:33:37.395Z"}
{"level":"info","message":"Initialising file paths with browser & version","timestamp":"2014-10-09T10:33:37.395Z"}
{"level":"info","message":"Got help style of display: none; ","timestamp":"2014-10-09T10:33:37.935Z"}
{"level":"info","message":"Saving screenshot to images/helpClose-popover-iPad-6.1.png","timestamp":"2014-10-09T10:33:37.978Z"}
{"level":"info","message":"Saved screenshot","timestamp":"2014-10-09T10:33:42.033Z"}
{"level":"info","message":"Clicking the zoom button","timestamp":"2014-10-09T10:33:42.075Z"}
{"level":"info","message":"Saving screenshot to images/zoom-popover-iPad-6.1.png","timestamp":"2014-10-09T10:33:42.078Z"}
{"level":"info","message":"Saved screenshot","timestamp":"2014-10-09T10:33:49.391Z"}
{"level":"info","message":"Clicking the zoom button","timestamp":"2014-10-09T10:33:49.415Z"}
{"level":"info","message":"Saving screenshot to images/zoomClose-popover-iPad-6.1.png","timestamp":"2014-10-09T10:33:49.418Z"}
{"level":"info","message":"Saving screenshot to images/load-inline-android-18.png","timestamp":"2014-10-09T10:33:50.397Z"}
{"level":"info","message":"Saved screenshot","timestamp":"2014-10-09T10:33:52.302Z"}
{"level":"info","message":"Clicking the help button","timestamp":"2014-10-09T10:33:52.337Z"}
{"parentElementArrayFinder":{"locator_":{"using":"css selector","value":".zoe-btn-help"}},"elementArrayFinder_":{"locator_":{"$ref":"$[\"parentElementArrayFinder\"][\"locator_\"]"}},"level":"info","message":"help button is","timestamp":"2014-10-09T10:33:52.339Z"}
{"level":"info","message":"Saved screenshot","timestamp":"2014-10-09T10:33:54.960Z"}
{"level":"info","message":"Got help style of ","timestamp":"2014-10-09T10:33:55.854Z"}
{"level":"info","message":"Saving screenshot to images/help-inline-android-18.png","timestamp":"2014-10-09T10:33:55.898Z"}
{"level":"info","message":"Saved screenshot","timestamp":"2014-10-09T10:33:57.613Z"}
{"level":"info","message":"Clicking the help button","timestamp":"2014-10-09T10:33:57.657Z"}
{"parentElementArrayFinder":{"locator_":{"using":"css selector","value":".zoe-btn-help"}},"elementArrayFinder_":{"locator_":{"$ref":"$[\"parentElementArrayFinder\"][\"locator_\"]"}},"level":"info","message":"help button is","timestamp":"2014-10-09T10:33:57.661Z"}
{"level":"info","message":"Clicking the zoom button","timestamp":"2014-10-09T10:34:00.106Z"}
{"level":"info","message":"Saving screenshot to images/zoom-inline-android-18.png","timestamp":"2014-10-09T10:34:00.109Z"}
{"level":"info","message":"Saved screenshot","timestamp":"2014-10-09T10:34:08.096Z"}
{"level":"info","message":"Clicking the zoom button","timestamp":"2014-10-09T10:34:08.107Z"}
{"level":"info","message":"Saving screenshot to images/zoomClose-inline-android-18.png","timestamp":"2014-10-09T10:34:08.109Z"}
{"level":"info","message":"Saved screenshot","timestamp":"2014-10-09T10:34:12.568Z"}
{"level":"info","message":"Opening URL: http://jenkins.zoetrope.io:8888/v3/testPopover.html","timestamp":"2014-10-09T10:34:12.587Z"}
{"level":"info","message":"Initialising file paths with browser & version","timestamp":"2014-10-09T10:34:12.587Z"}
{"level":"info","message":"Initialising file paths with browser & version","timestamp":"2014-10-09T10:34:12.587Z"}
{"level":"info","message":"Initialising file paths with browser & version","timestamp":"2014-10-09T10:34:12.587Z"}
{"level":"info","message":"Initialising file paths with browser & version","timestamp":"2014-10-09T10:34:12.587Z"}
{"level":"info","message":"Initialising file paths with browser & version","timestamp":"2014-10-09T10:34:12.587Z"}
{"level":"info","message":"Initialising file paths with browser & version","timestamp":"2014-10-09T10:34:12.587Z"}
{"level":"info","message":"Saving screenshot to images/load-popover-android-18.png","timestamp":"2014-10-09T10:34:18.503Z"}
{"level":"info","message":"Saved screenshot","timestamp":"2014-10-09T10:34:21.155Z"}
{"level":"info","message":"Clicking on widget trigger","timestamp":"2014-10-09T10:34:21.190Z"}
{"level":"info","message":"Saving screenshot to images/openWidget-popover-android-18.png","timestamp":"2014-10-09T10:34:23.538Z"}
{"level":"info","message":"Saved screenshot","timestamp":"2014-10-09T10:34:25.621Z"}
{"level":"info","message":"Clicking the help button","timestamp":"2014-10-09T10:34:25.658Z"}
{"parentElementArrayFinder":{"locator_":{"using":"css selector","value":".zoe-btn-help"}},"elementArrayFinder_":{"locator_":{"$ref":"$[\"parentElementArrayFinder\"][\"locator_\"]"}},"level":"info","message":"help button is","timestamp":"2014-10-09T10:34:25.660Z"}
{"level":"info","message":"Got help style of ","timestamp":"2014-10-09T10:34:28.994Z"}
{"level":"info","message":"Saving screenshot to images/help-popover-android-18.png","timestamp":"2014-10-09T10:34:29.037Z"}
{"level":"info","message":"Saved screenshot","timestamp":"2014-10-09T10:34:31.138Z"}
{"level":"info","message":"Clicking the help button","timestamp":"2014-10-09T10:34:31.180Z"}
{"parentElementArrayFinder":{"locator_":{"using":"css selector","value":".zoe-btn-help"}},"elementArrayFinder_":{"locator_":{"$ref":"$[\"parentElementArrayFinder\"][\"locator_\"]"}},"level":"info","message":"help button is","timestamp":"2014-10-09T10:34:31.182Z"}
{"level":"info","message":"Got help style of display: none; ","timestamp":"2014-10-09T10:34:34.547Z"}
{"level":"info","message":"Saving screenshot to images/helpClose-popover-android-18.png","timestamp":"2014-10-09T10:34:34.587Z"}
{"level":"info","message":"Saved screenshot","timestamp":"2014-10-09T10:34:36.565Z"}
{"level":"info","message":"Clicking the zoom button","timestamp":"2014-10-09T10:34:36.620Z"}
{"level":"info","message":"Saving screenshot to images/zoom-popover-android-18.png","timestamp":"2014-10-09T10:34:36.622Z"}
{"level":"info","message":"Saved screenshot","timestamp":"2014-10-09T10:34:41.962Z"}
{"level":"info","message":"Clicking the zoom button","timestamp":"2014-10-09T10:34:41.979Z"}
{"level":"info","message":"Saving screenshot to images/zoomClose-popover-android-18.png","timestamp":"2014-10-09T10:34:41.982Z"}
{"takesScreenshot":true,"version":"6.1","cssSelectorsEnabled":true,"javascriptEnabled":true,"databaseEnabled":true,"locationContextEnabled":true,"platform":"MAC","browserName":"iPhone","webdriver.remote.sessionid":"98eb79df9b0e439a80cab1cff80756e7","hasMetadata":true,"webStorageEnabled":true,"level":"info","message":"","timestamp":"2014-10-09T10:34:42.158Z"}
{"level":"info","message":"undefined","timestamp":"2014-10-09T10:34:42.158Z"}
{"level":"info","message":"BROWSER IS: iPhone","timestamp":"2014-10-09T10:34:42.158Z"}
{"level":"info","message":"Initialising file paths with browser & version","timestamp":"2014-10-09T10:34:42.158Z"}
{"level":"info","message":"Initialising file paths with browser & version","timestamp":"2014-10-09T10:34:42.159Z"}
{"level":"info","message":"Initialising file paths with browser & version","timestamp":"2014-10-09T10:34:42.159Z"}
{"level":"info","message":"Initialising file paths with browser & version","timestamp":"2014-10-09T10:34:42.159Z"}
{"level":"info","message":"Initialising file paths with browser & version","timestamp":"2014-10-09T10:34:42.159Z"}
{"level":"info","message":"Initialising file paths with browser & version","timestamp":"2014-10-09T10:34:42.159Z"}
{"level":"info","message":"Initialising file paths with browser & version","timestamp":"2014-10-09T10:34:42.159Z"}
{"level":"info","message":"Initialising file paths with browser & version","timestamp":"2014-10-09T10:34:42.159Z"}
{"level":"info","message":"Initialising file paths with browser & version","timestamp":"2014-10-09T10:34:42.159Z"}
{"level":"info","message":"Initialising file paths with browser & version","timestamp":"2014-10-09T10:34:42.159Z"}
{"level":"info","message":"Initialising file paths with browser & version","timestamp":"2014-10-09T10:34:42.159Z"}
{"level":"info","message":"Initialising file paths with browser & version","timestamp":"2014-10-09T10:34:42.159Z"}
{"level":"info","message":"Initialising file paths with browser & version","timestamp":"2014-10-09T10:34:42.159Z"}
{"level":"info","message":"Initialising file paths with browser & version","timestamp":"2014-10-09T10:34:42.159Z"}
{"level":"info","message":"Initialising file paths with browser & version","timestamp":"2014-10-09T10:34:42.159Z"}
{"level":"info","message":"Initialising file paths with browser & version","timestamp":"2014-10-09T10:34:42.159Z"}
{"level":"info","message":"Initialising file paths with browser & version","timestamp":"2014-10-09T10:34:42.159Z"}
{"level":"info","message":"Initialising file paths with browser & version","timestamp":"2014-10-09T10:34:42.159Z"}
{"level":"info","message":"Initialising file paths with browser & version","timestamp":"2014-10-09T10:34:42.159Z"}
{"level":"info","message":"Initialising file paths with browser & version","timestamp":"2014-10-09T10:34:42.159Z"}
{"level":"info","message":"Initialising file paths with browser & version","timestamp":"2014-10-09T10:34:42.159Z"}
{"level":"info","message":"Opening URL: http://jenkins.zoetrope.io:8888/v3/testInline.html","timestamp":"2014-10-09T10:34:43.788Z"}
{"level":"info","message":"Initialising file paths with browser & version","timestamp":"2014-10-09T10:34:43.788Z"}
{"level":"info","message":"Initialising file paths with browser & version","timestamp":"2014-10-09T10:34:43.788Z"}
{"level":"info","message":"Initialising file paths with browser & version","timestamp":"2014-10-09T10:34:43.788Z"}
{"level":"info","message":"Initialising file paths with browser & version","timestamp":"2014-10-09T10:34:43.788Z"}
{"level":"info","message":"Initialising file paths with browser & version","timestamp":"2014-10-09T10:34:43.788Z"}
{"level":"info","message":"Initialising file paths with browser & version","timestamp":"2014-10-09T10:34:43.789Z"}
{"level":"info","message":"Saved screenshot","timestamp":"2014-10-09T10:34:47.401Z"}
{"level":"info","message":"Saving screenshot to images/load-inline-iPhone-6.1.png","timestamp":"2014-10-09T10:34:48.501Z"}
{"level":"info","message":"Saved screenshot","timestamp":"2014-10-09T10:34:50.845Z"}
{"level":"info","message":"Clicking the help button","timestamp":"2014-10-09T10:34:50.880Z"}
{"parentElementArrayFinder":{"locator_":{"using":"css selector","value":".zoe-btn-help"}},"elementArrayFinder_":{"locator_":{"$ref":"$[\"parentElementArrayFinder\"][\"locator_\"]"}},"level":"info","message":"help button is","timestamp":"2014-10-09T10:34:50.882Z"}
{"level":"info","message":"Got help style of ","timestamp":"2014-10-09T10:34:54.094Z"}
{"level":"info","message":"Saving screenshot to images/help-inline-iPhone-6.1.png","timestamp":"2014-10-09T10:34:54.137Z"}
{"level":"info","message":"Saved screenshot","timestamp":"2014-10-09T10:34:55.950Z"}
{"level":"info","message":"Clicking the help button","timestamp":"2014-10-09T10:34:56.009Z"}
{"parentElementArrayFinder":{"locator_":{"using":"css selector","value":".zoe-btn-help"}},"elementArrayFinder_":{"locator_":{"$ref":"$[\"parentElementArrayFinder\"][\"locator_\"]"}},"level":"info","message":"help button is","timestamp":"2014-10-09T10:34:56.011Z"}
{"level":"info","message":"Got help style of display: none; ","timestamp":"2014-10-09T10:34:59.190Z"}
{"level":"info","message":"Saving screenshot to images/helpClose-inline-iPhone-6.1.png","timestamp":"2014-10-09T10:34:59.233Z"}
{"rotatable":false,"browserConnectionEnabled":true,"acceptSslCerts":true,"cssSelectorsEnabled":true,"javascriptEnabled":true,"nativeEvents":true,"databaseEnabled":true,"locationContextEnabled":true,"takesScreenshot":true,"platform":"XP","browserName":"firefox","webdriver.remote.sessionid":"21bae735e87f40a08ebbe203d9e60014","hasMetadata":true,"version":"27.0","applicationCacheEnabled":true,"webStorageEnabled":true,"handlesAlerts":true,"level":"info","message":"","timestamp":"2014-10-09T10:35:00.943Z"}
{"level":"info","message":"undefined","timestamp":"2014-10-09T10:35:00.944Z"}
{"level":"info","message":"BROWSER IS: firefox","timestamp":"2014-10-09T10:35:00.944Z"}
{"level":"info","message":"Initialising file paths with browser & version","timestamp":"2014-10-09T10:35:00.944Z"}
{"level":"info","message":"Initialising file paths with browser & version","timestamp":"2014-10-09T10:35:00.944Z"}
{"level":"info","message":"Initialising file paths with browser & version","timestamp":"2014-10-09T10:35:00.944Z"}
{"level":"info","message":"Initialising file paths with browser & version","timestamp":"2014-10-09T10:35:00.944Z"}
{"level":"info","message":"Initialising file paths with browser & version","timestamp":"2014-10-09T10:35:00.944Z"}
{"level":"info","message":"Initialising file paths with browser & version","timestamp":"2014-10-09T10:35:00.944Z"}
{"level":"info","message":"Initialising file paths with browser & version","timestamp":"2014-10-09T10:35:00.944Z"}
{"level":"info","message":"Initialising file paths with browser & version","timestamp":"2014-10-09T10:35:00.944Z"}
{"level":"info","message":"Initialising file paths with browser & version","timestamp":"2014-10-09T10:35:00.944Z"}
{"level":"info","message":"Initialising file paths with browser & version","timestamp":"2014-10-09T10:35:00.944Z"}
{"level":"info","message":"Initialising file paths with browser & version","timestamp":"2014-10-09T10:35:00.944Z"}
{"level":"info","message":"Initialising file paths with browser & version","timestamp":"2014-10-09T10:35:00.944Z"}
{"level":"info","message":"Initialising file paths with browser & version","timestamp":"2014-10-09T10:35:00.944Z"}
{"level":"info","message":"Initialising file paths with browser & version","timestamp":"2014-10-09T10:35:00.944Z"}
{"level":"info","message":"Initialising file paths with browser & version","timestamp":"2014-10-09T10:35:00.944Z"}
{"level":"info","message":"Initialising file paths with browser & version","timestamp":"2014-10-09T10:35:00.944Z"}
{"level":"info","message":"Initialising file paths with browser & version","timestamp":"2014-10-09T10:35:00.944Z"}
{"level":"info","message":"Initialising file paths with browser & version","timestamp":"2014-10-09T10:35:00.944Z"}
{"level":"info","message":"Initialising file paths with browser & version","timestamp":"2014-10-09T10:35:00.944Z"}
{"level":"info","message":"Initialising file paths with browser & version","timestamp":"2014-10-09T10:35:00.944Z"}
{"level":"info","message":"Initialising file paths with browser & version","timestamp":"2014-10-09T10:35:00.944Z"}
{"level":"info","message":"Saved screenshot","timestamp":"2014-10-09T10:35:02.151Z"}
{"level":"info","message":"Clicking the zoom button","timestamp":"2014-10-09T10:35:02.193Z"}
{"level":"info","message":"Saving screenshot to images/zoom-inline-iPhone-6.1.png","timestamp":"2014-10-09T10:35:02.196Z"}
{"level":"info","message":"Opening URL: http://jenkins.zoetrope.io:8888/v3/testInline.html","timestamp":"2014-10-09T10:35:02.361Z"}
{"level":"info","message":"Initialising file paths with browser & version","timestamp":"2014-10-09T10:35:02.362Z"}
{"level":"info","message":"Initialising file paths with browser & version","timestamp":"2014-10-09T10:35:02.362Z"}
{"level":"info","message":"Initialising file paths with browser & version","timestamp":"2014-10-09T10:35:02.362Z"}
{"level":"info","message":"Initialising file paths with browser & version","timestamp":"2014-10-09T10:35:02.362Z"}
{"level":"info","message":"Initialising file paths with browser & version","timestamp":"2014-10-09T10:35:02.362Z"}
{"level":"info","message":"Initialising file paths with browser & version","timestamp":"2014-10-09T10:35:02.362Z"}
{"level":"info","message":"Saving screenshot to images/load-inline-firefox-27.0.png","timestamp":"2014-10-09T10:35:08.829Z"}
{"level":"info","message":"Saved screenshot","timestamp":"2014-10-09T10:35:10.516Z"}
{"level":"info","message":"Clicking the zoom button","timestamp":"2014-10-09T10:35:10.528Z"}
{"level":"info","message":"Saving screenshot to images/zoomClose-inline-iPhone-6.1.png","timestamp":"2014-10-09T10:35:10.532Z"}
{"level":"info","message":"Saved screenshot","timestamp":"2014-10-09T10:35:10.692Z"}
{"level":"info","message":"Clicking the help button","timestamp":"2014-10-09T10:35:10.726Z"}
{"parentElementArrayFinder":{"locator_":{"using":"css selector","value":".zoe-btn-help"}},"elementArrayFinder_":{"locator_":{"$ref":"$[\"parentElementArrayFinder\"][\"locator_\"]"}},"level":"info","message":"help button is","timestamp":"2014-10-09T10:35:10.729Z"}
{"level":"info","message":"Got help style of ","timestamp":"2014-10-09T10:35:12.915Z"}
{"level":"info","message":"Saving screenshot to images/help-inline-firefox-27.0.png","timestamp":"2014-10-09T10:35:12.960Z"}
{"level":"info","message":"Saved screenshot","timestamp":"2014-10-09T10:35:14.323Z"}
{"level":"info","message":"Clicking the help button","timestamp":"2014-10-09T10:35:14.367Z"}
{"parentElementArrayFinder":{"locator_":{"using":"css selector","value":".zoe-btn-help"}},"elementArrayFinder_":{"locator_":{"$ref":"$[\"parentElementArrayFinder\"][\"locator_\"]"}},"level":"info","message":"help button is","timestamp":"2014-10-09T10:35:14.369Z"}
{"level":"info","message":"Saved screenshot","timestamp":"2014-10-09T10:35:15.208Z"}
{"level":"info","message":"Opening URL: http://jenkins.zoetrope.io:8888/v3/testPopover.html","timestamp":"2014-10-09T10:35:15.231Z"}
{"level":"info","message":"Initialising file paths with browser & version","timestamp":"2014-10-09T10:35:15.231Z"}
{"level":"info","message":"Initialising file paths with browser & version","timestamp":"2014-10-09T10:35:15.231Z"}
{"level":"info","message":"Initialising file paths with browser & version","timestamp":"2014-10-09T10:35:15.231Z"}
{"level":"info","message":"Initialising file paths with browser & version","timestamp":"2014-10-09T10:35:15.231Z"}
{"level":"info","message":"Initialising file paths with browser & version","timestamp":"2014-10-09T10:35:15.232Z"}
{"level":"info","message":"Initialising file paths with browser & version","timestamp":"2014-10-09T10:35:15.232Z"}
{"level":"info","message":"Got help style of display: none;","timestamp":"2014-10-09T10:35:16.404Z"}
{"level":"info","message":"Saving screenshot to images/helpClose-inline-firefox-27.0.png","timestamp":"2014-10-09T10:35:16.446Z"}
{"level":"info","message":"Saving screenshot to images/load-popover-iPhone-6.1.png","timestamp":"2014-10-09T10:35:16.705Z"}
{"level":"info","message":"Saved screenshot","timestamp":"2014-10-09T10:35:17.973Z"}
{"level":"info","message":"Clicking the zoom button","timestamp":"2014-10-09T10:35:18.016Z"}
{"level":"info","message":"Saving screenshot to images/zoom-inline-firefox-27.0.png","timestamp":"2014-10-09T10:35:18.019Z"}
{"level":"info","message":"Saved screenshot","timestamp":"2014-10-09T10:35:19.649Z"}
{"level":"info","message":"Clicking on widget trigger","timestamp":"2014-10-09T10:35:19.684Z"}
{"level":"info","message":"Saving screenshot to images/openWidget-popover-iPhone-6.1.png","timestamp":"2014-10-09T10:35:21.795Z"}
{"level":"info","message":"Saved screenshot","timestamp":"2014-10-09T10:35:22.297Z"}
{"level":"info","message":"Clicking the zoom button","timestamp":"2014-10-09T10:35:22.314Z"}
{"level":"info","message":"Saving screenshot to images/zoomClose-inline-firefox-27.0.png","timestamp":"2014-10-09T10:35:22.316Z"}
{"level":"info","message":"Saved screenshot","timestamp":"2014-10-09T10:35:24.921Z"}
{"level":"info","message":"Clicking the help button","timestamp":"2014-10-09T10:35:24.955Z"}
{"parentElementArrayFinder":{"locator_":{"using":"css selector","value":".zoe-btn-help"}},"elementArrayFinder_":{"locator_":{"$ref":"$[\"parentElementArrayFinder\"][\"locator_\"]"}},"level":"info","message":"help button is","timestamp":"2014-10-09T10:35:24.957Z"}
{"level":"info","message":"Saved screenshot","timestamp":"2014-10-09T10:35:26.681Z"}
{"level":"info","message":"Opening URL: http://jenkins.zoetrope.io:8888/v3/testPopover.html","timestamp":"2014-10-09T10:35:26.695Z"}
{"level":"info","message":"Initialising file paths with browser & version","timestamp":"2014-10-09T10:35:26.695Z"}
{"level":"info","message":"Initialising file paths with browser & version","timestamp":"2014-10-09T10:35:26.695Z"}
{"level":"info","message":"Initialising file paths with browser & version","timestamp":"2014-10-09T10:35:26.695Z"}
{"level":"info","message":"Initialising file paths with browser & version","timestamp":"2014-10-09T10:35:26.695Z"}
{"level":"info","message":"Initialising file paths with browser & version","timestamp":"2014-10-09T10:35:26.695Z"}
{"level":"info","message":"Initialising file paths with browser & version","timestamp":"2014-10-09T10:35:26.695Z"}
{"level":"info","message":"Saving screenshot to images/load-popover-firefox-27.0.png","timestamp":"2014-10-09T10:35:27.713Z"}
{"level":"info","message":"Got help style of ","timestamp":"2014-10-09T10:35:28.189Z"}
{"level":"info","message":"Saving screenshot to images/help-popover-iPhone-6.1.png","timestamp":"2014-10-09T10:35:28.231Z"}
{"level":"info","message":"Saved screenshot","timestamp":"2014-10-09T10:35:29.575Z"}
{"level":"info","message":"Clicking on widget trigger","timestamp":"2014-10-09T10:35:29.616Z"}
{"level":"info","message":"Saved screenshot","timestamp":"2014-10-09T10:35:30.122Z"}
{"level":"info","message":"Clicking the help button","timestamp":"2014-10-09T10:35:30.165Z"}
{"parentElementArrayFinder":{"locator_":{"using":"css selector","value":".zoe-btn-help"}},"elementArrayFinder_":{"locator_":{"$ref":"$[\"parentElementArrayFinder\"][\"locator_\"]"}},"level":"info","message":"help button is","timestamp":"2014-10-09T10:35:30.167Z"}
{"level":"info","message":"Saving screenshot to images/openWidget-popover-firefox-27.0.png","timestamp":"2014-10-09T10:35:31.026Z"}
{"level":"info","message":"Got help style of display: none; ","timestamp":"2014-10-09T10:35:36.652Z"}
{"level":"info","message":"Saving screenshot to images/helpClose-popover-iPhone-6.1.png","timestamp":"2014-10-09T10:35:36.695Z"}
{"level":"info","message":"Saved screenshot","timestamp":"2014-10-09T10:35:37.477Z"}
{"level":"info","message":"Clicking the help button","timestamp":"2014-10-09T10:35:37.510Z"}
{"parentElementArrayFinder":{"locator_":{"using":"css selector","value":".zoe-btn-help"}},"elementArrayFinder_":{"locator_":{"$ref":"$[\"parentElementArrayFinder\"][\"locator_\"]"}},"level":"info","message":"help button is","timestamp":"2014-10-09T10:35:37.512Z"}
{"level":"info","message":"Saved screenshot","timestamp":"2014-10-09T10:35:38.554Z"}
{"level":"info","message":"Clicking the zoom button","timestamp":"2014-10-09T10:35:38.601Z"}
{"level":"info","message":"Saving screenshot to images/zoom-popover-iPhone-6.1.png","timestamp":"2014-10-09T10:35:38.603Z"}
{"level":"info","message":"Got help style of ","timestamp":"2014-10-09T10:35:39.677Z"}
{"level":"info","message":"Saving screenshot to images/help-popover-firefox-27.0.png","timestamp":"2014-10-09T10:35:39.721Z"}
{"level":"info","message":"Saved screenshot","timestamp":"2014-10-09T10:35:42.144Z"}
{"level":"info","message":"Clicking the help button","timestamp":"2014-10-09T10:35:42.188Z"}
{"parentElementArrayFinder":{"locator_":{"using":"css selector","value":".zoe-btn-help"}},"elementArrayFinder_":{"locator_":{"$ref":"$[\"parentElementArrayFinder\"][\"locator_\"]"}},"level":"info","message":"help button is","timestamp":"2014-10-09T10:35:42.190Z"}
{"level":"info","message":"Got help style of display: none;","timestamp":"2014-10-09T10:35:44.286Z"}
{"level":"info","message":"Saving screenshot to images/helpClose-popover-firefox-27.0.png","timestamp":"2014-10-09T10:35:44.328Z"}
{"level":"info","message":"Saved screenshot","timestamp":"2014-10-09T10:35:44.809Z"}
{"level":"info","message":"Clicking the zoom button","timestamp":"2014-10-09T10:35:44.833Z"}
{"level":"info","message":"Saving screenshot to images/zoomClose-popover-iPhone-6.1.png","timestamp":"2014-10-09T10:35:44.835Z"}
{"level":"info","message":"Saved screenshot","timestamp":"2014-10-09T10:35:46.980Z"}
{"level":"info","message":"Clicking the zoom button","timestamp":"2014-10-09T10:35:47.024Z"}
{"level":"info","message":"Saving screenshot to images/zoom-popover-firefox-27.0.png","timestamp":"2014-10-09T10:35:47.026Z"}
{"level":"info","message":"Saved screenshot","timestamp":"2014-10-09T10:35:49.100Z"}
{"level":"info","message":"Saved screenshot","timestamp":"2014-10-09T10:35:52.387Z"}
{"level":"info","message":"Clicking the zoom button","timestamp":"2014-10-09T10:35:52.401Z"}
{"level":"info","message":"Saving screenshot to images/zoomClose-popover-firefox-27.0.png","timestamp":"2014-10-09T10:35:52.403Z"}
{"level":"info","message":"Saved screenshot","timestamp":"2014-10-09T10:35:56.532Z"}
{"takesScreenshot":true,"version":"6.0.5","cssSelectorsEnabled":true,"javascriptEnabled":true,"browserName":"safari","platform":"MAC","secureSsl":true,"webdriver.remote.sessionid":"8be5e950dc7d479ca65472cc8a2861a8","hasMetadata":true,"level":"info","message":"","timestamp":"2014-10-09T10:36:07.729Z"}
{"level":"info","message":"undefined","timestamp":"2014-10-09T10:36:07.729Z"}
{"level":"info","message":"BROWSER IS: safari","timestamp":"2014-10-09T10:36:07.729Z"}
{"level":"info","message":"Initialising file paths with browser & version","timestamp":"2014-10-09T10:36:07.729Z"}
{"level":"info","message":"Initialising file paths with browser & version","timestamp":"2014-10-09T10:36:07.729Z"}
{"level":"info","message":"Initialising file paths with browser & version","timestamp":"2014-10-09T10:36:07.729Z"}
{"level":"info","message":"Initialising file paths with browser & version","timestamp":"2014-10-09T10:36:07.729Z"}
{"level":"info","message":"Initialising file paths with browser & version","timestamp":"2014-10-09T10:36:07.729Z"}
{"level":"info","message":"Initialising file paths with browser & version","timestamp":"2014-10-09T10:36:07.730Z"}
{"level":"info","message":"Initialising file paths with browser & version","timestamp":"2014-10-09T10:36:07.730Z"}
{"level":"info","message":"Initialising file paths with browser & version","timestamp":"2014-10-09T10:36:07.730Z"}
{"level":"info","message":"Initialising file paths with browser & version","timestamp":"2014-10-09T10:36:07.730Z"}
{"level":"info","message":"Initialising file paths with browser & version","timestamp":"2014-10-09T10:36:07.730Z"}
{"level":"info","message":"Initialising file paths with browser & version","timestamp":"2014-10-09T10:36:07.730Z"}
{"level":"info","message":"Initialising file paths with browser & version","timestamp":"2014-10-09T10:36:07.730Z"}
{"level":"info","message":"Initialising file paths with browser & version","timestamp":"2014-10-09T10:36:07.730Z"}
{"level":"info","message":"Initialising file paths with browser & version","timestamp":"2014-10-09T10:36:07.730Z"}
{"level":"info","message":"Initialising file paths with browser & version","timestamp":"2014-10-09T10:36:07.730Z"}
{"level":"info","message":"Initialising file paths with browser & version","timestamp":"2014-10-09T10:36:07.730Z"}
{"level":"info","message":"Initialising file paths with browser & version","timestamp":"2014-10-09T10:36:07.730Z"}
{"level":"info","message":"Initialising file paths with browser & version","timestamp":"2014-10-09T10:36:07.730Z"}
{"level":"info","message":"Initialising file paths with browser & version","timestamp":"2014-10-09T10:36:07.730Z"}
{"level":"info","message":"Initialising file paths with browser & version","timestamp":"2014-10-09T10:36:07.730Z"}
{"level":"info","message":"Initialising file paths with browser & version","timestamp":"2014-10-09T10:36:07.730Z"}
{"level":"info","message":"Opening URL: http://jenkins.zoetrope.io:8888/v3/testInline.html","timestamp":"2014-10-09T10:36:09.165Z"}
{"level":"info","message":"Initialising file paths with browser & version","timestamp":"2014-10-09T10:36:09.165Z"}
{"level":"info","message":"Initialising file paths with browser & version","timestamp":"2014-10-09T10:36:09.165Z"}
{"level":"info","message":"Initialising file paths with browser & version","timestamp":"2014-10-09T10:36:09.165Z"}
{"level":"info","message":"Initialising file paths with browser & version","timestamp":"2014-10-09T10:36:09.165Z"}
{"level":"info","message":"Initialising file paths with browser & version","timestamp":"2014-10-09T10:36:09.165Z"}
{"level":"info","message":"Initialising file paths with browser & version","timestamp":"2014-10-09T10:36:09.165Z"}
{"rotatable":false,"browserConnectionEnabled":false,"acceptSslCerts":true,"cssSelectorsEnabled":true,"chrome":{"chromedriverVersion":"2.4.226107"},"javascriptEnabled":true,"version":"30.0.1599.65","webdriver.remote.sessionid":"26ca2692d37d43b7a0d81aac991f8639","databaseEnabled":true,"locationContextEnabled":true,"platform":"Windows NT","browserName":"chrome","takesScreenshot":true,"hasMetadata":true,"nativeEvents":true,"applicationCacheEnabled":false,"webStorageEnabled":true,"handlesAlerts":true,"level":"info","message":"","timestamp":"2014-10-09T10:36:12.421Z"}
{"level":"info","message":"undefined","timestamp":"2014-10-09T10:36:12.421Z"}
{"level":"info","message":"BROWSER IS: chrome","timestamp":"2014-10-09T10:36:12.422Z"}
{"level":"info","message":"Initialising file paths with browser & version","timestamp":"2014-10-09T10:36:12.422Z"}
{"level":"info","message":"Initialising file paths with browser & version","timestamp":"2014-10-09T10:36:12.422Z"}
{"level":"info","message":"Initialising file paths with browser & version","timestamp":"2014-10-09T10:36:12.422Z"}
{"level":"info","message":"Initialising file paths with browser & version","timestamp":"2014-10-09T10:36:12.422Z"}
{"level":"info","message":"Initialising file paths with browser & version","timestamp":"2014-10-09T10:36:12.422Z"}
{"level":"info","message":"Initialising file paths with browser & version","timestamp":"2014-10-09T10:36:12.422Z"}
{"level":"info","message":"Initialising file paths with browser & version","timestamp":"2014-10-09T10:36:12.422Z"}
{"level":"info","message":"Initialising file paths with browser & version","timestamp":"2014-10-09T10:36:12.422Z"}
{"level":"info","message":"Initialising file paths with browser & version","timestamp":"2014-10-09T10:36:12.422Z"}
{"level":"info","message":"Initialising file paths with browser & version","timestamp":"2014-10-09T10:36:12.422Z"}
{"level":"info","message":"Initialising file paths with browser & version","timestamp":"2014-10-09T10:36:12.422Z"}
{"level":"info","message":"Initialising file paths with browser & version","timestamp":"2014-10-09T10:36:12.422Z"}
{"level":"info","message":"Initialising file paths with browser & version","timestamp":"2014-10-09T10:36:12.422Z"}
{"level":"info","message":"Initialising file paths with browser & version","timestamp":"2014-10-09T10:36:12.422Z"}
{"level":"info","message":"Initialising file paths with browser & version","timestamp":"2014-10-09T10:36:12.422Z"}
{"level":"info","message":"Initialising file paths with browser & version","timestamp":"2014-10-09T10:36:12.422Z"}
{"level":"info","message":"Initialising file paths with browser & version","timestamp":"2014-10-09T10:36:12.422Z"}
{"level":"info","message":"Initialising file paths with browser & version","timestamp":"2014-10-09T10:36:12.422Z"}
{"level":"info","message":"Initialising file paths with browser & version","timestamp":"2014-10-09T10:36:12.422Z"}
{"level":"info","message":"Initialising file paths with browser & version","timestamp":"2014-10-09T10:36:12.422Z"}
{"level":"info","message":"Initialising file paths with browser & version","timestamp":"2014-10-09T10:36:12.422Z"}
{"level":"info","message":"Opening URL: http://jenkins.zoetrope.io:8888/v3/testInline.html","timestamp":"2014-10-09T10:36:13.841Z"}
{"level":"info","message":"Initialising file paths with browser & version","timestamp":"2014-10-09T10:36:13.842Z"}
{"level":"info","message":"Initialising file paths with browser & version","timestamp":"2014-10-09T10:36:13.842Z"}
{"level":"info","message":"Initialising file paths with browser & version","timestamp":"2014-10-09T10:36:13.842Z"}
{"level":"info","message":"Initialising file paths with browser & version","timestamp":"2014-10-09T10:36:13.842Z"}
{"level":"info","message":"Initialising file paths with browser & version","timestamp":"2014-10-09T10:36:13.842Z"}
{"level":"info","message":"Initialising file paths with browser & version","timestamp":"2014-10-09T10:36:13.842Z"}
{"level":"info","message":"Saving screenshot to images/load-inline-safari-6.0.5.png","timestamp":"2014-10-09T10:36:13.904Z"}
{"level":"info","message":"Saving screenshot to images/load-inline-chrome-30.0.1599.65.png","timestamp":"2014-10-09T10:36:18.419Z"}
{"level":"info","message":"Saved screenshot","timestamp":"2014-10-09T10:36:18.925Z"}
{"level":"info","message":"Clicking the help button","timestamp":"2014-10-09T10:36:18.960Z"}
{"parentElementArrayFinder":{"locator_":{"using":"css selector","value":".zoe-btn-help"}},"elementArrayFinder_":{"locator_":{"$ref":"$[\"parentElementArrayFinder\"][\"locator_\"]"}},"level":"info","message":"help button is","timestamp":"2014-10-09T10:36:18.962Z"}
{"level":"info","message":"Saved screenshot","timestamp":"2014-10-09T10:36:20.368Z"}
{"level":"info","message":"Clicking the help button","timestamp":"2014-10-09T10:36:20.405Z"}
{"parentElementArrayFinder":{"locator_":{"using":"css selector","value":".zoe-btn-help"}},"elementArrayFinder_":{"locator_":{"$ref":"$[\"parentElementArrayFinder\"][\"locator_\"]"}},"level":"info","message":"help button is","timestamp":"2014-10-09T10:36:20.408Z"}
{"level":"info","message":"Got help style of ","timestamp":"2014-10-09T10:36:21.221Z"}
{"level":"info","message":"Saving screenshot to images/help-inline-safari-6.0.5.png","timestamp":"2014-10-09T10:36:21.264Z"}
{"level":"info","message":"Got help style of ","timestamp":"2014-10-09T10:36:22.459Z"}
{"level":"info","message":"Saving screenshot to images/help-inline-chrome-30.0.1599.65.png","timestamp":"2014-10-09T10:36:22.505Z"}
{"level":"info","message":"Saved screenshot","timestamp":"2014-10-09T10:36:23.048Z"}
{"level":"info","message":"Clicking the help button","timestamp":"2014-10-09T10:36:23.093Z"}
{"parentElementArrayFinder":{"locator_":{"using":"css selector","value":".zoe-btn-help"}},"elementArrayFinder_":{"locator_":{"$ref":"$[\"parentElementArrayFinder\"][\"locator_\"]"}},"level":"info","message":"help button is","timestamp":"2014-10-09T10:36:23.095Z"}
{"level":"info","message":"Saved screenshot","timestamp":"2014-10-09T10:36:24.931Z"}
{"level":"info","message":"Clicking the help button","timestamp":"2014-10-09T10:36:24.972Z"}
{"parentElementArrayFinder":{"locator_":{"using":"css selector","value":".zoe-btn-help"}},"elementArrayFinder_":{"locator_":{"$ref":"$[\"parentElementArrayFinder\"][\"locator_\"]"}},"level":"info","message":"help button is","timestamp":"2014-10-09T10:36:24.974Z"}
{"level":"info","message":"Got help style of display: none; ","timestamp":"2014-10-09T10:36:25.830Z"}
{"level":"info","message":"Saving screenshot to images/helpClose-inline-safari-6.0.5.png","timestamp":"2014-10-09T10:36:25.870Z"}
{"level":"info","message":"Got help style of display: none;","timestamp":"2014-10-09T10:36:28.878Z"}
{"level":"info","message":"Saving screenshot to images/helpClose-inline-chrome-30.0.1599.65.png","timestamp":"2014-10-09T10:36:28.919Z"}
{"level":"info","message":"Saved screenshot","timestamp":"2014-10-09T10:36:29.340Z"}
{"level":"info","message":"Clicking the zoom button","timestamp":"2014-10-09T10:36:29.387Z"}
{"level":"info","message":"Saving screenshot to images/zoom-inline-safari-6.0.5.png","timestamp":"2014-10-09T10:36:29.390Z"}
{"level":"info","message":"Saved screenshot","timestamp":"2014-10-09T10:36:30.783Z"}
{"level":"info","message":"Clicking the zoom button","timestamp":"2014-10-09T10:36:30.826Z"}
{"level":"info","message":"Saving screenshot to images/zoom-inline-chrome-30.0.1599.65.png","timestamp":"2014-10-09T10:36:30.828Z"}
{"level":"info","message":"Saved screenshot","timestamp":"2014-10-09T10:36:35.590Z"}
{"level":"info","message":"Clicking the zoom button","timestamp":"2014-10-09T10:36:35.615Z"}
{"level":"info","message":"Saving screenshot to images/zoomClose-inline-safari-6.0.5.png","timestamp":"2014-10-09T10:36:35.619Z"}
{"level":"info","message":"Saved screenshot","timestamp":"2014-10-09T10:36:36.679Z"}
{"level":"info","message":"Clicking the zoom button","timestamp":"2014-10-09T10:36:36.707Z"}
{"level":"info","message":"Saving screenshot to images/zoomClose-inline-chrome-30.0.1599.65.png","timestamp":"2014-10-09T10:36:36.710Z"}
{"level":"info","message":"Saved screenshot","timestamp":"2014-10-09T10:36:39.180Z"}
{"level":"info","message":"Opening URL: http://jenkins.zoetrope.io:8888/v3/testPopover.html","timestamp":"2014-10-09T10:36:39.191Z"}
{"level":"info","message":"Initialising file paths with browser & version","timestamp":"2014-10-09T10:36:39.191Z"}
{"level":"info","message":"Initialising file paths with browser & version","timestamp":"2014-10-09T10:36:39.191Z"}
{"level":"info","message":"Initialising file paths with browser & version","timestamp":"2014-10-09T10:36:39.191Z"}
{"level":"info","message":"Initialising file paths with browser & version","timestamp":"2014-10-09T10:36:39.191Z"}
{"level":"info","message":"Initialising file paths with browser & version","timestamp":"2014-10-09T10:36:39.191Z"}
{"level":"info","message":"Initialising file paths with browser & version","timestamp":"2014-10-09T10:36:39.191Z"}
{"level":"info","message":"Saved screenshot","timestamp":"2014-10-09T10:36:40.016Z"}
{"level":"info","message":"Opening URL: http://jenkins.zoetrope.io:8888/v3/testPopover.html","timestamp":"2014-10-09T10:36:40.033Z"}
{"level":"info","message":"Initialising file paths with browser & version","timestamp":"2014-10-09T10:36:40.034Z"}
{"level":"info","message":"Initialising file paths with browser & version","timestamp":"2014-10-09T10:36:40.034Z"}
{"level":"info","message":"Initialising file paths with browser & version","timestamp":"2014-10-09T10:36:40.034Z"}
{"level":"info","message":"Initialising file paths with browser & version","timestamp":"2014-10-09T10:36:40.034Z"}
{"level":"info","message":"Initialising file paths with browser & version","timestamp":"2014-10-09T10:36:40.034Z"}
{"level":"info","message":"Initialising file paths with browser & version","timestamp":"2014-10-09T10:36:40.034Z"}
{"level":"info","message":"Saving screenshot to images/load-popover-safari-6.0.5.png","timestamp":"2014-10-09T10:36:40.258Z"}
{"level":"info","message":"Saving screenshot to images/load-popover-chrome-30.0.1599.65.png","timestamp":"2014-10-09T10:36:41.180Z"}
{"level":"info","message":"Saved screenshot","timestamp":"2014-10-09T10:36:42.597Z"}
{"level":"info","message":"Clicking on widget trigger","timestamp":"2014-10-09T10:36:42.642Z"}
{"level":"info","message":"Saved screenshot","timestamp":"2014-10-09T10:36:43.177Z"}
{"level":"info","message":"Clicking on widget trigger","timestamp":"2014-10-09T10:36:43.227Z"}
{"level":"info","message":"Saving screenshot to images/openWidget-popover-chrome-30.0.1599.65.png","timestamp":"2014-10-09T10:36:44.581Z"}
{"level":"info","message":"Saving screenshot to images/openWidget-popover-safari-6.0.5.png","timestamp":"2014-10-09T10:36:45.065Z"}
{"level":"info","message":"Saved screenshot","timestamp":"2014-10-09T10:36:46.906Z"}
{"level":"info","message":"Clicking the help button","timestamp":"2014-10-09T10:36:46.937Z"}
{"parentElementArrayFinder":{"locator_":{"using":"css selector","value":".zoe-btn-help"}},"elementArrayFinder_":{"locator_":{"$ref":"$[\"parentElementArrayFinder\"][\"locator_\"]"}},"level":"info","message":"help button is","timestamp":"2014-10-09T10:36:46.939Z"}
{"level":"info","message":"Saved screenshot","timestamp":"2014-10-09T10:36:48.451Z"}
{"level":"info","message":"Clicking the help button","timestamp":"2014-10-09T10:36:48.483Z"}
{"parentElementArrayFinder":{"locator_":{"using":"css selector","value":".zoe-btn-help"}},"elementArrayFinder_":{"locator_":{"$ref":"$[\"parentElementArrayFinder\"][\"locator_\"]"}},"level":"info","message":"help button is","timestamp":"2014-10-09T10:36:48.485Z"}
{"level":"info","message":"Got help style of ","timestamp":"2014-10-09T10:36:49.011Z"}
{"level":"info","message":"Saving screenshot to images/help-popover-chrome-30.0.1599.65.png","timestamp":"2014-10-09T10:36:49.052Z"}
{"level":"info","message":"Got help style of ","timestamp":"2014-10-09T10:36:50.716Z"}
{"level":"info","message":"Saving screenshot to images/help-popover-safari-6.0.5.png","timestamp":"2014-10-09T10:36:50.759Z"}
{"level":"info","message":"Saved screenshot","timestamp":"2014-10-09T10:36:51.070Z"}
{"level":"info","message":"Clicking the help button","timestamp":"2014-10-09T10:36:51.113Z"}
{"parentElementArrayFinder":{"locator_":{"using":"css selector","value":".zoe-btn-help"}},"elementArrayFinder_":{"locator_":{"$ref":"$[\"parentElementArrayFinder\"][\"locator_\"]"}},"level":"info","message":"help button is","timestamp":"2014-10-09T10:36:51.115Z"}
{"level":"info","message":"Got help style of display: none;","timestamp":"2014-10-09T10:36:54.229Z"}
{"level":"info","message":"Saving screenshot to images/helpClose-popover-chrome-30.0.1599.65.png","timestamp":"2014-10-09T10:36:54.272Z"}
{"level":"info","message":"Saved screenshot","timestamp":"2014-10-09T10:36:55.232Z"}
{"level":"info","message":"Clicking the help button","timestamp":"2014-10-09T10:36:55.275Z"}
{"parentElementArrayFinder":{"locator_":{"using":"css selector","value":".zoe-btn-help"}},"elementArrayFinder_":{"locator_":{"$ref":"$[\"parentElementArrayFinder\"][\"locator_\"]"}},"level":"info","message":"help button is","timestamp":"2014-10-09T10:36:55.277Z"}
{"level":"info","message":"Saved screenshot","timestamp":"2014-10-09T10:36:56.534Z"}
{"level":"info","message":"Clicking the zoom button","timestamp":"2014-10-09T10:36:56.582Z"}
{"level":"info","message":"Saving screenshot to images/zoom-popover-chrome-30.0.1599.65.png","timestamp":"2014-10-09T10:36:56.585Z"}
{"level":"info","message":"Got help style of display: none; ","timestamp":"2014-10-09T10:36:57.503Z"}
{"level":"info","message":"Saving screenshot to images/helpClose-popover-safari-6.0.5.png","timestamp":"2014-10-09T10:36:57.545Z"}
{"level":"info","message":"Saved screenshot","timestamp":"2014-10-09T10:37:00.947Z"}
{"level":"info","message":"Clicking the zoom button","timestamp":"2014-10-09T10:37:01.001Z"}
{"level":"info","message":"Saving screenshot to images/zoom-popover-safari-6.0.5.png","timestamp":"2014-10-09T10:37:01.004Z"}
{"level":"info","message":"Saved screenshot","timestamp":"2014-10-09T10:37:01.588Z"}
{"level":"info","message":"Clicking the zoom button","timestamp":"2014-10-09T10:37:01.598Z"}
{"level":"info","message":"Saving screenshot to images/zoomClose-popover-chrome-30.0.1599.65.png","timestamp":"2014-10-09T10:37:01.601Z"}
{"level":"info","message":"Saved screenshot","timestamp":"2014-10-09T10:37:06.485Z"}
{"level":"info","message":"Saved screenshot","timestamp":"2014-10-09T10:37:08.131Z"}
{"level":"info","message":"Clicking the zoom button","timestamp":"2014-10-09T10:37:08.142Z"}
{"level":"info","message":"Saving screenshot to images/zoomClose-popover-safari-6.0.5.png","timestamp":"2014-10-09T10:37:08.145Z"}
{"level":"info","message":"Saved screenshot","timestamp":"2014-10-09T10:37:14.921Z"}
{"level":"info","message":"Initialising jasmine tests","timestamp":"2014-10-09T10:46:56.836Z"}
{"inline":{},"popover":{},"indiscriminate":{},"progressWrapper":{"parentElementArrayFinder":{"locator_":{"using":"css selector","value":".zoe-progress-wrapper"}},"elementArrayFinder_":{"locator_":{"$ref":"$[\"progressWrapper\"][\"parentElementArrayFinder\"][\"locator_\"]"}}},"widgetOverlay":{"parentElementArrayFinder":{"locator_":{"using":"css selector","value":"#zoe-zbox-overlay"}},"elementArrayFinder_":{"locator_":{"$ref":"$[\"widgetOverlay\"][\"parentElementArrayFinder\"][\"locator_\"]"}}},"widgetTrigger":{"parentElementArrayFinder":{"locator_":{"using":"css selector","value":".zoe-engage-trigger>img"}},"elementArrayFinder_":{"locator_":{"$ref":"$[\"widgetTrigger\"][\"parentElementArrayFinder\"][\"locator_\"]"}}},"widgetColorbox":{"parentElementArrayFinder":{"locator_":{"using":"css selector","value":"#zoe-zbox-content"}},"elementArrayFinder_":{"locator_":{"$ref":"$[\"widgetColorbox\"][\"parentElementArrayFinder\"][\"locator_\"]"}}},"helpButton":{"parentElementArrayFinder":{"locator_":{"using":"css selector","value":".zoe-btn-help"}},"elementArrayFinder_":{"locator_":{"$ref":"$[\"helpButton\"][\"parentElementArrayFinder\"][\"locator_\"]"}}},"helpElement":{"parentElementArrayFinder":{"locator_":{"using":"css selector","value":".zoe-help-overlay"}},"elementArrayFinder_":{"locator_":{"$ref":"$[\"helpElement\"][\"parentElementArrayFinder\"][\"locator_\"]"}}},"zoomButton":{"parentElementArrayFinder":{"locator_":{"using":"css selector","value":".zoe-btn-zoom"}},"elementArrayFinder_":{"locator_":{"$ref":"$[\"zoomButton\"][\"parentElementArrayFinder\"][\"locator_\"]"}}},"zoomElement":{"parentElementArrayFinder":{"locator_":{"using":"css selector","value":".zoe-zoom"}},"elementArrayFinder_":{"locator_":{"$ref":"$[\"zoomElement\"][\"parentElementArrayFinder\"][\"locator_\"]"}}},"zoomImage":{"parentElementArrayFinder":{"locator_":{"using":"css selector","value":".zoe-zoom-frame"}},"elementArrayFinder_":{"locator_":{"$ref":"$[\"zoomImage\"][\"parentElementArrayFinder\"][\"locator_\"]"}}},"closeButton":{"parentElementArrayFinder":{"locator_":{"using":"css selector","value":".zoe-btn-close"}},"elementArrayFinder_":{"locator_":{"$ref":"$[\"closeButton\"][\"parentElementArrayFinder\"][\"locator_\"]"}}},"widgetImageDiv":{"parentElementArrayFinder":{"locator_":{"using":"css selector","value":".zoe-engage-image.reel"}},"elementArrayFinder_":{"locator_":{"$ref":"$[\"widgetImageDiv\"][\"parentElementArrayFinder\"][\"locator_\"]"}}},"inlineDivSelector":{"parentElementArrayFinder":{"locator_":{"using":"css selector","value":".zoe-inline.reel"}},"elementArrayFinder_":{"locator_":{"$ref":"$[\"inlineDivSelector\"][\"parentElementArrayFinder\"][\"locator_\"]"}}},"widgetWrapperSelector":{"parentElementArrayFinder":{"locator_":{"using":"css selector","value":".zoe-engage-wrapper"}},"elementArrayFinder_":{"locator_":{"$ref":"$[\"widgetWrapperSelector\"][\"parentElementArrayFinder\"][\"locator_\"]"}}},"widgetWrapperImage":{"parentElementArrayFinder":{"locator_":{"using":"css selector","value":".zoe-frame"}},"elementArrayFinder_":{"locator_":{"$ref":"$[\"widgetWrapperImage\"][\"parentElementArrayFinder\"][\"locator_\"]"}}},"pageImageSelector":{"parentElementArrayFinder":{"locator_":{"using":"css selector","value":".zoe-engage-wrapper"}},"elementArrayFinder_":{"locator_":{"$ref":"$[\"pageImageSelector\"][\"parentElementArrayFinder\"][\"locator_\"]"}}},"inlineTrigger":{"parentElementArrayFinder":{"locator_":{"using":"css selector","value":"a.zoe-engage-trigger"}},"elementArrayFinder_":{"locator_":{"$ref":"$[\"inlineTrigger\"][\"parentElementArrayFinder\"][\"locator_\"]"}}},"inlineWrapper":{"parentElementArrayFinder":{"locator_":{"using":"css selector","value":".zoe-engage-wrapper.zoe-inline"}},"elementArrayFinder_":{"locator_":{"$ref":"$[\"inlineWrapper\"][\"parentElementArrayFinder\"][\"locator_\"]"}}},"frameSelector":{"parentElementArrayFinder":{"locator_":{"using":"css selector","value":".zoe-frame"}},"elementArrayFinder_":{"locator_":{"$ref":"$[\"frameSelector\"][\"parentElementArrayFinder\"][\"locator_\"]"}}},"interactCTA":{"parentElementArrayFinder":{"locator_":{"using":"css selector","value":".zoe-interact-cta"}},"elementArrayFinder_":{"locator_":{"$ref":"$[\"interactCTA\"][\"parentElementArrayFinder\"][\"locator_\"]"}}},"triggerCTA":{"parentElementArrayFinder":{"locator_":{"using":"css selector","value":".zoe-trigger-cta"}},"elementArrayFinder_":{"locator_":{"$ref":"$[\"triggerCTA\"][\"parentElementArrayFinder\"][\"locator_\"]"}}},"helpRotate":{"parentElementArrayFinder":{"locator_":{"using":"css selector","value":".zoe-help-rotate .zoe-help-text"}},"elementArrayFinder_":{"locator_":{"$ref":"$[\"helpRotate\"][\"parentElementArrayFinder\"][\"locator_\"]"}}},"helpElevate":{"parentElementArrayFinder":{"locator_":{"using":"css selector","value":".zoe-help-elevate .zoe-help-text"}},"elementArrayFinder_":{"locator_":{"$ref":"$[\"helpElevate\"][\"parentElementArrayFinder\"][\"locator_\"]"}}},"helpZoom":{"parentElementArrayFinder":{"locator_":{"using":"css selector","value":".zoe-help-zoom .zoe-help-text"}},"elementArrayFinder_":{"locator_":{"$ref":"$[\"helpZoom\"][\"parentElementArrayFinder\"][\"locator_\"]"}}},"helpBrand":{"parentElementArrayFinder":{"locator_":{"using":"css selector","value":".zoe-help-brand .zoe-help-text"}},"elementArrayFinder_":{"locator_":{"$ref":"$[\"helpBrand\"][\"parentElementArrayFinder\"][\"locator_\"]"}}},"extraContent":{"parentElementArrayFinder":{"locator_":{"using":"css selector","value":".zoe-display-extra-content"}},"elementArrayFinder_":{"locator_":{"$ref":"$[\"extraContent\"][\"parentElementArrayFinder\"][\"locator_\"]"}}},"level":"debug","message":"elementFinder is ","timestamp":"2014-10-09T10:46:56.843Z"}
{"level":"info","message":"Initialising jasmine tests","timestamp":"2014-10-09T10:46:56.916Z"}
{"inline":{},"popover":{},"indiscriminate":{},"progressWrapper":{"parentElementArrayFinder":{"locator_":{"using":"css selector","value":".zoe-progress-wrapper"}},"elementArrayFinder_":{"locator_":{"$ref":"$[\"progressWrapper\"][\"parentElementArrayFinder\"][\"locator_\"]"}}},"widgetOverlay":{"parentElementArrayFinder":{"locator_":{"using":"css selector","value":"#zoe-zbox-overlay"}},"elementArrayFinder_":{"locator_":{"$ref":"$[\"widgetOverlay\"][\"parentElementArrayFinder\"][\"locator_\"]"}}},"widgetTrigger":{"parentElementArrayFinder":{"locator_":{"using":"css selector","value":".zoe-engage-trigger>img"}},"elementArrayFinder_":{"locator_":{"$ref":"$[\"widgetTrigger\"][\"parentElementArrayFinder\"][\"locator_\"]"}}},"widgetColorbox":{"parentElementArrayFinder":{"locator_":{"using":"css selector","value":"#zoe-zbox-content"}},"elementArrayFinder_":{"locator_":{"$ref":"$[\"widgetColorbox\"][\"parentElementArrayFinder\"][\"locator_\"]"}}},"helpButton":{"parentElementArrayFinder":{"locator_":{"using":"css selector","value":".zoe-btn-help"}},"elementArrayFinder_":{"locator_":{"$ref":"$[\"helpButton\"][\"parentElementArrayFinder\"][\"locator_\"]"}}},"helpElement":{"parentElementArrayFinder":{"locator_":{"using":"css selector","value":".zoe-help-overlay"}},"elementArrayFinder_":{"locator_":{"$ref":"$[\"helpElement\"][\"parentElementArrayFinder\"][\"locator_\"]"}}},"zoomButton":{"parentElementArrayFinder":{"locator_":{"using":"css selector","value":".zoe-btn-zoom"}},"elementArrayFinder_":{"locator_":{"$ref":"$[\"zoomButton\"][\"parentElementArrayFinder\"][\"locator_\"]"}}},"zoomElement":{"parentElementArrayFinder":{"locator_":{"using":"css selector","value":".zoe-zoom"}},"elementArrayFinder_":{"locator_":{"$ref":"$[\"zoomElement\"][\"parentElementArrayFinder\"][\"locator_\"]"}}},"zoomImage":{"parentElementArrayFinder":{"locator_":{"using":"css selector","value":".zoe-zoom-frame"}},"elementArrayFinder_":{"locator_":{"$ref":"$[\"zoomImage\"][\"parentElementArrayFinder\"][\"locator_\"]"}}},"closeButton":{"parentElementArrayFinder":{"locator_":{"using":"css selector","value":".zoe-btn-close"}},"elementArrayFinder_":{"locator_":{"$ref":"$[\"closeButton\"][\"parentElementArrayFinder\"][\"locator_\"]"}}},"widgetImageDiv":{"parentElementArrayFinder":{"locator_":{"using":"css selector","value":".zoe-engage-image.reel"}},"elementArrayFinder_":{"locator_":{"$ref":"$[\"widgetImageDiv\"][\"parentElementArrayFinder\"][\"locator_\"]"}}},"inlineDivSelector":{"parentElementArrayFinder":{"locator_":{"using":"css selector","value":".zoe-inline.reel"}},"elementArrayFinder_":{"locator_":{"$ref":"$[\"inlineDivSelector\"][\"parentElementArrayFinder\"][\"locator_\"]"}}},"widgetWrapperSelector":{"parentElementArrayFinder":{"locator_":{"using":"css selector","value":".zoe-engage-wrapper"}},"elementArrayFinder_":{"locator_":{"$ref":"$[\"widgetWrapperSelector\"][\"parentElementArrayFinder\"][\"locator_\"]"}}},"widgetWrapperImage":{"parentElementArrayFinder":{"locator_":{"using":"css selector","value":".zoe-frame"}},"elementArrayFinder_":{"locator_":{"$ref":"$[\"widgetWrapperImage\"][\"parentElementArrayFinder\"][\"locator_\"]"}}},"pageImageSelector":{"parentElementArrayFinder":{"locator_":{"using":"css selector","value":".zoe-engage-wrapper"}},"elementArrayFinder_":{"locator_":{"$ref":"$[\"pageImageSelector\"][\"parentElementArrayFinder\"][\"locator_\"]"}}},"inlineTrigger":{"parentElementArrayFinder":{"locator_":{"using":"css selector","value":"a.zoe-engage-trigger"}},"elementArrayFinder_":{"locator_":{"$ref":"$[\"inlineTrigger\"][\"parentElementArrayFinder\"][\"locator_\"]"}}},"inlineWrapper":{"parentElementArrayFinder":{"locator_":{"using":"css selector","value":".zoe-engage-wrapper.zoe-inline"}},"elementArrayFinder_":{"locator_":{"$ref":"$[\"inlineWrapper\"][\"parentElementArrayFinder\"][\"locator_\"]"}}},"frameSelector":{"parentElementArrayFinder":{"locator_":{"using":"css selector","value":".zoe-frame"}},"elementArrayFinder_":{"locator_":{"$ref":"$[\"frameSelector\"][\"parentElementArrayFinder\"][\"locator_\"]"}}},"interactCTA":{"parentElementArrayFinder":{"locator_":{"using":"css selector","value":".zoe-interact-cta"}},"elementArrayFinder_":{"locator_":{"$ref":"$[\"interactCTA\"][\"parentElementArrayFinder\"][\"locator_\"]"}}},"triggerCTA":{"parentElementArrayFinder":{"locator_":{"using":"css selector","value":".zoe-trigger-cta"}},"elementArrayFinder_":{"locator_":{"$ref":"$[\"triggerCTA\"][\"parentElementArrayFinder\"][\"locator_\"]"}}},"helpRotate":{"parentElementArrayFinder":{"locator_":{"using":"css selector","value":".zoe-help-rotate .zoe-help-text"}},"elementArrayFinder_":{"locator_":{"$ref":"$[\"helpRotate\"][\"parentElementArrayFinder\"][\"locator_\"]"}}},"helpElevate":{"parentElementArrayFinder":{"locator_":{"using":"css selector","value":".zoe-help-elevate .zoe-help-text"}},"elementArrayFinder_":{"locator_":{"$ref":"$[\"helpElevate\"][\"parentElementArrayFinder\"][\"locator_\"]"}}},"helpZoom":{"parentElementArrayFinder":{"locator_":{"using":"css selector","value":".zoe-help-zoom .zoe-help-text"}},"elementArrayFinder_":{"locator_":{"$ref":"$[\"helpZoom\"][\"parentElementArrayFinder\"][\"locator_\"]"}}},"helpBrand":{"parentElementArrayFinder":{"locator_":{"using":"css selector","value":".zoe-help-brand .zoe-help-text"}},"elementArrayFinder_":{"locator_":{"$ref":"$[\"helpBrand\"][\"parentElementArrayFinder\"][\"locator_\"]"}}},"extraContent":{"parentElementArrayFinder":{"locator_":{"using":"css selector","value":".zoe-display-extra-content"}},"elementArrayFinder_":{"locator_":{"$ref":"$[\"extraContent\"][\"parentElementArrayFinder\"][\"locator_\"]"}}},"level":"debug","message":"elementFinder is ","timestamp":"2014-10-09T10:46:56.918Z"}
{"level":"info","message":"Initialising jasmine tests","timestamp":"2014-10-09T10:46:56.979Z"}
{"inline":{},"popover":{},"indiscriminate":{},"progressWrapper":{"parentElementArrayFinder":{"locator_":{"using":"css selector","value":".zoe-progress-wrapper"}},"elementArrayFinder_":{"locator_":{"$ref":"$[\"progressWrapper\"][\"parentElementArrayFinder\"][\"locator_\"]"}}},"widgetOverlay":{"parentElementArrayFinder":{"locator_":{"using":"css selector","value":"#zoe-zbox-overlay"}},"elementArrayFinder_":{"locator_":{"$ref":"$[\"widgetOverlay\"][\"parentElementArrayFinder\"][\"locator_\"]"}}},"widgetTrigger":{"parentElementArrayFinder":{"locator_":{"using":"css selector","value":".zoe-engage-trigger>img"}},"elementArrayFinder_":{"locator_":{"$ref":"$[\"widgetTrigger\"][\"parentElementArrayFinder\"][\"locator_\"]"}}},"widgetColorbox":{"parentElementArrayFinder":{"locator_":{"using":"css selector","value":"#zoe-zbox-content"}},"elementArrayFinder_":{"locator_":{"$ref":"$[\"widgetColorbox\"][\"parentElementArrayFinder\"][\"locator_\"]"}}},"helpButton":{"parentElementArrayFinder":{"locator_":{"using":"css selector","value":".zoe-btn-help"}},"elementArrayFinder_":{"locator_":{"$ref":"$[\"helpButton\"][\"parentElementArrayFinder\"][\"locator_\"]"}}},"helpElement":{"parentElementArrayFinder":{"locator_":{"using":"css selector","value":".zoe-help-overlay"}},"elementArrayFinder_":{"locator_":{"$ref":"$[\"helpElement\"][\"parentElementArrayFinder\"][\"locator_\"]"}}},"zoomButton":{"parentElementArrayFinder":{"locator_":{"using":"css selector","value":".zoe-btn-zoom"}},"elementArrayFinder_":{"locator_":{"$ref":"$[\"zoomButton\"][\"parentElementArrayFinder\"][\"locator_\"]"}}},"zoomElement":{"parentElementArrayFinder":{"locator_":{"using":"css selector","value":".zoe-zoom"}},"elementArrayFinder_":{"locator_":{"$ref":"$[\"zoomElement\"][\"parentElementArrayFinder\"][\"locator_\"]"}}},"zoomImage":{"parentElementArrayFinder":{"locator_":{"using":"css selector","value":".zoe-zoom-frame"}},"elementArrayFinder_":{"locator_":{"$ref":"$[\"zoomImage\"][\"parentElementArrayFinder\"][\"locator_\"]"}}},"closeButton":{"parentElementArrayFinder":{"locator_":{"using":"css selector","value":".zoe-btn-close"}},"elementArrayFinder_":{"locator_":{"$ref":"$[\"closeButton\"][\"parentElementArrayFinder\"][\"locator_\"]"}}},"widgetImageDiv":{"parentElementArrayFinder":{"locator_":{"using":"css selector","value":".zoe-engage-image.reel"}},"elementArrayFinder_":{"locator_":{"$ref":"$[\"widgetImageDiv\"][\"parentElementArrayFinder\"][\"locator_\"]"}}},"inlineDivSelector":{"parentElementArrayFinder":{"locator_":{"using":"css selector","value":".zoe-inline.reel"}},"elementArrayFinder_":{"locator_":{"$ref":"$[\"inlineDivSelector\"][\"parentElementArrayFinder\"][\"locator_\"]"}}},"widgetWrapperSelector":{"parentElementArrayFinder":{"locator_":{"using":"css selector","value":".zoe-engage-wrapper"}},"elementArrayFinder_":{"locator_":{"$ref":"$[\"widgetWrapperSelector\"][\"parentElementArrayFinder\"][\"locator_\"]"}}},"widgetWrapperImage":{"parentElementArrayFinder":{"locator_":{"using":"css selector","value":".zoe-frame"}},"elementArrayFinder_":{"locator_":{"$ref":"$[\"widgetWrapperImage\"][\"parentElementArrayFinder\"][\"locator_\"]"}}},"pageImageSelector":{"parentElementArrayFinder":{"locator_":{"using":"css selector","value":".zoe-engage-wrapper"}},"elementArrayFinder_":{"locator_":{"$ref":"$[\"pageImageSelector\"][\"parentElementArrayFinder\"][\"locator_\"]"}}},"inlineTrigger":{"parentElementArrayFinder":{"locator_":{"using":"css selector","value":"a.zoe-engage-trigger"}},"elementArrayFinder_":{"locator_":{"$ref":"$[\"inlineTrigger\"][\"parentElementArrayFinder\"][\"locator_\"]"}}},"inlineWrapper":{"parentElementArrayFinder":{"locator_":{"using":"css selector","value":".zoe-engage-wrapper.zoe-inline"}},"elementArrayFinder_":{"locator_":{"$ref":"$[\"inlineWrapper\"][\"parentElementArrayFinder\"][\"locator_\"]"}}},"frameSelector":{"parentElementArrayFinder":{"locator_":{"using":"css selector","value":".zoe-frame"}},"elementArrayFinder_":{"locator_":{"$ref":"$[\"frameSelector\"][\"parentElementArrayFinder\"][\"locator_\"]"}}},"interactCTA":{"parentElementArrayFinder":{"locator_":{"using":"css selector","value":".zoe-interact-cta"}},"elementArrayFinder_":{"locator_":{"$ref":"$[\"interactCTA\"][\"parentElementArrayFinder\"][\"locator_\"]"}}},"triggerCTA":{"parentElementArrayFinder":{"locator_":{"using":"css selector","value":".zoe-trigger-cta"}},"elementArrayFinder_":{"locator_":{"$ref":"$[\"triggerCTA\"][\"parentElementArrayFinder\"][\"locator_\"]"}}},"helpRotate":{"parentElementArrayFinder":{"locator_":{"using":"css selector","value":".zoe-help-rotate .zoe-help-text"}},"elementArrayFinder_":{"locator_":{"$ref":"$[\"helpRotate\"][\"parentElementArrayFinder\"][\"locator_\"]"}}},"helpElevate":{"parentElementArrayFinder":{"locator_":{"using":"css selector","value":".zoe-help-elevate .zoe-help-text"}},"elementArrayFinder_":{"locator_":{"$ref":"$[\"helpElevate\"][\"parentElementArrayFinder\"][\"locator_\"]"}}},"helpZoom":{"parentElementArrayFinder":{"locator_":{"using":"css selector","value":".zoe-help-zoom .zoe-help-text"}},"elementArrayFinder_":{"locator_":{"$ref":"$[\"helpZoom\"][\"parentElementArrayFinder\"][\"locator_\"]"}}},"helpBrand":{"parentElementArrayFinder":{"locator_":{"using":"css selector","value":".zoe-help-brand .zoe-help-text"}},"elementArrayFinder_":{"locator_":{"$ref":"$[\"helpBrand\"][\"parentElementArrayFinder\"][\"locator_\"]"}}},"extraContent":{"parentElementArrayFinder":{"locator_":{"using":"css selector","value":".zoe-display-extra-content"}},"elementArrayFinder_":{"locator_":{"$ref":"$[\"extraContent\"][\"parentElementArrayFinder\"][\"locator_\"]"}}},"level":"debug","message":"elementFinder is ","timestamp":"2014-10-09T10:46:56.985Z"}
{"level":"info","message":"Initialising jasmine tests","timestamp":"2014-10-09T10:46:56.996Z"}
{"inline":{},"popover":{},"indiscriminate":{},"progressWrapper":{"parentElementArrayFinder":{"locator_":{"using":"css selector","value":".zoe-progress-wrapper"}},"elementArrayFinder_":{"locator_":{"$ref":"$[\"progressWrapper\"][\"parentElementArrayFinder\"][\"locator_\"]"}}},"widgetOverlay":{"parentElementArrayFinder":{"locator_":{"using":"css selector","value":"#zoe-zbox-overlay"}},"elementArrayFinder_":{"locator_":{"$ref":"$[\"widgetOverlay\"][\"parentElementArrayFinder\"][\"locator_\"]"}}},"widgetTrigger":{"parentElementArrayFinder":{"locator_":{"using":"css selector","value":".zoe-engage-trigger>img"}},"elementArrayFinder_":{"locator_":{"$ref":"$[\"widgetTrigger\"][\"parentElementArrayFinder\"][\"locator_\"]"}}},"widgetColorbox":{"parentElementArrayFinder":{"locator_":{"using":"css selector","value":"#zoe-zbox-content"}},"elementArrayFinder_":{"locator_":{"$ref":"$[\"widgetColorbox\"][\"parentElementArrayFinder\"][\"locator_\"]"}}},"helpButton":{"parentElementArrayFinder":{"locator_":{"using":"css selector","value":".zoe-btn-help"}},"elementArrayFinder_":{"locator_":{"$ref":"$[\"helpButton\"][\"parentElementArrayFinder\"][\"locator_\"]"}}},"helpElement":{"parentElementArrayFinder":{"locator_":{"using":"css selector","value":".zoe-help-overlay"}},"elementArrayFinder_":{"locator_":{"$ref":"$[\"helpElement\"][\"parentElementArrayFinder\"][\"locator_\"]"}}},"zoomButton":{"parentElementArrayFinder":{"locator_":{"using":"css selector","value":".zoe-btn-zoom"}},"elementArrayFinder_":{"locator_":{"$ref":"$[\"zoomButton\"][\"parentElementArrayFinder\"][\"locator_\"]"}}},"zoomElement":{"parentElementArrayFinder":{"locator_":{"using":"css selector","value":".zoe-zoom"}},"elementArrayFinder_":{"locator_":{"$ref":"$[\"zoomElement\"][\"parentElementArrayFinder\"][\"locator_\"]"}}},"zoomImage":{"parentElementArrayFinder":{"locator_":{"using":"css selector","value":".zoe-zoom-frame"}},"elementArrayFinder_":{"locator_":{"$ref":"$[\"zoomImage\"][\"parentElementArrayFinder\"][\"locator_\"]"}}},"closeButton":{"parentElementArrayFinder":{"locator_":{"using":"css selector","value":".zoe-btn-close"}},"elementArrayFinder_":{"locator_":{"$ref":"$[\"closeButton\"][\"parentElementArrayFinder\"][\"locator_\"]"}}},"widgetImageDiv":{"parentElementArrayFinder":{"locator_":{"using":"css selector","value":".zoe-engage-image.reel"}},"elementArrayFinder_":{"locator_":{"$ref":"$[\"widgetImageDiv\"][\"parentElementArrayFinder\"][\"locator_\"]"}}},"inlineDivSelector":{"parentElementArrayFinder":{"locator_":{"using":"css selector","value":".zoe-inline.reel"}},"elementArrayFinder_":{"locator_":{"$ref":"$[\"inlineDivSelector\"][\"parentElementArrayFinder\"][\"locator_\"]"}}},"widgetWrapperSelector":{"parentElementArrayFinder":{"locator_":{"using":"css selector","value":".zoe-engage-wrapper"}},"elementArrayFinder_":{"locator_":{"$ref":"$[\"widgetWrapperSelector\"][\"parentElementArrayFinder\"][\"locator_\"]"}}},"widgetWrapperImage":{"parentElementArrayFinder":{"locator_":{"using":"css selector","value":".zoe-frame"}},"elementArrayFinder_":{"locator_":{"$ref":"$[\"widgetWrapperImage\"][\"parentElementArrayFinder\"][\"locator_\"]"}}},"pageImageSelector":{"parentElementArrayFinder":{"locator_":{"using":"css selector","value":".zoe-engage-wrapper"}},"elementArrayFinder_":{"locator_":{"$ref":"$[\"pageImageSelector\"][\"parentElementArrayFinder\"][\"locator_\"]"}}},"inlineTrigger":{"parentElementArrayFinder":{"locator_":{"using":"css selector","value":"a.zoe-engage-trigger"}},"elementArrayFinder_":{"locator_":{"$ref":"$[\"inlineTrigger\"][\"parentElementArrayFinder\"][\"locator_\"]"}}},"inlineWrapper":{"parentElementArrayFinder":{"locator_":{"using":"css selector","value":".zoe-engage-wrapper.zoe-inline"}},"elementArrayFinder_":{"locator_":{"$ref":"$[\"inlineWrapper\"][\"parentElementArrayFinder\"][\"locator_\"]"}}},"frameSelector":{"parentElementArrayFinder":{"locator_":{"using":"css selector","value":".zoe-frame"}},"elementArrayFinder_":{"locator_":{"$ref":"$[\"frameSelector\"][\"parentElementArrayFinder\"][\"locator_\"]"}}},"interactCTA":{"parentElementArrayFinder":{"locator_":{"using":"css selector","value":".zoe-interact-cta"}},"elementArrayFinder_":{"locator_":{"$ref":"$[\"interactCTA\"][\"parentElementArrayFinder\"][\"locator_\"]"}}},"triggerCTA":{"parentElementArrayFinder":{"locator_":{"using":"css selector","value":".zoe-trigger-cta"}},"elementArrayFinder_":{"locator_":{"$ref":"$[\"triggerCTA\"][\"parentElementArrayFinder\"][\"locator_\"]"}}},"helpRotate":{"parentElementArrayFinder":{"locator_":{"using":"css selector","value":".zoe-help-rotate .zoe-help-text"}},"elementArrayFinder_":{"locator_":{"$ref":"$[\"helpRotate\"][\"parentElementArrayFinder\"][\"locator_\"]"}}},"helpElevate":{"parentElementArrayFinder":{"locator_":{"using":"css selector","value":".zoe-help-elevate .zoe-help-text"}},"elementArrayFinder_":{"locator_":{"$ref":"$[\"helpElevate\"][\"parentElementArrayFinder\"][\"locator_\"]"}}},"helpZoom":{"parentElementArrayFinder":{"locator_":{"using":"css selector","value":".zoe-help-zoom .zoe-help-text"}},"elementArrayFinder_":{"locator_":{"$ref":"$[\"helpZoom\"][\"parentElementArrayFinder\"][\"locator_\"]"}}},"helpBrand":{"parentElementArrayFinder":{"locator_":{"using":"css selector","value":".zoe-help-brand .zoe-help-text"}},"elementArrayFinder_":{"locator_":{"$ref":"$[\"helpBrand\"][\"parentElementArrayFinder\"][\"locator_\"]"}}},"extraContent":{"parentElementArrayFinder":{"locator_":{"using":"css selector","value":".zoe-display-extra-content"}},"elementArrayFinder_":{"locator_":{"$ref":"$[\"extraContent\"][\"parentElementArrayFinder\"][\"locator_\"]"}}},"level":"debug","message":"elementFinder is ","timestamp":"2014-10-09T10:46:57.111Z"}
{"level":"info","message":"Initialising jasmine tests","timestamp":"2014-10-09T10:46:56.994Z"}
{"inline":{},"popover":{},"indiscriminate":{},"progressWrapper":{"parentElementArrayFinder":{"locator_":{"using":"css selector","value":".zoe-progress-wrapper"}},"elementArrayFinder_":{"locator_":{"$ref":"$[\"progressWrapper\"][\"parentElementArrayFinder\"][\"locator_\"]"}}},"widgetOverlay":{"parentElementArrayFinder":{"locator_":{"using":"css selector","value":"#zoe-zbox-overlay"}},"elementArrayFinder_":{"locator_":{"$ref":"$[\"widgetOverlay\"][\"parentElementArrayFinder\"][\"locator_\"]"}}},"widgetTrigger":{"parentElementArrayFinder":{"locator_":{"using":"css selector","value":".zoe-engage-trigger>img"}},"elementArrayFinder_":{"locator_":{"$ref":"$[\"widgetTrigger\"][\"parentElementArrayFinder\"][\"locator_\"]"}}},"widgetColorbox":{"parentElementArrayFinder":{"locator_":{"using":"css selector","value":"#zoe-zbox-content"}},"elementArrayFinder_":{"locator_":{"$ref":"$[\"widgetColorbox\"][\"parentElementArrayFinder\"][\"locator_\"]"}}},"helpButton":{"parentElementArrayFinder":{"locator_":{"using":"css selector","value":".zoe-btn-help"}},"elementArrayFinder_":{"locator_":{"$ref":"$[\"helpButton\"][\"parentElementArrayFinder\"][\"locator_\"]"}}},"helpElement":{"parentElementArrayFinder":{"locator_":{"using":"css selector","value":".zoe-help-overlay"}},"elementArrayFinder_":{"locator_":{"$ref":"$[\"helpElement\"][\"parentElementArrayFinder\"][\"locator_\"]"}}},"zoomButton":{"parentElementArrayFinder":{"locator_":{"using":"css selector","value":".zoe-btn-zoom"}},"elementArrayFinder_":{"locator_":{"$ref":"$[\"zoomButton\"][\"parentElementArrayFinder\"][\"locator_\"]"}}},"zoomElement":{"parentElementArrayFinder":{"locator_":{"using":"css selector","value":".zoe-zoom"}},"elementArrayFinder_":{"locator_":{"$ref":"$[\"zoomElement\"][\"parentElementArrayFinder\"][\"locator_\"]"}}},"zoomImage":{"parentElementArrayFinder":{"locator_":{"using":"css selector","value":".zoe-zoom-frame"}},"elementArrayFinder_":{"locator_":{"$ref":"$[\"zoomImage\"][\"parentElementArrayFinder\"][\"locator_\"]"}}},"closeButton":{"parentElementArrayFinder":{"locator_":{"using":"css selector","value":".zoe-btn-close"}},"elementArrayFinder_":{"locator_":{"$ref":"$[\"closeButton\"][\"parentElementArrayFinder\"][\"locator_\"]"}}},"widgetImageDiv":{"parentElementArrayFinder":{"locator_":{"using":"css selector","value":".zoe-engage-image.reel"}},"elementArrayFinder_":{"locator_":{"$ref":"$[\"widgetImageDiv\"][\"parentElementArrayFinder\"][\"locator_\"]"}}},"inlineDivSelector":{"parentElementArrayFinder":{"locator_":{"using":"css selector","value":".zoe-inline.reel"}},"elementArrayFinder_":{"locator_":{"$ref":"$[\"inlineDivSelector\"][\"parentElementArrayFinder\"][\"locator_\"]"}}},"widgetWrapperSelector":{"parentElementArrayFinder":{"locator_":{"using":"css selector","value":".zoe-engage-wrapper"}},"elementArrayFinder_":{"locator_":{"$ref":"$[\"widgetWrapperSelector\"][\"parentElementArrayFinder\"][\"locator_\"]"}}},"widgetWrapperImage":{"parentElementArrayFinder":{"locator_":{"using":"css selector","value":".zoe-frame"}},"elementArrayFinder_":{"locator_":{"$ref":"$[\"widgetWrapperImage\"][\"parentElementArrayFinder\"][\"locator_\"]"}}},"pageImageSelector":{"parentElementArrayFinder":{"locator_":{"using":"css selector","value":".zoe-engage-wrapper"}},"elementArrayFinder_":{"locator_":{"$ref":"$[\"pageImageSelector\"][\"parentElementArrayFinder\"][\"locator_\"]"}}},"inlineTrigger":{"parentElementArrayFinder":{"locator_":{"using":"css selector","value":"a.zoe-engage-trigger"}},"elementArrayFinder_":{"locator_":{"$ref":"$[\"inlineTrigger\"][\"parentElementArrayFinder\"][\"locator_\"]"}}},"inlineWrapper":{"parentElementArrayFinder":{"locator_":{"using":"css selector","value":".zoe-engage-wrapper.zoe-inline"}},"elementArrayFinder_":{"locator_":{"$ref":"$[\"inlineWrapper\"][\"parentElementArrayFinder\"][\"locator_\"]"}}},"frameSelector":{"parentElementArrayFinder":{"locator_":{"using":"css selector","value":".zoe-frame"}},"elementArrayFinder_":{"locator_":{"$ref":"$[\"frameSelector\"][\"parentElementArrayFinder\"][\"locator_\"]"}}},"interactCTA":{"parentElementArrayFinder":{"locator_":{"using":"css selector","value":".zoe-interact-cta"}},"elementArrayFinder_":{"locator_":{"$ref":"$[\"interactCTA\"][\"parentElementArrayFinder\"][\"locator_\"]"}}},"triggerCTA":{"parentElementArrayFinder":{"locator_":{"using":"css selector","value":".zoe-trigger-cta"}},"elementArrayFinder_":{"locator_":{"$ref":"$[\"triggerCTA\"][\"parentElementArrayFinder\"][\"locator_\"]"}}},"helpRotate":{"parentElementArrayFinder":{"locator_":{"using":"css selector","value":".zoe-help-rotate .zoe-help-text"}},"elementArrayFinder_":{"locator_":{"$ref":"$[\"helpRotate\"][\"parentElementArrayFinder\"][\"locator_\"]"}}},"helpElevate":{"parentElementArrayFinder":{"locator_":{"using":"css selector","value":".zoe-help-elevate .zoe-help-text"}},"elementArrayFinder_":{"locator_":{"$ref":"$[\"helpElevate\"][\"parentElementArrayFinder\"][\"locator_\"]"}}},"helpZoom":{"parentElementArrayFinder":{"locator_":{"using":"css selector","value":".zoe-help-zoom .zoe-help-text"}},"elementArrayFinder_":{"locator_":{"$ref":"$[\"helpZoom\"][\"parentElementArrayFinder\"][\"locator_\"]"}}},"helpBrand":{"parentElementArrayFinder":{"locator_":{"using":"css selector","value":".zoe-help-brand .zoe-help-text"}},"elementArrayFinder_":{"locator_":{"$ref":"$[\"helpBrand\"][\"parentElementArrayFinder\"][\"locator_\"]"}}},"extraContent":{"parentElementArrayFinder":{"locator_":{"using":"css selector","value":".zoe-display-extra-content"}},"elementArrayFinder_":{"locator_":{"$ref":"$[\"extraContent\"][\"parentElementArrayFinder\"][\"locator_\"]"}}},"level":"debug","message":"elementFinder is ","timestamp":"2014-10-09T10:46:57.000Z"}
{"level":"info","message":"Initialising jasmine tests","timestamp":"2014-10-09T10:46:57.000Z"}
{"inline":{},"popover":{},"indiscriminate":{},"progressWrapper":{"parentElementArrayFinder":{"locator_":{"using":"css selector","value":".zoe-progress-wrapper"}},"elementArrayFinder_":{"locator_":{"$ref":"$[\"progressWrapper\"][\"parentElementArrayFinder\"][\"locator_\"]"}}},"widgetOverlay":{"parentElementArrayFinder":{"locator_":{"using":"css selector","value":"#zoe-zbox-overlay"}},"elementArrayFinder_":{"locator_":{"$ref":"$[\"widgetOverlay\"][\"parentElementArrayFinder\"][\"locator_\"]"}}},"widgetTrigger":{"parentElementArrayFinder":{"locator_":{"using":"css selector","value":".zoe-engage-trigger>img"}},"elementArrayFinder_":{"locator_":{"$ref":"$[\"widgetTrigger\"][\"parentElementArrayFinder\"][\"locator_\"]"}}},"widgetColorbox":{"parentElementArrayFinder":{"locator_":{"using":"css selector","value":"#zoe-zbox-content"}},"elementArrayFinder_":{"locator_":{"$ref":"$[\"widgetColorbox\"][\"parentElementArrayFinder\"][\"locator_\"]"}}},"helpButton":{"parentElementArrayFinder":{"locator_":{"using":"css selector","value":".zoe-btn-help"}},"elementArrayFinder_":{"locator_":{"$ref":"$[\"helpButton\"][\"parentElementArrayFinder\"][\"locator_\"]"}}},"helpElement":{"parentElementArrayFinder":{"locator_":{"using":"css selector","value":".zoe-help-overlay"}},"elementArrayFinder_":{"locator_":{"$ref":"$[\"helpElement\"][\"parentElementArrayFinder\"][\"locator_\"]"}}},"zoomButton":{"parentElementArrayFinder":{"locator_":{"using":"css selector","value":".zoe-btn-zoom"}},"elementArrayFinder_":{"locator_":{"$ref":"$[\"zoomButton\"][\"parentElementArrayFinder\"][\"locator_\"]"}}},"zoomElement":{"parentElementArrayFinder":{"locator_":{"using":"css selector","value":".zoe-zoom"}},"elementArrayFinder_":{"locator_":{"$ref":"$[\"zoomElement\"][\"parentElementArrayFinder\"][\"locator_\"]"}}},"zoomImage":{"parentElementArrayFinder":{"locator_":{"using":"css selector","value":".zoe-zoom-frame"}},"elementArrayFinder_":{"locator_":{"$ref":"$[\"zoomImage\"][\"parentElementArrayFinder\"][\"locator_\"]"}}},"closeButton":{"parentElementArrayFinder":{"locator_":{"using":"css selector","value":".zoe-btn-close"}},"elementArrayFinder_":{"locator_":{"$ref":"$[\"closeButton\"][\"parentElementArrayFinder\"][\"locator_\"]"}}},"widgetImageDiv":{"parentElementArrayFinder":{"locator_":{"using":"css selector","value":".zoe-engage-image.reel"}},"elementArrayFinder_":{"locator_":{"$ref":"$[\"widgetImageDiv\"][\"parentElementArrayFinder\"][\"locator_\"]"}}},"inlineDivSelector":{"parentElementArrayFinder":{"locator_":{"using":"css selector","value":".zoe-inline.reel"}},"elementArrayFinder_":{"locator_":{"$ref":"$[\"inlineDivSelector\"][\"parentElementArrayFinder\"][\"locator_\"]"}}},"widgetWrapperSelector":{"parentElementArrayFinder":{"locator_":{"using":"css selector","value":".zoe-engage-wrapper"}},"elementArrayFinder_":{"locator_":{"$ref":"$[\"widgetWrapperSelector\"][\"parentElementArrayFinder\"][\"locator_\"]"}}},"widgetWrapperImage":{"parentElementArrayFinder":{"locator_":{"using":"css selector","value":".zoe-frame"}},"elementArrayFinder_":{"locator_":{"$ref":"$[\"widgetWrapperImage\"][\"parentElementArrayFinder\"][\"locator_\"]"}}},"pageImageSelector":{"parentElementArrayFinder":{"locator_":{"using":"css selector","value":".zoe-engage-wrapper"}},"elementArrayFinder_":{"locator_":{"$ref":"$[\"pageImageSelector\"][\"parentElementArrayFinder\"][\"locator_\"]"}}},"inlineTrigger":{"parentElementArrayFinder":{"locator_":{"using":"css selector","value":"a.zoe-engage-trigger"}},"elementArrayFinder_":{"locator_":{"$ref":"$[\"inlineTrigger\"][\"parentElementArrayFinder\"][\"locator_\"]"}}},"inlineWrapper":{"parentElementArrayFinder":{"locator_":{"using":"css selector","value":".zoe-engage-wrapper.zoe-inline"}},"elementArrayFinder_":{"locator_":{"$ref":"$[\"inlineWrapper\"][\"parentElementArrayFinder\"][\"locator_\"]"}}},"frameSelector":{"parentElementArrayFinder":{"locator_":{"using":"css selector","value":".zoe-frame"}},"elementArrayFinder_":{"locator_":{"$ref":"$[\"frameSelector\"][\"parentElementArrayFinder\"][\"locator_\"]"}}},"interactCTA":{"parentElementArrayFinder":{"locator_":{"using":"css selector","value":".zoe-interact-cta"}},"elementArrayFinder_":{"locator_":{"$ref":"$[\"interactCTA\"][\"parentElementArrayFinder\"][\"locator_\"]"}}},"triggerCTA":{"parentElementArrayFinder":{"locator_":{"using":"css selector","value":".zoe-trigger-cta"}},"elementArrayFinder_":{"locator_":{"$ref":"$[\"triggerCTA\"][\"parentElementArrayFinder\"][\"locator_\"]"}}},"helpRotate":{"parentElementArrayFinder":{"locator_":{"using":"css selector","value":".zoe-help-rotate .zoe-help-text"}},"elementArrayFinder_":{"locator_":{"$ref":"$[\"helpRotate\"][\"parentElementArrayFinder\"][\"locator_\"]"}}},"helpElevate":{"parentElementArrayFinder":{"locator_":{"using":"css selector","value":".zoe-help-elevate .zoe-help-text"}},"elementArrayFinder_":{"locator_":{"$ref":"$[\"helpElevate\"][\"parentElementArrayFinder\"][\"locator_\"]"}}},"helpZoom":{"parentElementArrayFinder":{"locator_":{"using":"css selector","value":".zoe-help-zoom .zoe-help-text"}},"elementArrayFinder_":{"locator_":{"$ref":"$[\"helpZoom\"][\"parentElementArrayFinder\"][\"locator_\"]"}}},"helpBrand":{"parentElementArrayFinder":{"locator_":{"using":"css selector","value":".zoe-help-brand .zoe-help-text"}},"elementArrayFinder_":{"locator_":{"$ref":"$[\"helpBrand\"][\"parentElementArrayFinder\"][\"locator_\"]"}}},"extraContent":{"parentElementArrayFinder":{"locator_":{"using":"css selector","value":".zoe-display-extra-content"}},"elementArrayFinder_":{"locator_":{"$ref":"$[\"extraContent\"][\"parentElementArrayFinder\"][\"locator_\"]"}}},"level":"debug","message":"elementFinder is ","timestamp":"2014-10-09T10:46:57.107Z"}
{"level":"info","message":"Initialising jasmine tests","timestamp":"2014-10-09T10:46:57.048Z"}
{"inline":{},"popover":{},"indiscriminate":{},"progressWrapper":{"parentElementArrayFinder":{"locator_":{"using":"css selector","value":".zoe-progress-wrapper"}},"elementArrayFinder_":{"locator_":{"$ref":"$[\"progressWrapper\"][\"parentElementArrayFinder\"][\"locator_\"]"}}},"widgetOverlay":{"parentElementArrayFinder":{"locator_":{"using":"css selector","value":"#zoe-zbox-overlay"}},"elementArrayFinder_":{"locator_":{"$ref":"$[\"widgetOverlay\"][\"parentElementArrayFinder\"][\"locator_\"]"}}},"widgetTrigger":{"parentElementArrayFinder":{"locator_":{"using":"css selector","value":".zoe-engage-trigger>img"}},"elementArrayFinder_":{"locator_":{"$ref":"$[\"widgetTrigger\"][\"parentElementArrayFinder\"][\"locator_\"]"}}},"widgetColorbox":{"parentElementArrayFinder":{"locator_":{"using":"css selector","value":"#zoe-zbox-content"}},"elementArrayFinder_":{"locator_":{"$ref":"$[\"widgetColorbox\"][\"parentElementArrayFinder\"][\"locator_\"]"}}},"helpButton":{"parentElementArrayFinder":{"locator_":{"using":"css selector","value":".zoe-btn-help"}},"elementArrayFinder_":{"locator_":{"$ref":"$[\"helpButton\"][\"parentElementArrayFinder\"][\"locator_\"]"}}},"helpElement":{"parentElementArrayFinder":{"locator_":{"using":"css selector","value":".zoe-help-overlay"}},"elementArrayFinder_":{"locator_":{"$ref":"$[\"helpElement\"][\"parentElementArrayFinder\"][\"locator_\"]"}}},"zoomButton":{"parentElementArrayFinder":{"locator_":{"using":"css selector","value":".zoe-btn-zoom"}},"elementArrayFinder_":{"locator_":{"$ref":"$[\"zoomButton\"][\"parentElementArrayFinder\"][\"locator_\"]"}}},"zoomElement":{"parentElementArrayFinder":{"locator_":{"using":"css selector","value":".zoe-zoom"}},"elementArrayFinder_":{"locator_":{"$ref":"$[\"zoomElement\"][\"parentElementArrayFinder\"][\"locator_\"]"}}},"zoomImage":{"parentElementArrayFinder":{"locator_":{"using":"css selector","value":".zoe-zoom-frame"}},"elementArrayFinder_":{"locator_":{"$ref":"$[\"zoomImage\"][\"parentElementArrayFinder\"][\"locator_\"]"}}},"closeButton":{"parentElementArrayFinder":{"locator_":{"using":"css selector","value":".zoe-btn-close"}},"elementArrayFinder_":{"locator_":{"$ref":"$[\"closeButton\"][\"parentElementArrayFinder\"][\"locator_\"]"}}},"widgetImageDiv":{"parentElementArrayFinder":{"locator_":{"using":"css selector","value":".zoe-engage-image.reel"}},"elementArrayFinder_":{"locator_":{"$ref":"$[\"widgetImageDiv\"][\"parentElementArrayFinder\"][\"locator_\"]"}}},"inlineDivSelector":{"parentElementArrayFinder":{"locator_":{"using":"css selector","value":".zoe-inline.reel"}},"elementArrayFinder_":{"locator_":{"$ref":"$[\"inlineDivSelector\"][\"parentElementArrayFinder\"][\"locator_\"]"}}},"widgetWrapperSelector":{"parentElementArrayFinder":{"locator_":{"using":"css selector","value":".zoe-engage-wrapper"}},"elementArrayFinder_":{"locator_":{"$ref":"$[\"widgetWrapperSelector\"][\"parentElementArrayFinder\"][\"locator_\"]"}}},"widgetWrapperImage":{"parentElementArrayFinder":{"locator_":{"using":"css selector","value":".zoe-frame"}},"elementArrayFinder_":{"locator_":{"$ref":"$[\"widgetWrapperImage\"][\"parentElementArrayFinder\"][\"locator_\"]"}}},"pageImageSelector":{"parentElementArrayFinder":{"locator_":{"using":"css selector","value":".zoe-engage-wrapper"}},"elementArrayFinder_":{"locator_":{"$ref":"$[\"pageImageSelector\"][\"parentElementArrayFinder\"][\"locator_\"]"}}},"inlineTrigger":{"parentElementArrayFinder":{"locator_":{"using":"css selector","value":"a.zoe-engage-trigger"}},"elementArrayFinder_":{"locator_":{"$ref":"$[\"inlineTrigger\"][\"parentElementArrayFinder\"][\"locator_\"]"}}},"inlineWrapper":{"parentElementArrayFinder":{"locator_":{"using":"css selector","value":".zoe-engage-wrapper.zoe-inline"}},"elementArrayFinder_":{"locator_":{"$ref":"$[\"inlineWrapper\"][\"parentElementArrayFinder\"][\"locator_\"]"}}},"frameSelector":{"parentElementArrayFinder":{"locator_":{"using":"css selector","value":".zoe-frame"}},"elementArrayFinder_":{"locator_":{"$ref":"$[\"frameSelector\"][\"parentElementArrayFinder\"][\"locator_\"]"}}},"interactCTA":{"parentElementArrayFinder":{"locator_":{"using":"css selector","value":".zoe-interact-cta"}},"elementArrayFinder_":{"locator_":{"$ref":"$[\"interactCTA\"][\"parentElementArrayFinder\"][\"locator_\"]"}}},"triggerCTA":{"parentElementArrayFinder":{"locator_":{"using":"css selector","value":".zoe-trigger-cta"}},"elementArrayFinder_":{"locator_":{"$ref":"$[\"triggerCTA\"][\"parentElementArrayFinder\"][\"locator_\"]"}}},"helpRotate":{"parentElementArrayFinder":{"locator_":{"using":"css selector","value":".zoe-help-rotate .zoe-help-text"}},"elementArrayFinder_":{"locator_":{"$ref":"$[\"helpRotate\"][\"parentElementArrayFinder\"][\"locator_\"]"}}},"helpElevate":{"parentElementArrayFinder":{"locator_":{"using":"css selector","value":".zoe-help-elevate .zoe-help-text"}},"elementArrayFinder_":{"locator_":{"$ref":"$[\"helpElevate\"][\"parentElementArrayFinder\"][\"locator_\"]"}}},"helpZoom":{"parentElementArrayFinder":{"locator_":{"using":"css selector","value":".zoe-help-zoom .zoe-help-text"}},"elementArrayFinder_":{"locator_":{"$ref":"$[\"helpZoom\"][\"parentElementArrayFinder\"][\"locator_\"]"}}},"helpBrand":{"parentElementArrayFinder":{"locator_":{"using":"css selector","value":".zoe-help-brand .zoe-help-text"}},"elementArrayFinder_":{"locator_":{"$ref":"$[\"helpBrand\"][\"parentElementArrayFinder\"][\"locator_\"]"}}},"extraContent":{"parentElementArrayFinder":{"locator_":{"using":"css selector","value":".zoe-display-extra-content"}},"elementArrayFinder_":{"locator_":{"$ref":"$[\"extraContent\"][\"parentElementArrayFinder\"][\"locator_\"]"}}},"level":"debug","message":"elementFinder is ","timestamp":"2014-10-09T10:46:57.102Z"}
{"rotatable":false,"browserConnectionEnabled":true,"acceptSslCerts":true,"cssSelectorsEnabled":true,"javascriptEnabled":true,"nativeEvents":true,"databaseEnabled":true,"locationContextEnabled":true,"takesScreenshot":true,"platform":"XP","browserName":"firefox","webdriver.remote.sessionid":"4da531963b544be28024f095b6595d96","hasMetadata":true,"version":"27.0","applicationCacheEnabled":true,"webStorageEnabled":true,"handlesAlerts":true,"level":"info","message":"","timestamp":"2014-10-09T10:47:13.522Z"}
{"level":"info","message":"undefined","timestamp":"2014-10-09T10:47:13.523Z"}
{"level":"info","message":"BROWSER IS: firefox","timestamp":"2014-10-09T10:47:13.523Z"}
{"level":"info","message":"Initialising file paths with browser & version","timestamp":"2014-10-09T10:47:13.523Z"}
{"level":"info","message":"Initialising file paths with browser & version","timestamp":"2014-10-09T10:47:13.523Z"}
{"level":"info","message":"Initialising file paths with browser & version","timestamp":"2014-10-09T10:47:13.523Z"}
{"level":"info","message":"Initialising file paths with browser & version","timestamp":"2014-10-09T10:47:13.523Z"}
{"level":"info","message":"Initialising file paths with browser & version","timestamp":"2014-10-09T10:47:13.523Z"}
{"level":"info","message":"Initialising file paths with browser & version","timestamp":"2014-10-09T10:47:13.523Z"}
{"level":"info","message":"Initialising file paths with browser & version","timestamp":"2014-10-09T10:47:13.523Z"}
{"level":"info","message":"Initialising file paths with browser & version","timestamp":"2014-10-09T10:47:13.524Z"}
{"level":"info","message":"Initialising file paths with browser & version","timestamp":"2014-10-09T10:47:13.524Z"}
{"level":"info","message":"Initialising file paths with browser & version","timestamp":"2014-10-09T10:47:13.524Z"}
{"level":"info","message":"Initialising file paths with browser & version","timestamp":"2014-10-09T10:47:13.524Z"}
{"level":"info","message":"Initialising file paths with browser & version","timestamp":"2014-10-09T10:47:13.524Z"}
{"level":"info","message":"Initialising file paths with browser & version","timestamp":"2014-10-09T10:47:13.524Z"}
{"level":"info","message":"Initialising file paths with browser & version","timestamp":"2014-10-09T10:47:13.524Z"}
{"level":"info","message":"Initialising file paths with browser & version","timestamp":"2014-10-09T10:47:13.524Z"}
{"level":"info","message":"Initialising file paths with browser & version","timestamp":"2014-10-09T10:47:13.524Z"}
{"level":"info","message":"Initialising file paths with browser & version","timestamp":"2014-10-09T10:47:13.524Z"}
{"level":"info","message":"Initialising file paths with browser & version","timestamp":"2014-10-09T10:47:13.524Z"}
{"level":"info","message":"Initialising file paths with browser & version","timestamp":"2014-10-09T10:47:13.524Z"}
{"level":"info","message":"Initialising file paths with browser & version","timestamp":"2014-10-09T10:47:13.524Z"}
{"level":"info","message":"Initialising file paths with browser & version","timestamp":"2014-10-09T10:47:13.524Z"}
{"rotatable":true,"browserConnectionEnabled":true,"acceptSslCerts":true,"cssSelectorsEnabled":true,"javascriptEnabled":true,"locationContextEnabled":true,"takesScreenshot":true,"platform":"ANDROID","browserName":"android","webdriver.remote.sessionid":"8b0b4cc3331c417aa78d59889c9759be","hasMetadata":true,"version":"18","applicationCacheEnabled":true,"webStorageEnabled":true,"handlesAlerts":true,"level":"info","message":"","timestamp":"2014-10-09T10:47:15.470Z"}
{"level":"info","message":"undefined","timestamp":"2014-10-09T10:47:15.470Z"}
{"level":"info","message":"BROWSER IS: android","timestamp":"2014-10-09T10:47:15.470Z"}
{"level":"info","message":"Initialising file paths with browser & version","timestamp":"2014-10-09T10:47:15.470Z"}
{"level":"info","message":"Initialising file paths with browser & version","timestamp":"2014-10-09T10:47:15.470Z"}
{"level":"info","message":"Initialising file paths with browser & version","timestamp":"2014-10-09T10:47:15.470Z"}
{"level":"info","message":"Initialising file paths with browser & version","timestamp":"2014-10-09T10:47:15.470Z"}
{"level":"info","message":"Initialising file paths with browser & version","timestamp":"2014-10-09T10:47:15.470Z"}
{"level":"info","message":"Initialising file paths with browser & version","timestamp":"2014-10-09T10:47:15.470Z"}
{"level":"info","message":"Initialising file paths with browser & version","timestamp":"2014-10-09T10:47:15.471Z"}
{"level":"info","message":"Initialising file paths with browser & version","timestamp":"2014-10-09T10:47:15.471Z"}
{"level":"info","message":"Initialising file paths with browser & version","timestamp":"2014-10-09T10:47:15.471Z"}
{"level":"info","message":"Initialising file paths with browser & version","timestamp":"2014-10-09T10:47:15.471Z"}
{"level":"info","message":"Initialising file paths with browser & version","timestamp":"2014-10-09T10:47:15.471Z"}
{"level":"info","message":"Initialising file paths with browser & version","timestamp":"2014-10-09T10:47:15.471Z"}
{"level":"info","message":"Initialising file paths with browser & version","timestamp":"2014-10-09T10:47:15.471Z"}
{"level":"info","message":"Initialising file paths with browser & version","timestamp":"2014-10-09T10:47:15.471Z"}
{"level":"info","message":"Initialising file paths with browser & version","timestamp":"2014-10-09T10:47:15.471Z"}
{"level":"info","message":"Initialising file paths with browser & version","timestamp":"2014-10-09T10:47:15.471Z"}
{"level":"info","message":"Initialising file paths with browser & version","timestamp":"2014-10-09T10:47:15.471Z"}
{"level":"info","message":"Initialising file paths with browser & version","timestamp":"2014-10-09T10:47:15.471Z"}
{"level":"info","message":"Initialising file paths with browser & version","timestamp":"2014-10-09T10:47:15.471Z"}
{"level":"info","message":"Initialising file paths with browser & version","timestamp":"2014-10-09T10:47:15.471Z"}
{"level":"info","message":"Initialising file paths with browser & version","timestamp":"2014-10-09T10:47:15.471Z"}
{"level":"info","message":"Opening URL: http://jenkins.zoetrope.io:8888/v3/testInline.html","timestamp":"2014-10-09T10:47:15.490Z"}
{"level":"info","message":"Initialising file paths with browser & version","timestamp":"2014-10-09T10:47:15.491Z"}
{"level":"info","message":"Initialising file paths with browser & version","timestamp":"2014-10-09T10:47:15.491Z"}
{"level":"info","message":"Initialising file paths with browser & version","timestamp":"2014-10-09T10:47:15.491Z"}
{"level":"info","message":"Initialising file paths with browser & version","timestamp":"2014-10-09T10:47:15.491Z"}
{"level":"info","message":"Initialising file paths with browser & version","timestamp":"2014-10-09T10:47:15.491Z"}
{"level":"info","message":"Initialising file paths with browser & version","timestamp":"2014-10-09T10:47:15.491Z"}
{"level":"info","message":"Opening URL: http://jenkins.zoetrope.io:8888/v3/testInline.html","timestamp":"2014-10-09T10:47:16.881Z"}
{"level":"info","message":"Initialising file paths with browser & version","timestamp":"2014-10-09T10:47:16.881Z"}
{"level":"info","message":"Initialising file paths with browser & version","timestamp":"2014-10-09T10:47:16.881Z"}
{"level":"info","message":"Initialising file paths with browser & version","timestamp":"2014-10-09T10:47:16.881Z"}
{"level":"info","message":"Initialising file paths with browser & version","timestamp":"2014-10-09T10:47:16.881Z"}
{"level":"info","message":"Initialising file paths with browser & version","timestamp":"2014-10-09T10:47:16.881Z"}
{"level":"info","message":"Initialising file paths with browser & version","timestamp":"2014-10-09T10:47:16.881Z"}
{"level":"info","message":"Saving screenshot to images/load-inline-firefox-27.0.png","timestamp":"2014-10-09T10:47:22.688Z"}
{"level":"info","message":"Saved screenshot","timestamp":"2014-10-09T10:47:24.924Z"}
{"level":"info","message":"Clicking the help button","timestamp":"2014-10-09T10:47:24.960Z"}
{"parentElementArrayFinder":{"locator_":{"using":"css selector","value":".zoe-btn-help"}},"elementArrayFinder_":{"locator_":{"$ref":"$[\"parentElementArrayFinder\"][\"locator_\"]"}},"level":"info","message":"help button is","timestamp":"2014-10-09T10:47:24.964Z"}
{"level":"info","message":"Got help style of ","timestamp":"2014-10-09T10:47:30.453Z"}
{"level":"info","message":"Saving screenshot to images/help-inline-firefox-27.0.png","timestamp":"2014-10-09T10:47:30.497Z"}
{"level":"info","message":"Saving screenshot to images/load-inline-android-18.png","timestamp":"2014-10-09T10:47:31.005Z"}
{"level":"info","message":"Saved screenshot","timestamp":"2014-10-09T10:47:32.159Z"}
{"level":"info","message":"Clicking the help button","timestamp":"2014-10-09T10:47:32.200Z"}
{"parentElementArrayFinder":{"locator_":{"using":"css selector","value":".zoe-btn-help"}},"elementArrayFinder_":{"locator_":{"$ref":"$[\"parentElementArrayFinder\"][\"locator_\"]"}},"level":"info","message":"help button is","timestamp":"2014-10-09T10:47:32.202Z"}
{"level":"info","message":"Saved screenshot","timestamp":"2014-10-09T10:47:32.933Z"}
{"level":"info","message":"Clicking the help button","timestamp":"2014-10-09T10:47:32.968Z"}
{"parentElementArrayFinder":{"locator_":{"using":"css selector","value":".zoe-btn-help"}},"elementArrayFinder_":{"locator_":{"$ref":"$[\"parentElementArrayFinder\"][\"locator_\"]"}},"level":"info","message":"help button is","timestamp":"2014-10-09T10:47:32.971Z"}
{"level":"info","message":"Got help style of display: none;","timestamp":"2014-10-09T10:47:34.514Z"}
{"level":"info","message":"Saving screenshot to images/helpClose-inline-firefox-27.0.png","timestamp":"2014-10-09T10:47:34.556Z"}
{"level":"info","message":"Saved screenshot","timestamp":"2014-10-09T10:47:36.070Z"}
{"level":"info","message":"Clicking the zoom button","timestamp":"2014-10-09T10:47:36.119Z"}
{"level":"info","message":"Saving screenshot to images/zoom-inline-firefox-27.0.png","timestamp":"2014-10-09T10:47:36.121Z"}
{"level":"info","message":"Got help style of ","timestamp":"2014-10-09T10:47:36.503Z"}
{"level":"info","message":"Saving screenshot to images/help-inline-android-18.png","timestamp":"2014-10-09T10:47:36.546Z"}
{"level":"info","message":"Saved screenshot","timestamp":"2014-10-09T10:47:38.304Z"}
{"level":"info","message":"Clicking the help button","timestamp":"2014-10-09T10:47:38.365Z"}
{"parentElementArrayFinder":{"locator_":{"using":"css selector","value":".zoe-btn-help"}},"elementArrayFinder_":{"locator_":{"$ref":"$[\"parentElementArrayFinder\"][\"locator_\"]"}},"level":"info","message":"help button is","timestamp":"2014-10-09T10:47:38.367Z"}
{"level":"info","message":"Saved screenshot","timestamp":"2014-10-09T10:47:40.688Z"}
{"level":"info","message":"Clicking the zoom button","timestamp":"2014-10-09T10:47:40.699Z"}
{"level":"info","message":"Saving screenshot to images/zoomClose-inline-firefox-27.0.png","timestamp":"2014-10-09T10:47:40.702Z"}
{"level":"info","message":"Got help style of display: none; ","timestamp":"2014-10-09T10:47:41.712Z"}
{"level":"info","message":"Saving screenshot to images/helpClose-inline-android-18.png","timestamp":"2014-10-09T10:47:41.754Z"}
{"level":"info","message":"Saved screenshot","timestamp":"2014-10-09T10:47:43.712Z"}
{"level":"info","message":"Clicking the zoom button","timestamp":"2014-10-09T10:47:43.757Z"}
{"level":"info","message":"Saving screenshot to images/zoom-inline-android-18.png","timestamp":"2014-10-09T10:47:43.760Z"}
{"level":"info","message":"Saved screenshot","timestamp":"2014-10-09T10:47:44.021Z"}
{"level":"info","message":"Opening URL: http://jenkins.zoetrope.io:8888/v3/testPopover.html","timestamp":"2014-10-09T10:47:44.037Z"}
{"level":"info","message":"Initialising file paths with browser & version","timestamp":"2014-10-09T10:47:44.037Z"}
{"level":"info","message":"Initialising file paths with browser & version","timestamp":"2014-10-09T10:47:44.037Z"}
{"level":"info","message":"Initialising file paths with browser & version","timestamp":"2014-10-09T10:47:44.037Z"}
{"level":"info","message":"Initialising file paths with browser & version","timestamp":"2014-10-09T10:47:44.037Z"}
{"level":"info","message":"Initialising file paths with browser & version","timestamp":"2014-10-09T10:47:44.037Z"}
{"level":"info","message":"Initialising file paths with browser & version","timestamp":"2014-10-09T10:47:44.037Z"}
{"level":"info","message":"Saving screenshot to images/load-popover-firefox-27.0.png","timestamp":"2014-10-09T10:47:46.406Z"}
{"level":"info","message":"Saved screenshot","timestamp":"2014-10-09T10:47:49.325Z"}
{"level":"info","message":"Clicking on widget trigger","timestamp":"2014-10-09T10:47:49.355Z"}
{"level":"info","message":"Saved screenshot","timestamp":"2014-10-09T10:47:50.904Z"}
{"level":"info","message":"Clicking the zoom button","timestamp":"2014-10-09T10:47:50.915Z"}
{"level":"info","message":"Saving screenshot to images/zoomClose-inline-android-18.png","timestamp":"2014-10-09T10:47:50.918Z"}
{"level":"info","message":"Saving screenshot to images/openWidget-popover-firefox-27.0.png","timestamp":"2014-10-09T10:47:52.444Z"}
{"level":"info","message":"Saved screenshot","timestamp":"2014-10-09T10:47:55.498Z"}
{"level":"info","message":"Clicking the help button","timestamp":"2014-10-09T10:47:55.528Z"}
{"parentElementArrayFinder":{"locator_":{"using":"css selector","value":".zoe-btn-help"}},"elementArrayFinder_":{"locator_":{"$ref":"$[\"parentElementArrayFinder\"][\"locator_\"]"}},"level":"info","message":"help button is","timestamp":"2014-10-09T10:47:55.530Z"}
{"level":"info","message":"Saved screenshot","timestamp":"2014-10-09T10:47:55.901Z"}
{"level":"info","message":"Opening URL: http://jenkins.zoetrope.io:8888/v3/testPopover.html","timestamp":"2014-10-09T10:47:55.916Z"}
{"level":"info","message":"Initialising file paths with browser & version","timestamp":"2014-10-09T10:47:55.916Z"}
{"level":"info","message":"Initialising file paths with browser & version","timestamp":"2014-10-09T10:47:55.916Z"}
{"level":"info","message":"Initialising file paths with browser & version","timestamp":"2014-10-09T10:47:55.916Z"}
{"level":"info","message":"Initialising file paths with browser & version","timestamp":"2014-10-09T10:47:55.917Z"}
{"level":"info","message":"Initialising file paths with browser & version","timestamp":"2014-10-09T10:47:55.917Z"}
{"level":"info","message":"Initialising file paths with browser & version","timestamp":"2014-10-09T10:47:55.917Z"}
{"level":"info","message":"Got help style of ","timestamp":"2014-10-09T10:47:59.020Z"}
{"level":"info","message":"Saving screenshot to images/help-popover-firefox-27.0.png","timestamp":"2014-10-09T10:47:59.062Z"}
{"level":"info","message":"Saving screenshot to images/load-popover-android-18.png","timestamp":"2014-10-09T10:48:01.454Z"}
{"level":"info","message":"Saved screenshot","timestamp":"2014-10-09T10:48:01.673Z"}
{"level":"info","message":"Clicking the help button","timestamp":"2014-10-09T10:48:01.715Z"}
{"parentElementArrayFinder":{"locator_":{"using":"css selector","value":".zoe-btn-help"}},"elementArrayFinder_":{"locator_":{"$ref":"$[\"parentElementArrayFinder\"][\"locator_\"]"}},"level":"info","message":"help button is","timestamp":"2014-10-09T10:48:01.717Z"}
{"level":"info","message":"Saved screenshot","timestamp":"2014-10-09T10:48:03.775Z"}
{"level":"info","message":"Clicking on widget trigger","timestamp":"2014-10-09T10:48:03.809Z"}
{"level":"info","message":"Got help style of display: none;","timestamp":"2014-10-09T10:48:04.295Z"}
{"level":"info","message":"Saving screenshot to images/helpClose-popover-firefox-27.0.png","timestamp":"2014-10-09T10:48:04.337Z"}
{"level":"info","message":"Saving screenshot to images/openWidget-popover-android-18.png","timestamp":"2014-10-09T10:48:06.156Z"}
{"level":"info","message":"Saved screenshot","timestamp":"2014-10-09T10:48:07.200Z"}
{"level":"info","message":"Clicking the zoom button","timestamp":"2014-10-09T10:48:07.245Z"}
{"level":"info","message":"Saving screenshot to images/zoom-popover-firefox-27.0.png","timestamp":"2014-10-09T10:48:07.248Z"}
{"level":"info","message":"Saved screenshot","timestamp":"2014-10-09T10:48:08.183Z"}
{"level":"info","message":"Clicking the help button","timestamp":"2014-10-09T10:48:08.219Z"}
{"parentElementArrayFinder":{"locator_":{"using":"css selector","value":".zoe-btn-help"}},"elementArrayFinder_":{"locator_":{"$ref":"$[\"parentElementArrayFinder\"][\"locator_\"]"}},"level":"info","message":"help button is","timestamp":"2014-10-09T10:48:08.221Z"}
{"level":"info","message":"Got help style of ","timestamp":"2014-10-09T10:48:12.470Z"}
{"level":"info","message":"Saving screenshot to images/help-popover-android-18.png","timestamp":"2014-10-09T10:48:12.513Z"}
{"level":"info","message":"Saved screenshot","timestamp":"2014-10-09T10:48:13.307Z"}
{"level":"info","message":"Clicking the zoom button","timestamp":"2014-10-09T10:48:13.317Z"}
{"level":"info","message":"Saving screenshot to images/zoomClose-popover-firefox-27.0.png","timestamp":"2014-10-09T10:48:13.320Z"}
{"level":"info","message":"Saved screenshot","timestamp":"2014-10-09T10:48:14.440Z"}
{"level":"info","message":"Clicking the help button","timestamp":"2014-10-09T10:48:14.487Z"}
{"parentElementArrayFinder":{"locator_":{"using":"css selector","value":".zoe-btn-help"}},"elementArrayFinder_":{"locator_":{"$ref":"$[\"parentElementArrayFinder\"][\"locator_\"]"}},"level":"info","message":"help button is","timestamp":"2014-10-09T10:48:14.489Z"}
{"level":"info","message":"Saved screenshot","timestamp":"2014-10-09T10:48:18.778Z"}
{"level":"info","message":"Got help style of display: none; ","timestamp":"2014-10-09T10:48:18.891Z"}
{"level":"info","message":"Saving screenshot to images/helpClose-popover-android-18.png","timestamp":"2014-10-09T10:48:18.935Z"}
{"level":"info","message":"Saved screenshot","timestamp":"2014-10-09T10:48:21.214Z"}
{"level":"info","message":"Clicking the zoom button","timestamp":"2014-10-09T10:48:21.255Z"}
{"level":"info","message":"Saving screenshot to images/zoom-popover-android-18.png","timestamp":"2014-10-09T10:48:21.258Z"}
{"level":"info","message":"Saved screenshot","timestamp":"2014-10-09T10:48:26.604Z"}
{"level":"info","message":"Clicking the zoom button","timestamp":"2014-10-09T10:48:26.616Z"}
{"level":"info","message":"Saving screenshot to images/zoomClose-popover-android-18.png","timestamp":"2014-10-09T10:48:26.619Z"}
{"takesScreenshot":true,"webdriver.remote.sessionid":"d84514532f944add84781a178ec16384","unexpectedAlertBehaviour":"dismiss","ie.browserCommandLineSwitches":"","browserAttachTimeout":0,"ie.ensureCleanSession":false,"ignoreProtectedModeSettings":false,"platform":"WINDOWS","version":"11","ignoreZoomSetting":false,"nativeEvents":true,"handlesAlerts":true,"javascriptEnabled":true,"requireWindowFocus":false,"ie.usePerProcessProxy":false,"hasMetadata":true,"initialBrowserUrl":"http://localhost:46097/","enableElementCacheCleanup":true,"cssSelectorsEnabled":true,"browserName":"internet explorer","elementScrollBehavior":0,"enablePersistentHover":true,"ie.forceCreateProcessApi":false,"level":"info","message":"","timestamp":"2014-10-09T10:48:28.383Z"}
{"level":"info","message":"undefined","timestamp":"2014-10-09T10:48:28.384Z"}
{"level":"info","message":"BROWSER IS: internet explorer","timestamp":"2014-10-09T10:48:28.384Z"}
{"level":"info","message":"Initialising file paths with browser & version","timestamp":"2014-10-09T10:48:28.384Z"}
{"level":"info","message":"Initialising file paths with browser & version","timestamp":"2014-10-09T10:48:28.384Z"}
{"level":"info","message":"Initialising file paths with browser & version","timestamp":"2014-10-09T10:48:28.384Z"}
{"level":"info","message":"Initialising file paths with browser & version","timestamp":"2014-10-09T10:48:28.384Z"}
{"level":"info","message":"Initialising file paths with browser & version","timestamp":"2014-10-09T10:48:28.384Z"}
{"level":"info","message":"Initialising file paths with browser & version","timestamp":"2014-10-09T10:48:28.384Z"}
{"level":"info","message":"Initialising file paths with browser & version","timestamp":"2014-10-09T10:48:28.384Z"}
{"level":"info","message":"Initialising file paths with browser & version","timestamp":"2014-10-09T10:48:28.384Z"}
{"level":"info","message":"Initialising file paths with browser & version","timestamp":"2014-10-09T10:48:28.384Z"}
{"level":"info","message":"Initialising file paths with browser & version","timestamp":"2014-10-09T10:48:28.384Z"}
{"level":"info","message":"Initialising file paths with browser & version","timestamp":"2014-10-09T10:48:28.384Z"}
{"level":"info","message":"Initialising file paths with browser & version","timestamp":"2014-10-09T10:48:28.384Z"}
{"level":"info","message":"Initialising file paths with browser & version","timestamp":"2014-10-09T10:48:28.384Z"}
{"level":"info","message":"Initialising file paths with browser & version","timestamp":"2014-10-09T10:48:28.384Z"}
{"level":"info","message":"Initialising file paths with browser & version","timestamp":"2014-10-09T10:48:28.384Z"}
{"level":"info","message":"Initialising file paths with browser & version","timestamp":"2014-10-09T10:48:28.384Z"}
{"level":"info","message":"Initialising file paths with browser & version","timestamp":"2014-10-09T10:48:28.384Z"}
{"level":"info","message":"Initialising file paths with browser & version","timestamp":"2014-10-09T10:48:28.384Z"}
{"level":"info","message":"Initialising file paths with browser & version","timestamp":"2014-10-09T10:48:28.384Z"}
{"level":"info","message":"Initialising file paths with browser & version","timestamp":"2014-10-09T10:48:28.384Z"}
{"level":"info","message":"Initialising file paths with browser & version","timestamp":"2014-10-09T10:48:28.384Z"}
{"level":"info","message":"Opening URL: http://jenkins.zoetrope.io:8888/v3/testInline.html","timestamp":"2014-10-09T10:48:29.796Z"}
{"level":"info","message":"Initialising file paths with browser & version","timestamp":"2014-10-09T10:48:29.796Z"}
{"level":"info","message":"Initialising file paths with browser & version","timestamp":"2014-10-09T10:48:29.797Z"}
{"level":"info","message":"Initialising file paths with browser & version","timestamp":"2014-10-09T10:48:29.797Z"}
{"level":"info","message":"Initialising file paths with browser & version","timestamp":"2014-10-09T10:48:29.797Z"}
{"level":"info","message":"Initialising file paths with browser & version","timestamp":"2014-10-09T10:48:29.797Z"}
{"level":"info","message":"Initialising file paths with browser & version","timestamp":"2014-10-09T10:48:29.797Z"}
{"level":"info","message":"Saved screenshot","timestamp":"2014-10-09T10:48:32.229Z"}
{"level":"info","message":"Saving screenshot to images/load-inline-internet explorer-11.png","timestamp":"2014-10-09T10:48:35.465Z"}
{"level":"info","message":"Saved screenshot","timestamp":"2014-10-09T10:48:39.538Z"}
{"level":"info","message":"Clicking the help button","timestamp":"2014-10-09T10:48:39.570Z"}
{"parentElementArrayFinder":{"locator_":{"using":"css selector","value":".zoe-btn-help"}},"elementArrayFinder_":{"locator_":{"$ref":"$[\"parentElementArrayFinder\"][\"locator_\"]"}},"level":"info","message":"help button is","timestamp":"2014-10-09T10:48:39.573Z"}
{"level":"info","message":"Got help style of ","timestamp":"2014-10-09T10:48:42.010Z"}
{"level":"info","message":"Saving screenshot to images/help-inline-internet explorer-11.png","timestamp":"2014-10-09T10:48:42.052Z"}
{"level":"info","message":"Saved screenshot","timestamp":"2014-10-09T10:48:45.422Z"}
{"level":"info","message":"Clicking the help button","timestamp":"2014-10-09T10:48:45.480Z"}
{"parentElementArrayFinder":{"locator_":{"using":"css selector","value":".zoe-btn-help"}},"elementArrayFinder_":{"locator_":{"$ref":"$[\"parentElementArrayFinder\"][\"locator_\"]"}},"level":"info","message":"help button is","timestamp":"2014-10-09T10:48:45.482Z"}
{"level":"info","message":"Got help style of display: none;","timestamp":"2014-10-09T10:48:47.709Z"}
{"level":"info","message":"Saving screenshot to images/helpClose-inline-internet explorer-11.png","timestamp":"2014-10-09T10:48:47.753Z"}
{"level":"info","message":"Saved screenshot","timestamp":"2014-10-09T10:48:51.455Z"}
{"level":"info","message":"Clicking the zoom button","timestamp":"2014-10-09T10:48:51.503Z"}
{"level":"info","message":"Saving screenshot to images/zoom-inline-internet explorer-11.png","timestamp":"2014-10-09T10:48:51.506Z"}
{"level":"info","message":"Saved screenshot","timestamp":"2014-10-09T10:48:59.627Z"}
{"level":"info","message":"Clicking the zoom button","timestamp":"2014-10-09T10:48:59.640Z"}
{"level":"info","message":"Saving screenshot to images/zoomClose-inline-internet explorer-11.png","timestamp":"2014-10-09T10:48:59.643Z"}
{"level":"info","message":"Saved screenshot","timestamp":"2014-10-09T10:49:06.111Z"}
{"level":"info","message":"Opening URL: http://jenkins.zoetrope.io:8888/v3/testPopover.html","timestamp":"2014-10-09T10:49:06.139Z"}
{"level":"info","message":"Initialising file paths with browser & version","timestamp":"2014-10-09T10:49:06.139Z"}
{"level":"info","message":"Initialising file paths with browser & version","timestamp":"2014-10-09T10:49:06.139Z"}
{"level":"info","message":"Initialising file paths with browser & version","timestamp":"2014-10-09T10:49:06.139Z"}
{"level":"info","message":"Initialising file paths with browser & version","timestamp":"2014-10-09T10:49:06.139Z"}
{"level":"info","message":"Initialising file paths with browser & version","timestamp":"2014-10-09T10:49:06.139Z"}
{"level":"info","message":"Initialising file paths with browser & version","timestamp":"2014-10-09T10:49:06.139Z"}
{"level":"info","message":"Saving screenshot to images/load-popover-internet explorer-11.png","timestamp":"2014-10-09T10:49:07.504Z"}
{"level":"info","message":"Saved screenshot","timestamp":"2014-10-09T10:49:09.627Z"}
{"level":"info","message":"Clicking on widget trigger","timestamp":"2014-10-09T10:49:09.664Z"}
{"level":"info","message":"Saving screenshot to images/openWidget-popover-internet explorer-11.png","timestamp":"2014-10-09T10:49:12.438Z"}
{"level":"info","message":"Saved screenshot","timestamp":"2014-10-09T10:49:14.770Z"}
{"level":"info","message":"Clicking the help button","timestamp":"2014-10-09T10:49:14.813Z"}
{"parentElementArrayFinder":{"locator_":{"using":"css selector","value":".zoe-btn-help"}},"elementArrayFinder_":{"locator_":{"$ref":"$[\"parentElementArrayFinder\"][\"locator_\"]"}},"level":"info","message":"help button is","timestamp":"2014-10-09T10:49:14.815Z"}
{"level":"info","message":"Got help style of ","timestamp":"2014-10-09T10:49:17.445Z"}
{"level":"info","message":"Saving screenshot to images/help-popover-internet explorer-11.png","timestamp":"2014-10-09T10:49:17.487Z"}
{"level":"info","message":"Saved screenshot","timestamp":"2014-10-09T10:49:19.401Z"}
{"level":"info","message":"Clicking the help button","timestamp":"2014-10-09T10:49:19.443Z"}
{"parentElementArrayFinder":{"locator_":{"using":"css selector","value":".zoe-btn-help"}},"elementArrayFinder_":{"locator_":{"$ref":"$[\"parentElementArrayFinder\"][\"locator_\"]"}},"level":"info","message":"help button is","timestamp":"2014-10-09T10:49:19.445Z"}
{"takesScreenshot":true,"version":"6.1","cssSelectorsEnabled":true,"javascriptEnabled":true,"databaseEnabled":true,"locationContextEnabled":true,"platform":"MAC","browserName":"iPhone","webdriver.remote.sessionid":"72b54e7f3ff443d1890089f45bf258c4","hasMetadata":true,"webStorageEnabled":true,"level":"info","message":"","timestamp":"2014-10-09T10:49:19.448Z"}
{"level":"info","message":"undefined","timestamp":"2014-10-09T10:49:19.448Z"}
{"level":"info","message":"BROWSER IS: iPhone","timestamp":"2014-10-09T10:49:19.448Z"}
{"level":"info","message":"Initialising file paths with browser & version","timestamp":"2014-10-09T10:49:19.448Z"}
{"level":"info","message":"Initialising file paths with browser & version","timestamp":"2014-10-09T10:49:19.448Z"}
{"level":"info","message":"Initialising file paths with browser & version","timestamp":"2014-10-09T10:49:19.448Z"}
{"level":"info","message":"Initialising file paths with browser & version","timestamp":"2014-10-09T10:49:19.448Z"}
{"level":"info","message":"Initialising file paths with browser & version","timestamp":"2014-10-09T10:49:19.449Z"}
{"level":"info","message":"Initialising file paths with browser & version","timestamp":"2014-10-09T10:49:19.449Z"}
{"level":"info","message":"Initialising file paths with browser & version","timestamp":"2014-10-09T10:49:19.449Z"}
{"level":"info","message":"Initialising file paths with browser & version","timestamp":"2014-10-09T10:49:19.449Z"}
{"level":"info","message":"Initialising file paths with browser & version","timestamp":"2014-10-09T10:49:19.449Z"}
{"level":"info","message":"Initialising file paths with browser & version","timestamp":"2014-10-09T10:49:19.449Z"}
{"level":"info","message":"Initialising file paths with browser & version","timestamp":"2014-10-09T10:49:19.449Z"}
{"level":"info","message":"Initialising file paths with browser & version","timestamp":"2014-10-09T10:49:19.449Z"}
{"level":"info","message":"Initialising file paths with browser & version","timestamp":"2014-10-09T10:49:19.449Z"}
{"level":"info","message":"Initialising file paths with browser & version","timestamp":"2014-10-09T10:49:19.449Z"}
{"level":"info","message":"Initialising file paths with browser & version","timestamp":"2014-10-09T10:49:19.449Z"}
{"level":"info","message":"Initialising file paths with browser & version","timestamp":"2014-10-09T10:49:19.449Z"}
{"level":"info","message":"Initialising file paths with browser & version","timestamp":"2014-10-09T10:49:19.449Z"}
{"level":"info","message":"Initialising file paths with browser & version","timestamp":"2014-10-09T10:49:19.449Z"}
{"level":"info","message":"Initialising file paths with browser & version","timestamp":"2014-10-09T10:49:19.449Z"}
{"level":"info","message":"Initialising file paths with browser & version","timestamp":"2014-10-09T10:49:19.449Z"}
{"level":"info","message":"Initialising file paths with browser & version","timestamp":"2014-10-09T10:49:19.449Z"}
{"level":"info","message":"Opening URL: http://jenkins.zoetrope.io:8888/v3/testInline.html","timestamp":"2014-10-09T10:49:21.058Z"}
{"level":"info","message":"Initialising file paths with browser & version","timestamp":"2014-10-09T10:49:21.058Z"}
{"level":"info","message":"Initialising file paths with browser & version","timestamp":"2014-10-09T10:49:21.058Z"}
{"level":"info","message":"Initialising file paths with browser & version","timestamp":"2014-10-09T10:49:21.058Z"}
{"level":"info","message":"Initialising file paths with browser & version","timestamp":"2014-10-09T10:49:21.058Z"}
{"level":"info","message":"Initialising file paths with browser & version","timestamp":"2014-10-09T10:49:21.058Z"}
{"level":"info","message":"Initialising file paths with browser & version","timestamp":"2014-10-09T10:49:21.058Z"}
{"level":"info","message":"Got help style of display: none;","timestamp":"2014-10-09T10:49:22.007Z"}
{"level":"info","message":"Saving screenshot to images/helpClose-popover-internet explorer-11.png","timestamp":"2014-10-09T10:49:22.048Z"}
{"level":"info","message":"Saved screenshot","timestamp":"2014-10-09T10:49:24.268Z"}
{"level":"info","message":"Clicking the zoom button","timestamp":"2014-10-09T10:49:24.323Z"}
{"level":"info","message":"Saving screenshot to images/zoom-popover-internet explorer-11.png","timestamp":"2014-10-09T10:49:24.325Z"}
{"level":"info","message":"Saving screenshot to images/load-inline-iPhone-6.1.png","timestamp":"2014-10-09T10:49:25.654Z"}
{"level":"info","message":"Saved screenshot","timestamp":"2014-10-09T10:49:28.367Z"}
{"level":"info","message":"Clicking the help button","timestamp":"2014-10-09T10:49:28.400Z"}
{"parentElementArrayFinder":{"locator_":{"using":"css selector","value":".zoe-btn-help"}},"elementArrayFinder_":{"locator_":{"$ref":"$[\"parentElementArrayFinder\"][\"locator_\"]"}},"level":"info","message":"help button is","timestamp":"2014-10-09T10:49:28.402Z"}
{"level":"info","message":"Saved screenshot","timestamp":"2014-10-09T10:49:29.725Z"}
{"level":"info","message":"Clicking the zoom button","timestamp":"2014-10-09T10:49:29.737Z"}
{"level":"info","message":"Saving screenshot to images/zoomClose-popover-internet explorer-11.png","timestamp":"2014-10-09T10:49:29.741Z"}
{"level":"info","message":"Got help style of ","timestamp":"2014-10-09T10:49:31.586Z"}
{"level":"info","message":"Saving screenshot to images/help-inline-iPhone-6.1.png","timestamp":"2014-10-09T10:49:31.629Z"}
{"level":"info","message":"Saved screenshot","timestamp":"2014-10-09T10:49:33.371Z"}
{"level":"info","message":"Clicking the help button","timestamp":"2014-10-09T10:49:33.432Z"}
{"parentElementArrayFinder":{"locator_":{"using":"css selector","value":".zoe-btn-help"}},"elementArrayFinder_":{"locator_":{"$ref":"$[\"parentElementArrayFinder\"][\"locator_\"]"}},"level":"info","message":"help button is","timestamp":"2014-10-09T10:49:33.434Z"}
{"level":"info","message":"Saved screenshot","timestamp":"2014-10-09T10:49:34.151Z"}
{"level":"info","message":"Got help style of display: none; ","timestamp":"2014-10-09T10:49:36.418Z"}
{"level":"info","message":"Saving screenshot to images/helpClose-inline-iPhone-6.1.png","timestamp":"2014-10-09T10:49:36.460Z"}
{"level":"info","message":"Saved screenshot","timestamp":"2014-10-09T10:49:38.970Z"}
{"level":"info","message":"Clicking the zoom button","timestamp":"2014-10-09T10:49:39.015Z"}
{"level":"info","message":"Saving screenshot to images/zoom-inline-iPhone-6.1.png","timestamp":"2014-10-09T10:49:39.017Z"}
{"level":"info","message":"Saved screenshot","timestamp":"2014-10-09T10:49:47.990Z"}
{"level":"info","message":"Clicking the zoom button","timestamp":"2014-10-09T10:49:48.002Z"}
{"level":"info","message":"Saving screenshot to images/zoomClose-inline-iPhone-6.1.png","timestamp":"2014-10-09T10:49:48.005Z"}
{"level":"info","message":"Saved screenshot","timestamp":"2014-10-09T10:49:54.190Z"}
{"level":"info","message":"Opening URL: http://jenkins.zoetrope.io:8888/v3/testPopover.html","timestamp":"2014-10-09T10:49:54.203Z"}
{"level":"info","message":"Initialising file paths with browser & version","timestamp":"2014-10-09T10:49:54.203Z"}
{"level":"info","message":"Initialising file paths with browser & version","timestamp":"2014-10-09T10:49:54.203Z"}
{"level":"info","message":"Initialising file paths with browser & version","timestamp":"2014-10-09T10:49:54.203Z"}
{"level":"info","message":"Initialising file paths with browser & version","timestamp":"2014-10-09T10:49:54.203Z"}
{"level":"info","message":"Initialising file paths with browser & version","timestamp":"2014-10-09T10:49:54.203Z"}
{"level":"info","message":"Initialising file paths with browser & version","timestamp":"2014-10-09T10:49:54.203Z"}
{"level":"info","message":"Saving screenshot to images/load-popover-iPhone-6.1.png","timestamp":"2014-10-09T10:49:55.559Z"}
{"level":"info","message":"Saved screenshot","timestamp":"2014-10-09T10:49:58.648Z"}
{"level":"info","message":"Clicking on widget trigger","timestamp":"2014-10-09T10:49:58.678Z"}
{"level":"info","message":"Saving screenshot to images/openWidget-popover-iPhone-6.1.png","timestamp":"2014-10-09T10:50:01.273Z"}
{"level":"info","message":"Saved screenshot","timestamp":"2014-10-09T10:50:04.735Z"}
{"level":"info","message":"Clicking the help button","timestamp":"2014-10-09T10:50:04.779Z"}
{"parentElementArrayFinder":{"locator_":{"using":"css selector","value":".zoe-btn-help"}},"elementArrayFinder_":{"locator_":{"$ref":"$[\"parentElementArrayFinder\"][\"locator_\"]"}},"level":"info","message":"help button is","timestamp":"2014-10-09T10:50:04.780Z"}
{"level":"info","message":"Got help style of ","timestamp":"2014-10-09T10:50:07.861Z"}
{"level":"info","message":"Saving screenshot to images/help-popover-iPhone-6.1.png","timestamp":"2014-10-09T10:50:07.904Z"}
{"level":"info","message":"Saved screenshot","timestamp":"2014-10-09T10:50:09.618Z"}
{"level":"info","message":"Clicking the help button","timestamp":"2014-10-09T10:50:09.660Z"}
{"parentElementArrayFinder":{"locator_":{"using":"css selector","value":".zoe-btn-help"}},"elementArrayFinder_":{"locator_":{"$ref":"$[\"parentElementArrayFinder\"][\"locator_\"]"}},"level":"info","message":"help button is","timestamp":"2014-10-09T10:50:09.661Z"}
{"level":"info","message":"Got help style of display: none; ","timestamp":"2014-10-09T10:50:12.662Z"}
{"level":"info","message":"Saving screenshot to images/helpClose-popover-iPhone-6.1.png","timestamp":"2014-10-09T10:50:12.706Z"}
{"level":"info","message":"Saved screenshot","timestamp":"2014-10-09T10:50:14.422Z"}
{"level":"info","message":"Clicking the zoom button","timestamp":"2014-10-09T10:50:14.467Z"}
{"level":"info","message":"Saving screenshot to images/zoom-popover-iPhone-6.1.png","timestamp":"2014-10-09T10:50:14.470Z"}
{"takesScreenshot":true,"version":"6.1","cssSelectorsEnabled":true,"javascriptEnabled":true,"databaseEnabled":true,"locationContextEnabled":true,"platform":"MAC","browserName":"iPad","webdriver.remote.sessionid":"a6d00fb63988488fa55c353dc8873cfb","hasMetadata":true,"webStorageEnabled":true,"level":"info","message":"","timestamp":"2014-10-09T10:50:19.980Z"}
{"level":"info","message":"undefined","timestamp":"2014-10-09T10:50:19.981Z"}
{"level":"info","message":"BROWSER IS: iPad","timestamp":"2014-10-09T10:50:19.981Z"}
{"level":"info","message":"Initialising file paths with browser & version","timestamp":"2014-10-09T10:50:19.981Z"}
{"level":"info","message":"Initialising file paths with browser & version","timestamp":"2014-10-09T10:50:19.981Z"}
{"level":"info","message":"Initialising file paths with browser & version","timestamp":"2014-10-09T10:50:19.981Z"}
{"level":"info","message":"Initialising file paths with browser & version","timestamp":"2014-10-09T10:50:19.981Z"}
{"level":"info","message":"Initialising file paths with browser & version","timestamp":"2014-10-09T10:50:19.981Z"}
{"level":"info","message":"Initialising file paths with browser & version","timestamp":"2014-10-09T10:50:19.981Z"}
{"level":"info","message":"Initialising file paths with browser & version","timestamp":"2014-10-09T10:50:19.981Z"}
{"level":"info","message":"Initialising file paths with browser & version","timestamp":"2014-10-09T10:50:19.981Z"}
{"level":"info","message":"Initialising file paths with browser & version","timestamp":"2014-10-09T10:50:19.981Z"}
{"level":"info","message":"Initialising file paths with browser & version","timestamp":"2014-10-09T10:50:19.981Z"}
{"level":"info","message":"Initialising file paths with browser & version","timestamp":"2014-10-09T10:50:19.981Z"}
{"level":"info","message":"Initialising file paths with browser & version","timestamp":"2014-10-09T10:50:19.981Z"}
{"level":"info","message":"Initialising file paths with browser & version","timestamp":"2014-10-09T10:50:19.981Z"}
{"level":"info","message":"Initialising file paths with browser & version","timestamp":"2014-10-09T10:50:19.982Z"}
{"level":"info","message":"Initialising file paths with browser & version","timestamp":"2014-10-09T10:50:19.982Z"}
{"level":"info","message":"Initialising file paths with browser & version","timestamp":"2014-10-09T10:50:19.982Z"}
{"level":"info","message":"Initialising file paths with browser & version","timestamp":"2014-10-09T10:50:19.982Z"}
{"level":"info","message":"Initialising file paths with browser & version","timestamp":"2014-10-09T10:50:19.982Z"}
{"level":"info","message":"Initialising file paths with browser & version","timestamp":"2014-10-09T10:50:19.982Z"}
{"level":"info","message":"Initialising file paths with browser & version","timestamp":"2014-10-09T10:50:19.982Z"}
{"level":"info","message":"Initialising file paths with browser & version","timestamp":"2014-10-09T10:50:19.982Z"}
{"level":"info","message":"Saved screenshot","timestamp":"2014-10-09T10:50:20.530Z"}
{"level":"info","message":"Clicking the zoom button","timestamp":"2014-10-09T10:50:20.554Z"}
{"level":"info","message":"Saving screenshot to images/zoomClose-popover-iPhone-6.1.png","timestamp":"2014-10-09T10:50:20.557Z"}
{"level":"info","message":"Opening URL: http://jenkins.zoetrope.io:8888/v3/testInline.html","timestamp":"2014-10-09T10:50:21.617Z"}
{"level":"info","message":"Initialising file paths with browser & version","timestamp":"2014-10-09T10:50:21.617Z"}
{"level":"info","message":"Initialising file paths with browser & version","timestamp":"2014-10-09T10:50:21.617Z"}
{"level":"info","message":"Initialising file paths with browser & version","timestamp":"2014-10-09T10:50:21.617Z"}
{"level":"info","message":"Initialising file paths with browser & version","timestamp":"2014-10-09T10:50:21.617Z"}
{"level":"info","message":"Initialising file paths with browser & version","timestamp":"2014-10-09T10:50:21.617Z"}
{"level":"info","message":"Initialising file paths with browser & version","timestamp":"2014-10-09T10:50:21.617Z"}
{"level":"info","message":"Saved screenshot","timestamp":"2014-10-09T10:50:25.196Z"}
{"level":"info","message":"Saving screenshot to images/load-inline-iPad-6.1.png","timestamp":"2014-10-09T10:50:26.232Z"}
{"level":"info","message":"Saved screenshot","timestamp":"2014-10-09T10:50:28.980Z"}
{"level":"info","message":"Clicking the help button","timestamp":"2014-10-09T10:50:29.011Z"}
{"parentElementArrayFinder":{"locator_":{"using":"css selector","value":".zoe-btn-help"}},"elementArrayFinder_":{"locator_":{"$ref":"$[\"parentElementArrayFinder\"][\"locator_\"]"}},"level":"info","message":"help button is","timestamp":"2014-10-09T10:50:29.013Z"}
{"level":"info","message":"Got help style of ","timestamp":"2014-10-09T10:50:32.131Z"}
{"level":"info","message":"Saving screenshot to images/help-inline-iPad-6.1.png","timestamp":"2014-10-09T10:50:32.176Z"}
{"level":"info","message":"Saved screenshot","timestamp":"2014-10-09T10:50:34.948Z"}
{"level":"info","message":"Clicking the help button","timestamp":"2014-10-09T10:50:34.992Z"}
{"parentElementArrayFinder":{"locator_":{"using":"css selector","value":".zoe-btn-help"}},"elementArrayFinder_":{"locator_":{"$ref":"$[\"parentElementArrayFinder\"][\"locator_\"]"}},"level":"info","message":"help button is","timestamp":"2014-10-09T10:50:34.994Z"}
{"level":"info","message":"Got help style of display: none; ","timestamp":"2014-10-09T10:50:41.014Z"}
{"level":"info","message":"Saving screenshot to images/helpClose-inline-iPad-6.1.png","timestamp":"2014-10-09T10:50:41.056Z"}
{"level":"info","message":"Saved screenshot","timestamp":"2014-10-09T10:50:44.404Z"}
{"level":"info","message":"Clicking the zoom button","timestamp":"2014-10-09T10:50:44.458Z"}
{"level":"info","message":"Saving screenshot to images/zoom-inline-iPad-6.1.png","timestamp":"2014-10-09T10:50:44.461Z"}
{"takesScreenshot":true,"version":"6.0.5","cssSelectorsEnabled":true,"javascriptEnabled":true,"browserName":"safari","platform":"MAC","secureSsl":true,"webdriver.remote.sessionid":"e22d71ea55554fd5b4616d81a4eb3648","hasMetadata":true,"level":"info","message":"","timestamp":"2014-10-09T10:50:44.779Z"}
{"level":"info","message":"undefined","timestamp":"2014-10-09T10:50:44.779Z"}
{"level":"info","message":"BROWSER IS: safari","timestamp":"2014-10-09T10:50:44.779Z"}
{"level":"info","message":"Initialising file paths with browser & version","timestamp":"2014-10-09T10:50:44.779Z"}
{"level":"info","message":"Initialising file paths with browser & version","timestamp":"2014-10-09T10:50:44.780Z"}
{"level":"info","message":"Initialising file paths with browser & version","timestamp":"2014-10-09T10:50:44.780Z"}
{"level":"info","message":"Initialising file paths with browser & version","timestamp":"2014-10-09T10:50:44.780Z"}
{"level":"info","message":"Initialising file paths with browser & version","timestamp":"2014-10-09T10:50:44.780Z"}
{"level":"info","message":"Initialising file paths with browser & version","timestamp":"2014-10-09T10:50:44.780Z"}
{"level":"info","message":"Initialising file paths with browser & version","timestamp":"2014-10-09T10:50:44.780Z"}
{"level":"info","message":"Initialising file paths with browser & version","timestamp":"2014-10-09T10:50:44.780Z"}
{"level":"info","message":"Initialising file paths with browser & version","timestamp":"2014-10-09T10:50:44.780Z"}
{"level":"info","message":"Initialising file paths with browser & version","timestamp":"2014-10-09T10:50:44.780Z"}
{"level":"info","message":"Initialising file paths with browser & version","timestamp":"2014-10-09T10:50:44.780Z"}
{"level":"info","message":"Initialising file paths with browser & version","timestamp":"2014-10-09T10:50:44.780Z"}
{"level":"info","message":"Initialising file paths with browser & version","timestamp":"2014-10-09T10:50:44.780Z"}
{"level":"info","message":"Initialising file paths with browser & version","timestamp":"2014-10-09T10:50:44.780Z"}
{"level":"info","message":"Initialising file paths with browser & version","timestamp":"2014-10-09T10:50:44.780Z"}
{"level":"info","message":"Initialising file paths with browser & version","timestamp":"2014-10-09T10:50:44.780Z"}
{"level":"info","message":"Initialising file paths with browser & version","timestamp":"2014-10-09T10:50:44.780Z"}
{"level":"info","message":"Initialising file paths with browser & version","timestamp":"2014-10-09T10:50:44.780Z"}
{"level":"info","message":"Initialising file paths with browser & version","timestamp":"2014-10-09T10:50:44.780Z"}
{"level":"info","message":"Initialising file paths with browser & version","timestamp":"2014-10-09T10:50:44.780Z"}
{"level":"info","message":"Initialising file paths with browser & version","timestamp":"2014-10-09T10:50:44.780Z"}
{"level":"info","message":"Opening URL: http://jenkins.zoetrope.io:8888/v3/testInline.html","timestamp":"2014-10-09T10:50:46.221Z"}
{"level":"info","message":"Initialising file paths with browser & version","timestamp":"2014-10-09T10:50:46.221Z"}
{"level":"info","message":"Initialising file paths with browser & version","timestamp":"2014-10-09T10:50:46.221Z"}
{"level":"info","message":"Initialising file paths with browser & version","timestamp":"2014-10-09T10:50:46.221Z"}
{"level":"info","message":"Initialising file paths with browser & version","timestamp":"2014-10-09T10:50:46.221Z"}
{"level":"info","message":"Initialising file paths with browser & version","timestamp":"2014-10-09T10:50:46.221Z"}
{"level":"info","message":"Initialising file paths with browser & version","timestamp":"2014-10-09T10:50:46.221Z"}
{"level":"info","message":"Saving screenshot to images/load-inline-safari-6.0.5.png","timestamp":"2014-10-09T10:50:51.428Z"}
{"level":"info","message":"Saved screenshot","timestamp":"2014-10-09T10:50:52.364Z"}
{"level":"info","message":"Clicking the zoom button","timestamp":"2014-10-09T10:50:52.375Z"}
{"level":"info","message":"Saving screenshot to images/zoomClose-inline-iPad-6.1.png","timestamp":"2014-10-09T10:50:52.379Z"}
{"level":"info","message":"Saved screenshot","timestamp":"2014-10-09T10:50:54.134Z"}
{"level":"info","message":"Clicking the help button","timestamp":"2014-10-09T10:50:54.166Z"}
{"parentElementArrayFinder":{"locator_":{"using":"css selector","value":".zoe-btn-help"}},"elementArrayFinder_":{"locator_":{"$ref":"$[\"parentElementArrayFinder\"][\"locator_\"]"}},"level":"info","message":"help button is","timestamp":"2014-10-09T10:50:54.168Z"}
{"level":"info","message":"Got help style of ","timestamp":"2014-10-09T10:50:56.330Z"}
{"level":"info","message":"Saving screenshot to images/help-inline-safari-6.0.5.png","timestamp":"2014-10-09T10:50:56.373Z"}
{"level":"info","message":"Saved screenshot","timestamp":"2014-10-09T10:50:56.694Z"}
{"level":"info","message":"Opening URL: http://jenkins.zoetrope.io:8888/v3/testPopover.html","timestamp":"2014-10-09T10:50:56.705Z"}
{"level":"info","message":"Initialising file paths with browser & version","timestamp":"2014-10-09T10:50:56.705Z"}
{"level":"info","message":"Initialising file paths with browser & version","timestamp":"2014-10-09T10:50:56.705Z"}
{"level":"info","message":"Initialising file paths with browser & version","timestamp":"2014-10-09T10:50:56.705Z"}
{"level":"info","message":"Initialising file paths with browser & version","timestamp":"2014-10-09T10:50:56.705Z"}
{"level":"info","message":"Initialising file paths with browser & version","timestamp":"2014-10-09T10:50:56.705Z"}
{"level":"info","message":"Initialising file paths with browser & version","timestamp":"2014-10-09T10:50:56.705Z"}
{"level":"info","message":"Saving screenshot to images/load-popover-iPad-6.1.png","timestamp":"2014-10-09T10:50:57.982Z"}
{"level":"info","message":"Saved screenshot","timestamp":"2014-10-09T10:50:58.096Z"}
{"level":"info","message":"Clicking the help button","timestamp":"2014-10-09T10:50:58.156Z"}
{"parentElementArrayFinder":{"locator_":{"using":"css selector","value":".zoe-btn-help"}},"elementArrayFinder_":{"locator_":{"$ref":"$[\"parentElementArrayFinder\"][\"locator_\"]"}},"level":"info","message":"help button is","timestamp":"2014-10-09T10:50:58.158Z"}
{"level":"info","message":"Saved screenshot","timestamp":"2014-10-09T10:51:02.617Z"}
{"level":"info","message":"Clicking on widget trigger","timestamp":"2014-10-09T10:51:02.649Z"}
{"level":"info","message":"Got help style of display: none; ","timestamp":"2014-10-09T10:51:02.878Z"}
{"level":"info","message":"Saving screenshot to images/helpClose-inline-safari-6.0.5.png","timestamp":"2014-10-09T10:51:02.921Z"}
{"level":"info","message":"Saved screenshot","timestamp":"2014-10-09T10:51:04.671Z"}
{"level":"info","message":"Saving screenshot to images/openWidget-popover-iPad-6.1.png","timestamp":"2014-10-09T10:51:04.673Z"}
{"level":"info","message":"Clicking the zoom button","timestamp":"2014-10-09T10:51:04.714Z"}
{"level":"info","message":"Saving screenshot to images/zoom-inline-safari-6.0.5.png","timestamp":"2014-10-09T10:51:04.716Z"}
{"level":"info","message":"Saved screenshot","timestamp":"2014-10-09T10:51:07.205Z"}
{"level":"info","message":"Clicking the help button","timestamp":"2014-10-09T10:51:07.239Z"}
{"parentElementArrayFinder":{"locator_":{"using":"css selector","value":".zoe-btn-help"}},"elementArrayFinder_":{"locator_":{"$ref":"$[\"parentElementArrayFinder\"][\"locator_\"]"}},"level":"info","message":"help button is","timestamp":"2014-10-09T10:51:07.241Z"}
{"level":"info","message":"Saved screenshot","timestamp":"2014-10-09T10:51:09.477Z"}
{"level":"info","message":"Clicking the zoom button","timestamp":"2014-10-09T10:51:09.488Z"}
{"level":"info","message":"Saving screenshot to images/zoomClose-inline-safari-6.0.5.png","timestamp":"2014-10-09T10:51:09.491Z"}
{"level":"info","message":"Got help style of ","timestamp":"2014-10-09T10:51:10.513Z"}
{"level":"info","message":"Saving screenshot to images/help-popover-iPad-6.1.png","timestamp":"2014-10-09T10:51:10.556Z"}
{"level":"info","message":"Saved screenshot","timestamp":"2014-10-09T10:51:12.498Z"}
{"level":"info","message":"Clicking the help button","timestamp":"2014-10-09T10:51:12.542Z"}
{"parentElementArrayFinder":{"locator_":{"using":"css selector","value":".zoe-btn-help"}},"elementArrayFinder_":{"locator_":{"$ref":"$[\"parentElementArrayFinder\"][\"locator_\"]"}},"level":"info","message":"help button is","timestamp":"2014-10-09T10:51:12.544Z"}
{"level":"info","message":"Saved screenshot","timestamp":"2014-10-09T10:51:12.838Z"}
{"level":"info","message":"Opening URL: http://jenkins.zoetrope.io:8888/v3/testPopover.html","timestamp":"2014-10-09T10:51:12.849Z"}
{"level":"info","message":"Initialising file paths with browser & version","timestamp":"2014-10-09T10:51:12.849Z"}
{"level":"info","message":"Initialising file paths with browser & version","timestamp":"2014-10-09T10:51:12.849Z"}
{"level":"info","message":"Initialising file paths with browser & version","timestamp":"2014-10-09T10:51:12.849Z"}
{"level":"info","message":"Initialising file paths with browser & version","timestamp":"2014-10-09T10:51:12.849Z"}
{"level":"info","message":"Initialising file paths with browser & version","timestamp":"2014-10-09T10:51:12.849Z"}
{"level":"info","message":"Initialising file paths with browser & version","timestamp":"2014-10-09T10:51:12.849Z"}
{"level":"info","message":"Saving screenshot to images/load-popover-safari-6.0.5.png","timestamp":"2014-10-09T10:51:13.860Z"}
{"level":"info","message":"Got help style of display: none; ","timestamp":"2014-10-09T10:51:15.630Z"}
{"level":"info","message":"Saving screenshot to images/helpClose-popover-iPad-6.1.png","timestamp":"2014-10-09T10:51:15.672Z"}
{"level":"info","message":"Saved screenshot","timestamp":"2014-10-09T10:51:16.451Z"}
{"level":"info","message":"Clicking on widget trigger","timestamp":"2014-10-09T10:51:16.485Z"}
{"level":"info","message":"Saved screenshot","timestamp":"2014-10-09T10:51:17.861Z"}
{"level":"info","message":"Clicking the zoom button","timestamp":"2014-10-09T10:51:17.916Z"}
{"level":"info","message":"Saving screenshot to images/zoom-popover-iPad-6.1.png","timestamp":"2014-10-09T10:51:17.918Z"}
{"level":"info","message":"Saving screenshot to images/openWidget-popover-safari-6.0.5.png","timestamp":"2014-10-09T10:51:18.033Z"}
{"level":"info","message":"Saved screenshot","timestamp":"2014-10-09T10:51:21.123Z"}
{"level":"info","message":"Clicking the help button","timestamp":"2014-10-09T10:51:21.167Z"}
{"parentElementArrayFinder":{"locator_":{"using":"css selector","value":".zoe-btn-help"}},"elementArrayFinder_":{"locator_":{"$ref":"$[\"parentElementArrayFinder\"][\"locator_\"]"}},"level":"info","message":"help button is","timestamp":"2014-10-09T10:51:21.169Z"}
{"level":"info","message":"Got help style of ","timestamp":"2014-10-09T10:51:23.437Z"}
{"level":"info","message":"Saving screenshot to images/help-popover-safari-6.0.5.png","timestamp":"2014-10-09T10:51:23.479Z"}
{"level":"info","message":"Saved screenshot","timestamp":"2014-10-09T10:51:24.416Z"}
{"level":"info","message":"Clicking the zoom button","timestamp":"2014-10-09T10:51:24.431Z"}
{"level":"info","message":"Saving screenshot to images/zoomClose-popover-iPad-6.1.png","timestamp":"2014-10-09T10:51:24.439Z"}
{"level":"info","message":"Saved screenshot","timestamp":"2014-10-09T10:51:27.483Z"}
{"level":"info","message":"Clicking the help button","timestamp":"2014-10-09T10:51:27.525Z"}
{"parentElementArrayFinder":{"locator_":{"using":"css selector","value":".zoe-btn-help"}},"elementArrayFinder_":{"locator_":{"$ref":"$[\"parentElementArrayFinder\"][\"locator_\"]"}},"level":"info","message":"help button is","timestamp":"2014-10-09T10:51:27.527Z"}
{"level":"info","message":"Got help style of display: none; ","timestamp":"2014-10-09T10:51:29.672Z"}
{"level":"info","message":"Saving screenshot to images/helpClose-popover-safari-6.0.5.png","timestamp":"2014-10-09T10:51:29.714Z"}
{"level":"info","message":"Saved screenshot","timestamp":"2014-10-09T10:51:30.849Z"}
{"level":"info","message":"Saved screenshot","timestamp":"2014-10-09T10:51:33.160Z"}
{"level":"info","message":"Clicking the zoom button","timestamp":"2014-10-09T10:51:33.201Z"}
{"level":"info","message":"Saving screenshot to images/zoom-popover-safari-6.0.5.png","timestamp":"2014-10-09T10:51:33.203Z"}
{"level":"info","message":"Saved screenshot","timestamp":"2014-10-09T10:51:40.280Z"}
{"level":"info","message":"Clicking the zoom button","timestamp":"2014-10-09T10:51:40.291Z"}
{"level":"info","message":"Saving screenshot to images/zoomClose-popover-safari-6.0.5.png","timestamp":"2014-10-09T10:51:40.293Z"}
{"rotatable":false,"browserConnectionEnabled":false,"acceptSslCerts":true,"cssSelectorsEnabled":true,"chrome":{"chromedriverVersion":"2.4.226107"},"javascriptEnabled":true,"version":"30.0.1599.65","webdriver.remote.sessionid":"74cc2726074b4efb8dc9ee0f07db52b7","databaseEnabled":true,"locationContextEnabled":true,"platform":"Windows NT","browserName":"chrome","takesScreenshot":true,"hasMetadata":true,"nativeEvents":true,"applicationCacheEnabled":false,"webStorageEnabled":true,"handlesAlerts":true,"level":"info","message":"","timestamp":"2014-10-09T10:51:43.680Z"}
{"level":"info","message":"undefined","timestamp":"2014-10-09T10:51:43.680Z"}
{"level":"info","message":"BROWSER IS: chrome","timestamp":"2014-10-09T10:51:43.681Z"}
{"level":"info","message":"Initialising file paths with browser & version","timestamp":"2014-10-09T10:51:43.681Z"}
{"level":"info","message":"Initialising file paths with browser & version","timestamp":"2014-10-09T10:51:43.681Z"}
{"level":"info","message":"Initialising file paths with browser & version","timestamp":"2014-10-09T10:51:43.681Z"}
{"level":"info","message":"Initialising file paths with browser & version","timestamp":"2014-10-09T10:51:43.681Z"}
{"level":"info","message":"Initialising file paths with browser & version","timestamp":"2014-10-09T10:51:43.681Z"}
{"level":"info","message":"Initialising file paths with browser & version","timestamp":"2014-10-09T10:51:43.681Z"}
{"level":"info","message":"Initialising file paths with browser & version","timestamp":"2014-10-09T10:51:43.681Z"}
{"level":"info","message":"Initialising file paths with browser & version","timestamp":"2014-10-09T10:51:43.681Z"}
{"level":"info","message":"Initialising file paths with browser & version","timestamp":"2014-10-09T10:51:43.681Z"}
{"level":"info","message":"Initialising file paths with browser & version","timestamp":"2014-10-09T10:51:43.681Z"}
{"level":"info","message":"Initialising file paths with browser & version","timestamp":"2014-10-09T10:51:43.681Z"}
{"level":"info","message":"Initialising file paths with browser & version","timestamp":"2014-10-09T10:51:43.681Z"}
{"level":"info","message":"Initialising file paths with browser & version","timestamp":"2014-10-09T10:51:43.681Z"}
{"level":"info","message":"Initialising file paths with browser & version","timestamp":"2014-10-09T10:51:43.681Z"}
{"level":"info","message":"Initialising file paths with browser & version","timestamp":"2014-10-09T10:51:43.681Z"}
{"level":"info","message":"Initialising file paths with browser & version","timestamp":"2014-10-09T10:51:43.681Z"}
{"level":"info","message":"Initialising file paths with browser & version","timestamp":"2014-10-09T10:51:43.681Z"}
{"level":"info","message":"Initialising file paths with browser & version","timestamp":"2014-10-09T10:51:43.681Z"}
{"level":"info","message":"Initialising file paths with browser & version","timestamp":"2014-10-09T10:51:43.681Z"}
{"level":"info","message":"Initialising file paths with browser & version","timestamp":"2014-10-09T10:51:43.681Z"}
{"level":"info","message":"Initialising file paths with browser & version","timestamp":"2014-10-09T10:51:43.681Z"}
{"level":"info","message":"Opening URL: http://jenkins.zoetrope.io:8888/v3/testInline.html","timestamp":"2014-10-09T10:51:45.098Z"}
{"level":"info","message":"Initialising file paths with browser & version","timestamp":"2014-10-09T10:51:45.098Z"}
{"level":"info","message":"Initialising file paths with browser & version","timestamp":"2014-10-09T10:51:45.098Z"}
{"level":"info","message":"Initialising file paths with browser & version","timestamp":"2014-10-09T10:51:45.098Z"}
{"level":"info","message":"Initialising file paths with browser & version","timestamp":"2014-10-09T10:51:45.098Z"}
{"level":"info","message":"Initialising file paths with browser & version","timestamp":"2014-10-09T10:51:45.098Z"}
{"level":"info","message":"Initialising file paths with browser & version","timestamp":"2014-10-09T10:51:45.098Z"}
{"level":"info","message":"Saved screenshot","timestamp":"2014-10-09T10:51:45.160Z"}
{"level":"info","message":"Saving screenshot to images/load-inline-chrome-30.0.1599.65.png","timestamp":"2014-10-09T10:51:49.361Z"}
{"level":"info","message":"Saved screenshot","timestamp":"2014-10-09T10:51:50.991Z"}
{"level":"info","message":"Clicking the help button","timestamp":"2014-10-09T10:51:51.026Z"}
{"parentElementArrayFinder":{"locator_":{"using":"css selector","value":".zoe-btn-help"}},"elementArrayFinder_":{"locator_":{"$ref":"$[\"parentElementArrayFinder\"][\"locator_\"]"}},"level":"info","message":"help button is","timestamp":"2014-10-09T10:51:51.028Z"}
{"level":"info","message":"Got help style of ","timestamp":"2014-10-09T10:51:53.225Z"}
{"level":"info","message":"Saving screenshot to images/help-inline-chrome-30.0.1599.65.png","timestamp":"2014-10-09T10:51:53.267Z"}
{"level":"info","message":"Saved screenshot","timestamp":"2014-10-09T10:51:54.700Z"}
{"level":"info","message":"Clicking the help button","timestamp":"2014-10-09T10:51:54.760Z"}
{"parentElementArrayFinder":{"locator_":{"using":"css selector","value":".zoe-btn-help"}},"elementArrayFinder_":{"locator_":{"$ref":"$[\"parentElementArrayFinder\"][\"locator_\"]"}},"level":"info","message":"help button is","timestamp":"2014-10-09T10:51:54.762Z"}
{"level":"info","message":"Got help style of display: none;","timestamp":"2014-10-09T10:51:56.734Z"}
{"level":"info","message":"Saving screenshot to images/helpClose-inline-chrome-30.0.1599.65.png","timestamp":"2014-10-09T10:51:56.777Z"}
{"level":"info","message":"Saved screenshot","timestamp":"2014-10-09T10:51:58.246Z"}
{"level":"info","message":"Clicking the zoom button","timestamp":"2014-10-09T10:51:58.289Z"}
{"level":"info","message":"Saving screenshot to images/zoom-inline-chrome-30.0.1599.65.png","timestamp":"2014-10-09T10:51:58.292Z"}
{"level":"info","message":"Saved screenshot","timestamp":"2014-10-09T10:52:03.272Z"}
{"level":"info","message":"Clicking the zoom button","timestamp":"2014-10-09T10:52:03.286Z"}
{"level":"info","message":"Saving screenshot to images/zoomClose-inline-chrome-30.0.1599.65.png","timestamp":"2014-10-09T10:52:03.290Z"}
{"level":"info","message":"Saved screenshot","timestamp":"2014-10-09T10:52:06.770Z"}
{"level":"info","message":"Opening URL: http://jenkins.zoetrope.io:8888/v3/testPopover.html","timestamp":"2014-10-09T10:52:06.782Z"}
{"level":"info","message":"Initialising file paths with browser & version","timestamp":"2014-10-09T10:52:06.782Z"}
{"level":"info","message":"Initialising file paths with browser & version","timestamp":"2014-10-09T10:52:06.782Z"}
{"level":"info","message":"Initialising file paths with browser & version","timestamp":"2014-10-09T10:52:06.783Z"}
{"level":"info","message":"Initialising file paths with browser & version","timestamp":"2014-10-09T10:52:06.783Z"}
{"level":"info","message":"Initialising file paths with browser & version","timestamp":"2014-10-09T10:52:06.783Z"}
{"level":"info","message":"Initialising file paths with browser & version","timestamp":"2014-10-09T10:52:06.783Z"}
{"level":"info","message":"Saving screenshot to images/load-popover-chrome-30.0.1599.65.png","timestamp":"2014-10-09T10:52:07.917Z"}
{"level":"info","message":"Saved screenshot","timestamp":"2014-10-09T10:52:11.101Z"}
{"level":"info","message":"Clicking on widget trigger","timestamp":"2014-10-09T10:52:11.132Z"}
{"level":"info","message":"Saving screenshot to images/openWidget-popover-chrome-30.0.1599.65.png","timestamp":"2014-10-09T10:52:12.320Z"}
{"level":"info","message":"Saved screenshot","timestamp":"2014-10-09T10:52:14.353Z"}
{"level":"info","message":"Clicking the help button","timestamp":"2014-10-09T10:52:14.387Z"}
{"parentElementArrayFinder":{"locator_":{"using":"css selector","value":".zoe-btn-help"}},"elementArrayFinder_":{"locator_":{"$ref":"$[\"parentElementArrayFinder\"][\"locator_\"]"}},"level":"info","message":"help button is","timestamp":"2014-10-09T10:52:14.389Z"}
{"level":"info","message":"Got help style of ","timestamp":"2014-10-09T10:52:17.309Z"}
{"level":"info","message":"Saving screenshot to images/help-popover-chrome-30.0.1599.65.png","timestamp":"2014-10-09T10:52:17.352Z"}
{"level":"info","message":"Saved screenshot","timestamp":"2014-10-09T10:52:19.189Z"}
{"level":"info","message":"Clicking the help button","timestamp":"2014-10-09T10:52:19.234Z"}
{"parentElementArrayFinder":{"locator_":{"using":"css selector","value":".zoe-btn-help"}},"elementArrayFinder_":{"locator_":{"$ref":"$[\"parentElementArrayFinder\"][\"locator_\"]"}},"level":"info","message":"help button is","timestamp":"2014-10-09T10:52:19.236Z"}
{"level":"info","message":"Got help style of display: none;","timestamp":"2014-10-09T10:52:21.183Z"}
{"level":"info","message":"Saving screenshot to images/helpClose-popover-chrome-30.0.1599.65.png","timestamp":"2014-10-09T10:52:21.227Z"}
{"level":"info","message":"Saved screenshot","timestamp":"2014-10-09T10:52:23.283Z"}
{"level":"info","message":"Clicking the zoom button","timestamp":"2014-10-09T10:52:23.327Z"}
{"level":"info","message":"Saving screenshot to images/zoom-popover-chrome-30.0.1599.65.png","timestamp":"2014-10-09T10:52:23.330Z"}
{"level":"info","message":"Saved screenshot","timestamp":"2014-10-09T10:52:29.392Z"}
{"level":"info","message":"Clicking the zoom button","timestamp":"2014-10-09T10:52:29.417Z"}
{"level":"info","message":"Saving screenshot to images/zoomClose-popover-chrome-30.0.1599.65.png","timestamp":"2014-10-09T10:52:29.420Z"}
{"level":"info","message":"Saved screenshot","timestamp":"2014-10-09T10:52:33.550Z"}
{"level":"info","message":"Initialising jasmine tests","timestamp":"2014-10-09T11:23:27.064Z"}
{"inline":{},"popover":{},"indiscriminate":{},"progressWrapper":{"parentElementArrayFinder":{"locator_":{"using":"css selector","value":".zoe-progress-wrapper"}},"elementArrayFinder_":{"locator_":{"$ref":"$[\"progressWrapper\"][\"parentElementArrayFinder\"][\"locator_\"]"}}},"widgetOverlay":{"parentElementArrayFinder":{"locator_":{"using":"css selector","value":"#zoe-zbox-overlay"}},"elementArrayFinder_":{"locator_":{"$ref":"$[\"widgetOverlay\"][\"parentElementArrayFinder\"][\"locator_\"]"}}},"widgetTrigger":{"parentElementArrayFinder":{"locator_":{"using":"css selector","value":".zoe-engage-trigger>img"}},"elementArrayFinder_":{"locator_":{"$ref":"$[\"widgetTrigger\"][\"parentElementArrayFinder\"][\"locator_\"]"}}},"widgetColorbox":{"parentElementArrayFinder":{"locator_":{"using":"css selector","value":"#zoe-zbox-content"}},"elementArrayFinder_":{"locator_":{"$ref":"$[\"widgetColorbox\"][\"parentElementArrayFinder\"][\"locator_\"]"}}},"helpButton":{"parentElementArrayFinder":{"locator_":{"using":"css selector","value":".zoe-btn-help"}},"elementArrayFinder_":{"locator_":{"$ref":"$[\"helpButton\"][\"parentElementArrayFinder\"][\"locator_\"]"}}},"helpElement":{"parentElementArrayFinder":{"locator_":{"using":"css selector","value":".zoe-help-overlay"}},"elementArrayFinder_":{"locator_":{"$ref":"$[\"helpElement\"][\"parentElementArrayFinder\"][\"locator_\"]"}}},"zoomButton":{"parentElementArrayFinder":{"locator_":{"using":"css selector","value":".zoe-btn-zoom"}},"elementArrayFinder_":{"locator_":{"$ref":"$[\"zoomButton\"][\"parentElementArrayFinder\"][\"locator_\"]"}}},"zoomElement":{"parentElementArrayFinder":{"locator_":{"using":"css selector","value":".zoe-zoom"}},"elementArrayFinder_":{"locator_":{"$ref":"$[\"zoomElement\"][\"parentElementArrayFinder\"][\"locator_\"]"}}},"zoomImage":{"parentElementArrayFinder":{"locator_":{"using":"css selector","value":".zoe-zoom-frame"}},"elementArrayFinder_":{"locator_":{"$ref":"$[\"zoomImage\"][\"parentElementArrayFinder\"][\"locator_\"]"}}},"closeButton":{"parentElementArrayFinder":{"locator_":{"using":"css selector","value":".zoe-btn-close"}},"elementArrayFinder_":{"locator_":{"$ref":"$[\"closeButton\"][\"parentElementArrayFinder\"][\"locator_\"]"}}},"widgetImageDiv":{"parentElementArrayFinder":{"locator_":{"using":"css selector","value":".zoe-engage-image.reel"}},"elementArrayFinder_":{"locator_":{"$ref":"$[\"widgetImageDiv\"][\"parentElementArrayFinder\"][\"locator_\"]"}}},"inlineDivSelector":{"parentElementArrayFinder":{"locator_":{"using":"css selector","value":".zoe-inline.reel"}},"elementArrayFinder_":{"locator_":{"$ref":"$[\"inlineDivSelector\"][\"parentElementArrayFinder\"][\"locator_\"]"}}},"widgetWrapperSelector":{"parentElementArrayFinder":{"locator_":{"using":"css selector","value":".zoe-engage-wrapper"}},"elementArrayFinder_":{"locator_":{"$ref":"$[\"widgetWrapperSelector\"][\"parentElementArrayFinder\"][\"locator_\"]"}}},"widgetWrapperImage":{"parentElementArrayFinder":{"locator_":{"using":"css selector","value":".zoe-frame"}},"elementArrayFinder_":{"locator_":{"$ref":"$[\"widgetWrapperImage\"][\"parentElementArrayFinder\"][\"locator_\"]"}}},"pageImageSelector":{"parentElementArrayFinder":{"locator_":{"using":"css selector","value":".zoe-engage-wrapper"}},"elementArrayFinder_":{"locator_":{"$ref":"$[\"pageImageSelector\"][\"parentElementArrayFinder\"][\"locator_\"]"}}},"inlineTrigger":{"parentElementArrayFinder":{"locator_":{"using":"css selector","value":"a.zoe-engage-trigger"}},"elementArrayFinder_":{"locator_":{"$ref":"$[\"inlineTrigger\"][\"parentElementArrayFinder\"][\"locator_\"]"}}},"inlineWrapper":{"parentElementArrayFinder":{"locator_":{"using":"css selector","value":".zoe-engage-wrapper.zoe-inline"}},"elementArrayFinder_":{"locator_":{"$ref":"$[\"inlineWrapper\"][\"parentElementArrayFinder\"][\"locator_\"]"}}},"frameSelector":{"parentElementArrayFinder":{"locator_":{"using":"css selector","value":".zoe-frame"}},"elementArrayFinder_":{"locator_":{"$ref":"$[\"frameSelector\"][\"parentElementArrayFinder\"][\"locator_\"]"}}},"interactCTA":{"parentElementArrayFinder":{"locator_":{"using":"css selector","value":".zoe-interact-cta"}},"elementArrayFinder_":{"locator_":{"$ref":"$[\"interactCTA\"][\"parentElementArrayFinder\"][\"locator_\"]"}}},"triggerCTA":{"parentElementArrayFinder":{"locator_":{"using":"css selector","value":".zoe-trigger-cta"}},"elementArrayFinder_":{"locator_":{"$ref":"$[\"triggerCTA\"][\"parentElementArrayFinder\"][\"locator_\"]"}}},"helpRotate":{"parentElementArrayFinder":{"locator_":{"using":"css selector","value":".zoe-help-rotate .zoe-help-text"}},"elementArrayFinder_":{"locator_":{"$ref":"$[\"helpRotate\"][\"parentElementArrayFinder\"][\"locator_\"]"}}},"helpElevate":{"parentElementArrayFinder":{"locator_":{"using":"css selector","value":".zoe-help-elevate .zoe-help-text"}},"elementArrayFinder_":{"locator_":{"$ref":"$[\"helpElevate\"][\"parentElementArrayFinder\"][\"locator_\"]"}}},"helpZoom":{"parentElementArrayFinder":{"locator_":{"using":"css selector","value":".zoe-help-zoom .zoe-help-text"}},"elementArrayFinder_":{"locator_":{"$ref":"$[\"helpZoom\"][\"parentElementArrayFinder\"][\"locator_\"]"}}},"helpBrand":{"parentElementArrayFinder":{"locator_":{"using":"css selector","value":".zoe-help-brand .zoe-help-text"}},"elementArrayFinder_":{"locator_":{"$ref":"$[\"helpBrand\"][\"parentElementArrayFinder\"][\"locator_\"]"}}},"extraContent":{"parentElementArrayFinder":{"locator_":{"using":"css selector","value":".zoe-display-extra-content"}},"elementArrayFinder_":{"locator_":{"$ref":"$[\"extraContent\"][\"parentElementArrayFinder\"][\"locator_\"]"}}},"level":"debug","message":"elementFinder is ","timestamp":"2014-10-09T11:23:27.069Z"}
{"level":"info","message":"Initialising jasmine tests","timestamp":"2014-10-09T11:23:27.082Z"}
{"inline":{},"popover":{},"indiscriminate":{},"progressWrapper":{"parentElementArrayFinder":{"locator_":{"using":"css selector","value":".zoe-progress-wrapper"}},"elementArrayFinder_":{"locator_":{"$ref":"$[\"progressWrapper\"][\"parentElementArrayFinder\"][\"locator_\"]"}}},"widgetOverlay":{"parentElementArrayFinder":{"locator_":{"using":"css selector","value":"#zoe-zbox-overlay"}},"elementArrayFinder_":{"locator_":{"$ref":"$[\"widgetOverlay\"][\"parentElementArrayFinder\"][\"locator_\"]"}}},"widgetTrigger":{"parentElementArrayFinder":{"locator_":{"using":"css selector","value":".zoe-engage-trigger>img"}},"elementArrayFinder_":{"locator_":{"$ref":"$[\"widgetTrigger\"][\"parentElementArrayFinder\"][\"locator_\"]"}}},"widgetColorbox":{"parentElementArrayFinder":{"locator_":{"using":"css selector","value":"#zoe-zbox-content"}},"elementArrayFinder_":{"locator_":{"$ref":"$[\"widgetColorbox\"][\"parentElementArrayFinder\"][\"locator_\"]"}}},"helpButton":{"parentElementArrayFinder":{"locator_":{"using":"css selector","value":".zoe-btn-help"}},"elementArrayFinder_":{"locator_":{"$ref":"$[\"helpButton\"][\"parentElementArrayFinder\"][\"locator_\"]"}}},"helpElement":{"parentElementArrayFinder":{"locator_":{"using":"css selector","value":".zoe-help-overlay"}},"elementArrayFinder_":{"locator_":{"$ref":"$[\"helpElement\"][\"parentElementArrayFinder\"][\"locator_\"]"}}},"zoomButton":{"parentElementArrayFinder":{"locator_":{"using":"css selector","value":".zoe-btn-zoom"}},"elementArrayFinder_":{"locator_":{"$ref":"$[\"zoomButton\"][\"parentElementArrayFinder\"][\"locator_\"]"}}},"zoomElement":{"parentElementArrayFinder":{"locator_":{"using":"css selector","value":".zoe-zoom"}},"elementArrayFinder_":{"locator_":{"$ref":"$[\"zoomElement\"][\"parentElementArrayFinder\"][\"locator_\"]"}}},"zoomImage":{"parentElementArrayFinder":{"locator_":{"using":"css selector","value":".zoe-zoom-frame"}},"elementArrayFinder_":{"locator_":{"$ref":"$[\"zoomImage\"][\"parentElementArrayFinder\"][\"locator_\"]"}}},"closeButton":{"parentElementArrayFinder":{"locator_":{"using":"css selector","value":".zoe-btn-close"}},"elementArrayFinder_":{"locator_":{"$ref":"$[\"closeButton\"][\"parentElementArrayFinder\"][\"locator_\"]"}}},"widgetImageDiv":{"parentElementArrayFinder":{"locator_":{"using":"css selector","value":".zoe-engage-image.reel"}},"elementArrayFinder_":{"locator_":{"$ref":"$[\"widgetImageDiv\"][\"parentElementArrayFinder\"][\"locator_\"]"}}},"inlineDivSelector":{"parentElementArrayFinder":{"locator_":{"using":"css selector","value":".zoe-inline.reel"}},"elementArrayFinder_":{"locator_":{"$ref":"$[\"inlineDivSelector\"][\"parentElementArrayFinder\"][\"locator_\"]"}}},"widgetWrapperSelector":{"parentElementArrayFinder":{"locator_":{"using":"css selector","value":".zoe-engage-wrapper"}},"elementArrayFinder_":{"locator_":{"$ref":"$[\"widgetWrapperSelector\"][\"parentElementArrayFinder\"][\"locator_\"]"}}},"widgetWrapperImage":{"parentElementArrayFinder":{"locator_":{"using":"css selector","value":".zoe-frame"}},"elementArrayFinder_":{"locator_":{"$ref":"$[\"widgetWrapperImage\"][\"parentElementArrayFinder\"][\"locator_\"]"}}},"pageImageSelector":{"parentElementArrayFinder":{"locator_":{"using":"css selector","value":".zoe-engage-wrapper"}},"elementArrayFinder_":{"locator_":{"$ref":"$[\"pageImageSelector\"][\"parentElementArrayFinder\"][\"locator_\"]"}}},"inlineTrigger":{"parentElementArrayFinder":{"locator_":{"using":"css selector","value":"a.zoe-engage-trigger"}},"elementArrayFinder_":{"locator_":{"$ref":"$[\"inlineTrigger\"][\"parentElementArrayFinder\"][\"locator_\"]"}}},"inlineWrapper":{"parentElementArrayFinder":{"locator_":{"using":"css selector","value":".zoe-engage-wrapper.zoe-inline"}},"elementArrayFinder_":{"locator_":{"$ref":"$[\"inlineWrapper\"][\"parentElementArrayFinder\"][\"locator_\"]"}}},"frameSelector":{"parentElementArrayFinder":{"locator_":{"using":"css selector","value":".zoe-frame"}},"elementArrayFinder_":{"locator_":{"$ref":"$[\"frameSelector\"][\"parentElementArrayFinder\"][\"locator_\"]"}}},"interactCTA":{"parentElementArrayFinder":{"locator_":{"using":"css selector","value":".zoe-interact-cta"}},"elementArrayFinder_":{"locator_":{"$ref":"$[\"interactCTA\"][\"parentElementArrayFinder\"][\"locator_\"]"}}},"triggerCTA":{"parentElementArrayFinder":{"locator_":{"using":"css selector","value":".zoe-trigger-cta"}},"elementArrayFinder_":{"locator_":{"$ref":"$[\"triggerCTA\"][\"parentElementArrayFinder\"][\"locator_\"]"}}},"helpRotate":{"parentElementArrayFinder":{"locator_":{"using":"css selector","value":".zoe-help-rotate .zoe-help-text"}},"elementArrayFinder_":{"locator_":{"$ref":"$[\"helpRotate\"][\"parentElementArrayFinder\"][\"locator_\"]"}}},"helpElevate":{"parentElementArrayFinder":{"locator_":{"using":"css selector","value":".zoe-help-elevate .zoe-help-text"}},"elementArrayFinder_":{"locator_":{"$ref":"$[\"helpElevate\"][\"parentElementArrayFinder\"][\"locator_\"]"}}},"helpZoom":{"parentElementArrayFinder":{"locator_":{"using":"css selector","value":".zoe-help-zoom .zoe-help-text"}},"elementArrayFinder_":{"locator_":{"$ref":"$[\"helpZoom\"][\"parentElementArrayFinder\"][\"locator_\"]"}}},"helpBrand":{"parentElementArrayFinder":{"locator_":{"using":"css selector","value":".zoe-help-brand .zoe-help-text"}},"elementArrayFinder_":{"locator_":{"$ref":"$[\"helpBrand\"][\"parentElementArrayFinder\"][\"locator_\"]"}}},"extraContent":{"parentElementArrayFinder":{"locator_":{"using":"css selector","value":".zoe-display-extra-content"}},"elementArrayFinder_":{"locator_":{"$ref":"$[\"extraContent\"][\"parentElementArrayFinder\"][\"locator_\"]"}}},"level":"debug","message":"elementFinder is ","timestamp":"2014-10-09T11:23:27.091Z"}
{"level":"info","message":"Initialising jasmine tests","timestamp":"2014-10-09T11:23:27.263Z"}
{"inline":{},"popover":{},"indiscriminate":{},"progressWrapper":{"parentElementArrayFinder":{"locator_":{"using":"css selector","value":".zoe-progress-wrapper"}},"elementArrayFinder_":{"locator_":{"$ref":"$[\"progressWrapper\"][\"parentElementArrayFinder\"][\"locator_\"]"}}},"widgetOverlay":{"parentElementArrayFinder":{"locator_":{"using":"css selector","value":"#zoe-zbox-overlay"}},"elementArrayFinder_":{"locator_":{"$ref":"$[\"widgetOverlay\"][\"parentElementArrayFinder\"][\"locator_\"]"}}},"widgetTrigger":{"parentElementArrayFinder":{"locator_":{"using":"css selector","value":".zoe-engage-trigger>img"}},"elementArrayFinder_":{"locator_":{"$ref":"$[\"widgetTrigger\"][\"parentElementArrayFinder\"][\"locator_\"]"}}},"widgetColorbox":{"parentElementArrayFinder":{"locator_":{"using":"css selector","value":"#zoe-zbox-content"}},"elementArrayFinder_":{"locator_":{"$ref":"$[\"widgetColorbox\"][\"parentElementArrayFinder\"][\"locator_\"]"}}},"helpButton":{"parentElementArrayFinder":{"locator_":{"using":"css selector","value":".zoe-btn-help"}},"elementArrayFinder_":{"locator_":{"$ref":"$[\"helpButton\"][\"parentElementArrayFinder\"][\"locator_\"]"}}},"helpElement":{"parentElementArrayFinder":{"locator_":{"using":"css selector","value":".zoe-help-overlay"}},"elementArrayFinder_":{"locator_":{"$ref":"$[\"helpElement\"][\"parentElementArrayFinder\"][\"locator_\"]"}}},"zoomButton":{"parentElementArrayFinder":{"locator_":{"using":"css selector","value":".zoe-btn-zoom"}},"elementArrayFinder_":{"locator_":{"$ref":"$[\"zoomButton\"][\"parentElementArrayFinder\"][\"locator_\"]"}}},"zoomElement":{"parentElementArrayFinder":{"locator_":{"using":"css selector","value":".zoe-zoom"}},"elementArrayFinder_":{"locator_":{"$ref":"$[\"zoomElement\"][\"parentElementArrayFinder\"][\"locator_\"]"}}},"zoomImage":{"parentElementArrayFinder":{"locator_":{"using":"css selector","value":".zoe-zoom-frame"}},"elementArrayFinder_":{"locator_":{"$ref":"$[\"zoomImage\"][\"parentElementArrayFinder\"][\"locator_\"]"}}},"closeButton":{"parentElementArrayFinder":{"locator_":{"using":"css selector","value":".zoe-btn-close"}},"elementArrayFinder_":{"locator_":{"$ref":"$[\"closeButton\"][\"parentElementArrayFinder\"][\"locator_\"]"}}},"widgetImageDiv":{"parentElementArrayFinder":{"locator_":{"using":"css selector","value":".zoe-engage-image.reel"}},"elementArrayFinder_":{"locator_":{"$ref":"$[\"widgetImageDiv\"][\"parentElementArrayFinder\"][\"locator_\"]"}}},"inlineDivSelector":{"parentElementArrayFinder":{"locator_":{"using":"css selector","value":".zoe-inline.reel"}},"elementArrayFinder_":{"locator_":{"$ref":"$[\"inlineDivSelector\"][\"parentElementArrayFinder\"][\"locator_\"]"}}},"widgetWrapperSelector":{"parentElementArrayFinder":{"locator_":{"using":"css selector","value":".zoe-engage-wrapper"}},"elementArrayFinder_":{"locator_":{"$ref":"$[\"widgetWrapperSelector\"][\"parentElementArrayFinder\"][\"locator_\"]"}}},"widgetWrapperImage":{"parentElementArrayFinder":{"locator_":{"using":"css selector","value":".zoe-frame"}},"elementArrayFinder_":{"locator_":{"$ref":"$[\"widgetWrapperImage\"][\"parentElementArrayFinder\"][\"locator_\"]"}}},"pageImageSelector":{"parentElementArrayFinder":{"locator_":{"using":"css selector","value":".zoe-engage-wrapper"}},"elementArrayFinder_":{"locator_":{"$ref":"$[\"pageImageSelector\"][\"parentElementArrayFinder\"][\"locator_\"]"}}},"inlineTrigger":{"parentElementArrayFinder":{"locator_":{"using":"css selector","value":"a.zoe-engage-trigger"}},"elementArrayFinder_":{"locator_":{"$ref":"$[\"inlineTrigger\"][\"parentElementArrayFinder\"][\"locator_\"]"}}},"inlineWrapper":{"parentElementArrayFinder":{"locator_":{"using":"css selector","value":".zoe-engage-wrapper.zoe-inline"}},"elementArrayFinder_":{"locator_":{"$ref":"$[\"inlineWrapper\"][\"parentElementArrayFinder\"][\"locator_\"]"}}},"frameSelector":{"parentElementArrayFinder":{"locator_":{"using":"css selector","value":".zoe-frame"}},"elementArrayFinder_":{"locator_":{"$ref":"$[\"frameSelector\"][\"parentElementArrayFinder\"][\"locator_\"]"}}},"interactCTA":{"parentElementArrayFinder":{"locator_":{"using":"css selector","value":".zoe-interact-cta"}},"elementArrayFinder_":{"locator_":{"$ref":"$[\"interactCTA\"][\"parentElementArrayFinder\"][\"locator_\"]"}}},"triggerCTA":{"parentElementArrayFinder":{"locator_":{"using":"css selector","value":".zoe-trigger-cta"}},"elementArrayFinder_":{"locator_":{"$ref":"$[\"triggerCTA\"][\"parentElementArrayFinder\"][\"locator_\"]"}}},"helpRotate":{"parentElementArrayFinder":{"locator_":{"using":"css selector","value":".zoe-help-rotate .zoe-help-text"}},"elementArrayFinder_":{"locator_":{"$ref":"$[\"helpRotate\"][\"parentElementArrayFinder\"][\"locator_\"]"}}},"helpElevate":{"parentElementArrayFinder":{"locator_":{"using":"css selector","value":".zoe-help-elevate .zoe-help-text"}},"elementArrayFinder_":{"locator_":{"$ref":"$[\"helpElevate\"][\"parentElementArrayFinder\"][\"locator_\"]"}}},"helpZoom":{"parentElementArrayFinder":{"locator_":{"using":"css selector","value":".zoe-help-zoom .zoe-help-text"}},"elementArrayFinder_":{"locator_":{"$ref":"$[\"helpZoom\"][\"parentElementArrayFinder\"][\"locator_\"]"}}},"helpBrand":{"parentElementArrayFinder":{"locator_":{"using":"css selector","value":".zoe-help-brand .zoe-help-text"}},"elementArrayFinder_":{"locator_":{"$ref":"$[\"helpBrand\"][\"parentElementArrayFinder\"][\"locator_\"]"}}},"extraContent":{"parentElementArrayFinder":{"locator_":{"using":"css selector","value":".zoe-display-extra-content"}},"elementArrayFinder_":{"locator_":{"$ref":"$[\"extraContent\"][\"parentElementArrayFinder\"][\"locator_\"]"}}},"level":"debug","message":"elementFinder is ","timestamp":"2014-10-09T11:23:27.266Z"}
{"level":"info","message":"Initialising jasmine tests","timestamp":"2014-10-09T11:23:27.312Z"}
{"inline":{},"popover":{},"indiscriminate":{},"progressWrapper":{"parentElementArrayFinder":{"locator_":{"using":"css selector","value":".zoe-progress-wrapper"}},"elementArrayFinder_":{"locator_":{"$ref":"$[\"progressWrapper\"][\"parentElementArrayFinder\"][\"locator_\"]"}}},"widgetOverlay":{"parentElementArrayFinder":{"locator_":{"using":"css selector","value":"#zoe-zbox-overlay"}},"elementArrayFinder_":{"locator_":{"$ref":"$[\"widgetOverlay\"][\"parentElementArrayFinder\"][\"locator_\"]"}}},"widgetTrigger":{"parentElementArrayFinder":{"locator_":{"using":"css selector","value":".zoe-engage-trigger>img"}},"elementArrayFinder_":{"locator_":{"$ref":"$[\"widgetTrigger\"][\"parentElementArrayFinder\"][\"locator_\"]"}}},"widgetColorbox":{"parentElementArrayFinder":{"locator_":{"using":"css selector","value":"#zoe-zbox-content"}},"elementArrayFinder_":{"locator_":{"$ref":"$[\"widgetColorbox\"][\"parentElementArrayFinder\"][\"locator_\"]"}}},"helpButton":{"parentElementArrayFinder":{"locator_":{"using":"css selector","value":".zoe-btn-help"}},"elementArrayFinder_":{"locator_":{"$ref":"$[\"helpButton\"][\"parentElementArrayFinder\"][\"locator_\"]"}}},"helpElement":{"parentElementArrayFinder":{"locator_":{"using":"css selector","value":".zoe-help-overlay"}},"elementArrayFinder_":{"locator_":{"$ref":"$[\"helpElement\"][\"parentElementArrayFinder\"][\"locator_\"]"}}},"zoomButton":{"parentElementArrayFinder":{"locator_":{"using":"css selector","value":".zoe-btn-zoom"}},"elementArrayFinder_":{"locator_":{"$ref":"$[\"zoomButton\"][\"parentElementArrayFinder\"][\"locator_\"]"}}},"zoomElement":{"parentElementArrayFinder":{"locator_":{"using":"css selector","value":".zoe-zoom"}},"elementArrayFinder_":{"locator_":{"$ref":"$[\"zoomElement\"][\"parentElementArrayFinder\"][\"locator_\"]"}}},"zoomImage":{"parentElementArrayFinder":{"locator_":{"using":"css selector","value":".zoe-zoom-frame"}},"elementArrayFinder_":{"locator_":{"$ref":"$[\"zoomImage\"][\"parentElementArrayFinder\"][\"locator_\"]"}}},"closeButton":{"parentElementArrayFinder":{"locator_":{"using":"css selector","value":".zoe-btn-close"}},"elementArrayFinder_":{"locator_":{"$ref":"$[\"closeButton\"][\"parentElementArrayFinder\"][\"locator_\"]"}}},"widgetImageDiv":{"parentElementArrayFinder":{"locator_":{"using":"css selector","value":".zoe-engage-image.reel"}},"elementArrayFinder_":{"locator_":{"$ref":"$[\"widgetImageDiv\"][\"parentElementArrayFinder\"][\"locator_\"]"}}},"inlineDivSelector":{"parentElementArrayFinder":{"locator_":{"using":"css selector","value":".zoe-inline.reel"}},"elementArrayFinder_":{"locator_":{"$ref":"$[\"inlineDivSelector\"][\"parentElementArrayFinder\"][\"locator_\"]"}}},"widgetWrapperSelector":{"parentElementArrayFinder":{"locator_":{"using":"css selector","value":".zoe-engage-wrapper"}},"elementArrayFinder_":{"locator_":{"$ref":"$[\"widgetWrapperSelector\"][\"parentElementArrayFinder\"][\"locator_\"]"}}},"widgetWrapperImage":{"parentElementArrayFinder":{"locator_":{"using":"css selector","value":".zoe-frame"}},"elementArrayFinder_":{"locator_":{"$ref":"$[\"widgetWrapperImage\"][\"parentElementArrayFinder\"][\"locator_\"]"}}},"pageImageSelector":{"parentElementArrayFinder":{"locator_":{"using":"css selector","value":".zoe-engage-wrapper"}},"elementArrayFinder_":{"locator_":{"$ref":"$[\"pageImageSelector\"][\"parentElementArrayFinder\"][\"locator_\"]"}}},"inlineTrigger":{"parentElementArrayFinder":{"locator_":{"using":"css selector","value":"a.zoe-engage-trigger"}},"elementArrayFinder_":{"locator_":{"$ref":"$[\"inlineTrigger\"][\"parentElementArrayFinder\"][\"locator_\"]"}}},"inlineWrapper":{"parentElementArrayFinder":{"locator_":{"using":"css selector","value":".zoe-engage-wrapper.zoe-inline"}},"elementArrayFinder_":{"locator_":{"$ref":"$[\"inlineWrapper\"][\"parentElementArrayFinder\"][\"locator_\"]"}}},"frameSelector":{"parentElementArrayFinder":{"locator_":{"using":"css selector","value":".zoe-frame"}},"elementArrayFinder_":{"locator_":{"$ref":"$[\"frameSelector\"][\"parentElementArrayFinder\"][\"locator_\"]"}}},"interactCTA":{"parentElementArrayFinder":{"locator_":{"using":"css selector","value":".zoe-interact-cta"}},"elementArrayFinder_":{"locator_":{"$ref":"$[\"interactCTA\"][\"parentElementArrayFinder\"][\"locator_\"]"}}},"triggerCTA":{"parentElementArrayFinder":{"locator_":{"using":"css selector","value":".zoe-trigger-cta"}},"elementArrayFinder_":{"locator_":{"$ref":"$[\"triggerCTA\"][\"parentElementArrayFinder\"][\"locator_\"]"}}},"helpRotate":{"parentElementArrayFinder":{"locator_":{"using":"css selector","value":".zoe-help-rotate .zoe-help-text"}},"elementArrayFinder_":{"locator_":{"$ref":"$[\"helpRotate\"][\"parentElementArrayFinder\"][\"locator_\"]"}}},"helpElevate":{"parentElementArrayFinder":{"locator_":{"using":"css selector","value":".zoe-help-elevate .zoe-help-text"}},"elementArrayFinder_":{"locator_":{"$ref":"$[\"helpElevate\"][\"parentElementArrayFinder\"][\"locator_\"]"}}},"helpZoom":{"parentElementArrayFinder":{"locator_":{"using":"css selector","value":".zoe-help-zoom .zoe-help-text"}},"elementArrayFinder_":{"locator_":{"$ref":"$[\"helpZoom\"][\"parentElementArrayFinder\"][\"locator_\"]"}}},"helpBrand":{"parentElementArrayFinder":{"locator_":{"using":"css selector","value":".zoe-help-brand .zoe-help-text"}},"elementArrayFinder_":{"locator_":{"$ref":"$[\"helpBrand\"][\"parentElementArrayFinder\"][\"locator_\"]"}}},"extraContent":{"parentElementArrayFinder":{"locator_":{"using":"css selector","value":".zoe-display-extra-content"}},"elementArrayFinder_":{"locator_":{"$ref":"$[\"extraContent\"][\"parentElementArrayFinder\"][\"locator_\"]"}}},"level":"debug","message":"elementFinder is ","timestamp":"2014-10-09T11:23:27.351Z"}
{"level":"info","message":"Initialising jasmine tests","timestamp":"2014-10-09T11:23:27.156Z"}
{"level":"info","message":"Initialising jasmine tests","timestamp":"2014-10-09T11:23:27.109Z"}
{"inline":{},"popover":{},"indiscriminate":{},"progressWrapper":{"parentElementArrayFinder":{"locator_":{"using":"css selector","value":".zoe-progress-wrapper"}},"elementArrayFinder_":{"locator_":{"$ref":"$[\"progressWrapper\"][\"parentElementArrayFinder\"][\"locator_\"]"}}},"widgetOverlay":{"parentElementArrayFinder":{"locator_":{"using":"css selector","value":"#zoe-zbox-overlay"}},"elementArrayFinder_":{"locator_":{"$ref":"$[\"widgetOverlay\"][\"parentElementArrayFinder\"][\"locator_\"]"}}},"widgetTrigger":{"parentElementArrayFinder":{"locator_":{"using":"css selector","value":".zoe-engage-trigger>img"}},"elementArrayFinder_":{"locator_":{"$ref":"$[\"widgetTrigger\"][\"parentElementArrayFinder\"][\"locator_\"]"}}},"widgetColorbox":{"parentElementArrayFinder":{"locator_":{"using":"css selector","value":"#zoe-zbox-content"}},"elementArrayFinder_":{"locator_":{"$ref":"$[\"widgetColorbox\"][\"parentElementArrayFinder\"][\"locator_\"]"}}},"helpButton":{"parentElementArrayFinder":{"locator_":{"using":"css selector","value":".zoe-btn-help"}},"elementArrayFinder_":{"locator_":{"$ref":"$[\"helpButton\"][\"parentElementArrayFinder\"][\"locator_\"]"}}},"helpElement":{"parentElementArrayFinder":{"locator_":{"using":"css selector","value":".zoe-help-overlay"}},"elementArrayFinder_":{"locator_":{"$ref":"$[\"helpElement\"][\"parentElementArrayFinder\"][\"locator_\"]"}}},"zoomButton":{"parentElementArrayFinder":{"locator_":{"using":"css selector","value":".zoe-btn-zoom"}},"elementArrayFinder_":{"locator_":{"$ref":"$[\"zoomButton\"][\"parentElementArrayFinder\"][\"locator_\"]"}}},"zoomElement":{"parentElementArrayFinder":{"locator_":{"using":"css selector","value":".zoe-zoom"}},"elementArrayFinder_":{"locator_":{"$ref":"$[\"zoomElement\"][\"parentElementArrayFinder\"][\"locator_\"]"}}},"zoomImage":{"parentElementArrayFinder":{"locator_":{"using":"css selector","value":".zoe-zoom-frame"}},"elementArrayFinder_":{"locator_":{"$ref":"$[\"zoomImage\"][\"parentElementArrayFinder\"][\"locator_\"]"}}},"closeButton":{"parentElementArrayFinder":{"locator_":{"using":"css selector","value":".zoe-btn-close"}},"elementArrayFinder_":{"locator_":{"$ref":"$[\"closeButton\"][\"parentElementArrayFinder\"][\"locator_\"]"}}},"widgetImageDiv":{"parentElementArrayFinder":{"locator_":{"using":"css selector","value":".zoe-engage-image.reel"}},"elementArrayFinder_":{"locator_":{"$ref":"$[\"widgetImageDiv\"][\"parentElementArrayFinder\"][\"locator_\"]"}}},"inlineDivSelector":{"parentElementArrayFinder":{"locator_":{"using":"css selector","value":".zoe-inline.reel"}},"elementArrayFinder_":{"locator_":{"$ref":"$[\"inlineDivSelector\"][\"parentElementArrayFinder\"][\"locator_\"]"}}},"widgetWrapperSelector":{"parentElementArrayFinder":{"locator_":{"using":"css selector","value":".zoe-engage-wrapper"}},"elementArrayFinder_":{"locator_":{"$ref":"$[\"widgetWrapperSelector\"][\"parentElementArrayFinder\"][\"locator_\"]"}}},"widgetWrapperImage":{"parentElementArrayFinder":{"locator_":{"using":"css selector","value":".zoe-frame"}},"elementArrayFinder_":{"locator_":{"$ref":"$[\"widgetWrapperImage\"][\"parentElementArrayFinder\"][\"locator_\"]"}}},"pageImageSelector":{"parentElementArrayFinder":{"locator_":{"using":"css selector","value":".zoe-engage-wrapper"}},"elementArrayFinder_":{"locator_":{"$ref":"$[\"pageImageSelector\"][\"parentElementArrayFinder\"][\"locator_\"]"}}},"inlineTrigger":{"parentElementArrayFinder":{"locator_":{"using":"css selector","value":"a.zoe-engage-trigger"}},"elementArrayFinder_":{"locator_":{"$ref":"$[\"inlineTrigger\"][\"parentElementArrayFinder\"][\"locator_\"]"}}},"inlineWrapper":{"parentElementArrayFinder":{"locator_":{"using":"css selector","value":".zoe-engage-wrapper.zoe-inline"}},"elementArrayFinder_":{"locator_":{"$ref":"$[\"inlineWrapper\"][\"parentElementArrayFinder\"][\"locator_\"]"}}},"frameSelector":{"parentElementArrayFinder":{"locator_":{"using":"css selector","value":".zoe-frame"}},"elementArrayFinder_":{"locator_":{"$ref":"$[\"frameSelector\"][\"parentElementArrayFinder\"][\"locator_\"]"}}},"interactCTA":{"parentElementArrayFinder":{"locator_":{"using":"css selector","value":".zoe-interact-cta"}},"elementArrayFinder_":{"locator_":{"$ref":"$[\"interactCTA\"][\"parentElementArrayFinder\"][\"locator_\"]"}}},"triggerCTA":{"parentElementArrayFinder":{"locator_":{"using":"css selector","value":".zoe-trigger-cta"}},"elementArrayFinder_":{"locator_":{"$ref":"$[\"triggerCTA\"][\"parentElementArrayFinder\"][\"locator_\"]"}}},"helpRotate":{"parentElementArrayFinder":{"locator_":{"using":"css selector","value":".zoe-help-rotate .zoe-help-text"}},"elementArrayFinder_":{"locator_":{"$ref":"$[\"helpRotate\"][\"parentElementArrayFinder\"][\"locator_\"]"}}},"helpElevate":{"parentElementArrayFinder":{"locator_":{"using":"css selector","value":".zoe-help-elevate .zoe-help-text"}},"elementArrayFinder_":{"locator_":{"$ref":"$[\"helpElevate\"][\"parentElementArrayFinder\"][\"locator_\"]"}}},"helpZoom":{"parentElementArrayFinder":{"locator_":{"using":"css selector","value":".zoe-help-zoom .zoe-help-text"}},"elementArrayFinder_":{"locator_":{"$ref":"$[\"helpZoom\"][\"parentElementArrayFinder\"][\"locator_\"]"}}},"helpBrand":{"parentElementArrayFinder":{"locator_":{"using":"css selector","value":".zoe-help-brand .zoe-help-text"}},"elementArrayFinder_":{"locator_":{"$ref":"$[\"helpBrand\"][\"parentElementArrayFinder\"][\"locator_\"]"}}},"extraContent":{"parentElementArrayFinder":{"locator_":{"using":"css selector","value":".zoe-display-extra-content"}},"elementArrayFinder_":{"locator_":{"$ref":"$[\"extraContent\"][\"parentElementArrayFinder\"][\"locator_\"]"}}},"level":"debug","message":"elementFinder is ","timestamp":"2014-10-09T11:23:27.325Z"}
{"inline":{},"popover":{},"indiscriminate":{},"progressWrapper":{"parentElementArrayFinder":{"locator_":{"using":"css selector","value":".zoe-progress-wrapper"}},"elementArrayFinder_":{"locator_":{"$ref":"$[\"progressWrapper\"][\"parentElementArrayFinder\"][\"locator_\"]"}}},"widgetOverlay":{"parentElementArrayFinder":{"locator_":{"using":"css selector","value":"#zoe-zbox-overlay"}},"elementArrayFinder_":{"locator_":{"$ref":"$[\"widgetOverlay\"][\"parentElementArrayFinder\"][\"locator_\"]"}}},"widgetTrigger":{"parentElementArrayFinder":{"locator_":{"using":"css selector","value":".zoe-engage-trigger>img"}},"elementArrayFinder_":{"locator_":{"$ref":"$[\"widgetTrigger\"][\"parentElementArrayFinder\"][\"locator_\"]"}}},"widgetColorbox":{"parentElementArrayFinder":{"locator_":{"using":"css selector","value":"#zoe-zbox-content"}},"elementArrayFinder_":{"locator_":{"$ref":"$[\"widgetColorbox\"][\"parentElementArrayFinder\"][\"locator_\"]"}}},"helpButton":{"parentElementArrayFinder":{"locator_":{"using":"css selector","value":".zoe-btn-help"}},"elementArrayFinder_":{"locator_":{"$ref":"$[\"helpButton\"][\"parentElementArrayFinder\"][\"locator_\"]"}}},"helpElement":{"parentElementArrayFinder":{"locator_":{"using":"css selector","value":".zoe-help-overlay"}},"elementArrayFinder_":{"locator_":{"$ref":"$[\"helpElement\"][\"parentElementArrayFinder\"][\"locator_\"]"}}},"zoomButton":{"parentElementArrayFinder":{"locator_":{"using":"css selector","value":".zoe-btn-zoom"}},"elementArrayFinder_":{"locator_":{"$ref":"$[\"zoomButton\"][\"parentElementArrayFinder\"][\"locator_\"]"}}},"zoomElement":{"parentElementArrayFinder":{"locator_":{"using":"css selector","value":".zoe-zoom"}},"elementArrayFinder_":{"locator_":{"$ref":"$[\"zoomElement\"][\"parentElementArrayFinder\"][\"locator_\"]"}}},"zoomImage":{"parentElementArrayFinder":{"locator_":{"using":"css selector","value":".zoe-zoom-frame"}},"elementArrayFinder_":{"locator_":{"$ref":"$[\"zoomImage\"][\"parentElementArrayFinder\"][\"locator_\"]"}}},"closeButton":{"parentElementArrayFinder":{"locator_":{"using":"css selector","value":".zoe-btn-close"}},"elementArrayFinder_":{"locator_":{"$ref":"$[\"closeButton\"][\"parentElementArrayFinder\"][\"locator_\"]"}}},"widgetImageDiv":{"parentElementArrayFinder":{"locator_":{"using":"css selector","value":".zoe-engage-image.reel"}},"elementArrayFinder_":{"locator_":{"$ref":"$[\"widgetImageDiv\"][\"parentElementArrayFinder\"][\"locator_\"]"}}},"inlineDivSelector":{"parentElementArrayFinder":{"locator_":{"using":"css selector","value":".zoe-inline.reel"}},"elementArrayFinder_":{"locator_":{"$ref":"$[\"inlineDivSelector\"][\"parentElementArrayFinder\"][\"locator_\"]"}}},"widgetWrapperSelector":{"parentElementArrayFinder":{"locator_":{"using":"css selector","value":".zoe-engage-wrapper"}},"elementArrayFinder_":{"locator_":{"$ref":"$[\"widgetWrapperSelector\"][\"parentElementArrayFinder\"][\"locator_\"]"}}},"widgetWrapperImage":{"parentElementArrayFinder":{"locator_":{"using":"css selector","value":".zoe-frame"}},"elementArrayFinder_":{"locator_":{"$ref":"$[\"widgetWrapperImage\"][\"parentElementArrayFinder\"][\"locator_\"]"}}},"pageImageSelector":{"parentElementArrayFinder":{"locator_":{"using":"css selector","value":".zoe-engage-wrapper"}},"elementArrayFinder_":{"locator_":{"$ref":"$[\"pageImageSelector\"][\"parentElementArrayFinder\"][\"locator_\"]"}}},"inlineTrigger":{"parentElementArrayFinder":{"locator_":{"using":"css selector","value":"a.zoe-engage-trigger"}},"elementArrayFinder_":{"locator_":{"$ref":"$[\"inlineTrigger\"][\"parentElementArrayFinder\"][\"locator_\"]"}}},"inlineWrapper":{"parentElementArrayFinder":{"locator_":{"using":"css selector","value":".zoe-engage-wrapper.zoe-inline"}},"elementArrayFinder_":{"locator_":{"$ref":"$[\"inlineWrapper\"][\"parentElementArrayFinder\"][\"locator_\"]"}}},"frameSelector":{"parentElementArrayFinder":{"locator_":{"using":"css selector","value":".zoe-frame"}},"elementArrayFinder_":{"locator_":{"$ref":"$[\"frameSelector\"][\"parentElementArrayFinder\"][\"locator_\"]"}}},"interactCTA":{"parentElementArrayFinder":{"locator_":{"using":"css selector","value":".zoe-interact-cta"}},"elementArrayFinder_":{"locator_":{"$ref":"$[\"interactCTA\"][\"parentElementArrayFinder\"][\"locator_\"]"}}},"triggerCTA":{"parentElementArrayFinder":{"locator_":{"using":"css selector","value":".zoe-trigger-cta"}},"elementArrayFinder_":{"locator_":{"$ref":"$[\"triggerCTA\"][\"parentElementArrayFinder\"][\"locator_\"]"}}},"helpRotate":{"parentElementArrayFinder":{"locator_":{"using":"css selector","value":".zoe-help-rotate .zoe-help-text"}},"elementArrayFinder_":{"locator_":{"$ref":"$[\"helpRotate\"][\"parentElementArrayFinder\"][\"locator_\"]"}}},"helpElevate":{"parentElementArrayFinder":{"locator_":{"using":"css selector","value":".zoe-help-elevate .zoe-help-text"}},"elementArrayFinder_":{"locator_":{"$ref":"$[\"helpElevate\"][\"parentElementArrayFinder\"][\"locator_\"]"}}},"helpZoom":{"parentElementArrayFinder":{"locator_":{"using":"css selector","value":".zoe-help-zoom .zoe-help-text"}},"elementArrayFinder_":{"locator_":{"$ref":"$[\"helpZoom\"][\"parentElementArrayFinder\"][\"locator_\"]"}}},"helpBrand":{"parentElementArrayFinder":{"locator_":{"using":"css selector","value":".zoe-help-brand .zoe-help-text"}},"elementArrayFinder_":{"locator_":{"$ref":"$[\"helpBrand\"][\"parentElementArrayFinder\"][\"locator_\"]"}}},"extraContent":{"parentElementArrayFinder":{"locator_":{"using":"css selector","value":".zoe-display-extra-content"}},"elementArrayFinder_":{"locator_":{"$ref":"$[\"extraContent\"][\"parentElementArrayFinder\"][\"locator_\"]"}}},"level":"debug","message":"elementFinder is ","timestamp":"2014-10-09T11:23:27.123Z"}
{"level":"info","message":"Initialising jasmine tests","timestamp":"2014-10-09T11:23:27.111Z"}
{"inline":{},"popover":{},"indiscriminate":{},"progressWrapper":{"parentElementArrayFinder":{"locator_":{"using":"css selector","value":".zoe-progress-wrapper"}},"elementArrayFinder_":{"locator_":{"$ref":"$[\"progressWrapper\"][\"parentElementArrayFinder\"][\"locator_\"]"}}},"widgetOverlay":{"parentElementArrayFinder":{"locator_":{"using":"css selector","value":"#zoe-zbox-overlay"}},"elementArrayFinder_":{"locator_":{"$ref":"$[\"widgetOverlay\"][\"parentElementArrayFinder\"][\"locator_\"]"}}},"widgetTrigger":{"parentElementArrayFinder":{"locator_":{"using":"css selector","value":".zoe-engage-trigger>img"}},"elementArrayFinder_":{"locator_":{"$ref":"$[\"widgetTrigger\"][\"parentElementArrayFinder\"][\"locator_\"]"}}},"widgetColorbox":{"parentElementArrayFinder":{"locator_":{"using":"css selector","value":"#zoe-zbox-content"}},"elementArrayFinder_":{"locator_":{"$ref":"$[\"widgetColorbox\"][\"parentElementArrayFinder\"][\"locator_\"]"}}},"helpButton":{"parentElementArrayFinder":{"locator_":{"using":"css selector","value":".zoe-btn-help"}},"elementArrayFinder_":{"locator_":{"$ref":"$[\"helpButton\"][\"parentElementArrayFinder\"][\"locator_\"]"}}},"helpElement":{"parentElementArrayFinder":{"locator_":{"using":"css selector","value":".zoe-help-overlay"}},"elementArrayFinder_":{"locator_":{"$ref":"$[\"helpElement\"][\"parentElementArrayFinder\"][\"locator_\"]"}}},"zoomButton":{"parentElementArrayFinder":{"locator_":{"using":"css selector","value":".zoe-btn-zoom"}},"elementArrayFinder_":{"locator_":{"$ref":"$[\"zoomButton\"][\"parentElementArrayFinder\"][\"locator_\"]"}}},"zoomElement":{"parentElementArrayFinder":{"locator_":{"using":"css selector","value":".zoe-zoom"}},"elementArrayFinder_":{"locator_":{"$ref":"$[\"zoomElement\"][\"parentElementArrayFinder\"][\"locator_\"]"}}},"zoomImage":{"parentElementArrayFinder":{"locator_":{"using":"css selector","value":".zoe-zoom-frame"}},"elementArrayFinder_":{"locator_":{"$ref":"$[\"zoomImage\"][\"parentElementArrayFinder\"][\"locator_\"]"}}},"closeButton":{"parentElementArrayFinder":{"locator_":{"using":"css selector","value":".zoe-btn-close"}},"elementArrayFinder_":{"locator_":{"$ref":"$[\"closeButton\"][\"parentElementArrayFinder\"][\"locator_\"]"}}},"widgetImageDiv":{"parentElementArrayFinder":{"locator_":{"using":"css selector","value":".zoe-engage-image.reel"}},"elementArrayFinder_":{"locator_":{"$ref":"$[\"widgetImageDiv\"][\"parentElementArrayFinder\"][\"locator_\"]"}}},"inlineDivSelector":{"parentElementArrayFinder":{"locator_":{"using":"css selector","value":".zoe-inline.reel"}},"elementArrayFinder_":{"locator_":{"$ref":"$[\"inlineDivSelector\"][\"parentElementArrayFinder\"][\"locator_\"]"}}},"widgetWrapperSelector":{"parentElementArrayFinder":{"locator_":{"using":"css selector","value":".zoe-engage-wrapper"}},"elementArrayFinder_":{"locator_":{"$ref":"$[\"widgetWrapperSelector\"][\"parentElementArrayFinder\"][\"locator_\"]"}}},"widgetWrapperImage":{"parentElementArrayFinder":{"locator_":{"using":"css selector","value":".zoe-frame"}},"elementArrayFinder_":{"locator_":{"$ref":"$[\"widgetWrapperImage\"][\"parentElementArrayFinder\"][\"locator_\"]"}}},"pageImageSelector":{"parentElementArrayFinder":{"locator_":{"using":"css selector","value":".zoe-engage-wrapper"}},"elementArrayFinder_":{"locator_":{"$ref":"$[\"pageImageSelector\"][\"parentElementArrayFinder\"][\"locator_\"]"}}},"inlineTrigger":{"parentElementArrayFinder":{"locator_":{"using":"css selector","value":"a.zoe-engage-trigger"}},"elementArrayFinder_":{"locator_":{"$ref":"$[\"inlineTrigger\"][\"parentElementArrayFinder\"][\"locator_\"]"}}},"inlineWrapper":{"parentElementArrayFinder":{"locator_":{"using":"css selector","value":".zoe-engage-wrapper.zoe-inline"}},"elementArrayFinder_":{"locator_":{"$ref":"$[\"inlineWrapper\"][\"parentElementArrayFinder\"][\"locator_\"]"}}},"frameSelector":{"parentElementArrayFinder":{"locator_":{"using":"css selector","value":".zoe-frame"}},"elementArrayFinder_":{"locator_":{"$ref":"$[\"frameSelector\"][\"parentElementArrayFinder\"][\"locator_\"]"}}},"interactCTA":{"parentElementArrayFinder":{"locator_":{"using":"css selector","value":".zoe-interact-cta"}},"elementArrayFinder_":{"locator_":{"$ref":"$[\"interactCTA\"][\"parentElementArrayFinder\"][\"locator_\"]"}}},"triggerCTA":{"parentElementArrayFinder":{"locator_":{"using":"css selector","value":".zoe-trigger-cta"}},"elementArrayFinder_":{"locator_":{"$ref":"$[\"triggerCTA\"][\"parentElementArrayFinder\"][\"locator_\"]"}}},"helpRotate":{"parentElementArrayFinder":{"locator_":{"using":"css selector","value":".zoe-help-rotate .zoe-help-text"}},"elementArrayFinder_":{"locator_":{"$ref":"$[\"helpRotate\"][\"parentElementArrayFinder\"][\"locator_\"]"}}},"helpElevate":{"parentElementArrayFinder":{"locator_":{"using":"css selector","value":".zoe-help-elevate .zoe-help-text"}},"elementArrayFinder_":{"locator_":{"$ref":"$[\"helpElevate\"][\"parentElementArrayFinder\"][\"locator_\"]"}}},"helpZoom":{"parentElementArrayFinder":{"locator_":{"using":"css selector","value":".zoe-help-zoom .zoe-help-text"}},"elementArrayFinder_":{"locator_":{"$ref":"$[\"helpZoom\"][\"parentElementArrayFinder\"][\"locator_\"]"}}},"helpBrand":{"parentElementArrayFinder":{"locator_":{"using":"css selector","value":".zoe-help-brand .zoe-help-text"}},"elementArrayFinder_":{"locator_":{"$ref":"$[\"helpBrand\"][\"parentElementArrayFinder\"][\"locator_\"]"}}},"extraContent":{"parentElementArrayFinder":{"locator_":{"using":"css selector","value":".zoe-display-extra-content"}},"elementArrayFinder_":{"locator_":{"$ref":"$[\"extraContent\"][\"parentElementArrayFinder\"][\"locator_\"]"}}},"level":"debug","message":"elementFinder is ","timestamp":"2014-10-09T11:23:27.124Z"}
{"rotatable":false,"browserConnectionEnabled":false,"acceptSslCerts":true,"cssSelectorsEnabled":true,"chrome":{"chromedriverVersion":"2.4.226107"},"javascriptEnabled":true,"version":"30.0.1599.65","webdriver.remote.sessionid":"0ee73d67f60b4ababcfcbfbafef24cb5","databaseEnabled":true,"locationContextEnabled":true,"platform":"Windows NT","browserName":"chrome","takesScreenshot":true,"hasMetadata":true,"nativeEvents":true,"applicationCacheEnabled":false,"webStorageEnabled":true,"handlesAlerts":true,"level":"info","message":"","timestamp":"2014-10-09T11:23:36.829Z"}
{"level":"info","message":"undefined","timestamp":"2014-10-09T11:23:36.829Z"}
{"level":"info","message":"BROWSER IS: chrome","timestamp":"2014-10-09T11:23:36.829Z"}
{"level":"info","message":"Initialising file paths with browser & version","timestamp":"2014-10-09T11:23:36.829Z"}
{"level":"info","message":"Initialising file paths with browser & version","timestamp":"2014-10-09T11:23:36.829Z"}
{"level":"info","message":"Initialising file paths with browser & version","timestamp":"2014-10-09T11:23:36.830Z"}
{"level":"info","message":"Initialising file paths with browser & version","timestamp":"2014-10-09T11:23:36.830Z"}
{"level":"info","message":"Initialising file paths with browser & version","timestamp":"2014-10-09T11:23:36.830Z"}
{"level":"info","message":"Initialising file paths with browser & version","timestamp":"2014-10-09T11:23:36.830Z"}
{"level":"info","message":"Initialising file paths with browser & version","timestamp":"2014-10-09T11:23:36.830Z"}
{"level":"info","message":"Initialising file paths with browser & version","timestamp":"2014-10-09T11:23:36.830Z"}
{"level":"info","message":"Initialising file paths with browser & version","timestamp":"2014-10-09T11:23:36.830Z"}
{"level":"info","message":"Initialising file paths with browser & version","timestamp":"2014-10-09T11:23:36.830Z"}
{"level":"info","message":"Initialising file paths with browser & version","timestamp":"2014-10-09T11:23:36.830Z"}
{"level":"info","message":"Initialising file paths with browser & version","timestamp":"2014-10-09T11:23:36.830Z"}
{"level":"info","message":"Initialising file paths with browser & version","timestamp":"2014-10-09T11:23:36.830Z"}
{"level":"info","message":"Initialising file paths with browser & version","timestamp":"2014-10-09T11:23:36.830Z"}
{"level":"info","message":"Initialising file paths with browser & version","timestamp":"2014-10-09T11:23:36.830Z"}
{"level":"info","message":"Initialising file paths with browser & version","timestamp":"2014-10-09T11:23:36.830Z"}
{"level":"info","message":"Initialising file paths with browser & version","timestamp":"2014-10-09T11:23:36.830Z"}
{"level":"info","message":"Initialising file paths with browser & version","timestamp":"2014-10-09T11:23:36.830Z"}
{"level":"info","message":"Initialising file paths with browser & version","timestamp":"2014-10-09T11:23:36.830Z"}
{"level":"info","message":"Initialising file paths with browser & version","timestamp":"2014-10-09T11:23:36.830Z"}
{"level":"info","message":"Initialising file paths with browser & version","timestamp":"2014-10-09T11:23:36.830Z"}
{"level":"info","message":"Opening URL: http://jenkins.zoetrope.io:8888/v3/testInline.html","timestamp":"2014-10-09T11:23:38.233Z"}
{"level":"info","message":"Initialising file paths with browser & version","timestamp":"2014-10-09T11:23:38.234Z"}
{"level":"info","message":"Initialising file paths with browser & version","timestamp":"2014-10-09T11:23:38.234Z"}
{"level":"info","message":"Initialising file paths with browser & version","timestamp":"2014-10-09T11:23:38.234Z"}
{"level":"info","message":"Initialising file paths with browser & version","timestamp":"2014-10-09T11:23:38.234Z"}
{"level":"info","message":"Initialising file paths with browser & version","timestamp":"2014-10-09T11:23:38.234Z"}
{"level":"info","message":"Initialising file paths with browser & version","timestamp":"2014-10-09T11:23:38.234Z"}
{"rotatable":false,"browserConnectionEnabled":true,"acceptSslCerts":true,"cssSelectorsEnabled":true,"javascriptEnabled":true,"nativeEvents":true,"databaseEnabled":true,"locationContextEnabled":true,"takesScreenshot":true,"platform":"XP","browserName":"firefox","webdriver.remote.sessionid":"387a3f50eb614b6785d156daf29a08c4","hasMetadata":true,"version":"27.0","applicationCacheEnabled":true,"webStorageEnabled":true,"handlesAlerts":true,"level":"info","message":"","timestamp":"2014-10-09T11:23:38.546Z"}
{"level":"info","message":"undefined","timestamp":"2014-10-09T11:23:38.546Z"}
{"level":"info","message":"BROWSER IS: firefox","timestamp":"2014-10-09T11:23:38.547Z"}
{"level":"info","message":"Initialising file paths with browser & version","timestamp":"2014-10-09T11:23:38.547Z"}
{"level":"info","message":"Initialising file paths with browser & version","timestamp":"2014-10-09T11:23:38.547Z"}
{"level":"info","message":"Initialising file paths with browser & version","timestamp":"2014-10-09T11:23:38.547Z"}
{"level":"info","message":"Initialising file paths with browser & version","timestamp":"2014-10-09T11:23:38.547Z"}
{"level":"info","message":"Initialising file paths with browser & version","timestamp":"2014-10-09T11:23:38.547Z"}
{"level":"info","message":"Initialising file paths with browser & version","timestamp":"2014-10-09T11:23:38.547Z"}
{"level":"info","message":"Initialising file paths with browser & version","timestamp":"2014-10-09T11:23:38.547Z"}
{"level":"info","message":"Initialising file paths with browser & version","timestamp":"2014-10-09T11:23:38.547Z"}
{"level":"info","message":"Initialising file paths with browser & version","timestamp":"2014-10-09T11:23:38.547Z"}
{"level":"info","message":"Initialising file paths with browser & version","timestamp":"2014-10-09T11:23:38.547Z"}
{"level":"info","message":"Initialising file paths with browser & version","timestamp":"2014-10-09T11:23:38.547Z"}
{"level":"info","message":"Initialising file paths with browser & version","timestamp":"2014-10-09T11:23:38.547Z"}
{"level":"info","message":"Initialising file paths with browser & version","timestamp":"2014-10-09T11:23:38.547Z"}
{"level":"info","message":"Initialising file paths with browser & version","timestamp":"2014-10-09T11:23:38.547Z"}
{"level":"info","message":"Initialising file paths with browser & version","timestamp":"2014-10-09T11:23:38.547Z"}
{"level":"info","message":"Initialising file paths with browser & version","timestamp":"2014-10-09T11:23:38.547Z"}
{"level":"info","message":"Initialising file paths with browser & version","timestamp":"2014-10-09T11:23:38.547Z"}
{"level":"info","message":"Initialising file paths with browser & version","timestamp":"2014-10-09T11:23:38.547Z"}
{"level":"info","message":"Initialising file paths with browser & version","timestamp":"2014-10-09T11:23:38.547Z"}
{"level":"info","message":"Initialising file paths with browser & version","timestamp":"2014-10-09T11:23:38.547Z"}
{"level":"info","message":"Initialising file paths with browser & version","timestamp":"2014-10-09T11:23:38.547Z"}
{"level":"info","message":"Opening URL: http://jenkins.zoetrope.io:8888/v3/testInline.html","timestamp":"2014-10-09T11:23:39.982Z"}
{"level":"info","message":"Initialising file paths with browser & version","timestamp":"2014-10-09T11:23:39.982Z"}
{"level":"info","message":"Initialising file paths with browser & version","timestamp":"2014-10-09T11:23:39.982Z"}
{"level":"info","message":"Initialising file paths with browser & version","timestamp":"2014-10-09T11:23:39.982Z"}
{"level":"info","message":"Initialising file paths with browser & version","timestamp":"2014-10-09T11:23:39.982Z"}
{"level":"info","message":"Initialising file paths with browser & version","timestamp":"2014-10-09T11:23:39.982Z"}
{"level":"info","message":"Initialising file paths with browser & version","timestamp":"2014-10-09T11:23:39.982Z"}
{"level":"info","message":"Saving screenshot to images/load-inline-chrome-30.0.1599.65.png","timestamp":"2014-10-09T11:23:43.595Z"}
{"level":"info","message":"Saved screenshot","timestamp":"2014-10-09T11:23:46.797Z"}
{"level":"info","message":"Clicking the help button","timestamp":"2014-10-09T11:23:46.831Z"}
{"parentElementArrayFinder":{"locator_":{"using":"css selector","value":".zoe-btn-help"}},"elementArrayFinder_":{"locator_":{"$ref":"$[\"parentElementArrayFinder\"][\"locator_\"]"}},"level":"info","message":"help button is","timestamp":"2014-10-09T11:23:46.834Z"}
{"level":"info","message":"Saving screenshot to images/load-inline-firefox-27.0.png","timestamp":"2014-10-09T11:23:47.614Z"}
{"level":"info","message":"Got help style of ","timestamp":"2014-10-09T11:23:48.889Z"}
{"level":"info","message":"Saving screenshot to images/help-inline-chrome-30.0.1599.65.png","timestamp":"2014-10-09T11:23:48.931Z"}
{"level":"info","message":"Saved screenshot","timestamp":"2014-10-09T11:23:49.357Z"}
{"level":"info","message":"Clicking the help button","timestamp":"2014-10-09T11:23:49.391Z"}
{"parentElementArrayFinder":{"locator_":{"using":"css selector","value":".zoe-btn-help"}},"elementArrayFinder_":{"locator_":{"$ref":"$[\"parentElementArrayFinder\"][\"locator_\"]"}},"level":"info","message":"help button is","timestamp":"2014-10-09T11:23:49.394Z"}
{"level":"info","message":"Saved screenshot","timestamp":"2014-10-09T11:23:51.644Z"}
{"level":"info","message":"Clicking the help button","timestamp":"2014-10-09T11:23:51.692Z"}
{"parentElementArrayFinder":{"locator_":{"using":"css selector","value":".zoe-btn-help"}},"elementArrayFinder_":{"locator_":{"$ref":"$[\"parentElementArrayFinder\"][\"locator_\"]"}},"level":"info","message":"help button is","timestamp":"2014-10-09T11:23:51.694Z"}
{"level":"info","message":"Got help style of ","timestamp":"2014-10-09T11:23:52.557Z"}
{"level":"info","message":"Saving screenshot to images/help-inline-firefox-27.0.png","timestamp":"2014-10-09T11:23:52.601Z"}
{"level":"info","message":"Got help style of display: none;","timestamp":"2014-10-09T11:23:53.843Z"}
{"level":"info","message":"Saving screenshot to images/helpClose-inline-chrome-30.0.1599.65.png","timestamp":"2014-10-09T11:23:53.885Z"}
{"level":"info","message":"Saved screenshot","timestamp":"2014-10-09T11:23:54.133Z"}
{"level":"info","message":"Clicking the help button","timestamp":"2014-10-09T11:23:54.179Z"}
{"parentElementArrayFinder":{"locator_":{"using":"css selector","value":".zoe-btn-help"}},"elementArrayFinder_":{"locator_":{"$ref":"$[\"parentElementArrayFinder\"][\"locator_\"]"}},"level":"info","message":"help button is","timestamp":"2014-10-09T11:23:54.182Z"}
{"level":"info","message":"Saved screenshot","timestamp":"2014-10-09T11:23:55.665Z"}
{"level":"info","message":"Clicking the zoom button","timestamp":"2014-10-09T11:23:55.707Z"}
{"level":"info","message":"Saving screenshot to images/zoom-inline-chrome-30.0.1599.65.png","timestamp":"2014-10-09T11:23:55.711Z"}
{"level":"info","message":"Got help style of display: none;","timestamp":"2014-10-09T11:23:56.570Z"}
{"level":"info","message":"Saving screenshot to images/helpClose-inline-firefox-27.0.png","timestamp":"2014-10-09T11:23:56.612Z"}
{"level":"info","message":"Saved screenshot","timestamp":"2014-10-09T11:23:58.086Z"}
{"level":"info","message":"Clicking the zoom button","timestamp":"2014-10-09T11:23:58.146Z"}
{"level":"info","message":"Saving screenshot to images/zoom-inline-firefox-27.0.png","timestamp":"2014-10-09T11:23:58.150Z"}
{"level":"info","message":"Saved screenshot","timestamp":"2014-10-09T11:23:59.824Z"}
{"level":"info","message":"Clicking the zoom button","timestamp":"2014-10-09T11:23:59.849Z"}
{"level":"info","message":"Saving screenshot to images/zoomClose-inline-chrome-30.0.1599.65.png","timestamp":"2014-10-09T11:23:59.853Z"}
{"level":"info","message":"Saved screenshot","timestamp":"2014-10-09T11:24:02.577Z"}
{"level":"info","message":"Clicking the zoom button","timestamp":"2014-10-09T11:24:02.594Z"}
{"level":"info","message":"Saving screenshot to images/zoomClose-inline-firefox-27.0.png","timestamp":"2014-10-09T11:24:02.598Z"}
{"level":"info","message":"Saved screenshot","timestamp":"2014-10-09T11:24:03.645Z"}
{"level":"info","message":"Opening URL: http://jenkins.zoetrope.io:8888/v3/testPopover.html","timestamp":"2014-10-09T11:24:03.661Z"}
{"level":"info","message":"Initialising file paths with browser & version","timestamp":"2014-10-09T11:24:03.661Z"}
{"level":"info","message":"Initialising file paths with browser & version","timestamp":"2014-10-09T11:24:03.661Z"}
{"level":"info","message":"Initialising file paths with browser & version","timestamp":"2014-10-09T11:24:03.661Z"}
{"level":"info","message":"Initialising file paths with browser & version","timestamp":"2014-10-09T11:24:03.661Z"}
{"level":"info","message":"Initialising file paths with browser & version","timestamp":"2014-10-09T11:24:03.661Z"}
{"level":"info","message":"Initialising file paths with browser & version","timestamp":"2014-10-09T11:24:03.661Z"}
{"level":"info","message":"Saving screenshot to images/load-popover-chrome-30.0.1599.65.png","timestamp":"2014-10-09T11:24:04.855Z"}
{"level":"info","message":"Saved screenshot","timestamp":"2014-10-09T11:24:05.952Z"}
{"level":"info","message":"Opening URL: http://jenkins.zoetrope.io:8888/v3/testPopover.html","timestamp":"2014-10-09T11:24:05.964Z"}
{"level":"info","message":"Initialising file paths with browser & version","timestamp":"2014-10-09T11:24:05.965Z"}
{"level":"info","message":"Initialising file paths with browser & version","timestamp":"2014-10-09T11:24:05.965Z"}
{"level":"info","message":"Initialising file paths with browser & version","timestamp":"2014-10-09T11:24:05.965Z"}
{"level":"info","message":"Initialising file paths with browser & version","timestamp":"2014-10-09T11:24:05.965Z"}
{"level":"info","message":"Initialising file paths with browser & version","timestamp":"2014-10-09T11:24:05.965Z"}
{"level":"info","message":"Initialising file paths with browser & version","timestamp":"2014-10-09T11:24:05.965Z"}
{"level":"info","message":"Saved screenshot","timestamp":"2014-10-09T11:24:06.902Z"}
{"level":"info","message":"Clicking on widget trigger","timestamp":"2014-10-09T11:24:06.933Z"}
{"level":"info","message":"Saving screenshot to images/load-popover-firefox-27.0.png","timestamp":"2014-10-09T11:24:07.227Z"}
{"level":"info","message":"Saving screenshot to images/openWidget-popover-chrome-30.0.1599.65.png","timestamp":"2014-10-09T11:24:08.318Z"}
{"level":"info","message":"Saved screenshot","timestamp":"2014-10-09T11:24:10.956Z"}
{"level":"info","message":"Clicking on widget trigger","timestamp":"2014-10-09T11:24:10.993Z"}
{"level":"info","message":"Saved screenshot","timestamp":"2014-10-09T11:24:11.892Z"}
{"level":"info","message":"Clicking the help button","timestamp":"2014-10-09T11:24:11.942Z"}
{"parentElementArrayFinder":{"locator_":{"using":"css selector","value":".zoe-btn-help"}},"elementArrayFinder_":{"locator_":{"$ref":"$[\"parentElementArrayFinder\"][\"locator_\"]"}},"level":"info","message":"help button is","timestamp":"2014-10-09T11:24:11.944Z"}
{"level":"info","message":"Saving screenshot to images/openWidget-popover-firefox-27.0.png","timestamp":"2014-10-09T11:24:12.613Z"}
{"level":"info","message":"Got help style of ","timestamp":"2014-10-09T11:24:13.979Z"}
{"level":"info","message":"Saving screenshot to images/help-popover-chrome-30.0.1599.65.png","timestamp":"2014-10-09T11:24:14.023Z"}
{"level":"info","message":"Saved screenshot","timestamp":"2014-10-09T11:24:15.543Z"}
{"level":"info","message":"Clicking the help button","timestamp":"2014-10-09T11:24:15.575Z"}
{"parentElementArrayFinder":{"locator_":{"using":"css selector","value":".zoe-btn-help"}},"elementArrayFinder_":{"locator_":{"$ref":"$[\"parentElementArrayFinder\"][\"locator_\"]"}},"level":"info","message":"help button is","timestamp":"2014-10-09T11:24:15.578Z"}
{"level":"info","message":"Saved screenshot","timestamp":"2014-10-09T11:24:16.144Z"}
{"level":"info","message":"Clicking the help button","timestamp":"2014-10-09T11:24:16.186Z"}
{"parentElementArrayFinder":{"locator_":{"using":"css selector","value":".zoe-btn-help"}},"elementArrayFinder_":{"locator_":{"$ref":"$[\"parentElementArrayFinder\"][\"locator_\"]"}},"level":"info","message":"help button is","timestamp":"2014-10-09T11:24:16.188Z"}
{"level":"info","message":"Got help style of ","timestamp":"2014-10-09T11:24:18.004Z"}
{"level":"info","message":"Saving screenshot to images/help-popover-firefox-27.0.png","timestamp":"2014-10-09T11:24:18.047Z"}
{"level":"info","message":"Got help style of display: none;","timestamp":"2014-10-09T11:24:18.252Z"}
{"level":"info","message":"Saving screenshot to images/helpClose-popover-chrome-30.0.1599.65.png","timestamp":"2014-10-09T11:24:18.294Z"}
{"level":"info","message":"Saved screenshot","timestamp":"2014-10-09T11:24:21.273Z"}
{"level":"info","message":"Clicking the zoom button","timestamp":"2014-10-09T11:24:21.316Z"}
{"level":"info","message":"Saving screenshot to images/zoom-popover-chrome-30.0.1599.65.png","timestamp":"2014-10-09T11:24:21.319Z"}
{"level":"info","message":"Saved screenshot","timestamp":"2014-10-09T11:24:21.366Z"}
{"level":"info","message":"Clicking the help button","timestamp":"2014-10-09T11:24:21.409Z"}
{"parentElementArrayFinder":{"locator_":{"using":"css selector","value":".zoe-btn-help"}},"elementArrayFinder_":{"locator_":{"$ref":"$[\"parentElementArrayFinder\"][\"locator_\"]"}},"level":"info","message":"help button is","timestamp":"2014-10-09T11:24:21.412Z"}
{"level":"info","message":"Got help style of display: none;","timestamp":"2014-10-09T11:24:26.872Z"}
{"level":"info","message":"Saving screenshot to images/helpClose-popover-firefox-27.0.png","timestamp":"2014-10-09T11:24:26.915Z"}
{"level":"info","message":"Saved screenshot","timestamp":"2014-10-09T11:24:30.596Z"}
{"level":"info","message":"Clicking the zoom button","timestamp":"2014-10-09T11:24:30.608Z"}
{"level":"info","message":"Saving screenshot to images/zoomClose-popover-chrome-30.0.1599.65.png","timestamp":"2014-10-09T11:24:30.612Z"}
{"level":"info","message":"Saved screenshot","timestamp":"2014-10-09T11:24:30.769Z"}
{"level":"info","message":"Clicking the zoom button","timestamp":"2014-10-09T11:24:30.811Z"}
{"level":"info","message":"Saving screenshot to images/zoom-popover-firefox-27.0.png","timestamp":"2014-10-09T11:24:30.814Z"}
{"level":"info","message":"Saved screenshot","timestamp":"2014-10-09T11:24:34.310Z"}
{"level":"info","message":"Saved screenshot","timestamp":"2014-10-09T11:24:36.586Z"}
{"level":"info","message":"Clicking the zoom button","timestamp":"2014-10-09T11:24:36.596Z"}
{"level":"info","message":"Saving screenshot to images/zoomClose-popover-firefox-27.0.png","timestamp":"2014-10-09T11:24:36.600Z"}
{"level":"info","message":"Saved screenshot","timestamp":"2014-10-09T11:24:43.446Z"}
{"takesScreenshot":true,"webdriver.remote.sessionid":"11731dd82bed4e4dbd8f660344979a35","unexpectedAlertBehaviour":"dismiss","ie.browserCommandLineSwitches":"","browserAttachTimeout":0,"ie.ensureCleanSession":false,"ignoreProtectedModeSettings":false,"platform":"WINDOWS","version":"11","ignoreZoomSetting":false,"nativeEvents":true,"handlesAlerts":true,"javascriptEnabled":true,"requireWindowFocus":false,"ie.usePerProcessProxy":false,"hasMetadata":true,"initialBrowserUrl":"http://localhost:4935/","enableElementCacheCleanup":true,"cssSelectorsEnabled":true,"browserName":"internet explorer","elementScrollBehavior":0,"enablePersistentHover":true,"ie.forceCreateProcessApi":false,"level":"info","message":"","timestamp":"2014-10-09T11:24:46.802Z"}
{"level":"info","message":"undefined","timestamp":"2014-10-09T11:24:46.803Z"}
{"level":"info","message":"BROWSER IS: internet explorer","timestamp":"2014-10-09T11:24:46.803Z"}
{"level":"info","message":"Initialising file paths with browser & version","timestamp":"2014-10-09T11:24:46.803Z"}
{"level":"info","message":"Initialising file paths with browser & version","timestamp":"2014-10-09T11:24:46.803Z"}
{"level":"info","message":"Initialising file paths with browser & version","timestamp":"2014-10-09T11:24:46.803Z"}
{"level":"info","message":"Initialising file paths with browser & version","timestamp":"2014-10-09T11:24:46.803Z"}
{"level":"info","message":"Initialising file paths with browser & version","timestamp":"2014-10-09T11:24:46.803Z"}
{"level":"info","message":"Initialising file paths with browser & version","timestamp":"2014-10-09T11:24:46.803Z"}
{"level":"info","message":"Initialising file paths with browser & version","timestamp":"2014-10-09T11:24:46.803Z"}
{"level":"info","message":"Initialising file paths with browser & version","timestamp":"2014-10-09T11:24:46.803Z"}
{"level":"info","message":"Initialising file paths with browser & version","timestamp":"2014-10-09T11:24:46.803Z"}
{"level":"info","message":"Initialising file paths with browser & version","timestamp":"2014-10-09T11:24:46.803Z"}
{"level":"info","message":"Initialising file paths with browser & version","timestamp":"2014-10-09T11:24:46.803Z"}
{"level":"info","message":"Initialising file paths with browser & version","timestamp":"2014-10-09T11:24:46.803Z"}
{"level":"info","message":"Initialising file paths with browser & version","timestamp":"2014-10-09T11:24:46.803Z"}
{"level":"info","message":"Initialising file paths with browser & version","timestamp":"2014-10-09T11:24:46.803Z"}
{"level":"info","message":"Initialising file paths with browser & version","timestamp":"2014-10-09T11:24:46.803Z"}
{"level":"info","message":"Initialising file paths with browser & version","timestamp":"2014-10-09T11:24:46.803Z"}
{"level":"info","message":"Initialising file paths with browser & version","timestamp":"2014-10-09T11:24:46.803Z"}
{"level":"info","message":"Initialising file paths with browser & version","timestamp":"2014-10-09T11:24:46.803Z"}
{"level":"info","message":"Initialising file paths with browser & version","timestamp":"2014-10-09T11:24:46.803Z"}
{"level":"info","message":"Initialising file paths with browser & version","timestamp":"2014-10-09T11:24:46.803Z"}
{"level":"info","message":"Initialising file paths with browser & version","timestamp":"2014-10-09T11:24:46.803Z"}
{"level":"info","message":"Opening URL: http://jenkins.zoetrope.io:8888/v3/testInline.html","timestamp":"2014-10-09T11:24:48.220Z"}
{"level":"info","message":"Initialising file paths with browser & version","timestamp":"2014-10-09T11:24:48.220Z"}
{"level":"info","message":"Initialising file paths with browser & version","timestamp":"2014-10-09T11:24:48.220Z"}
{"level":"info","message":"Initialising file paths with browser & version","timestamp":"2014-10-09T11:24:48.220Z"}
{"level":"info","message":"Initialising file paths with browser & version","timestamp":"2014-10-09T11:24:48.220Z"}
{"level":"info","message":"Initialising file paths with browser & version","timestamp":"2014-10-09T11:24:48.220Z"}
{"level":"info","message":"Initialising file paths with browser & version","timestamp":"2014-10-09T11:24:48.220Z"}
{"level":"info","message":"Saving screenshot to images/load-inline-internet explorer-11.png","timestamp":"2014-10-09T11:24:53.101Z"}
{"level":"info","message":"Saved screenshot","timestamp":"2014-10-09T11:24:57.715Z"}
{"level":"info","message":"Clicking the help button","timestamp":"2014-10-09T11:24:57.750Z"}
{"parentElementArrayFinder":{"locator_":{"using":"css selector","value":".zoe-btn-help"}},"elementArrayFinder_":{"locator_":{"$ref":"$[\"parentElementArrayFinder\"][\"locator_\"]"}},"level":"info","message":"help button is","timestamp":"2014-10-09T11:24:57.753Z"}
{"level":"info","message":"Got help style of ","timestamp":"2014-10-09T11:24:59.977Z"}
{"level":"info","message":"Saving screenshot to images/help-inline-internet explorer-11.png","timestamp":"2014-10-09T11:25:00.021Z"}
{"level":"info","message":"Saved screenshot","timestamp":"2014-10-09T11:25:04.041Z"}
{"level":"info","message":"Clicking the help button","timestamp":"2014-10-09T11:25:04.083Z"}
{"parentElementArrayFinder":{"locator_":{"using":"css selector","value":".zoe-btn-help"}},"elementArrayFinder_":{"locator_":{"$ref":"$[\"parentElementArrayFinder\"][\"locator_\"]"}},"level":"info","message":"help button is","timestamp":"2014-10-09T11:25:04.085Z"}
{"level":"info","message":"Got help style of display: none;","timestamp":"2014-10-09T11:25:06.216Z"}
{"level":"info","message":"Saving screenshot to images/helpClose-inline-internet explorer-11.png","timestamp":"2014-10-09T11:25:06.258Z"}
{"level":"info","message":"Saved screenshot","timestamp":"2014-10-09T11:25:10.491Z"}
{"level":"info","message":"Clicking the zoom button","timestamp":"2014-10-09T11:25:10.545Z"}
{"level":"info","message":"Saving screenshot to images/zoom-inline-internet explorer-11.png","timestamp":"2014-10-09T11:25:10.549Z"}
{"level":"info","message":"Saved screenshot","timestamp":"2014-10-09T11:25:18.418Z"}
{"level":"info","message":"Clicking the zoom button","timestamp":"2014-10-09T11:25:18.430Z"}
{"level":"info","message":"Saving screenshot to images/zoomClose-inline-internet explorer-11.png","timestamp":"2014-10-09T11:25:18.434Z"}
{"level":"info","message":"Saved screenshot","timestamp":"2014-10-09T11:25:24.768Z"}
{"level":"info","message":"Opening URL: http://jenkins.zoetrope.io:8888/v3/testPopover.html","timestamp":"2014-10-09T11:25:24.796Z"}
{"level":"info","message":"Initialising file paths with browser & version","timestamp":"2014-10-09T11:25:24.796Z"}
{"level":"info","message":"Initialising file paths with browser & version","timestamp":"2014-10-09T11:25:24.796Z"}
{"level":"info","message":"Initialising file paths with browser & version","timestamp":"2014-10-09T11:25:24.796Z"}
{"level":"info","message":"Initialising file paths with browser & version","timestamp":"2014-10-09T11:25:24.796Z"}
{"level":"info","message":"Initialising file paths with browser & version","timestamp":"2014-10-09T11:25:24.796Z"}
{"level":"info","message":"Initialising file paths with browser & version","timestamp":"2014-10-09T11:25:24.796Z"}
{"level":"info","message":"Saving screenshot to images/load-popover-internet explorer-11.png","timestamp":"2014-10-09T11:25:26.395Z"}
{"level":"info","message":"Saved screenshot","timestamp":"2014-10-09T11:25:29.395Z"}
{"level":"info","message":"Clicking on widget trigger","timestamp":"2014-10-09T11:25:29.427Z"}
{"level":"info","message":"Saving screenshot to images/openWidget-popover-internet explorer-11.png","timestamp":"2014-10-09T11:25:31.976Z"}
{"level":"info","message":"Saved screenshot","timestamp":"2014-10-09T11:25:34.756Z"}
{"level":"info","message":"Clicking the help button","timestamp":"2014-10-09T11:25:34.787Z"}
{"parentElementArrayFinder":{"locator_":{"using":"css selector","value":".zoe-btn-help"}},"elementArrayFinder_":{"locator_":{"$ref":"$[\"parentElementArrayFinder\"][\"locator_\"]"}},"level":"info","message":"help button is","timestamp":"2014-10-09T11:25:34.789Z"}
{"level":"info","message":"Got help style of ","timestamp":"2014-10-09T11:25:37.018Z"}
{"level":"info","message":"Saving screenshot to images/help-popover-internet explorer-11.png","timestamp":"2014-10-09T11:25:37.061Z"}
{"takesScreenshot":true,"version":"6.1","cssSelectorsEnabled":true,"javascriptEnabled":true,"databaseEnabled":true,"locationContextEnabled":true,"platform":"MAC","browserName":"iPad","webdriver.remote.sessionid":"355c300a115143e0a0146742ff54f425","hasMetadata":true,"webStorageEnabled":true,"level":"info","message":"","timestamp":"2014-10-09T11:25:38.746Z"}
{"level":"info","message":"undefined","timestamp":"2014-10-09T11:25:38.746Z"}
{"level":"info","message":"BROWSER IS: iPad","timestamp":"2014-10-09T11:25:38.746Z"}
{"level":"info","message":"Initialising file paths with browser & version","timestamp":"2014-10-09T11:25:38.746Z"}
{"level":"info","message":"Initialising file paths with browser & version","timestamp":"2014-10-09T11:25:38.746Z"}
{"level":"info","message":"Initialising file paths with browser & version","timestamp":"2014-10-09T11:25:38.746Z"}
{"level":"info","message":"Initialising file paths with browser & version","timestamp":"2014-10-09T11:25:38.746Z"}
{"level":"info","message":"Initialising file paths with browser & version","timestamp":"2014-10-09T11:25:38.746Z"}
{"level":"info","message":"Initialising file paths with browser & version","timestamp":"2014-10-09T11:25:38.746Z"}
{"level":"info","message":"Initialising file paths with browser & version","timestamp":"2014-10-09T11:25:38.746Z"}
{"level":"info","message":"Initialising file paths with browser & version","timestamp":"2014-10-09T11:25:38.747Z"}
{"level":"info","message":"Initialising file paths with browser & version","timestamp":"2014-10-09T11:25:38.747Z"}
{"level":"info","message":"Initialising file paths with browser & version","timestamp":"2014-10-09T11:25:38.747Z"}
{"level":"info","message":"Initialising file paths with browser & version","timestamp":"2014-10-09T11:25:38.747Z"}
{"level":"info","message":"Initialising file paths with browser & version","timestamp":"2014-10-09T11:25:38.747Z"}
{"level":"info","message":"Initialising file paths with browser & version","timestamp":"2014-10-09T11:25:38.747Z"}
{"level":"info","message":"Initialising file paths with browser & version","timestamp":"2014-10-09T11:25:38.747Z"}
{"level":"info","message":"Initialising file paths with browser & version","timestamp":"2014-10-09T11:25:38.747Z"}
{"level":"info","message":"Initialising file paths with browser & version","timestamp":"2014-10-09T11:25:38.747Z"}
{"level":"info","message":"Initialising file paths with browser & version","timestamp":"2014-10-09T11:25:38.747Z"}
{"level":"info","message":"Initialising file paths with browser & version","timestamp":"2014-10-09T11:25:38.747Z"}
{"level":"info","message":"Initialising file paths with browser & version","timestamp":"2014-10-09T11:25:38.747Z"}
{"level":"info","message":"Initialising file paths with browser & version","timestamp":"2014-10-09T11:25:38.747Z"}
{"level":"info","message":"Initialising file paths with browser & version","timestamp":"2014-10-09T11:25:38.747Z"}
{"level":"info","message":"Saved screenshot","timestamp":"2014-10-09T11:25:40.001Z"}
{"level":"info","message":"Clicking the help button","timestamp":"2014-10-09T11:25:40.044Z"}
{"parentElementArrayFinder":{"locator_":{"using":"css selector","value":".zoe-btn-help"}},"elementArrayFinder_":{"locator_":{"$ref":"$[\"parentElementArrayFinder\"][\"locator_\"]"}},"level":"info","message":"help button is","timestamp":"2014-10-09T11:25:40.046Z"}
{"level":"info","message":"Opening URL: http://jenkins.zoetrope.io:8888/v3/testInline.html","timestamp":"2014-10-09T11:25:40.375Z"}
{"level":"info","message":"Initialising file paths with browser & version","timestamp":"2014-10-09T11:25:40.376Z"}
{"level":"info","message":"Initialising file paths with browser & version","timestamp":"2014-10-09T11:25:40.376Z"}
{"level":"info","message":"Initialising file paths with browser & version","timestamp":"2014-10-09T11:25:40.376Z"}
{"level":"info","message":"Initialising file paths with browser & version","timestamp":"2014-10-09T11:25:40.376Z"}
{"level":"info","message":"Initialising file paths with browser & version","timestamp":"2014-10-09T11:25:40.376Z"}
{"level":"info","message":"Initialising file paths with browser & version","timestamp":"2014-10-09T11:25:40.376Z"}
{"level":"info","message":"Got help style of display: none;","timestamp":"2014-10-09T11:25:43.228Z"}
{"level":"info","message":"Saving screenshot to images/helpClose-popover-internet explorer-11.png","timestamp":"2014-10-09T11:25:43.270Z"}
{"level":"info","message":"Saving screenshot to images/load-inline-iPad-6.1.png","timestamp":"2014-10-09T11:25:46.409Z"}
{"level":"info","message":"Saved screenshot","timestamp":"2014-10-09T11:25:47.659Z"}
{"level":"info","message":"Clicking the zoom button","timestamp":"2014-10-09T11:25:47.700Z"}
{"level":"info","message":"Saving screenshot to images/zoom-popover-internet explorer-11.png","timestamp":"2014-10-09T11:25:47.703Z"}
{"level":"info","message":"Saved screenshot","timestamp":"2014-10-09T11:25:49.951Z"}
{"level":"info","message":"Clicking the help button","timestamp":"2014-10-09T11:25:49.983Z"}
{"parentElementArrayFinder":{"locator_":{"using":"css selector","value":".zoe-btn-help"}},"elementArrayFinder_":{"locator_":{"$ref":"$[\"parentElementArrayFinder\"][\"locator_\"]"}},"level":"info","message":"help button is","timestamp":"2014-10-09T11:25:49.985Z"}
{"level":"info","message":"Got help style of ","timestamp":"2014-10-09T11:25:53.719Z"}
{"level":"info","message":"Saving screenshot to images/help-inline-iPad-6.1.png","timestamp":"2014-10-09T11:25:53.763Z"}
{"level":"info","message":"Saved screenshot","timestamp":"2014-10-09T11:25:54.402Z"}
{"level":"info","message":"Clicking the zoom button","timestamp":"2014-10-09T11:25:54.412Z"}
{"level":"info","message":"Saving screenshot to images/zoomClose-popover-internet explorer-11.png","timestamp":"2014-10-09T11:25:54.416Z"}
{"level":"info","message":"Saved screenshot","timestamp":"2014-10-09T11:25:56.406Z"}
{"level":"info","message":"Clicking the help button","timestamp":"2014-10-09T11:25:56.451Z"}
{"parentElementArrayFinder":{"locator_":{"using":"css selector","value":".zoe-btn-help"}},"elementArrayFinder_":{"locator_":{"$ref":"$[\"parentElementArrayFinder\"][\"locator_\"]"}},"level":"info","message":"help button is","timestamp":"2014-10-09T11:25:56.453Z"}
{"level":"info","message":"Got help style of display: none; ","timestamp":"2014-10-09T11:25:59.968Z"}
{"level":"info","message":"Saving screenshot to images/helpClose-inline-iPad-6.1.png","timestamp":"2014-10-09T11:26:00.010Z"}
{"level":"info","message":"Saved screenshot","timestamp":"2014-10-09T11:26:00.209Z"}
{"level":"info","message":"Saved screenshot","timestamp":"2014-10-09T11:26:03.130Z"}
{"level":"info","message":"Clicking the zoom button","timestamp":"2014-10-09T11:26:03.173Z"}
{"level":"info","message":"Saving screenshot to images/zoom-inline-iPad-6.1.png","timestamp":"2014-10-09T11:26:03.176Z"}
{"level":"info","message":"Saved screenshot","timestamp":"2014-10-09T11:26:11.233Z"}
{"level":"info","message":"Clicking the zoom button","timestamp":"2014-10-09T11:26:11.244Z"}
{"level":"info","message":"Saving screenshot to images/zoomClose-inline-iPad-6.1.png","timestamp":"2014-10-09T11:26:11.249Z"}
{"level":"info","message":"Saved screenshot","timestamp":"2014-10-09T11:26:18.135Z"}
{"level":"info","message":"Opening URL: http://jenkins.zoetrope.io:8888/v3/testPopover.html","timestamp":"2014-10-09T11:26:18.159Z"}
{"level":"info","message":"Initialising file paths with browser & version","timestamp":"2014-10-09T11:26:18.159Z"}
{"level":"info","message":"Initialising file paths with browser & version","timestamp":"2014-10-09T11:26:18.159Z"}
{"level":"info","message":"Initialising file paths with browser & version","timestamp":"2014-10-09T11:26:18.159Z"}
{"level":"info","message":"Initialising file paths with browser & version","timestamp":"2014-10-09T11:26:18.159Z"}
{"level":"info","message":"Initialising file paths with browser & version","timestamp":"2014-10-09T11:26:18.159Z"}
{"level":"info","message":"Initialising file paths with browser & version","timestamp":"2014-10-09T11:26:18.159Z"}
{"level":"info","message":"Saving screenshot to images/load-popover-iPad-6.1.png","timestamp":"2014-10-09T11:26:19.649Z"}
{"level":"info","message":"Saved screenshot","timestamp":"2014-10-09T11:26:22.760Z"}
{"level":"info","message":"Clicking on widget trigger","timestamp":"2014-10-09T11:26:22.795Z"}
{"level":"info","message":"Saving screenshot to images/openWidget-popover-iPad-6.1.png","timestamp":"2014-10-09T11:26:25.478Z"}
{"level":"info","message":"Saved screenshot","timestamp":"2014-10-09T11:26:28.642Z"}
{"level":"info","message":"Clicking the help button","timestamp":"2014-10-09T11:26:28.673Z"}
{"parentElementArrayFinder":{"locator_":{"using":"css selector","value":".zoe-btn-help"}},"elementArrayFinder_":{"locator_":{"$ref":"$[\"parentElementArrayFinder\"][\"locator_\"]"}},"level":"info","message":"help button is","timestamp":"2014-10-09T11:26:28.676Z"}
{"level":"info","message":"Got help style of ","timestamp":"2014-10-09T11:26:31.993Z"}
{"level":"info","message":"Saving screenshot to images/help-popover-iPad-6.1.png","timestamp":"2014-10-09T11:26:32.034Z"}
{"level":"info","message":"Saved screenshot","timestamp":"2014-10-09T11:26:35.643Z"}
{"level":"info","message":"Clicking the help button","timestamp":"2014-10-09T11:26:35.697Z"}
{"parentElementArrayFinder":{"locator_":{"using":"css selector","value":".zoe-btn-help"}},"elementArrayFinder_":{"locator_":{"$ref":"$[\"parentElementArrayFinder\"][\"locator_\"]"}},"level":"info","message":"help button is","timestamp":"2014-10-09T11:26:35.699Z"}
{"level":"info","message":"Got help style of display: none; ","timestamp":"2014-10-09T11:26:39.050Z"}
{"level":"info","message":"Saving screenshot to images/helpClose-popover-iPad-6.1.png","timestamp":"2014-10-09T11:26:39.091Z"}
{"level":"info","message":"Saved screenshot","timestamp":"2014-10-09T11:26:41.954Z"}
{"level":"info","message":"Clicking the zoom button","timestamp":"2014-10-09T11:26:41.995Z"}
{"level":"info","message":"Saving screenshot to images/zoom-popover-iPad-6.1.png","timestamp":"2014-10-09T11:26:41.998Z"}
{"level":"info","message":"Saved screenshot","timestamp":"2014-10-09T11:26:48.574Z"}
{"level":"info","message":"Clicking the zoom button","timestamp":"2014-10-09T11:26:48.586Z"}
{"level":"info","message":"Saving screenshot to images/zoomClose-popover-iPad-6.1.png","timestamp":"2014-10-09T11:26:48.589Z"}
{"level":"info","message":"Saved screenshot","timestamp":"2014-10-09T11:26:53.799Z"}
{"takesScreenshot":true,"version":"6.1","cssSelectorsEnabled":true,"javascriptEnabled":true,"databaseEnabled":true,"locationContextEnabled":true,"platform":"MAC","browserName":"iPhone","webdriver.remote.sessionid":"936c24d6636b49da8306ebf05262125c","hasMetadata":true,"webStorageEnabled":true,"level":"info","message":"","timestamp":"2014-10-09T11:26:54.394Z"}
{"level":"info","message":"undefined","timestamp":"2014-10-09T11:26:54.394Z"}
{"level":"info","message":"BROWSER IS: iPhone","timestamp":"2014-10-09T11:26:54.394Z"}
{"level":"info","message":"Initialising file paths with browser & version","timestamp":"2014-10-09T11:26:54.395Z"}
{"level":"info","message":"Initialising file paths with browser & version","timestamp":"2014-10-09T11:26:54.395Z"}
{"level":"info","message":"Initialising file paths with browser & version","timestamp":"2014-10-09T11:26:54.395Z"}
{"level":"info","message":"Initialising file paths with browser & version","timestamp":"2014-10-09T11:26:54.395Z"}
{"level":"info","message":"Initialising file paths with browser & version","timestamp":"2014-10-09T11:26:54.395Z"}
{"level":"info","message":"Initialising file paths with browser & version","timestamp":"2014-10-09T11:26:54.395Z"}
{"level":"info","message":"Initialising file paths with browser & version","timestamp":"2014-10-09T11:26:54.395Z"}
{"level":"info","message":"Initialising file paths with browser & version","timestamp":"2014-10-09T11:26:54.395Z"}
{"level":"info","message":"Initialising file paths with browser & version","timestamp":"2014-10-09T11:26:54.395Z"}
{"level":"info","message":"Initialising file paths with browser & version","timestamp":"2014-10-09T11:26:54.395Z"}
{"level":"info","message":"Initialising file paths with browser & version","timestamp":"2014-10-09T11:26:54.395Z"}
{"level":"info","message":"Initialising file paths with browser & version","timestamp":"2014-10-09T11:26:54.395Z"}
{"level":"info","message":"Initialising file paths with browser & version","timestamp":"2014-10-09T11:26:54.395Z"}
{"level":"info","message":"Initialising file paths with browser & version","timestamp":"2014-10-09T11:26:54.395Z"}
{"level":"info","message":"Initialising file paths with browser & version","timestamp":"2014-10-09T11:26:54.395Z"}
{"level":"info","message":"Initialising file paths with browser & version","timestamp":"2014-10-09T11:26:54.395Z"}
{"level":"info","message":"Initialising file paths with browser & version","timestamp":"2014-10-09T11:26:54.395Z"}
{"level":"info","message":"Initialising file paths with browser & version","timestamp":"2014-10-09T11:26:54.395Z"}
{"level":"info","message":"Initialising file paths with browser & version","timestamp":"2014-10-09T11:26:54.395Z"}
{"level":"info","message":"Initialising file paths with browser & version","timestamp":"2014-10-09T11:26:54.395Z"}
{"level":"info","message":"Initialising file paths with browser & version","timestamp":"2014-10-09T11:26:54.395Z"}
{"level":"info","message":"Opening URL: http://jenkins.zoetrope.io:8888/v3/testInline.html","timestamp":"2014-10-09T11:26:55.998Z"}
{"level":"info","message":"Initialising file paths with browser & version","timestamp":"2014-10-09T11:26:55.998Z"}
{"level":"info","message":"Initialising file paths with browser & version","timestamp":"2014-10-09T11:26:55.998Z"}
{"level":"info","message":"Initialising file paths with browser & version","timestamp":"2014-10-09T11:26:55.998Z"}
{"level":"info","message":"Initialising file paths with browser & version","timestamp":"2014-10-09T11:26:55.998Z"}
{"level":"info","message":"Initialising file paths with browser & version","timestamp":"2014-10-09T11:26:55.998Z"}
{"level":"info","message":"Initialising file paths with browser & version","timestamp":"2014-10-09T11:26:55.998Z"}
{"level":"info","message":"Saving screenshot to images/load-inline-iPhone-6.1.png","timestamp":"2014-10-09T11:27:00.501Z"}
{"level":"info","message":"Saved screenshot","timestamp":"2014-10-09T11:27:03.044Z"}
{"level":"info","message":"Clicking the help button","timestamp":"2014-10-09T11:27:03.075Z"}
{"parentElementArrayFinder":{"locator_":{"using":"css selector","value":".zoe-btn-help"}},"elementArrayFinder_":{"locator_":{"$ref":"$[\"parentElementArrayFinder\"][\"locator_\"]"}},"level":"info","message":"help button is","timestamp":"2014-10-09T11:27:03.078Z"}
{"level":"info","message":"Got help style of ","timestamp":"2014-10-09T11:27:06.373Z"}
{"level":"info","message":"Saving screenshot to images/help-inline-iPhone-6.1.png","timestamp":"2014-10-09T11:27:06.417Z"}
{"level":"info","message":"Saved screenshot","timestamp":"2014-10-09T11:27:09.285Z"}
{"level":"info","message":"Clicking the help button","timestamp":"2014-10-09T11:27:09.329Z"}
{"parentElementArrayFinder":{"locator_":{"using":"css selector","value":".zoe-btn-help"}},"elementArrayFinder_":{"locator_":{"$ref":"$[\"parentElementArrayFinder\"][\"locator_\"]"}},"level":"info","message":"help button is","timestamp":"2014-10-09T11:27:09.331Z"}
{"level":"info","message":"Got help style of display: none; ","timestamp":"2014-10-09T11:27:12.967Z"}
{"level":"info","message":"Saving screenshot to images/helpClose-inline-iPhone-6.1.png","timestamp":"2014-10-09T11:27:13.008Z"}
{"level":"info","message":"Saved screenshot","timestamp":"2014-10-09T11:27:15.744Z"}
{"level":"info","message":"Clicking the zoom button","timestamp":"2014-10-09T11:27:15.786Z"}
{"level":"info","message":"Saving screenshot to images/zoom-inline-iPhone-6.1.png","timestamp":"2014-10-09T11:27:15.790Z"}
{"rotatable":true,"browserConnectionEnabled":true,"acceptSslCerts":true,"cssSelectorsEnabled":true,"javascriptEnabled":true,"locationContextEnabled":true,"takesScreenshot":true,"platform":"ANDROID","browserName":"android","webdriver.remote.sessionid":"82194dead23c4a3aa9b36dad247d58c5","hasMetadata":true,"version":"18","applicationCacheEnabled":true,"webStorageEnabled":true,"handlesAlerts":true,"level":"info","message":"","timestamp":"2014-10-09T11:27:18.615Z"}
{"level":"info","message":"undefined","timestamp":"2014-10-09T11:27:18.615Z"}
{"level":"info","message":"BROWSER IS: android","timestamp":"2014-10-09T11:27:18.615Z"}
{"level":"info","message":"Initialising file paths with browser & version","timestamp":"2014-10-09T11:27:18.615Z"}
{"level":"info","message":"Initialising file paths with browser & version","timestamp":"2014-10-09T11:27:18.615Z"}
{"level":"info","message":"Initialising file paths with browser & version","timestamp":"2014-10-09T11:27:18.615Z"}
{"level":"info","message":"Initialising file paths with browser & version","timestamp":"2014-10-09T11:27:18.616Z"}
{"level":"info","message":"Initialising file paths with browser & version","timestamp":"2014-10-09T11:27:18.616Z"}
{"level":"info","message":"Initialising file paths with browser & version","timestamp":"2014-10-09T11:27:18.616Z"}
{"level":"info","message":"Initialising file paths with browser & version","timestamp":"2014-10-09T11:27:18.616Z"}
{"level":"info","message":"Initialising file paths with browser & version","timestamp":"2014-10-09T11:27:18.616Z"}
{"level":"info","message":"Initialising file paths with browser & version","timestamp":"2014-10-09T11:27:18.616Z"}
{"level":"info","message":"Initialising file paths with browser & version","timestamp":"2014-10-09T11:27:18.616Z"}
{"level":"info","message":"Initialising file paths with browser & version","timestamp":"2014-10-09T11:27:18.616Z"}
{"level":"info","message":"Initialising file paths with browser & version","timestamp":"2014-10-09T11:27:18.616Z"}
{"level":"info","message":"Initialising file paths with browser & version","timestamp":"2014-10-09T11:27:18.616Z"}
{"level":"info","message":"Initialising file paths with browser & version","timestamp":"2014-10-09T11:27:18.616Z"}
{"level":"info","message":"Initialising file paths with browser & version","timestamp":"2014-10-09T11:27:18.616Z"}
{"level":"info","message":"Initialising file paths with browser & version","timestamp":"2014-10-09T11:27:18.616Z"}
{"level":"info","message":"Initialising file paths with browser & version","timestamp":"2014-10-09T11:27:18.616Z"}
{"level":"info","message":"Initialising file paths with browser & version","timestamp":"2014-10-09T11:27:18.616Z"}
{"level":"info","message":"Initialising file paths with browser & version","timestamp":"2014-10-09T11:27:18.616Z"}
{"level":"info","message":"Initialising file paths with browser & version","timestamp":"2014-10-09T11:27:18.616Z"}
{"level":"info","message":"Initialising file paths with browser & version","timestamp":"2014-10-09T11:27:18.616Z"}
{"level":"info","message":"Opening URL: http://jenkins.zoetrope.io:8888/v3/testInline.html","timestamp":"2014-10-09T11:27:20.059Z"}
{"level":"info","message":"Initialising file paths with browser & version","timestamp":"2014-10-09T11:27:20.059Z"}
{"level":"info","message":"Initialising file paths with browser & version","timestamp":"2014-10-09T11:27:20.059Z"}
{"level":"info","message":"Initialising file paths with browser & version","timestamp":"2014-10-09T11:27:20.059Z"}
{"level":"info","message":"Initialising file paths with browser & version","timestamp":"2014-10-09T11:27:20.059Z"}
{"level":"info","message":"Initialising file paths with browser & version","timestamp":"2014-10-09T11:27:20.059Z"}
{"level":"info","message":"Initialising file paths with browser & version","timestamp":"2014-10-09T11:27:20.059Z"}
{"level":"info","message":"Saved screenshot","timestamp":"2014-10-09T11:27:23.841Z"}
{"level":"info","message":"Clicking the zoom button","timestamp":"2014-10-09T11:27:23.866Z"}
{"level":"info","message":"Saving screenshot to images/zoomClose-inline-iPhone-6.1.png","timestamp":"2014-10-09T11:27:23.870Z"}
{"level":"info","message":"Saved screenshot","timestamp":"2014-10-09T11:27:30.305Z"}
{"level":"info","message":"Opening URL: http://jenkins.zoetrope.io:8888/v3/testPopover.html","timestamp":"2014-10-09T11:27:30.318Z"}
{"level":"info","message":"Initialising file paths with browser & version","timestamp":"2014-10-09T11:27:30.318Z"}
{"level":"info","message":"Initialising file paths with browser & version","timestamp":"2014-10-09T11:27:30.318Z"}
{"level":"info","message":"Initialising file paths with browser & version","timestamp":"2014-10-09T11:27:30.318Z"}
{"level":"info","message":"Initialising file paths with browser & version","timestamp":"2014-10-09T11:27:30.318Z"}
{"level":"info","message":"Initialising file paths with browser & version","timestamp":"2014-10-09T11:27:30.318Z"}
{"level":"info","message":"Initialising file paths with browser & version","timestamp":"2014-10-09T11:27:30.318Z"}
{"level":"info","message":"Saving screenshot to images/load-popover-iPhone-6.1.png","timestamp":"2014-10-09T11:27:32.040Z"}
{"level":"info","message":"Saving screenshot to images/load-inline-android-18.png","timestamp":"2014-10-09T11:27:33.320Z"}
{"level":"info","message":"Saved screenshot","timestamp":"2014-10-09T11:27:35.173Z"}
{"level":"info","message":"Clicking the help button","timestamp":"2014-10-09T11:27:35.209Z"}
{"parentElementArrayFinder":{"locator_":{"using":"css selector","value":".zoe-btn-help"}},"elementArrayFinder_":{"locator_":{"$ref":"$[\"parentElementArrayFinder\"][\"locator_\"]"}},"level":"info","message":"help button is","timestamp":"2014-10-09T11:27:35.211Z"}
{"level":"info","message":"Saved screenshot","timestamp":"2014-10-09T11:27:35.928Z"}
{"level":"info","message":"Clicking on widget trigger","timestamp":"2014-10-09T11:27:35.959Z"}
{"level":"info","message":"Saving screenshot to images/openWidget-popover-iPhone-6.1.png","timestamp":"2014-10-09T11:27:38.173Z"}
{"level":"info","message":"Got help style of ","timestamp":"2014-10-09T11:27:38.705Z"}
{"level":"info","message":"Saving screenshot to images/help-inline-android-18.png","timestamp":"2014-10-09T11:27:38.748Z"}
{"level":"info","message":"Saved screenshot","timestamp":"2014-10-09T11:27:40.444Z"}
{"level":"info","message":"Saved screenshot","timestamp":"2014-10-09T11:27:40.479Z"}
{"level":"info","message":"Clicking the help button","timestamp":"2014-10-09T11:27:40.499Z"}
{"parentElementArrayFinder":{"locator_":{"using":"css selector","value":".zoe-btn-help"}},"elementArrayFinder_":{"locator_":{"$ref":"$[\"parentElementArrayFinder\"][\"locator_\"]"}},"level":"info","message":"help button is","timestamp":"2014-10-09T11:27:40.502Z"}
{"level":"info","message":"Clicking the help button","timestamp":"2014-10-09T11:27:40.511Z"}
{"parentElementArrayFinder":{"locator_":{"using":"css selector","value":".zoe-btn-help"}},"elementArrayFinder_":{"locator_":{"$ref":"$[\"parentElementArrayFinder\"][\"locator_\"]"}},"level":"info","message":"help button is","timestamp":"2014-10-09T11:27:40.513Z"}
{"level":"info","message":"Got help style of ","timestamp":"2014-10-09T11:27:43.885Z"}
{"level":"info","message":"Got help style of display: none; ","timestamp":"2014-10-09T11:27:43.907Z"}
{"level":"info","message":"Saving screenshot to images/help-popover-iPhone-6.1.png","timestamp":"2014-10-09T11:27:43.927Z"}
{"level":"info","message":"Saving screenshot to images/helpClose-inline-android-18.png","timestamp":"2014-10-09T11:27:43.949Z"}
{"level":"info","message":"Saved screenshot","timestamp":"2014-10-09T11:27:46.753Z"}
{"level":"info","message":"Clicking the zoom button","timestamp":"2014-10-09T11:27:46.810Z"}
{"level":"info","message":"Saving screenshot to images/zoom-inline-android-18.png","timestamp":"2014-10-09T11:27:46.814Z"}
{"level":"info","message":"Saved screenshot","timestamp":"2014-10-09T11:27:48.572Z"}
{"level":"info","message":"Clicking the help button","timestamp":"2014-10-09T11:27:48.618Z"}
{"parentElementArrayFinder":{"locator_":{"using":"css selector","value":".zoe-btn-help"}},"elementArrayFinder_":{"locator_":{"$ref":"$[\"parentElementArrayFinder\"][\"locator_\"]"}},"level":"info","message":"help button is","timestamp":"2014-10-09T11:27:48.620Z"}
{"level":"info","message":"Got help style of display: none; ","timestamp":"2014-10-09T11:27:51.924Z"}
{"level":"info","message":"Saving screenshot to images/helpClose-popover-iPhone-6.1.png","timestamp":"2014-10-09T11:27:51.966Z"}
{"level":"info","message":"Saved screenshot","timestamp":"2014-10-09T11:27:54.099Z"}
{"level":"info","message":"Saved screenshot","timestamp":"2014-10-09T11:27:54.116Z"}
{"level":"info","message":"Clicking the zoom button","timestamp":"2014-10-09T11:27:54.127Z"}
{"level":"info","message":"Saving screenshot to images/zoomClose-inline-android-18.png","timestamp":"2014-10-09T11:27:54.131Z"}
{"level":"info","message":"Clicking the zoom button","timestamp":"2014-10-09T11:27:54.144Z"}
{"level":"info","message":"Saving screenshot to images/zoom-popover-iPhone-6.1.png","timestamp":"2014-10-09T11:27:54.148Z"}
{"level":"info","message":"Saved screenshot","timestamp":"2014-10-09T11:27:58.541Z"}
{"level":"info","message":"Opening URL: http://jenkins.zoetrope.io:8888/v3/testPopover.html","timestamp":"2014-10-09T11:27:58.554Z"}
{"level":"info","message":"Initialising file paths with browser & version","timestamp":"2014-10-09T11:27:58.554Z"}
{"level":"info","message":"Initialising file paths with browser & version","timestamp":"2014-10-09T11:27:58.555Z"}
{"level":"info","message":"Initialising file paths with browser & version","timestamp":"2014-10-09T11:27:58.555Z"}
{"level":"info","message":"Initialising file paths with browser & version","timestamp":"2014-10-09T11:27:58.555Z"}
{"level":"info","message":"Initialising file paths with browser & version","timestamp":"2014-10-09T11:27:58.555Z"}
{"level":"info","message":"Initialising file paths with browser & version","timestamp":"2014-10-09T11:27:58.555Z"}
{"level":"info","message":"Saved screenshot","timestamp":"2014-10-09T11:28:02.616Z"}
{"level":"info","message":"Clicking the zoom button","timestamp":"2014-10-09T11:28:02.629Z"}
{"level":"info","message":"Saving screenshot to images/zoomClose-popover-iPhone-6.1.png","timestamp":"2014-10-09T11:28:02.632Z"}
{"level":"info","message":"Saving screenshot to images/load-popover-android-18.png","timestamp":"2014-10-09T11:28:06.417Z"}
{"level":"info","message":"Saved screenshot","timestamp":"2014-10-09T11:28:07.430Z"}
{"level":"info","message":"Saved screenshot","timestamp":"2014-10-09T11:28:09.301Z"}
{"level":"info","message":"Clicking on widget trigger","timestamp":"2014-10-09T11:28:09.342Z"}
{"level":"info","message":"Saving screenshot to images/openWidget-popover-android-18.png","timestamp":"2014-10-09T11:28:11.736Z"}
{"level":"info","message":"Saved screenshot","timestamp":"2014-10-09T11:28:14.141Z"}
{"level":"info","message":"Clicking the help button","timestamp":"2014-10-09T11:28:14.173Z"}
{"parentElementArrayFinder":{"locator_":{"using":"css selector","value":".zoe-btn-help"}},"elementArrayFinder_":{"locator_":{"$ref":"$[\"parentElementArrayFinder\"][\"locator_\"]"}},"level":"info","message":"help button is","timestamp":"2014-10-09T11:28:14.175Z"}
{"level":"info","message":"Got help style of ","timestamp":"2014-10-09T11:28:17.515Z"}
{"level":"info","message":"Saving screenshot to images/help-popover-android-18.png","timestamp":"2014-10-09T11:28:17.559Z"}
{"level":"info","message":"Saved screenshot","timestamp":"2014-10-09T11:28:19.580Z"}
{"level":"info","message":"Clicking the help button","timestamp":"2014-10-09T11:28:19.624Z"}
{"parentElementArrayFinder":{"locator_":{"using":"css selector","value":".zoe-btn-help"}},"elementArrayFinder_":{"locator_":{"$ref":"$[\"parentElementArrayFinder\"][\"locator_\"]"}},"level":"info","message":"help button is","timestamp":"2014-10-09T11:28:19.626Z"}
{"level":"info","message":"Got help style of display: none; ","timestamp":"2014-10-09T11:28:22.896Z"}
{"level":"info","message":"Saving screenshot to images/helpClose-popover-android-18.png","timestamp":"2014-10-09T11:28:22.938Z"}
{"level":"info","message":"Saved screenshot","timestamp":"2014-10-09T11:28:25.048Z"}
{"level":"info","message":"Clicking the zoom button","timestamp":"2014-10-09T11:28:25.096Z"}
{"level":"info","message":"Saving screenshot to images/zoom-popover-android-18.png","timestamp":"2014-10-09T11:28:25.099Z"}
{"takesScreenshot":true,"version":"6.0.5","cssSelectorsEnabled":true,"javascriptEnabled":true,"browserName":"safari","platform":"MAC","secureSsl":true,"webdriver.remote.sessionid":"5d9a09dfe96f404abf739ad39a1ce130","hasMetadata":true,"level":"info","message":"","timestamp":"2014-10-09T11:28:29.887Z"}
{"level":"info","message":"undefined","timestamp":"2014-10-09T11:28:29.888Z"}
{"level":"info","message":"BROWSER IS: safari","timestamp":"2014-10-09T11:28:29.888Z"}
{"level":"info","message":"Initialising file paths with browser & version","timestamp":"2014-10-09T11:28:29.888Z"}
{"level":"info","message":"Initialising file paths with browser & version","timestamp":"2014-10-09T11:28:29.888Z"}
{"level":"info","message":"Initialising file paths with browser & version","timestamp":"2014-10-09T11:28:29.888Z"}
{"level":"info","message":"Initialising file paths with browser & version","timestamp":"2014-10-09T11:28:29.888Z"}
{"level":"info","message":"Initialising file paths with browser & version","timestamp":"2014-10-09T11:28:29.888Z"}
{"level":"info","message":"Initialising file paths with browser & version","timestamp":"2014-10-09T11:28:29.888Z"}
{"level":"info","message":"Initialising file paths with browser & version","timestamp":"2014-10-09T11:28:29.888Z"}
{"level":"info","message":"Initialising file paths with browser & version","timestamp":"2014-10-09T11:28:29.888Z"}
{"level":"info","message":"Initialising file paths with browser & version","timestamp":"2014-10-09T11:28:29.888Z"}
{"level":"info","message":"Initialising file paths with browser & version","timestamp":"2014-10-09T11:28:29.889Z"}
{"level":"info","message":"Initialising file paths with browser & version","timestamp":"2014-10-09T11:28:29.889Z"}
{"level":"info","message":"Initialising file paths with browser & version","timestamp":"2014-10-09T11:28:29.889Z"}
{"level":"info","message":"Initialising file paths with browser & version","timestamp":"2014-10-09T11:28:29.889Z"}
{"level":"info","message":"Initialising file paths with browser & version","timestamp":"2014-10-09T11:28:29.889Z"}
{"level":"info","message":"Initialising file paths with browser & version","timestamp":"2014-10-09T11:28:29.889Z"}
{"level":"info","message":"Initialising file paths with browser & version","timestamp":"2014-10-09T11:28:29.889Z"}
{"level":"info","message":"Initialising file paths with browser & version","timestamp":"2014-10-09T11:28:29.889Z"}
{"level":"info","message":"Initialising file paths with browser & version","timestamp":"2014-10-09T11:28:29.889Z"}
{"level":"info","message":"Initialising file paths with browser & version","timestamp":"2014-10-09T11:28:29.889Z"}
{"level":"info","message":"Initialising file paths with browser & version","timestamp":"2014-10-09T11:28:29.889Z"}
{"level":"info","message":"Initialising file paths with browser & version","timestamp":"2014-10-09T11:28:29.889Z"}
{"level":"info","message":"Opening URL: http://jenkins.zoetrope.io:8888/v3/testInline.html","timestamp":"2014-10-09T11:28:31.319Z"}
{"level":"info","message":"Initialising file paths with browser & version","timestamp":"2014-10-09T11:28:31.319Z"}
{"level":"info","message":"Initialising file paths with browser & version","timestamp":"2014-10-09T11:28:31.319Z"}
{"level":"info","message":"Initialising file paths with browser & version","timestamp":"2014-10-09T11:28:31.319Z"}
{"level":"info","message":"Initialising file paths with browser & version","timestamp":"2014-10-09T11:28:31.320Z"}
{"level":"info","message":"Initialising file paths with browser & version","timestamp":"2014-10-09T11:28:31.320Z"}
{"level":"info","message":"Initialising file paths with browser & version","timestamp":"2014-10-09T11:28:31.320Z"}
{"level":"info","message":"Saved screenshot","timestamp":"2014-10-09T11:28:32.566Z"}
{"level":"info","message":"Clicking the zoom button","timestamp":"2014-10-09T11:28:32.581Z"}
{"level":"info","message":"Saving screenshot to images/zoomClose-popover-android-18.png","timestamp":"2014-10-09T11:28:32.584Z"}
{"level":"info","message":"Saving screenshot to images/load-inline-safari-6.0.5.png","timestamp":"2014-10-09T11:28:37.230Z"}
{"level":"info","message":"Saved screenshot","timestamp":"2014-10-09T11:28:37.651Z"}
{"level":"info","message":"Saved screenshot","timestamp":"2014-10-09T11:28:39.967Z"}
{"level":"info","message":"Clicking the help button","timestamp":"2014-10-09T11:28:40.002Z"}
{"parentElementArrayFinder":{"locator_":{"using":"css selector","value":".zoe-btn-help"}},"elementArrayFinder_":{"locator_":{"$ref":"$[\"parentElementArrayFinder\"][\"locator_\"]"}},"level":"info","message":"help button is","timestamp":"2014-10-09T11:28:40.005Z"}
{"level":"info","message":"Got help style of ","timestamp":"2014-10-09T11:28:42.300Z"}
{"level":"info","message":"Saving screenshot to images/help-inline-safari-6.0.5.png","timestamp":"2014-10-09T11:28:42.343Z"}
{"level":"info","message":"Saved screenshot","timestamp":"2014-10-09T11:28:44.256Z"}
{"level":"info","message":"Clicking the help button","timestamp":"2014-10-09T11:28:44.299Z"}
{"parentElementArrayFinder":{"locator_":{"using":"css selector","value":".zoe-btn-help"}},"elementArrayFinder_":{"locator_":{"$ref":"$[\"parentElementArrayFinder\"][\"locator_\"]"}},"level":"info","message":"help button is","timestamp":"2014-10-09T11:28:44.302Z"}
{"level":"info","message":"Got help style of display: none; ","timestamp":"2014-10-09T11:28:46.446Z"}
{"level":"info","message":"Saving screenshot to images/helpClose-inline-safari-6.0.5.png","timestamp":"2014-10-09T11:28:46.488Z"}
{"level":"info","message":"Saved screenshot","timestamp":"2014-10-09T11:28:48.564Z"}
{"level":"info","message":"Clicking the zoom button","timestamp":"2014-10-09T11:28:48.609Z"}
{"level":"info","message":"Saving screenshot to images/zoom-inline-safari-6.0.5.png","timestamp":"2014-10-09T11:28:48.613Z"}
{"level":"info","message":"Saved screenshot","timestamp":"2014-10-09T11:28:53.931Z"}
{"level":"info","message":"Clicking the zoom button","timestamp":"2014-10-09T11:28:53.955Z"}
{"level":"info","message":"Saving screenshot to images/zoomClose-inline-safari-6.0.5.png","timestamp":"2014-10-09T11:28:53.959Z"}
{"level":"info","message":"Saved screenshot","timestamp":"2014-10-09T11:28:57.735Z"}
{"level":"info","message":"Opening URL: http://jenkins.zoetrope.io:8888/v3/testPopover.html","timestamp":"2014-10-09T11:28:57.749Z"}
{"level":"info","message":"Initialising file paths with browser & version","timestamp":"2014-10-09T11:28:57.749Z"}
{"level":"info","message":"Initialising file paths with browser & version","timestamp":"2014-10-09T11:28:57.749Z"}
{"level":"info","message":"Initialising file paths with browser & version","timestamp":"2014-10-09T11:28:57.749Z"}
{"level":"info","message":"Initialising file paths with browser & version","timestamp":"2014-10-09T11:28:57.749Z"}
{"level":"info","message":"Initialising file paths with browser & version","timestamp":"2014-10-09T11:28:57.749Z"}
{"level":"info","message":"Initialising file paths with browser & version","timestamp":"2014-10-09T11:28:57.749Z"}
{"level":"info","message":"Saving screenshot to images/load-popover-safari-6.0.5.png","timestamp":"2014-10-09T11:28:58.790Z"}
{"level":"info","message":"Saved screenshot","timestamp":"2014-10-09T11:29:01.813Z"}
{"level":"info","message":"Clicking on widget trigger","timestamp":"2014-10-09T11:29:01.844Z"}
{"level":"info","message":"Saving screenshot to images/openWidget-popover-safari-6.0.5.png","timestamp":"2014-10-09T11:29:03.356Z"}
{"level":"info","message":"Saved screenshot","timestamp":"2014-10-09T11:29:08.380Z"}
{"level":"info","message":"Clicking the help button","timestamp":"2014-10-09T11:29:08.411Z"}
{"parentElementArrayFinder":{"locator_":{"using":"css selector","value":".zoe-btn-help"}},"elementArrayFinder_":{"locator_":{"$ref":"$[\"parentElementArrayFinder\"][\"locator_\"]"}},"level":"info","message":"help button is","timestamp":"2014-10-09T11:29:08.414Z"}
{"level":"info","message":"Got help style of ","timestamp":"2014-10-09T11:29:10.598Z"}
{"level":"info","message":"Saving screenshot to images/help-popover-safari-6.0.5.png","timestamp":"2014-10-09T11:29:10.639Z"}
{"level":"info","message":"Saved screenshot","timestamp":"2014-10-09T11:29:15.901Z"}
{"level":"info","message":"Clicking the help button","timestamp":"2014-10-09T11:29:15.943Z"}
{"parentElementArrayFinder":{"locator_":{"using":"css selector","value":".zoe-btn-help"}},"elementArrayFinder_":{"locator_":{"$ref":"$[\"parentElementArrayFinder\"][\"locator_\"]"}},"level":"info","message":"help button is","timestamp":"2014-10-09T11:29:15.945Z"}
{"level":"info","message":"Got help style of display: none; ","timestamp":"2014-10-09T11:29:18.129Z"}
{"level":"info","message":"Saving screenshot to images/helpClose-popover-safari-6.0.5.png","timestamp":"2014-10-09T11:29:18.170Z"}
{"level":"info","message":"Saved screenshot","timestamp":"2014-10-09T11:29:23.000Z"}
{"level":"info","message":"Clicking the zoom button","timestamp":"2014-10-09T11:29:23.040Z"}
{"level":"info","message":"Saving screenshot to images/zoom-popover-safari-6.0.5.png","timestamp":"2014-10-09T11:29:23.044Z"}
{"level":"info","message":"Saved screenshot","timestamp":"2014-10-09T11:29:30.600Z"}
{"level":"info","message":"Clicking the zoom button","timestamp":"2014-10-09T11:29:30.611Z"}
{"level":"info","message":"Saving screenshot to images/zoomClose-popover-safari-6.0.5.png","timestamp":"2014-10-09T11:29:30.618Z"}
{"level":"info","message":"Saved screenshot","timestamp":"2014-10-09T11:29:36.831Z"}
{"level":"info","message":"Initialising jasmine tests","timestamp":"2014-10-09T11:45:04.933Z"}
{"inline":{},"popover":{},"indiscriminate":{},"progressWrapper":{"parentElementArrayFinder":{"locator_":{"using":"css selector","value":".zoe-progress-wrapper"}},"elementArrayFinder_":{"locator_":{"$ref":"$[\"progressWrapper\"][\"parentElementArrayFinder\"][\"locator_\"]"}}},"widgetOverlay":{"parentElementArrayFinder":{"locator_":{"using":"css selector","value":"#zoe-zbox-overlay"}},"elementArrayFinder_":{"locator_":{"$ref":"$[\"widgetOverlay\"][\"parentElementArrayFinder\"][\"locator_\"]"}}},"widgetTrigger":{"parentElementArrayFinder":{"locator_":{"using":"css selector","value":".zoe-engage-trigger>img"}},"elementArrayFinder_":{"locator_":{"$ref":"$[\"widgetTrigger\"][\"parentElementArrayFinder\"][\"locator_\"]"}}},"widgetColorbox":{"parentElementArrayFinder":{"locator_":{"using":"css selector","value":"#zoe-zbox-content"}},"elementArrayFinder_":{"locator_":{"$ref":"$[\"widgetColorbox\"][\"parentElementArrayFinder\"][\"locator_\"]"}}},"helpButton":{"parentElementArrayFinder":{"locator_":{"using":"css selector","value":".zoe-btn-help"}},"elementArrayFinder_":{"locator_":{"$ref":"$[\"helpButton\"][\"parentElementArrayFinder\"][\"locator_\"]"}}},"helpElement":{"parentElementArrayFinder":{"locator_":{"using":"css selector","value":".zoe-help-overlay"}},"elementArrayFinder_":{"locator_":{"$ref":"$[\"helpElement\"][\"parentElementArrayFinder\"][\"locator_\"]"}}},"zoomButton":{"parentElementArrayFinder":{"locator_":{"using":"css selector","value":".zoe-btn-zoom"}},"elementArrayFinder_":{"locator_":{"$ref":"$[\"zoomButton\"][\"parentElementArrayFinder\"][\"locator_\"]"}}},"zoomElement":{"parentElementArrayFinder":{"locator_":{"using":"css selector","value":".zoe-zoom"}},"elementArrayFinder_":{"locator_":{"$ref":"$[\"zoomElement\"][\"parentElementArrayFinder\"][\"locator_\"]"}}},"zoomImage":{"parentElementArrayFinder":{"locator_":{"using":"css selector","value":".zoe-zoom-frame"}},"elementArrayFinder_":{"locator_":{"$ref":"$[\"zoomImage\"][\"parentElementArrayFinder\"][\"locator_\"]"}}},"closeButton":{"parentElementArrayFinder":{"locator_":{"using":"css selector","value":".zoe-btn-close"}},"elementArrayFinder_":{"locator_":{"$ref":"$[\"closeButton\"][\"parentElementArrayFinder\"][\"locator_\"]"}}},"widgetImageDiv":{"parentElementArrayFinder":{"locator_":{"using":"css selector","value":".zoe-engage-image.reel"}},"elementArrayFinder_":{"locator_":{"$ref":"$[\"widgetImageDiv\"][\"parentElementArrayFinder\"][\"locator_\"]"}}},"inlineDivSelector":{"parentElementArrayFinder":{"locator_":{"using":"css selector","value":".zoe-inline.reel"}},"elementArrayFinder_":{"locator_":{"$ref":"$[\"inlineDivSelector\"][\"parentElementArrayFinder\"][\"locator_\"]"}}},"widgetWrapperSelector":{"parentElementArrayFinder":{"locator_":{"using":"css selector","value":".zoe-engage-wrapper"}},"elementArrayFinder_":{"locator_":{"$ref":"$[\"widgetWrapperSelector\"][\"parentElementArrayFinder\"][\"locator_\"]"}}},"widgetWrapperImage":{"parentElementArrayFinder":{"locator_":{"using":"css selector","value":".zoe-frame"}},"elementArrayFinder_":{"locator_":{"$ref":"$[\"widgetWrapperImage\"][\"parentElementArrayFinder\"][\"locator_\"]"}}},"pageImageSelector":{"parentElementArrayFinder":{"locator_":{"using":"css selector","value":".zoe-engage-wrapper"}},"elementArrayFinder_":{"locator_":{"$ref":"$[\"pageImageSelector\"][\"parentElementArrayFinder\"][\"locator_\"]"}}},"inlineTrigger":{"parentElementArrayFinder":{"locator_":{"using":"css selector","value":"a.zoe-engage-trigger"}},"elementArrayFinder_":{"locator_":{"$ref":"$[\"inlineTrigger\"][\"parentElementArrayFinder\"][\"locator_\"]"}}},"inlineWrapper":{"parentElementArrayFinder":{"locator_":{"using":"css selector","value":".zoe-engage-wrapper.zoe-inline"}},"elementArrayFinder_":{"locator_":{"$ref":"$[\"inlineWrapper\"][\"parentElementArrayFinder\"][\"locator_\"]"}}},"frameSelector":{"parentElementArrayFinder":{"locator_":{"using":"css selector","value":".zoe-frame"}},"elementArrayFinder_":{"locator_":{"$ref":"$[\"frameSelector\"][\"parentElementArrayFinder\"][\"locator_\"]"}}},"interactCTA":{"parentElementArrayFinder":{"locator_":{"using":"css selector","value":".zoe-interact-cta"}},"elementArrayFinder_":{"locator_":{"$ref":"$[\"interactCTA\"][\"parentElementArrayFinder\"][\"locator_\"]"}}},"triggerCTA":{"parentElementArrayFinder":{"locator_":{"using":"css selector","value":".zoe-trigger-cta"}},"elementArrayFinder_":{"locator_":{"$ref":"$[\"triggerCTA\"][\"parentElementArrayFinder\"][\"locator_\"]"}}},"helpRotate":{"parentElementArrayFinder":{"locator_":{"using":"css selector","value":".zoe-help-rotate .zoe-help-text"}},"elementArrayFinder_":{"locator_":{"$ref":"$[\"helpRotate\"][\"parentElementArrayFinder\"][\"locator_\"]"}}},"helpElevate":{"parentElementArrayFinder":{"locator_":{"using":"css selector","value":".zoe-help-elevate .zoe-help-text"}},"elementArrayFinder_":{"locator_":{"$ref":"$[\"helpElevate\"][\"parentElementArrayFinder\"][\"locator_\"]"}}},"helpZoom":{"parentElementArrayFinder":{"locator_":{"using":"css selector","value":".zoe-help-zoom .zoe-help-text"}},"elementArrayFinder_":{"locator_":{"$ref":"$[\"helpZoom\"][\"parentElementArrayFinder\"][\"locator_\"]"}}},"helpBrand":{"parentElementArrayFinder":{"locator_":{"using":"css selector","value":".zoe-help-brand .zoe-help-text"}},"elementArrayFinder_":{"locator_":{"$ref":"$[\"helpBrand\"][\"parentElementArrayFinder\"][\"locator_\"]"}}},"extraContent":{"parentElementArrayFinder":{"locator_":{"using":"css selector","value":".zoe-display-extra-content"}},"elementArrayFinder_":{"locator_":{"$ref":"$[\"extraContent\"][\"parentElementArrayFinder\"][\"locator_\"]"}}},"level":"debug","message":"elementFinder is ","timestamp":"2014-10-09T11:45:04.935Z"}
{"level":"info","message":"Initialising jasmine tests","timestamp":"2014-10-09T11:45:05.248Z"}
{"inline":{},"popover":{},"indiscriminate":{},"progressWrapper":{"parentElementArrayFinder":{"locator_":{"using":"css selector","value":".zoe-progress-wrapper"}},"elementArrayFinder_":{"locator_":{"$ref":"$[\"progressWrapper\"][\"parentElementArrayFinder\"][\"locator_\"]"}}},"widgetOverlay":{"parentElementArrayFinder":{"locator_":{"using":"css selector","value":"#zoe-zbox-overlay"}},"elementArrayFinder_":{"locator_":{"$ref":"$[\"widgetOverlay\"][\"parentElementArrayFinder\"][\"locator_\"]"}}},"widgetTrigger":{"parentElementArrayFinder":{"locator_":{"using":"css selector","value":".zoe-engage-trigger>img"}},"elementArrayFinder_":{"locator_":{"$ref":"$[\"widgetTrigger\"][\"parentElementArrayFinder\"][\"locator_\"]"}}},"widgetColorbox":{"parentElementArrayFinder":{"locator_":{"using":"css selector","value":"#zoe-zbox-content"}},"elementArrayFinder_":{"locator_":{"$ref":"$[\"widgetColorbox\"][\"parentElementArrayFinder\"][\"locator_\"]"}}},"helpButton":{"parentElementArrayFinder":{"locator_":{"using":"css selector","value":".zoe-btn-help"}},"elementArrayFinder_":{"locator_":{"$ref":"$[\"helpButton\"][\"parentElementArrayFinder\"][\"locator_\"]"}}},"helpElement":{"parentElementArrayFinder":{"locator_":{"using":"css selector","value":".zoe-help-overlay"}},"elementArrayFinder_":{"locator_":{"$ref":"$[\"helpElement\"][\"parentElementArrayFinder\"][\"locator_\"]"}}},"zoomButton":{"parentElementArrayFinder":{"locator_":{"using":"css selector","value":".zoe-btn-zoom"}},"elementArrayFinder_":{"locator_":{"$ref":"$[\"zoomButton\"][\"parentElementArrayFinder\"][\"locator_\"]"}}},"zoomElement":{"parentElementArrayFinder":{"locator_":{"using":"css selector","value":".zoe-zoom"}},"elementArrayFinder_":{"locator_":{"$ref":"$[\"zoomElement\"][\"parentElementArrayFinder\"][\"locator_\"]"}}},"zoomImage":{"parentElementArrayFinder":{"locator_":{"using":"css selector","value":".zoe-zoom-frame"}},"elementArrayFinder_":{"locator_":{"$ref":"$[\"zoomImage\"][\"parentElementArrayFinder\"][\"locator_\"]"}}},"closeButton":{"parentElementArrayFinder":{"locator_":{"using":"css selector","value":".zoe-btn-close"}},"elementArrayFinder_":{"locator_":{"$ref":"$[\"closeButton\"][\"parentElementArrayFinder\"][\"locator_\"]"}}},"widgetImageDiv":{"parentElementArrayFinder":{"locator_":{"using":"css selector","value":".zoe-engage-image.reel"}},"elementArrayFinder_":{"locator_":{"$ref":"$[\"widgetImageDiv\"][\"parentElementArrayFinder\"][\"locator_\"]"}}},"inlineDivSelector":{"parentElementArrayFinder":{"locator_":{"using":"css selector","value":".zoe-inline.reel"}},"elementArrayFinder_":{"locator_":{"$ref":"$[\"inlineDivSelector\"][\"parentElementArrayFinder\"][\"locator_\"]"}}},"widgetWrapperSelector":{"parentElementArrayFinder":{"locator_":{"using":"css selector","value":".zoe-engage-wrapper"}},"elementArrayFinder_":{"locator_":{"$ref":"$[\"widgetWrapperSelector\"][\"parentElementArrayFinder\"][\"locator_\"]"}}},"widgetWrapperImage":{"parentElementArrayFinder":{"locator_":{"using":"css selector","value":".zoe-frame"}},"elementArrayFinder_":{"locator_":{"$ref":"$[\"widgetWrapperImage\"][\"parentElementArrayFinder\"][\"locator_\"]"}}},"pageImageSelector":{"parentElementArrayFinder":{"locator_":{"using":"css selector","value":".zoe-engage-wrapper"}},"elementArrayFinder_":{"locator_":{"$ref":"$[\"pageImageSelector\"][\"parentElementArrayFinder\"][\"locator_\"]"}}},"inlineTrigger":{"parentElementArrayFinder":{"locator_":{"using":"css selector","value":"a.zoe-engage-trigger"}},"elementArrayFinder_":{"locator_":{"$ref":"$[\"inlineTrigger\"][\"parentElementArrayFinder\"][\"locator_\"]"}}},"inlineWrapper":{"parentElementArrayFinder":{"locator_":{"using":"css selector","value":".zoe-engage-wrapper.zoe-inline"}},"elementArrayFinder_":{"locator_":{"$ref":"$[\"inlineWrapper\"][\"parentElementArrayFinder\"][\"locator_\"]"}}},"frameSelector":{"parentElementArrayFinder":{"locator_":{"using":"css selector","value":".zoe-frame"}},"elementArrayFinder_":{"locator_":{"$ref":"$[\"frameSelector\"][\"parentElementArrayFinder\"][\"locator_\"]"}}},"interactCTA":{"parentElementArrayFinder":{"locator_":{"using":"css selector","value":".zoe-interact-cta"}},"elementArrayFinder_":{"locator_":{"$ref":"$[\"interactCTA\"][\"parentElementArrayFinder\"][\"locator_\"]"}}},"triggerCTA":{"parentElementArrayFinder":{"locator_":{"using":"css selector","value":".zoe-trigger-cta"}},"elementArrayFinder_":{"locator_":{"$ref":"$[\"triggerCTA\"][\"parentElementArrayFinder\"][\"locator_\"]"}}},"helpRotate":{"parentElementArrayFinder":{"locator_":{"using":"css selector","value":".zoe-help-rotate .zoe-help-text"}},"elementArrayFinder_":{"locator_":{"$ref":"$[\"helpRotate\"][\"parentElementArrayFinder\"][\"locator_\"]"}}},"helpElevate":{"parentElementArrayFinder":{"locator_":{"using":"css selector","value":".zoe-help-elevate .zoe-help-text"}},"elementArrayFinder_":{"locator_":{"$ref":"$[\"helpElevate\"][\"parentElementArrayFinder\"][\"locator_\"]"}}},"helpZoom":{"parentElementArrayFinder":{"locator_":{"using":"css selector","value":".zoe-help-zoom .zoe-help-text"}},"elementArrayFinder_":{"locator_":{"$ref":"$[\"helpZoom\"][\"parentElementArrayFinder\"][\"locator_\"]"}}},"helpBrand":{"parentElementArrayFinder":{"locator_":{"using":"css selector","value":".zoe-help-brand .zoe-help-text"}},"elementArrayFinder_":{"locator_":{"$ref":"$[\"helpBrand\"][\"parentElementArrayFinder\"][\"locator_\"]"}}},"extraContent":{"parentElementArrayFinder":{"locator_":{"using":"css selector","value":".zoe-display-extra-content"}},"elementArrayFinder_":{"locator_":{"$ref":"$[\"extraContent\"][\"parentElementArrayFinder\"][\"locator_\"]"}}},"level":"debug","message":"elementFinder is ","timestamp":"2014-10-09T11:45:05.275Z"}
{"level":"info","message":"Initialising jasmine tests","timestamp":"2014-10-09T11:45:05.197Z"}
{"inline":{},"popover":{},"indiscriminate":{},"progressWrapper":{"parentElementArrayFinder":{"locator_":{"using":"css selector","value":".zoe-progress-wrapper"}},"elementArrayFinder_":{"locator_":{"$ref":"$[\"progressWrapper\"][\"parentElementArrayFinder\"][\"locator_\"]"}}},"widgetOverlay":{"parentElementArrayFinder":{"locator_":{"using":"css selector","value":"#zoe-zbox-overlay"}},"elementArrayFinder_":{"locator_":{"$ref":"$[\"widgetOverlay\"][\"parentElementArrayFinder\"][\"locator_\"]"}}},"widgetTrigger":{"parentElementArrayFinder":{"locator_":{"using":"css selector","value":".zoe-engage-trigger>img"}},"elementArrayFinder_":{"locator_":{"$ref":"$[\"widgetTrigger\"][\"parentElementArrayFinder\"][\"locator_\"]"}}},"widgetColorbox":{"parentElementArrayFinder":{"locator_":{"using":"css selector","value":"#zoe-zbox-content"}},"elementArrayFinder_":{"locator_":{"$ref":"$[\"widgetColorbox\"][\"parentElementArrayFinder\"][\"locator_\"]"}}},"helpButton":{"parentElementArrayFinder":{"locator_":{"using":"css selector","value":".zoe-btn-help"}},"elementArrayFinder_":{"locator_":{"$ref":"$[\"helpButton\"][\"parentElementArrayFinder\"][\"locator_\"]"}}},"helpElement":{"parentElementArrayFinder":{"locator_":{"using":"css selector","value":".zoe-help-overlay"}},"elementArrayFinder_":{"locator_":{"$ref":"$[\"helpElement\"][\"parentElementArrayFinder\"][\"locator_\"]"}}},"zoomButton":{"parentElementArrayFinder":{"locator_":{"using":"css selector","value":".zoe-btn-zoom"}},"elementArrayFinder_":{"locator_":{"$ref":"$[\"zoomButton\"][\"parentElementArrayFinder\"][\"locator_\"]"}}},"zoomElement":{"parentElementArrayFinder":{"locator_":{"using":"css selector","value":".zoe-zoom"}},"elementArrayFinder_":{"locator_":{"$ref":"$[\"zoomElement\"][\"parentElementArrayFinder\"][\"locator_\"]"}}},"zoomImage":{"parentElementArrayFinder":{"locator_":{"using":"css selector","value":".zoe-zoom-frame"}},"elementArrayFinder_":{"locator_":{"$ref":"$[\"zoomImage\"][\"parentElementArrayFinder\"][\"locator_\"]"}}},"closeButton":{"parentElementArrayFinder":{"locator_":{"using":"css selector","value":".zoe-btn-close"}},"elementArrayFinder_":{"locator_":{"$ref":"$[\"closeButton\"][\"parentElementArrayFinder\"][\"locator_\"]"}}},"widgetImageDiv":{"parentElementArrayFinder":{"locator_":{"using":"css selector","value":".zoe-engage-image.reel"}},"elementArrayFinder_":{"locator_":{"$ref":"$[\"widgetImageDiv\"][\"parentElementArrayFinder\"][\"locator_\"]"}}},"inlineDivSelector":{"parentElementArrayFinder":{"locator_":{"using":"css selector","value":".zoe-inline.reel"}},"elementArrayFinder_":{"locator_":{"$ref":"$[\"inlineDivSelector\"][\"parentElementArrayFinder\"][\"locator_\"]"}}},"widgetWrapperSelector":{"parentElementArrayFinder":{"locator_":{"using":"css selector","value":".zoe-engage-wrapper"}},"elementArrayFinder_":{"locator_":{"$ref":"$[\"widgetWrapperSelector\"][\"parentElementArrayFinder\"][\"locator_\"]"}}},"widgetWrapperImage":{"parentElementArrayFinder":{"locator_":{"using":"css selector","value":".zoe-frame"}},"elementArrayFinder_":{"locator_":{"$ref":"$[\"widgetWrapperImage\"][\"parentElementArrayFinder\"][\"locator_\"]"}}},"pageImageSelector":{"parentElementArrayFinder":{"locator_":{"using":"css selector","value":".zoe-engage-wrapper"}},"elementArrayFinder_":{"locator_":{"$ref":"$[\"pageImageSelector\"][\"parentElementArrayFinder\"][\"locator_\"]"}}},"inlineTrigger":{"parentElementArrayFinder":{"locator_":{"using":"css selector","value":"a.zoe-engage-trigger"}},"elementArrayFinder_":{"locator_":{"$ref":"$[\"inlineTrigger\"][\"parentElementArrayFinder\"][\"locator_\"]"}}},"inlineWrapper":{"parentElementArrayFinder":{"locator_":{"using":"css selector","value":".zoe-engage-wrapper.zoe-inline"}},"elementArrayFinder_":{"locator_":{"$ref":"$[\"inlineWrapper\"][\"parentElementArrayFinder\"][\"locator_\"]"}}},"frameSelector":{"parentElementArrayFinder":{"locator_":{"using":"css selector","value":".zoe-frame"}},"elementArrayFinder_":{"locator_":{"$ref":"$[\"frameSelector\"][\"parentElementArrayFinder\"][\"locator_\"]"}}},"interactCTA":{"parentElementArrayFinder":{"locator_":{"using":"css selector","value":".zoe-interact-cta"}},"elementArrayFinder_":{"locator_":{"$ref":"$[\"interactCTA\"][\"parentElementArrayFinder\"][\"locator_\"]"}}},"triggerCTA":{"parentElementArrayFinder":{"locator_":{"using":"css selector","value":".zoe-trigger-cta"}},"elementArrayFinder_":{"locator_":{"$ref":"$[\"triggerCTA\"][\"parentElementArrayFinder\"][\"locator_\"]"}}},"helpRotate":{"parentElementArrayFinder":{"locator_":{"using":"css selector","value":".zoe-help-rotate .zoe-help-text"}},"elementArrayFinder_":{"locator_":{"$ref":"$[\"helpRotate\"][\"parentElementArrayFinder\"][\"locator_\"]"}}},"helpElevate":{"parentElementArrayFinder":{"locator_":{"using":"css selector","value":".zoe-help-elevate .zoe-help-text"}},"elementArrayFinder_":{"locator_":{"$ref":"$[\"helpElevate\"][\"parentElementArrayFinder\"][\"locator_\"]"}}},"helpZoom":{"parentElementArrayFinder":{"locator_":{"using":"css selector","value":".zoe-help-zoom .zoe-help-text"}},"elementArrayFinder_":{"locator_":{"$ref":"$[\"helpZoom\"][\"parentElementArrayFinder\"][\"locator_\"]"}}},"helpBrand":{"parentElementArrayFinder":{"locator_":{"using":"css selector","value":".zoe-help-brand .zoe-help-text"}},"elementArrayFinder_":{"locator_":{"$ref":"$[\"helpBrand\"][\"parentElementArrayFinder\"][\"locator_\"]"}}},"extraContent":{"parentElementArrayFinder":{"locator_":{"using":"css selector","value":".zoe-display-extra-content"}},"elementArrayFinder_":{"locator_":{"$ref":"$[\"extraContent\"][\"parentElementArrayFinder\"][\"locator_\"]"}}},"level":"debug","message":"elementFinder is ","timestamp":"2014-10-09T11:45:05.202Z"}
{"level":"info","message":"Initialising jasmine tests","timestamp":"2014-10-09T11:45:05.250Z"}
{"level":"info","message":"Initialising jasmine tests","timestamp":"2014-10-09T11:45:05.074Z"}
{"inline":{},"popover":{},"indiscriminate":{},"progressWrapper":{"parentElementArrayFinder":{"locator_":{"using":"css selector","value":".zoe-progress-wrapper"}},"elementArrayFinder_":{"locator_":{"$ref":"$[\"progressWrapper\"][\"parentElementArrayFinder\"][\"locator_\"]"}}},"widgetOverlay":{"parentElementArrayFinder":{"locator_":{"using":"css selector","value":"#zoe-zbox-overlay"}},"elementArrayFinder_":{"locator_":{"$ref":"$[\"widgetOverlay\"][\"parentElementArrayFinder\"][\"locator_\"]"}}},"widgetTrigger":{"parentElementArrayFinder":{"locator_":{"using":"css selector","value":".zoe-engage-trigger>img"}},"elementArrayFinder_":{"locator_":{"$ref":"$[\"widgetTrigger\"][\"parentElementArrayFinder\"][\"locator_\"]"}}},"widgetColorbox":{"parentElementArrayFinder":{"locator_":{"using":"css selector","value":"#zoe-zbox-content"}},"elementArrayFinder_":{"locator_":{"$ref":"$[\"widgetColorbox\"][\"parentElementArrayFinder\"][\"locator_\"]"}}},"helpButton":{"parentElementArrayFinder":{"locator_":{"using":"css selector","value":".zoe-btn-help"}},"elementArrayFinder_":{"locator_":{"$ref":"$[\"helpButton\"][\"parentElementArrayFinder\"][\"locator_\"]"}}},"helpElement":{"parentElementArrayFinder":{"locator_":{"using":"css selector","value":".zoe-help-overlay"}},"elementArrayFinder_":{"locator_":{"$ref":"$[\"helpElement\"][\"parentElementArrayFinder\"][\"locator_\"]"}}},"zoomButton":{"parentElementArrayFinder":{"locator_":{"using":"css selector","value":".zoe-btn-zoom"}},"elementArrayFinder_":{"locator_":{"$ref":"$[\"zoomButton\"][\"parentElementArrayFinder\"][\"locator_\"]"}}},"zoomElement":{"parentElementArrayFinder":{"locator_":{"using":"css selector","value":".zoe-zoom"}},"elementArrayFinder_":{"locator_":{"$ref":"$[\"zoomElement\"][\"parentElementArrayFinder\"][\"locator_\"]"}}},"zoomImage":{"parentElementArrayFinder":{"locator_":{"using":"css selector","value":".zoe-zoom-frame"}},"elementArrayFinder_":{"locator_":{"$ref":"$[\"zoomImage\"][\"parentElementArrayFinder\"][\"locator_\"]"}}},"closeButton":{"parentElementArrayFinder":{"locator_":{"using":"css selector","value":".zoe-btn-close"}},"elementArrayFinder_":{"locator_":{"$ref":"$[\"closeButton\"][\"parentElementArrayFinder\"][\"locator_\"]"}}},"widgetImageDiv":{"parentElementArrayFinder":{"locator_":{"using":"css selector","value":".zoe-engage-image.reel"}},"elementArrayFinder_":{"locator_":{"$ref":"$[\"widgetImageDiv\"][\"parentElementArrayFinder\"][\"locator_\"]"}}},"inlineDivSelector":{"parentElementArrayFinder":{"locator_":{"using":"css selector","value":".zoe-inline.reel"}},"elementArrayFinder_":{"locator_":{"$ref":"$[\"inlineDivSelector\"][\"parentElementArrayFinder\"][\"locator_\"]"}}},"widgetWrapperSelector":{"parentElementArrayFinder":{"locator_":{"using":"css selector","value":".zoe-engage-wrapper"}},"elementArrayFinder_":{"locator_":{"$ref":"$[\"widgetWrapperSelector\"][\"parentElementArrayFinder\"][\"locator_\"]"}}},"widgetWrapperImage":{"parentElementArrayFinder":{"locator_":{"using":"css selector","value":".zoe-frame"}},"elementArrayFinder_":{"locator_":{"$ref":"$[\"widgetWrapperImage\"][\"parentElementArrayFinder\"][\"locator_\"]"}}},"pageImageSelector":{"parentElementArrayFinder":{"locator_":{"using":"css selector","value":".zoe-engage-wrapper"}},"elementArrayFinder_":{"locator_":{"$ref":"$[\"pageImageSelector\"][\"parentElementArrayFinder\"][\"locator_\"]"}}},"inlineTrigger":{"parentElementArrayFinder":{"locator_":{"using":"css selector","value":"a.zoe-engage-trigger"}},"elementArrayFinder_":{"locator_":{"$ref":"$[\"inlineTrigger\"][\"parentElementArrayFinder\"][\"locator_\"]"}}},"inlineWrapper":{"parentElementArrayFinder":{"locator_":{"using":"css selector","value":".zoe-engage-wrapper.zoe-inline"}},"elementArrayFinder_":{"locator_":{"$ref":"$[\"inlineWrapper\"][\"parentElementArrayFinder\"][\"locator_\"]"}}},"frameSelector":{"parentElementArrayFinder":{"locator_":{"using":"css selector","value":".zoe-frame"}},"elementArrayFinder_":{"locator_":{"$ref":"$[\"frameSelector\"][\"parentElementArrayFinder\"][\"locator_\"]"}}},"interactCTA":{"parentElementArrayFinder":{"locator_":{"using":"css selector","value":".zoe-interact-cta"}},"elementArrayFinder_":{"locator_":{"$ref":"$[\"interactCTA\"][\"parentElementArrayFinder\"][\"locator_\"]"}}},"triggerCTA":{"parentElementArrayFinder":{"locator_":{"using":"css selector","value":".zoe-trigger-cta"}},"elementArrayFinder_":{"locator_":{"$ref":"$[\"triggerCTA\"][\"parentElementArrayFinder\"][\"locator_\"]"}}},"helpRotate":{"parentElementArrayFinder":{"locator_":{"using":"css selector","value":".zoe-help-rotate .zoe-help-text"}},"elementArrayFinder_":{"locator_":{"$ref":"$[\"helpRotate\"][\"parentElementArrayFinder\"][\"locator_\"]"}}},"helpElevate":{"parentElementArrayFinder":{"locator_":{"using":"css selector","value":".zoe-help-elevate .zoe-help-text"}},"elementArrayFinder_":{"locator_":{"$ref":"$[\"helpElevate\"][\"parentElementArrayFinder\"][\"locator_\"]"}}},"helpZoom":{"parentElementArrayFinder":{"locator_":{"using":"css selector","value":".zoe-help-zoom .zoe-help-text"}},"elementArrayFinder_":{"locator_":{"$ref":"$[\"helpZoom\"][\"parentElementArrayFinder\"][\"locator_\"]"}}},"helpBrand":{"parentElementArrayFinder":{"locator_":{"using":"css selector","value":".zoe-help-brand .zoe-help-text"}},"elementArrayFinder_":{"locator_":{"$ref":"$[\"helpBrand\"][\"parentElementArrayFinder\"][\"locator_\"]"}}},"extraContent":{"parentElementArrayFinder":{"locator_":{"using":"css selector","value":".zoe-display-extra-content"}},"elementArrayFinder_":{"locator_":{"$ref":"$[\"extraContent\"][\"parentElementArrayFinder\"][\"locator_\"]"}}},"level":"debug","message":"elementFinder is ","timestamp":"2014-10-09T11:45:05.287Z"}
{"inline":{},"popover":{},"indiscriminate":{},"progressWrapper":{"parentElementArrayFinder":{"locator_":{"using":"css selector","value":".zoe-progress-wrapper"}},"elementArrayFinder_":{"locator_":{"$ref":"$[\"progressWrapper\"][\"parentElementArrayFinder\"][\"locator_\"]"}}},"widgetOverlay":{"parentElementArrayFinder":{"locator_":{"using":"css selector","value":"#zoe-zbox-overlay"}},"elementArrayFinder_":{"locator_":{"$ref":"$[\"widgetOverlay\"][\"parentElementArrayFinder\"][\"locator_\"]"}}},"widgetTrigger":{"parentElementArrayFinder":{"locator_":{"using":"css selector","value":".zoe-engage-trigger>img"}},"elementArrayFinder_":{"locator_":{"$ref":"$[\"widgetTrigger\"][\"parentElementArrayFinder\"][\"locator_\"]"}}},"widgetColorbox":{"parentElementArrayFinder":{"locator_":{"using":"css selector","value":"#zoe-zbox-content"}},"elementArrayFinder_":{"locator_":{"$ref":"$[\"widgetColorbox\"][\"parentElementArrayFinder\"][\"locator_\"]"}}},"helpButton":{"parentElementArrayFinder":{"locator_":{"using":"css selector","value":".zoe-btn-help"}},"elementArrayFinder_":{"locator_":{"$ref":"$[\"helpButton\"][\"parentElementArrayFinder\"][\"locator_\"]"}}},"helpElement":{"parentElementArrayFinder":{"locator_":{"using":"css selector","value":".zoe-help-overlay"}},"elementArrayFinder_":{"locator_":{"$ref":"$[\"helpElement\"][\"parentElementArrayFinder\"][\"locator_\"]"}}},"zoomButton":{"parentElementArrayFinder":{"locator_":{"using":"css selector","value":".zoe-btn-zoom"}},"elementArrayFinder_":{"locator_":{"$ref":"$[\"zoomButton\"][\"parentElementArrayFinder\"][\"locator_\"]"}}},"zoomElement":{"parentElementArrayFinder":{"locator_":{"using":"css selector","value":".zoe-zoom"}},"elementArrayFinder_":{"locator_":{"$ref":"$[\"zoomElement\"][\"parentElementArrayFinder\"][\"locator_\"]"}}},"zoomImage":{"parentElementArrayFinder":{"locator_":{"using":"css selector","value":".zoe-zoom-frame"}},"elementArrayFinder_":{"locator_":{"$ref":"$[\"zoomImage\"][\"parentElementArrayFinder\"][\"locator_\"]"}}},"closeButton":{"parentElementArrayFinder":{"locator_":{"using":"css selector","value":".zoe-btn-close"}},"elementArrayFinder_":{"locator_":{"$ref":"$[\"closeButton\"][\"parentElementArrayFinder\"][\"locator_\"]"}}},"widgetImageDiv":{"parentElementArrayFinder":{"locator_":{"using":"css selector","value":".zoe-engage-image.reel"}},"elementArrayFinder_":{"locator_":{"$ref":"$[\"widgetImageDiv\"][\"parentElementArrayFinder\"][\"locator_\"]"}}},"inlineDivSelector":{"parentElementArrayFinder":{"locator_":{"using":"css selector","value":".zoe-inline.reel"}},"elementArrayFinder_":{"locator_":{"$ref":"$[\"inlineDivSelector\"][\"parentElementArrayFinder\"][\"locator_\"]"}}},"widgetWrapperSelector":{"parentElementArrayFinder":{"locator_":{"using":"css selector","value":".zoe-engage-wrapper"}},"elementArrayFinder_":{"locator_":{"$ref":"$[\"widgetWrapperSelector\"][\"parentElementArrayFinder\"][\"locator_\"]"}}},"widgetWrapperImage":{"parentElementArrayFinder":{"locator_":{"using":"css selector","value":".zoe-frame"}},"elementArrayFinder_":{"locator_":{"$ref":"$[\"widgetWrapperImage\"][\"parentElementArrayFinder\"][\"locator_\"]"}}},"pageImageSelector":{"parentElementArrayFinder":{"locator_":{"using":"css selector","value":".zoe-engage-wrapper"}},"elementArrayFinder_":{"locator_":{"$ref":"$[\"pageImageSelector\"][\"parentElementArrayFinder\"][\"locator_\"]"}}},"inlineTrigger":{"parentElementArrayFinder":{"locator_":{"using":"css selector","value":"a.zoe-engage-trigger"}},"elementArrayFinder_":{"locator_":{"$ref":"$[\"inlineTrigger\"][\"parentElementArrayFinder\"][\"locator_\"]"}}},"inlineWrapper":{"parentElementArrayFinder":{"locator_":{"using":"css selector","value":".zoe-engage-wrapper.zoe-inline"}},"elementArrayFinder_":{"locator_":{"$ref":"$[\"inlineWrapper\"][\"parentElementArrayFinder\"][\"locator_\"]"}}},"frameSelector":{"parentElementArrayFinder":{"locator_":{"using":"css selector","value":".zoe-frame"}},"elementArrayFinder_":{"locator_":{"$ref":"$[\"frameSelector\"][\"parentElementArrayFinder\"][\"locator_\"]"}}},"interactCTA":{"parentElementArrayFinder":{"locator_":{"using":"css selector","value":".zoe-interact-cta"}},"elementArrayFinder_":{"locator_":{"$ref":"$[\"interactCTA\"][\"parentElementArrayFinder\"][\"locator_\"]"}}},"triggerCTA":{"parentElementArrayFinder":{"locator_":{"using":"css selector","value":".zoe-trigger-cta"}},"elementArrayFinder_":{"locator_":{"$ref":"$[\"triggerCTA\"][\"parentElementArrayFinder\"][\"locator_\"]"}}},"helpRotate":{"parentElementArrayFinder":{"locator_":{"using":"css selector","value":".zoe-help-rotate .zoe-help-text"}},"elementArrayFinder_":{"locator_":{"$ref":"$[\"helpRotate\"][\"parentElementArrayFinder\"][\"locator_\"]"}}},"helpElevate":{"parentElementArrayFinder":{"locator_":{"using":"css selector","value":".zoe-help-elevate .zoe-help-text"}},"elementArrayFinder_":{"locator_":{"$ref":"$[\"helpElevate\"][\"parentElementArrayFinder\"][\"locator_\"]"}}},"helpZoom":{"parentElementArrayFinder":{"locator_":{"using":"css selector","value":".zoe-help-zoom .zoe-help-text"}},"elementArrayFinder_":{"locator_":{"$ref":"$[\"helpZoom\"][\"parentElementArrayFinder\"][\"locator_\"]"}}},"helpBrand":{"parentElementArrayFinder":{"locator_":{"using":"css selector","value":".zoe-help-brand .zoe-help-text"}},"elementArrayFinder_":{"locator_":{"$ref":"$[\"helpBrand\"][\"parentElementArrayFinder\"][\"locator_\"]"}}},"extraContent":{"parentElementArrayFinder":{"locator_":{"using":"css selector","value":".zoe-display-extra-content"}},"elementArrayFinder_":{"locator_":{"$ref":"$[\"extraContent\"][\"parentElementArrayFinder\"][\"locator_\"]"}}},"level":"debug","message":"elementFinder is ","timestamp":"2014-10-09T11:45:05.275Z"}
{"level":"info","message":"Initialising jasmine tests","timestamp":"2014-10-09T11:45:05.201Z"}
{"inline":{},"popover":{},"indiscriminate":{},"progressWrapper":{"parentElementArrayFinder":{"locator_":{"using":"css selector","value":".zoe-progress-wrapper"}},"elementArrayFinder_":{"locator_":{"$ref":"$[\"progressWrapper\"][\"parentElementArrayFinder\"][\"locator_\"]"}}},"widgetOverlay":{"parentElementArrayFinder":{"locator_":{"using":"css selector","value":"#zoe-zbox-overlay"}},"elementArrayFinder_":{"locator_":{"$ref":"$[\"widgetOverlay\"][\"parentElementArrayFinder\"][\"locator_\"]"}}},"widgetTrigger":{"parentElementArrayFinder":{"locator_":{"using":"css selector","value":".zoe-engage-trigger>img"}},"elementArrayFinder_":{"locator_":{"$ref":"$[\"widgetTrigger\"][\"parentElementArrayFinder\"][\"locator_\"]"}}},"widgetColorbox":{"parentElementArrayFinder":{"locator_":{"using":"css selector","value":"#zoe-zbox-content"}},"elementArrayFinder_":{"locator_":{"$ref":"$[\"widgetColorbox\"][\"parentElementArrayFinder\"][\"locator_\"]"}}},"helpButton":{"parentElementArrayFinder":{"locator_":{"using":"css selector","value":".zoe-btn-help"}},"elementArrayFinder_":{"locator_":{"$ref":"$[\"helpButton\"][\"parentElementArrayFinder\"][\"locator_\"]"}}},"helpElement":{"parentElementArrayFinder":{"locator_":{"using":"css selector","value":".zoe-help-overlay"}},"elementArrayFinder_":{"locator_":{"$ref":"$[\"helpElement\"][\"parentElementArrayFinder\"][\"locator_\"]"}}},"zoomButton":{"parentElementArrayFinder":{"locator_":{"using":"css selector","value":".zoe-btn-zoom"}},"elementArrayFinder_":{"locator_":{"$ref":"$[\"zoomButton\"][\"parentElementArrayFinder\"][\"locator_\"]"}}},"zoomElement":{"parentElementArrayFinder":{"locator_":{"using":"css selector","value":".zoe-zoom"}},"elementArrayFinder_":{"locator_":{"$ref":"$[\"zoomElement\"][\"parentElementArrayFinder\"][\"locator_\"]"}}},"zoomImage":{"parentElementArrayFinder":{"locator_":{"using":"css selector","value":".zoe-zoom-frame"}},"elementArrayFinder_":{"locator_":{"$ref":"$[\"zoomImage\"][\"parentElementArrayFinder\"][\"locator_\"]"}}},"closeButton":{"parentElementArrayFinder":{"locator_":{"using":"css selector","value":".zoe-btn-close"}},"elementArrayFinder_":{"locator_":{"$ref":"$[\"closeButton\"][\"parentElementArrayFinder\"][\"locator_\"]"}}},"widgetImageDiv":{"parentElementArrayFinder":{"locator_":{"using":"css selector","value":".zoe-engage-image.reel"}},"elementArrayFinder_":{"locator_":{"$ref":"$[\"widgetImageDiv\"][\"parentElementArrayFinder\"][\"locator_\"]"}}},"inlineDivSelector":{"parentElementArrayFinder":{"locator_":{"using":"css selector","value":".zoe-inline.reel"}},"elementArrayFinder_":{"locator_":{"$ref":"$[\"inlineDivSelector\"][\"parentElementArrayFinder\"][\"locator_\"]"}}},"widgetWrapperSelector":{"parentElementArrayFinder":{"locator_":{"using":"css selector","value":".zoe-engage-wrapper"}},"elementArrayFinder_":{"locator_":{"$ref":"$[\"widgetWrapperSelector\"][\"parentElementArrayFinder\"][\"locator_\"]"}}},"widgetWrapperImage":{"parentElementArrayFinder":{"locator_":{"using":"css selector","value":".zoe-frame"}},"elementArrayFinder_":{"locator_":{"$ref":"$[\"widgetWrapperImage\"][\"parentElementArrayFinder\"][\"locator_\"]"}}},"pageImageSelector":{"parentElementArrayFinder":{"locator_":{"using":"css selector","value":".zoe-engage-wrapper"}},"elementArrayFinder_":{"locator_":{"$ref":"$[\"pageImageSelector\"][\"parentElementArrayFinder\"][\"locator_\"]"}}},"inlineTrigger":{"parentElementArrayFinder":{"locator_":{"using":"css selector","value":"a.zoe-engage-trigger"}},"elementArrayFinder_":{"locator_":{"$ref":"$[\"inlineTrigger\"][\"parentElementArrayFinder\"][\"locator_\"]"}}},"inlineWrapper":{"parentElementArrayFinder":{"locator_":{"using":"css selector","value":".zoe-engage-wrapper.zoe-inline"}},"elementArrayFinder_":{"locator_":{"$ref":"$[\"inlineWrapper\"][\"parentElementArrayFinder\"][\"locator_\"]"}}},"frameSelector":{"parentElementArrayFinder":{"locator_":{"using":"css selector","value":".zoe-frame"}},"elementArrayFinder_":{"locator_":{"$ref":"$[\"frameSelector\"][\"parentElementArrayFinder\"][\"locator_\"]"}}},"interactCTA":{"parentElementArrayFinder":{"locator_":{"using":"css selector","value":".zoe-interact-cta"}},"elementArrayFinder_":{"locator_":{"$ref":"$[\"interactCTA\"][\"parentElementArrayFinder\"][\"locator_\"]"}}},"triggerCTA":{"parentElementArrayFinder":{"locator_":{"using":"css selector","value":".zoe-trigger-cta"}},"elementArrayFinder_":{"locator_":{"$ref":"$[\"triggerCTA\"][\"parentElementArrayFinder\"][\"locator_\"]"}}},"helpRotate":{"parentElementArrayFinder":{"locator_":{"using":"css selector","value":".zoe-help-rotate .zoe-help-text"}},"elementArrayFinder_":{"locator_":{"$ref":"$[\"helpRotate\"][\"parentElementArrayFinder\"][\"locator_\"]"}}},"helpElevate":{"parentElementArrayFinder":{"locator_":{"using":"css selector","value":".zoe-help-elevate .zoe-help-text"}},"elementArrayFinder_":{"locator_":{"$ref":"$[\"helpElevate\"][\"parentElementArrayFinder\"][\"locator_\"]"}}},"helpZoom":{"parentElementArrayFinder":{"locator_":{"using":"css selector","value":".zoe-help-zoom .zoe-help-text"}},"elementArrayFinder_":{"locator_":{"$ref":"$[\"helpZoom\"][\"parentElementArrayFinder\"][\"locator_\"]"}}},"helpBrand":{"parentElementArrayFinder":{"locator_":{"using":"css selector","value":".zoe-help-brand .zoe-help-text"}},"elementArrayFinder_":{"locator_":{"$ref":"$[\"helpBrand\"][\"parentElementArrayFinder\"][\"locator_\"]"}}},"extraContent":{"parentElementArrayFinder":{"locator_":{"using":"css selector","value":".zoe-display-extra-content"}},"elementArrayFinder_":{"locator_":{"$ref":"$[\"extraContent\"][\"parentElementArrayFinder\"][\"locator_\"]"}}},"level":"debug","message":"elementFinder is ","timestamp":"2014-10-09T11:45:05.299Z"}
{"level":"info","message":"Initialising jasmine tests","timestamp":"2014-10-09T11:45:05.105Z"}
{"inline":{},"popover":{},"indiscriminate":{},"progressWrapper":{"parentElementArrayFinder":{"locator_":{"using":"css selector","value":".zoe-progress-wrapper"}},"elementArrayFinder_":{"locator_":{"$ref":"$[\"progressWrapper\"][\"parentElementArrayFinder\"][\"locator_\"]"}}},"widgetOverlay":{"parentElementArrayFinder":{"locator_":{"using":"css selector","value":"#zoe-zbox-overlay"}},"elementArrayFinder_":{"locator_":{"$ref":"$[\"widgetOverlay\"][\"parentElementArrayFinder\"][\"locator_\"]"}}},"widgetTrigger":{"parentElementArrayFinder":{"locator_":{"using":"css selector","value":".zoe-engage-trigger>img"}},"elementArrayFinder_":{"locator_":{"$ref":"$[\"widgetTrigger\"][\"parentElementArrayFinder\"][\"locator_\"]"}}},"widgetColorbox":{"parentElementArrayFinder":{"locator_":{"using":"css selector","value":"#zoe-zbox-content"}},"elementArrayFinder_":{"locator_":{"$ref":"$[\"widgetColorbox\"][\"parentElementArrayFinder\"][\"locator_\"]"}}},"helpButton":{"parentElementArrayFinder":{"locator_":{"using":"css selector","value":".zoe-btn-help"}},"elementArrayFinder_":{"locator_":{"$ref":"$[\"helpButton\"][\"parentElementArrayFinder\"][\"locator_\"]"}}},"helpElement":{"parentElementArrayFinder":{"locator_":{"using":"css selector","value":".zoe-help-overlay"}},"elementArrayFinder_":{"locator_":{"$ref":"$[\"helpElement\"][\"parentElementArrayFinder\"][\"locator_\"]"}}},"zoomButton":{"parentElementArrayFinder":{"locator_":{"using":"css selector","value":".zoe-btn-zoom"}},"elementArrayFinder_":{"locator_":{"$ref":"$[\"zoomButton\"][\"parentElementArrayFinder\"][\"locator_\"]"}}},"zoomElement":{"parentElementArrayFinder":{"locator_":{"using":"css selector","value":".zoe-zoom"}},"elementArrayFinder_":{"locator_":{"$ref":"$[\"zoomElement\"][\"parentElementArrayFinder\"][\"locator_\"]"}}},"zoomImage":{"parentElementArrayFinder":{"locator_":{"using":"css selector","value":".zoe-zoom-frame"}},"elementArrayFinder_":{"locator_":{"$ref":"$[\"zoomImage\"][\"parentElementArrayFinder\"][\"locator_\"]"}}},"closeButton":{"parentElementArrayFinder":{"locator_":{"using":"css selector","value":".zoe-btn-close"}},"elementArrayFinder_":{"locator_":{"$ref":"$[\"closeButton\"][\"parentElementArrayFinder\"][\"locator_\"]"}}},"widgetImageDiv":{"parentElementArrayFinder":{"locator_":{"using":"css selector","value":".zoe-engage-image.reel"}},"elementArrayFinder_":{"locator_":{"$ref":"$[\"widgetImageDiv\"][\"parentElementArrayFinder\"][\"locator_\"]"}}},"inlineDivSelector":{"parentElementArrayFinder":{"locator_":{"using":"css selector","value":".zoe-inline.reel"}},"elementArrayFinder_":{"locator_":{"$ref":"$[\"inlineDivSelector\"][\"parentElementArrayFinder\"][\"locator_\"]"}}},"widgetWrapperSelector":{"parentElementArrayFinder":{"locator_":{"using":"css selector","value":".zoe-engage-wrapper"}},"elementArrayFinder_":{"locator_":{"$ref":"$[\"widgetWrapperSelector\"][\"parentElementArrayFinder\"][\"locator_\"]"}}},"widgetWrapperImage":{"parentElementArrayFinder":{"locator_":{"using":"css selector","value":".zoe-frame"}},"elementArrayFinder_":{"locator_":{"$ref":"$[\"widgetWrapperImage\"][\"parentElementArrayFinder\"][\"locator_\"]"}}},"pageImageSelector":{"parentElementArrayFinder":{"locator_":{"using":"css selector","value":".zoe-engage-wrapper"}},"elementArrayFinder_":{"locator_":{"$ref":"$[\"pageImageSelector\"][\"parentElementArrayFinder\"][\"locator_\"]"}}},"inlineTrigger":{"parentElementArrayFinder":{"locator_":{"using":"css selector","value":"a.zoe-engage-trigger"}},"elementArrayFinder_":{"locator_":{"$ref":"$[\"inlineTrigger\"][\"parentElementArrayFinder\"][\"locator_\"]"}}},"inlineWrapper":{"parentElementArrayFinder":{"locator_":{"using":"css selector","value":".zoe-engage-wrapper.zoe-inline"}},"elementArrayFinder_":{"locator_":{"$ref":"$[\"inlineWrapper\"][\"parentElementArrayFinder\"][\"locator_\"]"}}},"frameSelector":{"parentElementArrayFinder":{"locator_":{"using":"css selector","value":".zoe-frame"}},"elementArrayFinder_":{"locator_":{"$ref":"$[\"frameSelector\"][\"parentElementArrayFinder\"][\"locator_\"]"}}},"interactCTA":{"parentElementArrayFinder":{"locator_":{"using":"css selector","value":".zoe-interact-cta"}},"elementArrayFinder_":{"locator_":{"$ref":"$[\"interactCTA\"][\"parentElementArrayFinder\"][\"locator_\"]"}}},"triggerCTA":{"parentElementArrayFinder":{"locator_":{"using":"css selector","value":".zoe-trigger-cta"}},"elementArrayFinder_":{"locator_":{"$ref":"$[\"triggerCTA\"][\"parentElementArrayFinder\"][\"locator_\"]"}}},"helpRotate":{"parentElementArrayFinder":{"locator_":{"using":"css selector","value":".zoe-help-rotate .zoe-help-text"}},"elementArrayFinder_":{"locator_":{"$ref":"$[\"helpRotate\"][\"parentElementArrayFinder\"][\"locator_\"]"}}},"helpElevate":{"parentElementArrayFinder":{"locator_":{"using":"css selector","value":".zoe-help-elevate .zoe-help-text"}},"elementArrayFinder_":{"locator_":{"$ref":"$[\"helpElevate\"][\"parentElementArrayFinder\"][\"locator_\"]"}}},"helpZoom":{"parentElementArrayFinder":{"locator_":{"using":"css selector","value":".zoe-help-zoom .zoe-help-text"}},"elementArrayFinder_":{"locator_":{"$ref":"$[\"helpZoom\"][\"parentElementArrayFinder\"][\"locator_\"]"}}},"helpBrand":{"parentElementArrayFinder":{"locator_":{"using":"css selector","value":".zoe-help-brand .zoe-help-text"}},"elementArrayFinder_":{"locator_":{"$ref":"$[\"helpBrand\"][\"parentElementArrayFinder\"][\"locator_\"]"}}},"extraContent":{"parentElementArrayFinder":{"locator_":{"using":"css selector","value":".zoe-display-extra-content"}},"elementArrayFinder_":{"locator_":{"$ref":"$[\"extraContent\"][\"parentElementArrayFinder\"][\"locator_\"]"}}},"level":"debug","message":"elementFinder is ","timestamp":"2014-10-09T11:45:05.290Z"}
{"rotatable":false,"browserConnectionEnabled":true,"acceptSslCerts":true,"cssSelectorsEnabled":true,"javascriptEnabled":true,"nativeEvents":true,"databaseEnabled":true,"locationContextEnabled":true,"takesScreenshot":true,"platform":"XP","browserName":"firefox","webdriver.remote.sessionid":"c06eb3b3c67046c5a8f08c2f9eb20d42","hasMetadata":true,"version":"27.0","applicationCacheEnabled":true,"webStorageEnabled":true,"handlesAlerts":true,"level":"info","message":"","timestamp":"2014-10-09T11:45:14.531Z"}
{"level":"info","message":"undefined","timestamp":"2014-10-09T11:45:14.532Z"}
{"level":"info","message":"BROWSER IS: firefox","timestamp":"2014-10-09T11:45:14.532Z"}
{"level":"info","message":"Initialising file paths with browser & version","timestamp":"2014-10-09T11:45:14.532Z"}
{"level":"info","message":"Initialising file paths with browser & version","timestamp":"2014-10-09T11:45:14.532Z"}
{"level":"info","message":"Initialising file paths with browser & version","timestamp":"2014-10-09T11:45:14.532Z"}
{"level":"info","message":"Initialising file paths with browser & version","timestamp":"2014-10-09T11:45:14.532Z"}
{"level":"info","message":"Initialising file paths with browser & version","timestamp":"2014-10-09T11:45:14.532Z"}
{"level":"info","message":"Initialising file paths with browser & version","timestamp":"2014-10-09T11:45:14.532Z"}
{"level":"info","message":"Initialising file paths with browser & version","timestamp":"2014-10-09T11:45:14.532Z"}
{"level":"info","message":"Initialising file paths with browser & version","timestamp":"2014-10-09T11:45:14.532Z"}
{"level":"info","message":"Initialising file paths with browser & version","timestamp":"2014-10-09T11:45:14.532Z"}
{"level":"info","message":"Initialising file paths with browser & version","timestamp":"2014-10-09T11:45:14.532Z"}
{"level":"info","message":"Initialising file paths with browser & version","timestamp":"2014-10-09T11:45:14.532Z"}
{"level":"info","message":"Initialising file paths with browser & version","timestamp":"2014-10-09T11:45:14.532Z"}
{"level":"info","message":"Initialising file paths with browser & version","timestamp":"2014-10-09T11:45:14.532Z"}
{"level":"info","message":"Initialising file paths with browser & version","timestamp":"2014-10-09T11:45:14.532Z"}
{"level":"info","message":"Initialising file paths with browser & version","timestamp":"2014-10-09T11:45:14.532Z"}
{"level":"info","message":"Initialising file paths with browser & version","timestamp":"2014-10-09T11:45:14.532Z"}
{"level":"info","message":"Initialising file paths with browser & version","timestamp":"2014-10-09T11:45:14.533Z"}
{"level":"info","message":"Initialising file paths with browser & version","timestamp":"2014-10-09T11:45:14.533Z"}
{"level":"info","message":"Initialising file paths with browser & version","timestamp":"2014-10-09T11:45:14.533Z"}
{"level":"info","message":"Initialising file paths with browser & version","timestamp":"2014-10-09T11:45:14.533Z"}
{"level":"info","message":"Initialising file paths with browser & version","timestamp":"2014-10-09T11:45:14.533Z"}
{"level":"info","message":"Opening URL: http://jenkins.zoetrope.io:8888/v3/testInline.html","timestamp":"2014-10-09T11:45:14.933Z"}
{"level":"info","message":"Initialising file paths with browser & version","timestamp":"2014-10-09T11:45:14.934Z"}
{"level":"info","message":"Initialising file paths with browser & version","timestamp":"2014-10-09T11:45:14.934Z"}
{"level":"info","message":"Initialising file paths with browser & version","timestamp":"2014-10-09T11:45:14.934Z"}
{"level":"info","message":"Initialising file paths with browser & version","timestamp":"2014-10-09T11:45:14.934Z"}
{"level":"info","message":"Initialising file paths with browser & version","timestamp":"2014-10-09T11:45:14.934Z"}
{"level":"info","message":"Initialising file paths with browser & version","timestamp":"2014-10-09T11:45:14.934Z"}
{"level":"info","message":"Comparing images for stageload","timestamp":"2014-10-09T11:45:20.399Z"}
{"level":"info","message":"Saving screenshot to /tmp/screenfirefox27.0c06eb3b3c67046c5a8f08c2f9eb20d42.png.load","timestamp":"2014-10-09T11:45:20.400Z"}
{"level":"info","message":"Saved screenshot","timestamp":"2014-10-09T11:45:22.771Z"}
{"level":"info","message":"Comparing images from paths: /tmp/screenfirefox27.0c06eb3b3c67046c5a8f08c2f9eb20d42.png.load and images/load-inline-firefox-27.0.png","timestamp":"2014-10-09T11:45:22.772Z"}
{"level":"info","message":"Clicking the help button","timestamp":"2014-10-09T11:45:22.808Z"}
{"parentElementArrayFinder":{"locator_":{"using":"css selector","value":".zoe-btn-help"}},"elementArrayFinder_":{"locator_":{"$ref":"$[\"parentElementArrayFinder\"][\"locator_\"]"}},"level":"info","message":"help button is","timestamp":"2014-10-09T11:45:22.811Z"}
{"level":"info","message":"Image comparison gave: 0","timestamp":"2014-10-09T11:45:22.827Z"}
{"level":"info","message":"firefox27.0c06eb3b3c67046c5a8f08c2f9eb20d42 compared images for stage: loadwith eqaulity of: 0","timestamp":"2014-10-09T11:45:22.828Z"}
{"level":"info","message":"Got help style of ","timestamp":"2014-10-09T11:45:25.032Z"}
{"rotatable":true,"browserConnectionEnabled":true,"acceptSslCerts":true,"cssSelectorsEnabled":true,"javascriptEnabled":true,"locationContextEnabled":true,"takesScreenshot":true,"platform":"ANDROID","browserName":"android","webdriver.remote.sessionid":"e37151818f68488690d849042bb630f3","hasMetadata":true,"version":"18","applicationCacheEnabled":true,"webStorageEnabled":true,"handlesAlerts":true,"level":"info","message":"","timestamp":"2014-10-09T11:45:25.058Z"}
{"level":"info","message":"undefined","timestamp":"2014-10-09T11:45:25.059Z"}
{"level":"info","message":"BROWSER IS: android","timestamp":"2014-10-09T11:45:25.059Z"}
{"level":"info","message":"Initialising file paths with browser & version","timestamp":"2014-10-09T11:45:25.059Z"}
{"level":"info","message":"Initialising file paths with browser & version","timestamp":"2014-10-09T11:45:25.059Z"}
{"level":"info","message":"Initialising file paths with browser & version","timestamp":"2014-10-09T11:45:25.059Z"}
{"level":"info","message":"Initialising file paths with browser & version","timestamp":"2014-10-09T11:45:25.059Z"}
{"level":"info","message":"Initialising file paths with browser & version","timestamp":"2014-10-09T11:45:25.059Z"}
{"level":"info","message":"Initialising file paths with browser & version","timestamp":"2014-10-09T11:45:25.059Z"}
{"level":"info","message":"Initialising file paths with browser & version","timestamp":"2014-10-09T11:45:25.059Z"}
{"level":"info","message":"Initialising file paths with browser & version","timestamp":"2014-10-09T11:45:25.059Z"}
{"level":"info","message":"Initialising file paths with browser & version","timestamp":"2014-10-09T11:45:25.059Z"}
{"level":"info","message":"Initialising file paths with browser & version","timestamp":"2014-10-09T11:45:25.059Z"}
{"level":"info","message":"Initialising file paths with browser & version","timestamp":"2014-10-09T11:45:25.059Z"}
{"level":"info","message":"Initialising file paths with browser & version","timestamp":"2014-10-09T11:45:25.059Z"}
{"level":"info","message":"Initialising file paths with browser & version","timestamp":"2014-10-09T11:45:25.059Z"}
{"level":"info","message":"Initialising file paths with browser & version","timestamp":"2014-10-09T11:45:25.059Z"}
{"level":"info","message":"Initialising file paths with browser & version","timestamp":"2014-10-09T11:45:25.059Z"}
{"level":"info","message":"Initialising file paths with browser & version","timestamp":"2014-10-09T11:45:25.059Z"}
{"level":"info","message":"Initialising file paths with browser & version","timestamp":"2014-10-09T11:45:25.059Z"}
{"level":"info","message":"Initialising file paths with browser & version","timestamp":"2014-10-09T11:45:25.059Z"}
{"level":"info","message":"Initialising file paths with browser & version","timestamp":"2014-10-09T11:45:25.059Z"}
{"level":"info","message":"Initialising file paths with browser & version","timestamp":"2014-10-09T11:45:25.059Z"}
{"level":"info","message":"Initialising file paths with browser & version","timestamp":"2014-10-09T11:45:25.059Z"}
{"level":"info","message":"Comparing images for stagehelp","timestamp":"2014-10-09T11:45:25.075Z"}
{"level":"info","message":"Saving screenshot to /tmp/screenfirefox27.0c06eb3b3c67046c5a8f08c2f9eb20d42.png.help","timestamp":"2014-10-09T11:45:25.076Z"}
{"level":"info","message":"Opening URL: http://jenkins.zoetrope.io:8888/v3/testInline.html","timestamp":"2014-10-09T11:45:25.473Z"}
{"level":"info","message":"Initialising file paths with browser & version","timestamp":"2014-10-09T11:45:25.473Z"}
{"level":"info","message":"Initialising file paths with browser & version","timestamp":"2014-10-09T11:45:25.473Z"}
{"level":"info","message":"Initialising file paths with browser & version","timestamp":"2014-10-09T11:45:25.473Z"}
{"level":"info","message":"Initialising file paths with browser & version","timestamp":"2014-10-09T11:45:25.473Z"}
{"level":"info","message":"Initialising file paths with browser & version","timestamp":"2014-10-09T11:45:25.473Z"}
{"level":"info","message":"Initialising file paths with browser & version","timestamp":"2014-10-09T11:45:25.474Z"}
{"level":"info","message":"Saved screenshot","timestamp":"2014-10-09T11:45:26.789Z"}
{"level":"info","message":"Comparing images from paths: /tmp/screenfirefox27.0c06eb3b3c67046c5a8f08c2f9eb20d42.png.help and images/help-inline-firefox-27.0.png","timestamp":"2014-10-09T11:45:26.789Z"}
{"level":"info","message":"Clicking the help button","timestamp":"2014-10-09T11:45:26.837Z"}
{"parentElementArrayFinder":{"locator_":{"using":"css selector","value":".zoe-btn-help"}},"elementArrayFinder_":{"locator_":{"$ref":"$[\"parentElementArrayFinder\"][\"locator_\"]"}},"level":"info","message":"help button is","timestamp":"2014-10-09T11:45:26.839Z"}
{"level":"info","message":"Comparing images for stagehelpClose","timestamp":"2014-10-09T11:45:26.842Z"}
{"level":"info","message":"Saving screenshot to /tmp/screenfirefox27.0c06eb3b3c67046c5a8f08c2f9eb20d42.png.helpClose","timestamp":"2014-10-09T11:45:26.842Z"}
{"level":"info","message":"Image comparison gave: 0","timestamp":"2014-10-09T11:45:26.847Z"}
{"level":"info","message":"firefox27.0c06eb3b3c67046c5a8f08c2f9eb20d42 compared images for stage: helpwith eqaulity of: 0","timestamp":"2014-10-09T11:45:26.847Z"}
{"level":"info","message":"Comparing images for stageload","timestamp":"2014-10-09T11:45:32.400Z"}
{"level":"info","message":"Saving screenshot to /tmp/screenandroid18e37151818f68488690d849042bb630f3.png.load","timestamp":"2014-10-09T11:45:32.401Z"}
{"level":"info","message":"Got help style of display: none;","timestamp":"2014-10-09T11:45:33.759Z"}
{"level":"info","message":"Saved screenshot","timestamp":"2014-10-09T11:45:34.411Z"}
{"level":"info","message":"Comparing images from paths: /tmp/screenandroid18e37151818f68488690d849042bb630f3.png.load and images/load-inline-android-18.png","timestamp":"2014-10-09T11:45:34.412Z"}
{"level":"info","message":"Image comparison gave: 0","timestamp":"2014-10-09T11:45:34.434Z"}
{"level":"info","message":"android18e37151818f68488690d849042bb630f3 compared images for stage: loadwith eqaulity of: 0","timestamp":"2014-10-09T11:45:34.434Z"}
{"level":"info","message":"Clicking the help button","timestamp":"2014-10-09T11:45:34.450Z"}
{"parentElementArrayFinder":{"locator_":{"using":"css selector","value":".zoe-btn-help"}},"elementArrayFinder_":{"locator_":{"$ref":"$[\"parentElementArrayFinder\"][\"locator_\"]"}},"level":"info","message":"help button is","timestamp":"2014-10-09T11:45:34.453Z"}
{"level":"info","message":"Saved screenshot","timestamp":"2014-10-09T11:45:35.656Z"}
{"level":"info","message":"Comparing images from paths: /tmp/screenfirefox27.0c06eb3b3c67046c5a8f08c2f9eb20d42.png.helpClose and images/helpClose-inline-firefox-27.0.png","timestamp":"2014-10-09T11:45:35.656Z"}
{"level":"info","message":"Clicking the zoom button","timestamp":"2014-10-09T11:45:35.669Z"}
{"level":"info","message":"Comparing images for stagezoom","timestamp":"2014-10-09T11:45:35.673Z"}
{"level":"info","message":"Saving screenshot to /tmp/screenfirefox27.0c06eb3b3c67046c5a8f08c2f9eb20d42.png.zoom","timestamp":"2014-10-09T11:45:35.673Z"}
{"level":"info","message":"Image comparison gave: 0","timestamp":"2014-10-09T11:45:35.711Z"}
{"level":"info","message":"firefox27.0c06eb3b3c67046c5a8f08c2f9eb20d42 compared images for stage: helpClosewith eqaulity of: 0","timestamp":"2014-10-09T11:45:35.711Z"}
{"level":"info","message":"Got help style of ","timestamp":"2014-10-09T11:45:38.850Z"}
{"level":"info","message":"Comparing images for stagehelp","timestamp":"2014-10-09T11:45:38.891Z"}
{"level":"info","message":"Saving screenshot to /tmp/screenandroid18e37151818f68488690d849042bb630f3.png.help","timestamp":"2014-10-09T11:45:38.891Z"}
{"level":"info","message":"Saved screenshot","timestamp":"2014-10-09T11:45:40.729Z"}
{"level":"info","message":"Comparing images from paths: /tmp/screenandroid18e37151818f68488690d849042bb630f3.png.help and images/help-inline-android-18.png","timestamp":"2014-10-09T11:45:40.729Z"}
{"level":"info","message":"Image comparison gave: 0","timestamp":"2014-10-09T11:45:40.749Z"}
{"level":"info","message":"android18e37151818f68488690d849042bb630f3 compared images for stage: helpwith eqaulity of: 0","timestamp":"2014-10-09T11:45:40.749Z"}
{"level":"info","message":"Clicking the help button","timestamp":"2014-10-09T11:45:40.778Z"}
{"parentElementArrayFinder":{"locator_":{"using":"css selector","value":".zoe-btn-help"}},"elementArrayFinder_":{"locator_":{"$ref":"$[\"parentElementArrayFinder\"][\"locator_\"]"}},"level":"info","message":"help button is","timestamp":"2014-10-09T11:45:40.780Z"}
{"level":"info","message":"Comparing images for stagehelpClose","timestamp":"2014-10-09T11:45:40.782Z"}
{"level":"info","message":"Saving screenshot to /tmp/screenandroid18e37151818f68488690d849042bb630f3.png.helpClose","timestamp":"2014-10-09T11:45:40.782Z"}
{"level":"info","message":"Saved screenshot","timestamp":"2014-10-09T11:45:41.059Z"}
{"level":"info","message":"Comparing images from paths: /tmp/screenfirefox27.0c06eb3b3c67046c5a8f08c2f9eb20d42.png.zoom and images/zoom-inline-firefox-27.0.png","timestamp":"2014-10-09T11:45:41.059Z"}
{"level":"info","message":"Clicking the zoom button","timestamp":"2014-10-09T11:45:41.085Z"}
{"level":"info","message":"Comparing images for stagezoomClose","timestamp":"2014-10-09T11:45:41.090Z"}
{"level":"info","message":"Saving screenshot to /tmp/screenfirefox27.0c06eb3b3c67046c5a8f08c2f9eb20d42.png.zoomClose","timestamp":"2014-10-09T11:45:41.090Z"}
{"level":"info","message":"Image comparison gave: 0","timestamp":"2014-10-09T11:45:41.249Z"}
{"level":"info","message":"firefox27.0c06eb3b3c67046c5a8f08c2f9eb20d42 compared images for stage: zoomwith eqaulity of: 0","timestamp":"2014-10-09T11:45:41.250Z"}
{"level":"info","message":"Got help style of display: none; ","timestamp":"2014-10-09T11:45:46.444Z"}
{"level":"info","message":"Saved screenshot","timestamp":"2014-10-09T11:45:46.567Z"}
{"level":"info","message":"Comparing images from paths: /tmp/screenfirefox27.0c06eb3b3c67046c5a8f08c2f9eb20d42.png.zoomClose and images/zoomClose-inline-firefox-27.0.png","timestamp":"2014-10-09T11:45:46.567Z"}
{"level":"info","message":"Opening URL: http://jenkins.zoetrope.io:8888/v3/testPopover.html","timestamp":"2014-10-09T11:45:46.579Z"}
{"level":"info","message":"Initialising file paths with browser & version","timestamp":"2014-10-09T11:45:46.579Z"}
{"level":"info","message":"Initialising file paths with browser & version","timestamp":"2014-10-09T11:45:46.580Z"}
{"level":"info","message":"Initialising file paths with browser & version","timestamp":"2014-10-09T11:45:46.580Z"}
{"level":"info","message":"Initialising file paths with browser & version","timestamp":"2014-10-09T11:45:46.580Z"}
{"level":"info","message":"Initialising file paths with browser & version","timestamp":"2014-10-09T11:45:46.580Z"}
{"level":"info","message":"Initialising file paths with browser & version","timestamp":"2014-10-09T11:45:46.580Z"}
{"level":"info","message":"Image comparison gave: 0","timestamp":"2014-10-09T11:45:46.804Z"}
{"level":"info","message":"firefox27.0c06eb3b3c67046c5a8f08c2f9eb20d42 compared images for stage: zoomClosewith eqaulity of: 0","timestamp":"2014-10-09T11:45:46.804Z"}
{"level":"info","message":"Comparing images for stageload","timestamp":"2014-10-09T11:45:47.628Z"}
{"level":"info","message":"Saving screenshot to /tmp/screenfirefox27.0c06eb3b3c67046c5a8f08c2f9eb20d42.png.load","timestamp":"2014-10-09T11:45:47.628Z"}
{"level":"info","message":"Saved screenshot","timestamp":"2014-10-09T11:45:48.105Z"}
{"level":"info","message":"Comparing images from paths: /tmp/screenandroid18e37151818f68488690d849042bb630f3.png.helpClose and images/helpClose-inline-android-18.png","timestamp":"2014-10-09T11:45:48.105Z"}
{"level":"info","message":"Clicking the zoom button","timestamp":"2014-10-09T11:45:48.119Z"}
{"level":"info","message":"Comparing images for stagezoom","timestamp":"2014-10-09T11:45:48.122Z"}
{"level":"info","message":"Saving screenshot to /tmp/screenandroid18e37151818f68488690d849042bb630f3.png.zoom","timestamp":"2014-10-09T11:45:48.123Z"}
{"level":"info","message":"Image comparison gave: 0","timestamp":"2014-10-09T11:45:48.126Z"}
{"level":"info","message":"android18e37151818f68488690d849042bb630f3 compared images for stage: helpClosewith eqaulity of: 0","timestamp":"2014-10-09T11:45:48.126Z"}
{"level":"info","message":"Saved screenshot","timestamp":"2014-10-09T11:45:49.901Z"}
{"level":"info","message":"Comparing images from paths: /tmp/screenfirefox27.0c06eb3b3c67046c5a8f08c2f9eb20d42.png.load and images/load-popover-firefox-27.0.png","timestamp":"2014-10-09T11:45:49.901Z"}
{"level":"info","message":"Clicking on widget trigger","timestamp":"2014-10-09T11:45:49.954Z"}
{"level":"info","message":"Image comparison gave: 0","timestamp":"2014-10-09T11:45:49.974Z"}
{"level":"info","message":"firefox27.0c06eb3b3c67046c5a8f08c2f9eb20d42 compared images for stage: loadwith eqaulity of: 0","timestamp":"2014-10-09T11:45:49.974Z"}
{"level":"info","message":"Comparing images for stageopenWidget","timestamp":"2014-10-09T11:45:51.558Z"}
{"level":"info","message":"Saving screenshot to /tmp/screenfirefox27.0c06eb3b3c67046c5a8f08c2f9eb20d42.png.openWidget","timestamp":"2014-10-09T11:45:51.558Z"}
{"level":"info","message":"Saved screenshot","timestamp":"2014-10-09T11:45:54.331Z"}
{"level":"info","message":"Comparing images from paths: /tmp/screenandroid18e37151818f68488690d849042bb630f3.png.zoom and images/zoom-inline-android-18.png","timestamp":"2014-10-09T11:45:54.332Z"}
{"level":"info","message":"Clicking the zoom button","timestamp":"2014-10-09T11:45:54.347Z"}
{"level":"info","message":"Comparing images for stagezoomClose","timestamp":"2014-10-09T11:45:54.350Z"}
{"level":"info","message":"Saving screenshot to /tmp/screenandroid18e37151818f68488690d849042bb630f3.png.zoomClose","timestamp":"2014-10-09T11:45:54.350Z"}
{"level":"info","message":"Image comparison gave: 0","timestamp":"2014-10-09T11:45:54.355Z"}
{"level":"info","message":"android18e37151818f68488690d849042bb630f3 compared images for stage: zoomwith eqaulity of: 0","timestamp":"2014-10-09T11:45:54.355Z"}
{"level":"info","message":"Saved screenshot","timestamp":"2014-10-09T11:45:55.310Z"}
{"level":"info","message":"Comparing images from paths: /tmp/screenfirefox27.0c06eb3b3c67046c5a8f08c2f9eb20d42.png.openWidget and images/openWidget-popover-firefox-27.0.png","timestamp":"2014-10-09T11:45:55.310Z"}
{"level":"info","message":"Clicking the help button","timestamp":"2014-10-09T11:45:55.344Z"}
{"parentElementArrayFinder":{"locator_":{"using":"css selector","value":".zoe-btn-help"}},"elementArrayFinder_":{"locator_":{"$ref":"$[\"parentElementArrayFinder\"][\"locator_\"]"}},"level":"info","message":"help button is","timestamp":"2014-10-09T11:45:55.347Z"}
{"level":"info","message":"Image comparison gave: 0.0022125499","timestamp":"2014-10-09T11:45:55.363Z"}
{"level":"info","message":"firefox27.0c06eb3b3c67046c5a8f08c2f9eb20d42 compared images for stage: openWidgetwith eqaulity of: 0.0022125499","timestamp":"2014-10-09T11:45:55.363Z"}
{"level":"info","message":"Got help style of ","timestamp":"2014-10-09T11:45:57.458Z"}
{"level":"info","message":"Comparing images for stagehelp","timestamp":"2014-10-09T11:45:57.498Z"}
{"level":"info","message":"Saving screenshot to /tmp/screenfirefox27.0c06eb3b3c67046c5a8f08c2f9eb20d42.png.help","timestamp":"2014-10-09T11:45:57.499Z"}
{"level":"info","message":"Saved screenshot","timestamp":"2014-10-09T11:45:58.983Z"}
{"level":"info","message":"Comparing images from paths: /tmp/screenandroid18e37151818f68488690d849042bb630f3.png.zoomClose and images/zoomClose-inline-android-18.png","timestamp":"2014-10-09T11:45:58.983Z"}
{"level":"info","message":"Image comparison gave: 0","timestamp":"2014-10-09T11:45:59.001Z"}
{"level":"info","message":"android18e37151818f68488690d849042bb630f3 compared images for stage: zoomClosewith eqaulity of: 0","timestamp":"2014-10-09T11:45:59.001Z"}
{"level":"info","message":"Opening URL: http://jenkins.zoetrope.io:8888/v3/testPopover.html","timestamp":"2014-10-09T11:45:59.014Z"}
{"level":"info","message":"Initialising file paths with browser & version","timestamp":"2014-10-09T11:45:59.014Z"}
{"level":"info","message":"Initialising file paths with browser & version","timestamp":"2014-10-09T11:45:59.014Z"}
{"level":"info","message":"Initialising file paths with browser & version","timestamp":"2014-10-09T11:45:59.014Z"}
{"level":"info","message":"Initialising file paths with browser & version","timestamp":"2014-10-09T11:45:59.014Z"}
{"level":"info","message":"Initialising file paths with browser & version","timestamp":"2014-10-09T11:45:59.014Z"}
{"level":"info","message":"Initialising file paths with browser & version","timestamp":"2014-10-09T11:45:59.014Z"}
{"level":"info","message":"Saved screenshot","timestamp":"2014-10-09T11:46:01.776Z"}
{"level":"info","message":"Comparing images from paths: /tmp/screenfirefox27.0c06eb3b3c67046c5a8f08c2f9eb20d42.png.help and images/help-popover-firefox-27.0.png","timestamp":"2014-10-09T11:46:01.776Z"}
{"level":"info","message":"Clicking the help button","timestamp":"2014-10-09T11:46:01.835Z"}
{"parentElementArrayFinder":{"locator_":{"using":"css selector","value":".zoe-btn-help"}},"elementArrayFinder_":{"locator_":{"$ref":"$[\"parentElementArrayFinder\"][\"locator_\"]"}},"level":"info","message":"help button is","timestamp":"2014-10-09T11:46:01.837Z"}
{"level":"info","message":"Comparing images for stagehelpClose","timestamp":"2014-10-09T11:46:01.838Z"}
{"level":"info","message":"Saving screenshot to /tmp/screenfirefox27.0c06eb3b3c67046c5a8f08c2f9eb20d42.png.helpClose","timestamp":"2014-10-09T11:46:01.839Z"}
{"level":"info","message":"Image comparison gave: 0","timestamp":"2014-10-09T11:46:02.072Z"}
{"level":"info","message":"firefox27.0c06eb3b3c67046c5a8f08c2f9eb20d42 compared images for stage: helpwith eqaulity of: 0","timestamp":"2014-10-09T11:46:02.073Z"}
{"level":"info","message":"Got help style of display: none;","timestamp":"2014-10-09T11:46:04.261Z"}
{"level":"info","message":"Comparing images for stageload","timestamp":"2014-10-09T11:46:04.725Z"}
{"level":"info","message":"Saving screenshot to /tmp/screenandroid18e37151818f68488690d849042bb630f3.png.load","timestamp":"2014-10-09T11:46:04.725Z"}
{"level":"info","message":"Saved screenshot","timestamp":"2014-10-09T11:46:07.944Z"}
{"level":"info","message":"Comparing images from paths: /tmp/screenandroid18e37151818f68488690d849042bb630f3.png.load and images/load-popover-android-18.png","timestamp":"2014-10-09T11:46:07.944Z"}
{"level":"info","message":"Image comparison gave: 0","timestamp":"2014-10-09T11:46:07.963Z"}
{"level":"info","message":"android18e37151818f68488690d849042bb630f3 compared images for stage: loadwith eqaulity of: 0","timestamp":"2014-10-09T11:46:07.964Z"}
{"level":"info","message":"Clicking on widget trigger","timestamp":"2014-10-09T11:46:07.979Z"}
{"level":"info","message":"Saved screenshot","timestamp":"2014-10-09T11:46:09.229Z"}
{"level":"info","message":"Comparing images from paths: /tmp/screenfirefox27.0c06eb3b3c67046c5a8f08c2f9eb20d42.png.helpClose and images/helpClose-popover-firefox-27.0.png","timestamp":"2014-10-09T11:46:09.229Z"}
{"level":"info","message":"Clicking the zoom button","timestamp":"2014-10-09T11:46:09.244Z"}
{"level":"info","message":"Comparing images for stagezoom","timestamp":"2014-10-09T11:46:09.247Z"}
{"level":"info","message":"Saving screenshot to /tmp/screenfirefox27.0c06eb3b3c67046c5a8f08c2f9eb20d42.png.zoom","timestamp":"2014-10-09T11:46:09.247Z"}
{"level":"info","message":"Image comparison gave: 0","timestamp":"2014-10-09T11:46:09.299Z"}
{"level":"info","message":"firefox27.0c06eb3b3c67046c5a8f08c2f9eb20d42 compared images for stage: helpClosewith eqaulity of: 0","timestamp":"2014-10-09T11:46:09.299Z"}
{"level":"info","message":"Comparing images for stageopenWidget","timestamp":"2014-10-09T11:46:10.379Z"}
{"level":"info","message":"Saving screenshot to /tmp/screenandroid18e37151818f68488690d849042bb630f3.png.openWidget","timestamp":"2014-10-09T11:46:10.380Z"}
{"level":"info","message":"Saved screenshot","timestamp":"2014-10-09T11:46:13.262Z"}
{"level":"info","message":"Comparing images from paths: /tmp/screenandroid18e37151818f68488690d849042bb630f3.png.openWidget and images/openWidget-popover-android-18.png","timestamp":"2014-10-09T11:46:13.262Z"}
{"level":"info","message":"Image comparison gave: 0.0190873833","timestamp":"2014-10-09T11:46:13.280Z"}
{"level":"info","message":"android18e37151818f68488690d849042bb630f3 compared images for stage: openWidgetwith eqaulity of: 0.0190873833","timestamp":"2014-10-09T11:46:13.281Z"}
{"level":"info","message":"Clicking the help button","timestamp":"2014-10-09T11:46:13.310Z"}
{"parentElementArrayFinder":{"locator_":{"using":"css selector","value":".zoe-btn-help"}},"elementArrayFinder_":{"locator_":{"$ref":"$[\"parentElementArrayFinder\"][\"locator_\"]"}},"level":"info","message":"help button is","timestamp":"2014-10-09T11:46:13.312Z"}
{"level":"info","message":"Got help style of ","timestamp":"2014-10-09T11:46:16.637Z"}
{"level":"info","message":"Comparing images for stagehelp","timestamp":"2014-10-09T11:46:16.679Z"}
{"level":"info","message":"Saving screenshot to /tmp/screenandroid18e37151818f68488690d849042bb630f3.png.help","timestamp":"2014-10-09T11:46:16.683Z"}
{"level":"info","message":"Saved screenshot","timestamp":"2014-10-09T11:46:19.065Z"}
{"level":"info","message":"Comparing images from paths: /tmp/screenandroid18e37151818f68488690d849042bb630f3.png.help and images/help-popover-android-18.png","timestamp":"2014-10-09T11:46:19.065Z"}
{"level":"info","message":"Image comparison gave: 0","timestamp":"2014-10-09T11:46:19.083Z"}
{"level":"info","message":"android18e37151818f68488690d849042bb630f3 compared images for stage: helpwith eqaulity of: 0","timestamp":"2014-10-09T11:46:19.083Z"}
{"level":"info","message":"Clicking the help button","timestamp":"2014-10-09T11:46:19.110Z"}
{"parentElementArrayFinder":{"locator_":{"using":"css selector","value":".zoe-btn-help"}},"elementArrayFinder_":{"locator_":{"$ref":"$[\"parentElementArrayFinder\"][\"locator_\"]"}},"level":"info","message":"help button is","timestamp":"2014-10-09T11:46:19.112Z"}
{"level":"info","message":"Comparing images for stagehelpClose","timestamp":"2014-10-09T11:46:19.114Z"}
{"level":"info","message":"Saving screenshot to /tmp/screenandroid18e37151818f68488690d849042bb630f3.png.helpClose","timestamp":"2014-10-09T11:46:19.114Z"}
{"level":"info","message":"Saved screenshot","timestamp":"2014-10-09T11:46:21.754Z"}
{"level":"info","message":"Comparing images from paths: /tmp/screenfirefox27.0c06eb3b3c67046c5a8f08c2f9eb20d42.png.zoom and images/zoom-popover-firefox-27.0.png","timestamp":"2014-10-09T11:46:21.754Z"}
{"level":"info","message":"Clicking the zoom button","timestamp":"2014-10-09T11:46:21.782Z"}
{"level":"info","message":"Comparing images for stagezoomClose","timestamp":"2014-10-09T11:46:21.786Z"}
{"level":"info","message":"Saving screenshot to /tmp/screenfirefox27.0c06eb3b3c67046c5a8f08c2f9eb20d42.png.zoomClose","timestamp":"2014-10-09T11:46:21.786Z"}
{"level":"info","message":"Image comparison gave: 0","timestamp":"2014-10-09T11:46:21.810Z"}
{"level":"info","message":"firefox27.0c06eb3b3c67046c5a8f08c2f9eb20d42 compared images for stage: zoomwith eqaulity of: 0","timestamp":"2014-10-09T11:46:21.810Z"}
{"level":"info","message":"Got help style of display: none; ","timestamp":"2014-10-09T11:46:22.423Z"}
{"level":"info","message":"Saved screenshot","timestamp":"2014-10-09T11:46:26.435Z"}
{"level":"info","message":"Comparing images from paths: /tmp/screenandroid18e37151818f68488690d849042bb630f3.png.helpClose and images/helpClose-popover-android-18.png","timestamp":"2014-10-09T11:46:26.435Z"}
{"level":"info","message":"Image comparison gave: 0","timestamp":"2014-10-09T11:46:26.454Z"}
{"level":"info","message":"android18e37151818f68488690d849042bb630f3 compared images for stage: helpClosewith eqaulity of: 0","timestamp":"2014-10-09T11:46:26.455Z"}
{"level":"info","message":"Clicking the zoom button","timestamp":"2014-10-09T11:46:26.460Z"}
{"level":"info","message":"Comparing images for stagezoom","timestamp":"2014-10-09T11:46:26.464Z"}
{"level":"info","message":"Saving screenshot to /tmp/screenandroid18e37151818f68488690d849042bb630f3.png.zoom","timestamp":"2014-10-09T11:46:26.464Z"}
{"level":"info","message":"Saved screenshot","timestamp":"2014-10-09T11:46:28.705Z"}
{"level":"info","message":"Comparing images from paths: /tmp/screenfirefox27.0c06eb3b3c67046c5a8f08c2f9eb20d42.png.zoomClose and images/zoomClose-popover-firefox-27.0.png","timestamp":"2014-10-09T11:46:28.706Z"}
{"level":"info","message":"Image comparison gave: 0","timestamp":"2014-10-09T11:46:28.828Z"}
{"level":"info","message":"firefox27.0c06eb3b3c67046c5a8f08c2f9eb20d42 compared images for stage: zoomClosewith eqaulity of: 0","timestamp":"2014-10-09T11:46:28.828Z"}
{"level":"info","message":"Saved screenshot","timestamp":"2014-10-09T11:46:33.675Z"}
{"level":"info","message":"Comparing images from paths: /tmp/screenandroid18e37151818f68488690d849042bb630f3.png.zoom and images/zoom-popover-android-18.png","timestamp":"2014-10-09T11:46:33.675Z"}
{"level":"info","message":"Clicking the zoom button","timestamp":"2014-10-09T11:46:33.689Z"}
{"level":"info","message":"Comparing images for stagezoomClose","timestamp":"2014-10-09T11:46:33.692Z"}
{"level":"info","message":"Saving screenshot to /tmp/screenandroid18e37151818f68488690d849042bb630f3.png.zoomClose","timestamp":"2014-10-09T11:46:33.692Z"}
{"level":"info","message":"Image comparison gave: 0","timestamp":"2014-10-09T11:46:33.699Z"}
{"level":"info","message":"android18e37151818f68488690d849042bb630f3 compared images for stage: zoomwith eqaulity of: 0","timestamp":"2014-10-09T11:46:33.699Z"}
{"level":"info","message":"Saved screenshot","timestamp":"2014-10-09T11:46:38.776Z"}
{"level":"info","message":"Comparing images from paths: /tmp/screenandroid18e37151818f68488690d849042bb630f3.png.zoomClose and images/zoomClose-popover-android-18.png","timestamp":"2014-10-09T11:46:38.776Z"}
{"takesScreenshot":true,"webdriver.remote.sessionid":"c44e84fcc9fd4fd096c377dacda493a1","unexpectedAlertBehaviour":"dismiss","ie.browserCommandLineSwitches":"","browserAttachTimeout":0,"ie.ensureCleanSession":false,"ignoreProtectedModeSettings":false,"platform":"WINDOWS","version":"11","ignoreZoomSetting":false,"nativeEvents":true,"handlesAlerts":true,"javascriptEnabled":true,"requireWindowFocus":false,"ie.usePerProcessProxy":false,"hasMetadata":true,"initialBrowserUrl":"http://localhost:2676/","enableElementCacheCleanup":true,"cssSelectorsEnabled":true,"browserName":"internet explorer","elementScrollBehavior":0,"enablePersistentHover":true,"ie.forceCreateProcessApi":false,"level":"info","message":"","timestamp":"2014-10-09T11:46:38.804Z"}
{"level":"info","message":"Image comparison gave: 0","timestamp":"2014-10-09T11:46:38.804Z"}
{"level":"info","message":"android18e37151818f68488690d849042bb630f3 compared images for stage: zoomClosewith eqaulity of: 0","timestamp":"2014-10-09T11:46:38.805Z"}
{"level":"info","message":"undefined","timestamp":"2014-10-09T11:46:38.804Z"}
{"level":"info","message":"BROWSER IS: internet explorer","timestamp":"2014-10-09T11:46:38.804Z"}
{"level":"info","message":"Initialising file paths with browser & version","timestamp":"2014-10-09T11:46:38.804Z"}
{"level":"info","message":"Initialising file paths with browser & version","timestamp":"2014-10-09T11:46:38.804Z"}
{"level":"info","message":"Initialising file paths with browser & version","timestamp":"2014-10-09T11:46:38.805Z"}
{"level":"info","message":"Initialising file paths with browser & version","timestamp":"2014-10-09T11:46:38.805Z"}
{"level":"info","message":"Initialising file paths with browser & version","timestamp":"2014-10-09T11:46:38.805Z"}
{"level":"info","message":"Initialising file paths with browser & version","timestamp":"2014-10-09T11:46:38.805Z"}
{"level":"info","message":"Initialising file paths with browser & version","timestamp":"2014-10-09T11:46:38.805Z"}
{"level":"info","message":"Initialising file paths with browser & version","timestamp":"2014-10-09T11:46:38.805Z"}
{"level":"info","message":"Initialising file paths with browser & version","timestamp":"2014-10-09T11:46:38.805Z"}
{"level":"info","message":"Initialising file paths with browser & version","timestamp":"2014-10-09T11:46:38.805Z"}
{"level":"info","message":"Initialising file paths with browser & version","timestamp":"2014-10-09T11:46:38.805Z"}
{"level":"info","message":"Initialising file paths with browser & version","timestamp":"2014-10-09T11:46:38.805Z"}
{"level":"info","message":"Initialising file paths with browser & version","timestamp":"2014-10-09T11:46:38.805Z"}
{"level":"info","message":"Initialising file paths with browser & version","timestamp":"2014-10-09T11:46:38.805Z"}
{"level":"info","message":"Initialising file paths with browser & version","timestamp":"2014-10-09T11:46:38.805Z"}
{"level":"info","message":"Initialising file paths with browser & version","timestamp":"2014-10-09T11:46:38.805Z"}
{"level":"info","message":"Initialising file paths with browser & version","timestamp":"2014-10-09T11:46:38.805Z"}
{"level":"info","message":"Initialising file paths with browser & version","timestamp":"2014-10-09T11:46:38.805Z"}
{"level":"info","message":"Initialising file paths with browser & version","timestamp":"2014-10-09T11:46:38.805Z"}
{"level":"info","message":"Initialising file paths with browser & version","timestamp":"2014-10-09T11:46:38.805Z"}
{"level":"info","message":"Initialising file paths with browser & version","timestamp":"2014-10-09T11:46:38.805Z"}
{"level":"info","message":"Opening URL: http://jenkins.zoetrope.io:8888/v3/testInline.html","timestamp":"2014-10-09T11:46:39.225Z"}
{"level":"info","message":"Initialising file paths with browser & version","timestamp":"2014-10-09T11:46:39.225Z"}
{"level":"info","message":"Initialising file paths with browser & version","timestamp":"2014-10-09T11:46:39.225Z"}
{"level":"info","message":"Initialising file paths with browser & version","timestamp":"2014-10-09T11:46:39.225Z"}
{"level":"info","message":"Initialising file paths with browser & version","timestamp":"2014-10-09T11:46:39.225Z"}
{"level":"info","message":"Initialising file paths with browser & version","timestamp":"2014-10-09T11:46:39.225Z"}
{"level":"info","message":"Initialising file paths with browser & version","timestamp":"2014-10-09T11:46:39.225Z"}
{"level":"info","message":"Comparing images for stageload","timestamp":"2014-10-09T11:46:48.938Z"}
{"level":"info","message":"Saving screenshot to /tmp/screeninternet explorer11c44e84fcc9fd4fd096c377dacda493a1.png.load","timestamp":"2014-10-09T11:46:48.939Z"}
{"level":"info","message":"Saved screenshot","timestamp":"2014-10-09T11:46:54.757Z"}
{"level":"info","message":"Comparing images from paths: /tmp/screeninternet explorer11c44e84fcc9fd4fd096c377dacda493a1.png.load and images/load-inline-internet explorer-11.png","timestamp":"2014-10-09T11:46:54.758Z"}
{"level":"info","message":"Clicking the help button","timestamp":"2014-10-09T11:46:54.796Z"}
{"parentElementArrayFinder":{"locator_":{"using":"css selector","value":".zoe-btn-help"}},"elementArrayFinder_":{"locator_":{"$ref":"$[\"parentElementArrayFinder\"][\"locator_\"]"}},"level":"info","message":"help button is","timestamp":"2014-10-09T11:46:54.799Z"}
{"level":"info","message":"Image comparison gave: 0","timestamp":"2014-10-09T11:46:54.809Z"}
{"level":"info","message":"internet explorer11c44e84fcc9fd4fd096c377dacda493a1 compared images for stage: loadwith eqaulity of: 0","timestamp":"2014-10-09T11:46:54.809Z"}
{"level":"info","message":"Got help style of ","timestamp":"2014-10-09T11:46:57.055Z"}
{"level":"info","message":"Comparing images for stagehelp","timestamp":"2014-10-09T11:46:57.098Z"}
{"level":"info","message":"Saving screenshot to /tmp/screeninternet explorer11c44e84fcc9fd4fd096c377dacda493a1.png.help","timestamp":"2014-10-09T11:46:57.098Z"}
{"level":"info","message":"Saved screenshot","timestamp":"2014-10-09T11:47:00.926Z"}
{"level":"info","message":"Comparing images from paths: /tmp/screeninternet explorer11c44e84fcc9fd4fd096c377dacda493a1.png.help and images/help-inline-internet explorer-11.png","timestamp":"2014-10-09T11:47:00.926Z"}
{"level":"info","message":"Clicking the help button","timestamp":"2014-10-09T11:47:00.973Z"}
{"parentElementArrayFinder":{"locator_":{"using":"css selector","value":".zoe-btn-help"}},"elementArrayFinder_":{"locator_":{"$ref":"$[\"parentElementArrayFinder\"][\"locator_\"]"}},"level":"info","message":"help button is","timestamp":"2014-10-09T11:47:00.976Z"}
{"level":"info","message":"Comparing images for stagehelpClose","timestamp":"2014-10-09T11:47:00.978Z"}
{"level":"info","message":"Saving screenshot to /tmp/screeninternet explorer11c44e84fcc9fd4fd096c377dacda493a1.png.helpClose","timestamp":"2014-10-09T11:47:00.978Z"}
{"level":"info","message":"Image comparison gave: 0","timestamp":"2014-10-09T11:47:00.982Z"}
{"level":"info","message":"internet explorer11c44e84fcc9fd4fd096c377dacda493a1 compared images for stage: helpwith eqaulity of: 0","timestamp":"2014-10-09T11:47:00.982Z"}
{"level":"info","message":"Got help style of display: none;","timestamp":"2014-10-09T11:47:04.982Z"}
{"level":"info","message":"Saved screenshot","timestamp":"2014-10-09T11:47:09.261Z"}
{"level":"info","message":"Comparing images from paths: /tmp/screeninternet explorer11c44e84fcc9fd4fd096c377dacda493a1.png.helpClose and images/helpClose-inline-internet explorer-11.png","timestamp":"2014-10-09T11:47:09.261Z"}
{"level":"info","message":"Clicking the zoom button","timestamp":"2014-10-09T11:47:09.277Z"}
{"level":"info","message":"Comparing images for stagezoom","timestamp":"2014-10-09T11:47:09.281Z"}
{"level":"info","message":"Saving screenshot to /tmp/screeninternet explorer11c44e84fcc9fd4fd096c377dacda493a1.png.zoom","timestamp":"2014-10-09T11:47:09.281Z"}
{"level":"info","message":"Image comparison gave: 0","timestamp":"2014-10-09T11:47:09.308Z"}
{"level":"info","message":"internet explorer11c44e84fcc9fd4fd096c377dacda493a1 compared images for stage: helpClosewith eqaulity of: 0","timestamp":"2014-10-09T11:47:09.309Z"}
{"takesScreenshot":true,"version":"6.1","cssSelectorsEnabled":true,"javascriptEnabled":true,"databaseEnabled":true,"locationContextEnabled":true,"platform":"MAC","browserName":"iPhone","webdriver.remote.sessionid":"788d0bebeee5493a856e27ac159fff22","hasMetadata":true,"webStorageEnabled":true,"level":"info","message":"","timestamp":"2014-10-09T11:47:14.279Z"}
{"level":"info","message":"undefined","timestamp":"2014-10-09T11:47:14.279Z"}
{"level":"info","message":"BROWSER IS: iPhone","timestamp":"2014-10-09T11:47:14.279Z"}
{"level":"info","message":"Initialising file paths with browser & version","timestamp":"2014-10-09T11:47:14.279Z"}
{"level":"info","message":"Initialising file paths with browser & version","timestamp":"2014-10-09T11:47:14.279Z"}
{"level":"info","message":"Initialising file paths with browser & version","timestamp":"2014-10-09T11:47:14.279Z"}
{"level":"info","message":"Initialising file paths with browser & version","timestamp":"2014-10-09T11:47:14.280Z"}
{"level":"info","message":"Initialising file paths with browser & version","timestamp":"2014-10-09T11:47:14.280Z"}
{"level":"info","message":"Initialising file paths with browser & version","timestamp":"2014-10-09T11:47:14.280Z"}
{"level":"info","message":"Initialising file paths with browser & version","timestamp":"2014-10-09T11:47:14.280Z"}
{"level":"info","message":"Initialising file paths with browser & version","timestamp":"2014-10-09T11:47:14.280Z"}
{"level":"info","message":"Initialising file paths with browser & version","timestamp":"2014-10-09T11:47:14.280Z"}
{"level":"info","message":"Initialising file paths with browser & version","timestamp":"2014-10-09T11:47:14.280Z"}
{"level":"info","message":"Initialising file paths with browser & version","timestamp":"2014-10-09T11:47:14.280Z"}
{"level":"info","message":"Initialising file paths with browser & version","timestamp":"2014-10-09T11:47:14.280Z"}
{"level":"info","message":"Initialising file paths with browser & version","timestamp":"2014-10-09T11:47:14.280Z"}
{"level":"info","message":"Initialising file paths with browser & version","timestamp":"2014-10-09T11:47:14.280Z"}
{"level":"info","message":"Initialising file paths with browser & version","timestamp":"2014-10-09T11:47:14.280Z"}
{"level":"info","message":"Initialising file paths with browser & version","timestamp":"2014-10-09T11:47:14.280Z"}
{"level":"info","message":"Initialising file paths with browser & version","timestamp":"2014-10-09T11:47:14.280Z"}
{"level":"info","message":"Initialising file paths with browser & version","timestamp":"2014-10-09T11:47:14.280Z"}
{"level":"info","message":"Initialising file paths with browser & version","timestamp":"2014-10-09T11:47:14.280Z"}
{"level":"info","message":"Initialising file paths with browser & version","timestamp":"2014-10-09T11:47:14.280Z"}
{"level":"info","message":"Initialising file paths with browser & version","timestamp":"2014-10-09T11:47:14.280Z"}
{"level":"info","message":"Opening URL: http://jenkins.zoetrope.io:8888/v3/testInline.html","timestamp":"2014-10-09T11:47:14.929Z"}
{"level":"info","message":"Initialising file paths with browser & version","timestamp":"2014-10-09T11:47:14.929Z"}
{"level":"info","message":"Initialising file paths with browser & version","timestamp":"2014-10-09T11:47:14.929Z"}
{"level":"info","message":"Initialising file paths with browser & version","timestamp":"2014-10-09T11:47:14.929Z"}
{"level":"info","message":"Initialising file paths with browser & version","timestamp":"2014-10-09T11:47:14.929Z"}
{"level":"info","message":"Initialising file paths with browser & version","timestamp":"2014-10-09T11:47:14.929Z"}
{"level":"info","message":"Initialising file paths with browser & version","timestamp":"2014-10-09T11:47:14.929Z"}
{"level":"info","message":"Comparing images for stageload","timestamp":"2014-10-09T11:47:20.223Z"}
{"level":"info","message":"Saving screenshot to /tmp/screeniPhone6.1788d0bebeee5493a856e27ac159fff22.png.load","timestamp":"2014-10-09T11:47:20.224Z"}
{"level":"info","message":"Saved screenshot","timestamp":"2014-10-09T11:47:20.303Z"}
{"level":"info","message":"Comparing images from paths: /tmp/screeninternet explorer11c44e84fcc9fd4fd096c377dacda493a1.png.zoom and images/zoom-inline-internet explorer-11.png","timestamp":"2014-10-09T11:47:20.303Z"}
{"level":"info","message":"Clicking the zoom button","timestamp":"2014-10-09T11:47:20.317Z"}
{"level":"info","message":"Comparing images for stagezoomClose","timestamp":"2014-10-09T11:47:20.321Z"}
{"level":"info","message":"Saving screenshot to /tmp/screeninternet explorer11c44e84fcc9fd4fd096c377dacda493a1.png.zoomClose","timestamp":"2014-10-09T11:47:20.321Z"}
{"level":"info","message":"Image comparison gave: 0","timestamp":"2014-10-09T11:47:20.353Z"}
{"level":"info","message":"internet explorer11c44e84fcc9fd4fd096c377dacda493a1 compared images for stage: zoomwith eqaulity of: 0","timestamp":"2014-10-09T11:47:20.354Z"}
{"level":"info","message":"Saved screenshot","timestamp":"2014-10-09T11:47:23.449Z"}
{"level":"info","message":"Comparing images from paths: /tmp/screeniPhone6.1788d0bebeee5493a856e27ac159fff22.png.load and images/load-inline-iPhone-6.1.png","timestamp":"2014-10-09T11:47:23.450Z"}
{"level":"info","message":"Image comparison gave: 0","timestamp":"2014-10-09T11:47:23.471Z"}
{"level":"info","message":"iPhone6.1788d0bebeee5493a856e27ac159fff22 compared images for stage: loadwith eqaulity of: 0","timestamp":"2014-10-09T11:47:23.471Z"}
{"level":"info","message":"Clicking the help button","timestamp":"2014-10-09T11:47:23.484Z"}
{"parentElementArrayFinder":{"locator_":{"using":"css selector","value":".zoe-btn-help"}},"elementArrayFinder_":{"locator_":{"$ref":"$[\"parentElementArrayFinder\"][\"locator_\"]"}},"level":"info","message":"help button is","timestamp":"2014-10-09T11:47:23.486Z"}
{"level":"info","message":"Got help style of ","timestamp":"2014-10-09T11:47:26.614Z"}
{"level":"info","message":"Comparing images for stagehelp","timestamp":"2014-10-09T11:47:26.658Z"}
{"level":"info","message":"Saving screenshot to /tmp/screeniPhone6.1788d0bebeee5493a856e27ac159fff22.png.help","timestamp":"2014-10-09T11:47:26.658Z"}
{"level":"info","message":"Saved screenshot","timestamp":"2014-10-09T11:47:27.167Z"}
{"level":"info","message":"Comparing images from paths: /tmp/screeninternet explorer11c44e84fcc9fd4fd096c377dacda493a1.png.zoomClose and images/zoomClose-inline-internet explorer-11.png","timestamp":"2014-10-09T11:47:27.167Z"}
{"level":"info","message":"Opening URL: http://jenkins.zoetrope.io:8888/v3/testPopover.html","timestamp":"2014-10-09T11:47:27.182Z"}
{"level":"info","message":"Initialising file paths with browser & version","timestamp":"2014-10-09T11:47:27.182Z"}
{"level":"info","message":"Initialising file paths with browser & version","timestamp":"2014-10-09T11:47:27.182Z"}
{"level":"info","message":"Initialising file paths with browser & version","timestamp":"2014-10-09T11:47:27.182Z"}
{"level":"info","message":"Initialising file paths with browser & version","timestamp":"2014-10-09T11:47:27.182Z"}
{"level":"info","message":"Initialising file paths with browser & version","timestamp":"2014-10-09T11:47:27.182Z"}
{"level":"info","message":"Initialising file paths with browser & version","timestamp":"2014-10-09T11:47:27.182Z"}
{"level":"info","message":"Image comparison gave: 0","timestamp":"2014-10-09T11:47:27.218Z"}
{"level":"info","message":"internet explorer11c44e84fcc9fd4fd096c377dacda493a1 compared images for stage: zoomClosewith eqaulity of: 0","timestamp":"2014-10-09T11:47:27.218Z"}
{"level":"info","message":"Comparing images for stageload","timestamp":"2014-10-09T11:47:28.530Z"}
{"level":"info","message":"Saving screenshot to /tmp/screeninternet explorer11c44e84fcc9fd4fd096c377dacda493a1.png.load","timestamp":"2014-10-09T11:47:28.530Z"}
{"level":"info","message":"Saved screenshot","timestamp":"2014-10-09T11:47:30.403Z"}
{"level":"info","message":"Comparing images from paths: /tmp/screeniPhone6.1788d0bebeee5493a856e27ac159fff22.png.help and images/help-inline-iPhone-6.1.png","timestamp":"2014-10-09T11:47:30.403Z"}
{"level":"info","message":"Image comparison gave: 0","timestamp":"2014-10-09T11:47:30.422Z"}
{"level":"info","message":"iPhone6.1788d0bebeee5493a856e27ac159fff22 compared images for stage: helpwith eqaulity of: 0","timestamp":"2014-10-09T11:47:30.425Z"}
{"level":"info","message":"Clicking the help button","timestamp":"2014-10-09T11:47:30.448Z"}
{"parentElementArrayFinder":{"locator_":{"using":"css selector","value":".zoe-btn-help"}},"elementArrayFinder_":{"locator_":{"$ref":"$[\"parentElementArrayFinder\"][\"locator_\"]"}},"level":"info","message":"help button is","timestamp":"2014-10-09T11:47:30.451Z"}
{"level":"info","message":"Comparing images for stagehelpClose","timestamp":"2014-10-09T11:47:30.453Z"}
{"level":"info","message":"Saving screenshot to /tmp/screeniPhone6.1788d0bebeee5493a856e27ac159fff22.png.helpClose","timestamp":"2014-10-09T11:47:30.453Z"}
{"level":"info","message":"Saved screenshot","timestamp":"2014-10-09T11:47:32.841Z"}
{"level":"info","message":"Comparing images from paths: /tmp/screeninternet explorer11c44e84fcc9fd4fd096c377dacda493a1.png.load and images/load-popover-internet explorer-11.png","timestamp":"2014-10-09T11:47:32.842Z"}
{"level":"info","message":"Clicking on widget trigger","timestamp":"2014-10-09T11:47:32.877Z"}
{"level":"info","message":"Image comparison gave: 0","timestamp":"2014-10-09T11:47:32.893Z"}
{"level":"info","message":"internet explorer11c44e84fcc9fd4fd096c377dacda493a1 compared images for stage: loadwith eqaulity of: 0","timestamp":"2014-10-09T11:47:32.893Z"}
{"level":"info","message":"Got help style of display: none; ","timestamp":"2014-10-09T11:47:36.411Z"}
{"level":"info","message":"Comparing images for stageopenWidget","timestamp":"2014-10-09T11:47:36.436Z"}
{"level":"info","message":"Saving screenshot to /tmp/screeninternet explorer11c44e84fcc9fd4fd096c377dacda493a1.png.openWidget","timestamp":"2014-10-09T11:47:36.436Z"}
{"level":"info","message":"Saved screenshot","timestamp":"2014-10-09T11:47:39.414Z"}
{"level":"info","message":"Comparing images from paths: /tmp/screeniPhone6.1788d0bebeee5493a856e27ac159fff22.png.helpClose and images/helpClose-inline-iPhone-6.1.png","timestamp":"2014-10-09T11:47:39.415Z"}
{"level":"info","message":"Clicking the zoom button","timestamp":"2014-10-09T11:47:39.431Z"}
{"level":"info","message":"Comparing images for stagezoom","timestamp":"2014-10-09T11:47:39.438Z"}
{"level":"info","message":"Saving screenshot to /tmp/screeniPhone6.1788d0bebeee5493a856e27ac159fff22.png.zoom","timestamp":"2014-10-09T11:47:39.438Z"}
{"level":"info","message":"Image comparison gave: 0","timestamp":"2014-10-09T11:47:39.448Z"}
{"level":"info","message":"iPhone6.1788d0bebeee5493a856e27ac159fff22 compared images for stage: helpClosewith eqaulity of: 0","timestamp":"2014-10-09T11:47:39.448Z"}
{"level":"info","message":"Saved screenshot","timestamp":"2014-10-09T11:47:39.463Z"}
{"level":"info","message":"Comparing images from paths: /tmp/screeninternet explorer11c44e84fcc9fd4fd096c377dacda493a1.png.openWidget and images/openWidget-popover-internet explorer-11.png","timestamp":"2014-10-09T11:47:39.463Z"}
{"level":"info","message":"Clicking the help button","timestamp":"2014-10-09T11:47:39.514Z"}
{"parentElementArrayFinder":{"locator_":{"using":"css selector","value":".zoe-btn-help"}},"elementArrayFinder_":{"locator_":{"$ref":"$[\"parentElementArrayFinder\"][\"locator_\"]"}},"level":"info","message":"help button is","timestamp":"2014-10-09T11:47:39.516Z"}
{"level":"info","message":"Image comparison gave: 0","timestamp":"2014-10-09T11:47:39.518Z"}
{"level":"info","message":"internet explorer11c44e84fcc9fd4fd096c377dacda493a1 compared images for stage: openWidgetwith eqaulity of: 0","timestamp":"2014-10-09T11:47:39.519Z"}
{"level":"info","message":"Got help style of ","timestamp":"2014-10-09T11:47:42.475Z"}
{"level":"info","message":"Comparing images for stagehelp","timestamp":"2014-10-09T11:47:42.518Z"}
{"level":"info","message":"Saving screenshot to /tmp/screeninternet explorer11c44e84fcc9fd4fd096c377dacda493a1.png.help","timestamp":"2014-10-09T11:47:42.518Z"}
{"level":"info","message":"Saved screenshot","timestamp":"2014-10-09T11:47:45.158Z"}
{"level":"info","message":"Comparing images from paths: /tmp/screeninternet explorer11c44e84fcc9fd4fd096c377dacda493a1.png.help and images/help-popover-internet explorer-11.png","timestamp":"2014-10-09T11:47:45.158Z"}
{"level":"info","message":"Clicking the help button","timestamp":"2014-10-09T11:47:45.204Z"}
{"parentElementArrayFinder":{"locator_":{"using":"css selector","value":".zoe-btn-help"}},"elementArrayFinder_":{"locator_":{"$ref":"$[\"parentElementArrayFinder\"][\"locator_\"]"}},"level":"info","message":"help button is","timestamp":"2014-10-09T11:47:45.206Z"}
{"level":"info","message":"Comparing images for stagehelpClose","timestamp":"2014-10-09T11:47:45.208Z"}
{"level":"info","message":"Saving screenshot to /tmp/screeninternet explorer11c44e84fcc9fd4fd096c377dacda493a1.png.helpClose","timestamp":"2014-10-09T11:47:45.208Z"}
{"level":"info","message":"Image comparison gave: 0","timestamp":"2014-10-09T11:47:45.217Z"}
{"level":"info","message":"internet explorer11c44e84fcc9fd4fd096c377dacda493a1 compared images for stage: helpwith eqaulity of: 0","timestamp":"2014-10-09T11:47:45.217Z"}
{"level":"info","message":"Got help style of display: none;","timestamp":"2014-10-09T11:47:47.571Z"}
{"level":"info","message":"Saved screenshot","timestamp":"2014-10-09T11:47:47.624Z"}
{"level":"info","message":"Comparing images from paths: /tmp/screeniPhone6.1788d0bebeee5493a856e27ac159fff22.png.zoom and images/zoom-inline-iPhone-6.1.png","timestamp":"2014-10-09T11:47:47.624Z"}
{"level":"info","message":"Image comparison gave: 0","timestamp":"2014-10-09T11:47:47.648Z"}
{"level":"info","message":"iPhone6.1788d0bebeee5493a856e27ac159fff22 compared images for stage: zoomwith eqaulity of: 0","timestamp":"2014-10-09T11:47:47.648Z"}
{"level":"info","message":"Clicking the zoom button","timestamp":"2014-10-09T11:47:47.653Z"}
{"level":"info","message":"Comparing images for stagezoomClose","timestamp":"2014-10-09T11:47:47.657Z"}
{"level":"info","message":"Saving screenshot to /tmp/screeniPhone6.1788d0bebeee5493a856e27ac159fff22.png.zoomClose","timestamp":"2014-10-09T11:47:47.657Z"}
{"level":"info","message":"Saved screenshot","timestamp":"2014-10-09T11:47:50.534Z"}
{"level":"info","message":"Comparing images from paths: /tmp/screeninternet explorer11c44e84fcc9fd4fd096c377dacda493a1.png.helpClose and images/helpClose-popover-internet explorer-11.png","timestamp":"2014-10-09T11:47:50.534Z"}
{"level":"info","message":"Clicking the zoom button","timestamp":"2014-10-09T11:47:50.547Z"}
{"level":"info","message":"Comparing images for stagezoom","timestamp":"2014-10-09T11:47:50.550Z"}
{"level":"info","message":"Saving screenshot to /tmp/screeninternet explorer11c44e84fcc9fd4fd096c377dacda493a1.png.zoom","timestamp":"2014-10-09T11:47:50.550Z"}
{"level":"info","message":"Image comparison gave: 0","timestamp":"2014-10-09T11:47:50.588Z"}
{"level":"info","message":"internet explorer11c44e84fcc9fd4fd096c377dacda493a1 compared images for stage: helpClosewith eqaulity of: 0","timestamp":"2014-10-09T11:47:50.588Z"}
{"level":"info","message":"Saved screenshot","timestamp":"2014-10-09T11:47:52.586Z"}
{"level":"info","message":"Comparing images from paths: /tmp/screeniPhone6.1788d0bebeee5493a856e27ac159fff22.png.zoomClose and images/zoomClose-inline-iPhone-6.1.png","timestamp":"2014-10-09T11:47:52.586Z"}
{"level":"info","message":"Opening URL: http://jenkins.zoetrope.io:8888/v3/testPopover.html","timestamp":"2014-10-09T11:47:52.599Z"}
{"level":"info","message":"Initialising file paths with browser & version","timestamp":"2014-10-09T11:47:52.600Z"}
{"level":"info","message":"Initialising file paths with browser & version","timestamp":"2014-10-09T11:47:52.600Z"}
{"level":"info","message":"Initialising file paths with browser & version","timestamp":"2014-10-09T11:47:52.600Z"}
{"level":"info","message":"Initialising file paths with browser & version","timestamp":"2014-10-09T11:47:52.600Z"}
{"level":"info","message":"Initialising file paths with browser & version","timestamp":"2014-10-09T11:47:52.600Z"}
{"level":"info","message":"Initialising file paths with browser & version","timestamp":"2014-10-09T11:47:52.600Z"}
{"level":"info","message":"Image comparison gave: 0","timestamp":"2014-10-09T11:47:52.608Z"}
{"level":"info","message":"iPhone6.1788d0bebeee5493a856e27ac159fff22 compared images for stage: zoomClosewith eqaulity of: 0","timestamp":"2014-10-09T11:47:52.608Z"}
{"level":"info","message":"Comparing images for stageload","timestamp":"2014-10-09T11:47:56.418Z"}
{"level":"info","message":"Saving screenshot to /tmp/screeniPhone6.1788d0bebeee5493a856e27ac159fff22.png.load","timestamp":"2014-10-09T11:47:56.418Z"}
{"level":"info","message":"Saved screenshot","timestamp":"2014-10-09T11:47:58.994Z"}
{"level":"info","message":"Comparing images from paths: /tmp/screeninternet explorer11c44e84fcc9fd4fd096c377dacda493a1.png.zoom and images/zoom-popover-internet explorer-11.png","timestamp":"2014-10-09T11:47:58.995Z"}
{"level":"info","message":"Clicking the zoom button","timestamp":"2014-10-09T11:47:59.008Z"}
{"level":"info","message":"Comparing images for stagezoomClose","timestamp":"2014-10-09T11:47:59.012Z"}
{"level":"info","message":"Saving screenshot to /tmp/screeninternet explorer11c44e84fcc9fd4fd096c377dacda493a1.png.zoomClose","timestamp":"2014-10-09T11:47:59.012Z"}
{"level":"info","message":"Image comparison gave: 0","timestamp":"2014-10-09T11:47:59.052Z"}
{"level":"info","message":"internet explorer11c44e84fcc9fd4fd096c377dacda493a1 compared images for stage: zoomwith eqaulity of: 0","timestamp":"2014-10-09T11:47:59.053Z"}
{"level":"info","message":"Saved screenshot","timestamp":"2014-10-09T11:48:00.785Z"}
{"level":"info","message":"Comparing images from paths: /tmp/screeniPhone6.1788d0bebeee5493a856e27ac159fff22.png.load and images/load-popover-iPhone-6.1.png","timestamp":"2014-10-09T11:48:00.785Z"}
{"level":"info","message":"Image comparison gave: 0","timestamp":"2014-10-09T11:48:00.806Z"}
{"level":"info","message":"iPhone6.1788d0bebeee5493a856e27ac159fff22 compared images for stage: loadwith eqaulity of: 0","timestamp":"2014-10-09T11:48:00.806Z"}
{"level":"info","message":"Clicking on widget trigger","timestamp":"2014-10-09T11:48:00.832Z"}
{"level":"info","message":"Comparing images for stageopenWidget","timestamp":"2014-10-09T11:48:03.180Z"}
{"level":"info","message":"Saving screenshot to /tmp/screeniPhone6.1788d0bebeee5493a856e27ac159fff22.png.openWidget","timestamp":"2014-10-09T11:48:03.180Z"}
{"level":"info","message":"Saved screenshot","timestamp":"2014-10-09T11:48:03.664Z"}
{"level":"info","message":"Comparing images from paths: /tmp/screeninternet explorer11c44e84fcc9fd4fd096c377dacda493a1.png.zoomClose and images/zoomClose-popover-internet explorer-11.png","timestamp":"2014-10-09T11:48:03.664Z"}
{"level":"info","message":"Image comparison gave: 0","timestamp":"2014-10-09T11:48:03.717Z"}
{"level":"info","message":"internet explorer11c44e84fcc9fd4fd096c377dacda493a1 compared images for stage: zoomClosewith eqaulity of: 0","timestamp":"2014-10-09T11:48:03.718Z"}
{"level":"info","message":"Saved screenshot","timestamp":"2014-10-09T11:48:05.276Z"}
{"level":"info","message":"Comparing images from paths: /tmp/screeniPhone6.1788d0bebeee5493a856e27ac159fff22.png.openWidget and images/openWidget-popover-iPhone-6.1.png","timestamp":"2014-10-09T11:48:05.277Z"}
{"level":"info","message":"Image comparison gave: 0","timestamp":"2014-10-09T11:48:05.294Z"}
{"level":"info","message":"iPhone6.1788d0bebeee5493a856e27ac159fff22 compared images for stage: openWidgetwith eqaulity of: 0","timestamp":"2014-10-09T11:48:05.294Z"}
{"level":"info","message":"Clicking the help button","timestamp":"2014-10-09T11:48:05.310Z"}
{"parentElementArrayFinder":{"locator_":{"using":"css selector","value":".zoe-btn-help"}},"elementArrayFinder_":{"locator_":{"$ref":"$[\"parentElementArrayFinder\"][\"locator_\"]"}},"level":"info","message":"help button is","timestamp":"2014-10-09T11:48:05.312Z"}
{"level":"info","message":"Got help style of ","timestamp":"2014-10-09T11:48:08.471Z"}
{"level":"info","message":"Comparing images for stagehelp","timestamp":"2014-10-09T11:48:08.512Z"}
{"level":"info","message":"Saving screenshot to /tmp/screeniPhone6.1788d0bebeee5493a856e27ac159fff22.png.help","timestamp":"2014-10-09T11:48:08.512Z"}
{"level":"info","message":"Saved screenshot","timestamp":"2014-10-09T11:48:10.421Z"}
{"level":"info","message":"Comparing images from paths: /tmp/screeniPhone6.1788d0bebeee5493a856e27ac159fff22.png.help and images/help-popover-iPhone-6.1.png","timestamp":"2014-10-09T11:48:10.421Z"}
{"level":"info","message":"Image comparison gave: 0","timestamp":"2014-10-09T11:48:10.446Z"}
{"level":"info","message":"iPhone6.1788d0bebeee5493a856e27ac159fff22 compared images for stage: helpwith eqaulity of: 0","timestamp":"2014-10-09T11:48:10.446Z"}
{"level":"info","message":"Clicking the help button","timestamp":"2014-10-09T11:48:10.474Z"}
{"parentElementArrayFinder":{"locator_":{"using":"css selector","value":".zoe-btn-help"}},"elementArrayFinder_":{"locator_":{"$ref":"$[\"parentElementArrayFinder\"][\"locator_\"]"}},"level":"info","message":"help button is","timestamp":"2014-10-09T11:48:10.476Z"}
{"level":"info","message":"Comparing images for stagehelpClose","timestamp":"2014-10-09T11:48:10.478Z"}
{"level":"info","message":"Saving screenshot to /tmp/screeniPhone6.1788d0bebeee5493a856e27ac159fff22.png.helpClose","timestamp":"2014-10-09T11:48:10.478Z"}
{"level":"info","message":"Got help style of display: none; ","timestamp":"2014-10-09T11:48:13.502Z"}
{"level":"info","message":"Saved screenshot","timestamp":"2014-10-09T11:48:15.697Z"}
{"level":"info","message":"Comparing images from paths: /tmp/screeniPhone6.1788d0bebeee5493a856e27ac159fff22.png.helpClose and images/helpClose-popover-iPhone-6.1.png","timestamp":"2014-10-09T11:48:15.697Z"}
{"level":"info","message":"Clicking the zoom button","timestamp":"2014-10-09T11:48:15.715Z"}
{"level":"info","message":"Comparing images for stagezoom","timestamp":"2014-10-09T11:48:15.719Z"}
{"level":"info","message":"Saving screenshot to /tmp/screeniPhone6.1788d0bebeee5493a856e27ac159fff22.png.zoom","timestamp":"2014-10-09T11:48:15.719Z"}
{"level":"info","message":"Image comparison gave: 0","timestamp":"2014-10-09T11:48:15.722Z"}
{"level":"info","message":"iPhone6.1788d0bebeee5493a856e27ac159fff22 compared images for stage: helpClosewith eqaulity of: 0","timestamp":"2014-10-09T11:48:15.722Z"}
{"level":"info","message":"Saved screenshot","timestamp":"2014-10-09T11:48:22.493Z"}
{"level":"info","message":"Comparing images from paths: /tmp/screeniPhone6.1788d0bebeee5493a856e27ac159fff22.png.zoom and images/zoom-popover-iPhone-6.1.png","timestamp":"2014-10-09T11:48:22.494Z"}
{"level":"info","message":"Clicking the zoom button","timestamp":"2014-10-09T11:48:22.506Z"}
{"level":"info","message":"Comparing images for stagezoomClose","timestamp":"2014-10-09T11:48:22.510Z"}
{"level":"info","message":"Saving screenshot to /tmp/screeniPhone6.1788d0bebeee5493a856e27ac159fff22.png.zoomClose","timestamp":"2014-10-09T11:48:22.510Z"}
{"level":"info","message":"Image comparison gave: 0","timestamp":"2014-10-09T11:48:22.516Z"}
{"level":"info","message":"iPhone6.1788d0bebeee5493a856e27ac159fff22 compared images for stage: zoomwith eqaulity of: 0","timestamp":"2014-10-09T11:48:22.516Z"}
{"level":"info","message":"Saved screenshot","timestamp":"2014-10-09T11:48:26.702Z"}
{"level":"info","message":"Comparing images from paths: /tmp/screeniPhone6.1788d0bebeee5493a856e27ac159fff22.png.zoomClose and images/zoomClose-popover-iPhone-6.1.png","timestamp":"2014-10-09T11:48:26.703Z"}
{"level":"info","message":"Image comparison gave: 0","timestamp":"2014-10-09T11:48:26.728Z"}
{"level":"info","message":"iPhone6.1788d0bebeee5493a856e27ac159fff22 compared images for stage: zoomClosewith eqaulity of: 0","timestamp":"2014-10-09T11:48:26.728Z"}
{"takesScreenshot":true,"version":"6.0.5","cssSelectorsEnabled":true,"javascriptEnabled":true,"browserName":"safari","platform":"MAC","secureSsl":true,"webdriver.remote.sessionid":"7eefcae135e34c03a9c2e89ededd454d","hasMetadata":true,"level":"info","message":"","timestamp":"2014-10-09T11:48:42.799Z"}
{"level":"info","message":"undefined","timestamp":"2014-10-09T11:48:42.799Z"}
{"level":"info","message":"BROWSER IS: safari","timestamp":"2014-10-09T11:48:42.799Z"}
{"level":"info","message":"Initialising file paths with browser & version","timestamp":"2014-10-09T11:48:42.799Z"}
{"level":"info","message":"Initialising file paths with browser & version","timestamp":"2014-10-09T11:48:42.799Z"}
{"level":"info","message":"Initialising file paths with browser & version","timestamp":"2014-10-09T11:48:42.799Z"}
{"level":"info","message":"Initialising file paths with browser & version","timestamp":"2014-10-09T11:48:42.799Z"}
{"level":"info","message":"Initialising file paths with browser & version","timestamp":"2014-10-09T11:48:42.799Z"}
{"level":"info","message":"Initialising file paths with browser & version","timestamp":"2014-10-09T11:48:42.799Z"}
{"level":"info","message":"Initialising file paths with browser & version","timestamp":"2014-10-09T11:48:42.799Z"}
{"level":"info","message":"Initialising file paths with browser & version","timestamp":"2014-10-09T11:48:42.799Z"}
{"level":"info","message":"Initialising file paths with browser & version","timestamp":"2014-10-09T11:48:42.800Z"}
{"level":"info","message":"Initialising file paths with browser & version","timestamp":"2014-10-09T11:48:42.800Z"}
{"level":"info","message":"Initialising file paths with browser & version","timestamp":"2014-10-09T11:48:42.800Z"}
{"level":"info","message":"Initialising file paths with browser & version","timestamp":"2014-10-09T11:48:42.800Z"}
{"level":"info","message":"Initialising file paths with browser & version","timestamp":"2014-10-09T11:48:42.800Z"}
{"level":"info","message":"Initialising file paths with browser & version","timestamp":"2014-10-09T11:48:42.800Z"}
{"level":"info","message":"Initialising file paths with browser & version","timestamp":"2014-10-09T11:48:42.800Z"}
{"level":"info","message":"Initialising file paths with browser & version","timestamp":"2014-10-09T11:48:42.800Z"}
{"level":"info","message":"Initialising file paths with browser & version","timestamp":"2014-10-09T11:48:42.800Z"}
{"level":"info","message":"Initialising file paths with browser & version","timestamp":"2014-10-09T11:48:42.800Z"}
{"level":"info","message":"Initialising file paths with browser & version","timestamp":"2014-10-09T11:48:42.800Z"}
{"level":"info","message":"Initialising file paths with browser & version","timestamp":"2014-10-09T11:48:42.800Z"}
{"level":"info","message":"Initialising file paths with browser & version","timestamp":"2014-10-09T11:48:42.800Z"}
{"level":"info","message":"Opening URL: http://jenkins.zoetrope.io:8888/v3/testInline.html","timestamp":"2014-10-09T11:48:43.220Z"}
{"level":"info","message":"Initialising file paths with browser & version","timestamp":"2014-10-09T11:48:43.220Z"}
{"level":"info","message":"Initialising file paths with browser & version","timestamp":"2014-10-09T11:48:43.220Z"}
{"level":"info","message":"Initialising file paths with browser & version","timestamp":"2014-10-09T11:48:43.220Z"}
{"level":"info","message":"Initialising file paths with browser & version","timestamp":"2014-10-09T11:48:43.220Z"}
{"level":"info","message":"Initialising file paths with browser & version","timestamp":"2014-10-09T11:48:43.220Z"}
{"level":"info","message":"Initialising file paths with browser & version","timestamp":"2014-10-09T11:48:43.220Z"}
{"level":"info","message":"Comparing images for stageload","timestamp":"2014-10-09T11:48:49.058Z"}
{"level":"info","message":"Saving screenshot to /tmp/screensafari6.0.57eefcae135e34c03a9c2e89ededd454d.png.load","timestamp":"2014-10-09T11:48:49.059Z"}
{"level":"info","message":"Saved screenshot","timestamp":"2014-10-09T11:48:51.995Z"}
{"level":"info","message":"Comparing images from paths: /tmp/screensafari6.0.57eefcae135e34c03a9c2e89ededd454d.png.load and images/load-inline-safari-6.0.5.png","timestamp":"2014-10-09T11:48:51.995Z"}
{"level":"info","message":"Clicking the help button","timestamp":"2014-10-09T11:48:52.032Z"}
{"parentElementArrayFinder":{"locator_":{"using":"css selector","value":".zoe-btn-help"}},"elementArrayFinder_":{"locator_":{"$ref":"$[\"parentElementArrayFinder\"][\"locator_\"]"}},"level":"info","message":"help button is","timestamp":"2014-10-09T11:48:52.035Z"}
{"level":"info","message":"Image comparison gave: 0","timestamp":"2014-10-09T11:48:52.070Z"}
{"level":"info","message":"safari6.0.57eefcae135e34c03a9c2e89ededd454d compared images for stage: loadwith eqaulity of: 0","timestamp":"2014-10-09T11:48:52.070Z"}
{"level":"info","message":"Got help style of ","timestamp":"2014-10-09T11:48:54.697Z"}
{"level":"info","message":"Comparing images for stagehelp","timestamp":"2014-10-09T11:48:54.740Z"}
{"level":"info","message":"Saving screenshot to /tmp/screensafari6.0.57eefcae135e34c03a9c2e89ededd454d.png.help","timestamp":"2014-10-09T11:48:54.740Z"}
{"level":"info","message":"Saved screenshot","timestamp":"2014-10-09T11:48:57.066Z"}
{"level":"info","message":"Comparing images from paths: /tmp/screensafari6.0.57eefcae135e34c03a9c2e89ededd454d.png.help and images/help-inline-safari-6.0.5.png","timestamp":"2014-10-09T11:48:57.066Z"}
{"level":"info","message":"Clicking the help button","timestamp":"2014-10-09T11:48:57.126Z"}
{"parentElementArrayFinder":{"locator_":{"using":"css selector","value":".zoe-btn-help"}},"elementArrayFinder_":{"locator_":{"$ref":"$[\"parentElementArrayFinder\"][\"locator_\"]"}},"level":"info","message":"help button is","timestamp":"2014-10-09T11:48:57.129Z"}
{"level":"info","message":"Comparing images for stagehelpClose","timestamp":"2014-10-09T11:48:57.131Z"}
{"level":"info","message":"Saving screenshot to /tmp/screensafari6.0.57eefcae135e34c03a9c2e89ededd454d.png.helpClose","timestamp":"2014-10-09T11:48:57.131Z"}
{"level":"info","message":"Image comparison gave: 0","timestamp":"2014-10-09T11:48:57.135Z"}
{"level":"info","message":"safari6.0.57eefcae135e34c03a9c2e89ededd454d compared images for stage: helpwith eqaulity of: 0","timestamp":"2014-10-09T11:48:57.135Z"}
{"level":"info","message":"Got help style of display: none; ","timestamp":"2014-10-09T11:48:59.715Z"}
{"level":"info","message":"Saved screenshot","timestamp":"2014-10-09T11:49:02.511Z"}
{"level":"info","message":"Comparing images from paths: /tmp/screensafari6.0.57eefcae135e34c03a9c2e89ededd454d.png.helpClose and images/helpClose-inline-safari-6.0.5.png","timestamp":"2014-10-09T11:49:02.511Z"}
{"level":"info","message":"Clicking the zoom button","timestamp":"2014-10-09T11:49:02.525Z"}
{"level":"info","message":"Comparing images for stagezoom","timestamp":"2014-10-09T11:49:02.528Z"}
{"level":"info","message":"Saving screenshot to /tmp/screensafari6.0.57eefcae135e34c03a9c2e89ededd454d.png.zoom","timestamp":"2014-10-09T11:49:02.528Z"}
{"level":"info","message":"Image comparison gave: 0","timestamp":"2014-10-09T11:49:02.581Z"}
{"level":"info","message":"safari6.0.57eefcae135e34c03a9c2e89ededd454d compared images for stage: helpClosewith eqaulity of: 0","timestamp":"2014-10-09T11:49:02.582Z"}
{"takesScreenshot":true,"version":"6.1","cssSelectorsEnabled":true,"javascriptEnabled":true,"databaseEnabled":true,"locationContextEnabled":true,"platform":"MAC","browserName":"iPad","webdriver.remote.sessionid":"c0b358c99a214e309f11ad23d47ebfe8","hasMetadata":true,"webStorageEnabled":true,"level":"info","message":"","timestamp":"2014-10-09T11:49:08.179Z"}
{"level":"info","message":"undefined","timestamp":"2014-10-09T11:49:08.180Z"}
{"level":"info","message":"BROWSER IS: iPad","timestamp":"2014-10-09T11:49:08.180Z"}
{"level":"info","message":"Initialising file paths with browser & version","timestamp":"2014-10-09T11:49:08.180Z"}
{"level":"info","message":"Initialising file paths with browser & version","timestamp":"2014-10-09T11:49:08.180Z"}
{"level":"info","message":"Initialising file paths with browser & version","timestamp":"2014-10-09T11:49:08.180Z"}
{"level":"info","message":"Initialising file paths with browser & version","timestamp":"2014-10-09T11:49:08.180Z"}
{"level":"info","message":"Initialising file paths with browser & version","timestamp":"2014-10-09T11:49:08.180Z"}
{"level":"info","message":"Initialising file paths with browser & version","timestamp":"2014-10-09T11:49:08.180Z"}
{"level":"info","message":"Initialising file paths with browser & version","timestamp":"2014-10-09T11:49:08.180Z"}
{"level":"info","message":"Initialising file paths with browser & version","timestamp":"2014-10-09T11:49:08.180Z"}
{"level":"info","message":"Initialising file paths with browser & version","timestamp":"2014-10-09T11:49:08.180Z"}
{"level":"info","message":"Initialising file paths with browser & version","timestamp":"2014-10-09T11:49:08.180Z"}
{"level":"info","message":"Initialising file paths with browser & version","timestamp":"2014-10-09T11:49:08.180Z"}
{"level":"info","message":"Initialising file paths with browser & version","timestamp":"2014-10-09T11:49:08.180Z"}
{"level":"info","message":"Initialising file paths with browser & version","timestamp":"2014-10-09T11:49:08.180Z"}
{"level":"info","message":"Initialising file paths with browser & version","timestamp":"2014-10-09T11:49:08.180Z"}
{"level":"info","message":"Initialising file paths with browser & version","timestamp":"2014-10-09T11:49:08.180Z"}
{"level":"info","message":"Initialising file paths with browser & version","timestamp":"2014-10-09T11:49:08.180Z"}
{"level":"info","message":"Initialising file paths with browser & version","timestamp":"2014-10-09T11:49:08.180Z"}
{"level":"info","message":"Initialising file paths with browser & version","timestamp":"2014-10-09T11:49:08.180Z"}
{"level":"info","message":"Initialising file paths with browser & version","timestamp":"2014-10-09T11:49:08.180Z"}
{"level":"info","message":"Initialising file paths with browser & version","timestamp":"2014-10-09T11:49:08.180Z"}
{"level":"info","message":"Initialising file paths with browser & version","timestamp":"2014-10-09T11:49:08.180Z"}
{"level":"info","message":"Opening URL: http://jenkins.zoetrope.io:8888/v3/testInline.html","timestamp":"2014-10-09T11:49:10.406Z"}
{"level":"info","message":"Initialising file paths with browser & version","timestamp":"2014-10-09T11:49:10.406Z"}
{"level":"info","message":"Initialising file paths with browser & version","timestamp":"2014-10-09T11:49:10.406Z"}
{"level":"info","message":"Initialising file paths with browser & version","timestamp":"2014-10-09T11:49:10.406Z"}
{"level":"info","message":"Initialising file paths with browser & version","timestamp":"2014-10-09T11:49:10.406Z"}
{"level":"info","message":"Initialising file paths with browser & version","timestamp":"2014-10-09T11:49:10.406Z"}
{"level":"info","message":"Initialising file paths with browser & version","timestamp":"2014-10-09T11:49:10.406Z"}
{"level":"info","message":"Saved screenshot","timestamp":"2014-10-09T11:49:11.238Z"}
{"level":"info","message":"Comparing images from paths: /tmp/screensafari6.0.57eefcae135e34c03a9c2e89ededd454d.png.zoom and images/zoom-inline-safari-6.0.5.png","timestamp":"2014-10-09T11:49:11.238Z"}
{"level":"info","message":"Clicking the zoom button","timestamp":"2014-10-09T11:49:11.251Z"}
{"level":"info","message":"Comparing images for stagezoomClose","timestamp":"2014-10-09T11:49:11.255Z"}
{"level":"info","message":"Saving screenshot to /tmp/screensafari6.0.57eefcae135e34c03a9c2e89ededd454d.png.zoomClose","timestamp":"2014-10-09T11:49:11.255Z"}
{"level":"info","message":"Image comparison gave: 0","timestamp":"2014-10-09T11:49:11.315Z"}
{"level":"info","message":"safari6.0.57eefcae135e34c03a9c2e89ededd454d compared images for stage: zoomwith eqaulity of: 0","timestamp":"2014-10-09T11:49:11.316Z"}
{"level":"info","message":"Comparing images for stageload","timestamp":"2014-10-09T11:49:16.408Z"}
{"level":"info","message":"Saving screenshot to /tmp/screeniPad6.1c0b358c99a214e309f11ad23d47ebfe8.png.load","timestamp":"2014-10-09T11:49:16.409Z"}
{"level":"info","message":"Saved screenshot","timestamp":"2014-10-09T11:49:21.066Z"}
{"level":"info","message":"Comparing images from paths: /tmp/screeniPad6.1c0b358c99a214e309f11ad23d47ebfe8.png.load and images/load-inline-iPad-6.1.png","timestamp":"2014-10-09T11:49:21.066Z"}
{"level":"info","message":"Image comparison gave: 0","timestamp":"2014-10-09T11:49:21.092Z"}
{"level":"info","message":"iPad6.1c0b358c99a214e309f11ad23d47ebfe8 compared images for stage: loadwith eqaulity of: 0","timestamp":"2014-10-09T11:49:21.092Z"}
{"level":"info","message":"Clicking the help button","timestamp":"2014-10-09T11:49:21.102Z"}
{"parentElementArrayFinder":{"locator_":{"using":"css selector","value":".zoe-btn-help"}},"elementArrayFinder_":{"locator_":{"$ref":"$[\"parentElementArrayFinder\"][\"locator_\"]"}},"level":"info","message":"help button is","timestamp":"2014-10-09T11:49:21.105Z"}
{"level":"info","message":"Saved screenshot","timestamp":"2014-10-09T11:49:21.373Z"}
{"level":"info","message":"Comparing images from paths: /tmp/screensafari6.0.57eefcae135e34c03a9c2e89ededd454d.png.zoomClose and images/zoomClose-inline-safari-6.0.5.png","timestamp":"2014-10-09T11:49:21.373Z"}
{"level":"info","message":"Opening URL: http://jenkins.zoetrope.io:8888/v3/testPopover.html","timestamp":"2014-10-09T11:49:21.386Z"}
{"level":"info","message":"Initialising file paths with browser & version","timestamp":"2014-10-09T11:49:21.386Z"}
{"level":"info","message":"Initialising file paths with browser & version","timestamp":"2014-10-09T11:49:21.386Z"}
{"level":"info","message":"Initialising file paths with browser & version","timestamp":"2014-10-09T11:49:21.386Z"}
{"level":"info","message":"Initialising file paths with browser & version","timestamp":"2014-10-09T11:49:21.386Z"}
{"level":"info","message":"Initialising file paths with browser & version","timestamp":"2014-10-09T11:49:21.386Z"}
{"level":"info","message":"Initialising file paths with browser & version","timestamp":"2014-10-09T11:49:21.386Z"}
{"level":"info","message":"Image comparison gave: 0","timestamp":"2014-10-09T11:49:21.444Z"}
{"level":"info","message":"safari6.0.57eefcae135e34c03a9c2e89ededd454d compared images for stage: zoomClosewith eqaulity of: 0","timestamp":"2014-10-09T11:49:21.444Z"}
{"level":"info","message":"Comparing images for stageload","timestamp":"2014-10-09T11:49:23.474Z"}
{"level":"info","message":"Saving screenshot to /tmp/screensafari6.0.57eefcae135e34c03a9c2e89ededd454d.png.load","timestamp":"2014-10-09T11:49:23.475Z"}
{"level":"info","message":"Got help style of ","timestamp":"2014-10-09T11:49:24.295Z"}
{"level":"info","message":"Comparing images for stagehelp","timestamp":"2014-10-09T11:49:24.339Z"}
{"level":"info","message":"Saving screenshot to /tmp/screeniPad6.1c0b358c99a214e309f11ad23d47ebfe8.png.help","timestamp":"2014-10-09T11:49:24.339Z"}
{"level":"info","message":"Saved screenshot","timestamp":"2014-10-09T11:49:26.644Z"}
{"level":"info","message":"Comparing images from paths: /tmp/screeniPad6.1c0b358c99a214e309f11ad23d47ebfe8.png.help and images/help-inline-iPad-6.1.png","timestamp":"2014-10-09T11:49:26.644Z"}
{"level":"info","message":"Image comparison gave: 0","timestamp":"2014-10-09T11:49:26.665Z"}
{"level":"info","message":"iPad6.1c0b358c99a214e309f11ad23d47ebfe8 compared images for stage: helpwith eqaulity of: 0","timestamp":"2014-10-09T11:49:26.665Z"}
{"level":"info","message":"Clicking the help button","timestamp":"2014-10-09T11:49:26.692Z"}
{"parentElementArrayFinder":{"locator_":{"using":"css selector","value":".zoe-btn-help"}},"elementArrayFinder_":{"locator_":{"$ref":"$[\"parentElementArrayFinder\"][\"locator_\"]"}},"level":"info","message":"help button is","timestamp":"2014-10-09T11:49:26.694Z"}
{"level":"info","message":"Comparing images for stagehelpClose","timestamp":"2014-10-09T11:49:26.696Z"}
{"level":"info","message":"Saving screenshot to /tmp/screeniPad6.1c0b358c99a214e309f11ad23d47ebfe8.png.helpClose","timestamp":"2014-10-09T11:49:26.696Z"}
{"level":"info","message":"Saved screenshot","timestamp":"2014-10-09T11:49:27.299Z"}
{"level":"info","message":"Comparing images from paths: /tmp/screensafari6.0.57eefcae135e34c03a9c2e89ededd454d.png.load and images/load-popover-safari-6.0.5.png","timestamp":"2014-10-09T11:49:27.299Z"}
{"level":"info","message":"Clicking on widget trigger","timestamp":"2014-10-09T11:49:27.333Z"}
{"level":"info","message":"Image comparison gave: 0","timestamp":"2014-10-09T11:49:27.371Z"}
{"level":"info","message":"safari6.0.57eefcae135e34c03a9c2e89ededd454d compared images for stage: loadwith eqaulity of: 0","timestamp":"2014-10-09T11:49:27.372Z"}
{"level":"info","message":"Got help style of display: none; ","timestamp":"2014-10-09T11:49:29.831Z"}
{"level":"info","message":"Comparing images for stageopenWidget","timestamp":"2014-10-09T11:49:30.286Z"}
{"level":"info","message":"Saving screenshot to /tmp/screensafari6.0.57eefcae135e34c03a9c2e89ededd454d.png.openWidget","timestamp":"2014-10-09T11:49:30.286Z"}
{"level":"info","message":"Saved screenshot","timestamp":"2014-10-09T11:49:32.885Z"}
{"level":"info","message":"Comparing images from paths: /tmp/screeniPad6.1c0b358c99a214e309f11ad23d47ebfe8.png.helpClose and images/helpClose-inline-iPad-6.1.png","timestamp":"2014-10-09T11:49:32.885Z"}
{"level":"info","message":"Image comparison gave: 0","timestamp":"2014-10-09T11:49:32.908Z"}
{"level":"info","message":"iPad6.1c0b358c99a214e309f11ad23d47ebfe8 compared images for stage: helpClosewith eqaulity of: 0","timestamp":"2014-10-09T11:49:32.908Z"}
{"level":"info","message":"Clicking the zoom button","timestamp":"2014-10-09T11:49:32.912Z"}
{"level":"info","message":"Comparing images for stagezoom","timestamp":"2014-10-09T11:49:32.916Z"}
{"level":"info","message":"Saving screenshot to /tmp/screeniPad6.1c0b358c99a214e309f11ad23d47ebfe8.png.zoom","timestamp":"2014-10-09T11:49:32.916Z"}
{"level":"info","message":"Saved screenshot","timestamp":"2014-10-09T11:49:37.370Z"}
{"level":"info","message":"Comparing images from paths: /tmp/screensafari6.0.57eefcae135e34c03a9c2e89ededd454d.png.openWidget and images/openWidget-popover-safari-6.0.5.png","timestamp":"2014-10-09T11:49:37.370Z"}
{"level":"info","message":"Clicking the help button","timestamp":"2014-10-09T11:49:37.415Z"}
{"parentElementArrayFinder":{"locator_":{"using":"css selector","value":".zoe-btn-help"}},"elementArrayFinder_":{"locator_":{"$ref":"$[\"parentElementArrayFinder\"][\"locator_\"]"}},"level":"info","message":"help button is","timestamp":"2014-10-09T11:49:37.417Z"}
{"level":"info","message":"Image comparison gave: 0.0000199069","timestamp":"2014-10-09T11:49:37.455Z"}
{"level":"info","message":"safari6.0.57eefcae135e34c03a9c2e89ededd454d compared images for stage: openWidgetwith eqaulity of: 0.0000199069","timestamp":"2014-10-09T11:49:37.456Z"}
{"level":"info","message":"Saved screenshot","timestamp":"2014-10-09T11:49:41.301Z"}
{"level":"info","message":"Comparing images from paths: /tmp/screeniPad6.1c0b358c99a214e309f11ad23d47ebfe8.png.zoom and images/zoom-inline-iPad-6.1.png","timestamp":"2014-10-09T11:49:41.302Z"}
{"level":"info","message":"Clicking the zoom button","timestamp":"2014-10-09T11:49:41.314Z"}
{"level":"info","message":"Comparing images for stagezoomClose","timestamp":"2014-10-09T11:49:41.318Z"}
{"level":"info","message":"Saving screenshot to /tmp/screeniPad6.1c0b358c99a214e309f11ad23d47ebfe8.png.zoomClose","timestamp":"2014-10-09T11:49:41.318Z"}
{"level":"info","message":"Image comparison gave: 0","timestamp":"2014-10-09T11:49:41.331Z"}
{"level":"info","message":"iPad6.1c0b358c99a214e309f11ad23d47ebfe8 compared images for stage: zoomwith eqaulity of: 0","timestamp":"2014-10-09T11:49:41.332Z"}
{"level":"info","message":"Got help style of ","timestamp":"2014-10-09T11:49:43.611Z"}
{"level":"info","message":"Comparing images for stagehelp","timestamp":"2014-10-09T11:49:43.653Z"}
{"level":"info","message":"Saving screenshot to /tmp/screensafari6.0.57eefcae135e34c03a9c2e89ededd454d.png.help","timestamp":"2014-10-09T11:49:43.653Z"}
{"level":"info","message":"Saved screenshot","timestamp":"2014-10-09T11:49:46.756Z"}
{"level":"info","message":"Comparing images from paths: /tmp/screeniPad6.1c0b358c99a214e309f11ad23d47ebfe8.png.zoomClose and images/zoomClose-inline-iPad-6.1.png","timestamp":"2014-10-09T11:49:46.756Z"}
{"level":"info","message":"Opening URL: http://jenkins.zoetrope.io:8888/v3/testPopover.html","timestamp":"2014-10-09T11:49:46.770Z"}
{"level":"info","message":"Initialising file paths with browser & version","timestamp":"2014-10-09T11:49:46.770Z"}
{"level":"info","message":"Initialising file paths with browser & version","timestamp":"2014-10-09T11:49:46.770Z"}
{"level":"info","message":"Initialising file paths with browser & version","timestamp":"2014-10-09T11:49:46.770Z"}
{"level":"info","message":"Initialising file paths with browser & version","timestamp":"2014-10-09T11:49:46.770Z"}
{"level":"info","message":"Initialising file paths with browser & version","timestamp":"2014-10-09T11:49:46.770Z"}
{"level":"info","message":"Initialising file paths with browser & version","timestamp":"2014-10-09T11:49:46.770Z"}
{"level":"info","message":"Image comparison gave: 0","timestamp":"2014-10-09T11:49:46.781Z"}
{"level":"info","message":"iPad6.1c0b358c99a214e309f11ad23d47ebfe8 compared images for stage: zoomClosewith eqaulity of: 0","timestamp":"2014-10-09T11:49:46.781Z"}
{"level":"info","message":"Comparing images for stageload","timestamp":"2014-10-09T11:49:48.093Z"}
{"level":"info","message":"Saving screenshot to /tmp/screeniPad6.1c0b358c99a214e309f11ad23d47ebfe8.png.load","timestamp":"2014-10-09T11:49:48.093Z"}
{"level":"info","message":"Saved screenshot","timestamp":"2014-10-09T11:49:48.546Z"}
{"level":"info","message":"Comparing images from paths: /tmp/screensafari6.0.57eefcae135e34c03a9c2e89ededd454d.png.help and images/help-popover-safari-6.0.5.png","timestamp":"2014-10-09T11:49:48.546Z"}
{"level":"info","message":"Clicking the help button","timestamp":"2014-10-09T11:49:48.591Z"}
{"parentElementArrayFinder":{"locator_":{"using":"css selector","value":".zoe-btn-help"}},"elementArrayFinder_":{"locator_":{"$ref":"$[\"parentElementArrayFinder\"][\"locator_\"]"}},"level":"info","message":"help button is","timestamp":"2014-10-09T11:49:48.593Z"}
{"level":"info","message":"Comparing images for stagehelpClose","timestamp":"2014-10-09T11:49:48.594Z"}
{"level":"info","message":"Saving screenshot to /tmp/screensafari6.0.57eefcae135e34c03a9c2e89ededd454d.png.helpClose","timestamp":"2014-10-09T11:49:48.594Z"}
{"level":"info","message":"Image comparison gave: 0","timestamp":"2014-10-09T11:49:48.624Z"}
{"level":"info","message":"safari6.0.57eefcae135e34c03a9c2e89ededd454d compared images for stage: helpwith eqaulity of: 0","timestamp":"2014-10-09T11:49:48.624Z"}
{"level":"info","message":"Saved screenshot","timestamp":"2014-10-09T11:49:51.275Z"}
{"level":"info","message":"Comparing images from paths: /tmp/screeniPad6.1c0b358c99a214e309f11ad23d47ebfe8.png.load and images/load-popover-iPad-6.1.png","timestamp":"2014-10-09T11:49:51.275Z"}
{"level":"info","message":"Image comparison gave: 0","timestamp":"2014-10-09T11:49:51.297Z"}
{"level":"info","message":"iPad6.1c0b358c99a214e309f11ad23d47ebfe8 compared images for stage: loadwith eqaulity of: 0","timestamp":"2014-10-09T11:49:51.297Z"}
{"level":"info","message":"Clicking on widget trigger","timestamp":"2014-10-09T11:49:51.309Z"}
{"level":"info","message":"Got help style of display: none; ","timestamp":"2014-10-09T11:49:51.948Z"}
{"level":"info","message":"Comparing images for stageopenWidget","timestamp":"2014-10-09T11:49:54.450Z"}
{"level":"info","message":"Saving screenshot to /tmp/screeniPad6.1c0b358c99a214e309f11ad23d47ebfe8.png.openWidget","timestamp":"2014-10-09T11:49:54.450Z"}
{"level":"info","message":"Saved screenshot","timestamp":"2014-10-09T11:49:57.445Z"}
{"level":"info","message":"Comparing images from paths: /tmp/screeniPad6.1c0b358c99a214e309f11ad23d47ebfe8.png.openWidget and images/openWidget-popover-iPad-6.1.png","timestamp":"2014-10-09T11:49:57.445Z"}
{"level":"info","message":"Image comparison gave: 0.0000802781","timestamp":"2014-10-09T11:49:57.466Z"}
{"level":"info","message":"iPad6.1c0b358c99a214e309f11ad23d47ebfe8 compared images for stage: openWidgetwith eqaulity of: 0.0000802781","timestamp":"2014-10-09T11:49:57.467Z"}
{"level":"info","message":"Clicking the help button","timestamp":"2014-10-09T11:49:57.479Z"}
{"parentElementArrayFinder":{"locator_":{"using":"css selector","value":".zoe-btn-help"}},"elementArrayFinder_":{"locator_":{"$ref":"$[\"parentElementArrayFinder\"][\"locator_\"]"}},"level":"info","message":"help button is","timestamp":"2014-10-09T11:49:57.482Z"}
{"level":"info","message":"Saved screenshot","timestamp":"2014-10-09T11:49:58.080Z"}
{"level":"info","message":"Comparing images from paths: /tmp/screensafari6.0.57eefcae135e34c03a9c2e89ededd454d.png.helpClose and images/helpClose-popover-safari-6.0.5.png","timestamp":"2014-10-09T11:49:58.080Z"}
{"level":"info","message":"Clicking the zoom button","timestamp":"2014-10-09T11:49:58.093Z"}
{"level":"info","message":"Comparing images for stagezoom","timestamp":"2014-10-09T11:49:58.096Z"}
{"level":"info","message":"Saving screenshot to /tmp/screensafari6.0.57eefcae135e34c03a9c2e89ededd454d.png.zoom","timestamp":"2014-10-09T11:49:58.097Z"}
{"level":"info","message":"Image comparison gave: 0","timestamp":"2014-10-09T11:49:58.163Z"}
{"level":"info","message":"safari6.0.57eefcae135e34c03a9c2e89ededd454d compared images for stage: helpClosewith eqaulity of: 0","timestamp":"2014-10-09T11:49:58.163Z"}
{"level":"info","message":"Got help style of ","timestamp":"2014-10-09T11:50:00.579Z"}
{"level":"info","message":"Comparing images for stagehelp","timestamp":"2014-10-09T11:50:00.620Z"}
{"level":"info","message":"Saving screenshot to /tmp/screeniPad6.1c0b358c99a214e309f11ad23d47ebfe8.png.help","timestamp":"2014-10-09T11:50:00.620Z"}
{"level":"info","message":"Saved screenshot","timestamp":"2014-10-09T11:50:03.077Z"}
{"level":"info","message":"Comparing images from paths: /tmp/screeniPad6.1c0b358c99a214e309f11ad23d47ebfe8.png.help and images/help-popover-iPad-6.1.png","timestamp":"2014-10-09T11:50:03.078Z"}
{"level":"info","message":"Image comparison gave: 0","timestamp":"2014-10-09T11:50:03.099Z"}
{"level":"info","message":"iPad6.1c0b358c99a214e309f11ad23d47ebfe8 compared images for stage: helpwith eqaulity of: 0","timestamp":"2014-10-09T11:50:03.099Z"}
{"level":"info","message":"Clicking the help button","timestamp":"2014-10-09T11:50:03.135Z"}
{"parentElementArrayFinder":{"locator_":{"using":"css selector","value":".zoe-btn-help"}},"elementArrayFinder_":{"locator_":{"$ref":"$[\"parentElementArrayFinder\"][\"locator_\"]"}},"level":"info","message":"help button is","timestamp":"2014-10-09T11:50:03.137Z"}
{"level":"info","message":"Comparing images for stagehelpClose","timestamp":"2014-10-09T11:50:03.138Z"}
{"level":"info","message":"Saving screenshot to /tmp/screeniPad6.1c0b358c99a214e309f11ad23d47ebfe8.png.helpClose","timestamp":"2014-10-09T11:50:03.138Z"}
{"level":"info","message":"Got help style of display: none; ","timestamp":"2014-10-09T11:50:06.287Z"}
{"level":"info","message":"Saved screenshot","timestamp":"2014-10-09T11:50:09.188Z"}
{"level":"info","message":"Comparing images from paths: /tmp/screeniPad6.1c0b358c99a214e309f11ad23d47ebfe8.png.helpClose and images/helpClose-popover-iPad-6.1.png","timestamp":"2014-10-09T11:50:09.189Z"}
{"level":"info","message":"Clicking the zoom button","timestamp":"2014-10-09T11:50:09.201Z"}
{"level":"info","message":"Comparing images for stagezoom","timestamp":"2014-10-09T11:50:09.205Z"}
{"level":"info","message":"Saving screenshot to /tmp/screeniPad6.1c0b358c99a214e309f11ad23d47ebfe8.png.zoom","timestamp":"2014-10-09T11:50:09.205Z"}
{"level":"info","message":"Image comparison gave: 0","timestamp":"2014-10-09T11:50:09.211Z"}
{"level":"info","message":"iPad6.1c0b358c99a214e309f11ad23d47ebfe8 compared images for stage: helpClosewith eqaulity of: 0","timestamp":"2014-10-09T11:50:09.212Z"}
{"level":"info","message":"Saved screenshot","timestamp":"2014-10-09T11:50:12.355Z"}
{"level":"info","message":"Comparing images from paths: /tmp/screensafari6.0.57eefcae135e34c03a9c2e89ededd454d.png.zoom and images/zoom-popover-safari-6.0.5.png","timestamp":"2014-10-09T11:50:12.355Z"}
{"level":"info","message":"Clicking the zoom button","timestamp":"2014-10-09T11:50:12.368Z"}
{"level":"info","message":"Comparing images for stagezoomClose","timestamp":"2014-10-09T11:50:12.372Z"}
{"level":"info","message":"Saving screenshot to /tmp/screensafari6.0.57eefcae135e34c03a9c2e89ededd454d.png.zoomClose","timestamp":"2014-10-09T11:50:12.373Z"}
{"level":"info","message":"Image comparison gave: 0","timestamp":"2014-10-09T11:50:12.450Z"}
{"level":"info","message":"safari6.0.57eefcae135e34c03a9c2e89ededd454d compared images for stage: zoomwith eqaulity of: 0","timestamp":"2014-10-09T11:50:12.450Z"}
{"level":"info","message":"Saved screenshot","timestamp":"2014-10-09T11:50:17.276Z"}
{"level":"info","message":"Comparing images from paths: /tmp/screeniPad6.1c0b358c99a214e309f11ad23d47ebfe8.png.zoom and images/zoom-popover-iPad-6.1.png","timestamp":"2014-10-09T11:50:17.276Z"}
{"level":"info","message":"Clicking the zoom button","timestamp":"2014-10-09T11:50:17.290Z"}
{"level":"info","message":"Comparing images for stagezoomClose","timestamp":"2014-10-09T11:50:17.294Z"}
{"level":"info","message":"Saving screenshot to /tmp/screeniPad6.1c0b358c99a214e309f11ad23d47ebfe8.png.zoomClose","timestamp":"2014-10-09T11:50:17.294Z"}
{"level":"info","message":"Image comparison gave: 0","timestamp":"2014-10-09T11:50:17.300Z"}
{"level":"info","message":"iPad6.1c0b358c99a214e309f11ad23d47ebfe8 compared images for stage: zoomwith eqaulity of: 0","timestamp":"2014-10-09T11:50:17.301Z"}
{"level":"info","message":"Saved screenshot","timestamp":"2014-10-09T11:50:19.261Z"}
{"level":"info","message":"Comparing images from paths: /tmp/screensafari6.0.57eefcae135e34c03a9c2e89ededd454d.png.zoomClose and images/zoomClose-popover-safari-6.0.5.png","timestamp":"2014-10-09T11:50:19.261Z"}
{"level":"info","message":"Image comparison gave: 0","timestamp":"2014-10-09T11:50:19.345Z"}
{"level":"info","message":"safari6.0.57eefcae135e34c03a9c2e89ededd454d compared images for stage: zoomClosewith eqaulity of: 0","timestamp":"2014-10-09T11:50:19.346Z"}
{"level":"info","message":"Saved screenshot","timestamp":"2014-10-09T11:50:23.795Z"}
{"level":"info","message":"Comparing images from paths: /tmp/screeniPad6.1c0b358c99a214e309f11ad23d47ebfe8.png.zoomClose and images/zoomClose-popover-iPad-6.1.png","timestamp":"2014-10-09T11:50:23.795Z"}
{"level":"info","message":"Image comparison gave: 0","timestamp":"2014-10-09T11:50:23.819Z"}
{"level":"info","message":"iPad6.1c0b358c99a214e309f11ad23d47ebfe8 compared images for stage: zoomClosewith eqaulity of: 0","timestamp":"2014-10-09T11:50:23.819Z"}
{"rotatable":false,"browserConnectionEnabled":false,"acceptSslCerts":true,"cssSelectorsEnabled":true,"chrome":{"chromedriverVersion":"2.4.226107"},"javascriptEnabled":true,"version":"30.0.1599.65","webdriver.remote.sessionid":"5b446809d20c45bca730f9706d3bb690","databaseEnabled":true,"locationContextEnabled":true,"platform":"Windows NT","browserName":"chrome","takesScreenshot":true,"hasMetadata":true,"nativeEvents":true,"applicationCacheEnabled":false,"webStorageEnabled":true,"handlesAlerts":true,"level":"info","message":"","timestamp":"2014-10-09T11:50:29.593Z"}
{"level":"info","message":"undefined","timestamp":"2014-10-09T11:50:29.594Z"}
{"level":"info","message":"BROWSER IS: chrome","timestamp":"2014-10-09T11:50:29.594Z"}
{"level":"info","message":"Initialising file paths with browser & version","timestamp":"2014-10-09T11:50:29.594Z"}
{"level":"info","message":"Initialising file paths with browser & version","timestamp":"2014-10-09T11:50:29.594Z"}
{"level":"info","message":"Initialising file paths with browser & version","timestamp":"2014-10-09T11:50:29.594Z"}
{"level":"info","message":"Initialising file paths with browser & version","timestamp":"2014-10-09T11:50:29.594Z"}
{"level":"info","message":"Initialising file paths with browser & version","timestamp":"2014-10-09T11:50:29.594Z"}
{"level":"info","message":"Initialising file paths with browser & version","timestamp":"2014-10-09T11:50:29.594Z"}
{"level":"info","message":"Initialising file paths with browser & version","timestamp":"2014-10-09T11:50:29.594Z"}
{"level":"info","message":"Initialising file paths with browser & version","timestamp":"2014-10-09T11:50:29.594Z"}
{"level":"info","message":"Initialising file paths with browser & version","timestamp":"2014-10-09T11:50:29.594Z"}
{"level":"info","message":"Initialising file paths with browser & version","timestamp":"2014-10-09T11:50:29.594Z"}
{"level":"info","message":"Initialising file paths with browser & version","timestamp":"2014-10-09T11:50:29.594Z"}
{"level":"info","message":"Initialising file paths with browser & version","timestamp":"2014-10-09T11:50:29.594Z"}
{"level":"info","message":"Initialising file paths with browser & version","timestamp":"2014-10-09T11:50:29.594Z"}
{"level":"info","message":"Initialising file paths with browser & version","timestamp":"2014-10-09T11:50:29.594Z"}
{"level":"info","message":"Initialising file paths with browser & version","timestamp":"2014-10-09T11:50:29.594Z"}
{"level":"info","message":"Initialising file paths with browser & version","timestamp":"2014-10-09T11:50:29.594Z"}
{"level":"info","message":"Initialising file paths with browser & version","timestamp":"2014-10-09T11:50:29.594Z"}
{"level":"info","message":"Initialising file paths with browser & version","timestamp":"2014-10-09T11:50:29.595Z"}
{"level":"info","message":"Initialising file paths with browser & version","timestamp":"2014-10-09T11:50:29.595Z"}
{"level":"info","message":"Initialising file paths with browser & version","timestamp":"2014-10-09T11:50:29.595Z"}
{"level":"info","message":"Initialising file paths with browser & version","timestamp":"2014-10-09T11:50:29.595Z"}
{"level":"info","message":"Opening URL: http://jenkins.zoetrope.io:8888/v3/testInline.html","timestamp":"2014-10-09T11:50:29.981Z"}
{"level":"info","message":"Initialising file paths with browser & version","timestamp":"2014-10-09T11:50:29.982Z"}
{"level":"info","message":"Initialising file paths with browser & version","timestamp":"2014-10-09T11:50:29.982Z"}
{"level":"info","message":"Initialising file paths with browser & version","timestamp":"2014-10-09T11:50:29.982Z"}
{"level":"info","message":"Initialising file paths with browser & version","timestamp":"2014-10-09T11:50:29.982Z"}
{"level":"info","message":"Initialising file paths with browser & version","timestamp":"2014-10-09T11:50:29.982Z"}
{"level":"info","message":"Initialising file paths with browser & version","timestamp":"2014-10-09T11:50:29.982Z"}
{"level":"info","message":"Comparing images for stageload","timestamp":"2014-10-09T11:50:34.981Z"}
{"level":"info","message":"Saving screenshot to /tmp/screenchrome30.0.1599.655b446809d20c45bca730f9706d3bb690.png.load","timestamp":"2014-10-09T11:50:34.981Z"}
{"level":"info","message":"Saved screenshot","timestamp":"2014-10-09T11:50:36.751Z"}
{"level":"info","message":"Comparing images from paths: /tmp/screenchrome30.0.1599.655b446809d20c45bca730f9706d3bb690.png.load and images/load-inline-chrome-30.0.1599.65.png","timestamp":"2014-10-09T11:50:36.752Z"}
{"level":"info","message":"Clicking the help button","timestamp":"2014-10-09T11:50:36.790Z"}
{"parentElementArrayFinder":{"locator_":{"using":"css selector","value":".zoe-btn-help"}},"elementArrayFinder_":{"locator_":{"$ref":"$[\"parentElementArrayFinder\"][\"locator_\"]"}},"level":"info","message":"help button is","timestamp":"2014-10-09T11:50:36.793Z"}
{"level":"info","message":"Image comparison gave: 0.0000029478","timestamp":"2014-10-09T11:50:36.819Z"}
{"level":"info","message":"chrome30.0.1599.655b446809d20c45bca730f9706d3bb690 compared images for stage: loadwith eqaulity of: 0.0000029478","timestamp":"2014-10-09T11:50:36.819Z"}
{"level":"info","message":"Got help style of ","timestamp":"2014-10-09T11:50:38.790Z"}
{"level":"info","message":"Comparing images for stagehelp","timestamp":"2014-10-09T11:50:38.832Z"}
{"level":"info","message":"Saving screenshot to /tmp/screenchrome30.0.1599.655b446809d20c45bca730f9706d3bb690.png.help","timestamp":"2014-10-09T11:50:38.832Z"}
{"level":"info","message":"Saved screenshot","timestamp":"2014-10-09T11:50:40.297Z"}
{"level":"info","message":"Comparing images from paths: /tmp/screenchrome30.0.1599.655b446809d20c45bca730f9706d3bb690.png.help and images/help-inline-chrome-30.0.1599.65.png","timestamp":"2014-10-09T11:50:40.297Z"}
{"level":"info","message":"Clicking the help button","timestamp":"2014-10-09T11:50:40.354Z"}
{"parentElementArrayFinder":{"locator_":{"using":"css selector","value":".zoe-btn-help"}},"elementArrayFinder_":{"locator_":{"$ref":"$[\"parentElementArrayFinder\"][\"locator_\"]"}},"level":"info","message":"help button is","timestamp":"2014-10-09T11:50:40.356Z"}
{"level":"info","message":"Comparing images for stagehelpClose","timestamp":"2014-10-09T11:50:40.359Z"}
{"level":"info","message":"Saving screenshot to /tmp/screenchrome30.0.1599.655b446809d20c45bca730f9706d3bb690.png.helpClose","timestamp":"2014-10-09T11:50:40.359Z"}
{"level":"info","message":"Image comparison gave: 0","timestamp":"2014-10-09T11:50:40.364Z"}
{"level":"info","message":"chrome30.0.1599.655b446809d20c45bca730f9706d3bb690 compared images for stage: helpwith eqaulity of: 0","timestamp":"2014-10-09T11:50:40.365Z"}
{"level":"info","message":"Got help style of display: none;","timestamp":"2014-10-09T11:50:42.238Z"}
{"level":"info","message":"Saved screenshot","timestamp":"2014-10-09T11:50:45.600Z"}
{"level":"info","message":"Comparing images from paths: /tmp/screenchrome30.0.1599.655b446809d20c45bca730f9706d3bb690.png.helpClose and images/helpClose-inline-chrome-30.0.1599.65.png","timestamp":"2014-10-09T11:50:45.600Z"}
{"level":"info","message":"Clicking the zoom button","timestamp":"2014-10-09T11:50:45.614Z"}
{"level":"info","message":"Comparing images for stagezoom","timestamp":"2014-10-09T11:50:45.617Z"}
{"level":"info","message":"Saving screenshot to /tmp/screenchrome30.0.1599.655b446809d20c45bca730f9706d3bb690.png.zoom","timestamp":"2014-10-09T11:50:45.617Z"}
{"level":"info","message":"Image comparison gave: 0","timestamp":"2014-10-09T11:50:45.671Z"}
{"level":"info","message":"chrome30.0.1599.655b446809d20c45bca730f9706d3bb690 compared images for stage: helpClosewith eqaulity of: 0","timestamp":"2014-10-09T11:50:45.672Z"}
{"level":"info","message":"Saved screenshot","timestamp":"2014-10-09T11:50:50.420Z"}
{"level":"info","message":"Comparing images from paths: /tmp/screenchrome30.0.1599.655b446809d20c45bca730f9706d3bb690.png.zoom and images/zoom-inline-chrome-30.0.1599.65.png","timestamp":"2014-10-09T11:50:50.420Z"}
{"level":"info","message":"Clicking the zoom button","timestamp":"2014-10-09T11:50:50.434Z"}
{"level":"info","message":"Comparing images for stagezoomClose","timestamp":"2014-10-09T11:50:50.439Z"}
{"level":"info","message":"Saving screenshot to /tmp/screenchrome30.0.1599.655b446809d20c45bca730f9706d3bb690.png.zoomClose","timestamp":"2014-10-09T11:50:50.439Z"}
{"level":"info","message":"Image comparison gave: 0","timestamp":"2014-10-09T11:50:50.491Z"}
{"level":"info","message":"chrome30.0.1599.655b446809d20c45bca730f9706d3bb690 compared images for stage: zoomwith eqaulity of: 0","timestamp":"2014-10-09T11:50:50.491Z"}
{"level":"info","message":"Saved screenshot","timestamp":"2014-10-09T11:50:53.614Z"}
{"level":"info","message":"Comparing images from paths: /tmp/screenchrome30.0.1599.655b446809d20c45bca730f9706d3bb690.png.zoomClose and images/zoomClose-inline-chrome-30.0.1599.65.png","timestamp":"2014-10-09T11:50:53.614Z"}
{"level":"info","message":"Opening URL: http://jenkins.zoetrope.io:8888/v3/testPopover.html","timestamp":"2014-10-09T11:50:53.632Z"}
{"level":"info","message":"Initialising file paths with browser & version","timestamp":"2014-10-09T11:50:53.632Z"}
{"level":"info","message":"Initialising file paths with browser & version","timestamp":"2014-10-09T11:50:53.632Z"}
{"level":"info","message":"Initialising file paths with browser & version","timestamp":"2014-10-09T11:50:53.632Z"}
{"level":"info","message":"Initialising file paths with browser & version","timestamp":"2014-10-09T11:50:53.632Z"}
{"level":"info","message":"Initialising file paths with browser & version","timestamp":"2014-10-09T11:50:53.632Z"}
{"level":"info","message":"Initialising file paths with browser & version","timestamp":"2014-10-09T11:50:53.632Z"}
{"level":"info","message":"Image comparison gave: 0","timestamp":"2014-10-09T11:50:53.682Z"}
{"level":"info","message":"chrome30.0.1599.655b446809d20c45bca730f9706d3bb690 compared images for stage: zoomClosewith eqaulity of: 0","timestamp":"2014-10-09T11:50:53.682Z"}
{"level":"info","message":"Comparing images for stageload","timestamp":"2014-10-09T11:50:54.695Z"}
{"level":"info","message":"Saving screenshot to /tmp/screenchrome30.0.1599.655b446809d20c45bca730f9706d3bb690.png.load","timestamp":"2014-10-09T11:50:54.695Z"}
{"level":"info","message":"Saved screenshot","timestamp":"2014-10-09T11:50:56.676Z"}
{"level":"info","message":"Comparing images from paths: /tmp/screenchrome30.0.1599.655b446809d20c45bca730f9706d3bb690.png.load and images/load-popover-chrome-30.0.1599.65.png","timestamp":"2014-10-09T11:50:56.676Z"}
{"level":"info","message":"Clicking on widget trigger","timestamp":"2014-10-09T11:50:56.714Z"}
{"level":"info","message":"Image comparison gave: 0","timestamp":"2014-10-09T11:50:56.749Z"}
{"level":"info","message":"chrome30.0.1599.655b446809d20c45bca730f9706d3bb690 compared images for stage: loadwith eqaulity of: 0","timestamp":"2014-10-09T11:50:56.749Z"}
{"level":"info","message":"Comparing images for stageopenWidget","timestamp":"2014-10-09T11:50:58.872Z"}
{"level":"info","message":"Saving screenshot to /tmp/screenchrome30.0.1599.655b446809d20c45bca730f9706d3bb690.png.openWidget","timestamp":"2014-10-09T11:50:58.872Z"}
{"level":"info","message":"Saved screenshot","timestamp":"2014-10-09T11:51:02.420Z"}
{"level":"info","message":"Comparing images from paths: /tmp/screenchrome30.0.1599.655b446809d20c45bca730f9706d3bb690.png.openWidget and images/openWidget-popover-chrome-30.0.1599.65.png","timestamp":"2014-10-09T11:51:02.420Z"}
{"level":"info","message":"Clicking the help button","timestamp":"2014-10-09T11:51:02.456Z"}
{"parentElementArrayFinder":{"locator_":{"using":"css selector","value":".zoe-btn-help"}},"elementArrayFinder_":{"locator_":{"$ref":"$[\"parentElementArrayFinder\"][\"locator_\"]"}},"level":"info","message":"help button is","timestamp":"2014-10-09T11:51:02.463Z"}
{"level":"info","message":"Image comparison gave: 0.0000094252","timestamp":"2014-10-09T11:51:02.492Z"}
{"level":"info","message":"chrome30.0.1599.655b446809d20c45bca730f9706d3bb690 compared images for stage: openWidgetwith eqaulity of: 0.0000094252","timestamp":"2014-10-09T11:51:02.492Z"}
{"level":"info","message":"Got help style of ","timestamp":"2014-10-09T11:51:04.463Z"}
{"level":"info","message":"Comparing images for stagehelp","timestamp":"2014-10-09T11:51:04.506Z"}
{"level":"info","message":"Saving screenshot to /tmp/screenchrome30.0.1599.655b446809d20c45bca730f9706d3bb690.png.help","timestamp":"2014-10-09T11:51:04.506Z"}
{"level":"info","message":"Saved screenshot","timestamp":"2014-10-09T11:51:06.642Z"}
{"level":"info","message":"Comparing images from paths: /tmp/screenchrome30.0.1599.655b446809d20c45bca730f9706d3bb690.png.help and images/help-popover-chrome-30.0.1599.65.png","timestamp":"2014-10-09T11:51:06.642Z"}
{"level":"info","message":"Clicking the help button","timestamp":"2014-10-09T11:51:06.687Z"}
{"parentElementArrayFinder":{"locator_":{"using":"css selector","value":".zoe-btn-help"}},"elementArrayFinder_":{"locator_":{"$ref":"$[\"parentElementArrayFinder\"][\"locator_\"]"}},"level":"info","message":"help button is","timestamp":"2014-10-09T11:51:06.689Z"}
{"level":"info","message":"Comparing images for stagehelpClose","timestamp":"2014-10-09T11:51:06.691Z"}
{"level":"info","message":"Saving screenshot to /tmp/screenchrome30.0.1599.655b446809d20c45bca730f9706d3bb690.png.helpClose","timestamp":"2014-10-09T11:51:06.691Z"}
{"level":"info","message":"Image comparison gave: 0","timestamp":"2014-10-09T11:51:06.716Z"}
{"level":"info","message":"chrome30.0.1599.655b446809d20c45bca730f9706d3bb690 compared images for stage: helpwith eqaulity of: 0","timestamp":"2014-10-09T11:51:06.716Z"}
{"level":"info","message":"Got help style of display: none;","timestamp":"2014-10-09T11:51:08.696Z"}
{"level":"info","message":"Saved screenshot","timestamp":"2014-10-09T11:51:11.290Z"}
{"level":"info","message":"Comparing images from paths: /tmp/screenchrome30.0.1599.655b446809d20c45bca730f9706d3bb690.png.helpClose and images/helpClose-popover-chrome-30.0.1599.65.png","timestamp":"2014-10-09T11:51:11.290Z"}
{"level":"info","message":"Clicking the zoom button","timestamp":"2014-10-09T11:51:11.315Z"}
{"level":"info","message":"Comparing images for stagezoom","timestamp":"2014-10-09T11:51:11.318Z"}
{"level":"info","message":"Saving screenshot to /tmp/screenchrome30.0.1599.655b446809d20c45bca730f9706d3bb690.png.zoom","timestamp":"2014-10-09T11:51:11.318Z"}
{"level":"info","message":"Image comparison gave: 0","timestamp":"2014-10-09T11:51:11.363Z"}
{"level":"info","message":"chrome30.0.1599.655b446809d20c45bca730f9706d3bb690 compared images for stage: helpClosewith eqaulity of: 0","timestamp":"2014-10-09T11:51:11.364Z"}
{"level":"info","message":"Saved screenshot","timestamp":"2014-10-09T11:51:17.841Z"}
{"level":"info","message":"Comparing images from paths: /tmp/screenchrome30.0.1599.655b446809d20c45bca730f9706d3bb690.png.zoom and images/zoom-popover-chrome-30.0.1599.65.png","timestamp":"2014-10-09T11:51:17.841Z"}
{"level":"info","message":"Clicking the zoom button","timestamp":"2014-10-09T11:51:17.854Z"}
{"level":"info","message":"Comparing images for stagezoomClose","timestamp":"2014-10-09T11:51:17.857Z"}
{"level":"info","message":"Saving screenshot to /tmp/screenchrome30.0.1599.655b446809d20c45bca730f9706d3bb690.png.zoomClose","timestamp":"2014-10-09T11:51:17.857Z"}
{"level":"info","message":"Image comparison gave: 0","timestamp":"2014-10-09T11:51:17.918Z"}
{"level":"info","message":"chrome30.0.1599.655b446809d20c45bca730f9706d3bb690 compared images for stage: zoomwith eqaulity of: 0","timestamp":"2014-10-09T11:51:17.918Z"}
{"level":"info","message":"Saved screenshot","timestamp":"2014-10-09T11:51:21.490Z"}
{"level":"info","message":"Comparing images from paths: /tmp/screenchrome30.0.1599.655b446809d20c45bca730f9706d3bb690.png.zoomClose and images/zoomClose-popover-chrome-30.0.1599.65.png","timestamp":"2014-10-09T11:51:21.490Z"}
{"level":"info","message":"Image comparison gave: 0","timestamp":"2014-10-09T11:51:21.572Z"}
{"level":"info","message":"chrome30.0.1599.655b446809d20c45bca730f9706d3bb690 compared images for stage: zoomClosewith eqaulity of: 0","timestamp":"2014-10-09T11:51:21.572Z"}
{"level":"info","message":"Initialising jasmine tests","timestamp":"2014-10-09T11:53:18.936Z"}
{"inline":{},"popover":{},"indiscriminate":{},"progressWrapper":{"parentElementArrayFinder":{"locator_":{"using":"css selector","value":".zoe-progress-wrapper"}},"elementArrayFinder_":{"locator_":{"$ref":"$[\"progressWrapper\"][\"parentElementArrayFinder\"][\"locator_\"]"}}},"widgetOverlay":{"parentElementArrayFinder":{"locator_":{"using":"css selector","value":"#zoe-zbox-overlay"}},"elementArrayFinder_":{"locator_":{"$ref":"$[\"widgetOverlay\"][\"parentElementArrayFinder\"][\"locator_\"]"}}},"widgetTrigger":{"parentElementArrayFinder":{"locator_":{"using":"css selector","value":".zoe-engage-trigger>img"}},"elementArrayFinder_":{"locator_":{"$ref":"$[\"widgetTrigger\"][\"parentElementArrayFinder\"][\"locator_\"]"}}},"widgetColorbox":{"parentElementArrayFinder":{"locator_":{"using":"css selector","value":"#zoe-zbox-content"}},"elementArrayFinder_":{"locator_":{"$ref":"$[\"widgetColorbox\"][\"parentElementArrayFinder\"][\"locator_\"]"}}},"helpButton":{"parentElementArrayFinder":{"locator_":{"using":"css selector","value":".zoe-btn-help"}},"elementArrayFinder_":{"locator_":{"$ref":"$[\"helpButton\"][\"parentElementArrayFinder\"][\"locator_\"]"}}},"helpElement":{"parentElementArrayFinder":{"locator_":{"using":"css selector","value":".zoe-help-overlay"}},"elementArrayFinder_":{"locator_":{"$ref":"$[\"helpElement\"][\"parentElementArrayFinder\"][\"locator_\"]"}}},"zoomButton":{"parentElementArrayFinder":{"locator_":{"using":"css selector","value":".zoe-btn-zoom"}},"elementArrayFinder_":{"locator_":{"$ref":"$[\"zoomButton\"][\"parentElementArrayFinder\"][\"locator_\"]"}}},"zoomElement":{"parentElementArrayFinder":{"locator_":{"using":"css selector","value":".zoe-zoom"}},"elementArrayFinder_":{"locator_":{"$ref":"$[\"zoomElement\"][\"parentElementArrayFinder\"][\"locator_\"]"}}},"zoomImage":{"parentElementArrayFinder":{"locator_":{"using":"css selector","value":".zoe-zoom-frame"}},"elementArrayFinder_":{"locator_":{"$ref":"$[\"zoomImage\"][\"parentElementArrayFinder\"][\"locator_\"]"}}},"closeButton":{"parentElementArrayFinder":{"locator_":{"using":"css selector","value":".zoe-btn-close"}},"elementArrayFinder_":{"locator_":{"$ref":"$[\"closeButton\"][\"parentElementArrayFinder\"][\"locator_\"]"}}},"widgetImageDiv":{"parentElementArrayFinder":{"locator_":{"using":"css selector","value":".zoe-engage-image.reel"}},"elementArrayFinder_":{"locator_":{"$ref":"$[\"widgetImageDiv\"][\"parentElementArrayFinder\"][\"locator_\"]"}}},"inlineDivSelector":{"parentElementArrayFinder":{"locator_":{"using":"css selector","value":".zoe-inline.reel"}},"elementArrayFinder_":{"locator_":{"$ref":"$[\"inlineDivSelector\"][\"parentElementArrayFinder\"][\"locator_\"]"}}},"widgetWrapperSelector":{"parentElementArrayFinder":{"locator_":{"using":"css selector","value":".zoe-engage-wrapper"}},"elementArrayFinder_":{"locator_":{"$ref":"$[\"widgetWrapperSelector\"][\"parentElementArrayFinder\"][\"locator_\"]"}}},"widgetWrapperImage":{"parentElementArrayFinder":{"locator_":{"using":"css selector","value":".zoe-frame"}},"elementArrayFinder_":{"locator_":{"$ref":"$[\"widgetWrapperImage\"][\"parentElementArrayFinder\"][\"locator_\"]"}}},"pageImageSelector":{"parentElementArrayFinder":{"locator_":{"using":"css selector","value":".zoe-engage-wrapper"}},"elementArrayFinder_":{"locator_":{"$ref":"$[\"pageImageSelector\"][\"parentElementArrayFinder\"][\"locator_\"]"}}},"inlineTrigger":{"parentElementArrayFinder":{"locator_":{"using":"css selector","value":"a.zoe-engage-trigger"}},"elementArrayFinder_":{"locator_":{"$ref":"$[\"inlineTrigger\"][\"parentElementArrayFinder\"][\"locator_\"]"}}},"inlineWrapper":{"parentElementArrayFinder":{"locator_":{"using":"css selector","value":".zoe-engage-wrapper.zoe-inline"}},"elementArrayFinder_":{"locator_":{"$ref":"$[\"inlineWrapper\"][\"parentElementArrayFinder\"][\"locator_\"]"}}},"frameSelector":{"parentElementArrayFinder":{"locator_":{"using":"css selector","value":".zoe-frame"}},"elementArrayFinder_":{"locator_":{"$ref":"$[\"frameSelector\"][\"parentElementArrayFinder\"][\"locator_\"]"}}},"interactCTA":{"parentElementArrayFinder":{"locator_":{"using":"css selector","value":".zoe-interact-cta"}},"elementArrayFinder_":{"locator_":{"$ref":"$[\"interactCTA\"][\"parentElementArrayFinder\"][\"locator_\"]"}}},"triggerCTA":{"parentElementArrayFinder":{"locator_":{"using":"css selector","value":".zoe-trigger-cta"}},"elementArrayFinder_":{"locator_":{"$ref":"$[\"triggerCTA\"][\"parentElementArrayFinder\"][\"locator_\"]"}}},"helpRotate":{"parentElementArrayFinder":{"locator_":{"using":"css selector","value":".zoe-help-rotate .zoe-help-text"}},"elementArrayFinder_":{"locator_":{"$ref":"$[\"helpRotate\"][\"parentElementArrayFinder\"][\"locator_\"]"}}},"helpElevate":{"parentElementArrayFinder":{"locator_":{"using":"css selector","value":".zoe-help-elevate .zoe-help-text"}},"elementArrayFinder_":{"locator_":{"$ref":"$[\"helpElevate\"][\"parentElementArrayFinder\"][\"locator_\"]"}}},"helpZoom":{"parentElementArrayFinder":{"locator_":{"using":"css selector","value":".zoe-help-zoom .zoe-help-text"}},"elementArrayFinder_":{"locator_":{"$ref":"$[\"helpZoom\"][\"parentElementArrayFinder\"][\"locator_\"]"}}},"helpBrand":{"parentElementArrayFinder":{"locator_":{"using":"css selector","value":".zoe-help-brand .zoe-help-text"}},"elementArrayFinder_":{"locator_":{"$ref":"$[\"helpBrand\"][\"parentElementArrayFinder\"][\"locator_\"]"}}},"extraContent":{"parentElementArrayFinder":{"locator_":{"using":"css selector","value":".zoe-display-extra-content"}},"elementArrayFinder_":{"locator_":{"$ref":"$[\"extraContent\"][\"parentElementArrayFinder\"][\"locator_\"]"}}},"level":"debug","message":"elementFinder is ","timestamp":"2014-10-09T11:53:18.942Z"}
{"level":"info","message":"Initialising jasmine tests","timestamp":"2014-10-09T11:53:18.952Z"}
{"inline":{},"popover":{},"indiscriminate":{},"progressWrapper":{"parentElementArrayFinder":{"locator_":{"using":"css selector","value":".zoe-progress-wrapper"}},"elementArrayFinder_":{"locator_":{"$ref":"$[\"progressWrapper\"][\"parentElementArrayFinder\"][\"locator_\"]"}}},"widgetOverlay":{"parentElementArrayFinder":{"locator_":{"using":"css selector","value":"#zoe-zbox-overlay"}},"elementArrayFinder_":{"locator_":{"$ref":"$[\"widgetOverlay\"][\"parentElementArrayFinder\"][\"locator_\"]"}}},"widgetTrigger":{"parentElementArrayFinder":{"locator_":{"using":"css selector","value":".zoe-engage-trigger>img"}},"elementArrayFinder_":{"locator_":{"$ref":"$[\"widgetTrigger\"][\"parentElementArrayFinder\"][\"locator_\"]"}}},"widgetColorbox":{"parentElementArrayFinder":{"locator_":{"using":"css selector","value":"#zoe-zbox-content"}},"elementArrayFinder_":{"locator_":{"$ref":"$[\"widgetColorbox\"][\"parentElementArrayFinder\"][\"locator_\"]"}}},"helpButton":{"parentElementArrayFinder":{"locator_":{"using":"css selector","value":".zoe-btn-help"}},"elementArrayFinder_":{"locator_":{"$ref":"$[\"helpButton\"][\"parentElementArrayFinder\"][\"locator_\"]"}}},"helpElement":{"parentElementArrayFinder":{"locator_":{"using":"css selector","value":".zoe-help-overlay"}},"elementArrayFinder_":{"locator_":{"$ref":"$[\"helpElement\"][\"parentElementArrayFinder\"][\"locator_\"]"}}},"zoomButton":{"parentElementArrayFinder":{"locator_":{"using":"css selector","value":".zoe-btn-zoom"}},"elementArrayFinder_":{"locator_":{"$ref":"$[\"zoomButton\"][\"parentElementArrayFinder\"][\"locator_\"]"}}},"zoomElement":{"parentElementArrayFinder":{"locator_":{"using":"css selector","value":".zoe-zoom"}},"elementArrayFinder_":{"locator_":{"$ref":"$[\"zoomElement\"][\"parentElementArrayFinder\"][\"locator_\"]"}}},"zoomImage":{"parentElementArrayFinder":{"locator_":{"using":"css selector","value":".zoe-zoom-frame"}},"elementArrayFinder_":{"locator_":{"$ref":"$[\"zoomImage\"][\"parentElementArrayFinder\"][\"locator_\"]"}}},"closeButton":{"parentElementArrayFinder":{"locator_":{"using":"css selector","value":".zoe-btn-close"}},"elementArrayFinder_":{"locator_":{"$ref":"$[\"closeButton\"][\"parentElementArrayFinder\"][\"locator_\"]"}}},"widgetImageDiv":{"parentElementArrayFinder":{"locator_":{"using":"css selector","value":".zoe-engage-image.reel"}},"elementArrayFinder_":{"locator_":{"$ref":"$[\"widgetImageDiv\"][\"parentElementArrayFinder\"][\"locator_\"]"}}},"inlineDivSelector":{"parentElementArrayFinder":{"locator_":{"using":"css selector","value":".zoe-inline.reel"}},"elementArrayFinder_":{"locator_":{"$ref":"$[\"inlineDivSelector\"][\"parentElementArrayFinder\"][\"locator_\"]"}}},"widgetWrapperSelector":{"parentElementArrayFinder":{"locator_":{"using":"css selector","value":".zoe-engage-wrapper"}},"elementArrayFinder_":{"locator_":{"$ref":"$[\"widgetWrapperSelector\"][\"parentElementArrayFinder\"][\"locator_\"]"}}},"widgetWrapperImage":{"parentElementArrayFinder":{"locator_":{"using":"css selector","value":".zoe-frame"}},"elementArrayFinder_":{"locator_":{"$ref":"$[\"widgetWrapperImage\"][\"parentElementArrayFinder\"][\"locator_\"]"}}},"pageImageSelector":{"parentElementArrayFinder":{"locator_":{"using":"css selector","value":".zoe-engage-wrapper"}},"elementArrayFinder_":{"locator_":{"$ref":"$[\"pageImageSelector\"][\"parentElementArrayFinder\"][\"locator_\"]"}}},"inlineTrigger":{"parentElementArrayFinder":{"locator_":{"using":"css selector","value":"a.zoe-engage-trigger"}},"elementArrayFinder_":{"locator_":{"$ref":"$[\"inlineTrigger\"][\"parentElementArrayFinder\"][\"locator_\"]"}}},"inlineWrapper":{"parentElementArrayFinder":{"locator_":{"using":"css selector","value":".zoe-engage-wrapper.zoe-inline"}},"elementArrayFinder_":{"locator_":{"$ref":"$[\"inlineWrapper\"][\"parentElementArrayFinder\"][\"locator_\"]"}}},"frameSelector":{"parentElementArrayFinder":{"locator_":{"using":"css selector","value":".zoe-frame"}},"elementArrayFinder_":{"locator_":{"$ref":"$[\"frameSelector\"][\"parentElementArrayFinder\"][\"locator_\"]"}}},"interactCTA":{"parentElementArrayFinder":{"locator_":{"using":"css selector","value":".zoe-interact-cta"}},"elementArrayFinder_":{"locator_":{"$ref":"$[\"interactCTA\"][\"parentElementArrayFinder\"][\"locator_\"]"}}},"triggerCTA":{"parentElementArrayFinder":{"locator_":{"using":"css selector","value":".zoe-trigger-cta"}},"elementArrayFinder_":{"locator_":{"$ref":"$[\"triggerCTA\"][\"parentElementArrayFinder\"][\"locator_\"]"}}},"helpRotate":{"parentElementArrayFinder":{"locator_":{"using":"css selector","value":".zoe-help-rotate .zoe-help-text"}},"elementArrayFinder_":{"locator_":{"$ref":"$[\"helpRotate\"][\"parentElementArrayFinder\"][\"locator_\"]"}}},"helpElevate":{"parentElementArrayFinder":{"locator_":{"using":"css selector","value":".zoe-help-elevate .zoe-help-text"}},"elementArrayFinder_":{"locator_":{"$ref":"$[\"helpElevate\"][\"parentElementArrayFinder\"][\"locator_\"]"}}},"helpZoom":{"parentElementArrayFinder":{"locator_":{"using":"css selector","value":".zoe-help-zoom .zoe-help-text"}},"elementArrayFinder_":{"locator_":{"$ref":"$[\"helpZoom\"][\"parentElementArrayFinder\"][\"locator_\"]"}}},"helpBrand":{"parentElementArrayFinder":{"locator_":{"using":"css selector","value":".zoe-help-brand .zoe-help-text"}},"elementArrayFinder_":{"locator_":{"$ref":"$[\"helpBrand\"][\"parentElementArrayFinder\"][\"locator_\"]"}}},"extraContent":{"parentElementArrayFinder":{"locator_":{"using":"css selector","value":".zoe-display-extra-content"}},"elementArrayFinder_":{"locator_":{"$ref":"$[\"extraContent\"][\"parentElementArrayFinder\"][\"locator_\"]"}}},"level":"debug","message":"elementFinder is ","timestamp":"2014-10-09T11:53:18.959Z"}
{"level":"info","message":"Initialising jasmine tests","timestamp":"2014-10-09T11:53:18.994Z"}
{"inline":{},"popover":{},"indiscriminate":{},"progressWrapper":{"parentElementArrayFinder":{"locator_":{"using":"css selector","value":".zoe-progress-wrapper"}},"elementArrayFinder_":{"locator_":{"$ref":"$[\"progressWrapper\"][\"parentElementArrayFinder\"][\"locator_\"]"}}},"widgetOverlay":{"parentElementArrayFinder":{"locator_":{"using":"css selector","value":"#zoe-zbox-overlay"}},"elementArrayFinder_":{"locator_":{"$ref":"$[\"widgetOverlay\"][\"parentElementArrayFinder\"][\"locator_\"]"}}},"widgetTrigger":{"parentElementArrayFinder":{"locator_":{"using":"css selector","value":".zoe-engage-trigger>img"}},"elementArrayFinder_":{"locator_":{"$ref":"$[\"widgetTrigger\"][\"parentElementArrayFinder\"][\"locator_\"]"}}},"widgetColorbox":{"parentElementArrayFinder":{"locator_":{"using":"css selector","value":"#zoe-zbox-content"}},"elementArrayFinder_":{"locator_":{"$ref":"$[\"widgetColorbox\"][\"parentElementArrayFinder\"][\"locator_\"]"}}},"helpButton":{"parentElementArrayFinder":{"locator_":{"using":"css selector","value":".zoe-btn-help"}},"elementArrayFinder_":{"locator_":{"$ref":"$[\"helpButton\"][\"parentElementArrayFinder\"][\"locator_\"]"}}},"helpElement":{"parentElementArrayFinder":{"locator_":{"using":"css selector","value":".zoe-help-overlay"}},"elementArrayFinder_":{"locator_":{"$ref":"$[\"helpElement\"][\"parentElementArrayFinder\"][\"locator_\"]"}}},"zoomButton":{"parentElementArrayFinder":{"locator_":{"using":"css selector","value":".zoe-btn-zoom"}},"elementArrayFinder_":{"locator_":{"$ref":"$[\"zoomButton\"][\"parentElementArrayFinder\"][\"locator_\"]"}}},"zoomElement":{"parentElementArrayFinder":{"locator_":{"using":"css selector","value":".zoe-zoom"}},"elementArrayFinder_":{"locator_":{"$ref":"$[\"zoomElement\"][\"parentElementArrayFinder\"][\"locator_\"]"}}},"zoomImage":{"parentElementArrayFinder":{"locator_":{"using":"css selector","value":".zoe-zoom-frame"}},"elementArrayFinder_":{"locator_":{"$ref":"$[\"zoomImage\"][\"parentElementArrayFinder\"][\"locator_\"]"}}},"closeButton":{"parentElementArrayFinder":{"locator_":{"using":"css selector","value":".zoe-btn-close"}},"elementArrayFinder_":{"locator_":{"$ref":"$[\"closeButton\"][\"parentElementArrayFinder\"][\"locator_\"]"}}},"widgetImageDiv":{"parentElementArrayFinder":{"locator_":{"using":"css selector","value":".zoe-engage-image.reel"}},"elementArrayFinder_":{"locator_":{"$ref":"$[\"widgetImageDiv\"][\"parentElementArrayFinder\"][\"locator_\"]"}}},"inlineDivSelector":{"parentElementArrayFinder":{"locator_":{"using":"css selector","value":".zoe-inline.reel"}},"elementArrayFinder_":{"locator_":{"$ref":"$[\"inlineDivSelector\"][\"parentElementArrayFinder\"][\"locator_\"]"}}},"widgetWrapperSelector":{"parentElementArrayFinder":{"locator_":{"using":"css selector","value":".zoe-engage-wrapper"}},"elementArrayFinder_":{"locator_":{"$ref":"$[\"widgetWrapperSelector\"][\"parentElementArrayFinder\"][\"locator_\"]"}}},"widgetWrapperImage":{"parentElementArrayFinder":{"locator_":{"using":"css selector","value":".zoe-frame"}},"elementArrayFinder_":{"locator_":{"$ref":"$[\"widgetWrapperImage\"][\"parentElementArrayFinder\"][\"locator_\"]"}}},"pageImageSelector":{"parentElementArrayFinder":{"locator_":{"using":"css selector","value":".zoe-engage-wrapper"}},"elementArrayFinder_":{"locator_":{"$ref":"$[\"pageImageSelector\"][\"parentElementArrayFinder\"][\"locator_\"]"}}},"inlineTrigger":{"parentElementArrayFinder":{"locator_":{"using":"css selector","value":"a.zoe-engage-trigger"}},"elementArrayFinder_":{"locator_":{"$ref":"$[\"inlineTrigger\"][\"parentElementArrayFinder\"][\"locator_\"]"}}},"inlineWrapper":{"parentElementArrayFinder":{"locator_":{"using":"css selector","value":".zoe-engage-wrapper.zoe-inline"}},"elementArrayFinder_":{"locator_":{"$ref":"$[\"inlineWrapper\"][\"parentElementArrayFinder\"][\"locator_\"]"}}},"frameSelector":{"parentElementArrayFinder":{"locator_":{"using":"css selector","value":".zoe-frame"}},"elementArrayFinder_":{"locator_":{"$ref":"$[\"frameSelector\"][\"parentElementArrayFinder\"][\"locator_\"]"}}},"interactCTA":{"parentElementArrayFinder":{"locator_":{"using":"css selector","value":".zoe-interact-cta"}},"elementArrayFinder_":{"locator_":{"$ref":"$[\"interactCTA\"][\"parentElementArrayFinder\"][\"locator_\"]"}}},"triggerCTA":{"parentElementArrayFinder":{"locator_":{"using":"css selector","value":".zoe-trigger-cta"}},"elementArrayFinder_":{"locator_":{"$ref":"$[\"triggerCTA\"][\"parentElementArrayFinder\"][\"locator_\"]"}}},"helpRotate":{"parentElementArrayFinder":{"locator_":{"using":"css selector","value":".zoe-help-rotate .zoe-help-text"}},"elementArrayFinder_":{"locator_":{"$ref":"$[\"helpRotate\"][\"parentElementArrayFinder\"][\"locator_\"]"}}},"helpElevate":{"parentElementArrayFinder":{"locator_":{"using":"css selector","value":".zoe-help-elevate .zoe-help-text"}},"elementArrayFinder_":{"locator_":{"$ref":"$[\"helpElevate\"][\"parentElementArrayFinder\"][\"locator_\"]"}}},"helpZoom":{"parentElementArrayFinder":{"locator_":{"using":"css selector","value":".zoe-help-zoom .zoe-help-text"}},"elementArrayFinder_":{"locator_":{"$ref":"$[\"helpZoom\"][\"parentElementArrayFinder\"][\"locator_\"]"}}},"helpBrand":{"parentElementArrayFinder":{"locator_":{"using":"css selector","value":".zoe-help-brand .zoe-help-text"}},"elementArrayFinder_":{"locator_":{"$ref":"$[\"helpBrand\"][\"parentElementArrayFinder\"][\"locator_\"]"}}},"extraContent":{"parentElementArrayFinder":{"locator_":{"using":"css selector","value":".zoe-display-extra-content"}},"elementArrayFinder_":{"locator_":{"$ref":"$[\"extraContent\"][\"parentElementArrayFinder\"][\"locator_\"]"}}},"level":"debug","message":"elementFinder is ","timestamp":"2014-10-09T11:53:19.000Z"}
{"level":"info","message":"Initialising jasmine tests","timestamp":"2014-10-09T11:53:18.978Z"}
{"inline":{},"popover":{},"indiscriminate":{},"progressWrapper":{"parentElementArrayFinder":{"locator_":{"using":"css selector","value":".zoe-progress-wrapper"}},"elementArrayFinder_":{"locator_":{"$ref":"$[\"progressWrapper\"][\"parentElementArrayFinder\"][\"locator_\"]"}}},"widgetOverlay":{"parentElementArrayFinder":{"locator_":{"using":"css selector","value":"#zoe-zbox-overlay"}},"elementArrayFinder_":{"locator_":{"$ref":"$[\"widgetOverlay\"][\"parentElementArrayFinder\"][\"locator_\"]"}}},"widgetTrigger":{"parentElementArrayFinder":{"locator_":{"using":"css selector","value":".zoe-engage-trigger>img"}},"elementArrayFinder_":{"locator_":{"$ref":"$[\"widgetTrigger\"][\"parentElementArrayFinder\"][\"locator_\"]"}}},"widgetColorbox":{"parentElementArrayFinder":{"locator_":{"using":"css selector","value":"#zoe-zbox-content"}},"elementArrayFinder_":{"locator_":{"$ref":"$[\"widgetColorbox\"][\"parentElementArrayFinder\"][\"locator_\"]"}}},"helpButton":{"parentElementArrayFinder":{"locator_":{"using":"css selector","value":".zoe-btn-help"}},"elementArrayFinder_":{"locator_":{"$ref":"$[\"helpButton\"][\"parentElementArrayFinder\"][\"locator_\"]"}}},"helpElement":{"parentElementArrayFinder":{"locator_":{"using":"css selector","value":".zoe-help-overlay"}},"elementArrayFinder_":{"locator_":{"$ref":"$[\"helpElement\"][\"parentElementArrayFinder\"][\"locator_\"]"}}},"zoomButton":{"parentElementArrayFinder":{"locator_":{"using":"css selector","value":".zoe-btn-zoom"}},"elementArrayFinder_":{"locator_":{"$ref":"$[\"zoomButton\"][\"parentElementArrayFinder\"][\"locator_\"]"}}},"zoomElement":{"parentElementArrayFinder":{"locator_":{"using":"css selector","value":".zoe-zoom"}},"elementArrayFinder_":{"locator_":{"$ref":"$[\"zoomElement\"][\"parentElementArrayFinder\"][\"locator_\"]"}}},"zoomImage":{"parentElementArrayFinder":{"locator_":{"using":"css selector","value":".zoe-zoom-frame"}},"elementArrayFinder_":{"locator_":{"$ref":"$[\"zoomImage\"][\"parentElementArrayFinder\"][\"locator_\"]"}}},"closeButton":{"parentElementArrayFinder":{"locator_":{"using":"css selector","value":".zoe-btn-close"}},"elementArrayFinder_":{"locator_":{"$ref":"$[\"closeButton\"][\"parentElementArrayFinder\"][\"locator_\"]"}}},"widgetImageDiv":{"parentElementArrayFinder":{"locator_":{"using":"css selector","value":".zoe-engage-image.reel"}},"elementArrayFinder_":{"locator_":{"$ref":"$[\"widgetImageDiv\"][\"parentElementArrayFinder\"][\"locator_\"]"}}},"inlineDivSelector":{"parentElementArrayFinder":{"locator_":{"using":"css selector","value":".zoe-inline.reel"}},"elementArrayFinder_":{"locator_":{"$ref":"$[\"inlineDivSelector\"][\"parentElementArrayFinder\"][\"locator_\"]"}}},"widgetWrapperSelector":{"parentElementArrayFinder":{"locator_":{"using":"css selector","value":".zoe-engage-wrapper"}},"elementArrayFinder_":{"locator_":{"$ref":"$[\"widgetWrapperSelector\"][\"parentElementArrayFinder\"][\"locator_\"]"}}},"widgetWrapperImage":{"parentElementArrayFinder":{"locator_":{"using":"css selector","value":".zoe-frame"}},"elementArrayFinder_":{"locator_":{"$ref":"$[\"widgetWrapperImage\"][\"parentElementArrayFinder\"][\"locator_\"]"}}},"pageImageSelector":{"parentElementArrayFinder":{"locator_":{"using":"css selector","value":".zoe-engage-wrapper"}},"elementArrayFinder_":{"locator_":{"$ref":"$[\"pageImageSelector\"][\"parentElementArrayFinder\"][\"locator_\"]"}}},"inlineTrigger":{"parentElementArrayFinder":{"locator_":{"using":"css selector","value":"a.zoe-engage-trigger"}},"elementArrayFinder_":{"locator_":{"$ref":"$[\"inlineTrigger\"][\"parentElementArrayFinder\"][\"locator_\"]"}}},"inlineWrapper":{"parentElementArrayFinder":{"locator_":{"using":"css selector","value":".zoe-engage-wrapper.zoe-inline"}},"elementArrayFinder_":{"locator_":{"$ref":"$[\"inlineWrapper\"][\"parentElementArrayFinder\"][\"locator_\"]"}}},"frameSelector":{"parentElementArrayFinder":{"locator_":{"using":"css selector","value":".zoe-frame"}},"elementArrayFinder_":{"locator_":{"$ref":"$[\"frameSelector\"][\"parentElementArrayFinder\"][\"locator_\"]"}}},"interactCTA":{"parentElementArrayFinder":{"locator_":{"using":"css selector","value":".zoe-interact-cta"}},"elementArrayFinder_":{"locator_":{"$ref":"$[\"interactCTA\"][\"parentElementArrayFinder\"][\"locator_\"]"}}},"triggerCTA":{"parentElementArrayFinder":{"locator_":{"using":"css selector","value":".zoe-trigger-cta"}},"elementArrayFinder_":{"locator_":{"$ref":"$[\"triggerCTA\"][\"parentElementArrayFinder\"][\"locator_\"]"}}},"helpRotate":{"parentElementArrayFinder":{"locator_":{"using":"css selector","value":".zoe-help-rotate .zoe-help-text"}},"elementArrayFinder_":{"locator_":{"$ref":"$[\"helpRotate\"][\"parentElementArrayFinder\"][\"locator_\"]"}}},"helpElevate":{"parentElementArrayFinder":{"locator_":{"using":"css selector","value":".zoe-help-elevate .zoe-help-text"}},"elementArrayFinder_":{"locator_":{"$ref":"$[\"helpElevate\"][\"parentElementArrayFinder\"][\"locator_\"]"}}},"helpZoom":{"parentElementArrayFinder":{"locator_":{"using":"css selector","value":".zoe-help-zoom .zoe-help-text"}},"elementArrayFinder_":{"locator_":{"$ref":"$[\"helpZoom\"][\"parentElementArrayFinder\"][\"locator_\"]"}}},"helpBrand":{"parentElementArrayFinder":{"locator_":{"using":"css selector","value":".zoe-help-brand .zoe-help-text"}},"elementArrayFinder_":{"locator_":{"$ref":"$[\"helpBrand\"][\"parentElementArrayFinder\"][\"locator_\"]"}}},"extraContent":{"parentElementArrayFinder":{"locator_":{"using":"css selector","value":".zoe-display-extra-content"}},"elementArrayFinder_":{"locator_":{"$ref":"$[\"extraContent\"][\"parentElementArrayFinder\"][\"locator_\"]"}}},"level":"debug","message":"elementFinder is ","timestamp":"2014-10-09T11:53:18.997Z"}
{"level":"info","message":"Initialising jasmine tests","timestamp":"2014-10-09T11:53:19.022Z"}
{"inline":{},"popover":{},"indiscriminate":{},"progressWrapper":{"parentElementArrayFinder":{"locator_":{"using":"css selector","value":".zoe-progress-wrapper"}},"elementArrayFinder_":{"locator_":{"$ref":"$[\"progressWrapper\"][\"parentElementArrayFinder\"][\"locator_\"]"}}},"widgetOverlay":{"parentElementArrayFinder":{"locator_":{"using":"css selector","value":"#zoe-zbox-overlay"}},"elementArrayFinder_":{"locator_":{"$ref":"$[\"widgetOverlay\"][\"parentElementArrayFinder\"][\"locator_\"]"}}},"widgetTrigger":{"parentElementArrayFinder":{"locator_":{"using":"css selector","value":".zoe-engage-trigger>img"}},"elementArrayFinder_":{"locator_":{"$ref":"$[\"widgetTrigger\"][\"parentElementArrayFinder\"][\"locator_\"]"}}},"widgetColorbox":{"parentElementArrayFinder":{"locator_":{"using":"css selector","value":"#zoe-zbox-content"}},"elementArrayFinder_":{"locator_":{"$ref":"$[\"widgetColorbox\"][\"parentElementArrayFinder\"][\"locator_\"]"}}},"helpButton":{"parentElementArrayFinder":{"locator_":{"using":"css selector","value":".zoe-btn-help"}},"elementArrayFinder_":{"locator_":{"$ref":"$[\"helpButton\"][\"parentElementArrayFinder\"][\"locator_\"]"}}},"helpElement":{"parentElementArrayFinder":{"locator_":{"using":"css selector","value":".zoe-help-overlay"}},"elementArrayFinder_":{"locator_":{"$ref":"$[\"helpElement\"][\"parentElementArrayFinder\"][\"locator_\"]"}}},"zoomButton":{"parentElementArrayFinder":{"locator_":{"using":"css selector","value":".zoe-btn-zoom"}},"elementArrayFinder_":{"locator_":{"$ref":"$[\"zoomButton\"][\"parentElementArrayFinder\"][\"locator_\"]"}}},"zoomElement":{"parentElementArrayFinder":{"locator_":{"using":"css selector","value":".zoe-zoom"}},"elementArrayFinder_":{"locator_":{"$ref":"$[\"zoomElement\"][\"parentElementArrayFinder\"][\"locator_\"]"}}},"zoomImage":{"parentElementArrayFinder":{"locator_":{"using":"css selector","value":".zoe-zoom-frame"}},"elementArrayFinder_":{"locator_":{"$ref":"$[\"zoomImage\"][\"parentElementArrayFinder\"][\"locator_\"]"}}},"closeButton":{"parentElementArrayFinder":{"locator_":{"using":"css selector","value":".zoe-btn-close"}},"elementArrayFinder_":{"locator_":{"$ref":"$[\"closeButton\"][\"parentElementArrayFinder\"][\"locator_\"]"}}},"widgetImageDiv":{"parentElementArrayFinder":{"locator_":{"using":"css selector","value":".zoe-engage-image.reel"}},"elementArrayFinder_":{"locator_":{"$ref":"$[\"widgetImageDiv\"][\"parentElementArrayFinder\"][\"locator_\"]"}}},"inlineDivSelector":{"parentElementArrayFinder":{"locator_":{"using":"css selector","value":".zoe-inline.reel"}},"elementArrayFinder_":{"locator_":{"$ref":"$[\"inlineDivSelector\"][\"parentElementArrayFinder\"][\"locator_\"]"}}},"widgetWrapperSelector":{"parentElementArrayFinder":{"locator_":{"using":"css selector","value":".zoe-engage-wrapper"}},"elementArrayFinder_":{"locator_":{"$ref":"$[\"widgetWrapperSelector\"][\"parentElementArrayFinder\"][\"locator_\"]"}}},"widgetWrapperImage":{"parentElementArrayFinder":{"locator_":{"using":"css selector","value":".zoe-frame"}},"elementArrayFinder_":{"locator_":{"$ref":"$[\"widgetWrapperImage\"][\"parentElementArrayFinder\"][\"locator_\"]"}}},"pageImageSelector":{"parentElementArrayFinder":{"locator_":{"using":"css selector","value":".zoe-engage-wrapper"}},"elementArrayFinder_":{"locator_":{"$ref":"$[\"pageImageSelector\"][\"parentElementArrayFinder\"][\"locator_\"]"}}},"inlineTrigger":{"parentElementArrayFinder":{"locator_":{"using":"css selector","value":"a.zoe-engage-trigger"}},"elementArrayFinder_":{"locator_":{"$ref":"$[\"inlineTrigger\"][\"parentElementArrayFinder\"][\"locator_\"]"}}},"inlineWrapper":{"parentElementArrayFinder":{"locator_":{"using":"css selector","value":".zoe-engage-wrapper.zoe-inline"}},"elementArrayFinder_":{"locator_":{"$ref":"$[\"inlineWrapper\"][\"parentElementArrayFinder\"][\"locator_\"]"}}},"frameSelector":{"parentElementArrayFinder":{"locator_":{"using":"css selector","value":".zoe-frame"}},"elementArrayFinder_":{"locator_":{"$ref":"$[\"frameSelector\"][\"parentElementArrayFinder\"][\"locator_\"]"}}},"interactCTA":{"parentElementArrayFinder":{"locator_":{"using":"css selector","value":".zoe-interact-cta"}},"elementArrayFinder_":{"locator_":{"$ref":"$[\"interactCTA\"][\"parentElementArrayFinder\"][\"locator_\"]"}}},"triggerCTA":{"parentElementArrayFinder":{"locator_":{"using":"css selector","value":".zoe-trigger-cta"}},"elementArrayFinder_":{"locator_":{"$ref":"$[\"triggerCTA\"][\"parentElementArrayFinder\"][\"locator_\"]"}}},"helpRotate":{"parentElementArrayFinder":{"locator_":{"using":"css selector","value":".zoe-help-rotate .zoe-help-text"}},"elementArrayFinder_":{"locator_":{"$ref":"$[\"helpRotate\"][\"parentElementArrayFinder\"][\"locator_\"]"}}},"helpElevate":{"parentElementArrayFinder":{"locator_":{"using":"css selector","value":".zoe-help-elevate .zoe-help-text"}},"elementArrayFinder_":{"locator_":{"$ref":"$[\"helpElevate\"][\"parentElementArrayFinder\"][\"locator_\"]"}}},"helpZoom":{"parentElementArrayFinder":{"locator_":{"using":"css selector","value":".zoe-help-zoom .zoe-help-text"}},"elementArrayFinder_":{"locator_":{"$ref":"$[\"helpZoom\"][\"parentElementArrayFinder\"][\"locator_\"]"}}},"helpBrand":{"parentElementArrayFinder":{"locator_":{"using":"css selector","value":".zoe-help-brand .zoe-help-text"}},"elementArrayFinder_":{"locator_":{"$ref":"$[\"helpBrand\"][\"parentElementArrayFinder\"][\"locator_\"]"}}},"extraContent":{"parentElementArrayFinder":{"locator_":{"using":"css selector","value":".zoe-display-extra-content"}},"elementArrayFinder_":{"locator_":{"$ref":"$[\"extraContent\"][\"parentElementArrayFinder\"][\"locator_\"]"}}},"level":"debug","message":"elementFinder is ","timestamp":"2014-10-09T11:53:19.038Z"}
{"level":"info","message":"Initialising jasmine tests","timestamp":"2014-10-09T11:53:19.082Z"}
{"inline":{},"popover":{},"indiscriminate":{},"progressWrapper":{"parentElementArrayFinder":{"locator_":{"using":"css selector","value":".zoe-progress-wrapper"}},"elementArrayFinder_":{"locator_":{"$ref":"$[\"progressWrapper\"][\"parentElementArrayFinder\"][\"locator_\"]"}}},"widgetOverlay":{"parentElementArrayFinder":{"locator_":{"using":"css selector","value":"#zoe-zbox-overlay"}},"elementArrayFinder_":{"locator_":{"$ref":"$[\"widgetOverlay\"][\"parentElementArrayFinder\"][\"locator_\"]"}}},"widgetTrigger":{"parentElementArrayFinder":{"locator_":{"using":"css selector","value":".zoe-engage-trigger>img"}},"elementArrayFinder_":{"locator_":{"$ref":"$[\"widgetTrigger\"][\"parentElementArrayFinder\"][\"locator_\"]"}}},"widgetColorbox":{"parentElementArrayFinder":{"locator_":{"using":"css selector","value":"#zoe-zbox-content"}},"elementArrayFinder_":{"locator_":{"$ref":"$[\"widgetColorbox\"][\"parentElementArrayFinder\"][\"locator_\"]"}}},"helpButton":{"parentElementArrayFinder":{"locator_":{"using":"css selector","value":".zoe-btn-help"}},"elementArrayFinder_":{"locator_":{"$ref":"$[\"helpButton\"][\"parentElementArrayFinder\"][\"locator_\"]"}}},"helpElement":{"parentElementArrayFinder":{"locator_":{"using":"css selector","value":".zoe-help-overlay"}},"elementArrayFinder_":{"locator_":{"$ref":"$[\"helpElement\"][\"parentElementArrayFinder\"][\"locator_\"]"}}},"zoomButton":{"parentElementArrayFinder":{"locator_":{"using":"css selector","value":".zoe-btn-zoom"}},"elementArrayFinder_":{"locator_":{"$ref":"$[\"zoomButton\"][\"parentElementArrayFinder\"][\"locator_\"]"}}},"zoomElement":{"parentElementArrayFinder":{"locator_":{"using":"css selector","value":".zoe-zoom"}},"elementArrayFinder_":{"locator_":{"$ref":"$[\"zoomElement\"][\"parentElementArrayFinder\"][\"locator_\"]"}}},"zoomImage":{"parentElementArrayFinder":{"locator_":{"using":"css selector","value":".zoe-zoom-frame"}},"elementArrayFinder_":{"locator_":{"$ref":"$[\"zoomImage\"][\"parentElementArrayFinder\"][\"locator_\"]"}}},"closeButton":{"parentElementArrayFinder":{"locator_":{"using":"css selector","value":".zoe-btn-close"}},"elementArrayFinder_":{"locator_":{"$ref":"$[\"closeButton\"][\"parentElementArrayFinder\"][\"locator_\"]"}}},"widgetImageDiv":{"parentElementArrayFinder":{"locator_":{"using":"css selector","value":".zoe-engage-image.reel"}},"elementArrayFinder_":{"locator_":{"$ref":"$[\"widgetImageDiv\"][\"parentElementArrayFinder\"][\"locator_\"]"}}},"inlineDivSelector":{"parentElementArrayFinder":{"locator_":{"using":"css selector","value":".zoe-inline.reel"}},"elementArrayFinder_":{"locator_":{"$ref":"$[\"inlineDivSelector\"][\"parentElementArrayFinder\"][\"locator_\"]"}}},"widgetWrapperSelector":{"parentElementArrayFinder":{"locator_":{"using":"css selector","value":".zoe-engage-wrapper"}},"elementArrayFinder_":{"locator_":{"$ref":"$[\"widgetWrapperSelector\"][\"parentElementArrayFinder\"][\"locator_\"]"}}},"widgetWrapperImage":{"parentElementArrayFinder":{"locator_":{"using":"css selector","value":".zoe-frame"}},"elementArrayFinder_":{"locator_":{"$ref":"$[\"widgetWrapperImage\"][\"parentElementArrayFinder\"][\"locator_\"]"}}},"pageImageSelector":{"parentElementArrayFinder":{"locator_":{"using":"css selector","value":".zoe-engage-wrapper"}},"elementArrayFinder_":{"locator_":{"$ref":"$[\"pageImageSelector\"][\"parentElementArrayFinder\"][\"locator_\"]"}}},"inlineTrigger":{"parentElementArrayFinder":{"locator_":{"using":"css selector","value":"a.zoe-engage-trigger"}},"elementArrayFinder_":{"locator_":{"$ref":"$[\"inlineTrigger\"][\"parentElementArrayFinder\"][\"locator_\"]"}}},"inlineWrapper":{"parentElementArrayFinder":{"locator_":{"using":"css selector","value":".zoe-engage-wrapper.zoe-inline"}},"elementArrayFinder_":{"locator_":{"$ref":"$[\"inlineWrapper\"][\"parentElementArrayFinder\"][\"locator_\"]"}}},"frameSelector":{"parentElementArrayFinder":{"locator_":{"using":"css selector","value":".zoe-frame"}},"elementArrayFinder_":{"locator_":{"$ref":"$[\"frameSelector\"][\"parentElementArrayFinder\"][\"locator_\"]"}}},"interactCTA":{"parentElementArrayFinder":{"locator_":{"using":"css selector","value":".zoe-interact-cta"}},"elementArrayFinder_":{"locator_":{"$ref":"$[\"interactCTA\"][\"parentElementArrayFinder\"][\"locator_\"]"}}},"triggerCTA":{"parentElementArrayFinder":{"locator_":{"using":"css selector","value":".zoe-trigger-cta"}},"elementArrayFinder_":{"locator_":{"$ref":"$[\"triggerCTA\"][\"parentElementArrayFinder\"][\"locator_\"]"}}},"helpRotate":{"parentElementArrayFinder":{"locator_":{"using":"css selector","value":".zoe-help-rotate .zoe-help-text"}},"elementArrayFinder_":{"locator_":{"$ref":"$[\"helpRotate\"][\"parentElementArrayFinder\"][\"locator_\"]"}}},"helpElevate":{"parentElementArrayFinder":{"locator_":{"using":"css selector","value":".zoe-help-elevate .zoe-help-text"}},"elementArrayFinder_":{"locator_":{"$ref":"$[\"helpElevate\"][\"parentElementArrayFinder\"][\"locator_\"]"}}},"helpZoom":{"parentElementArrayFinder":{"locator_":{"using":"css selector","value":".zoe-help-zoom .zoe-help-text"}},"elementArrayFinder_":{"locator_":{"$ref":"$[\"helpZoom\"][\"parentElementArrayFinder\"][\"locator_\"]"}}},"helpBrand":{"parentElementArrayFinder":{"locator_":{"using":"css selector","value":".zoe-help-brand .zoe-help-text"}},"elementArrayFinder_":{"locator_":{"$ref":"$[\"helpBrand\"][\"parentElementArrayFinder\"][\"locator_\"]"}}},"extraContent":{"parentElementArrayFinder":{"locator_":{"using":"css selector","value":".zoe-display-extra-content"}},"elementArrayFinder_":{"locator_":{"$ref":"$[\"extraContent\"][\"parentElementArrayFinder\"][\"locator_\"]"}}},"level":"debug","message":"elementFinder is ","timestamp":"2014-10-09T11:53:19.111Z"}
{"level":"info","message":"Initialising jasmine tests","timestamp":"2014-10-09T11:53:19.017Z"}
{"inline":{},"popover":{},"indiscriminate":{},"progressWrapper":{"parentElementArrayFinder":{"locator_":{"using":"css selector","value":".zoe-progress-wrapper"}},"elementArrayFinder_":{"locator_":{"$ref":"$[\"progressWrapper\"][\"parentElementArrayFinder\"][\"locator_\"]"}}},"widgetOverlay":{"parentElementArrayFinder":{"locator_":{"using":"css selector","value":"#zoe-zbox-overlay"}},"elementArrayFinder_":{"locator_":{"$ref":"$[\"widgetOverlay\"][\"parentElementArrayFinder\"][\"locator_\"]"}}},"widgetTrigger":{"parentElementArrayFinder":{"locator_":{"using":"css selector","value":".zoe-engage-trigger>img"}},"elementArrayFinder_":{"locator_":{"$ref":"$[\"widgetTrigger\"][\"parentElementArrayFinder\"][\"locator_\"]"}}},"widgetColorbox":{"parentElementArrayFinder":{"locator_":{"using":"css selector","value":"#zoe-zbox-content"}},"elementArrayFinder_":{"locator_":{"$ref":"$[\"widgetColorbox\"][\"parentElementArrayFinder\"][\"locator_\"]"}}},"helpButton":{"parentElementArrayFinder":{"locator_":{"using":"css selector","value":".zoe-btn-help"}},"elementArrayFinder_":{"locator_":{"$ref":"$[\"helpButton\"][\"parentElementArrayFinder\"][\"locator_\"]"}}},"helpElement":{"parentElementArrayFinder":{"locator_":{"using":"css selector","value":".zoe-help-overlay"}},"elementArrayFinder_":{"locator_":{"$ref":"$[\"helpElement\"][\"parentElementArrayFinder\"][\"locator_\"]"}}},"zoomButton":{"parentElementArrayFinder":{"locator_":{"using":"css selector","value":".zoe-btn-zoom"}},"elementArrayFinder_":{"locator_":{"$ref":"$[\"zoomButton\"][\"parentElementArrayFinder\"][\"locator_\"]"}}},"zoomElement":{"parentElementArrayFinder":{"locator_":{"using":"css selector","value":".zoe-zoom"}},"elementArrayFinder_":{"locator_":{"$ref":"$[\"zoomElement\"][\"parentElementArrayFinder\"][\"locator_\"]"}}},"zoomImage":{"parentElementArrayFinder":{"locator_":{"using":"css selector","value":".zoe-zoom-frame"}},"elementArrayFinder_":{"locator_":{"$ref":"$[\"zoomImage\"][\"parentElementArrayFinder\"][\"locator_\"]"}}},"closeButton":{"parentElementArrayFinder":{"locator_":{"using":"css selector","value":".zoe-btn-close"}},"elementArrayFinder_":{"locator_":{"$ref":"$[\"closeButton\"][\"parentElementArrayFinder\"][\"locator_\"]"}}},"widgetImageDiv":{"parentElementArrayFinder":{"locator_":{"using":"css selector","value":".zoe-engage-image.reel"}},"elementArrayFinder_":{"locator_":{"$ref":"$[\"widgetImageDiv\"][\"parentElementArrayFinder\"][\"locator_\"]"}}},"inlineDivSelector":{"parentElementArrayFinder":{"locator_":{"using":"css selector","value":".zoe-inline.reel"}},"elementArrayFinder_":{"locator_":{"$ref":"$[\"inlineDivSelector\"][\"parentElementArrayFinder\"][\"locator_\"]"}}},"widgetWrapperSelector":{"parentElementArrayFinder":{"locator_":{"using":"css selector","value":".zoe-engage-wrapper"}},"elementArrayFinder_":{"locator_":{"$ref":"$[\"widgetWrapperSelector\"][\"parentElementArrayFinder\"][\"locator_\"]"}}},"widgetWrapperImage":{"parentElementArrayFinder":{"locator_":{"using":"css selector","value":".zoe-frame"}},"elementArrayFinder_":{"locator_":{"$ref":"$[\"widgetWrapperImage\"][\"parentElementArrayFinder\"][\"locator_\"]"}}},"pageImageSelector":{"parentElementArrayFinder":{"locator_":{"using":"css selector","value":".zoe-engage-wrapper"}},"elementArrayFinder_":{"locator_":{"$ref":"$[\"pageImageSelector\"][\"parentElementArrayFinder\"][\"locator_\"]"}}},"inlineTrigger":{"parentElementArrayFinder":{"locator_":{"using":"css selector","value":"a.zoe-engage-trigger"}},"elementArrayFinder_":{"locator_":{"$ref":"$[\"inlineTrigger\"][\"parentElementArrayFinder\"][\"locator_\"]"}}},"inlineWrapper":{"parentElementArrayFinder":{"locator_":{"using":"css selector","value":".zoe-engage-wrapper.zoe-inline"}},"elementArrayFinder_":{"locator_":{"$ref":"$[\"inlineWrapper\"][\"parentElementArrayFinder\"][\"locator_\"]"}}},"frameSelector":{"parentElementArrayFinder":{"locator_":{"using":"css selector","value":".zoe-frame"}},"elementArrayFinder_":{"locator_":{"$ref":"$[\"frameSelector\"][\"parentElementArrayFinder\"][\"locator_\"]"}}},"interactCTA":{"parentElementArrayFinder":{"locator_":{"using":"css selector","value":".zoe-interact-cta"}},"elementArrayFinder_":{"locator_":{"$ref":"$[\"interactCTA\"][\"parentElementArrayFinder\"][\"locator_\"]"}}},"triggerCTA":{"parentElementArrayFinder":{"locator_":{"using":"css selector","value":".zoe-trigger-cta"}},"elementArrayFinder_":{"locator_":{"$ref":"$[\"triggerCTA\"][\"parentElementArrayFinder\"][\"locator_\"]"}}},"helpRotate":{"parentElementArrayFinder":{"locator_":{"using":"css selector","value":".zoe-help-rotate .zoe-help-text"}},"elementArrayFinder_":{"locator_":{"$ref":"$[\"helpRotate\"][\"parentElementArrayFinder\"][\"locator_\"]"}}},"helpElevate":{"parentElementArrayFinder":{"locator_":{"using":"css selector","value":".zoe-help-elevate .zoe-help-text"}},"elementArrayFinder_":{"locator_":{"$ref":"$[\"helpElevate\"][\"parentElementArrayFinder\"][\"locator_\"]"}}},"helpZoom":{"parentElementArrayFinder":{"locator_":{"using":"css selector","value":".zoe-help-zoom .zoe-help-text"}},"elementArrayFinder_":{"locator_":{"$ref":"$[\"helpZoom\"][\"parentElementArrayFinder\"][\"locator_\"]"}}},"helpBrand":{"parentElementArrayFinder":{"locator_":{"using":"css selector","value":".zoe-help-brand .zoe-help-text"}},"elementArrayFinder_":{"locator_":{"$ref":"$[\"helpBrand\"][\"parentElementArrayFinder\"][\"locator_\"]"}}},"extraContent":{"parentElementArrayFinder":{"locator_":{"using":"css selector","value":".zoe-display-extra-content"}},"elementArrayFinder_":{"locator_":{"$ref":"$[\"extraContent\"][\"parentElementArrayFinder\"][\"locator_\"]"}}},"level":"debug","message":"elementFinder is ","timestamp":"2014-10-09T11:53:19.022Z"}
{"rotatable":false,"browserConnectionEnabled":true,"acceptSslCerts":true,"cssSelectorsEnabled":true,"javascriptEnabled":true,"nativeEvents":true,"databaseEnabled":true,"locationContextEnabled":true,"takesScreenshot":true,"platform":"XP","browserName":"firefox","webdriver.remote.sessionid":"df72c246f7374bc282d81364dff333cf","hasMetadata":true,"version":"27.0","applicationCacheEnabled":true,"webStorageEnabled":true,"handlesAlerts":true,"level":"info","message":"","timestamp":"2014-10-09T11:53:32.008Z"}
{"level":"info","message":"undefined","timestamp":"2014-10-09T11:53:32.009Z"}
{"level":"info","message":"BROWSER IS: firefox","timestamp":"2014-10-09T11:53:32.009Z"}
{"level":"info","message":"Initialising file paths with browser & version","timestamp":"2014-10-09T11:53:32.009Z"}
{"level":"info","message":"Initialising file paths with browser & version","timestamp":"2014-10-09T11:53:32.009Z"}
{"level":"info","message":"Initialising file paths with browser & version","timestamp":"2014-10-09T11:53:32.009Z"}
{"level":"info","message":"Initialising file paths with browser & version","timestamp":"2014-10-09T11:53:32.009Z"}
{"level":"info","message":"Initialising file paths with browser & version","timestamp":"2014-10-09T11:53:32.009Z"}
{"level":"info","message":"Initialising file paths with browser & version","timestamp":"2014-10-09T11:53:32.009Z"}
{"level":"info","message":"Initialising file paths with browser & version","timestamp":"2014-10-09T11:53:32.009Z"}
{"level":"info","message":"Initialising file paths with browser & version","timestamp":"2014-10-09T11:53:32.009Z"}
{"level":"info","message":"Initialising file paths with browser & version","timestamp":"2014-10-09T11:53:32.009Z"}
{"level":"info","message":"Initialising file paths with browser & version","timestamp":"2014-10-09T11:53:32.009Z"}
{"level":"info","message":"Initialising file paths with browser & version","timestamp":"2014-10-09T11:53:32.009Z"}
{"level":"info","message":"Initialising file paths with browser & version","timestamp":"2014-10-09T11:53:32.009Z"}
{"level":"info","message":"Initialising file paths with browser & version","timestamp":"2014-10-09T11:53:32.009Z"}
{"level":"info","message":"Initialising file paths with browser & version","timestamp":"2014-10-09T11:53:32.009Z"}
{"level":"info","message":"Initialising file paths with browser & version","timestamp":"2014-10-09T11:53:32.009Z"}
{"level":"info","message":"Initialising file paths with browser & version","timestamp":"2014-10-09T11:53:32.009Z"}
{"level":"info","message":"Initialising file paths with browser & version","timestamp":"2014-10-09T11:53:32.009Z"}
{"level":"info","message":"Initialising file paths with browser & version","timestamp":"2014-10-09T11:53:32.009Z"}
{"level":"info","message":"Initialising file paths with browser & version","timestamp":"2014-10-09T11:53:32.009Z"}
{"level":"info","message":"Initialising file paths with browser & version","timestamp":"2014-10-09T11:53:32.009Z"}
{"level":"info","message":"Initialising file paths with browser & version","timestamp":"2014-10-09T11:53:32.009Z"}
{"level":"info","message":"Opening URL: http://jenkins.zoetrope.io:8888/v3/testInline.html","timestamp":"2014-10-09T11:53:33.417Z"}
{"level":"info","message":"Initialising file paths with browser & version","timestamp":"2014-10-09T11:53:33.417Z"}
{"level":"info","message":"Initialising file paths with browser & version","timestamp":"2014-10-09T11:53:33.417Z"}
{"level":"info","message":"Initialising file paths with browser & version","timestamp":"2014-10-09T11:53:33.417Z"}
{"level":"info","message":"Initialising file paths with browser & version","timestamp":"2014-10-09T11:53:33.417Z"}
{"level":"info","message":"Initialising file paths with browser & version","timestamp":"2014-10-09T11:53:33.417Z"}
{"level":"info","message":"Initialising file paths with browser & version","timestamp":"2014-10-09T11:53:33.417Z"}
{"level":"info","message":"Saving screenshot to images/load-inline-firefox-27.0.png","timestamp":"2014-10-09T11:53:38.965Z"}
{"level":"info","message":"Saved screenshot","timestamp":"2014-10-09T11:53:41.114Z"}
{"level":"info","message":"Clicking the help button","timestamp":"2014-10-09T11:53:41.148Z"}
{"parentElementArrayFinder":{"locator_":{"using":"css selector","value":".zoe-btn-help"}},"elementArrayFinder_":{"locator_":{"$ref":"$[\"parentElementArrayFinder\"][\"locator_\"]"}},"level":"info","message":"help button is","timestamp":"2014-10-09T11:53:41.151Z"}
{"level":"info","message":"Got help style of ","timestamp":"2014-10-09T11:53:45.330Z"}
{"level":"info","message":"Saving screenshot to images/help-inline-firefox-27.0.png","timestamp":"2014-10-09T11:53:45.373Z"}
{"level":"info","message":"Saved screenshot","timestamp":"2014-10-09T11:53:46.865Z"}
{"level":"info","message":"Clicking the help button","timestamp":"2014-10-09T11:53:46.911Z"}
{"parentElementArrayFinder":{"locator_":{"using":"css selector","value":".zoe-btn-help"}},"elementArrayFinder_":{"locator_":{"$ref":"$[\"parentElementArrayFinder\"][\"locator_\"]"}},"level":"info","message":"help button is","timestamp":"2014-10-09T11:53:46.914Z"}
{"level":"info","message":"Got help style of display: none;","timestamp":"2014-10-09T11:53:50.872Z"}
{"level":"info","message":"Saving screenshot to images/helpClose-inline-firefox-27.0.png","timestamp":"2014-10-09T11:53:50.914Z"}
{"level":"info","message":"Saved screenshot","timestamp":"2014-10-09T11:53:52.417Z"}
{"level":"info","message":"Clicking the zoom button","timestamp":"2014-10-09T11:53:52.465Z"}
{"level":"info","message":"Saving screenshot to images/zoom-inline-firefox-27.0.png","timestamp":"2014-10-09T11:53:52.469Z"}
{"level":"info","message":"Saved screenshot","timestamp":"2014-10-09T11:54:01.366Z"}
{"level":"info","message":"Clicking the zoom button","timestamp":"2014-10-09T11:54:01.376Z"}
{"level":"info","message":"Saving screenshot to images/zoomClose-inline-firefox-27.0.png","timestamp":"2014-10-09T11:54:01.380Z"}
{"level":"info","message":"Saved screenshot","timestamp":"2014-10-09T11:54:05.983Z"}
{"level":"info","message":"Opening URL: http://jenkins.zoetrope.io:8888/v3/testPopover.html","timestamp":"2014-10-09T11:54:05.995Z"}
{"level":"info","message":"Initialising file paths with browser & version","timestamp":"2014-10-09T11:54:05.996Z"}
{"level":"info","message":"Initialising file paths with browser & version","timestamp":"2014-10-09T11:54:05.996Z"}
{"level":"info","message":"Initialising file paths with browser & version","timestamp":"2014-10-09T11:54:05.996Z"}
{"level":"info","message":"Initialising file paths with browser & version","timestamp":"2014-10-09T11:54:05.996Z"}
{"level":"info","message":"Initialising file paths with browser & version","timestamp":"2014-10-09T11:54:05.996Z"}
{"level":"info","message":"Initialising file paths with browser & version","timestamp":"2014-10-09T11:54:05.996Z"}
{"level":"info","message":"Saving screenshot to images/load-popover-firefox-27.0.png","timestamp":"2014-10-09T11:54:06.997Z"}
{"level":"info","message":"Saved screenshot","timestamp":"2014-10-09T11:54:11.833Z"}
{"level":"info","message":"Clicking on widget trigger","timestamp":"2014-10-09T11:54:11.873Z"}
{"level":"info","message":"Saving screenshot to images/openWidget-popover-firefox-27.0.png","timestamp":"2014-10-09T11:54:13.193Z"}
{"takesScreenshot":true,"version":"6.1","cssSelectorsEnabled":true,"javascriptEnabled":true,"databaseEnabled":true,"locationContextEnabled":true,"platform":"MAC","browserName":"iPad","webdriver.remote.sessionid":"2b54a4188a5c4e4a9a24de3a1db18aa1","hasMetadata":true,"webStorageEnabled":true,"level":"info","message":"","timestamp":"2014-10-09T11:54:13.302Z"}
{"level":"info","message":"undefined","timestamp":"2014-10-09T11:54:13.302Z"}
{"level":"info","message":"BROWSER IS: iPad","timestamp":"2014-10-09T11:54:13.302Z"}
{"level":"info","message":"Initialising file paths with browser & version","timestamp":"2014-10-09T11:54:13.302Z"}
{"level":"info","message":"Initialising file paths with browser & version","timestamp":"2014-10-09T11:54:13.303Z"}
{"level":"info","message":"Initialising file paths with browser & version","timestamp":"2014-10-09T11:54:13.303Z"}
{"level":"info","message":"Initialising file paths with browser & version","timestamp":"2014-10-09T11:54:13.303Z"}
{"level":"info","message":"Initialising file paths with browser & version","timestamp":"2014-10-09T11:54:13.303Z"}
{"level":"info","message":"Initialising file paths with browser & version","timestamp":"2014-10-09T11:54:13.303Z"}
{"level":"info","message":"Initialising file paths with browser & version","timestamp":"2014-10-09T11:54:13.303Z"}
{"level":"info","message":"Initialising file paths with browser & version","timestamp":"2014-10-09T11:54:13.303Z"}
{"level":"info","message":"Initialising file paths with browser & version","timestamp":"2014-10-09T11:54:13.303Z"}
{"level":"info","message":"Initialising file paths with browser & version","timestamp":"2014-10-09T11:54:13.303Z"}
{"level":"info","message":"Initialising file paths with browser & version","timestamp":"2014-10-09T11:54:13.303Z"}
{"level":"info","message":"Initialising file paths with browser & version","timestamp":"2014-10-09T11:54:13.303Z"}
{"level":"info","message":"Initialising file paths with browser & version","timestamp":"2014-10-09T11:54:13.303Z"}
{"level":"info","message":"Initialising file paths with browser & version","timestamp":"2014-10-09T11:54:13.303Z"}
{"level":"info","message":"Initialising file paths with browser & version","timestamp":"2014-10-09T11:54:13.303Z"}
{"level":"info","message":"Initialising file paths with browser & version","timestamp":"2014-10-09T11:54:13.303Z"}
{"level":"info","message":"Initialising file paths with browser & version","timestamp":"2014-10-09T11:54:13.303Z"}
{"level":"info","message":"Initialising file paths with browser & version","timestamp":"2014-10-09T11:54:13.303Z"}
{"level":"info","message":"Initialising file paths with browser & version","timestamp":"2014-10-09T11:54:13.303Z"}
{"level":"info","message":"Initialising file paths with browser & version","timestamp":"2014-10-09T11:54:13.303Z"}
{"level":"info","message":"Initialising file paths with browser & version","timestamp":"2014-10-09T11:54:13.303Z"}
{"level":"info","message":"Opening URL: http://jenkins.zoetrope.io:8888/v3/testInline.html","timestamp":"2014-10-09T11:54:14.911Z"}
{"level":"info","message":"Initialising file paths with browser & version","timestamp":"2014-10-09T11:54:14.911Z"}
{"level":"info","message":"Initialising file paths with browser & version","timestamp":"2014-10-09T11:54:14.912Z"}
{"level":"info","message":"Initialising file paths with browser & version","timestamp":"2014-10-09T11:54:14.912Z"}
{"level":"info","message":"Initialising file paths with browser & version","timestamp":"2014-10-09T11:54:14.912Z"}
{"level":"info","message":"Initialising file paths with browser & version","timestamp":"2014-10-09T11:54:14.912Z"}
{"level":"info","message":"Initialising file paths with browser & version","timestamp":"2014-10-09T11:54:14.912Z"}
{"level":"info","message":"Saved screenshot","timestamp":"2014-10-09T11:54:16.912Z"}
{"level":"info","message":"Clicking the help button","timestamp":"2014-10-09T11:54:16.942Z"}
{"parentElementArrayFinder":{"locator_":{"using":"css selector","value":".zoe-btn-help"}},"elementArrayFinder_":{"locator_":{"$ref":"$[\"parentElementArrayFinder\"][\"locator_\"]"}},"level":"info","message":"help button is","timestamp":"2014-10-09T11:54:16.945Z"}
{"level":"info","message":"Got help style of ","timestamp":"2014-10-09T11:54:19.886Z"}
{"level":"info","message":"Saving screenshot to images/help-popover-firefox-27.0.png","timestamp":"2014-10-09T11:54:19.929Z"}
{"level":"info","message":"Saving screenshot to images/load-inline-iPad-6.1.png","timestamp":"2014-10-09T11:54:20.244Z"}
{"level":"info","message":"Saved screenshot","timestamp":"2014-10-09T11:54:24.440Z"}
{"level":"info","message":"Clicking the help button","timestamp":"2014-10-09T11:54:24.482Z"}
{"parentElementArrayFinder":{"locator_":{"using":"css selector","value":".zoe-btn-help"}},"elementArrayFinder_":{"locator_":{"$ref":"$[\"parentElementArrayFinder\"][\"locator_\"]"}},"level":"info","message":"help button is","timestamp":"2014-10-09T11:54:24.485Z"}
{"level":"info","message":"Saved screenshot","timestamp":"2014-10-09T11:54:24.587Z"}
{"level":"info","message":"Clicking the help button","timestamp":"2014-10-09T11:54:24.622Z"}
{"parentElementArrayFinder":{"locator_":{"using":"css selector","value":".zoe-btn-help"}},"elementArrayFinder_":{"locator_":{"$ref":"$[\"parentElementArrayFinder\"][\"locator_\"]"}},"level":"info","message":"help button is","timestamp":"2014-10-09T11:54:24.624Z"}
{"level":"info","message":"Got help style of display: none;","timestamp":"2014-10-09T11:54:26.744Z"}
{"level":"info","message":"Saving screenshot to images/helpClose-popover-firefox-27.0.png","timestamp":"2014-10-09T11:54:26.787Z"}
{"level":"info","message":"Got help style of ","timestamp":"2014-10-09T11:54:30.412Z"}
{"level":"info","message":"Saving screenshot to images/help-inline-iPad-6.1.png","timestamp":"2014-10-09T11:54:30.455Z"}
{"level":"info","message":"Saved screenshot","timestamp":"2014-10-09T11:54:31.917Z"}
{"level":"info","message":"Clicking the zoom button","timestamp":"2014-10-09T11:54:31.960Z"}
{"level":"info","message":"Saving screenshot to images/zoom-popover-firefox-27.0.png","timestamp":"2014-10-09T11:54:31.963Z"}
{"level":"info","message":"Saved screenshot","timestamp":"2014-10-09T11:54:32.506Z"}
{"level":"info","message":"Clicking the help button","timestamp":"2014-10-09T11:54:32.563Z"}
{"parentElementArrayFinder":{"locator_":{"using":"css selector","value":".zoe-btn-help"}},"elementArrayFinder_":{"locator_":{"$ref":"$[\"parentElementArrayFinder\"][\"locator_\"]"}},"level":"info","message":"help button is","timestamp":"2014-10-09T11:54:32.566Z"}
{"level":"info","message":"Got help style of display: none; ","timestamp":"2014-10-09T11:54:40.649Z"}
{"level":"info","message":"Saving screenshot to images/helpClose-inline-iPad-6.1.png","timestamp":"2014-10-09T11:54:40.691Z"}
{"level":"info","message":"Saved screenshot","timestamp":"2014-10-09T11:54:41.613Z"}
{"level":"info","message":"Clicking the zoom button","timestamp":"2014-10-09T11:54:41.623Z"}
{"level":"info","message":"Saving screenshot to images/zoomClose-popover-firefox-27.0.png","timestamp":"2014-10-09T11:54:41.626Z"}
{"level":"info","message":"Saved screenshot","timestamp":"2014-10-09T11:54:43.295Z"}
{"level":"info","message":"Clicking the zoom button","timestamp":"2014-10-09T11:54:43.349Z"}
{"level":"info","message":"Saving screenshot to images/zoom-inline-iPad-6.1.png","timestamp":"2014-10-09T11:54:43.353Z"}
{"level":"info","message":"Saved screenshot","timestamp":"2014-10-09T11:54:47.668Z"}
{"level":"info","message":"Saved screenshot","timestamp":"2014-10-09T11:54:51.877Z"}
{"level":"info","message":"Clicking the zoom button","timestamp":"2014-10-09T11:54:51.890Z"}
{"level":"info","message":"Saving screenshot to images/zoomClose-inline-iPad-6.1.png","timestamp":"2014-10-09T11:54:51.893Z"}
{"level":"info","message":"Saved screenshot","timestamp":"2014-10-09T11:54:56.746Z"}
{"level":"info","message":"Opening URL: http://jenkins.zoetrope.io:8888/v3/testPopover.html","timestamp":"2014-10-09T11:54:56.775Z"}
{"level":"info","message":"Initialising file paths with browser & version","timestamp":"2014-10-09T11:54:56.775Z"}
{"level":"info","message":"Initialising file paths with browser & version","timestamp":"2014-10-09T11:54:56.775Z"}
{"level":"info","message":"Initialising file paths with browser & version","timestamp":"2014-10-09T11:54:56.775Z"}
{"level":"info","message":"Initialising file paths with browser & version","timestamp":"2014-10-09T11:54:56.775Z"}
{"level":"info","message":"Initialising file paths with browser & version","timestamp":"2014-10-09T11:54:56.775Z"}
{"level":"info","message":"Initialising file paths with browser & version","timestamp":"2014-10-09T11:54:56.775Z"}
{"level":"info","message":"Saving screenshot to images/load-popover-iPad-6.1.png","timestamp":"2014-10-09T11:54:58.290Z"}
{"level":"info","message":"Saved screenshot","timestamp":"2014-10-09T11:55:03.178Z"}
{"level":"info","message":"Clicking on widget trigger","timestamp":"2014-10-09T11:55:03.212Z"}
{"level":"info","message":"Saving screenshot to images/openWidget-popover-iPad-6.1.png","timestamp":"2014-10-09T11:55:06.159Z"}
{"level":"info","message":"Saved screenshot","timestamp":"2014-10-09T11:55:09.348Z"}
{"level":"info","message":"Clicking the help button","timestamp":"2014-10-09T11:55:09.383Z"}
{"parentElementArrayFinder":{"locator_":{"using":"css selector","value":".zoe-btn-help"}},"elementArrayFinder_":{"locator_":{"$ref":"$[\"parentElementArrayFinder\"][\"locator_\"]"}},"level":"info","message":"help button is","timestamp":"2014-10-09T11:55:09.385Z"}
{"level":"info","message":"Got help style of ","timestamp":"2014-10-09T11:55:12.680Z"}
{"level":"info","message":"Saving screenshot to images/help-popover-iPad-6.1.png","timestamp":"2014-10-09T11:55:12.724Z"}
{"level":"info","message":"Saved screenshot","timestamp":"2014-10-09T11:55:15.188Z"}
{"level":"info","message":"Clicking the help button","timestamp":"2014-10-09T11:55:15.231Z"}
{"parentElementArrayFinder":{"locator_":{"using":"css selector","value":".zoe-btn-help"}},"elementArrayFinder_":{"locator_":{"$ref":"$[\"parentElementArrayFinder\"][\"locator_\"]"}},"level":"info","message":"help button is","timestamp":"2014-10-09T11:55:15.234Z"}
{"level":"info","message":"Got help style of display: none; ","timestamp":"2014-10-09T11:55:18.573Z"}
{"level":"info","message":"Saving screenshot to images/helpClose-popover-iPad-6.1.png","timestamp":"2014-10-09T11:55:18.617Z"}
{"level":"info","message":"Saved screenshot","timestamp":"2014-10-09T11:55:24.759Z"}
{"level":"info","message":"Clicking the zoom button","timestamp":"2014-10-09T11:55:24.802Z"}
{"level":"info","message":"Saving screenshot to images/zoom-popover-iPad-6.1.png","timestamp":"2014-10-09T11:55:24.806Z"}
{"takesScreenshot":true,"version":"6.1","cssSelectorsEnabled":true,"javascriptEnabled":true,"databaseEnabled":true,"locationContextEnabled":true,"platform":"MAC","browserName":"iPhone","webdriver.remote.sessionid":"cf86d134742d4c25a04ebd460133fbdc","hasMetadata":true,"webStorageEnabled":true,"level":"info","message":"","timestamp":"2014-10-09T11:55:30.448Z"}
{"level":"info","message":"undefined","timestamp":"2014-10-09T11:55:30.448Z"}
{"level":"info","message":"BROWSER IS: iPhone","timestamp":"2014-10-09T11:55:30.448Z"}
{"level":"info","message":"Initialising file paths with browser & version","timestamp":"2014-10-09T11:55:30.449Z"}
{"level":"info","message":"Initialising file paths with browser & version","timestamp":"2014-10-09T11:55:30.449Z"}
{"level":"info","message":"Initialising file paths with browser & version","timestamp":"2014-10-09T11:55:30.449Z"}
{"level":"info","message":"Initialising file paths with browser & version","timestamp":"2014-10-09T11:55:30.449Z"}
{"level":"info","message":"Initialising file paths with browser & version","timestamp":"2014-10-09T11:55:30.449Z"}
{"level":"info","message":"Initialising file paths with browser & version","timestamp":"2014-10-09T11:55:30.449Z"}
{"level":"info","message":"Initialising file paths with browser & version","timestamp":"2014-10-09T11:55:30.449Z"}
{"level":"info","message":"Initialising file paths with browser & version","timestamp":"2014-10-09T11:55:30.449Z"}
{"level":"info","message":"Initialising file paths with browser & version","timestamp":"2014-10-09T11:55:30.449Z"}
{"level":"info","message":"Initialising file paths with browser & version","timestamp":"2014-10-09T11:55:30.449Z"}
{"level":"info","message":"Initialising file paths with browser & version","timestamp":"2014-10-09T11:55:30.449Z"}
{"level":"info","message":"Initialising file paths with browser & version","timestamp":"2014-10-09T11:55:30.449Z"}
{"level":"info","message":"Initialising file paths with browser & version","timestamp":"2014-10-09T11:55:30.449Z"}
{"level":"info","message":"Initialising file paths with browser & version","timestamp":"2014-10-09T11:55:30.449Z"}
{"level":"info","message":"Initialising file paths with browser & version","timestamp":"2014-10-09T11:55:30.449Z"}
{"level":"info","message":"Initialising file paths with browser & version","timestamp":"2014-10-09T11:55:30.449Z"}
{"level":"info","message":"Initialising file paths with browser & version","timestamp":"2014-10-09T11:55:30.449Z"}
{"level":"info","message":"Initialising file paths with browser & version","timestamp":"2014-10-09T11:55:30.449Z"}
{"level":"info","message":"Initialising file paths with browser & version","timestamp":"2014-10-09T11:55:30.449Z"}
{"level":"info","message":"Initialising file paths with browser & version","timestamp":"2014-10-09T11:55:30.449Z"}
{"level":"info","message":"Initialising file paths with browser & version","timestamp":"2014-10-09T11:55:30.449Z"}
{"level":"info","message":"Opening URL: http://jenkins.zoetrope.io:8888/v3/testInline.html","timestamp":"2014-10-09T11:55:32.061Z"}
{"level":"info","message":"Initialising file paths with browser & version","timestamp":"2014-10-09T11:55:32.061Z"}
{"level":"info","message":"Initialising file paths with browser & version","timestamp":"2014-10-09T11:55:32.062Z"}
{"level":"info","message":"Initialising file paths with browser & version","timestamp":"2014-10-09T11:55:32.062Z"}
{"level":"info","message":"Initialising file paths with browser & version","timestamp":"2014-10-09T11:55:32.062Z"}
{"level":"info","message":"Initialising file paths with browser & version","timestamp":"2014-10-09T11:55:32.062Z"}
{"level":"info","message":"Initialising file paths with browser & version","timestamp":"2014-10-09T11:55:32.062Z"}
{"level":"info","message":"Saved screenshot","timestamp":"2014-10-09T11:55:36.292Z"}
{"level":"info","message":"Clicking the zoom button","timestamp":"2014-10-09T11:55:36.318Z"}
{"level":"info","message":"Saving screenshot to images/zoomClose-popover-iPad-6.1.png","timestamp":"2014-10-09T11:55:36.321Z"}
{"level":"info","message":"Saving screenshot to images/load-inline-iPhone-6.1.png","timestamp":"2014-10-09T11:55:36.392Z"}
{"level":"info","message":"Saved screenshot","timestamp":"2014-10-09T11:55:39.329Z"}
{"level":"info","message":"Clicking the help button","timestamp":"2014-10-09T11:55:39.362Z"}
{"parentElementArrayFinder":{"locator_":{"using":"css selector","value":".zoe-btn-help"}},"elementArrayFinder_":{"locator_":{"$ref":"$[\"parentElementArrayFinder\"][\"locator_\"]"}},"level":"info","message":"help button is","timestamp":"2014-10-09T11:55:39.364Z"}
{"level":"info","message":"Saved screenshot","timestamp":"2014-10-09T11:55:41.478Z"}
{"level":"info","message":"Got help style of ","timestamp":"2014-10-09T11:55:42.447Z"}
{"level":"info","message":"Saving screenshot to images/help-inline-iPhone-6.1.png","timestamp":"2014-10-09T11:55:42.490Z"}
{"level":"info","message":"Saved screenshot","timestamp":"2014-10-09T11:55:44.162Z"}
{"level":"info","message":"Clicking the help button","timestamp":"2014-10-09T11:55:44.209Z"}
{"parentElementArrayFinder":{"locator_":{"using":"css selector","value":".zoe-btn-help"}},"elementArrayFinder_":{"locator_":{"$ref":"$[\"parentElementArrayFinder\"][\"locator_\"]"}},"level":"info","message":"help button is","timestamp":"2014-10-09T11:55:44.212Z"}
{"level":"info","message":"Got help style of display: none; ","timestamp":"2014-10-09T11:55:48.645Z"}
{"level":"info","message":"Saving screenshot to images/helpClose-inline-iPhone-6.1.png","timestamp":"2014-10-09T11:55:48.688Z"}
{"level":"info","message":"Saved screenshot","timestamp":"2014-10-09T11:55:52.988Z"}
{"level":"info","message":"Clicking the zoom button","timestamp":"2014-10-09T11:55:53.034Z"}
{"level":"info","message":"Saving screenshot to images/zoom-inline-iPhone-6.1.png","timestamp":"2014-10-09T11:55:53.040Z"}
{"level":"info","message":"Saved screenshot","timestamp":"2014-10-09T11:56:00.064Z"}
{"level":"info","message":"Clicking the zoom button","timestamp":"2014-10-09T11:56:00.077Z"}
{"level":"info","message":"Saving screenshot to images/zoomClose-inline-iPhone-6.1.png","timestamp":"2014-10-09T11:56:00.081Z"}
{"level":"info","message":"Saved screenshot","timestamp":"2014-10-09T11:56:07.826Z"}
{"level":"info","message":"Opening URL: http://jenkins.zoetrope.io:8888/v3/testPopover.html","timestamp":"2014-10-09T11:56:07.837Z"}
{"level":"info","message":"Initialising file paths with browser & version","timestamp":"2014-10-09T11:56:07.837Z"}
{"level":"info","message":"Initialising file paths with browser & version","timestamp":"2014-10-09T11:56:07.837Z"}
{"level":"info","message":"Initialising file paths with browser & version","timestamp":"2014-10-09T11:56:07.837Z"}
{"level":"info","message":"Initialising file paths with browser & version","timestamp":"2014-10-09T11:56:07.837Z"}
{"level":"info","message":"Initialising file paths with browser & version","timestamp":"2014-10-09T11:56:07.837Z"}
{"level":"info","message":"Initialising file paths with browser & version","timestamp":"2014-10-09T11:56:07.837Z"}
{"level":"info","message":"Saving screenshot to images/load-popover-iPhone-6.1.png","timestamp":"2014-10-09T11:56:09.257Z"}
{"level":"info","message":"Saved screenshot","timestamp":"2014-10-09T11:56:12.880Z"}
{"level":"info","message":"Clicking on widget trigger","timestamp":"2014-10-09T11:56:12.914Z"}
{"takesScreenshot":true,"version":"6.0.5","cssSelectorsEnabled":true,"javascriptEnabled":true,"browserName":"safari","platform":"MAC","secureSsl":true,"webdriver.remote.sessionid":"065cf1c6ce324fbcb7ccfaeabf62a5f1","hasMetadata":true,"level":"info","message":"","timestamp":"2014-10-09T11:56:14.408Z"}
{"level":"info","message":"undefined","timestamp":"2014-10-09T11:56:14.409Z"}
{"level":"info","message":"BROWSER IS: safari","timestamp":"2014-10-09T11:56:14.409Z"}
{"level":"info","message":"Initialising file paths with browser & version","timestamp":"2014-10-09T11:56:14.409Z"}
{"level":"info","message":"Initialising file paths with browser & version","timestamp":"2014-10-09T11:56:14.409Z"}
{"level":"info","message":"Initialising file paths with browser & version","timestamp":"2014-10-09T11:56:14.409Z"}
{"level":"info","message":"Initialising file paths with browser & version","timestamp":"2014-10-09T11:56:14.409Z"}
{"level":"info","message":"Initialising file paths with browser & version","timestamp":"2014-10-09T11:56:14.409Z"}
{"level":"info","message":"Initialising file paths with browser & version","timestamp":"2014-10-09T11:56:14.409Z"}
{"level":"info","message":"Initialising file paths with browser & version","timestamp":"2014-10-09T11:56:14.409Z"}
{"level":"info","message":"Initialising file paths with browser & version","timestamp":"2014-10-09T11:56:14.409Z"}
{"level":"info","message":"Initialising file paths with browser & version","timestamp":"2014-10-09T11:56:14.409Z"}
{"level":"info","message":"Initialising file paths with browser & version","timestamp":"2014-10-09T11:56:14.409Z"}
{"level":"info","message":"Initialising file paths with browser & version","timestamp":"2014-10-09T11:56:14.409Z"}
{"level":"info","message":"Initialising file paths with browser & version","timestamp":"2014-10-09T11:56:14.409Z"}
{"level":"info","message":"Initialising file paths with browser & version","timestamp":"2014-10-09T11:56:14.409Z"}
{"level":"info","message":"Initialising file paths with browser & version","timestamp":"2014-10-09T11:56:14.409Z"}
{"level":"info","message":"Initialising file paths with browser & version","timestamp":"2014-10-09T11:56:14.409Z"}
{"level":"info","message":"Initialising file paths with browser & version","timestamp":"2014-10-09T11:56:14.409Z"}
{"level":"info","message":"Initialising file paths with browser & version","timestamp":"2014-10-09T11:56:14.409Z"}
{"level":"info","message":"Initialising file paths with browser & version","timestamp":"2014-10-09T11:56:14.409Z"}
{"level":"info","message":"Initialising file paths with browser & version","timestamp":"2014-10-09T11:56:14.410Z"}
{"level":"info","message":"Initialising file paths with browser & version","timestamp":"2014-10-09T11:56:14.410Z"}
{"level":"info","message":"Initialising file paths with browser & version","timestamp":"2014-10-09T11:56:14.410Z"}
{"level":"info","message":"Saving screenshot to images/openWidget-popover-iPhone-6.1.png","timestamp":"2014-10-09T11:56:14.972Z"}
{"level":"info","message":"Opening URL: http://jenkins.zoetrope.io:8888/v3/testInline.html","timestamp":"2014-10-09T11:56:15.828Z"}
{"level":"info","message":"Initialising file paths with browser & version","timestamp":"2014-10-09T11:56:15.829Z"}
{"level":"info","message":"Initialising file paths with browser & version","timestamp":"2014-10-09T11:56:15.829Z"}
{"level":"info","message":"Initialising file paths with browser & version","timestamp":"2014-10-09T11:56:15.829Z"}
{"level":"info","message":"Initialising file paths with browser & version","timestamp":"2014-10-09T11:56:15.829Z"}
{"level":"info","message":"Initialising file paths with browser & version","timestamp":"2014-10-09T11:56:15.829Z"}
{"level":"info","message":"Initialising file paths with browser & version","timestamp":"2014-10-09T11:56:15.829Z"}
{"level":"info","message":"Saved screenshot","timestamp":"2014-10-09T11:56:17.129Z"}
{"level":"info","message":"Clicking the help button","timestamp":"2014-10-09T11:56:17.167Z"}
{"parentElementArrayFinder":{"locator_":{"using":"css selector","value":".zoe-btn-help"}},"elementArrayFinder_":{"locator_":{"$ref":"$[\"parentElementArrayFinder\"][\"locator_\"]"}},"level":"info","message":"help button is","timestamp":"2014-10-09T11:56:17.169Z"}
{"level":"info","message":"Saving screenshot to images/load-inline-safari-6.0.5.png","timestamp":"2014-10-09T11:56:21.270Z"}
{"level":"info","message":"Got help style of ","timestamp":"2014-10-09T11:56:22.436Z"}
{"level":"info","message":"Saving screenshot to images/help-popover-iPhone-6.1.png","timestamp":"2014-10-09T11:56:22.478Z"}
{"level":"info","message":"Saved screenshot","timestamp":"2014-10-09T11:56:23.855Z"}
{"level":"info","message":"Clicking the help button","timestamp":"2014-10-09T11:56:23.891Z"}
{"parentElementArrayFinder":{"locator_":{"using":"css selector","value":".zoe-btn-help"}},"elementArrayFinder_":{"locator_":{"$ref":"$[\"parentElementArrayFinder\"][\"locator_\"]"}},"level":"info","message":"help button is","timestamp":"2014-10-09T11:56:23.894Z"}
{"level":"info","message":"Saved screenshot","timestamp":"2014-10-09T11:56:24.222Z"}
{"level":"info","message":"Clicking the help button","timestamp":"2014-10-09T11:56:24.306Z"}
{"parentElementArrayFinder":{"locator_":{"using":"css selector","value":".zoe-btn-help"}},"elementArrayFinder_":{"locator_":{"$ref":"$[\"parentElementArrayFinder\"][\"locator_\"]"}},"level":"info","message":"help button is","timestamp":"2014-10-09T11:56:24.309Z"}
{"level":"info","message":"Got help style of ","timestamp":"2014-10-09T11:56:27.356Z"}
{"level":"info","message":"Saving screenshot to images/help-inline-safari-6.0.5.png","timestamp":"2014-10-09T11:56:27.399Z"}
{"level":"info","message":"Got help style of display: none; ","timestamp":"2014-10-09T11:56:28.410Z"}
{"level":"info","message":"Saving screenshot to images/helpClose-popover-iPhone-6.1.png","timestamp":"2014-10-09T11:56:28.452Z"}
{"level":"info","message":"Saved screenshot","timestamp":"2014-10-09T11:56:30.402Z"}
{"level":"info","message":"Clicking the help button","timestamp":"2014-10-09T11:56:30.447Z"}
{"parentElementArrayFinder":{"locator_":{"using":"css selector","value":".zoe-btn-help"}},"elementArrayFinder_":{"locator_":{"$ref":"$[\"parentElementArrayFinder\"][\"locator_\"]"}},"level":"info","message":"help button is","timestamp":"2014-10-09T11:56:30.449Z"}
{"level":"info","message":"Saved screenshot","timestamp":"2014-10-09T11:56:31.713Z"}
{"level":"info","message":"Clicking the zoom button","timestamp":"2014-10-09T11:56:31.759Z"}
{"level":"info","message":"Saving screenshot to images/zoom-popover-iPhone-6.1.png","timestamp":"2014-10-09T11:56:31.762Z"}
{"level":"info","message":"Got help style of display: none; ","timestamp":"2014-10-09T11:56:32.851Z"}
{"level":"info","message":"Saving screenshot to images/helpClose-inline-safari-6.0.5.png","timestamp":"2014-10-09T11:56:32.895Z"}
{"level":"info","message":"Saved screenshot","timestamp":"2014-10-09T11:56:35.198Z"}
{"level":"info","message":"Clicking the zoom button","timestamp":"2014-10-09T11:56:35.242Z"}
{"level":"info","message":"Saving screenshot to images/zoom-inline-safari-6.0.5.png","timestamp":"2014-10-09T11:56:35.246Z"}
{"level":"info","message":"Saved screenshot","timestamp":"2014-10-09T11:56:40.568Z"}
{"level":"info","message":"Clicking the zoom button","timestamp":"2014-10-09T11:56:40.593Z"}
{"level":"info","message":"Saving screenshot to images/zoomClose-popover-iPhone-6.1.png","timestamp":"2014-10-09T11:56:40.597Z"}
{"level":"info","message":"Saved screenshot","timestamp":"2014-10-09T11:56:40.931Z"}
{"level":"info","message":"Clicking the zoom button","timestamp":"2014-10-09T11:56:40.956Z"}
{"level":"info","message":"Saving screenshot to images/zoomClose-inline-safari-6.0.5.png","timestamp":"2014-10-09T11:56:40.959Z"}
{"level":"info","message":"Saved screenshot","timestamp":"2014-10-09T11:56:47.126Z"}
{"level":"info","message":"Saved screenshot","timestamp":"2014-10-09T11:56:50.013Z"}
{"level":"info","message":"Opening URL: http://jenkins.zoetrope.io:8888/v3/testPopover.html","timestamp":"2014-10-09T11:56:50.024Z"}
{"level":"info","message":"Initialising file paths with browser & version","timestamp":"2014-10-09T11:56:50.024Z"}
{"level":"info","message":"Initialising file paths with browser & version","timestamp":"2014-10-09T11:56:50.024Z"}
{"level":"info","message":"Initialising file paths with browser & version","timestamp":"2014-10-09T11:56:50.024Z"}
{"level":"info","message":"Initialising file paths with browser & version","timestamp":"2014-10-09T11:56:50.024Z"}
{"level":"info","message":"Initialising file paths with browser & version","timestamp":"2014-10-09T11:56:50.024Z"}
{"level":"info","message":"Initialising file paths with browser & version","timestamp":"2014-10-09T11:56:50.024Z"}
{"level":"info","message":"Saving screenshot to images/load-popover-safari-6.0.5.png","timestamp":"2014-10-09T11:56:51.306Z"}
{"level":"info","message":"Saved screenshot","timestamp":"2014-10-09T11:56:54.241Z"}
{"level":"info","message":"Clicking on widget trigger","timestamp":"2014-10-09T11:56:54.272Z"}
{"rotatable":false,"browserConnectionEnabled":false,"acceptSslCerts":true,"cssSelectorsEnabled":true,"chrome":{"chromedriverVersion":"2.4.226107"},"javascriptEnabled":true,"version":"30.0.1599.65","webdriver.remote.sessionid":"70a964419dbb48efa569cec0e051ebe2","databaseEnabled":true,"locationContextEnabled":true,"platform":"Windows NT","browserName":"chrome","takesScreenshot":true,"hasMetadata":true,"nativeEvents":true,"applicationCacheEnabled":false,"webStorageEnabled":true,"handlesAlerts":true,"level":"info","message":"","timestamp":"2014-10-09T11:56:56.821Z"}
{"level":"info","message":"undefined","timestamp":"2014-10-09T11:56:56.821Z"}
{"level":"info","message":"BROWSER IS: chrome","timestamp":"2014-10-09T11:56:56.821Z"}
{"level":"info","message":"Initialising file paths with browser & version","timestamp":"2014-10-09T11:56:56.822Z"}
{"level":"info","message":"Initialising file paths with browser & version","timestamp":"2014-10-09T11:56:56.822Z"}
{"level":"info","message":"Initialising file paths with browser & version","timestamp":"2014-10-09T11:56:56.822Z"}
{"level":"info","message":"Initialising file paths with browser & version","timestamp":"2014-10-09T11:56:56.822Z"}
{"level":"info","message":"Initialising file paths with browser & version","timestamp":"2014-10-09T11:56:56.822Z"}
{"level":"info","message":"Initialising file paths with browser & version","timestamp":"2014-10-09T11:56:56.822Z"}
{"level":"info","message":"Initialising file paths with browser & version","timestamp":"2014-10-09T11:56:56.822Z"}
{"level":"info","message":"Initialising file paths with browser & version","timestamp":"2014-10-09T11:56:56.822Z"}
{"level":"info","message":"Initialising file paths with browser & version","timestamp":"2014-10-09T11:56:56.822Z"}
{"level":"info","message":"Initialising file paths with browser & version","timestamp":"2014-10-09T11:56:56.822Z"}
{"level":"info","message":"Initialising file paths with browser & version","timestamp":"2014-10-09T11:56:56.822Z"}
{"level":"info","message":"Initialising file paths with browser & version","timestamp":"2014-10-09T11:56:56.822Z"}
{"level":"info","message":"Initialising file paths with browser & version","timestamp":"2014-10-09T11:56:56.822Z"}
{"level":"info","message":"Initialising file paths with browser & version","timestamp":"2014-10-09T11:56:56.822Z"}
{"level":"info","message":"Initialising file paths with browser & version","timestamp":"2014-10-09T11:56:56.822Z"}
{"level":"info","message":"Initialising file paths with browser & version","timestamp":"2014-10-09T11:56:56.822Z"}
{"level":"info","message":"Initialising file paths with browser & version","timestamp":"2014-10-09T11:56:56.822Z"}
{"level":"info","message":"Initialising file paths with browser & version","timestamp":"2014-10-09T11:56:56.822Z"}
{"level":"info","message":"Initialising file paths with browser & version","timestamp":"2014-10-09T11:56:56.822Z"}
{"level":"info","message":"Initialising file paths with browser & version","timestamp":"2014-10-09T11:56:56.822Z"}
{"level":"info","message":"Initialising file paths with browser & version","timestamp":"2014-10-09T11:56:56.822Z"}
{"level":"info","message":"Saving screenshot to images/openWidget-popover-safari-6.0.5.png","timestamp":"2014-10-09T11:56:58.012Z"}
{"level":"info","message":"Opening URL: http://jenkins.zoetrope.io:8888/v3/testInline.html","timestamp":"2014-10-09T11:56:58.242Z"}
{"level":"info","message":"Initialising file paths with browser & version","timestamp":"2014-10-09T11:56:58.243Z"}
{"level":"info","message":"Initialising file paths with browser & version","timestamp":"2014-10-09T11:56:58.243Z"}
{"level":"info","message":"Initialising file paths with browser & version","timestamp":"2014-10-09T11:56:58.243Z"}
{"level":"info","message":"Initialising file paths with browser & version","timestamp":"2014-10-09T11:56:58.243Z"}
{"level":"info","message":"Initialising file paths with browser & version","timestamp":"2014-10-09T11:56:58.243Z"}
{"level":"info","message":"Initialising file paths with browser & version","timestamp":"2014-10-09T11:56:58.243Z"}
{"level":"info","message":"Saved screenshot","timestamp":"2014-10-09T11:57:02.222Z"}
{"level":"info","message":"Clicking the help button","timestamp":"2014-10-09T11:57:02.255Z"}
{"parentElementArrayFinder":{"locator_":{"using":"css selector","value":".zoe-btn-help"}},"elementArrayFinder_":{"locator_":{"$ref":"$[\"parentElementArrayFinder\"][\"locator_\"]"}},"level":"info","message":"help button is","timestamp":"2014-10-09T11:57:02.257Z"}
{"level":"info","message":"Saving screenshot to images/load-inline-chrome-30.0.1599.65.png","timestamp":"2014-10-09T11:57:02.871Z"}
{"level":"info","message":"Got help style of ","timestamp":"2014-10-09T11:57:04.610Z"}
{"level":"info","message":"Saving screenshot to images/help-popover-safari-6.0.5.png","timestamp":"2014-10-09T11:57:04.652Z"}
{"level":"info","message":"Saved screenshot","timestamp":"2014-10-09T11:57:04.685Z"}
{"level":"info","message":"Clicking the help button","timestamp":"2014-10-09T11:57:04.717Z"}
{"parentElementArrayFinder":{"locator_":{"using":"css selector","value":".zoe-btn-help"}},"elementArrayFinder_":{"locator_":{"$ref":"$[\"parentElementArrayFinder\"][\"locator_\"]"}},"level":"info","message":"help button is","timestamp":"2014-10-09T11:57:04.720Z"}
{"level":"info","message":"Got help style of ","timestamp":"2014-10-09T11:57:06.714Z"}
{"level":"info","message":"Saving screenshot to images/help-inline-chrome-30.0.1599.65.png","timestamp":"2014-10-09T11:57:06.756Z"}
{"level":"info","message":"Saved screenshot","timestamp":"2014-10-09T11:57:07.828Z"}
{"level":"info","message":"Clicking the help button","timestamp":"2014-10-09T11:57:07.870Z"}
{"parentElementArrayFinder":{"locator_":{"using":"css selector","value":".zoe-btn-help"}},"elementArrayFinder_":{"locator_":{"$ref":"$[\"parentElementArrayFinder\"][\"locator_\"]"}},"level":"info","message":"help button is","timestamp":"2014-10-09T11:57:07.873Z"}
{"level":"info","message":"Saved screenshot","timestamp":"2014-10-09T11:57:08.153Z"}
{"level":"info","message":"Clicking the help button","timestamp":"2014-10-09T11:57:08.208Z"}
{"parentElementArrayFinder":{"locator_":{"using":"css selector","value":".zoe-btn-help"}},"elementArrayFinder_":{"locator_":{"$ref":"$[\"parentElementArrayFinder\"][\"locator_\"]"}},"level":"info","message":"help button is","timestamp":"2014-10-09T11:57:08.210Z"}
{"level":"info","message":"Got help style of display: none;","timestamp":"2014-10-09T11:57:10.204Z"}
{"level":"info","message":"Saving screenshot to images/helpClose-inline-chrome-30.0.1599.65.png","timestamp":"2014-10-09T11:57:10.247Z"}
{"level":"info","message":"Got help style of display: none; ","timestamp":"2014-10-09T11:57:10.265Z"}
{"level":"info","message":"Saving screenshot to images/helpClose-popover-safari-6.0.5.png","timestamp":"2014-10-09T11:57:10.307Z"}
{"level":"info","message":"Saved screenshot","timestamp":"2014-10-09T11:57:11.880Z"}
{"level":"info","message":"Clicking the zoom button","timestamp":"2014-10-09T11:57:11.927Z"}
{"level":"info","message":"Saving screenshot to images/zoom-inline-chrome-30.0.1599.65.png","timestamp":"2014-10-09T11:57:11.930Z"}
{"level":"info","message":"Saved screenshot","timestamp":"2014-10-09T11:57:14.073Z"}
{"level":"info","message":"Clicking the zoom button","timestamp":"2014-10-09T11:57:14.115Z"}
{"level":"info","message":"Saving screenshot to images/zoom-popover-safari-6.0.5.png","timestamp":"2014-10-09T11:57:14.118Z"}
{"level":"info","message":"Saved screenshot","timestamp":"2014-10-09T11:57:17.163Z"}
{"level":"info","message":"Clicking the zoom button","timestamp":"2014-10-09T11:57:17.174Z"}
{"level":"info","message":"Saving screenshot to images/zoomClose-inline-chrome-30.0.1599.65.png","timestamp":"2014-10-09T11:57:17.177Z"}
{"level":"info","message":"Saved screenshot","timestamp":"2014-10-09T11:57:20.300Z"}
{"level":"info","message":"Opening URL: http://jenkins.zoetrope.io:8888/v3/testPopover.html","timestamp":"2014-10-09T11:57:20.313Z"}
{"level":"info","message":"Initialising file paths with browser & version","timestamp":"2014-10-09T11:57:20.313Z"}
{"level":"info","message":"Initialising file paths with browser & version","timestamp":"2014-10-09T11:57:20.313Z"}
{"level":"info","message":"Initialising file paths with browser & version","timestamp":"2014-10-09T11:57:20.313Z"}
{"level":"info","message":"Initialising file paths with browser & version","timestamp":"2014-10-09T11:57:20.313Z"}
{"level":"info","message":"Initialising file paths with browser & version","timestamp":"2014-10-09T11:57:20.313Z"}
{"level":"info","message":"Initialising file paths with browser & version","timestamp":"2014-10-09T11:57:20.313Z"}
{"level":"info","message":"Saved screenshot","timestamp":"2014-10-09T11:57:20.863Z"}
{"level":"info","message":"Clicking the zoom button","timestamp":"2014-10-09T11:57:20.888Z"}
{"level":"info","message":"Saving screenshot to images/zoomClose-popover-safari-6.0.5.png","timestamp":"2014-10-09T11:57:20.891Z"}
{"level":"info","message":"Saving screenshot to images/load-popover-chrome-30.0.1599.65.png","timestamp":"2014-10-09T11:57:21.321Z"}
{"level":"info","message":"Saved screenshot","timestamp":"2014-10-09T11:57:24.403Z"}
{"level":"info","message":"Clicking on widget trigger","timestamp":"2014-10-09T11:57:24.441Z"}
{"level":"info","message":"Saving screenshot to images/openWidget-popover-chrome-30.0.1599.65.png","timestamp":"2014-10-09T11:57:25.704Z"}
{"level":"info","message":"Saved screenshot","timestamp":"2014-10-09T11:57:27.409Z"}
{"level":"info","message":"Saved screenshot","timestamp":"2014-10-09T11:57:27.866Z"}
{"level":"info","message":"Clicking the help button","timestamp":"2014-10-09T11:57:27.911Z"}
{"parentElementArrayFinder":{"locator_":{"using":"css selector","value":".zoe-btn-help"}},"elementArrayFinder_":{"locator_":{"$ref":"$[\"parentElementArrayFinder\"][\"locator_\"]"}},"level":"info","message":"help button is","timestamp":"2014-10-09T11:57:27.913Z"}
{"level":"info","message":"Got help style of ","timestamp":"2014-10-09T11:57:29.788Z"}
{"level":"info","message":"Saving screenshot to images/help-popover-chrome-30.0.1599.65.png","timestamp":"2014-10-09T11:57:29.830Z"}
{"level":"info","message":"Saved screenshot","timestamp":"2014-10-09T11:57:31.798Z"}
{"level":"info","message":"Clicking the help button","timestamp":"2014-10-09T11:57:31.840Z"}
{"parentElementArrayFinder":{"locator_":{"using":"css selector","value":".zoe-btn-help"}},"elementArrayFinder_":{"locator_":{"$ref":"$[\"parentElementArrayFinder\"][\"locator_\"]"}},"level":"info","message":"help button is","timestamp":"2014-10-09T11:57:31.842Z"}
{"level":"info","message":"Got help style of display: none;","timestamp":"2014-10-09T11:57:34.165Z"}
{"level":"info","message":"Saving screenshot to images/helpClose-popover-chrome-30.0.1599.65.png","timestamp":"2014-10-09T11:57:34.208Z"}
{"level":"info","message":"Saved screenshot","timestamp":"2014-10-09T11:57:38.056Z"}
{"level":"info","message":"Clicking the zoom button","timestamp":"2014-10-09T11:57:38.102Z"}
{"level":"info","message":"Saving screenshot to images/zoom-popover-chrome-30.0.1599.65.png","timestamp":"2014-10-09T11:57:38.105Z"}
{"level":"info","message":"Saved screenshot","timestamp":"2014-10-09T11:57:42.806Z"}
{"level":"info","message":"Clicking the zoom button","timestamp":"2014-10-09T11:57:42.830Z"}
{"level":"info","message":"Saving screenshot to images/zoomClose-popover-chrome-30.0.1599.65.png","timestamp":"2014-10-09T11:57:42.834Z"}
{"takesScreenshot":true,"webdriver.remote.sessionid":"14d002f30032497d96d7510318a1a538","unexpectedAlertBehaviour":"dismiss","ie.browserCommandLineSwitches":"","browserAttachTimeout":0,"ie.ensureCleanSession":false,"ignoreProtectedModeSettings":false,"platform":"WINDOWS","version":"11","ignoreZoomSetting":false,"nativeEvents":true,"handlesAlerts":true,"javascriptEnabled":true,"requireWindowFocus":false,"ie.usePerProcessProxy":false,"hasMetadata":true,"initialBrowserUrl":"http://localhost:25489/","enableElementCacheCleanup":true,"cssSelectorsEnabled":true,"browserName":"internet explorer","elementScrollBehavior":0,"enablePersistentHover":true,"ie.forceCreateProcessApi":false,"level":"info","message":"","timestamp":"2014-10-09T11:57:46.791Z"}
{"level":"info","message":"undefined","timestamp":"2014-10-09T11:57:46.792Z"}
{"level":"info","message":"BROWSER IS: internet explorer","timestamp":"2014-10-09T11:57:46.792Z"}
{"level":"info","message":"Initialising file paths with browser & version","timestamp":"2014-10-09T11:57:46.792Z"}
{"level":"info","message":"Initialising file paths with browser & version","timestamp":"2014-10-09T11:57:46.792Z"}
{"level":"info","message":"Initialising file paths with browser & version","timestamp":"2014-10-09T11:57:46.792Z"}
{"level":"info","message":"Initialising file paths with browser & version","timestamp":"2014-10-09T11:57:46.792Z"}
{"level":"info","message":"Initialising file paths with browser & version","timestamp":"2014-10-09T11:57:46.792Z"}
{"level":"info","message":"Initialising file paths with browser & version","timestamp":"2014-10-09T11:57:46.792Z"}
{"level":"info","message":"Initialising file paths with browser & version","timestamp":"2014-10-09T11:57:46.792Z"}
{"level":"info","message":"Initialising file paths with browser & version","timestamp":"2014-10-09T11:57:46.792Z"}
{"level":"info","message":"Initialising file paths with browser & version","timestamp":"2014-10-09T11:57:46.792Z"}
{"level":"info","message":"Initialising file paths with browser & version","timestamp":"2014-10-09T11:57:46.792Z"}
{"level":"info","message":"Initialising file paths with browser & version","timestamp":"2014-10-09T11:57:46.793Z"}
{"level":"info","message":"Initialising file paths with browser & version","timestamp":"2014-10-09T11:57:46.793Z"}
{"level":"info","message":"Initialising file paths with browser & version","timestamp":"2014-10-09T11:57:46.793Z"}
{"level":"info","message":"Initialising file paths with browser & version","timestamp":"2014-10-09T11:57:46.793Z"}
{"level":"info","message":"Initialising file paths with browser & version","timestamp":"2014-10-09T11:57:46.793Z"}
{"level":"info","message":"Initialising file paths with browser & version","timestamp":"2014-10-09T11:57:46.793Z"}
{"level":"info","message":"Initialising file paths with browser & version","timestamp":"2014-10-09T11:57:46.793Z"}
{"level":"info","message":"Initialising file paths with browser & version","timestamp":"2014-10-09T11:57:46.793Z"}
{"level":"info","message":"Initialising file paths with browser & version","timestamp":"2014-10-09T11:57:46.793Z"}
{"level":"info","message":"Initialising file paths with browser & version","timestamp":"2014-10-09T11:57:46.793Z"}
{"level":"info","message":"Initialising file paths with browser & version","timestamp":"2014-10-09T11:57:46.793Z"}
{"level":"info","message":"Saved screenshot","timestamp":"2014-10-09T11:57:47.993Z"}
{"level":"info","message":"Opening URL: http://jenkins.zoetrope.io:8888/v3/testInline.html","timestamp":"2014-10-09T11:57:48.216Z"}
{"level":"info","message":"Initialising file paths with browser & version","timestamp":"2014-10-09T11:57:48.216Z"}
{"level":"info","message":"Initialising file paths with browser & version","timestamp":"2014-10-09T11:57:48.217Z"}
{"level":"info","message":"Initialising file paths with browser & version","timestamp":"2014-10-09T11:57:48.217Z"}
{"level":"info","message":"Initialising file paths with browser & version","timestamp":"2014-10-09T11:57:48.217Z"}
{"level":"info","message":"Initialising file paths with browser & version","timestamp":"2014-10-09T11:57:48.217Z"}
{"level":"info","message":"Initialising file paths with browser & version","timestamp":"2014-10-09T11:57:48.217Z"}
{"level":"info","message":"Saving screenshot to images/load-inline-internet explorer-11.png","timestamp":"2014-10-09T11:58:00.399Z"}
{"level":"info","message":"Saved screenshot","timestamp":"2014-10-09T11:58:04.890Z"}
{"level":"info","message":"Clicking the help button","timestamp":"2014-10-09T11:58:04.924Z"}
{"parentElementArrayFinder":{"locator_":{"using":"css selector","value":".zoe-btn-help"}},"elementArrayFinder_":{"locator_":{"$ref":"$[\"parentElementArrayFinder\"][\"locator_\"]"}},"level":"info","message":"help button is","timestamp":"2014-10-09T11:58:04.927Z"}
{"level":"info","message":"Got help style of ","timestamp":"2014-10-09T11:58:07.275Z"}
{"level":"info","message":"Saving screenshot to images/help-inline-internet explorer-11.png","timestamp":"2014-10-09T11:58:07.319Z"}
{"level":"info","message":"Saved screenshot","timestamp":"2014-10-09T11:58:12.595Z"}
{"level":"info","message":"Clicking the help button","timestamp":"2014-10-09T11:58:12.643Z"}
{"parentElementArrayFinder":{"locator_":{"using":"css selector","value":".zoe-btn-help"}},"elementArrayFinder_":{"locator_":{"$ref":"$[\"parentElementArrayFinder\"][\"locator_\"]"}},"level":"info","message":"help button is","timestamp":"2014-10-09T11:58:12.645Z"}
{"level":"info","message":"Got help style of display: none;","timestamp":"2014-10-09T11:58:14.858Z"}
{"level":"info","message":"Saving screenshot to images/helpClose-inline-internet explorer-11.png","timestamp":"2014-10-09T11:58:14.899Z"}
{"rotatable":true,"browserConnectionEnabled":true,"acceptSslCerts":true,"cssSelectorsEnabled":true,"javascriptEnabled":true,"locationContextEnabled":true,"takesScreenshot":true,"platform":"ANDROID","browserName":"android","webdriver.remote.sessionid":"e19be9593b64456cb30bd564bd026634","hasMetadata":true,"version":"18","applicationCacheEnabled":true,"webStorageEnabled":true,"handlesAlerts":true,"level":"info","message":"","timestamp":"2014-10-09T11:58:17.679Z"}
{"level":"info","message":"undefined","timestamp":"2014-10-09T11:58:17.680Z"}
{"level":"info","message":"BROWSER IS: android","timestamp":"2014-10-09T11:58:17.680Z"}
{"level":"info","message":"Initialising file paths with browser & version","timestamp":"2014-10-09T11:58:17.680Z"}
{"level":"info","message":"Initialising file paths with browser & version","timestamp":"2014-10-09T11:58:17.680Z"}
{"level":"info","message":"Initialising file paths with browser & version","timestamp":"2014-10-09T11:58:17.680Z"}
{"level":"info","message":"Initialising file paths with browser & version","timestamp":"2014-10-09T11:58:17.680Z"}
{"level":"info","message":"Initialising file paths with browser & version","timestamp":"2014-10-09T11:58:17.680Z"}
{"level":"info","message":"Initialising file paths with browser & version","timestamp":"2014-10-09T11:58:17.680Z"}
{"level":"info","message":"Initialising file paths with browser & version","timestamp":"2014-10-09T11:58:17.680Z"}
{"level":"info","message":"Initialising file paths with browser & version","timestamp":"2014-10-09T11:58:17.680Z"}
{"level":"info","message":"Initialising file paths with browser & version","timestamp":"2014-10-09T11:58:17.680Z"}
{"level":"info","message":"Initialising file paths with browser & version","timestamp":"2014-10-09T11:58:17.680Z"}
{"level":"info","message":"Initialising file paths with browser & version","timestamp":"2014-10-09T11:58:17.680Z"}
{"level":"info","message":"Initialising file paths with browser & version","timestamp":"2014-10-09T11:58:17.680Z"}
{"level":"info","message":"Initialising file paths with browser & version","timestamp":"2014-10-09T11:58:17.680Z"}
{"level":"info","message":"Initialising file paths with browser & version","timestamp":"2014-10-09T11:58:17.681Z"}
{"level":"info","message":"Initialising file paths with browser & version","timestamp":"2014-10-09T11:58:17.681Z"}
{"level":"info","message":"Initialising file paths with browser & version","timestamp":"2014-10-09T11:58:17.681Z"}
{"level":"info","message":"Initialising file paths with browser & version","timestamp":"2014-10-09T11:58:17.681Z"}
{"level":"info","message":"Initialising file paths with browser & version","timestamp":"2014-10-09T11:58:17.681Z"}
{"level":"info","message":"Initialising file paths with browser & version","timestamp":"2014-10-09T11:58:17.681Z"}
{"level":"info","message":"Initialising file paths with browser & version","timestamp":"2014-10-09T11:58:17.681Z"}
{"level":"info","message":"Initialising file paths with browser & version","timestamp":"2014-10-09T11:58:17.681Z"}
{"level":"info","message":"Opening URL: http://jenkins.zoetrope.io:8888/v3/testInline.html","timestamp":"2014-10-09T11:58:19.107Z"}
{"level":"info","message":"Initialising file paths with browser & version","timestamp":"2014-10-09T11:58:19.108Z"}
{"level":"info","message":"Initialising file paths with browser & version","timestamp":"2014-10-09T11:58:19.108Z"}
{"level":"info","message":"Initialising file paths with browser & version","timestamp":"2014-10-09T11:58:19.108Z"}
{"level":"info","message":"Initialising file paths with browser & version","timestamp":"2014-10-09T11:58:19.108Z"}
{"level":"info","message":"Initialising file paths with browser & version","timestamp":"2014-10-09T11:58:19.108Z"}
{"level":"info","message":"Initialising file paths with browser & version","timestamp":"2014-10-09T11:58:19.108Z"}
{"level":"info","message":"Saved screenshot","timestamp":"2014-10-09T11:58:19.213Z"}
{"level":"info","message":"Clicking the zoom button","timestamp":"2014-10-09T11:58:19.274Z"}
{"level":"info","message":"Saving screenshot to images/zoom-inline-internet explorer-11.png","timestamp":"2014-10-09T11:58:19.278Z"}
{"level":"info","message":"Saving screenshot to images/load-inline-android-18.png","timestamp":"2014-10-09T11:58:25.556Z"}
{"level":"info","message":"Saved screenshot","timestamp":"2014-10-09T11:58:26.967Z"}
{"level":"info","message":"Clicking the zoom button","timestamp":"2014-10-09T11:58:26.978Z"}
{"level":"info","message":"Saving screenshot to images/zoomClose-inline-internet explorer-11.png","timestamp":"2014-10-09T11:58:26.981Z"}
{"level":"info","message":"Saved screenshot","timestamp":"2014-10-09T11:58:27.710Z"}
{"level":"info","message":"Clicking the help button","timestamp":"2014-10-09T11:58:27.746Z"}
{"parentElementArrayFinder":{"locator_":{"using":"css selector","value":".zoe-btn-help"}},"elementArrayFinder_":{"locator_":{"$ref":"$[\"parentElementArrayFinder\"][\"locator_\"]"}},"level":"info","message":"help button is","timestamp":"2014-10-09T11:58:27.749Z"}
{"level":"info","message":"Got help style of ","timestamp":"2014-10-09T11:58:31.358Z"}
{"level":"info","message":"Saving screenshot to images/help-inline-android-18.png","timestamp":"2014-10-09T11:58:31.400Z"}
{"level":"info","message":"Saved screenshot","timestamp":"2014-10-09T11:58:32.801Z"}
{"level":"info","message":"Opening URL: http://jenkins.zoetrope.io:8888/v3/testPopover.html","timestamp":"2014-10-09T11:58:32.815Z"}
{"level":"info","message":"Initialising file paths with browser & version","timestamp":"2014-10-09T11:58:32.815Z"}
{"level":"info","message":"Initialising file paths with browser & version","timestamp":"2014-10-09T11:58:32.815Z"}
{"level":"info","message":"Initialising file paths with browser & version","timestamp":"2014-10-09T11:58:32.815Z"}
{"level":"info","message":"Initialising file paths with browser & version","timestamp":"2014-10-09T11:58:32.815Z"}
{"level":"info","message":"Initialising file paths with browser & version","timestamp":"2014-10-09T11:58:32.815Z"}
{"level":"info","message":"Initialising file paths with browser & version","timestamp":"2014-10-09T11:58:32.815Z"}
{"level":"info","message":"Saved screenshot","timestamp":"2014-10-09T11:58:33.113Z"}
{"level":"info","message":"Clicking the help button","timestamp":"2014-10-09T11:58:33.174Z"}
{"parentElementArrayFinder":{"locator_":{"using":"css selector","value":".zoe-btn-help"}},"elementArrayFinder_":{"locator_":{"$ref":"$[\"parentElementArrayFinder\"][\"locator_\"]"}},"level":"info","message":"help button is","timestamp":"2014-10-09T11:58:33.177Z"}
{"level":"info","message":"Saving screenshot to images/load-popover-internet explorer-11.png","timestamp":"2014-10-09T11:58:34.241Z"}
{"level":"info","message":"Saved screenshot","timestamp":"2014-10-09T11:58:36.763Z"}
{"level":"info","message":"Clicking on widget trigger","timestamp":"2014-10-09T11:58:36.794Z"}
{"level":"info","message":"Got help style of display: none; ","timestamp":"2014-10-09T11:58:37.370Z"}
{"level":"info","message":"Saving screenshot to images/helpClose-inline-android-18.png","timestamp":"2014-10-09T11:58:37.412Z"}
{"level":"info","message":"Saving screenshot to images/openWidget-popover-internet explorer-11.png","timestamp":"2014-10-09T11:58:38.786Z"}
{"level":"info","message":"Saved screenshot","timestamp":"2014-10-09T11:58:39.019Z"}
{"level":"info","message":"Clicking the zoom button","timestamp":"2014-10-09T11:58:39.060Z"}
{"level":"info","message":"Saving screenshot to images/zoom-inline-android-18.png","timestamp":"2014-10-09T11:58:39.064Z"}
{"level":"info","message":"Saved screenshot","timestamp":"2014-10-09T11:58:41.107Z"}
{"level":"info","message":"Clicking the help button","timestamp":"2014-10-09T11:58:41.142Z"}
{"parentElementArrayFinder":{"locator_":{"using":"css selector","value":".zoe-btn-help"}},"elementArrayFinder_":{"locator_":{"$ref":"$[\"parentElementArrayFinder\"][\"locator_\"]"}},"level":"info","message":"help button is","timestamp":"2014-10-09T11:58:41.144Z"}
{"level":"info","message":"Got help style of ","timestamp":"2014-10-09T11:58:45.455Z"}
{"level":"info","message":"Saving screenshot to images/help-popover-internet explorer-11.png","timestamp":"2014-10-09T11:58:45.497Z"}
{"level":"info","message":"Saved screenshot","timestamp":"2014-10-09T11:58:46.748Z"}
{"level":"info","message":"Clicking the zoom button","timestamp":"2014-10-09T11:58:46.772Z"}
{"level":"info","message":"Saving screenshot to images/zoomClose-inline-android-18.png","timestamp":"2014-10-09T11:58:46.777Z"}
{"level":"info","message":"Saved screenshot","timestamp":"2014-10-09T11:58:48.128Z"}
{"level":"info","message":"Clicking the help button","timestamp":"2014-10-09T11:58:48.168Z"}
{"parentElementArrayFinder":{"locator_":{"using":"css selector","value":".zoe-btn-help"}},"elementArrayFinder_":{"locator_":{"$ref":"$[\"parentElementArrayFinder\"][\"locator_\"]"}},"level":"info","message":"help button is","timestamp":"2014-10-09T11:58:48.170Z"}
{"level":"info","message":"Got help style of display: none;","timestamp":"2014-10-09T11:58:51.445Z"}
{"level":"info","message":"Saving screenshot to images/helpClose-popover-internet explorer-11.png","timestamp":"2014-10-09T11:58:51.487Z"}
{"level":"info","message":"Saved screenshot","timestamp":"2014-10-09T11:58:52.132Z"}
{"level":"info","message":"Opening URL: http://jenkins.zoetrope.io:8888/v3/testPopover.html","timestamp":"2014-10-09T11:58:52.143Z"}
{"level":"info","message":"Initialising file paths with browser & version","timestamp":"2014-10-09T11:58:52.143Z"}
{"level":"info","message":"Initialising file paths with browser & version","timestamp":"2014-10-09T11:58:52.143Z"}
{"level":"info","message":"Initialising file paths with browser & version","timestamp":"2014-10-09T11:58:52.144Z"}
{"level":"info","message":"Initialising file paths with browser & version","timestamp":"2014-10-09T11:58:52.144Z"}
{"level":"info","message":"Initialising file paths with browser & version","timestamp":"2014-10-09T11:58:52.144Z"}
{"level":"info","message":"Initialising file paths with browser & version","timestamp":"2014-10-09T11:58:52.144Z"}
{"level":"info","message":"Saved screenshot","timestamp":"2014-10-09T11:58:53.764Z"}
{"level":"info","message":"Clicking the zoom button","timestamp":"2014-10-09T11:58:53.808Z"}
{"level":"info","message":"Saving screenshot to images/zoom-popover-internet explorer-11.png","timestamp":"2014-10-09T11:58:53.811Z"}
{"level":"info","message":"Saving screenshot to images/load-popover-android-18.png","timestamp":"2014-10-09T11:58:57.630Z"}
{"level":"info","message":"Saved screenshot","timestamp":"2014-10-09T11:58:59.485Z"}
{"level":"info","message":"Clicking the zoom button","timestamp":"2014-10-09T11:58:59.509Z"}
{"level":"info","message":"Saving screenshot to images/zoomClose-popover-internet explorer-11.png","timestamp":"2014-10-09T11:58:59.512Z"}
{"level":"info","message":"Saved screenshot","timestamp":"2014-10-09T11:59:00.140Z"}
{"level":"info","message":"Clicking on widget trigger","timestamp":"2014-10-09T11:59:00.187Z"}
{"level":"info","message":"Saving screenshot to images/openWidget-popover-android-18.png","timestamp":"2014-10-09T11:59:02.579Z"}
{"level":"info","message":"Saved screenshot","timestamp":"2014-10-09T11:59:03.994Z"}
{"level":"info","message":"Saved screenshot","timestamp":"2014-10-09T11:59:05.057Z"}
{"level":"info","message":"Clicking the help button","timestamp":"2014-10-09T11:59:05.089Z"}
{"parentElementArrayFinder":{"locator_":{"using":"css selector","value":".zoe-btn-help"}},"elementArrayFinder_":{"locator_":{"$ref":"$[\"parentElementArrayFinder\"][\"locator_\"]"}},"level":"info","message":"help button is","timestamp":"2014-10-09T11:59:05.092Z"}
{"level":"info","message":"Got help style of ","timestamp":"2014-10-09T11:59:08.445Z"}
{"level":"info","message":"Saving screenshot to images/help-popover-android-18.png","timestamp":"2014-10-09T11:59:08.489Z"}
{"level":"info","message":"Saved screenshot","timestamp":"2014-10-09T11:59:10.482Z"}
{"level":"info","message":"Clicking the help button","timestamp":"2014-10-09T11:59:10.529Z"}
{"parentElementArrayFinder":{"locator_":{"using":"css selector","value":".zoe-btn-help"}},"elementArrayFinder_":{"locator_":{"$ref":"$[\"parentElementArrayFinder\"][\"locator_\"]"}},"level":"info","message":"help button is","timestamp":"2014-10-09T11:59:10.532Z"}
{"level":"info","message":"Got help style of display: none; ","timestamp":"2014-10-09T11:59:14.066Z"}
{"level":"info","message":"Saving screenshot to images/helpClose-popover-android-18.png","timestamp":"2014-10-09T11:59:14.109Z"}
{"level":"info","message":"Saved screenshot","timestamp":"2014-10-09T11:59:18.574Z"}
{"level":"info","message":"Clicking the zoom button","timestamp":"2014-10-09T11:59:18.635Z"}
{"level":"info","message":"Saving screenshot to images/zoom-popover-android-18.png","timestamp":"2014-10-09T11:59:18.638Z"}
{"level":"info","message":"Saved screenshot","timestamp":"2014-10-09T11:59:23.965Z"}
{"level":"info","message":"Clicking the zoom button","timestamp":"2014-10-09T11:59:23.975Z"}
{"level":"info","message":"Saving screenshot to images/zoomClose-popover-android-18.png","timestamp":"2014-10-09T11:59:23.979Z"}
{"level":"info","message":"Saved screenshot","timestamp":"2014-10-09T11:59:28.928Z"}
{"level":"info","message":"Initialising jasmine tests","timestamp":"2014-10-09T12:00:43.842Z"}
{"inline":{},"popover":{},"indiscriminate":{},"progressWrapper":{"parentElementArrayFinder":{"locator_":{"using":"css selector","value":".zoe-progress-wrapper"}},"elementArrayFinder_":{"locator_":{"$ref":"$[\"progressWrapper\"][\"parentElementArrayFinder\"][\"locator_\"]"}}},"widgetOverlay":{"parentElementArrayFinder":{"locator_":{"using":"css selector","value":"#zoe-zbox-overlay"}},"elementArrayFinder_":{"locator_":{"$ref":"$[\"widgetOverlay\"][\"parentElementArrayFinder\"][\"locator_\"]"}}},"widgetTrigger":{"parentElementArrayFinder":{"locator_":{"using":"css selector","value":".zoe-engage-trigger>img"}},"elementArrayFinder_":{"locator_":{"$ref":"$[\"widgetTrigger\"][\"parentElementArrayFinder\"][\"locator_\"]"}}},"widgetColorbox":{"parentElementArrayFinder":{"locator_":{"using":"css selector","value":"#zoe-zbox-content"}},"elementArrayFinder_":{"locator_":{"$ref":"$[\"widgetColorbox\"][\"parentElementArrayFinder\"][\"locator_\"]"}}},"helpButton":{"parentElementArrayFinder":{"locator_":{"using":"css selector","value":".zoe-btn-help"}},"elementArrayFinder_":{"locator_":{"$ref":"$[\"helpButton\"][\"parentElementArrayFinder\"][\"locator_\"]"}}},"helpElement":{"parentElementArrayFinder":{"locator_":{"using":"css selector","value":".zoe-help-overlay"}},"elementArrayFinder_":{"locator_":{"$ref":"$[\"helpElement\"][\"parentElementArrayFinder\"][\"locator_\"]"}}},"zoomButton":{"parentElementArrayFinder":{"locator_":{"using":"css selector","value":".zoe-btn-zoom"}},"elementArrayFinder_":{"locator_":{"$ref":"$[\"zoomButton\"][\"parentElementArrayFinder\"][\"locator_\"]"}}},"zoomElement":{"parentElementArrayFinder":{"locator_":{"using":"css selector","value":".zoe-zoom"}},"elementArrayFinder_":{"locator_":{"$ref":"$[\"zoomElement\"][\"parentElementArrayFinder\"][\"locator_\"]"}}},"zoomImage":{"parentElementArrayFinder":{"locator_":{"using":"css selector","value":".zoe-zoom-frame"}},"elementArrayFinder_":{"locator_":{"$ref":"$[\"zoomImage\"][\"parentElementArrayFinder\"][\"locator_\"]"}}},"closeButton":{"parentElementArrayFinder":{"locator_":{"using":"css selector","value":".zoe-btn-close"}},"elementArrayFinder_":{"locator_":{"$ref":"$[\"closeButton\"][\"parentElementArrayFinder\"][\"locator_\"]"}}},"widgetImageDiv":{"parentElementArrayFinder":{"locator_":{"using":"css selector","value":".zoe-engage-image.reel"}},"elementArrayFinder_":{"locator_":{"$ref":"$[\"widgetImageDiv\"][\"parentElementArrayFinder\"][\"locator_\"]"}}},"inlineDivSelector":{"parentElementArrayFinder":{"locator_":{"using":"css selector","value":".zoe-inline.reel"}},"elementArrayFinder_":{"locator_":{"$ref":"$[\"inlineDivSelector\"][\"parentElementArrayFinder\"][\"locator_\"]"}}},"widgetWrapperSelector":{"parentElementArrayFinder":{"locator_":{"using":"css selector","value":".zoe-engage-wrapper"}},"elementArrayFinder_":{"locator_":{"$ref":"$[\"widgetWrapperSelector\"][\"parentElementArrayFinder\"][\"locator_\"]"}}},"widgetWrapperImage":{"parentElementArrayFinder":{"locator_":{"using":"css selector","value":".zoe-frame"}},"elementArrayFinder_":{"locator_":{"$ref":"$[\"widgetWrapperImage\"][\"parentElementArrayFinder\"][\"locator_\"]"}}},"pageImageSelector":{"parentElementArrayFinder":{"locator_":{"using":"css selector","value":".zoe-engage-wrapper"}},"elementArrayFinder_":{"locator_":{"$ref":"$[\"pageImageSelector\"][\"parentElementArrayFinder\"][\"locator_\"]"}}},"inlineTrigger":{"parentElementArrayFinder":{"locator_":{"using":"css selector","value":"a.zoe-engage-trigger"}},"elementArrayFinder_":{"locator_":{"$ref":"$[\"inlineTrigger\"][\"parentElementArrayFinder\"][\"locator_\"]"}}},"inlineWrapper":{"parentElementArrayFinder":{"locator_":{"using":"css selector","value":".zoe-engage-wrapper.zoe-inline"}},"elementArrayFinder_":{"locator_":{"$ref":"$[\"inlineWrapper\"][\"parentElementArrayFinder\"][\"locator_\"]"}}},"frameSelector":{"parentElementArrayFinder":{"locator_":{"using":"css selector","value":".zoe-frame"}},"elementArrayFinder_":{"locator_":{"$ref":"$[\"frameSelector\"][\"parentElementArrayFinder\"][\"locator_\"]"}}},"interactCTA":{"parentElementArrayFinder":{"locator_":{"using":"css selector","value":".zoe-interact-cta"}},"elementArrayFinder_":{"locator_":{"$ref":"$[\"interactCTA\"][\"parentElementArrayFinder\"][\"locator_\"]"}}},"triggerCTA":{"parentElementArrayFinder":{"locator_":{"using":"css selector","value":".zoe-trigger-cta"}},"elementArrayFinder_":{"locator_":{"$ref":"$[\"triggerCTA\"][\"parentElementArrayFinder\"][\"locator_\"]"}}},"helpRotate":{"parentElementArrayFinder":{"locator_":{"using":"css selector","value":".zoe-help-rotate .zoe-help-text"}},"elementArrayFinder_":{"locator_":{"$ref":"$[\"helpRotate\"][\"parentElementArrayFinder\"][\"locator_\"]"}}},"helpElevate":{"parentElementArrayFinder":{"locator_":{"using":"css selector","value":".zoe-help-elevate .zoe-help-text"}},"elementArrayFinder_":{"locator_":{"$ref":"$[\"helpElevate\"][\"parentElementArrayFinder\"][\"locator_\"]"}}},"helpZoom":{"parentElementArrayFinder":{"locator_":{"using":"css selector","value":".zoe-help-zoom .zoe-help-text"}},"elementArrayFinder_":{"locator_":{"$ref":"$[\"helpZoom\"][\"parentElementArrayFinder\"][\"locator_\"]"}}},"helpBrand":{"parentElementArrayFinder":{"locator_":{"using":"css selector","value":".zoe-help-brand .zoe-help-text"}},"elementArrayFinder_":{"locator_":{"$ref":"$[\"helpBrand\"][\"parentElementArrayFinder\"][\"locator_\"]"}}},"extraContent":{"parentElementArrayFinder":{"locator_":{"using":"css selector","value":".zoe-display-extra-content"}},"elementArrayFinder_":{"locator_":{"$ref":"$[\"extraContent\"][\"parentElementArrayFinder\"][\"locator_\"]"}}},"level":"debug","message":"elementFinder is ","timestamp":"2014-10-09T12:00:43.847Z"}
{"level":"info","message":"Initialising jasmine tests","timestamp":"2014-10-09T12:00:43.884Z"}
{"inline":{},"popover":{},"indiscriminate":{},"progressWrapper":{"parentElementArrayFinder":{"locator_":{"using":"css selector","value":".zoe-progress-wrapper"}},"elementArrayFinder_":{"locator_":{"$ref":"$[\"progressWrapper\"][\"parentElementArrayFinder\"][\"locator_\"]"}}},"widgetOverlay":{"parentElementArrayFinder":{"locator_":{"using":"css selector","value":"#zoe-zbox-overlay"}},"elementArrayFinder_":{"locator_":{"$ref":"$[\"widgetOverlay\"][\"parentElementArrayFinder\"][\"locator_\"]"}}},"widgetTrigger":{"parentElementArrayFinder":{"locator_":{"using":"css selector","value":".zoe-engage-trigger>img"}},"elementArrayFinder_":{"locator_":{"$ref":"$[\"widgetTrigger\"][\"parentElementArrayFinder\"][\"locator_\"]"}}},"widgetColorbox":{"parentElementArrayFinder":{"locator_":{"using":"css selector","value":"#zoe-zbox-content"}},"elementArrayFinder_":{"locator_":{"$ref":"$[\"widgetColorbox\"][\"parentElementArrayFinder\"][\"locator_\"]"}}},"helpButton":{"parentElementArrayFinder":{"locator_":{"using":"css selector","value":".zoe-btn-help"}},"elementArrayFinder_":{"locator_":{"$ref":"$[\"helpButton\"][\"parentElementArrayFinder\"][\"locator_\"]"}}},"helpElement":{"parentElementArrayFinder":{"locator_":{"using":"css selector","value":".zoe-help-overlay"}},"elementArrayFinder_":{"locator_":{"$ref":"$[\"helpElement\"][\"parentElementArrayFinder\"][\"locator_\"]"}}},"zoomButton":{"parentElementArrayFinder":{"locator_":{"using":"css selector","value":".zoe-btn-zoom"}},"elementArrayFinder_":{"locator_":{"$ref":"$[\"zoomButton\"][\"parentElementArrayFinder\"][\"locator_\"]"}}},"zoomElement":{"parentElementArrayFinder":{"locator_":{"using":"css selector","value":".zoe-zoom"}},"elementArrayFinder_":{"locator_":{"$ref":"$[\"zoomElement\"][\"parentElementArrayFinder\"][\"locator_\"]"}}},"zoomImage":{"parentElementArrayFinder":{"locator_":{"using":"css selector","value":".zoe-zoom-frame"}},"elementArrayFinder_":{"locator_":{"$ref":"$[\"zoomImage\"][\"parentElementArrayFinder\"][\"locator_\"]"}}},"closeButton":{"parentElementArrayFinder":{"locator_":{"using":"css selector","value":".zoe-btn-close"}},"elementArrayFinder_":{"locator_":{"$ref":"$[\"closeButton\"][\"parentElementArrayFinder\"][\"locator_\"]"}}},"widgetImageDiv":{"parentElementArrayFinder":{"locator_":{"using":"css selector","value":".zoe-engage-image.reel"}},"elementArrayFinder_":{"locator_":{"$ref":"$[\"widgetImageDiv\"][\"parentElementArrayFinder\"][\"locator_\"]"}}},"inlineDivSelector":{"parentElementArrayFinder":{"locator_":{"using":"css selector","value":".zoe-inline.reel"}},"elementArrayFinder_":{"locator_":{"$ref":"$[\"inlineDivSelector\"][\"parentElementArrayFinder\"][\"locator_\"]"}}},"widgetWrapperSelector":{"parentElementArrayFinder":{"locator_":{"using":"css selector","value":".zoe-engage-wrapper"}},"elementArrayFinder_":{"locator_":{"$ref":"$[\"widgetWrapperSelector\"][\"parentElementArrayFinder\"][\"locator_\"]"}}},"widgetWrapperImage":{"parentElementArrayFinder":{"locator_":{"using":"css selector","value":".zoe-frame"}},"elementArrayFinder_":{"locator_":{"$ref":"$[\"widgetWrapperImage\"][\"parentElementArrayFinder\"][\"locator_\"]"}}},"pageImageSelector":{"parentElementArrayFinder":{"locator_":{"using":"css selector","value":".zoe-engage-wrapper"}},"elementArrayFinder_":{"locator_":{"$ref":"$[\"pageImageSelector\"][\"parentElementArrayFinder\"][\"locator_\"]"}}},"inlineTrigger":{"parentElementArrayFinder":{"locator_":{"using":"css selector","value":"a.zoe-engage-trigger"}},"elementArrayFinder_":{"locator_":{"$ref":"$[\"inlineTrigger\"][\"parentElementArrayFinder\"][\"locator_\"]"}}},"inlineWrapper":{"parentElementArrayFinder":{"locator_":{"using":"css selector","value":".zoe-engage-wrapper.zoe-inline"}},"elementArrayFinder_":{"locator_":{"$ref":"$[\"inlineWrapper\"][\"parentElementArrayFinder\"][\"locator_\"]"}}},"frameSelector":{"parentElementArrayFinder":{"locator_":{"using":"css selector","value":".zoe-frame"}},"elementArrayFinder_":{"locator_":{"$ref":"$[\"frameSelector\"][\"parentElementArrayFinder\"][\"locator_\"]"}}},"interactCTA":{"parentElementArrayFinder":{"locator_":{"using":"css selector","value":".zoe-interact-cta"}},"elementArrayFinder_":{"locator_":{"$ref":"$[\"interactCTA\"][\"parentElementArrayFinder\"][\"locator_\"]"}}},"triggerCTA":{"parentElementArrayFinder":{"locator_":{"using":"css selector","value":".zoe-trigger-cta"}},"elementArrayFinder_":{"locator_":{"$ref":"$[\"triggerCTA\"][\"parentElementArrayFinder\"][\"locator_\"]"}}},"helpRotate":{"parentElementArrayFinder":{"locator_":{"using":"css selector","value":".zoe-help-rotate .zoe-help-text"}},"elementArrayFinder_":{"locator_":{"$ref":"$[\"helpRotate\"][\"parentElementArrayFinder\"][\"locator_\"]"}}},"helpElevate":{"parentElementArrayFinder":{"locator_":{"using":"css selector","value":".zoe-help-elevate .zoe-help-text"}},"elementArrayFinder_":{"locator_":{"$ref":"$[\"helpElevate\"][\"parentElementArrayFinder\"][\"locator_\"]"}}},"helpZoom":{"parentElementArrayFinder":{"locator_":{"using":"css selector","value":".zoe-help-zoom .zoe-help-text"}},"elementArrayFinder_":{"locator_":{"$ref":"$[\"helpZoom\"][\"parentElementArrayFinder\"][\"locator_\"]"}}},"helpBrand":{"parentElementArrayFinder":{"locator_":{"using":"css selector","value":".zoe-help-brand .zoe-help-text"}},"elementArrayFinder_":{"locator_":{"$ref":"$[\"helpBrand\"][\"parentElementArrayFinder\"][\"locator_\"]"}}},"extraContent":{"parentElementArrayFinder":{"locator_":{"using":"css selector","value":".zoe-display-extra-content"}},"elementArrayFinder_":{"locator_":{"$ref":"$[\"extraContent\"][\"parentElementArrayFinder\"][\"locator_\"]"}}},"level":"debug","message":"elementFinder is ","timestamp":"2014-10-09T12:00:43.889Z"}
{"level":"info","message":"Initialising jasmine tests","timestamp":"2014-10-09T12:00:43.868Z"}
{"inline":{},"popover":{},"indiscriminate":{},"progressWrapper":{"parentElementArrayFinder":{"locator_":{"using":"css selector","value":".zoe-progress-wrapper"}},"elementArrayFinder_":{"locator_":{"$ref":"$[\"progressWrapper\"][\"parentElementArrayFinder\"][\"locator_\"]"}}},"widgetOverlay":{"parentElementArrayFinder":{"locator_":{"using":"css selector","value":"#zoe-zbox-overlay"}},"elementArrayFinder_":{"locator_":{"$ref":"$[\"widgetOverlay\"][\"parentElementArrayFinder\"][\"locator_\"]"}}},"widgetTrigger":{"parentElementArrayFinder":{"locator_":{"using":"css selector","value":".zoe-engage-trigger>img"}},"elementArrayFinder_":{"locator_":{"$ref":"$[\"widgetTrigger\"][\"parentElementArrayFinder\"][\"locator_\"]"}}},"widgetColorbox":{"parentElementArrayFinder":{"locator_":{"using":"css selector","value":"#zoe-zbox-content"}},"elementArrayFinder_":{"locator_":{"$ref":"$[\"widgetColorbox\"][\"parentElementArrayFinder\"][\"locator_\"]"}}},"helpButton":{"parentElementArrayFinder":{"locator_":{"using":"css selector","value":".zoe-btn-help"}},"elementArrayFinder_":{"locator_":{"$ref":"$[\"helpButton\"][\"parentElementArrayFinder\"][\"locator_\"]"}}},"helpElement":{"parentElementArrayFinder":{"locator_":{"using":"css selector","value":".zoe-help-overlay"}},"elementArrayFinder_":{"locator_":{"$ref":"$[\"helpElement\"][\"parentElementArrayFinder\"][\"locator_\"]"}}},"zoomButton":{"parentElementArrayFinder":{"locator_":{"using":"css selector","value":".zoe-btn-zoom"}},"elementArrayFinder_":{"locator_":{"$ref":"$[\"zoomButton\"][\"parentElementArrayFinder\"][\"locator_\"]"}}},"zoomElement":{"parentElementArrayFinder":{"locator_":{"using":"css selector","value":".zoe-zoom"}},"elementArrayFinder_":{"locator_":{"$ref":"$[\"zoomElement\"][\"parentElementArrayFinder\"][\"locator_\"]"}}},"zoomImage":{"parentElementArrayFinder":{"locator_":{"using":"css selector","value":".zoe-zoom-frame"}},"elementArrayFinder_":{"locator_":{"$ref":"$[\"zoomImage\"][\"parentElementArrayFinder\"][\"locator_\"]"}}},"closeButton":{"parentElementArrayFinder":{"locator_":{"using":"css selector","value":".zoe-btn-close"}},"elementArrayFinder_":{"locator_":{"$ref":"$[\"closeButton\"][\"parentElementArrayFinder\"][\"locator_\"]"}}},"widgetImageDiv":{"parentElementArrayFinder":{"locator_":{"using":"css selector","value":".zoe-engage-image.reel"}},"elementArrayFinder_":{"locator_":{"$ref":"$[\"widgetImageDiv\"][\"parentElementArrayFinder\"][\"locator_\"]"}}},"inlineDivSelector":{"parentElementArrayFinder":{"locator_":{"using":"css selector","value":".zoe-inline.reel"}},"elementArrayFinder_":{"locator_":{"$ref":"$[\"inlineDivSelector\"][\"parentElementArrayFinder\"][\"locator_\"]"}}},"widgetWrapperSelector":{"parentElementArrayFinder":{"locator_":{"using":"css selector","value":".zoe-engage-wrapper"}},"elementArrayFinder_":{"locator_":{"$ref":"$[\"widgetWrapperSelector\"][\"parentElementArrayFinder\"][\"locator_\"]"}}},"widgetWrapperImage":{"parentElementArrayFinder":{"locator_":{"using":"css selector","value":".zoe-frame"}},"elementArrayFinder_":{"locator_":{"$ref":"$[\"widgetWrapperImage\"][\"parentElementArrayFinder\"][\"locator_\"]"}}},"pageImageSelector":{"parentElementArrayFinder":{"locator_":{"using":"css selector","value":".zoe-engage-wrapper"}},"elementArrayFinder_":{"locator_":{"$ref":"$[\"pageImageSelector\"][\"parentElementArrayFinder\"][\"locator_\"]"}}},"inlineTrigger":{"parentElementArrayFinder":{"locator_":{"using":"css selector","value":"a.zoe-engage-trigger"}},"elementArrayFinder_":{"locator_":{"$ref":"$[\"inlineTrigger\"][\"parentElementArrayFinder\"][\"locator_\"]"}}},"inlineWrapper":{"parentElementArrayFinder":{"locator_":{"using":"css selector","value":".zoe-engage-wrapper.zoe-inline"}},"elementArrayFinder_":{"locator_":{"$ref":"$[\"inlineWrapper\"][\"parentElementArrayFinder\"][\"locator_\"]"}}},"frameSelector":{"parentElementArrayFinder":{"locator_":{"using":"css selector","value":".zoe-frame"}},"elementArrayFinder_":{"locator_":{"$ref":"$[\"frameSelector\"][\"parentElementArrayFinder\"][\"locator_\"]"}}},"interactCTA":{"parentElementArrayFinder":{"locator_":{"using":"css selector","value":".zoe-interact-cta"}},"elementArrayFinder_":{"locator_":{"$ref":"$[\"interactCTA\"][\"parentElementArrayFinder\"][\"locator_\"]"}}},"triggerCTA":{"parentElementArrayFinder":{"locator_":{"using":"css selector","value":".zoe-trigger-cta"}},"elementArrayFinder_":{"locator_":{"$ref":"$[\"triggerCTA\"][\"parentElementArrayFinder\"][\"locator_\"]"}}},"helpRotate":{"parentElementArrayFinder":{"locator_":{"using":"css selector","value":".zoe-help-rotate .zoe-help-text"}},"elementArrayFinder_":{"locator_":{"$ref":"$[\"helpRotate\"][\"parentElementArrayFinder\"][\"locator_\"]"}}},"helpElevate":{"parentElementArrayFinder":{"locator_":{"using":"css selector","value":".zoe-help-elevate .zoe-help-text"}},"elementArrayFinder_":{"locator_":{"$ref":"$[\"helpElevate\"][\"parentElementArrayFinder\"][\"locator_\"]"}}},"helpZoom":{"parentElementArrayFinder":{"locator_":{"using":"css selector","value":".zoe-help-zoom .zoe-help-text"}},"elementArrayFinder_":{"locator_":{"$ref":"$[\"helpZoom\"][\"parentElementArrayFinder\"][\"locator_\"]"}}},"helpBrand":{"parentElementArrayFinder":{"locator_":{"using":"css selector","value":".zoe-help-brand .zoe-help-text"}},"elementArrayFinder_":{"locator_":{"$ref":"$[\"helpBrand\"][\"parentElementArrayFinder\"][\"locator_\"]"}}},"extraContent":{"parentElementArrayFinder":{"locator_":{"using":"css selector","value":".zoe-display-extra-content"}},"elementArrayFinder_":{"locator_":{"$ref":"$[\"extraContent\"][\"parentElementArrayFinder\"][\"locator_\"]"}}},"level":"debug","message":"elementFinder is ","timestamp":"2014-10-09T12:00:43.873Z"}
{"level":"info","message":"Initialising jasmine tests","timestamp":"2014-10-09T12:00:43.958Z"}
{"inline":{},"popover":{},"indiscriminate":{},"progressWrapper":{"parentElementArrayFinder":{"locator_":{"using":"css selector","value":".zoe-progress-wrapper"}},"elementArrayFinder_":{"locator_":{"$ref":"$[\"progressWrapper\"][\"parentElementArrayFinder\"][\"locator_\"]"}}},"widgetOverlay":{"parentElementArrayFinder":{"locator_":{"using":"css selector","value":"#zoe-zbox-overlay"}},"elementArrayFinder_":{"locator_":{"$ref":"$[\"widgetOverlay\"][\"parentElementArrayFinder\"][\"locator_\"]"}}},"widgetTrigger":{"parentElementArrayFinder":{"locator_":{"using":"css selector","value":".zoe-engage-trigger>img"}},"elementArrayFinder_":{"locator_":{"$ref":"$[\"widgetTrigger\"][\"parentElementArrayFinder\"][\"locator_\"]"}}},"widgetColorbox":{"parentElementArrayFinder":{"locator_":{"using":"css selector","value":"#zoe-zbox-content"}},"elementArrayFinder_":{"locator_":{"$ref":"$[\"widgetColorbox\"][\"parentElementArrayFinder\"][\"locator_\"]"}}},"helpButton":{"parentElementArrayFinder":{"locator_":{"using":"css selector","value":".zoe-btn-help"}},"elementArrayFinder_":{"locator_":{"$ref":"$[\"helpButton\"][\"parentElementArrayFinder\"][\"locator_\"]"}}},"helpElement":{"parentElementArrayFinder":{"locator_":{"using":"css selector","value":".zoe-help-overlay"}},"elementArrayFinder_":{"locator_":{"$ref":"$[\"helpElement\"][\"parentElementArrayFinder\"][\"locator_\"]"}}},"zoomButton":{"parentElementArrayFinder":{"locator_":{"using":"css selector","value":".zoe-btn-zoom"}},"elementArrayFinder_":{"locator_":{"$ref":"$[\"zoomButton\"][\"parentElementArrayFinder\"][\"locator_\"]"}}},"zoomElement":{"parentElementArrayFinder":{"locator_":{"using":"css selector","value":".zoe-zoom"}},"elementArrayFinder_":{"locator_":{"$ref":"$[\"zoomElement\"][\"parentElementArrayFinder\"][\"locator_\"]"}}},"zoomImage":{"parentElementArrayFinder":{"locator_":{"using":"css selector","value":".zoe-zoom-frame"}},"elementArrayFinder_":{"locator_":{"$ref":"$[\"zoomImage\"][\"parentElementArrayFinder\"][\"locator_\"]"}}},"closeButton":{"parentElementArrayFinder":{"locator_":{"using":"css selector","value":".zoe-btn-close"}},"elementArrayFinder_":{"locator_":{"$ref":"$[\"closeButton\"][\"parentElementArrayFinder\"][\"locator_\"]"}}},"widgetImageDiv":{"parentElementArrayFinder":{"locator_":{"using":"css selector","value":".zoe-engage-image.reel"}},"elementArrayFinder_":{"locator_":{"$ref":"$[\"widgetImageDiv\"][\"parentElementArrayFinder\"][\"locator_\"]"}}},"inlineDivSelector":{"parentElementArrayFinder":{"locator_":{"using":"css selector","value":".zoe-inline.reel"}},"elementArrayFinder_":{"locator_":{"$ref":"$[\"inlineDivSelector\"][\"parentElementArrayFinder\"][\"locator_\"]"}}},"widgetWrapperSelector":{"parentElementArrayFinder":{"locator_":{"using":"css selector","value":".zoe-engage-wrapper"}},"elementArrayFinder_":{"locator_":{"$ref":"$[\"widgetWrapperSelector\"][\"parentElementArrayFinder\"][\"locator_\"]"}}},"widgetWrapperImage":{"parentElementArrayFinder":{"locator_":{"using":"css selector","value":".zoe-frame"}},"elementArrayFinder_":{"locator_":{"$ref":"$[\"widgetWrapperImage\"][\"parentElementArrayFinder\"][\"locator_\"]"}}},"pageImageSelector":{"parentElementArrayFinder":{"locator_":{"using":"css selector","value":".zoe-engage-wrapper"}},"elementArrayFinder_":{"locator_":{"$ref":"$[\"pageImageSelector\"][\"parentElementArrayFinder\"][\"locator_\"]"}}},"inlineTrigger":{"parentElementArrayFinder":{"locator_":{"using":"css selector","value":"a.zoe-engage-trigger"}},"elementArrayFinder_":{"locator_":{"$ref":"$[\"inlineTrigger\"][\"parentElementArrayFinder\"][\"locator_\"]"}}},"inlineWrapper":{"parentElementArrayFinder":{"locator_":{"using":"css selector","value":".zoe-engage-wrapper.zoe-inline"}},"elementArrayFinder_":{"locator_":{"$ref":"$[\"inlineWrapper\"][\"parentElementArrayFinder\"][\"locator_\"]"}}},"frameSelector":{"parentElementArrayFinder":{"locator_":{"using":"css selector","value":".zoe-frame"}},"elementArrayFinder_":{"locator_":{"$ref":"$[\"frameSelector\"][\"parentElementArrayFinder\"][\"locator_\"]"}}},"interactCTA":{"parentElementArrayFinder":{"locator_":{"using":"css selector","value":".zoe-interact-cta"}},"elementArrayFinder_":{"locator_":{"$ref":"$[\"interactCTA\"][\"parentElementArrayFinder\"][\"locator_\"]"}}},"triggerCTA":{"parentElementArrayFinder":{"locator_":{"using":"css selector","value":".zoe-trigger-cta"}},"elementArrayFinder_":{"locator_":{"$ref":"$[\"triggerCTA\"][\"parentElementArrayFinder\"][\"locator_\"]"}}},"helpRotate":{"parentElementArrayFinder":{"locator_":{"using":"css selector","value":".zoe-help-rotate .zoe-help-text"}},"elementArrayFinder_":{"locator_":{"$ref":"$[\"helpRotate\"][\"parentElementArrayFinder\"][\"locator_\"]"}}},"helpElevate":{"parentElementArrayFinder":{"locator_":{"using":"css selector","value":".zoe-help-elevate .zoe-help-text"}},"elementArrayFinder_":{"locator_":{"$ref":"$[\"helpElevate\"][\"parentElementArrayFinder\"][\"locator_\"]"}}},"helpZoom":{"parentElementArrayFinder":{"locator_":{"using":"css selector","value":".zoe-help-zoom .zoe-help-text"}},"elementArrayFinder_":{"locator_":{"$ref":"$[\"helpZoom\"][\"parentElementArrayFinder\"][\"locator_\"]"}}},"helpBrand":{"parentElementArrayFinder":{"locator_":{"using":"css selector","value":".zoe-help-brand .zoe-help-text"}},"elementArrayFinder_":{"locator_":{"$ref":"$[\"helpBrand\"][\"parentElementArrayFinder\"][\"locator_\"]"}}},"extraContent":{"parentElementArrayFinder":{"locator_":{"using":"css selector","value":".zoe-display-extra-content"}},"elementArrayFinder_":{"locator_":{"$ref":"$[\"extraContent\"][\"parentElementArrayFinder\"][\"locator_\"]"}}},"level":"debug","message":"elementFinder is ","timestamp":"2014-10-09T12:00:43.961Z"}
{"level":"info","message":"Initialising jasmine tests","timestamp":"2014-10-09T12:00:43.968Z"}
{"inline":{},"popover":{},"indiscriminate":{},"progressWrapper":{"parentElementArrayFinder":{"locator_":{"using":"css selector","value":".zoe-progress-wrapper"}},"elementArrayFinder_":{"locator_":{"$ref":"$[\"progressWrapper\"][\"parentElementArrayFinder\"][\"locator_\"]"}}},"widgetOverlay":{"parentElementArrayFinder":{"locator_":{"using":"css selector","value":"#zoe-zbox-overlay"}},"elementArrayFinder_":{"locator_":{"$ref":"$[\"widgetOverlay\"][\"parentElementArrayFinder\"][\"locator_\"]"}}},"widgetTrigger":{"parentElementArrayFinder":{"locator_":{"using":"css selector","value":".zoe-engage-trigger>img"}},"elementArrayFinder_":{"locator_":{"$ref":"$[\"widgetTrigger\"][\"parentElementArrayFinder\"][\"locator_\"]"}}},"widgetColorbox":{"parentElementArrayFinder":{"locator_":{"using":"css selector","value":"#zoe-zbox-content"}},"elementArrayFinder_":{"locator_":{"$ref":"$[\"widgetColorbox\"][\"parentElementArrayFinder\"][\"locator_\"]"}}},"helpButton":{"parentElementArrayFinder":{"locator_":{"using":"css selector","value":".zoe-btn-help"}},"elementArrayFinder_":{"locator_":{"$ref":"$[\"helpButton\"][\"parentElementArrayFinder\"][\"locator_\"]"}}},"helpElement":{"parentElementArrayFinder":{"locator_":{"using":"css selector","value":".zoe-help-overlay"}},"elementArrayFinder_":{"locator_":{"$ref":"$[\"helpElement\"][\"parentElementArrayFinder\"][\"locator_\"]"}}},"zoomButton":{"parentElementArrayFinder":{"locator_":{"using":"css selector","value":".zoe-btn-zoom"}},"elementArrayFinder_":{"locator_":{"$ref":"$[\"zoomButton\"][\"parentElementArrayFinder\"][\"locator_\"]"}}},"zoomElement":{"parentElementArrayFinder":{"locator_":{"using":"css selector","value":".zoe-zoom"}},"elementArrayFinder_":{"locator_":{"$ref":"$[\"zoomElement\"][\"parentElementArrayFinder\"][\"locator_\"]"}}},"zoomImage":{"parentElementArrayFinder":{"locator_":{"using":"css selector","value":".zoe-zoom-frame"}},"elementArrayFinder_":{"locator_":{"$ref":"$[\"zoomImage\"][\"parentElementArrayFinder\"][\"locator_\"]"}}},"closeButton":{"parentElementArrayFinder":{"locator_":{"using":"css selector","value":".zoe-btn-close"}},"elementArrayFinder_":{"locator_":{"$ref":"$[\"closeButton\"][\"parentElementArrayFinder\"][\"locator_\"]"}}},"widgetImageDiv":{"parentElementArrayFinder":{"locator_":{"using":"css selector","value":".zoe-engage-image.reel"}},"elementArrayFinder_":{"locator_":{"$ref":"$[\"widgetImageDiv\"][\"parentElementArrayFinder\"][\"locator_\"]"}}},"inlineDivSelector":{"parentElementArrayFinder":{"locator_":{"using":"css selector","value":".zoe-inline.reel"}},"elementArrayFinder_":{"locator_":{"$ref":"$[\"inlineDivSelector\"][\"parentElementArrayFinder\"][\"locator_\"]"}}},"widgetWrapperSelector":{"parentElementArrayFinder":{"locator_":{"using":"css selector","value":".zoe-engage-wrapper"}},"elementArrayFinder_":{"locator_":{"$ref":"$[\"widgetWrapperSelector\"][\"parentElementArrayFinder\"][\"locator_\"]"}}},"widgetWrapperImage":{"parentElementArrayFinder":{"locator_":{"using":"css selector","value":".zoe-frame"}},"elementArrayFinder_":{"locator_":{"$ref":"$[\"widgetWrapperImage\"][\"parentElementArrayFinder\"][\"locator_\"]"}}},"pageImageSelector":{"parentElementArrayFinder":{"locator_":{"using":"css selector","value":".zoe-engage-wrapper"}},"elementArrayFinder_":{"locator_":{"$ref":"$[\"pageImageSelector\"][\"parentElementArrayFinder\"][\"locator_\"]"}}},"inlineTrigger":{"parentElementArrayFinder":{"locator_":{"using":"css selector","value":"a.zoe-engage-trigger"}},"elementArrayFinder_":{"locator_":{"$ref":"$[\"inlineTrigger\"][\"parentElementArrayFinder\"][\"locator_\"]"}}},"inlineWrapper":{"parentElementArrayFinder":{"locator_":{"using":"css selector","value":".zoe-engage-wrapper.zoe-inline"}},"elementArrayFinder_":{"locator_":{"$ref":"$[\"inlineWrapper\"][\"parentElementArrayFinder\"][\"locator_\"]"}}},"frameSelector":{"parentElementArrayFinder":{"locator_":{"using":"css selector","value":".zoe-frame"}},"elementArrayFinder_":{"locator_":{"$ref":"$[\"frameSelector\"][\"parentElementArrayFinder\"][\"locator_\"]"}}},"interactCTA":{"parentElementArrayFinder":{"locator_":{"using":"css selector","value":".zoe-interact-cta"}},"elementArrayFinder_":{"locator_":{"$ref":"$[\"interactCTA\"][\"parentElementArrayFinder\"][\"locator_\"]"}}},"triggerCTA":{"parentElementArrayFinder":{"locator_":{"using":"css selector","value":".zoe-trigger-cta"}},"elementArrayFinder_":{"locator_":{"$ref":"$[\"triggerCTA\"][\"parentElementArrayFinder\"][\"locator_\"]"}}},"helpRotate":{"parentElementArrayFinder":{"locator_":{"using":"css selector","value":".zoe-help-rotate .zoe-help-text"}},"elementArrayFinder_":{"locator_":{"$ref":"$[\"helpRotate\"][\"parentElementArrayFinder\"][\"locator_\"]"}}},"helpElevate":{"parentElementArrayFinder":{"locator_":{"using":"css selector","value":".zoe-help-elevate .zoe-help-text"}},"elementArrayFinder_":{"locator_":{"$ref":"$[\"helpElevate\"][\"parentElementArrayFinder\"][\"locator_\"]"}}},"helpZoom":{"parentElementArrayFinder":{"locator_":{"using":"css selector","value":".zoe-help-zoom .zoe-help-text"}},"elementArrayFinder_":{"locator_":{"$ref":"$[\"helpZoom\"][\"parentElementArrayFinder\"][\"locator_\"]"}}},"helpBrand":{"parentElementArrayFinder":{"locator_":{"using":"css selector","value":".zoe-help-brand .zoe-help-text"}},"elementArrayFinder_":{"locator_":{"$ref":"$[\"helpBrand\"][\"parentElementArrayFinder\"][\"locator_\"]"}}},"extraContent":{"parentElementArrayFinder":{"locator_":{"using":"css selector","value":".zoe-display-extra-content"}},"elementArrayFinder_":{"locator_":{"$ref":"$[\"extraContent\"][\"parentElementArrayFinder\"][\"locator_\"]"}}},"level":"debug","message":"elementFinder is ","timestamp":"2014-10-09T12:00:43.970Z"}
{"level":"info","message":"Initialising jasmine tests","timestamp":"2014-10-09T12:00:43.979Z"}
{"inline":{},"popover":{},"indiscriminate":{},"progressWrapper":{"parentElementArrayFinder":{"locator_":{"using":"css selector","value":".zoe-progress-wrapper"}},"elementArrayFinder_":{"locator_":{"$ref":"$[\"progressWrapper\"][\"parentElementArrayFinder\"][\"locator_\"]"}}},"widgetOverlay":{"parentElementArrayFinder":{"locator_":{"using":"css selector","value":"#zoe-zbox-overlay"}},"elementArrayFinder_":{"locator_":{"$ref":"$[\"widgetOverlay\"][\"parentElementArrayFinder\"][\"locator_\"]"}}},"widgetTrigger":{"parentElementArrayFinder":{"locator_":{"using":"css selector","value":".zoe-engage-trigger>img"}},"elementArrayFinder_":{"locator_":{"$ref":"$[\"widgetTrigger\"][\"parentElementArrayFinder\"][\"locator_\"]"}}},"widgetColorbox":{"parentElementArrayFinder":{"locator_":{"using":"css selector","value":"#zoe-zbox-content"}},"elementArrayFinder_":{"locator_":{"$ref":"$[\"widgetColorbox\"][\"parentElementArrayFinder\"][\"locator_\"]"}}},"helpButton":{"parentElementArrayFinder":{"locator_":{"using":"css selector","value":".zoe-btn-help"}},"elementArrayFinder_":{"locator_":{"$ref":"$[\"helpButton\"][\"parentElementArrayFinder\"][\"locator_\"]"}}},"helpElement":{"parentElementArrayFinder":{"locator_":{"using":"css selector","value":".zoe-help-overlay"}},"elementArrayFinder_":{"locator_":{"$ref":"$[\"helpElement\"][\"parentElementArrayFinder\"][\"locator_\"]"}}},"zoomButton":{"parentElementArrayFinder":{"locator_":{"using":"css selector","value":".zoe-btn-zoom"}},"elementArrayFinder_":{"locator_":{"$ref":"$[\"zoomButton\"][\"parentElementArrayFinder\"][\"locator_\"]"}}},"zoomElement":{"parentElementArrayFinder":{"locator_":{"using":"css selector","value":".zoe-zoom"}},"elementArrayFinder_":{"locator_":{"$ref":"$[\"zoomElement\"][\"parentElementArrayFinder\"][\"locator_\"]"}}},"zoomImage":{"parentElementArrayFinder":{"locator_":{"using":"css selector","value":".zoe-zoom-frame"}},"elementArrayFinder_":{"locator_":{"$ref":"$[\"zoomImage\"][\"parentElementArrayFinder\"][\"locator_\"]"}}},"closeButton":{"parentElementArrayFinder":{"locator_":{"using":"css selector","value":".zoe-btn-close"}},"elementArrayFinder_":{"locator_":{"$ref":"$[\"closeButton\"][\"parentElementArrayFinder\"][\"locator_\"]"}}},"widgetImageDiv":{"parentElementArrayFinder":{"locator_":{"using":"css selector","value":".zoe-engage-image.reel"}},"elementArrayFinder_":{"locator_":{"$ref":"$[\"widgetImageDiv\"][\"parentElementArrayFinder\"][\"locator_\"]"}}},"inlineDivSelector":{"parentElementArrayFinder":{"locator_":{"using":"css selector","value":".zoe-inline.reel"}},"elementArrayFinder_":{"locator_":{"$ref":"$[\"inlineDivSelector\"][\"parentElementArrayFinder\"][\"locator_\"]"}}},"widgetWrapperSelector":{"parentElementArrayFinder":{"locator_":{"using":"css selector","value":".zoe-engage-wrapper"}},"elementArrayFinder_":{"locator_":{"$ref":"$[\"widgetWrapperSelector\"][\"parentElementArrayFinder\"][\"locator_\"]"}}},"widgetWrapperImage":{"parentElementArrayFinder":{"locator_":{"using":"css selector","value":".zoe-frame"}},"elementArrayFinder_":{"locator_":{"$ref":"$[\"widgetWrapperImage\"][\"parentElementArrayFinder\"][\"locator_\"]"}}},"pageImageSelector":{"parentElementArrayFinder":{"locator_":{"using":"css selector","value":".zoe-engage-wrapper"}},"elementArrayFinder_":{"locator_":{"$ref":"$[\"pageImageSelector\"][\"parentElementArrayFinder\"][\"locator_\"]"}}},"inlineTrigger":{"parentElementArrayFinder":{"locator_":{"using":"css selector","value":"a.zoe-engage-trigger"}},"elementArrayFinder_":{"locator_":{"$ref":"$[\"inlineTrigger\"][\"parentElementArrayFinder\"][\"locator_\"]"}}},"inlineWrapper":{"parentElementArrayFinder":{"locator_":{"using":"css selector","value":".zoe-engage-wrapper.zoe-inline"}},"elementArrayFinder_":{"locator_":{"$ref":"$[\"inlineWrapper\"][\"parentElementArrayFinder\"][\"locator_\"]"}}},"frameSelector":{"parentElementArrayFinder":{"locator_":{"using":"css selector","value":".zoe-frame"}},"elementArrayFinder_":{"locator_":{"$ref":"$[\"frameSelector\"][\"parentElementArrayFinder\"][\"locator_\"]"}}},"interactCTA":{"parentElementArrayFinder":{"locator_":{"using":"css selector","value":".zoe-interact-cta"}},"elementArrayFinder_":{"locator_":{"$ref":"$[\"interactCTA\"][\"parentElementArrayFinder\"][\"locator_\"]"}}},"triggerCTA":{"parentElementArrayFinder":{"locator_":{"using":"css selector","value":".zoe-trigger-cta"}},"elementArrayFinder_":{"locator_":{"$ref":"$[\"triggerCTA\"][\"parentElementArrayFinder\"][\"locator_\"]"}}},"helpRotate":{"parentElementArrayFinder":{"locator_":{"using":"css selector","value":".zoe-help-rotate .zoe-help-text"}},"elementArrayFinder_":{"locator_":{"$ref":"$[\"helpRotate\"][\"parentElementArrayFinder\"][\"locator_\"]"}}},"helpElevate":{"parentElementArrayFinder":{"locator_":{"using":"css selector","value":".zoe-help-elevate .zoe-help-text"}},"elementArrayFinder_":{"locator_":{"$ref":"$[\"helpElevate\"][\"parentElementArrayFinder\"][\"locator_\"]"}}},"helpZoom":{"parentElementArrayFinder":{"locator_":{"using":"css selector","value":".zoe-help-zoom .zoe-help-text"}},"elementArrayFinder_":{"locator_":{"$ref":"$[\"helpZoom\"][\"parentElementArrayFinder\"][\"locator_\"]"}}},"helpBrand":{"parentElementArrayFinder":{"locator_":{"using":"css selector","value":".zoe-help-brand .zoe-help-text"}},"elementArrayFinder_":{"locator_":{"$ref":"$[\"helpBrand\"][\"parentElementArrayFinder\"][\"locator_\"]"}}},"extraContent":{"parentElementArrayFinder":{"locator_":{"using":"css selector","value":".zoe-display-extra-content"}},"elementArrayFinder_":{"locator_":{"$ref":"$[\"extraContent\"][\"parentElementArrayFinder\"][\"locator_\"]"}}},"level":"debug","message":"elementFinder is ","timestamp":"2014-10-09T12:00:43.982Z"}
{"level":"info","message":"Initialising jasmine tests","timestamp":"2014-10-09T12:00:43.995Z"}
{"inline":{},"popover":{},"indiscriminate":{},"progressWrapper":{"parentElementArrayFinder":{"locator_":{"using":"css selector","value":".zoe-progress-wrapper"}},"elementArrayFinder_":{"locator_":{"$ref":"$[\"progressWrapper\"][\"parentElementArrayFinder\"][\"locator_\"]"}}},"widgetOverlay":{"parentElementArrayFinder":{"locator_":{"using":"css selector","value":"#zoe-zbox-overlay"}},"elementArrayFinder_":{"locator_":{"$ref":"$[\"widgetOverlay\"][\"parentElementArrayFinder\"][\"locator_\"]"}}},"widgetTrigger":{"parentElementArrayFinder":{"locator_":{"using":"css selector","value":".zoe-engage-trigger>img"}},"elementArrayFinder_":{"locator_":{"$ref":"$[\"widgetTrigger\"][\"parentElementArrayFinder\"][\"locator_\"]"}}},"widgetColorbox":{"parentElementArrayFinder":{"locator_":{"using":"css selector","value":"#zoe-zbox-content"}},"elementArrayFinder_":{"locator_":{"$ref":"$[\"widgetColorbox\"][\"parentElementArrayFinder\"][\"locator_\"]"}}},"helpButton":{"parentElementArrayFinder":{"locator_":{"using":"css selector","value":".zoe-btn-help"}},"elementArrayFinder_":{"locator_":{"$ref":"$[\"helpButton\"][\"parentElementArrayFinder\"][\"locator_\"]"}}},"helpElement":{"parentElementArrayFinder":{"locator_":{"using":"css selector","value":".zoe-help-overlay"}},"elementArrayFinder_":{"locator_":{"$ref":"$[\"helpElement\"][\"parentElementArrayFinder\"][\"locator_\"]"}}},"zoomButton":{"parentElementArrayFinder":{"locator_":{"using":"css selector","value":".zoe-btn-zoom"}},"elementArrayFinder_":{"locator_":{"$ref":"$[\"zoomButton\"][\"parentElementArrayFinder\"][\"locator_\"]"}}},"zoomElement":{"parentElementArrayFinder":{"locator_":{"using":"css selector","value":".zoe-zoom"}},"elementArrayFinder_":{"locator_":{"$ref":"$[\"zoomElement\"][\"parentElementArrayFinder\"][\"locator_\"]"}}},"zoomImage":{"parentElementArrayFinder":{"locator_":{"using":"css selector","value":".zoe-zoom-frame"}},"elementArrayFinder_":{"locator_":{"$ref":"$[\"zoomImage\"][\"parentElementArrayFinder\"][\"locator_\"]"}}},"closeButton":{"parentElementArrayFinder":{"locator_":{"using":"css selector","value":".zoe-btn-close"}},"elementArrayFinder_":{"locator_":{"$ref":"$[\"closeButton\"][\"parentElementArrayFinder\"][\"locator_\"]"}}},"widgetImageDiv":{"parentElementArrayFinder":{"locator_":{"using":"css selector","value":".zoe-engage-image.reel"}},"elementArrayFinder_":{"locator_":{"$ref":"$[\"widgetImageDiv\"][\"parentElementArrayFinder\"][\"locator_\"]"}}},"inlineDivSelector":{"parentElementArrayFinder":{"locator_":{"using":"css selector","value":".zoe-inline.reel"}},"elementArrayFinder_":{"locator_":{"$ref":"$[\"inlineDivSelector\"][\"parentElementArrayFinder\"][\"locator_\"]"}}},"widgetWrapperSelector":{"parentElementArrayFinder":{"locator_":{"using":"css selector","value":".zoe-engage-wrapper"}},"elementArrayFinder_":{"locator_":{"$ref":"$[\"widgetWrapperSelector\"][\"parentElementArrayFinder\"][\"locator_\"]"}}},"widgetWrapperImage":{"parentElementArrayFinder":{"locator_":{"using":"css selector","value":".zoe-frame"}},"elementArrayFinder_":{"locator_":{"$ref":"$[\"widgetWrapperImage\"][\"parentElementArrayFinder\"][\"locator_\"]"}}},"pageImageSelector":{"parentElementArrayFinder":{"locator_":{"using":"css selector","value":".zoe-engage-wrapper"}},"elementArrayFinder_":{"locator_":{"$ref":"$[\"pageImageSelector\"][\"parentElementArrayFinder\"][\"locator_\"]"}}},"inlineTrigger":{"parentElementArrayFinder":{"locator_":{"using":"css selector","value":"a.zoe-engage-trigger"}},"elementArrayFinder_":{"locator_":{"$ref":"$[\"inlineTrigger\"][\"parentElementArrayFinder\"][\"locator_\"]"}}},"inlineWrapper":{"parentElementArrayFinder":{"locator_":{"using":"css selector","value":".zoe-engage-wrapper.zoe-inline"}},"elementArrayFinder_":{"locator_":{"$ref":"$[\"inlineWrapper\"][\"parentElementArrayFinder\"][\"locator_\"]"}}},"frameSelector":{"parentElementArrayFinder":{"locator_":{"using":"css selector","value":".zoe-frame"}},"elementArrayFinder_":{"locator_":{"$ref":"$[\"frameSelector\"][\"parentElementArrayFinder\"][\"locator_\"]"}}},"interactCTA":{"parentElementArrayFinder":{"locator_":{"using":"css selector","value":".zoe-interact-cta"}},"elementArrayFinder_":{"locator_":{"$ref":"$[\"interactCTA\"][\"parentElementArrayFinder\"][\"locator_\"]"}}},"triggerCTA":{"parentElementArrayFinder":{"locator_":{"using":"css selector","value":".zoe-trigger-cta"}},"elementArrayFinder_":{"locator_":{"$ref":"$[\"triggerCTA\"][\"parentElementArrayFinder\"][\"locator_\"]"}}},"helpRotate":{"parentElementArrayFinder":{"locator_":{"using":"css selector","value":".zoe-help-rotate .zoe-help-text"}},"elementArrayFinder_":{"locator_":{"$ref":"$[\"helpRotate\"][\"parentElementArrayFinder\"][\"locator_\"]"}}},"helpElevate":{"parentElementArrayFinder":{"locator_":{"using":"css selector","value":".zoe-help-elevate .zoe-help-text"}},"elementArrayFinder_":{"locator_":{"$ref":"$[\"helpElevate\"][\"parentElementArrayFinder\"][\"locator_\"]"}}},"helpZoom":{"parentElementArrayFinder":{"locator_":{"using":"css selector","value":".zoe-help-zoom .zoe-help-text"}},"elementArrayFinder_":{"locator_":{"$ref":"$[\"helpZoom\"][\"parentElementArrayFinder\"][\"locator_\"]"}}},"helpBrand":{"parentElementArrayFinder":{"locator_":{"using":"css selector","value":".zoe-help-brand .zoe-help-text"}},"elementArrayFinder_":{"locator_":{"$ref":"$[\"helpBrand\"][\"parentElementArrayFinder\"][\"locator_\"]"}}},"extraContent":{"parentElementArrayFinder":{"locator_":{"using":"css selector","value":".zoe-display-extra-content"}},"elementArrayFinder_":{"locator_":{"$ref":"$[\"extraContent\"][\"parentElementArrayFinder\"][\"locator_\"]"}}},"level":"debug","message":"elementFinder is ","timestamp":"2014-10-09T12:00:43.997Z"}
{"rotatable":true,"browserConnectionEnabled":true,"acceptSslCerts":true,"cssSelectorsEnabled":true,"javascriptEnabled":true,"locationContextEnabled":true,"takesScreenshot":true,"platform":"ANDROID","browserName":"android","webdriver.remote.sessionid":"655ed74b728546a59faeec9bc13c3043","hasMetadata":true,"version":"18","applicationCacheEnabled":true,"webStorageEnabled":true,"handlesAlerts":true,"level":"info","message":"","timestamp":"2014-10-09T12:01:04.776Z"}
{"level":"info","message":"undefined","timestamp":"2014-10-09T12:01:04.777Z"}
{"level":"info","message":"BROWSER IS: android","timestamp":"2014-10-09T12:01:04.777Z"}
{"level":"info","message":"Initialising file paths with browser & version","timestamp":"2014-10-09T12:01:04.777Z"}
{"level":"info","message":"Initialising file paths with browser & version","timestamp":"2014-10-09T12:01:04.777Z"}
{"level":"info","message":"Initialising file paths with browser & version","timestamp":"2014-10-09T12:01:04.777Z"}
{"level":"info","message":"Initialising file paths with browser & version","timestamp":"2014-10-09T12:01:04.777Z"}
{"level":"info","message":"Initialising file paths with browser & version","timestamp":"2014-10-09T12:01:04.777Z"}
{"level":"info","message":"Initialising file paths with browser & version","timestamp":"2014-10-09T12:01:04.777Z"}
{"level":"info","message":"Initialising file paths with browser & version","timestamp":"2014-10-09T12:01:04.777Z"}
{"level":"info","message":"Initialising file paths with browser & version","timestamp":"2014-10-09T12:01:04.777Z"}
{"level":"info","message":"Initialising file paths with browser & version","timestamp":"2014-10-09T12:01:04.777Z"}
{"level":"info","message":"Initialising file paths with browser & version","timestamp":"2014-10-09T12:01:04.777Z"}
{"level":"info","message":"Initialising file paths with browser & version","timestamp":"2014-10-09T12:01:04.777Z"}
{"level":"info","message":"Initialising file paths with browser & version","timestamp":"2014-10-09T12:01:04.777Z"}
{"level":"info","message":"Initialising file paths with browser & version","timestamp":"2014-10-09T12:01:04.777Z"}
{"level":"info","message":"Initialising file paths with browser & version","timestamp":"2014-10-09T12:01:04.777Z"}
{"level":"info","message":"Initialising file paths with browser & version","timestamp":"2014-10-09T12:01:04.777Z"}
{"level":"info","message":"Initialising file paths with browser & version","timestamp":"2014-10-09T12:01:04.777Z"}
{"level":"info","message":"Initialising file paths with browser & version","timestamp":"2014-10-09T12:01:04.777Z"}
{"level":"info","message":"Initialising file paths with browser & version","timestamp":"2014-10-09T12:01:04.777Z"}
{"level":"info","message":"Initialising file paths with browser & version","timestamp":"2014-10-09T12:01:04.777Z"}
{"level":"info","message":"Initialising file paths with browser & version","timestamp":"2014-10-09T12:01:04.778Z"}
{"level":"info","message":"Initialising file paths with browser & version","timestamp":"2014-10-09T12:01:04.778Z"}
{"level":"info","message":"Opening URL: http://jenkins.zoetrope.io:8888/v3/testInline.html","timestamp":"2014-10-09T12:01:05.190Z"}
{"level":"info","message":"Initialising file paths with browser & version","timestamp":"2014-10-09T12:01:05.190Z"}
{"level":"info","message":"Initialising file paths with browser & version","timestamp":"2014-10-09T12:01:05.190Z"}
{"level":"info","message":"Initialising file paths with browser & version","timestamp":"2014-10-09T12:01:05.190Z"}
{"level":"info","message":"Initialising file paths with browser & version","timestamp":"2014-10-09T12:01:05.190Z"}
{"level":"info","message":"Initialising file paths with browser & version","timestamp":"2014-10-09T12:01:05.190Z"}
{"level":"info","message":"Initialising file paths with browser & version","timestamp":"2014-10-09T12:01:05.190Z"}
{"level":"info","message":"Comparing images for stageload","timestamp":"2014-10-09T12:01:12.135Z"}
{"level":"info","message":"Saving screenshot to /tmp/screenandroid18655ed74b728546a59faeec9bc13c3043.png.load","timestamp":"2014-10-09T12:01:12.135Z"}
{"level":"info","message":"Saved screenshot","timestamp":"2014-10-09T12:01:14.833Z"}
{"level":"info","message":"Comparing images from paths: /tmp/screenandroid18655ed74b728546a59faeec9bc13c3043.png.load and images/load-inline-android-18.png","timestamp":"2014-10-09T12:01:14.834Z"}
{"level":"info","message":"Image comparison gave: 0","timestamp":"2014-10-09T12:01:14.852Z"}
{"level":"info","message":"android18655ed74b728546a59faeec9bc13c3043 compared images for stage: loadwith eqaulity of: 0","timestamp":"2014-10-09T12:01:14.853Z"}
{"level":"info","message":"Clicking the help button","timestamp":"2014-10-09T12:01:14.869Z"}
{"parentElementArrayFinder":{"locator_":{"using":"css selector","value":".zoe-btn-help"}},"elementArrayFinder_":{"locator_":{"$ref":"$[\"parentElementArrayFinder\"][\"locator_\"]"}},"level":"info","message":"help button is","timestamp":"2014-10-09T12:01:14.872Z"}
{"level":"info","message":"Got help style of ","timestamp":"2014-10-09T12:01:18.942Z"}
{"level":"info","message":"Comparing images for stagehelp","timestamp":"2014-10-09T12:01:18.985Z"}
{"level":"info","message":"Saving screenshot to /tmp/screenandroid18655ed74b728546a59faeec9bc13c3043.png.help","timestamp":"2014-10-09T12:01:18.985Z"}
{"level":"info","message":"Saved screenshot","timestamp":"2014-10-09T12:01:20.664Z"}
{"level":"info","message":"Comparing images from paths: /tmp/screenandroid18655ed74b728546a59faeec9bc13c3043.png.help and images/help-inline-android-18.png","timestamp":"2014-10-09T12:01:20.664Z"}
{"level":"info","message":"Image comparison gave: 0","timestamp":"2014-10-09T12:01:20.681Z"}
{"level":"info","message":"android18655ed74b728546a59faeec9bc13c3043 compared images for stage: helpwith eqaulity of: 0","timestamp":"2014-10-09T12:01:20.681Z"}
{"level":"info","message":"Clicking the help button","timestamp":"2014-10-09T12:01:20.713Z"}
{"parentElementArrayFinder":{"locator_":{"using":"css selector","value":".zoe-btn-help"}},"elementArrayFinder_":{"locator_":{"$ref":"$[\"parentElementArrayFinder\"][\"locator_\"]"}},"level":"info","message":"help button is","timestamp":"2014-10-09T12:01:20.716Z"}
{"level":"info","message":"Comparing images for stagehelpClose","timestamp":"2014-10-09T12:01:20.718Z"}
{"level":"info","message":"Saving screenshot to /tmp/screenandroid18655ed74b728546a59faeec9bc13c3043.png.helpClose","timestamp":"2014-10-09T12:01:20.718Z"}
{"level":"info","message":"Got help style of display: none; ","timestamp":"2014-10-09T12:01:24.079Z"}
{"level":"info","message":"Saved screenshot","timestamp":"2014-10-09T12:01:25.735Z"}
{"level":"info","message":"Comparing images from paths: /tmp/screenandroid18655ed74b728546a59faeec9bc13c3043.png.helpClose and images/helpClose-inline-android-18.png","timestamp":"2014-10-09T12:01:25.735Z"}
{"level":"info","message":"Image comparison gave: 0","timestamp":"2014-10-09T12:01:25.752Z"}
{"level":"info","message":"android18655ed74b728546a59faeec9bc13c3043 compared images for stage: helpClosewith eqaulity of: 0","timestamp":"2014-10-09T12:01:25.752Z"}
{"level":"info","message":"Clicking the zoom button","timestamp":"2014-10-09T12:01:25.755Z"}
{"level":"info","message":"Comparing images for stagezoom","timestamp":"2014-10-09T12:01:25.758Z"}
{"level":"info","message":"Saving screenshot to /tmp/screenandroid18655ed74b728546a59faeec9bc13c3043.png.zoom","timestamp":"2014-10-09T12:01:25.758Z"}
{"level":"info","message":"Saved screenshot","timestamp":"2014-10-09T12:01:31.829Z"}
{"level":"info","message":"Comparing images from paths: /tmp/screenandroid18655ed74b728546a59faeec9bc13c3043.png.zoom and images/zoom-inline-android-18.png","timestamp":"2014-10-09T12:01:31.829Z"}
{"level":"info","message":"Image comparison gave: 0","timestamp":"2014-10-09T12:01:31.848Z"}
{"level":"info","message":"android18655ed74b728546a59faeec9bc13c3043 compared images for stage: zoomwith eqaulity of: 0","timestamp":"2014-10-09T12:01:31.848Z"}
{"level":"info","message":"Clicking the zoom button","timestamp":"2014-10-09T12:01:31.855Z"}
{"level":"info","message":"Comparing images for stagezoomClose","timestamp":"2014-10-09T12:01:31.858Z"}
{"level":"info","message":"Saving screenshot to /tmp/screenandroid18655ed74b728546a59faeec9bc13c3043.png.zoomClose","timestamp":"2014-10-09T12:01:31.859Z"}
{"level":"info","message":"Saved screenshot","timestamp":"2014-10-09T12:01:36.369Z"}
{"level":"info","message":"Comparing images from paths: /tmp/screenandroid18655ed74b728546a59faeec9bc13c3043.png.zoomClose and images/zoomClose-inline-android-18.png","timestamp":"2014-10-09T12:01:36.369Z"}
{"level":"info","message":"Opening URL: http://jenkins.zoetrope.io:8888/v3/testPopover.html","timestamp":"2014-10-09T12:01:36.387Z"}
{"level":"info","message":"Initialising file paths with browser & version","timestamp":"2014-10-09T12:01:36.387Z"}
{"level":"info","message":"Initialising file paths with browser & version","timestamp":"2014-10-09T12:01:36.387Z"}
{"level":"info","message":"Initialising file paths with browser & version","timestamp":"2014-10-09T12:01:36.387Z"}
{"level":"info","message":"Initialising file paths with browser & version","timestamp":"2014-10-09T12:01:36.387Z"}
{"level":"info","message":"Initialising file paths with browser & version","timestamp":"2014-10-09T12:01:36.387Z"}
{"level":"info","message":"Initialising file paths with browser & version","timestamp":"2014-10-09T12:01:36.387Z"}
{"level":"info","message":"Image comparison gave: 0","timestamp":"2014-10-09T12:01:36.391Z"}
{"level":"info","message":"android18655ed74b728546a59faeec9bc13c3043 compared images for stage: zoomClosewith eqaulity of: 0","timestamp":"2014-10-09T12:01:36.391Z"}
{"takesScreenshot":true,"version":"6.1","cssSelectorsEnabled":true,"javascriptEnabled":true,"databaseEnabled":true,"locationContextEnabled":true,"platform":"MAC","browserName":"iPhone","webdriver.remote.sessionid":"c76d658c3fe145a1b49a0e5f6f049889","hasMetadata":true,"webStorageEnabled":true,"level":"info","message":"","timestamp":"2014-10-09T12:01:38.410Z"}
{"level":"info","message":"undefined","timestamp":"2014-10-09T12:01:38.411Z"}
{"level":"info","message":"BROWSER IS: iPhone","timestamp":"2014-10-09T12:01:38.411Z"}
{"level":"info","message":"Initialising file paths with browser & version","timestamp":"2014-10-09T12:01:38.411Z"}
{"level":"info","message":"Initialising file paths with browser & version","timestamp":"2014-10-09T12:01:38.411Z"}
{"level":"info","message":"Initialising file paths with browser & version","timestamp":"2014-10-09T12:01:38.411Z"}
{"level":"info","message":"Initialising file paths with browser & version","timestamp":"2014-10-09T12:01:38.411Z"}
{"level":"info","message":"Initialising file paths with browser & version","timestamp":"2014-10-09T12:01:38.411Z"}
{"level":"info","message":"Initialising file paths with browser & version","timestamp":"2014-10-09T12:01:38.411Z"}
{"level":"info","message":"Initialising file paths with browser & version","timestamp":"2014-10-09T12:01:38.411Z"}
{"level":"info","message":"Initialising file paths with browser & version","timestamp":"2014-10-09T12:01:38.411Z"}
{"level":"info","message":"Initialising file paths with browser & version","timestamp":"2014-10-09T12:01:38.411Z"}
{"level":"info","message":"Initialising file paths with browser & version","timestamp":"2014-10-09T12:01:38.411Z"}
{"level":"info","message":"Initialising file paths with browser & version","timestamp":"2014-10-09T12:01:38.411Z"}
{"level":"info","message":"Initialising file paths with browser & version","timestamp":"2014-10-09T12:01:38.411Z"}
{"level":"info","message":"Initialising file paths with browser & version","timestamp":"2014-10-09T12:01:38.411Z"}
{"level":"info","message":"Initialising file paths with browser & version","timestamp":"2014-10-09T12:01:38.411Z"}
{"level":"info","message":"Initialising file paths with browser & version","timestamp":"2014-10-09T12:01:38.412Z"}
{"level":"info","message":"Initialising file paths with browser & version","timestamp":"2014-10-09T12:01:38.412Z"}
{"level":"info","message":"Initialising file paths with browser & version","timestamp":"2014-10-09T12:01:38.412Z"}
{"level":"info","message":"Initialising file paths with browser & version","timestamp":"2014-10-09T12:01:38.412Z"}
{"level":"info","message":"Initialising file paths with browser & version","timestamp":"2014-10-09T12:01:38.412Z"}
{"level":"info","message":"Initialising file paths with browser & version","timestamp":"2014-10-09T12:01:38.412Z"}
{"level":"info","message":"Initialising file paths with browser & version","timestamp":"2014-10-09T12:01:38.412Z"}
{"level":"info","message":"Opening URL: http://jenkins.zoetrope.io:8888/v3/testInline.html","timestamp":"2014-10-09T12:01:39.218Z"}
{"level":"info","message":"Initialising file paths with browser & version","timestamp":"2014-10-09T12:01:39.218Z"}
{"level":"info","message":"Initialising file paths with browser & version","timestamp":"2014-10-09T12:01:39.218Z"}
{"level":"info","message":"Initialising file paths with browser & version","timestamp":"2014-10-09T12:01:39.218Z"}
{"level":"info","message":"Initialising file paths with browser & version","timestamp":"2014-10-09T12:01:39.218Z"}
{"level":"info","message":"Initialising file paths with browser & version","timestamp":"2014-10-09T12:01:39.218Z"}
{"level":"info","message":"Initialising file paths with browser & version","timestamp":"2014-10-09T12:01:39.218Z"}
{"level":"info","message":"Comparing images for stageload","timestamp":"2014-10-09T12:01:42.345Z"}
{"level":"info","message":"Saving screenshot to /tmp/screenandroid18655ed74b728546a59faeec9bc13c3043.png.load","timestamp":"2014-10-09T12:01:42.346Z"}
{"level":"info","message":"Comparing images for stageload","timestamp":"2014-10-09T12:01:44.031Z"}
{"level":"info","message":"Saving screenshot to /tmp/screeniPhone6.1c76d658c3fe145a1b49a0e5f6f049889.png.load","timestamp":"2014-10-09T12:01:44.032Z"}
{"level":"info","message":"Saved screenshot","timestamp":"2014-10-09T12:01:46.363Z"}
{"level":"info","message":"Comparing images from paths: /tmp/screenandroid18655ed74b728546a59faeec9bc13c3043.png.load and images/load-popover-android-18.png","timestamp":"2014-10-09T12:01:46.363Z"}
{"level":"info","message":"Image comparison gave: 0","timestamp":"2014-10-09T12:01:46.383Z"}
{"level":"info","message":"android18655ed74b728546a59faeec9bc13c3043 compared images for stage: loadwith eqaulity of: 0","timestamp":"2014-10-09T12:01:46.383Z"}
{"level":"info","message":"Clicking on widget trigger","timestamp":"2014-10-09T12:01:46.411Z"}
{"level":"info","message":"Saved screenshot","timestamp":"2014-10-09T12:01:47.576Z"}
{"level":"info","message":"Comparing images from paths: /tmp/screeniPhone6.1c76d658c3fe145a1b49a0e5f6f049889.png.load and images/load-inline-iPhone-6.1.png","timestamp":"2014-10-09T12:01:47.577Z"}
{"level":"info","message":"Image comparison gave: 0","timestamp":"2014-10-09T12:01:47.600Z"}
{"level":"info","message":"iPhone6.1c76d658c3fe145a1b49a0e5f6f049889 compared images for stage: loadwith eqaulity of: 0","timestamp":"2014-10-09T12:01:47.600Z"}
{"level":"info","message":"Clicking the help button","timestamp":"2014-10-09T12:01:47.612Z"}
{"parentElementArrayFinder":{"locator_":{"using":"css selector","value":".zoe-btn-help"}},"elementArrayFinder_":{"locator_":{"$ref":"$[\"parentElementArrayFinder\"][\"locator_\"]"}},"level":"info","message":"help button is","timestamp":"2014-10-09T12:01:47.615Z"}
{"level":"info","message":"Comparing images for stageopenWidget","timestamp":"2014-10-09T12:01:48.765Z"}
{"level":"info","message":"Saving screenshot to /tmp/screenandroid18655ed74b728546a59faeec9bc13c3043.png.openWidget","timestamp":"2014-10-09T12:01:48.765Z"}
{"level":"info","message":"Got help style of ","timestamp":"2014-10-09T12:01:50.940Z"}
{"level":"info","message":"Comparing images for stagehelp","timestamp":"2014-10-09T12:01:50.984Z"}
{"level":"info","message":"Saving screenshot to /tmp/screeniPhone6.1c76d658c3fe145a1b49a0e5f6f049889.png.help","timestamp":"2014-10-09T12:01:50.984Z"}
{"level":"info","message":"Saved screenshot","timestamp":"2014-10-09T12:01:51.711Z"}
{"level":"info","message":"Comparing images from paths: /tmp/screenandroid18655ed74b728546a59faeec9bc13c3043.png.openWidget and images/openWidget-popover-android-18.png","timestamp":"2014-10-09T12:01:51.711Z"}
{"level":"info","message":"Clicking the help button","timestamp":"2014-10-09T12:01:51.747Z"}
{"parentElementArrayFinder":{"locator_":{"using":"css selector","value":".zoe-btn-help"}},"elementArrayFinder_":{"locator_":{"$ref":"$[\"parentElementArrayFinder\"][\"locator_\"]"}},"level":"info","message":"help button is","timestamp":"2014-10-09T12:01:51.750Z"}
{"level":"info","message":"Image comparison gave: 0.0022536858","timestamp":"2014-10-09T12:01:51.755Z"}
{"level":"info","message":"android18655ed74b728546a59faeec9bc13c3043 compared images for stage: openWidgetwith eqaulity of: 0.0022536858","timestamp":"2014-10-09T12:01:51.756Z"}
{"level":"info","message":"Saved screenshot","timestamp":"2014-10-09T12:01:52.920Z"}
{"level":"info","message":"Comparing images from paths: /tmp/screeniPhone6.1c76d658c3fe145a1b49a0e5f6f049889.png.help and images/help-inline-iPhone-6.1.png","timestamp":"2014-10-09T12:01:52.920Z"}
{"level":"info","message":"Image comparison gave: 0","timestamp":"2014-10-09T12:01:52.939Z"}
{"level":"info","message":"iPhone6.1c76d658c3fe145a1b49a0e5f6f049889 compared images for stage: helpwith eqaulity of: 0","timestamp":"2014-10-09T12:01:52.939Z"}
{"level":"info","message":"Clicking the help button","timestamp":"2014-10-09T12:01:52.962Z"}
{"parentElementArrayFinder":{"locator_":{"using":"css selector","value":".zoe-btn-help"}},"elementArrayFinder_":{"locator_":{"$ref":"$[\"parentElementArrayFinder\"][\"locator_\"]"}},"level":"info","message":"help button is","timestamp":"2014-10-09T12:01:52.965Z"}
{"level":"info","message":"Comparing images for stagehelpClose","timestamp":"2014-10-09T12:01:52.968Z"}
{"level":"info","message":"Saving screenshot to /tmp/screeniPhone6.1c76d658c3fe145a1b49a0e5f6f049889.png.helpClose","timestamp":"2014-10-09T12:01:52.968Z"}
{"level":"info","message":"Got help style of ","timestamp":"2014-10-09T12:01:55.019Z"}
{"level":"info","message":"Comparing images for stagehelp","timestamp":"2014-10-09T12:01:55.061Z"}
{"level":"info","message":"Saving screenshot to /tmp/screenandroid18655ed74b728546a59faeec9bc13c3043.png.help","timestamp":"2014-10-09T12:01:55.061Z"}
{"level":"info","message":"Saved screenshot","timestamp":"2014-10-09T12:01:57.959Z"}
{"level":"info","message":"Comparing images from paths: /tmp/screenandroid18655ed74b728546a59faeec9bc13c3043.png.help and images/help-popover-android-18.png","timestamp":"2014-10-09T12:01:57.959Z"}
{"level":"info","message":"Image comparison gave: 0","timestamp":"2014-10-09T12:01:57.982Z"}
{"level":"info","message":"android18655ed74b728546a59faeec9bc13c3043 compared images for stage: helpwith eqaulity of: 0","timestamp":"2014-10-09T12:01:57.982Z"}
{"level":"info","message":"Clicking the help button","timestamp":"2014-10-09T12:01:58.022Z"}
{"parentElementArrayFinder":{"locator_":{"using":"css selector","value":".zoe-btn-help"}},"elementArrayFinder_":{"locator_":{"$ref":"$[\"parentElementArrayFinder\"][\"locator_\"]"}},"level":"info","message":"help button is","timestamp":"2014-10-09T12:01:58.026Z"}
{"level":"info","message":"Comparing images for stagehelpClose","timestamp":"2014-10-09T12:01:58.028Z"}
{"level":"info","message":"Saving screenshot to /tmp/screenandroid18655ed74b728546a59faeec9bc13c3043.png.helpClose","timestamp":"2014-10-09T12:01:58.028Z"}
{"level":"info","message":"Got help style of display: none; ","timestamp":"2014-10-09T12:01:58.557Z"}
{"level":"info","message":"Saved screenshot","timestamp":"2014-10-09T12:02:01.249Z"}
{"level":"info","message":"Comparing images from paths: /tmp/screeniPhone6.1c76d658c3fe145a1b49a0e5f6f049889.png.helpClose and images/helpClose-inline-iPhone-6.1.png","timestamp":"2014-10-09T12:02:01.249Z"}
{"level":"info","message":"Clicking the zoom button","timestamp":"2014-10-09T12:02:01.262Z"}
{"level":"info","message":"Comparing images for stagezoom","timestamp":"2014-10-09T12:02:01.266Z"}
{"level":"info","message":"Saving screenshot to /tmp/screeniPhone6.1c76d658c3fe145a1b49a0e5f6f049889.png.zoom","timestamp":"2014-10-09T12:02:01.266Z"}
{"level":"info","message":"Image comparison gave: 0","timestamp":"2014-10-09T12:02:01.270Z"}
{"level":"info","message":"iPhone6.1c76d658c3fe145a1b49a0e5f6f049889 compared images for stage: helpClosewith eqaulity of: 0","timestamp":"2014-10-09T12:02:01.270Z"}
{"level":"info","message":"Got help style of display: none; ","timestamp":"2014-10-09T12:02:01.511Z"}
{"level":"info","message":"Saved screenshot","timestamp":"2014-10-09T12:02:03.712Z"}
{"level":"info","message":"Comparing images from paths: /tmp/screenandroid18655ed74b728546a59faeec9bc13c3043.png.helpClose and images/helpClose-popover-android-18.png","timestamp":"2014-10-09T12:02:03.713Z"}
{"level":"info","message":"Clicking the zoom button","timestamp":"2014-10-09T12:02:03.726Z"}
{"level":"info","message":"Comparing images for stagezoom","timestamp":"2014-10-09T12:02:03.729Z"}
{"level":"info","message":"Saving screenshot to /tmp/screenandroid18655ed74b728546a59faeec9bc13c3043.png.zoom","timestamp":"2014-10-09T12:02:03.729Z"}
{"level":"info","message":"Image comparison gave: 0","timestamp":"2014-10-09T12:02:03.738Z"}
{"level":"info","message":"android18655ed74b728546a59faeec9bc13c3043 compared images for stage: helpClosewith eqaulity of: 0","timestamp":"2014-10-09T12:02:03.738Z"}
{"level":"info","message":"Saved screenshot","timestamp":"2014-10-09T12:02:08.044Z"}
{"level":"info","message":"Comparing images from paths: /tmp/screeniPhone6.1c76d658c3fe145a1b49a0e5f6f049889.png.zoom and images/zoom-inline-iPhone-6.1.png","timestamp":"2014-10-09T12:02:08.044Z"}
{"level":"info","message":"Clicking the zoom button","timestamp":"2014-10-09T12:02:08.059Z"}
{"level":"info","message":"Comparing images for stagezoomClose","timestamp":"2014-10-09T12:02:08.063Z"}
{"level":"info","message":"Saving screenshot to /tmp/screeniPhone6.1c76d658c3fe145a1b49a0e5f6f049889.png.zoomClose","timestamp":"2014-10-09T12:02:08.063Z"}
{"level":"info","message":"Image comparison gave: 0","timestamp":"2014-10-09T12:02:08.078Z"}
{"level":"info","message":"iPhone6.1c76d658c3fe145a1b49a0e5f6f049889 compared images for stage: zoomwith eqaulity of: 0","timestamp":"2014-10-09T12:02:08.082Z"}
{"level":"info","message":"Saved screenshot","timestamp":"2014-10-09T12:02:09.465Z"}
{"level":"info","message":"Comparing images from paths: /tmp/screenandroid18655ed74b728546a59faeec9bc13c3043.png.zoom and images/zoom-popover-android-18.png","timestamp":"2014-10-09T12:02:09.465Z"}
{"level":"info","message":"Image comparison gave: 0","timestamp":"2014-10-09T12:02:09.492Z"}
{"level":"info","message":"android18655ed74b728546a59faeec9bc13c3043 compared images for stage: zoomwith eqaulity of: 0","timestamp":"2014-10-09T12:02:09.492Z"}
{"level":"info","message":"Clicking the zoom button","timestamp":"2014-10-09T12:02:09.497Z"}
{"level":"info","message":"Comparing images for stagezoomClose","timestamp":"2014-10-09T12:02:09.500Z"}
{"level":"info","message":"Saving screenshot to /tmp/screenandroid18655ed74b728546a59faeec9bc13c3043.png.zoomClose","timestamp":"2014-10-09T12:02:09.501Z"}
{"level":"info","message":"Saved screenshot","timestamp":"2014-10-09T12:02:13.189Z"}
{"level":"info","message":"Comparing images from paths: /tmp/screeniPhone6.1c76d658c3fe145a1b49a0e5f6f049889.png.zoomClose and images/zoomClose-inline-iPhone-6.1.png","timestamp":"2014-10-09T12:02:13.190Z"}
{"level":"info","message":"Image comparison gave: 0","timestamp":"2014-10-09T12:02:13.210Z"}
{"level":"info","message":"iPhone6.1c76d658c3fe145a1b49a0e5f6f049889 compared images for stage: zoomClosewith eqaulity of: 0","timestamp":"2014-10-09T12:02:13.210Z"}
{"level":"info","message":"Opening URL: http://jenkins.zoetrope.io:8888/v3/testPopover.html","timestamp":"2014-10-09T12:02:13.216Z"}
{"level":"info","message":"Initialising file paths with browser & version","timestamp":"2014-10-09T12:02:13.216Z"}
{"level":"info","message":"Initialising file paths with browser & version","timestamp":"2014-10-09T12:02:13.216Z"}
{"level":"info","message":"Initialising file paths with browser & version","timestamp":"2014-10-09T12:02:13.216Z"}
{"level":"info","message":"Initialising file paths with browser & version","timestamp":"2014-10-09T12:02:13.216Z"}
{"level":"info","message":"Initialising file paths with browser & version","timestamp":"2014-10-09T12:02:13.216Z"}
{"level":"info","message":"Initialising file paths with browser & version","timestamp":"2014-10-09T12:02:13.216Z"}
{"level":"info","message":"Saved screenshot","timestamp":"2014-10-09T12:02:14.164Z"}
{"level":"info","message":"Comparing images from paths: /tmp/screenandroid18655ed74b728546a59faeec9bc13c3043.png.zoomClose and images/zoomClose-popover-android-18.png","timestamp":"2014-10-09T12:02:14.164Z"}
{"level":"info","message":"Image comparison gave: 0","timestamp":"2014-10-09T12:02:14.185Z"}
{"level":"info","message":"android18655ed74b728546a59faeec9bc13c3043 compared images for stage: zoomClosewith eqaulity of: 0","timestamp":"2014-10-09T12:02:14.185Z"}
{"level":"info","message":"Comparing images for stageload","timestamp":"2014-10-09T12:02:14.765Z"}
{"level":"info","message":"Saving screenshot to /tmp/screeniPhone6.1c76d658c3fe145a1b49a0e5f6f049889.png.load","timestamp":"2014-10-09T12:02:14.765Z"}
{"level":"info","message":"Saved screenshot","timestamp":"2014-10-09T12:02:18.425Z"}
{"level":"info","message":"Comparing images from paths: /tmp/screeniPhone6.1c76d658c3fe145a1b49a0e5f6f049889.png.load and images/load-popover-iPhone-6.1.png","timestamp":"2014-10-09T12:02:18.425Z"}
{"level":"info","message":"Image comparison gave: 0","timestamp":"2014-10-09T12:02:18.455Z"}
{"level":"info","message":"iPhone6.1c76d658c3fe145a1b49a0e5f6f049889 compared images for stage: loadwith eqaulity of: 0","timestamp":"2014-10-09T12:02:18.456Z"}
{"level":"info","message":"Clicking on widget trigger","timestamp":"2014-10-09T12:02:18.462Z"}
{"level":"info","message":"Comparing images for stageopenWidget","timestamp":"2014-10-09T12:02:20.729Z"}
{"level":"info","message":"Saving screenshot to /tmp/screeniPhone6.1c76d658c3fe145a1b49a0e5f6f049889.png.openWidget","timestamp":"2014-10-09T12:02:20.729Z"}
{"level":"info","message":"Saved screenshot","timestamp":"2014-10-09T12:02:23.799Z"}
{"level":"info","message":"Comparing images from paths: /tmp/screeniPhone6.1c76d658c3fe145a1b49a0e5f6f049889.png.openWidget and images/openWidget-popover-iPhone-6.1.png","timestamp":"2014-10-09T12:02:23.799Z"}
{"level":"info","message":"Image comparison gave: 0","timestamp":"2014-10-09T12:02:23.816Z"}
{"level":"info","message":"iPhone6.1c76d658c3fe145a1b49a0e5f6f049889 compared images for stage: openWidgetwith eqaulity of: 0","timestamp":"2014-10-09T12:02:23.816Z"}
{"level":"info","message":"Clicking the help button","timestamp":"2014-10-09T12:02:23.834Z"}
{"parentElementArrayFinder":{"locator_":{"using":"css selector","value":".zoe-btn-help"}},"elementArrayFinder_":{"locator_":{"$ref":"$[\"parentElementArrayFinder\"][\"locator_\"]"}},"level":"info","message":"help button is","timestamp":"2014-10-09T12:02:23.836Z"}
{"level":"info","message":"Got help style of ","timestamp":"2014-10-09T12:02:29.093Z"}
{"level":"info","message":"Comparing images for stagehelp","timestamp":"2014-10-09T12:02:29.137Z"}
{"level":"info","message":"Saving screenshot to /tmp/screeniPhone6.1c76d658c3fe145a1b49a0e5f6f049889.png.help","timestamp":"2014-10-09T12:02:29.137Z"}
{"level":"info","message":"Saved screenshot","timestamp":"2014-10-09T12:02:31.102Z"}
{"level":"info","message":"Comparing images from paths: /tmp/screeniPhone6.1c76d658c3fe145a1b49a0e5f6f049889.png.help and images/help-popover-iPhone-6.1.png","timestamp":"2014-10-09T12:02:31.103Z"}
{"level":"info","message":"Image comparison gave: 0","timestamp":"2014-10-09T12:02:31.121Z"}
{"level":"info","message":"iPhone6.1c76d658c3fe145a1b49a0e5f6f049889 compared images for stage: helpwith eqaulity of: 0","timestamp":"2014-10-09T12:02:31.121Z"}
{"level":"info","message":"Clicking the help button","timestamp":"2014-10-09T12:02:31.149Z"}
{"parentElementArrayFinder":{"locator_":{"using":"css selector","value":".zoe-btn-help"}},"elementArrayFinder_":{"locator_":{"$ref":"$[\"parentElementArrayFinder\"][\"locator_\"]"}},"level":"info","message":"help button is","timestamp":"2014-10-09T12:02:31.152Z"}
{"level":"info","message":"Comparing images for stagehelpClose","timestamp":"2014-10-09T12:02:31.154Z"}
{"level":"info","message":"Saving screenshot to /tmp/screeniPhone6.1c76d658c3fe145a1b49a0e5f6f049889.png.helpClose","timestamp":"2014-10-09T12:02:31.154Z"}
{"level":"info","message":"Got help style of display: none; ","timestamp":"2014-10-09T12:02:34.648Z"}
{"level":"info","message":"Saved screenshot","timestamp":"2014-10-09T12:02:36.800Z"}
{"level":"info","message":"Comparing images from paths: /tmp/screeniPhone6.1c76d658c3fe145a1b49a0e5f6f049889.png.helpClose and images/helpClose-popover-iPhone-6.1.png","timestamp":"2014-10-09T12:02:36.800Z"}
{"level":"info","message":"Clicking the zoom button","timestamp":"2014-10-09T12:02:36.816Z"}
{"level":"info","message":"Comparing images for stagezoom","timestamp":"2014-10-09T12:02:36.820Z"}
{"level":"info","message":"Saving screenshot to /tmp/screeniPhone6.1c76d658c3fe145a1b49a0e5f6f049889.png.zoom","timestamp":"2014-10-09T12:02:36.820Z"}
{"level":"info","message":"Image comparison gave: 0","timestamp":"2014-10-09T12:02:36.823Z"}
{"level":"info","message":"iPhone6.1c76d658c3fe145a1b49a0e5f6f049889 compared images for stage: helpClosewith eqaulity of: 0","timestamp":"2014-10-09T12:02:36.823Z"}
{"level":"info","message":"Saved screenshot","timestamp":"2014-10-09T12:02:43.689Z"}
{"level":"info","message":"Comparing images from paths: /tmp/screeniPhone6.1c76d658c3fe145a1b49a0e5f6f049889.png.zoom and images/zoom-popover-iPhone-6.1.png","timestamp":"2014-10-09T12:02:43.689Z"}
{"level":"info","message":"Clicking the zoom button","timestamp":"2014-10-09T12:02:43.704Z"}
{"level":"info","message":"Comparing images for stagezoomClose","timestamp":"2014-10-09T12:02:43.708Z"}
{"level":"info","message":"Saving screenshot to /tmp/screeniPhone6.1c76d658c3fe145a1b49a0e5f6f049889.png.zoomClose","timestamp":"2014-10-09T12:02:43.708Z"}
{"level":"info","message":"Image comparison gave: 0","timestamp":"2014-10-09T12:02:43.714Z"}
{"level":"info","message":"iPhone6.1c76d658c3fe145a1b49a0e5f6f049889 compared images for stage: zoomwith eqaulity of: 0","timestamp":"2014-10-09T12:02:43.714Z"}
{"level":"info","message":"Saved screenshot","timestamp":"2014-10-09T12:02:51.106Z"}
{"level":"info","message":"Comparing images from paths: /tmp/screeniPhone6.1c76d658c3fe145a1b49a0e5f6f049889.png.zoomClose and images/zoomClose-popover-iPhone-6.1.png","timestamp":"2014-10-09T12:02:51.106Z"}
{"level":"info","message":"Image comparison gave: 0","timestamp":"2014-10-09T12:02:51.126Z"}
{"level":"info","message":"iPhone6.1c76d658c3fe145a1b49a0e5f6f049889 compared images for stage: zoomClosewith eqaulity of: 0","timestamp":"2014-10-09T12:02:51.126Z"}
{"takesScreenshot":true,"version":"6.1","cssSelectorsEnabled":true,"javascriptEnabled":true,"databaseEnabled":true,"locationContextEnabled":true,"platform":"MAC","browserName":"iPad","webdriver.remote.sessionid":"d7d4203339ed4a94875e4f528e51c7c5","hasMetadata":true,"webStorageEnabled":true,"level":"info","message":"","timestamp":"2014-10-09T12:03:11.979Z"}
{"level":"info","message":"undefined","timestamp":"2014-10-09T12:03:11.980Z"}
{"level":"info","message":"BROWSER IS: iPad","timestamp":"2014-10-09T12:03:11.980Z"}
{"level":"info","message":"Initialising file paths with browser & version","timestamp":"2014-10-09T12:03:11.980Z"}
{"level":"info","message":"Initialising file paths with browser & version","timestamp":"2014-10-09T12:03:11.980Z"}
{"level":"info","message":"Initialising file paths with browser & version","timestamp":"2014-10-09T12:03:11.980Z"}
{"level":"info","message":"Initialising file paths with browser & version","timestamp":"2014-10-09T12:03:11.980Z"}
{"level":"info","message":"Initialising file paths with browser & version","timestamp":"2014-10-09T12:03:11.980Z"}
{"level":"info","message":"Initialising file paths with browser & version","timestamp":"2014-10-09T12:03:11.980Z"}
{"level":"info","message":"Initialising file paths with browser & version","timestamp":"2014-10-09T12:03:11.980Z"}
{"level":"info","message":"Initialising file paths with browser & version","timestamp":"2014-10-09T12:03:11.980Z"}
{"level":"info","message":"Initialising file paths with browser & version","timestamp":"2014-10-09T12:03:11.980Z"}
{"level":"info","message":"Initialising file paths with browser & version","timestamp":"2014-10-09T12:03:11.980Z"}
{"level":"info","message":"Initialising file paths with browser & version","timestamp":"2014-10-09T12:03:11.980Z"}
{"level":"info","message":"Initialising file paths with browser & version","timestamp":"2014-10-09T12:03:11.981Z"}
{"level":"info","message":"Initialising file paths with browser & version","timestamp":"2014-10-09T12:03:11.981Z"}
{"level":"info","message":"Initialising file paths with browser & version","timestamp":"2014-10-09T12:03:11.981Z"}
{"level":"info","message":"Initialising file paths with browser & version","timestamp":"2014-10-09T12:03:11.981Z"}
{"level":"info","message":"Initialising file paths with browser & version","timestamp":"2014-10-09T12:03:11.981Z"}
{"level":"info","message":"Initialising file paths with browser & version","timestamp":"2014-10-09T12:03:11.981Z"}
{"level":"info","message":"Initialising file paths with browser & version","timestamp":"2014-10-09T12:03:11.981Z"}
{"level":"info","message":"Initialising file paths with browser & version","timestamp":"2014-10-09T12:03:11.981Z"}
{"level":"info","message":"Initialising file paths with browser & version","timestamp":"2014-10-09T12:03:11.981Z"}
{"level":"info","message":"Initialising file paths with browser & version","timestamp":"2014-10-09T12:03:11.981Z"}
{"level":"info","message":"Opening URL: http://jenkins.zoetrope.io:8888/v3/testInline.html","timestamp":"2014-10-09T12:03:12.600Z"}
{"level":"info","message":"Initialising file paths with browser & version","timestamp":"2014-10-09T12:03:12.600Z"}
{"level":"info","message":"Initialising file paths with browser & version","timestamp":"2014-10-09T12:03:12.600Z"}
{"level":"info","message":"Initialising file paths with browser & version","timestamp":"2014-10-09T12:03:12.600Z"}
{"level":"info","message":"Initialising file paths with browser & version","timestamp":"2014-10-09T12:03:12.600Z"}
{"level":"info","message":"Initialising file paths with browser & version","timestamp":"2014-10-09T12:03:12.600Z"}
{"level":"info","message":"Initialising file paths with browser & version","timestamp":"2014-10-09T12:03:12.600Z"}
{"level":"info","message":"Comparing images for stageload","timestamp":"2014-10-09T12:03:17.642Z"}
{"level":"info","message":"Saving screenshot to /tmp/screeniPad6.1d7d4203339ed4a94875e4f528e51c7c5.png.load","timestamp":"2014-10-09T12:03:17.643Z"}
{"takesScreenshot":true,"version":"6.0.5","cssSelectorsEnabled":true,"javascriptEnabled":true,"browserName":"safari","platform":"MAC","secureSsl":true,"webdriver.remote.sessionid":"1d35b72d7016438e8e881e5c8e2e8be0","hasMetadata":true,"level":"info","message":"","timestamp":"2014-10-09T12:03:19.972Z"}
{"level":"info","message":"undefined","timestamp":"2014-10-09T12:03:19.973Z"}
{"level":"info","message":"BROWSER IS: safari","timestamp":"2014-10-09T12:03:19.973Z"}
{"level":"info","message":"Initialising file paths with browser & version","timestamp":"2014-10-09T12:03:19.973Z"}
{"level":"info","message":"Initialising file paths with browser & version","timestamp":"2014-10-09T12:03:19.973Z"}
{"level":"info","message":"Initialising file paths with browser & version","timestamp":"2014-10-09T12:03:19.973Z"}
{"level":"info","message":"Initialising file paths with browser & version","timestamp":"2014-10-09T12:03:19.973Z"}
{"level":"info","message":"Initialising file paths with browser & version","timestamp":"2014-10-09T12:03:19.973Z"}
{"level":"info","message":"Initialising file paths with browser & version","timestamp":"2014-10-09T12:03:19.973Z"}
{"level":"info","message":"Initialising file paths with browser & version","timestamp":"2014-10-09T12:03:19.973Z"}
{"level":"info","message":"Initialising file paths with browser & version","timestamp":"2014-10-09T12:03:19.973Z"}
{"level":"info","message":"Initialising file paths with browser & version","timestamp":"2014-10-09T12:03:19.973Z"}
{"level":"info","message":"Initialising file paths with browser & version","timestamp":"2014-10-09T12:03:19.973Z"}
{"level":"info","message":"Initialising file paths with browser & version","timestamp":"2014-10-09T12:03:19.973Z"}
{"level":"info","message":"Initialising file paths with browser & version","timestamp":"2014-10-09T12:03:19.973Z"}
{"level":"info","message":"Initialising file paths with browser & version","timestamp":"2014-10-09T12:03:19.973Z"}
{"level":"info","message":"Initialising file paths with browser & version","timestamp":"2014-10-09T12:03:19.974Z"}
{"level":"info","message":"Initialising file paths with browser & version","timestamp":"2014-10-09T12:03:19.974Z"}
{"level":"info","message":"Initialising file paths with browser & version","timestamp":"2014-10-09T12:03:19.974Z"}
{"level":"info","message":"Initialising file paths with browser & version","timestamp":"2014-10-09T12:03:19.974Z"}
{"level":"info","message":"Initialising file paths with browser & version","timestamp":"2014-10-09T12:03:19.974Z"}
{"level":"info","message":"Initialising file paths with browser & version","timestamp":"2014-10-09T12:03:19.974Z"}
{"level":"info","message":"Initialising file paths with browser & version","timestamp":"2014-10-09T12:03:19.974Z"}
{"level":"info","message":"Initialising file paths with browser & version","timestamp":"2014-10-09T12:03:19.974Z"}
{"level":"info","message":"Opening URL: http://jenkins.zoetrope.io:8888/v3/testInline.html","timestamp":"2014-10-09T12:03:20.394Z"}
{"level":"info","message":"Initialising file paths with browser & version","timestamp":"2014-10-09T12:03:20.394Z"}
{"level":"info","message":"Initialising file paths with browser & version","timestamp":"2014-10-09T12:03:20.394Z"}
{"level":"info","message":"Initialising file paths with browser & version","timestamp":"2014-10-09T12:03:20.394Z"}
{"level":"info","message":"Initialising file paths with browser & version","timestamp":"2014-10-09T12:03:20.394Z"}
{"level":"info","message":"Initialising file paths with browser & version","timestamp":"2014-10-09T12:03:20.394Z"}
{"level":"info","message":"Initialising file paths with browser & version","timestamp":"2014-10-09T12:03:20.394Z"}
{"level":"info","message":"Saved screenshot","timestamp":"2014-10-09T12:03:24.641Z"}
{"level":"info","message":"Comparing images from paths: /tmp/screeniPad6.1d7d4203339ed4a94875e4f528e51c7c5.png.load and images/load-inline-iPad-6.1.png","timestamp":"2014-10-09T12:03:24.642Z"}
{"level":"info","message":"Image comparison gave: 0","timestamp":"2014-10-09T12:03:24.670Z"}
{"level":"info","message":"iPad6.1d7d4203339ed4a94875e4f528e51c7c5 compared images for stage: loadwith eqaulity of: 0","timestamp":"2014-10-09T12:03:24.671Z"}
{"level":"info","message":"Clicking the help button","timestamp":"2014-10-09T12:03:24.682Z"}
{"parentElementArrayFinder":{"locator_":{"using":"css selector","value":".zoe-btn-help"}},"elementArrayFinder_":{"locator_":{"$ref":"$[\"parentElementArrayFinder\"][\"locator_\"]"}},"level":"info","message":"help button is","timestamp":"2014-10-09T12:03:24.685Z"}
{"level":"info","message":"Comparing images for stageload","timestamp":"2014-10-09T12:03:26.288Z"}
{"level":"info","message":"Saving screenshot to /tmp/screensafari6.0.51d35b72d7016438e8e881e5c8e2e8be0.png.load","timestamp":"2014-10-09T12:03:26.289Z"}
{"level":"info","message":"Got help style of ","timestamp":"2014-10-09T12:03:28.408Z"}
{"level":"info","message":"Comparing images for stagehelp","timestamp":"2014-10-09T12:03:28.452Z"}
{"level":"info","message":"Saving screenshot to /tmp/screeniPad6.1d7d4203339ed4a94875e4f528e51c7c5.png.help","timestamp":"2014-10-09T12:03:28.452Z"}
{"level":"info","message":"Saved screenshot","timestamp":"2014-10-09T12:03:30.845Z"}
{"level":"info","message":"Comparing images from paths: /tmp/screensafari6.0.51d35b72d7016438e8e881e5c8e2e8be0.png.load and images/load-inline-safari-6.0.5.png","timestamp":"2014-10-09T12:03:30.846Z"}
{"level":"info","message":"Clicking the help button","timestamp":"2014-10-09T12:03:30.880Z"}
{"parentElementArrayFinder":{"locator_":{"using":"css selector","value":".zoe-btn-help"}},"elementArrayFinder_":{"locator_":{"$ref":"$[\"parentElementArrayFinder\"][\"locator_\"]"}},"level":"info","message":"help button is","timestamp":"2014-10-09T12:03:30.883Z"}
{"level":"info","message":"Image comparison gave: 0","timestamp":"2014-10-09T12:03:30.965Z"}
{"level":"info","message":"safari6.0.51d35b72d7016438e8e881e5c8e2e8be0 compared images for stage: loadwith eqaulity of: 0","timestamp":"2014-10-09T12:03:30.966Z"}
{"level":"info","message":"Saved screenshot","timestamp":"2014-10-09T12:03:31.394Z"}
{"level":"info","message":"Comparing images from paths: /tmp/screeniPad6.1d7d4203339ed4a94875e4f528e51c7c5.png.help and images/help-inline-iPad-6.1.png","timestamp":"2014-10-09T12:03:31.394Z"}
{"level":"info","message":"Image comparison gave: 0","timestamp":"2014-10-09T12:03:31.417Z"}
{"level":"info","message":"iPad6.1d7d4203339ed4a94875e4f528e51c7c5 compared images for stage: helpwith eqaulity of: 0","timestamp":"2014-10-09T12:03:31.417Z"}
{"level":"info","message":"Clicking the help button","timestamp":"2014-10-09T12:03:31.455Z"}
{"parentElementArrayFinder":{"locator_":{"using":"css selector","value":".zoe-btn-help"}},"elementArrayFinder_":{"locator_":{"$ref":"$[\"parentElementArrayFinder\"][\"locator_\"]"}},"level":"info","message":"help button is","timestamp":"2014-10-09T12:03:31.457Z"}
{"level":"info","message":"Comparing images for stagehelpClose","timestamp":"2014-10-09T12:03:31.459Z"}
{"level":"info","message":"Saving screenshot to /tmp/screeniPad6.1d7d4203339ed4a94875e4f528e51c7c5.png.helpClose","timestamp":"2014-10-09T12:03:31.459Z"}
{"level":"info","message":"Got help style of ","timestamp":"2014-10-09T12:03:34.945Z"}
{"level":"info","message":"Comparing images for stagehelp","timestamp":"2014-10-09T12:03:34.989Z"}
{"level":"info","message":"Saving screenshot to /tmp/screensafari6.0.51d35b72d7016438e8e881e5c8e2e8be0.png.help","timestamp":"2014-10-09T12:03:34.989Z"}
{"level":"info","message":"Got help style of display: none; ","timestamp":"2014-10-09T12:03:35.824Z"}
{"level":"info","message":"Saved screenshot","timestamp":"2014-10-09T12:03:37.944Z"}
{"level":"info","message":"Comparing images from paths: /tmp/screensafari6.0.51d35b72d7016438e8e881e5c8e2e8be0.png.help and images/help-inline-safari-6.0.5.png","timestamp":"2014-10-09T12:03:37.945Z"}
{"level":"info","message":"Clicking the help button","timestamp":"2014-10-09T12:03:37.989Z"}
{"parentElementArrayFinder":{"locator_":{"using":"css selector","value":".zoe-btn-help"}},"elementArrayFinder_":{"locator_":{"$ref":"$[\"parentElementArrayFinder\"][\"locator_\"]"}},"level":"info","message":"help button is","timestamp":"2014-10-09T12:03:37.992Z"}
{"level":"info","message":"Comparing images for stagehelpClose","timestamp":"2014-10-09T12:03:37.995Z"}
{"level":"info","message":"Saving screenshot to /tmp/screensafari6.0.51d35b72d7016438e8e881e5c8e2e8be0.png.helpClose","timestamp":"2014-10-09T12:03:37.995Z"}
{"level":"info","message":"Image comparison gave: 0","timestamp":"2014-10-09T12:03:38.042Z"}
{"level":"info","message":"safari6.0.51d35b72d7016438e8e881e5c8e2e8be0 compared images for stage: helpwith eqaulity of: 0","timestamp":"2014-10-09T12:03:38.043Z"}
{"level":"info","message":"Saved screenshot","timestamp":"2014-10-09T12:03:39.290Z"}
{"level":"info","message":"Comparing images from paths: /tmp/screeniPad6.1d7d4203339ed4a94875e4f528e51c7c5.png.helpClose and images/helpClose-inline-iPad-6.1.png","timestamp":"2014-10-09T12:03:39.290Z"}
{"level":"info","message":"Clicking the zoom button","timestamp":"2014-10-09T12:03:39.303Z"}
{"level":"info","message":"Comparing images for stagezoom","timestamp":"2014-10-09T12:03:39.307Z"}
{"level":"info","message":"Saving screenshot to /tmp/screeniPad6.1d7d4203339ed4a94875e4f528e51c7c5.png.zoom","timestamp":"2014-10-09T12:03:39.307Z"}
{"level":"info","message":"Image comparison gave: 0","timestamp":"2014-10-09T12:03:39.314Z"}
{"level":"info","message":"iPad6.1d7d4203339ed4a94875e4f528e51c7c5 compared images for stage: helpClosewith eqaulity of: 0","timestamp":"2014-10-09T12:03:39.314Z"}
{"level":"info","message":"Got help style of display: none; ","timestamp":"2014-10-09T12:03:40.390Z"}
{"level":"info","message":"Saved screenshot","timestamp":"2014-10-09T12:03:43.357Z"}
{"level":"info","message":"Comparing images from paths: /tmp/screensafari6.0.51d35b72d7016438e8e881e5c8e2e8be0.png.helpClose and images/helpClose-inline-safari-6.0.5.png","timestamp":"2014-10-09T12:03:43.357Z"}
{"level":"info","message":"Clicking the zoom button","timestamp":"2014-10-09T12:03:43.371Z"}
{"level":"info","message":"Comparing images for stagezoom","timestamp":"2014-10-09T12:03:43.375Z"}
{"level":"info","message":"Saving screenshot to /tmp/screensafari6.0.51d35b72d7016438e8e881e5c8e2e8be0.png.zoom","timestamp":"2014-10-09T12:03:43.375Z"}
{"level":"info","message":"Image comparison gave: 0","timestamp":"2014-10-09T12:03:43.464Z"}
{"level":"info","message":"safari6.0.51d35b72d7016438e8e881e5c8e2e8be0 compared images for stage: helpClosewith eqaulity of: 0","timestamp":"2014-10-09T12:03:43.464Z"}
{"level":"info","message":"Saved screenshot","timestamp":"2014-10-09T12:03:47.374Z"}
{"level":"info","message":"Comparing images from paths: /tmp/screeniPad6.1d7d4203339ed4a94875e4f528e51c7c5.png.zoom and images/zoom-inline-iPad-6.1.png","timestamp":"2014-10-09T12:03:47.374Z"}
{"level":"info","message":"Clicking the zoom button","timestamp":"2014-10-09T12:03:47.387Z"}
{"level":"info","message":"Comparing images for stagezoomClose","timestamp":"2014-10-09T12:03:47.391Z"}
{"level":"info","message":"Saving screenshot to /tmp/screeniPad6.1d7d4203339ed4a94875e4f528e51c7c5.png.zoomClose","timestamp":"2014-10-09T12:03:47.391Z"}
{"level":"info","message":"Image comparison gave: 0","timestamp":"2014-10-09T12:03:47.404Z"}
{"level":"info","message":"iPad6.1d7d4203339ed4a94875e4f528e51c7c5 compared images for stage: zoomwith eqaulity of: 0","timestamp":"2014-10-09T12:03:47.405Z"}
{"level":"info","message":"Saved screenshot","timestamp":"2014-10-09T12:03:50.310Z"}
{"level":"info","message":"Comparing images from paths: /tmp/screensafari6.0.51d35b72d7016438e8e881e5c8e2e8be0.png.zoom and images/zoom-inline-safari-6.0.5.png","timestamp":"2014-10-09T12:03:50.311Z"}
{"level":"info","message":"Clicking the zoom button","timestamp":"2014-10-09T12:03:50.323Z"}
{"level":"info","message":"Comparing images for stagezoomClose","timestamp":"2014-10-09T12:03:50.328Z"}
{"level":"info","message":"Saving screenshot to /tmp/screensafari6.0.51d35b72d7016438e8e881e5c8e2e8be0.png.zoomClose","timestamp":"2014-10-09T12:03:50.328Z"}
{"level":"info","message":"Image comparison gave: 0","timestamp":"2014-10-09T12:03:50.387Z"}
{"level":"info","message":"safari6.0.51d35b72d7016438e8e881e5c8e2e8be0 compared images for stage: zoomwith eqaulity of: 0","timestamp":"2014-10-09T12:03:50.388Z"}
{"level":"info","message":"Saved screenshot","timestamp":"2014-10-09T12:03:52.671Z"}
{"level":"info","message":"Comparing images from paths: /tmp/screeniPad6.1d7d4203339ed4a94875e4f528e51c7c5.png.zoomClose and images/zoomClose-inline-iPad-6.1.png","timestamp":"2014-10-09T12:03:52.671Z"}
{"level":"info","message":"Image comparison gave: 0","timestamp":"2014-10-09T12:03:52.695Z"}
{"level":"info","message":"iPad6.1d7d4203339ed4a94875e4f528e51c7c5 compared images for stage: zoomClosewith eqaulity of: 0","timestamp":"2014-10-09T12:03:52.695Z"}
{"level":"info","message":"Opening URL: http://jenkins.zoetrope.io:8888/v3/testPopover.html","timestamp":"2014-10-09T12:03:52.700Z"}
{"level":"info","message":"Initialising file paths with browser & version","timestamp":"2014-10-09T12:03:52.700Z"}
{"level":"info","message":"Initialising file paths with browser & version","timestamp":"2014-10-09T12:03:52.700Z"}
{"level":"info","message":"Initialising file paths with browser & version","timestamp":"2014-10-09T12:03:52.700Z"}
{"level":"info","message":"Initialising file paths with browser & version","timestamp":"2014-10-09T12:03:52.700Z"}
{"level":"info","message":"Initialising file paths with browser & version","timestamp":"2014-10-09T12:03:52.700Z"}
{"level":"info","message":"Initialising file paths with browser & version","timestamp":"2014-10-09T12:03:52.700Z"}
{"level":"info","message":"Comparing images for stageload","timestamp":"2014-10-09T12:03:54.195Z"}
{"level":"info","message":"Saving screenshot to /tmp/screeniPad6.1d7d4203339ed4a94875e4f528e51c7c5.png.load","timestamp":"2014-10-09T12:03:54.195Z"}
{"level":"info","message":"Saved screenshot","timestamp":"2014-10-09T12:03:55.093Z"}
{"level":"info","message":"Comparing images from paths: /tmp/screensafari6.0.51d35b72d7016438e8e881e5c8e2e8be0.png.zoomClose and images/zoomClose-inline-safari-6.0.5.png","timestamp":"2014-10-09T12:03:55.093Z"}
{"level":"info","message":"Opening URL: http://jenkins.zoetrope.io:8888/v3/testPopover.html","timestamp":"2014-10-09T12:03:55.120Z"}
{"level":"info","message":"Initialising file paths with browser & version","timestamp":"2014-10-09T12:03:55.120Z"}
{"level":"info","message":"Initialising file paths with browser & version","timestamp":"2014-10-09T12:03:55.120Z"}
{"level":"info","message":"Initialising file paths with browser & version","timestamp":"2014-10-09T12:03:55.120Z"}
{"level":"info","message":"Initialising file paths with browser & version","timestamp":"2014-10-09T12:03:55.120Z"}
{"level":"info","message":"Initialising file paths with browser & version","timestamp":"2014-10-09T12:03:55.120Z"}
{"level":"info","message":"Initialising file paths with browser & version","timestamp":"2014-10-09T12:03:55.120Z"}
{"level":"info","message":"Image comparison gave: 0","timestamp":"2014-10-09T12:03:55.163Z"}
{"level":"info","message":"safari6.0.51d35b72d7016438e8e881e5c8e2e8be0 compared images for stage: zoomClosewith eqaulity of: 0","timestamp":"2014-10-09T12:03:55.163Z"}
{"level":"info","message":"Comparing images for stageload","timestamp":"2014-10-09T12:03:56.350Z"}
{"level":"info","message":"Saving screenshot to /tmp/screensafari6.0.51d35b72d7016438e8e881e5c8e2e8be0.png.load","timestamp":"2014-10-09T12:03:56.350Z"}
{"level":"info","message":"Saved screenshot","timestamp":"2014-10-09T12:03:57.764Z"}
{"level":"info","message":"Comparing images from paths: /tmp/screeniPad6.1d7d4203339ed4a94875e4f528e51c7c5.png.load and images/load-popover-iPad-6.1.png","timestamp":"2014-10-09T12:03:57.764Z"}
{"level":"info","message":"Image comparison gave: 0","timestamp":"2014-10-09T12:03:57.791Z"}
{"level":"info","message":"iPad6.1d7d4203339ed4a94875e4f528e51c7c5 compared images for stage: loadwith eqaulity of: 0","timestamp":"2014-10-09T12:03:57.792Z"}
{"level":"info","message":"Clicking on widget trigger","timestamp":"2014-10-09T12:03:57.798Z"}
{"level":"info","message":"Saved screenshot","timestamp":"2014-10-09T12:03:59.767Z"}
{"level":"info","message":"Comparing images from paths: /tmp/screensafari6.0.51d35b72d7016438e8e881e5c8e2e8be0.png.load and images/load-popover-safari-6.0.5.png","timestamp":"2014-10-09T12:03:59.767Z"}
{"level":"info","message":"Clicking on widget trigger","timestamp":"2014-10-09T12:03:59.803Z"}
{"level":"info","message":"Image comparison gave: 0","timestamp":"2014-10-09T12:04:00.072Z"}
{"level":"info","message":"safari6.0.51d35b72d7016438e8e881e5c8e2e8be0 compared images for stage: loadwith eqaulity of: 0","timestamp":"2014-10-09T12:04:00.073Z"}
{"level":"info","message":"Comparing images for stageopenWidget","timestamp":"2014-10-09T12:04:00.394Z"}
{"level":"info","message":"Saving screenshot to /tmp/screeniPad6.1d7d4203339ed4a94875e4f528e51c7c5.png.openWidget","timestamp":"2014-10-09T12:04:00.394Z"}
{"level":"info","message":"Comparing images for stageopenWidget","timestamp":"2014-10-09T12:04:02.439Z"}
{"level":"info","message":"Saving screenshot to /tmp/screensafari6.0.51d35b72d7016438e8e881e5c8e2e8be0.png.openWidget","timestamp":"2014-10-09T12:04:02.439Z"}
{"level":"info","message":"Saved screenshot","timestamp":"2014-10-09T12:04:05.886Z"}
{"level":"info","message":"Comparing images from paths: /tmp/screeniPad6.1d7d4203339ed4a94875e4f528e51c7c5.png.openWidget and images/openWidget-popover-iPad-6.1.png","timestamp":"2014-10-09T12:04:05.886Z"}
{"level":"info","message":"Image comparison gave: 0","timestamp":"2014-10-09T12:04:05.908Z"}
{"level":"info","message":"iPad6.1d7d4203339ed4a94875e4f528e51c7c5 compared images for stage: openWidgetwith eqaulity of: 0","timestamp":"2014-10-09T12:04:05.908Z"}
{"level":"info","message":"Clicking the help button","timestamp":"2014-10-09T12:04:05.921Z"}
{"parentElementArrayFinder":{"locator_":{"using":"css selector","value":".zoe-btn-help"}},"elementArrayFinder_":{"locator_":{"$ref":"$[\"parentElementArrayFinder\"][\"locator_\"]"}},"level":"info","message":"help button is","timestamp":"2014-10-09T12:04:05.923Z"}
{"level":"info","message":"Saved screenshot","timestamp":"2014-10-09T12:04:08.105Z"}
{"level":"info","message":"Comparing images from paths: /tmp/screensafari6.0.51d35b72d7016438e8e881e5c8e2e8be0.png.openWidget and images/openWidget-popover-safari-6.0.5.png","timestamp":"2014-10-09T12:04:08.106Z"}
{"level":"info","message":"Clicking the help button","timestamp":"2014-10-09T12:04:08.155Z"}
{"parentElementArrayFinder":{"locator_":{"using":"css selector","value":".zoe-btn-help"}},"elementArrayFinder_":{"locator_":{"$ref":"$[\"parentElementArrayFinder\"][\"locator_\"]"}},"level":"info","message":"help button is","timestamp":"2014-10-09T12:04:08.158Z"}
{"level":"info","message":"Image comparison gave: 0.0000199069","timestamp":"2014-10-09T12:04:08.227Z"}
{"level":"info","message":"safari6.0.51d35b72d7016438e8e881e5c8e2e8be0 compared images for stage: openWidgetwith eqaulity of: 0.0000199069","timestamp":"2014-10-09T12:04:08.228Z"}
{"level":"info","message":"Got help style of ","timestamp":"2014-10-09T12:04:09.242Z"}
{"level":"info","message":"Comparing images for stagehelp","timestamp":"2014-10-09T12:04:09.285Z"}
{"level":"info","message":"Saving screenshot to /tmp/screeniPad6.1d7d4203339ed4a94875e4f528e51c7c5.png.help","timestamp":"2014-10-09T12:04:09.285Z"}
{"level":"info","message":"Got help style of ","timestamp":"2014-10-09T12:04:12.443Z"}
{"level":"info","message":"Comparing images for stagehelp","timestamp":"2014-10-09T12:04:12.486Z"}
{"level":"info","message":"Saving screenshot to /tmp/screensafari6.0.51d35b72d7016438e8e881e5c8e2e8be0.png.help","timestamp":"2014-10-09T12:04:12.486Z"}
{"level":"info","message":"Saved screenshot","timestamp":"2014-10-09T12:04:13.475Z"}
{"level":"info","message":"Comparing images from paths: /tmp/screeniPad6.1d7d4203339ed4a94875e4f528e51c7c5.png.help and images/help-popover-iPad-6.1.png","timestamp":"2014-10-09T12:04:13.475Z"}
{"level":"info","message":"Image comparison gave: 0","timestamp":"2014-10-09T12:04:13.498Z"}
{"level":"info","message":"iPad6.1d7d4203339ed4a94875e4f528e51c7c5 compared images for stage: helpwith eqaulity of: 0","timestamp":"2014-10-09T12:04:13.498Z"}
{"level":"info","message":"Clicking the help button","timestamp":"2014-10-09T12:04:13.520Z"}
{"parentElementArrayFinder":{"locator_":{"using":"css selector","value":".zoe-btn-help"}},"elementArrayFinder_":{"locator_":{"$ref":"$[\"parentElementArrayFinder\"][\"locator_\"]"}},"level":"info","message":"help button is","timestamp":"2014-10-09T12:04:13.523Z"}
{"level":"info","message":"Comparing images for stagehelpClose","timestamp":"2014-10-09T12:04:13.525Z"}
{"level":"info","message":"Saving screenshot to /tmp/screeniPad6.1d7d4203339ed4a94875e4f528e51c7c5.png.helpClose","timestamp":"2014-10-09T12:04:13.525Z"}
{"level":"info","message":"Saved screenshot","timestamp":"2014-10-09T12:04:16.945Z"}
{"level":"info","message":"Comparing images from paths: /tmp/screensafari6.0.51d35b72d7016438e8e881e5c8e2e8be0.png.help and images/help-popover-safari-6.0.5.png","timestamp":"2014-10-09T12:04:16.945Z"}
{"level":"info","message":"Clicking the help button","timestamp":"2014-10-09T12:04:16.990Z"}
{"parentElementArrayFinder":{"locator_":{"using":"css selector","value":".zoe-btn-help"}},"elementArrayFinder_":{"locator_":{"$ref":"$[\"parentElementArrayFinder\"][\"locator_\"]"}},"level":"info","message":"help button is","timestamp":"2014-10-09T12:04:16.994Z"}
{"level":"info","message":"Comparing images for stagehelpClose","timestamp":"2014-10-09T12:04:16.995Z"}
{"level":"info","message":"Saving screenshot to /tmp/screensafari6.0.51d35b72d7016438e8e881e5c8e2e8be0.png.helpClose","timestamp":"2014-10-09T12:04:16.996Z"}
{"level":"info","message":"Image comparison gave: 0","timestamp":"2014-10-09T12:04:17.063Z"}
{"level":"info","message":"safari6.0.51d35b72d7016438e8e881e5c8e2e8be0 compared images for stage: helpwith eqaulity of: 0","timestamp":"2014-10-09T12:04:17.063Z"}
{"level":"info","message":"Got help style of display: none; ","timestamp":"2014-10-09T12:04:19.123Z"}
{"level":"info","message":"Got help style of display: none; ","timestamp":"2014-10-09T12:04:19.479Z"}
{"level":"info","message":"Saved screenshot","timestamp":"2014-10-09T12:04:21.888Z"}
{"level":"info","message":"Comparing images from paths: /tmp/screeniPad6.1d7d4203339ed4a94875e4f528e51c7c5.png.helpClose and images/helpClose-popover-iPad-6.1.png","timestamp":"2014-10-09T12:04:21.888Z"}
{"level":"info","message":"Clicking the zoom button","timestamp":"2014-10-09T12:04:21.903Z"}
{"level":"info","message":"Comparing images for stagezoom","timestamp":"2014-10-09T12:04:21.906Z"}
{"level":"info","message":"Saving screenshot to /tmp/screeniPad6.1d7d4203339ed4a94875e4f528e51c7c5.png.zoom","timestamp":"2014-10-09T12:04:21.906Z"}
{"level":"info","message":"Image comparison gave: 0","timestamp":"2014-10-09T12:04:21.911Z"}
{"level":"info","message":"iPad6.1d7d4203339ed4a94875e4f528e51c7c5 compared images for stage: helpClosewith eqaulity of: 0","timestamp":"2014-10-09T12:04:21.911Z"}
{"level":"info","message":"Saved screenshot","timestamp":"2014-10-09T12:04:24.954Z"}
{"level":"info","message":"Comparing images from paths: /tmp/screensafari6.0.51d35b72d7016438e8e881e5c8e2e8be0.png.helpClose and images/helpClose-popover-safari-6.0.5.png","timestamp":"2014-10-09T12:04:24.954Z"}
{"level":"info","message":"Clicking the zoom button","timestamp":"2014-10-09T12:04:24.967Z"}
{"level":"info","message":"Comparing images for stagezoom","timestamp":"2014-10-09T12:04:24.971Z"}
{"level":"info","message":"Saving screenshot to /tmp/screensafari6.0.51d35b72d7016438e8e881e5c8e2e8be0.png.zoom","timestamp":"2014-10-09T12:04:24.971Z"}
{"level":"info","message":"Image comparison gave: 0","timestamp":"2014-10-09T12:04:25.254Z"}
{"level":"info","message":"safari6.0.51d35b72d7016438e8e881e5c8e2e8be0 compared images for stage: helpClosewith eqaulity of: 0","timestamp":"2014-10-09T12:04:25.254Z"}
{"level":"info","message":"Saved screenshot","timestamp":"2014-10-09T12:04:30.234Z"}
{"level":"info","message":"Comparing images from paths: /tmp/screeniPad6.1d7d4203339ed4a94875e4f528e51c7c5.png.zoom and images/zoom-popover-iPad-6.1.png","timestamp":"2014-10-09T12:04:30.235Z"}
{"level":"info","message":"Clicking the zoom button","timestamp":"2014-10-09T12:04:30.248Z"}
{"level":"info","message":"Comparing images for stagezoomClose","timestamp":"2014-10-09T12:04:30.252Z"}
{"level":"info","message":"Saving screenshot to /tmp/screeniPad6.1d7d4203339ed4a94875e4f528e51c7c5.png.zoomClose","timestamp":"2014-10-09T12:04:30.252Z"}
{"level":"info","message":"Image comparison gave: 0","timestamp":"2014-10-09T12:04:30.261Z"}
{"level":"info","message":"iPad6.1d7d4203339ed4a94875e4f528e51c7c5 compared images for stage: zoomwith eqaulity of: 0","timestamp":"2014-10-09T12:04:30.261Z"}
{"level":"info","message":"Saved screenshot","timestamp":"2014-10-09T12:04:33.546Z"}
{"level":"info","message":"Comparing images from paths: /tmp/screensafari6.0.51d35b72d7016438e8e881e5c8e2e8be0.png.zoom and images/zoom-popover-safari-6.0.5.png","timestamp":"2014-10-09T12:04:33.546Z"}
{"level":"info","message":"Clicking the zoom button","timestamp":"2014-10-09T12:04:33.572Z"}
{"level":"info","message":"Comparing images for stagezoomClose","timestamp":"2014-10-09T12:04:33.576Z"}
{"level":"info","message":"Saving screenshot to /tmp/screensafari6.0.51d35b72d7016438e8e881e5c8e2e8be0.png.zoomClose","timestamp":"2014-10-09T12:04:33.576Z"}
{"level":"info","message":"Image comparison gave: 0","timestamp":"2014-10-09T12:04:33.635Z"}
{"level":"info","message":"safari6.0.51d35b72d7016438e8e881e5c8e2e8be0 compared images for stage: zoomwith eqaulity of: 0","timestamp":"2014-10-09T12:04:33.635Z"}
{"level":"info","message":"Saved screenshot","timestamp":"2014-10-09T12:04:35.408Z"}
{"level":"info","message":"Comparing images from paths: /tmp/screeniPad6.1d7d4203339ed4a94875e4f528e51c7c5.png.zoomClose and images/zoomClose-popover-iPad-6.1.png","timestamp":"2014-10-09T12:04:35.408Z"}
{"level":"info","message":"Image comparison gave: 0","timestamp":"2014-10-09T12:04:35.435Z"}
{"level":"info","message":"iPad6.1d7d4203339ed4a94875e4f528e51c7c5 compared images for stage: zoomClosewith eqaulity of: 0","timestamp":"2014-10-09T12:04:35.435Z"}
{"level":"info","message":"Saved screenshot","timestamp":"2014-10-09T12:04:38.948Z"}
{"level":"info","message":"Comparing images from paths: /tmp/screensafari6.0.51d35b72d7016438e8e881e5c8e2e8be0.png.zoomClose and images/zoomClose-popover-safari-6.0.5.png","timestamp":"2014-10-09T12:04:38.948Z"}
{"level":"info","message":"Image comparison gave: 0","timestamp":"2014-10-09T12:04:39.030Z"}
{"level":"info","message":"safari6.0.51d35b72d7016438e8e881e5c8e2e8be0 compared images for stage: zoomClosewith eqaulity of: 0","timestamp":"2014-10-09T12:04:39.030Z"}
{"takesScreenshot":true,"webdriver.remote.sessionid":"29fb6731687a45cb84bab096616efa2e","unexpectedAlertBehaviour":"dismiss","ie.browserCommandLineSwitches":"","browserAttachTimeout":0,"ie.ensureCleanSession":false,"ignoreProtectedModeSettings":false,"platform":"WINDOWS","version":"11","ignoreZoomSetting":false,"nativeEvents":true,"handlesAlerts":true,"javascriptEnabled":true,"requireWindowFocus":false,"ie.usePerProcessProxy":false,"hasMetadata":true,"initialBrowserUrl":"http://localhost:44587/","enableElementCacheCleanup":true,"cssSelectorsEnabled":true,"browserName":"internet explorer","elementScrollBehavior":0,"enablePersistentHover":true,"ie.forceCreateProcessApi":false,"level":"info","message":"","timestamp":"2014-10-09T12:04:50.413Z"}
{"level":"info","message":"undefined","timestamp":"2014-10-09T12:04:50.414Z"}
{"level":"info","message":"BROWSER IS: internet explorer","timestamp":"2014-10-09T12:04:50.414Z"}
{"level":"info","message":"Initialising file paths with browser & version","timestamp":"2014-10-09T12:04:50.414Z"}
{"level":"info","message":"Initialising file paths with browser & version","timestamp":"2014-10-09T12:04:50.414Z"}
{"level":"info","message":"Initialising file paths with browser & version","timestamp":"2014-10-09T12:04:50.414Z"}
{"level":"info","message":"Initialising file paths with browser & version","timestamp":"2014-10-09T12:04:50.414Z"}
{"level":"info","message":"Initialising file paths with browser & version","timestamp":"2014-10-09T12:04:50.414Z"}
{"level":"info","message":"Initialising file paths with browser & version","timestamp":"2014-10-09T12:04:50.414Z"}
{"level":"info","message":"Initialising file paths with browser & version","timestamp":"2014-10-09T12:04:50.414Z"}
{"level":"info","message":"Initialising file paths with browser & version","timestamp":"2014-10-09T12:04:50.414Z"}
{"level":"info","message":"Initialising file paths with browser & version","timestamp":"2014-10-09T12:04:50.414Z"}
{"level":"info","message":"Initialising file paths with browser & version","timestamp":"2014-10-09T12:04:50.414Z"}
{"level":"info","message":"Initialising file paths with browser & version","timestamp":"2014-10-09T12:04:50.414Z"}
{"level":"info","message":"Initialising file paths with browser & version","timestamp":"2014-10-09T12:04:50.414Z"}
{"level":"info","message":"Initialising file paths with browser & version","timestamp":"2014-10-09T12:04:50.414Z"}
{"level":"info","message":"Initialising file paths with browser & version","timestamp":"2014-10-09T12:04:50.414Z"}
{"level":"info","message":"Initialising file paths with browser & version","timestamp":"2014-10-09T12:04:50.415Z"}
{"level":"info","message":"Initialising file paths with browser & version","timestamp":"2014-10-09T12:04:50.415Z"}
{"level":"info","message":"Initialising file paths with browser & version","timestamp":"2014-10-09T12:04:50.415Z"}
{"level":"info","message":"Initialising file paths with browser & version","timestamp":"2014-10-09T12:04:50.415Z"}
{"level":"info","message":"Initialising file paths with browser & version","timestamp":"2014-10-09T12:04:50.415Z"}
{"level":"info","message":"Initialising file paths with browser & version","timestamp":"2014-10-09T12:04:50.415Z"}
{"level":"info","message":"Initialising file paths with browser & version","timestamp":"2014-10-09T12:04:50.415Z"}
{"level":"info","message":"Opening URL: http://jenkins.zoetrope.io:8888/v3/testInline.html","timestamp":"2014-10-09T12:04:50.842Z"}
{"level":"info","message":"Initialising file paths with browser & version","timestamp":"2014-10-09T12:04:50.842Z"}
{"level":"info","message":"Initialising file paths with browser & version","timestamp":"2014-10-09T12:04:50.842Z"}
{"level":"info","message":"Initialising file paths with browser & version","timestamp":"2014-10-09T12:04:50.842Z"}
{"level":"info","message":"Initialising file paths with browser & version","timestamp":"2014-10-09T12:04:50.842Z"}
{"level":"info","message":"Initialising file paths with browser & version","timestamp":"2014-10-09T12:04:50.842Z"}
{"level":"info","message":"Initialising file paths with browser & version","timestamp":"2014-10-09T12:04:50.842Z"}
{"rotatable":false,"browserConnectionEnabled":true,"acceptSslCerts":true,"cssSelectorsEnabled":true,"javascriptEnabled":true,"nativeEvents":true,"databaseEnabled":true,"locationContextEnabled":true,"takesScreenshot":true,"platform":"XP","browserName":"firefox","webdriver.remote.sessionid":"3b11996ffb854bcba854d25d04539234","hasMetadata":true,"version":"27.0","applicationCacheEnabled":true,"webStorageEnabled":true,"handlesAlerts":true,"level":"info","message":"","timestamp":"2014-10-09T12:04:53.184Z"}
{"level":"info","message":"undefined","timestamp":"2014-10-09T12:04:53.185Z"}
{"level":"info","message":"BROWSER IS: firefox","timestamp":"2014-10-09T12:04:53.185Z"}
{"level":"info","message":"Initialising file paths with browser & version","timestamp":"2014-10-09T12:04:53.185Z"}
{"level":"info","message":"Initialising file paths with browser & version","timestamp":"2014-10-09T12:04:53.185Z"}
{"level":"info","message":"Initialising file paths with browser & version","timestamp":"2014-10-09T12:04:53.185Z"}
{"level":"info","message":"Initialising file paths with browser & version","timestamp":"2014-10-09T12:04:53.185Z"}
{"level":"info","message":"Initialising file paths with browser & version","timestamp":"2014-10-09T12:04:53.185Z"}
{"level":"info","message":"Initialising file paths with browser & version","timestamp":"2014-10-09T12:04:53.185Z"}
{"level":"info","message":"Initialising file paths with browser & version","timestamp":"2014-10-09T12:04:53.185Z"}
{"level":"info","message":"Initialising file paths with browser & version","timestamp":"2014-10-09T12:04:53.185Z"}
{"level":"info","message":"Initialising file paths with browser & version","timestamp":"2014-10-09T12:04:53.185Z"}
{"level":"info","message":"Initialising file paths with browser & version","timestamp":"2014-10-09T12:04:53.185Z"}
{"level":"info","message":"Initialising file paths with browser & version","timestamp":"2014-10-09T12:04:53.185Z"}
{"level":"info","message":"Initialising file paths with browser & version","timestamp":"2014-10-09T12:04:53.185Z"}
{"level":"info","message":"Initialising file paths with browser & version","timestamp":"2014-10-09T12:04:53.185Z"}
{"level":"info","message":"Initialising file paths with browser & version","timestamp":"2014-10-09T12:04:53.185Z"}
{"level":"info","message":"Initialising file paths with browser & version","timestamp":"2014-10-09T12:04:53.185Z"}
{"level":"info","message":"Initialising file paths with browser & version","timestamp":"2014-10-09T12:04:53.185Z"}
{"level":"info","message":"Initialising file paths with browser & version","timestamp":"2014-10-09T12:04:53.185Z"}
{"level":"info","message":"Initialising file paths with browser & version","timestamp":"2014-10-09T12:04:53.185Z"}
{"level":"info","message":"Initialising file paths with browser & version","timestamp":"2014-10-09T12:04:53.185Z"}
{"level":"info","message":"Initialising file paths with browser & version","timestamp":"2014-10-09T12:04:53.185Z"}
{"level":"info","message":"Initialising file paths with browser & version","timestamp":"2014-10-09T12:04:53.185Z"}
{"level":"info","message":"Opening URL: http://jenkins.zoetrope.io:8888/v3/testInline.html","timestamp":"2014-10-09T12:04:53.807Z"}
{"level":"info","message":"Initialising file paths with browser & version","timestamp":"2014-10-09T12:04:53.807Z"}
{"level":"info","message":"Initialising file paths with browser & version","timestamp":"2014-10-09T12:04:53.807Z"}
{"level":"info","message":"Initialising file paths with browser & version","timestamp":"2014-10-09T12:04:53.808Z"}
{"level":"info","message":"Initialising file paths with browser & version","timestamp":"2014-10-09T12:04:53.808Z"}
{"level":"info","message":"Initialising file paths with browser & version","timestamp":"2014-10-09T12:04:53.808Z"}
{"level":"info","message":"Initialising file paths with browser & version","timestamp":"2014-10-09T12:04:53.808Z"}
{"level":"info","message":"Comparing images for stageload","timestamp":"2014-10-09T12:04:55.900Z"}
{"level":"info","message":"Saving screenshot to /tmp/screeninternet explorer1129fb6731687a45cb84bab096616efa2e.png.load","timestamp":"2014-10-09T12:04:55.900Z"}
{"level":"info","message":"Comparing images for stageload","timestamp":"2014-10-09T12:04:58.911Z"}
{"level":"info","message":"Saving screenshot to /tmp/screenfirefox27.03b11996ffb854bcba854d25d04539234.png.load","timestamp":"2014-10-09T12:04:58.912Z"}
{"level":"info","message":"Saved screenshot","timestamp":"2014-10-09T12:05:00.740Z"}
{"level":"info","message":"Comparing images from paths: /tmp/screeninternet explorer1129fb6731687a45cb84bab096616efa2e.png.load and images/load-inline-internet explorer-11.png","timestamp":"2014-10-09T12:05:00.741Z"}
{"level":"info","message":"Clicking the help button","timestamp":"2014-10-09T12:05:00.780Z"}
{"parentElementArrayFinder":{"locator_":{"using":"css selector","value":".zoe-btn-help"}},"elementArrayFinder_":{"locator_":{"$ref":"$[\"parentElementArrayFinder\"][\"locator_\"]"}},"level":"info","message":"help button is","timestamp":"2014-10-09T12:05:00.783Z"}
{"level":"info","message":"Image comparison gave: 0","timestamp":"2014-10-09T12:05:00.801Z"}
{"level":"info","message":"internet explorer1129fb6731687a45cb84bab096616efa2e compared images for stage: loadwith eqaulity of: 0","timestamp":"2014-10-09T12:05:00.802Z"}
{"level":"info","message":"Saved screenshot","timestamp":"2014-10-09T12:05:01.564Z"}
{"level":"info","message":"Comparing images from paths: /tmp/screenfirefox27.03b11996ffb854bcba854d25d04539234.png.load and images/load-inline-firefox-27.0.png","timestamp":"2014-10-09T12:05:01.565Z"}
{"level":"info","message":"Clicking the help button","timestamp":"2014-10-09T12:05:01.603Z"}
{"parentElementArrayFinder":{"locator_":{"using":"css selector","value":".zoe-btn-help"}},"elementArrayFinder_":{"locator_":{"$ref":"$[\"parentElementArrayFinder\"][\"locator_\"]"}},"level":"info","message":"help button is","timestamp":"2014-10-09T12:05:01.607Z"}
{"level":"info","message":"Image comparison gave: 0","timestamp":"2014-10-09T12:05:01.626Z"}
{"level":"info","message":"firefox27.03b11996ffb854bcba854d25d04539234 compared images for stage: loadwith eqaulity of: 0","timestamp":"2014-10-09T12:05:01.627Z"}
{"level":"info","message":"Got help style of ","timestamp":"2014-10-09T12:05:03.146Z"}
{"level":"info","message":"Comparing images for stagehelp","timestamp":"2014-10-09T12:05:03.190Z"}
{"level":"info","message":"Saving screenshot to /tmp/screeninternet explorer1129fb6731687a45cb84bab096616efa2e.png.help","timestamp":"2014-10-09T12:05:03.190Z"}
{"level":"info","message":"Got help style of ","timestamp":"2014-10-09T12:05:03.877Z"}
{"level":"info","message":"Comparing images for stagehelp","timestamp":"2014-10-09T12:05:03.920Z"}
{"level":"info","message":"Saving screenshot to /tmp/screenfirefox27.03b11996ffb854bcba854d25d04539234.png.help","timestamp":"2014-10-09T12:05:03.921Z"}
{"level":"info","message":"Saved screenshot","timestamp":"2014-10-09T12:05:05.468Z"}
{"level":"info","message":"Comparing images from paths: /tmp/screenfirefox27.03b11996ffb854bcba854d25d04539234.png.help and images/help-inline-firefox-27.0.png","timestamp":"2014-10-09T12:05:05.468Z"}
{"level":"info","message":"Image comparison gave: 0","timestamp":"2014-10-09T12:05:05.512Z"}
{"level":"info","message":"firefox27.03b11996ffb854bcba854d25d04539234 compared images for stage: helpwith eqaulity of: 0","timestamp":"2014-10-09T12:05:05.512Z"}
{"level":"info","message":"Clicking the help button","timestamp":"2014-10-09T12:05:05.530Z"}
{"parentElementArrayFinder":{"locator_":{"using":"css selector","value":".zoe-btn-help"}},"elementArrayFinder_":{"locator_":{"$ref":"$[\"parentElementArrayFinder\"][\"locator_\"]"}},"level":"info","message":"help button is","timestamp":"2014-10-09T12:05:05.533Z"}
{"level":"info","message":"Comparing images for stagehelpClose","timestamp":"2014-10-09T12:05:05.535Z"}
{"level":"info","message":"Saving screenshot to /tmp/screenfirefox27.03b11996ffb854bcba854d25d04539234.png.helpClose","timestamp":"2014-10-09T12:05:05.535Z"}
{"level":"info","message":"Saved screenshot","timestamp":"2014-10-09T12:05:07.056Z"}
{"level":"info","message":"Comparing images from paths: /tmp/screeninternet explorer1129fb6731687a45cb84bab096616efa2e.png.help and images/help-inline-internet explorer-11.png","timestamp":"2014-10-09T12:05:07.056Z"}
{"level":"info","message":"Image comparison gave: 0","timestamp":"2014-10-09T12:05:07.105Z"}
{"level":"info","message":"internet explorer1129fb6731687a45cb84bab096616efa2e compared images for stage: helpwith eqaulity of: 0","timestamp":"2014-10-09T12:05:07.105Z"}
{"level":"info","message":"Clicking the help button","timestamp":"2014-10-09T12:05:07.114Z"}
{"parentElementArrayFinder":{"locator_":{"using":"css selector","value":".zoe-btn-help"}},"elementArrayFinder_":{"locator_":{"$ref":"$[\"parentElementArrayFinder\"][\"locator_\"]"}},"level":"info","message":"help button is","timestamp":"2014-10-09T12:05:07.117Z"}
{"level":"info","message":"Comparing images for stagehelpClose","timestamp":"2014-10-09T12:05:07.119Z"}
{"level":"info","message":"Saving screenshot to /tmp/screeninternet explorer1129fb6731687a45cb84bab096616efa2e.png.helpClose","timestamp":"2014-10-09T12:05:07.119Z"}
{"level":"info","message":"Got help style of display: none;","timestamp":"2014-10-09T12:05:07.726Z"}
{"level":"info","message":"Saved screenshot","timestamp":"2014-10-09T12:05:09.240Z"}
{"level":"info","message":"Comparing images from paths: /tmp/screenfirefox27.03b11996ffb854bcba854d25d04539234.png.helpClose and images/helpClose-inline-firefox-27.0.png","timestamp":"2014-10-09T12:05:09.240Z"}
{"level":"info","message":"Clicking the zoom button","timestamp":"2014-10-09T12:05:09.255Z"}
{"level":"info","message":"Comparing images for stagezoom","timestamp":"2014-10-09T12:05:09.259Z"}
{"level":"info","message":"Saving screenshot to /tmp/screenfirefox27.03b11996ffb854bcba854d25d04539234.png.zoom","timestamp":"2014-10-09T12:05:09.259Z"}
{"level":"info","message":"Image comparison gave: 0","timestamp":"2014-10-09T12:05:09.291Z"}
{"level":"info","message":"firefox27.03b11996ffb854bcba854d25d04539234 compared images for stage: helpClosewith eqaulity of: 0","timestamp":"2014-10-09T12:05:09.292Z"}
{"level":"info","message":"Got help style of display: none;","timestamp":"2014-10-09T12:05:09.747Z"}
{"level":"info","message":"Saved screenshot","timestamp":"2014-10-09T12:05:13.854Z"}
{"level":"info","message":"Comparing images from paths: /tmp/screeninternet explorer1129fb6731687a45cb84bab096616efa2e.png.helpClose and images/helpClose-inline-internet explorer-11.png","timestamp":"2014-10-09T12:05:13.855Z"}
{"level":"info","message":"Clicking the zoom button","timestamp":"2014-10-09T12:05:13.870Z"}
{"level":"info","message":"Comparing images for stagezoom","timestamp":"2014-10-09T12:05:13.877Z"}
{"level":"info","message":"Saving screenshot to /tmp/screeninternet explorer1129fb6731687a45cb84bab096616efa2e.png.zoom","timestamp":"2014-10-09T12:05:13.878Z"}
{"level":"info","message":"Image comparison gave: 0","timestamp":"2014-10-09T12:05:13.904Z"}
{"level":"info","message":"internet explorer1129fb6731687a45cb84bab096616efa2e compared images for stage: helpClosewith eqaulity of: 0","timestamp":"2014-10-09T12:05:13.905Z"}
{"level":"info","message":"Saved screenshot","timestamp":"2014-10-09T12:05:14.001Z"}
{"level":"info","message":"Comparing images from paths: /tmp/screenfirefox27.03b11996ffb854bcba854d25d04539234.png.zoom and images/zoom-inline-firefox-27.0.png","timestamp":"2014-10-09T12:05:14.001Z"}
{"level":"info","message":"Clicking the zoom button","timestamp":"2014-10-09T12:05:14.014Z"}
{"level":"info","message":"Comparing images for stagezoomClose","timestamp":"2014-10-09T12:05:14.018Z"}
{"level":"info","message":"Saving screenshot to /tmp/screenfirefox27.03b11996ffb854bcba854d25d04539234.png.zoomClose","timestamp":"2014-10-09T12:05:14.018Z"}
{"level":"info","message":"Image comparison gave: 0","timestamp":"2014-10-09T12:05:14.053Z"}
{"level":"info","message":"firefox27.03b11996ffb854bcba854d25d04539234 compared images for stage: zoomwith eqaulity of: 0","timestamp":"2014-10-09T12:05:14.053Z"}
{"level":"info","message":"Saved screenshot","timestamp":"2014-10-09T12:05:17.523Z"}
{"level":"info","message":"Comparing images from paths: /tmp/screenfirefox27.03b11996ffb854bcba854d25d04539234.png.zoomClose and images/zoomClose-inline-firefox-27.0.png","timestamp":"2014-10-09T12:05:17.523Z"}
{"level":"info","message":"Opening URL: http://jenkins.zoetrope.io:8888/v3/testPopover.html","timestamp":"2014-10-09T12:05:17.543Z"}
{"level":"info","message":"Initialising file paths with browser & version","timestamp":"2014-10-09T12:05:17.543Z"}
{"level":"info","message":"Initialising file paths with browser & version","timestamp":"2014-10-09T12:05:17.543Z"}
{"level":"info","message":"Initialising file paths with browser & version","timestamp":"2014-10-09T12:05:17.543Z"}
{"level":"info","message":"Initialising file paths with browser & version","timestamp":"2014-10-09T12:05:17.543Z"}
{"level":"info","message":"Initialising file paths with browser & version","timestamp":"2014-10-09T12:05:17.543Z"}
{"level":"info","message":"Initialising file paths with browser & version","timestamp":"2014-10-09T12:05:17.543Z"}
{"level":"info","message":"Image comparison gave: 0","timestamp":"2014-10-09T12:05:17.583Z"}
{"level":"info","message":"firefox27.03b11996ffb854bcba854d25d04539234 compared images for stage: zoomClosewith eqaulity of: 0","timestamp":"2014-10-09T12:05:17.583Z"}
{"level":"info","message":"Comparing images for stageload","timestamp":"2014-10-09T12:05:18.583Z"}
{"level":"info","message":"Saving screenshot to /tmp/screenfirefox27.03b11996ffb854bcba854d25d04539234.png.load","timestamp":"2014-10-09T12:05:18.583Z"}
{"level":"info","message":"Saved screenshot","timestamp":"2014-10-09T12:05:21.287Z"}
{"level":"info","message":"Comparing images from paths: /tmp/screenfirefox27.03b11996ffb854bcba854d25d04539234.png.load and images/load-popover-firefox-27.0.png","timestamp":"2014-10-09T12:05:21.287Z"}
{"level":"info","message":"Clicking on widget trigger","timestamp":"2014-10-09T12:05:21.329Z"}
{"level":"info","message":"Image comparison gave: 0","timestamp":"2014-10-09T12:05:21.349Z"}
{"level":"info","message":"firefox27.03b11996ffb854bcba854d25d04539234 compared images for stage: loadwith eqaulity of: 0","timestamp":"2014-10-09T12:05:21.349Z"}
{"level":"info","message":"Saved screenshot","timestamp":"2014-10-09T12:05:21.692Z"}
{"level":"info","message":"Comparing images from paths: /tmp/screeninternet explorer1129fb6731687a45cb84bab096616efa2e.png.zoom and images/zoom-inline-internet explorer-11.png","timestamp":"2014-10-09T12:05:21.693Z"}
{"level":"info","message":"Clicking the zoom button","timestamp":"2014-10-09T12:05:21.706Z"}
{"level":"info","message":"Comparing images for stagezoomClose","timestamp":"2014-10-09T12:05:21.710Z"}
{"level":"info","message":"Saving screenshot to /tmp/screeninternet explorer1129fb6731687a45cb84bab096616efa2e.png.zoomClose","timestamp":"2014-10-09T12:05:21.710Z"}
{"level":"info","message":"Image comparison gave: 0","timestamp":"2014-10-09T12:05:21.745Z"}
{"level":"info","message":"internet explorer1129fb6731687a45cb84bab096616efa2e compared images for stage: zoomwith eqaulity of: 0","timestamp":"2014-10-09T12:05:21.746Z"}
{"level":"info","message":"Comparing images for stageopenWidget","timestamp":"2014-10-09T12:05:22.689Z"}
{"level":"info","message":"Saving screenshot to /tmp/screenfirefox27.03b11996ffb854bcba854d25d04539234.png.openWidget","timestamp":"2014-10-09T12:05:22.689Z"}
{"level":"info","message":"Saved screenshot","timestamp":"2014-10-09T12:05:26.774Z"}
{"level":"info","message":"Comparing images from paths: /tmp/screenfirefox27.03b11996ffb854bcba854d25d04539234.png.openWidget and images/openWidget-popover-firefox-27.0.png","timestamp":"2014-10-09T12:05:26.774Z"}
{"level":"info","message":"Clicking the help button","timestamp":"2014-10-09T12:05:26.812Z"}
{"parentElementArrayFinder":{"locator_":{"using":"css selector","value":".zoe-btn-help"}},"elementArrayFinder_":{"locator_":{"$ref":"$[\"parentElementArrayFinder\"][\"locator_\"]"}},"level":"info","message":"help button is","timestamp":"2014-10-09T12:05:26.815Z"}
{"level":"info","message":"Image comparison gave: 0","timestamp":"2014-10-09T12:05:27.018Z"}
{"level":"info","message":"firefox27.03b11996ffb854bcba854d25d04539234 compared images for stage: openWidgetwith eqaulity of: 0","timestamp":"2014-10-09T12:05:27.018Z"}
{"level":"info","message":"Saved screenshot","timestamp":"2014-10-09T12:05:28.141Z"}
{"level":"info","message":"Comparing images from paths: /tmp/screeninternet explorer1129fb6731687a45cb84bab096616efa2e.png.zoomClose and images/zoomClose-inline-internet explorer-11.png","timestamp":"2014-10-09T12:05:28.141Z"}
{"level":"info","message":"Opening URL: http://jenkins.zoetrope.io:8888/v3/testPopover.html","timestamp":"2014-10-09T12:05:28.156Z"}
{"level":"info","message":"Initialising file paths with browser & version","timestamp":"2014-10-09T12:05:28.156Z"}
{"level":"info","message":"Initialising file paths with browser & version","timestamp":"2014-10-09T12:05:28.156Z"}
{"level":"info","message":"Initialising file paths with browser & version","timestamp":"2014-10-09T12:05:28.156Z"}
{"level":"info","message":"Initialising file paths with browser & version","timestamp":"2014-10-09T12:05:28.157Z"}
{"level":"info","message":"Initialising file paths with browser & version","timestamp":"2014-10-09T12:05:28.157Z"}
{"level":"info","message":"Initialising file paths with browser & version","timestamp":"2014-10-09T12:05:28.157Z"}
{"level":"info","message":"Image comparison gave: 0","timestamp":"2014-10-09T12:05:28.193Z"}
{"level":"info","message":"internet explorer1129fb6731687a45cb84bab096616efa2e compared images for stage: zoomClosewith eqaulity of: 0","timestamp":"2014-10-09T12:05:28.193Z"}
{"level":"info","message":"Got help style of ","timestamp":"2014-10-09T12:05:29.016Z"}
{"level":"info","message":"Comparing images for stagehelp","timestamp":"2014-10-09T12:05:29.057Z"}
{"level":"info","message":"Saving screenshot to /tmp/screenfirefox27.03b11996ffb854bcba854d25d04539234.png.help","timestamp":"2014-10-09T12:05:29.057Z"}
{"level":"info","message":"Comparing images for stageload","timestamp":"2014-10-09T12:05:29.560Z"}
{"level":"info","message":"Saving screenshot to /tmp/screeninternet explorer1129fb6731687a45cb84bab096616efa2e.png.load","timestamp":"2014-10-09T12:05:29.560Z"}
{"level":"info","message":"Saved screenshot","timestamp":"2014-10-09T12:05:31.436Z"}
{"level":"info","message":"Comparing images from paths: /tmp/screeninternet explorer1129fb6731687a45cb84bab096616efa2e.png.load and images/load-popover-internet explorer-11.png","timestamp":"2014-10-09T12:05:31.436Z"}
{"level":"info","message":"Clicking on widget trigger","timestamp":"2014-10-09T12:05:31.488Z"}
{"level":"info","message":"Image comparison gave: 0","timestamp":"2014-10-09T12:05:31.506Z"}
{"level":"info","message":"internet explorer1129fb6731687a45cb84bab096616efa2e compared images for stage: loadwith eqaulity of: 0","timestamp":"2014-10-09T12:05:31.506Z"}
{"level":"info","message":"Saved screenshot","timestamp":"2014-10-09T12:05:31.589Z"}
{"level":"info","message":"Comparing images from paths: /tmp/screenfirefox27.03b11996ffb854bcba854d25d04539234.png.help and images/help-popover-firefox-27.0.png","timestamp":"2014-10-09T12:05:31.589Z"}
{"level":"info","message":"Image comparison gave: 0","timestamp":"2014-10-09T12:05:31.640Z"}
{"level":"info","message":"firefox27.03b11996ffb854bcba854d25d04539234 compared images for stage: helpwith eqaulity of: 0","timestamp":"2014-10-09T12:05:31.640Z"}
{"level":"info","message":"Clicking the help button","timestamp":"2014-10-09T12:05:31.647Z"}
{"parentElementArrayFinder":{"locator_":{"using":"css selector","value":".zoe-btn-help"}},"elementArrayFinder_":{"locator_":{"$ref":"$[\"parentElementArrayFinder\"][\"locator_\"]"}},"level":"info","message":"help button is","timestamp":"2014-10-09T12:05:31.649Z"}
{"level":"info","message":"Comparing images for stagehelpClose","timestamp":"2014-10-09T12:05:31.650Z"}
{"level":"info","message":"Saving screenshot to /tmp/screenfirefox27.03b11996ffb854bcba854d25d04539234.png.helpClose","timestamp":"2014-10-09T12:05:31.650Z"}
{"level":"info","message":"Comparing images for stageopenWidget","timestamp":"2014-10-09T12:05:32.882Z"}
{"level":"info","message":"Saving screenshot to /tmp/screeninternet explorer1129fb6731687a45cb84bab096616efa2e.png.openWidget","timestamp":"2014-10-09T12:05:32.882Z"}
{"level":"info","message":"Got help style of display: none;","timestamp":"2014-10-09T12:05:34.446Z"}
{"level":"info","message":"Saved screenshot","timestamp":"2014-10-09T12:05:36.067Z"}
{"level":"info","message":"Comparing images from paths: /tmp/screeninternet explorer1129fb6731687a45cb84bab096616efa2e.png.openWidget and images/openWidget-popover-internet explorer-11.png","timestamp":"2014-10-09T12:05:36.067Z"}
{"level":"info","message":"Clicking the help button","timestamp":"2014-10-09T12:05:36.101Z"}
{"parentElementArrayFinder":{"locator_":{"using":"css selector","value":".zoe-btn-help"}},"elementArrayFinder_":{"locator_":{"$ref":"$[\"parentElementArrayFinder\"][\"locator_\"]"}},"level":"info","message":"help button is","timestamp":"2014-10-09T12:05:36.103Z"}
{"level":"info","message":"Image comparison gave: 0","timestamp":"2014-10-09T12:05:36.127Z"}
{"level":"info","message":"internet explorer1129fb6731687a45cb84bab096616efa2e compared images for stage: openWidgetwith eqaulity of: 0","timestamp":"2014-10-09T12:05:36.127Z"}
{"level":"info","message":"Saved screenshot","timestamp":"2014-10-09T12:05:37.404Z"}
{"level":"info","message":"Comparing images from paths: /tmp/screenfirefox27.03b11996ffb854bcba854d25d04539234.png.helpClose and images/helpClose-popover-firefox-27.0.png","timestamp":"2014-10-09T12:05:37.404Z"}
{"level":"info","message":"Clicking the zoom button","timestamp":"2014-10-09T12:05:37.417Z"}
{"level":"info","message":"Comparing images for stagezoom","timestamp":"2014-10-09T12:05:37.420Z"}
{"level":"info","message":"Saving screenshot to /tmp/screenfirefox27.03b11996ffb854bcba854d25d04539234.png.zoom","timestamp":"2014-10-09T12:05:37.420Z"}
{"level":"info","message":"Image comparison gave: 0","timestamp":"2014-10-09T12:05:37.460Z"}
{"level":"info","message":"firefox27.03b11996ffb854bcba854d25d04539234 compared images for stage: helpClosewith eqaulity of: 0","timestamp":"2014-10-09T12:05:37.460Z"}
{"level":"info","message":"Got help style of ","timestamp":"2014-10-09T12:05:38.894Z"}
{"level":"info","message":"Comparing images for stagehelp","timestamp":"2014-10-09T12:05:38.936Z"}
{"level":"info","message":"Saving screenshot to /tmp/screeninternet explorer1129fb6731687a45cb84bab096616efa2e.png.help","timestamp":"2014-10-09T12:05:38.936Z"}
{"level":"info","message":"Saved screenshot","timestamp":"2014-10-09T12:05:43.637Z"}
{"level":"info","message":"Comparing images from paths: /tmp/screeninternet explorer1129fb6731687a45cb84bab096616efa2e.png.help and images/help-popover-internet explorer-11.png","timestamp":"2014-10-09T12:05:43.637Z"}
{"level":"info","message":"Clicking the help button","timestamp":"2014-10-09T12:05:43.680Z"}
{"parentElementArrayFinder":{"locator_":{"using":"css selector","value":".zoe-btn-help"}},"elementArrayFinder_":{"locator_":{"$ref":"$[\"parentElementArrayFinder\"][\"locator_\"]"}},"level":"info","message":"help button is","timestamp":"2014-10-09T12:05:43.682Z"}
{"level":"info","message":"Comparing images for stagehelpClose","timestamp":"2014-10-09T12:05:43.684Z"}
{"level":"info","message":"Saving screenshot to /tmp/screeninternet explorer1129fb6731687a45cb84bab096616efa2e.png.helpClose","timestamp":"2014-10-09T12:05:43.684Z"}
{"level":"info","message":"Image comparison gave: 0","timestamp":"2014-10-09T12:05:43.687Z"}
{"level":"info","message":"internet explorer1129fb6731687a45cb84bab096616efa2e compared images for stage: helpwith eqaulity of: 0","timestamp":"2014-10-09T12:05:43.687Z"}
{"level":"info","message":"Saved screenshot","timestamp":"2014-10-09T12:05:45.839Z"}
{"level":"info","message":"Comparing images from paths: /tmp/screenfirefox27.03b11996ffb854bcba854d25d04539234.png.zoom and images/zoom-popover-firefox-27.0.png","timestamp":"2014-10-09T12:05:45.839Z"}
{"level":"info","message":"Clicking the zoom button","timestamp":"2014-10-09T12:05:45.853Z"}
{"level":"info","message":"Comparing images for stagezoomClose","timestamp":"2014-10-09T12:05:45.856Z"}
{"level":"info","message":"Saving screenshot to /tmp/screenfirefox27.03b11996ffb854bcba854d25d04539234.png.zoomClose","timestamp":"2014-10-09T12:05:45.856Z"}
{"level":"info","message":"Image comparison gave: 0","timestamp":"2014-10-09T12:05:45.892Z"}
{"level":"info","message":"firefox27.03b11996ffb854bcba854d25d04539234 compared images for stage: zoomwith eqaulity of: 0","timestamp":"2014-10-09T12:05:45.893Z"}
{"level":"info","message":"Got help style of display: none;","timestamp":"2014-10-09T12:05:46.204Z"}
{"level":"info","message":"Saved screenshot","timestamp":"2014-10-09T12:05:48.904Z"}
{"level":"info","message":"Comparing images from paths: /tmp/screeninternet explorer1129fb6731687a45cb84bab096616efa2e.png.helpClose and images/helpClose-popover-internet explorer-11.png","timestamp":"2014-10-09T12:05:48.904Z"}
{"level":"info","message":"Clicking the zoom button","timestamp":"2014-10-09T12:05:48.929Z"}
{"level":"info","message":"Comparing images for stagezoom","timestamp":"2014-10-09T12:05:48.932Z"}
{"level":"info","message":"Saving screenshot to /tmp/screeninternet explorer1129fb6731687a45cb84bab096616efa2e.png.zoom","timestamp":"2014-10-09T12:05:48.933Z"}
{"level":"info","message":"Image comparison gave: 0","timestamp":"2014-10-09T12:05:48.955Z"}
{"level":"info","message":"internet explorer1129fb6731687a45cb84bab096616efa2e compared images for stage: helpClosewith eqaulity of: 0","timestamp":"2014-10-09T12:05:48.956Z"}
{"level":"info","message":"Saved screenshot","timestamp":"2014-10-09T12:05:50.520Z"}
{"level":"info","message":"Comparing images from paths: /tmp/screenfirefox27.03b11996ffb854bcba854d25d04539234.png.zoomClose and images/zoomClose-popover-firefox-27.0.png","timestamp":"2014-10-09T12:05:50.520Z"}
{"level":"info","message":"Image comparison gave: 0","timestamp":"2014-10-09T12:05:50.573Z"}
{"level":"info","message":"firefox27.03b11996ffb854bcba854d25d04539234 compared images for stage: zoomClosewith eqaulity of: 0","timestamp":"2014-10-09T12:05:50.573Z"}
{"level":"info","message":"Saved screenshot","timestamp":"2014-10-09T12:05:55.579Z"}
{"level":"info","message":"Comparing images from paths: /tmp/screeninternet explorer1129fb6731687a45cb84bab096616efa2e.png.zoom and images/zoom-popover-internet explorer-11.png","timestamp":"2014-10-09T12:05:55.579Z"}
{"level":"info","message":"Clicking the zoom button","timestamp":"2014-10-09T12:05:55.592Z"}
{"level":"info","message":"Comparing images for stagezoomClose","timestamp":"2014-10-09T12:05:55.596Z"}
{"level":"info","message":"Saving screenshot to /tmp/screeninternet explorer1129fb6731687a45cb84bab096616efa2e.png.zoomClose","timestamp":"2014-10-09T12:05:55.596Z"}
{"level":"info","message":"Image comparison gave: 0","timestamp":"2014-10-09T12:05:55.632Z"}
{"level":"info","message":"internet explorer1129fb6731687a45cb84bab096616efa2e compared images for stage: zoomwith eqaulity of: 0","timestamp":"2014-10-09T12:05:55.632Z"}
{"rotatable":false,"browserConnectionEnabled":false,"acceptSslCerts":true,"cssSelectorsEnabled":true,"chrome":{"chromedriverVersion":"2.4.226107"},"javascriptEnabled":true,"version":"30.0.1599.65","webdriver.remote.sessionid":"9223982358444cce9ba5f9102991919a","databaseEnabled":true,"locationContextEnabled":true,"platform":"Windows NT","browserName":"chrome","takesScreenshot":true,"hasMetadata":true,"nativeEvents":true,"applicationCacheEnabled":false,"webStorageEnabled":true,"handlesAlerts":true,"level":"info","message":"","timestamp":"2014-10-09T12:05:59.358Z"}
{"level":"info","message":"undefined","timestamp":"2014-10-09T12:05:59.359Z"}
{"level":"info","message":"BROWSER IS: chrome","timestamp":"2014-10-09T12:05:59.359Z"}
{"level":"info","message":"Initialising file paths with browser & version","timestamp":"2014-10-09T12:05:59.359Z"}
{"level":"info","message":"Initialising file paths with browser & version","timestamp":"2014-10-09T12:05:59.359Z"}
{"level":"info","message":"Initialising file paths with browser & version","timestamp":"2014-10-09T12:05:59.359Z"}
{"level":"info","message":"Initialising file paths with browser & version","timestamp":"2014-10-09T12:05:59.359Z"}
{"level":"info","message":"Initialising file paths with browser & version","timestamp":"2014-10-09T12:05:59.359Z"}
{"level":"info","message":"Initialising file paths with browser & version","timestamp":"2014-10-09T12:05:59.359Z"}
{"level":"info","message":"Initialising file paths with browser & version","timestamp":"2014-10-09T12:05:59.359Z"}
{"level":"info","message":"Initialising file paths with browser & version","timestamp":"2014-10-09T12:05:59.359Z"}
{"level":"info","message":"Initialising file paths with browser & version","timestamp":"2014-10-09T12:05:59.359Z"}
{"level":"info","message":"Initialising file paths with browser & version","timestamp":"2014-10-09T12:05:59.360Z"}
{"level":"info","message":"Initialising file paths with browser & version","timestamp":"2014-10-09T12:05:59.360Z"}
{"level":"info","message":"Initialising file paths with browser & version","timestamp":"2014-10-09T12:05:59.360Z"}
{"level":"info","message":"Initialising file paths with browser & version","timestamp":"2014-10-09T12:05:59.360Z"}
{"level":"info","message":"Initialising file paths with browser & version","timestamp":"2014-10-09T12:05:59.360Z"}
{"level":"info","message":"Initialising file paths with browser & version","timestamp":"2014-10-09T12:05:59.360Z"}
{"level":"info","message":"Initialising file paths with browser & version","timestamp":"2014-10-09T12:05:59.360Z"}
{"level":"info","message":"Initialising file paths with browser & version","timestamp":"2014-10-09T12:05:59.360Z"}
{"level":"info","message":"Initialising file paths with browser & version","timestamp":"2014-10-09T12:05:59.360Z"}
{"level":"info","message":"Initialising file paths with browser & version","timestamp":"2014-10-09T12:05:59.360Z"}
{"level":"info","message":"Initialising file paths with browser & version","timestamp":"2014-10-09T12:05:59.360Z"}
{"level":"info","message":"Initialising file paths with browser & version","timestamp":"2014-10-09T12:05:59.360Z"}
{"level":"info","message":"Opening URL: http://jenkins.zoetrope.io:8888/v3/testInline.html","timestamp":"2014-10-09T12:05:59.748Z"}
{"level":"info","message":"Initialising file paths with browser & version","timestamp":"2014-10-09T12:05:59.748Z"}
{"level":"info","message":"Initialising file paths with browser & version","timestamp":"2014-10-09T12:05:59.748Z"}
{"level":"info","message":"Initialising file paths with browser & version","timestamp":"2014-10-09T12:05:59.749Z"}
{"level":"info","message":"Initialising file paths with browser & version","timestamp":"2014-10-09T12:05:59.749Z"}
{"level":"info","message":"Initialising file paths with browser & version","timestamp":"2014-10-09T12:05:59.749Z"}
{"level":"info","message":"Initialising file paths with browser & version","timestamp":"2014-10-09T12:05:59.749Z"}
{"level":"info","message":"Saved screenshot","timestamp":"2014-10-09T12:06:01.504Z"}
{"level":"info","message":"Comparing images from paths: /tmp/screeninternet explorer1129fb6731687a45cb84bab096616efa2e.png.zoomClose and images/zoomClose-popover-internet explorer-11.png","timestamp":"2014-10-09T12:06:01.504Z"}
{"level":"info","message":"Image comparison gave: 0","timestamp":"2014-10-09T12:06:01.562Z"}
{"level":"info","message":"internet explorer1129fb6731687a45cb84bab096616efa2e compared images for stage: zoomClosewith eqaulity of: 0","timestamp":"2014-10-09T12:06:01.562Z"}
{"level":"info","message":"Comparing images for stageload","timestamp":"2014-10-09T12:06:05.133Z"}
{"level":"info","message":"Saving screenshot to /tmp/screenchrome30.0.1599.659223982358444cce9ba5f9102991919a.png.load","timestamp":"2014-10-09T12:06:05.133Z"}
{"level":"info","message":"Saved screenshot","timestamp":"2014-10-09T12:06:07.901Z"}
{"level":"info","message":"Comparing images from paths: /tmp/screenchrome30.0.1599.659223982358444cce9ba5f9102991919a.png.load and images/load-inline-chrome-30.0.1599.65.png","timestamp":"2014-10-09T12:06:07.902Z"}
{"level":"info","message":"Clicking the help button","timestamp":"2014-10-09T12:06:07.940Z"}
{"parentElementArrayFinder":{"locator_":{"using":"css selector","value":".zoe-btn-help"}},"elementArrayFinder_":{"locator_":{"$ref":"$[\"parentElementArrayFinder\"][\"locator_\"]"}},"level":"info","message":"help button is","timestamp":"2014-10-09T12:06:07.943Z"}
{"level":"info","message":"Image comparison gave: 0.0000029478","timestamp":"2014-10-09T12:06:07.972Z"}
{"level":"info","message":"chrome30.0.1599.659223982358444cce9ba5f9102991919a compared images for stage: loadwith eqaulity of: 0.0000029478","timestamp":"2014-10-09T12:06:07.972Z"}
{"level":"info","message":"Got help style of ","timestamp":"2014-10-09T12:06:09.933Z"}
{"level":"info","message":"Comparing images for stagehelp","timestamp":"2014-10-09T12:06:09.977Z"}
{"level":"info","message":"Saving screenshot to /tmp/screenchrome30.0.1599.659223982358444cce9ba5f9102991919a.png.help","timestamp":"2014-10-09T12:06:09.977Z"}
{"level":"info","message":"Saved screenshot","timestamp":"2014-10-09T12:06:11.442Z"}
{"level":"info","message":"Comparing images from paths: /tmp/screenchrome30.0.1599.659223982358444cce9ba5f9102991919a.png.help and images/help-inline-chrome-30.0.1599.65.png","timestamp":"2014-10-09T12:06:11.442Z"}
{"level":"info","message":"Clicking the help button","timestamp":"2014-10-09T12:06:11.488Z"}
{"parentElementArrayFinder":{"locator_":{"using":"css selector","value":".zoe-btn-help"}},"elementArrayFinder_":{"locator_":{"$ref":"$[\"parentElementArrayFinder\"][\"locator_\"]"}},"level":"info","message":"help button is","timestamp":"2014-10-09T12:06:11.491Z"}
{"level":"info","message":"Comparing images for stagehelpClose","timestamp":"2014-10-09T12:06:11.493Z"}
{"level":"info","message":"Saving screenshot to /tmp/screenchrome30.0.1599.659223982358444cce9ba5f9102991919a.png.helpClose","timestamp":"2014-10-09T12:06:11.493Z"}
{"level":"info","message":"Image comparison gave: 0","timestamp":"2014-10-09T12:06:11.511Z"}
{"level":"info","message":"chrome30.0.1599.659223982358444cce9ba5f9102991919a compared images for stage: helpwith eqaulity of: 0","timestamp":"2014-10-09T12:06:11.512Z"}
{"level":"info","message":"Got help style of display: none;","timestamp":"2014-10-09T12:06:13.722Z"}
{"level":"info","message":"Saved screenshot","timestamp":"2014-10-09T12:06:15.382Z"}
{"level":"info","message":"Comparing images from paths: /tmp/screenchrome30.0.1599.659223982358444cce9ba5f9102991919a.png.helpClose and images/helpClose-inline-chrome-30.0.1599.65.png","timestamp":"2014-10-09T12:06:15.382Z"}
{"level":"info","message":"Clicking the zoom button","timestamp":"2014-10-09T12:06:15.398Z"}
{"level":"info","message":"Comparing images for stagezoom","timestamp":"2014-10-09T12:06:15.402Z"}
{"level":"info","message":"Saving screenshot to /tmp/screenchrome30.0.1599.659223982358444cce9ba5f9102991919a.png.zoom","timestamp":"2014-10-09T12:06:15.402Z"}
{"level":"info","message":"Image comparison gave: 0","timestamp":"2014-10-09T12:06:15.450Z"}
{"level":"info","message":"chrome30.0.1599.659223982358444cce9ba5f9102991919a compared images for stage: helpClosewith eqaulity of: 0","timestamp":"2014-10-09T12:06:15.450Z"}
{"level":"info","message":"Saved screenshot","timestamp":"2014-10-09T12:06:19.569Z"}
{"level":"info","message":"Comparing images from paths: /tmp/screenchrome30.0.1599.659223982358444cce9ba5f9102991919a.png.zoom and images/zoom-inline-chrome-30.0.1599.65.png","timestamp":"2014-10-09T12:06:19.569Z"}
{"level":"info","message":"Clicking the zoom button","timestamp":"2014-10-09T12:06:19.584Z"}
{"level":"info","message":"Comparing images for stagezoomClose","timestamp":"2014-10-09T12:06:19.592Z"}
{"level":"info","message":"Saving screenshot to /tmp/screenchrome30.0.1599.659223982358444cce9ba5f9102991919a.png.zoomClose","timestamp":"2014-10-09T12:06:19.592Z"}
{"level":"info","message":"Image comparison gave: 0","timestamp":"2014-10-09T12:06:19.640Z"}
{"level":"info","message":"chrome30.0.1599.659223982358444cce9ba5f9102991919a compared images for stage: zoomwith eqaulity of: 0","timestamp":"2014-10-09T12:06:19.640Z"}
{"level":"info","message":"Saved screenshot","timestamp":"2014-10-09T12:06:22.778Z"}
{"level":"info","message":"Comparing images from paths: /tmp/screenchrome30.0.1599.659223982358444cce9ba5f9102991919a.png.zoomClose and images/zoomClose-inline-chrome-30.0.1599.65.png","timestamp":"2014-10-09T12:06:22.778Z"}
{"level":"info","message":"Opening URL: http://jenkins.zoetrope.io:8888/v3/testPopover.html","timestamp":"2014-10-09T12:06:22.798Z"}
{"level":"info","message":"Initialising file paths with browser & version","timestamp":"2014-10-09T12:06:22.798Z"}
{"level":"info","message":"Initialising file paths with browser & version","timestamp":"2014-10-09T12:06:22.798Z"}
{"level":"info","message":"Initialising file paths with browser & version","timestamp":"2014-10-09T12:06:22.798Z"}
{"level":"info","message":"Initialising file paths with browser & version","timestamp":"2014-10-09T12:06:22.798Z"}
{"level":"info","message":"Initialising file paths with browser & version","timestamp":"2014-10-09T12:06:22.798Z"}
{"level":"info","message":"Initialising file paths with browser & version","timestamp":"2014-10-09T12:06:22.799Z"}
{"level":"info","message":"Image comparison gave: 0","timestamp":"2014-10-09T12:06:22.846Z"}
{"level":"info","message":"chrome30.0.1599.659223982358444cce9ba5f9102991919a compared images for stage: zoomClosewith eqaulity of: 0","timestamp":"2014-10-09T12:06:22.847Z"}
{"level":"info","message":"Comparing images for stageload","timestamp":"2014-10-09T12:06:23.800Z"}
{"level":"info","message":"Saving screenshot to /tmp/screenchrome30.0.1599.659223982358444cce9ba5f9102991919a.png.load","timestamp":"2014-10-09T12:06:23.800Z"}
{"level":"info","message":"Saved screenshot","timestamp":"2014-10-09T12:06:25.772Z"}
{"level":"info","message":"Comparing images from paths: /tmp/screenchrome30.0.1599.659223982358444cce9ba5f9102991919a.png.load and images/load-popover-chrome-30.0.1599.65.png","timestamp":"2014-10-09T12:06:25.772Z"}
{"level":"info","message":"Clicking on widget trigger","timestamp":"2014-10-09T12:06:25.809Z"}
{"level":"info","message":"Image comparison gave: 0","timestamp":"2014-10-09T12:06:25.844Z"}
{"level":"info","message":"chrome30.0.1599.659223982358444cce9ba5f9102991919a compared images for stage: loadwith eqaulity of: 0","timestamp":"2014-10-09T12:06:25.844Z"}
{"level":"info","message":"Comparing images for stageopenWidget","timestamp":"2014-10-09T12:06:26.983Z"}
{"level":"info","message":"Saving screenshot to /tmp/screenchrome30.0.1599.659223982358444cce9ba5f9102991919a.png.openWidget","timestamp":"2014-10-09T12:06:26.983Z"}
{"level":"info","message":"Saved screenshot","timestamp":"2014-10-09T12:06:29.955Z"}
{"level":"info","message":"Comparing images from paths: /tmp/screenchrome30.0.1599.659223982358444cce9ba5f9102991919a.png.openWidget and images/openWidget-popover-chrome-30.0.1599.65.png","timestamp":"2014-10-09T12:06:29.955Z"}
{"level":"info","message":"Clicking the help button","timestamp":"2014-10-09T12:06:29.989Z"}
{"parentElementArrayFinder":{"locator_":{"using":"css selector","value":".zoe-btn-help"}},"elementArrayFinder_":{"locator_":{"$ref":"$[\"parentElementArrayFinder\"][\"locator_\"]"}},"level":"info","message":"help button is","timestamp":"2014-10-09T12:06:29.992Z"}
{"level":"info","message":"Image comparison gave: 0.0006210606","timestamp":"2014-10-09T12:06:30.030Z"}
{"level":"info","message":"chrome30.0.1599.659223982358444cce9ba5f9102991919a compared images for stage: openWidgetwith eqaulity of: 0.0006210606","timestamp":"2014-10-09T12:06:30.030Z"}
{"level":"info","message":"Got help style of ","timestamp":"2014-10-09T12:06:38.008Z"}
{"level":"info","message":"Comparing images for stagehelp","timestamp":"2014-10-09T12:06:38.051Z"}
{"level":"info","message":"Saving screenshot to /tmp/screenchrome30.0.1599.659223982358444cce9ba5f9102991919a.png.help","timestamp":"2014-10-09T12:06:38.052Z"}
{"level":"info","message":"Saved screenshot","timestamp":"2014-10-09T12:06:40.040Z"}
{"level":"info","message":"Comparing images from paths: /tmp/screenchrome30.0.1599.659223982358444cce9ba5f9102991919a.png.help and images/help-popover-chrome-30.0.1599.65.png","timestamp":"2014-10-09T12:06:40.040Z"}
{"level":"info","message":"Clicking the help button","timestamp":"2014-10-09T12:06:40.086Z"}
{"parentElementArrayFinder":{"locator_":{"using":"css selector","value":".zoe-btn-help"}},"elementArrayFinder_":{"locator_":{"$ref":"$[\"parentElementArrayFinder\"][\"locator_\"]"}},"level":"info","message":"help button is","timestamp":"2014-10-09T12:06:40.088Z"}
{"level":"info","message":"Comparing images for stagehelpClose","timestamp":"2014-10-09T12:06:40.090Z"}
{"level":"info","message":"Saving screenshot to /tmp/screenchrome30.0.1599.659223982358444cce9ba5f9102991919a.png.helpClose","timestamp":"2014-10-09T12:06:40.090Z"}
{"level":"info","message":"Image comparison gave: 0","timestamp":"2014-10-09T12:06:40.113Z"}
{"level":"info","message":"chrome30.0.1599.659223982358444cce9ba5f9102991919a compared images for stage: helpwith eqaulity of: 0","timestamp":"2014-10-09T12:06:40.113Z"}
{"level":"info","message":"Got help style of display: none;","timestamp":"2014-10-09T12:06:44.402Z"}
{"level":"info","message":"Saved screenshot","timestamp":"2014-10-09T12:06:46.562Z"}
{"level":"info","message":"Comparing images from paths: /tmp/screenchrome30.0.1599.659223982358444cce9ba5f9102991919a.png.helpClose and images/helpClose-popover-chrome-30.0.1599.65.png","timestamp":"2014-10-09T12:06:46.563Z"}
{"level":"info","message":"Clicking the zoom button","timestamp":"2014-10-09T12:06:46.577Z"}
{"level":"info","message":"Comparing images for stagezoom","timestamp":"2014-10-09T12:06:46.581Z"}
{"level":"info","message":"Saving screenshot to /tmp/screenchrome30.0.1599.659223982358444cce9ba5f9102991919a.png.zoom","timestamp":"2014-10-09T12:06:46.581Z"}
{"level":"info","message":"Image comparison gave: 0","timestamp":"2014-10-09T12:06:46.641Z"}
{"level":"info","message":"chrome30.0.1599.659223982358444cce9ba5f9102991919a compared images for stage: helpClosewith eqaulity of: 0","timestamp":"2014-10-09T12:06:46.641Z"}
{"level":"info","message":"Saved screenshot","timestamp":"2014-10-09T12:06:52.420Z"}
{"level":"info","message":"Comparing images from paths: /tmp/screenchrome30.0.1599.659223982358444cce9ba5f9102991919a.png.zoom and images/zoom-popover-chrome-30.0.1599.65.png","timestamp":"2014-10-09T12:06:52.420Z"}
{"level":"info","message":"Clicking the zoom button","timestamp":"2014-10-09T12:06:52.436Z"}
{"level":"info","message":"Comparing images for stagezoomClose","timestamp":"2014-10-09T12:06:52.440Z"}
{"level":"info","message":"Saving screenshot to /tmp/screenchrome30.0.1599.659223982358444cce9ba5f9102991919a.png.zoomClose","timestamp":"2014-10-09T12:06:52.440Z"}
{"level":"info","message":"Image comparison gave: 0","timestamp":"2014-10-09T12:06:52.501Z"}
{"level":"info","message":"chrome30.0.1599.659223982358444cce9ba5f9102991919a compared images for stage: zoomwith eqaulity of: 0","timestamp":"2014-10-09T12:06:52.501Z"}
{"level":"info","message":"Saved screenshot","timestamp":"2014-10-09T12:06:56.435Z"}
{"level":"info","message":"Comparing images from paths: /tmp/screenchrome30.0.1599.659223982358444cce9ba5f9102991919a.png.zoomClose and images/zoomClose-popover-chrome-30.0.1599.65.png","timestamp":"2014-10-09T12:06:56.435Z"}
{"level":"info","message":"Image comparison gave: 0","timestamp":"2014-10-09T12:06:56.514Z"}
{"level":"info","message":"chrome30.0.1599.659223982358444cce9ba5f9102991919a compared images for stage: zoomClosewith eqaulity of: 0","timestamp":"2014-10-09T12:06:56.514Z"}
{"level":"info","message":"Initialising jasmine tests","timestamp":"2014-10-09T12:49:20.707Z"}
{"level":"info","message":"Initialising jasmine tests","timestamp":"2014-10-09T12:49:20.821Z"}
{"level":"info","message":"Initialising jasmine tests","timestamp":"2014-10-09T12:49:20.850Z"}
{"level":"info","message":"Initialising jasmine tests","timestamp":"2014-10-09T12:49:20.857Z"}
{"level":"info","message":"Initialising jasmine tests","timestamp":"2014-10-09T12:49:20.813Z"}
{"level":"info","message":"Initialising jasmine tests","timestamp":"2014-10-09T12:49:20.907Z"}
{"level":"info","message":"Initialising jasmine tests","timestamp":"2014-10-09T12:49:20.922Z"}
{"takesScreenshot":true,"webdriver.remote.sessionid":"569668fb4e4d4122abac553b62f643ab","unexpectedAlertBehaviour":"dismiss","ie.browserCommandLineSwitches":"","browserAttachTimeout":0,"ie.ensureCleanSession":false,"ignoreProtectedModeSettings":false,"platform":"WINDOWS","version":"11","ignoreZoomSetting":false,"nativeEvents":true,"handlesAlerts":true,"javascriptEnabled":true,"requireWindowFocus":false,"ie.usePerProcessProxy":false,"hasMetadata":true,"initialBrowserUrl":"http://localhost:23835/","enableElementCacheCleanup":true,"cssSelectorsEnabled":true,"browserName":"internet explorer","elementScrollBehavior":0,"enablePersistentHover":true,"ie.forceCreateProcessApi":false,"level":"info","message":"","timestamp":"2014-10-09T12:49:32.402Z"}
{"level":"info","message":"undefined","timestamp":"2014-10-09T12:49:32.402Z"}
{"level":"info","message":"Initialising file paths with browser & version","timestamp":"2014-10-09T12:49:32.403Z"}
{"level":"info","message":"Opening URL: http://jenkins.zoetrope.io:8888/v3/testInline.html","timestamp":"2014-10-09T12:49:33.859Z"}
{"level":"info","message":"Initialising file paths with browser & version","timestamp":"2014-10-09T12:49:33.859Z"}
{"level":"info","message":"Initialising file paths with browser & version","timestamp":"2014-10-09T12:49:33.859Z"}
{"level":"info","message":"Initialising file paths with browser & version","timestamp":"2014-10-09T12:49:33.859Z"}
{"level":"info","message":"Initialising file paths with browser & version","timestamp":"2014-10-09T12:49:33.859Z"}
{"level":"info","message":"Initialising file paths with browser & version","timestamp":"2014-10-09T12:49:33.859Z"}
{"level":"info","message":"Initialising file paths with browser & version","timestamp":"2014-10-09T12:49:33.859Z"}
{"level":"info","message":"Saving screenshot to images/load-inline-internet explorer-11.png","timestamp":"2014-10-09T12:49:44.797Z"}
{"level":"info","message":"Saved screenshot","timestamp":"2014-10-09T12:49:49.975Z"}
{"level":"info","message":"Clicking the help button","timestamp":"2014-10-09T12:49:50.009Z"}
{"level":"info","message":"Clicking the help button","timestamp":"2014-10-09T12:49:50.028Z"}
{"level":"info","message":"Clicking the zoom button","timestamp":"2014-10-09T12:49:50.045Z"}
{"level":"info","message":"Clicking the zoom button","timestamp":"2014-10-09T12:49:50.059Z"}
{"level":"info","message":"Opening URL: http://jenkins.zoetrope.io:8888/v3/testPopover.html","timestamp":"2014-10-09T12:49:50.071Z"}
{"level":"info","message":"Initialising file paths with browser & version","timestamp":"2014-10-09T12:49:50.071Z"}
{"level":"info","message":"Initialising file paths with browser & version","timestamp":"2014-10-09T12:49:50.071Z"}
{"level":"info","message":"Initialising file paths with browser & version","timestamp":"2014-10-09T12:49:50.071Z"}
{"level":"info","message":"Initialising file paths with browser & version","timestamp":"2014-10-09T12:49:50.071Z"}
{"level":"info","message":"Initialising file paths with browser & version","timestamp":"2014-10-09T12:49:50.071Z"}
{"level":"info","message":"Initialising file paths with browser & version","timestamp":"2014-10-09T12:49:50.071Z"}
{"level":"info","message":"Saving screenshot to images/load-popover-internet explorer-11.png","timestamp":"2014-10-09T12:49:51.405Z"}
{"level":"info","message":"Saved screenshot","timestamp":"2014-10-09T12:49:55.869Z"}
{"level":"info","message":"Clicking on widget trigger","timestamp":"2014-10-09T12:49:55.901Z"}
{"level":"info","message":"Clicking the help button","timestamp":"2014-10-09T12:49:55.914Z"}
{"level":"info","message":"Clicking the help button","timestamp":"2014-10-09T12:49:55.928Z"}
{"level":"info","message":"Clicking the zoom button","timestamp":"2014-10-09T12:49:55.943Z"}
{"level":"info","message":"Clicking the zoom button","timestamp":"2014-10-09T12:49:55.955Z"}
{"takesScreenshot":true,"version":"6.1","cssSelectorsEnabled":true,"javascriptEnabled":true,"databaseEnabled":true,"locationContextEnabled":true,"platform":"MAC","browserName":"iPad","webdriver.remote.sessionid":"2b3d06d1933a4536b5fcaa6c8672ed0f","hasMetadata":true,"webStorageEnabled":true,"level":"info","message":"","timestamp":"2014-10-09T12:50:02.792Z"}
{"level":"info","message":"undefined","timestamp":"2014-10-09T12:50:02.792Z"}
{"level":"info","message":"Initialising file paths with browser & version","timestamp":"2014-10-09T12:50:02.793Z"}
{"level":"info","message":"Opening URL: http://jenkins.zoetrope.io:8888/v3/testInline.html","timestamp":"2014-10-09T12:50:04.411Z"}
{"level":"info","message":"Initialising file paths with browser & version","timestamp":"2014-10-09T12:50:04.411Z"}
{"level":"info","message":"Initialising file paths with browser & version","timestamp":"2014-10-09T12:50:04.411Z"}
{"level":"info","message":"Initialising file paths with browser & version","timestamp":"2014-10-09T12:50:04.411Z"}
{"level":"info","message":"Initialising file paths with browser & version","timestamp":"2014-10-09T12:50:04.412Z"}
{"level":"info","message":"Initialising file paths with browser & version","timestamp":"2014-10-09T12:50:04.412Z"}
{"level":"info","message":"Initialising file paths with browser & version","timestamp":"2014-10-09T12:50:04.412Z"}
{"level":"info","message":"Saving screenshot to images/load-inline-iPad-6.1.png","timestamp":"2014-10-09T12:50:08.900Z"}
{"level":"info","message":"Saved screenshot","timestamp":"2014-10-09T12:50:11.776Z"}
{"level":"info","message":"Clicking the help button","timestamp":"2014-10-09T12:50:11.810Z"}
{"level":"info","message":"Clicking the help button","timestamp":"2014-10-09T12:50:11.827Z"}
{"level":"info","message":"Clicking the zoom button","timestamp":"2014-10-09T12:50:11.841Z"}
{"level":"info","message":"Clicking the zoom button","timestamp":"2014-10-09T12:50:11.854Z"}
{"level":"info","message":"Opening URL: http://jenkins.zoetrope.io:8888/v3/testPopover.html","timestamp":"2014-10-09T12:50:11.868Z"}
{"level":"info","message":"Initialising file paths with browser & version","timestamp":"2014-10-09T12:50:11.868Z"}
{"level":"info","message":"Initialising file paths with browser & version","timestamp":"2014-10-09T12:50:11.868Z"}
{"level":"info","message":"Initialising file paths with browser & version","timestamp":"2014-10-09T12:50:11.868Z"}
{"level":"info","message":"Initialising file paths with browser & version","timestamp":"2014-10-09T12:50:11.868Z"}
{"level":"info","message":"Initialising file paths with browser & version","timestamp":"2014-10-09T12:50:11.868Z"}
{"level":"info","message":"Initialising file paths with browser & version","timestamp":"2014-10-09T12:50:11.868Z"}
{"level":"info","message":"Saving screenshot to images/load-popover-iPad-6.1.png","timestamp":"2014-10-09T12:50:13.820Z"}
{"rotatable":false,"browserConnectionEnabled":true,"acceptSslCerts":true,"cssSelectorsEnabled":true,"javascriptEnabled":true,"nativeEvents":true,"databaseEnabled":true,"locationContextEnabled":true,"takesScreenshot":true,"platform":"XP","browserName":"firefox","webdriver.remote.sessionid":"56b4685efc45474fbda5d95970f9edaa","hasMetadata":true,"version":"27.0","applicationCacheEnabled":true,"webStorageEnabled":true,"handlesAlerts":true,"level":"info","message":"","timestamp":"2014-10-09T12:50:17.441Z"}
{"level":"info","message":"undefined","timestamp":"2014-10-09T12:50:17.441Z"}
{"level":"info","message":"Initialising file paths with browser & version","timestamp":"2014-10-09T12:50:17.442Z"}
{"level":"info","message":"Saved screenshot","timestamp":"2014-10-09T12:50:18.631Z"}
{"level":"info","message":"Clicking on widget trigger","timestamp":"2014-10-09T12:50:18.665Z"}
{"level":"info","message":"Clicking the help button","timestamp":"2014-10-09T12:50:18.678Z"}
{"level":"info","message":"Clicking the help button","timestamp":"2014-10-09T12:50:18.692Z"}
{"level":"info","message":"Clicking the zoom button","timestamp":"2014-10-09T12:50:18.705Z"}
{"level":"info","message":"Clicking the zoom button","timestamp":"2014-10-09T12:50:18.718Z"}
{"level":"info","message":"Opening URL: http://jenkins.zoetrope.io:8888/v3/testInline.html","timestamp":"2014-10-09T12:50:18.865Z"}
{"level":"info","message":"Initialising file paths with browser & version","timestamp":"2014-10-09T12:50:18.865Z"}
{"level":"info","message":"Initialising file paths with browser & version","timestamp":"2014-10-09T12:50:18.865Z"}
{"level":"info","message":"Initialising file paths with browser & version","timestamp":"2014-10-09T12:50:18.865Z"}
{"level":"info","message":"Initialising file paths with browser & version","timestamp":"2014-10-09T12:50:18.865Z"}
{"level":"info","message":"Initialising file paths with browser & version","timestamp":"2014-10-09T12:50:18.865Z"}
{"level":"info","message":"Initialising file paths with browser & version","timestamp":"2014-10-09T12:50:18.865Z"}
{"level":"info","message":"Saving screenshot to images/load-inline-firefox-27.0.png","timestamp":"2014-10-09T12:50:24.404Z"}
{"level":"info","message":"Saved screenshot","timestamp":"2014-10-09T12:50:28.203Z"}
{"level":"info","message":"Clicking the help button","timestamp":"2014-10-09T12:50:28.236Z"}
{"level":"info","message":"Clicking the help button","timestamp":"2014-10-09T12:50:28.251Z"}
{"level":"info","message":"Clicking the zoom button","timestamp":"2014-10-09T12:50:28.265Z"}
{"level":"info","message":"Clicking the zoom button","timestamp":"2014-10-09T12:50:28.278Z"}
{"level":"info","message":"Opening URL: http://jenkins.zoetrope.io:8888/v3/testPopover.html","timestamp":"2014-10-09T12:50:28.291Z"}
{"level":"info","message":"Initialising file paths with browser & version","timestamp":"2014-10-09T12:50:28.291Z"}
{"level":"info","message":"Initialising file paths with browser & version","timestamp":"2014-10-09T12:50:28.291Z"}
{"level":"info","message":"Initialising file paths with browser & version","timestamp":"2014-10-09T12:50:28.291Z"}
{"level":"info","message":"Initialising file paths with browser & version","timestamp":"2014-10-09T12:50:28.291Z"}
{"level":"info","message":"Initialising file paths with browser & version","timestamp":"2014-10-09T12:50:28.291Z"}
{"level":"info","message":"Initialising file paths with browser & version","timestamp":"2014-10-09T12:50:28.291Z"}
{"level":"info","message":"Saving screenshot to images/load-popover-firefox-27.0.png","timestamp":"2014-10-09T12:50:29.340Z"}
{"level":"info","message":"Saved screenshot","timestamp":"2014-10-09T12:50:32.458Z"}
{"level":"info","message":"Clicking on widget trigger","timestamp":"2014-10-09T12:50:32.504Z"}
{"level":"info","message":"Clicking the help button","timestamp":"2014-10-09T12:50:32.519Z"}
{"level":"info","message":"Clicking the help button","timestamp":"2014-10-09T12:50:32.534Z"}
{"level":"info","message":"Clicking the zoom button","timestamp":"2014-10-09T12:50:32.548Z"}
{"level":"info","message":"Clicking the zoom button","timestamp":"2014-10-09T12:50:32.562Z"}
{"level":"info","message":"Initialising jasmine tests","timestamp":"2014-10-09T12:53:01.942Z"}
{"level":"info","message":"Initialising jasmine tests","timestamp":"2014-10-09T12:53:02.026Z"}
{"level":"info","message":"Initialising jasmine tests","timestamp":"2014-10-09T12:53:02.026Z"}
{"level":"info","message":"Initialising jasmine tests","timestamp":"2014-10-09T12:53:02.079Z"}
{"level":"info","message":"Initialising jasmine tests","timestamp":"2014-10-09T12:53:02.132Z"}
{"level":"info","message":"Initialising jasmine tests","timestamp":"2014-10-09T12:53:02.153Z"}
{"level":"info","message":"Initialising jasmine tests","timestamp":"2014-10-09T12:53:02.070Z"}
{"takesScreenshot":true,"webdriver.remote.sessionid":"016f4b3197dc42a6abb21377ca4ad56f","unexpectedAlertBehaviour":"dismiss","ie.browserCommandLineSwitches":"","browserAttachTimeout":0,"ie.ensureCleanSession":false,"ignoreProtectedModeSettings":false,"platform":"WINDOWS","version":"11","ignoreZoomSetting":false,"nativeEvents":true,"handlesAlerts":true,"javascriptEnabled":true,"requireWindowFocus":false,"ie.usePerProcessProxy":false,"hasMetadata":true,"initialBrowserUrl":"http://localhost:43795/","enableElementCacheCleanup":true,"cssSelectorsEnabled":true,"browserName":"internet explorer","elementScrollBehavior":0,"enablePersistentHover":true,"ie.forceCreateProcessApi":false,"level":"info","message":"","timestamp":"2014-10-09T12:53:10.087Z"}
{"level":"info","message":"undefined","timestamp":"2014-10-09T12:53:10.088Z"}
{"level":"info","message":"Initialising file paths with browser & version","timestamp":"2014-10-09T12:53:10.088Z"}
{"level":"info","message":"Opening URL: http://jenkins.zoetrope.io:8888/v3/testInline.html","timestamp":"2014-10-09T12:53:11.547Z"}
{"level":"info","message":"Initialising file paths with browser & version","timestamp":"2014-10-09T12:53:11.547Z"}
{"level":"info","message":"Initialising file paths with browser & version","timestamp":"2014-10-09T12:53:11.548Z"}
{"level":"info","message":"Initialising file paths with browser & version","timestamp":"2014-10-09T12:53:11.548Z"}
{"level":"info","message":"Initialising file paths with browser & version","timestamp":"2014-10-09T12:53:11.548Z"}
{"level":"info","message":"Initialising file paths with browser & version","timestamp":"2014-10-09T12:53:11.548Z"}
{"level":"info","message":"Initialising file paths with browser & version","timestamp":"2014-10-09T12:53:11.548Z"}
{"level":"info","message":"Saving screenshot to images/load-inline-internet explorer-11.png","timestamp":"2014-10-09T12:53:21.496Z"}
{"takesScreenshot":true,"version":"6.0.5","cssSelectorsEnabled":true,"javascriptEnabled":true,"browserName":"safari","platform":"MAC","secureSsl":true,"webdriver.remote.sessionid":"caa1269ea53243bfb4744e9523373f54","hasMetadata":true,"level":"info","message":"","timestamp":"2014-10-09T12:53:24.023Z"}
{"level":"info","message":"undefined","timestamp":"2014-10-09T12:53:24.024Z"}
{"level":"info","message":"Initialising file paths with browser & version","timestamp":"2014-10-09T12:53:24.024Z"}
{"level":"info","message":"Opening URL: http://jenkins.zoetrope.io:8888/v3/testInline.html","timestamp":"2014-10-09T12:53:25.443Z"}
{"level":"info","message":"Initialising file paths with browser & version","timestamp":"2014-10-09T12:53:25.444Z"}
{"level":"info","message":"Initialising file paths with browser & version","timestamp":"2014-10-09T12:53:25.444Z"}
{"level":"info","message":"Initialising file paths with browser & version","timestamp":"2014-10-09T12:53:25.444Z"}
{"level":"info","message":"Initialising file paths with browser & version","timestamp":"2014-10-09T12:53:25.444Z"}
{"level":"info","message":"Initialising file paths with browser & version","timestamp":"2014-10-09T12:53:25.444Z"}
{"level":"info","message":"Initialising file paths with browser & version","timestamp":"2014-10-09T12:53:25.444Z"}
{"level":"info","message":"Saved screenshot","timestamp":"2014-10-09T12:53:26.008Z"}
{"level":"info","message":"Clicking the help button","timestamp":"2014-10-09T12:53:26.044Z"}
{"parentElementArrayFinder":{"locator_":{"using":"css selector","value":".zoe-btn-help"}},"elementArrayFinder_":{"locator_":{"$ref":"$[\"parentElementArrayFinder\"][\"locator_\"]"}},"level":"info","message":"help button is","timestamp":"2014-10-09T12:53:26.047Z"}
{"level":"info","message":"Got help style of ","timestamp":"2014-10-09T12:53:28.909Z"}
{"level":"info","message":"Saving screenshot to images/help-inline-internet explorer-11.png","timestamp":"2014-10-09T12:53:28.954Z"}
{"level":"info","message":"Saving screenshot to images/load-inline-safari-6.0.5.png","timestamp":"2014-10-09T12:53:31.166Z"}
{"level":"info","message":"Saved screenshot","timestamp":"2014-10-09T12:53:32.775Z"}
{"level":"info","message":"Clicking the help button","timestamp":"2014-10-09T12:53:32.825Z"}
{"parentElementArrayFinder":{"locator_":{"using":"css selector","value":".zoe-btn-help"}},"elementArrayFinder_":{"locator_":{"$ref":"$[\"parentElementArrayFinder\"][\"locator_\"]"}},"level":"info","message":"help button is","timestamp":"2014-10-09T12:53:32.827Z"}
{"level":"info","message":"Saved screenshot","timestamp":"2014-10-09T12:53:36.150Z"}
{"level":"info","message":"Clicking the help button","timestamp":"2014-10-09T12:53:36.182Z"}
{"parentElementArrayFinder":{"locator_":{"using":"css selector","value":".zoe-btn-help"}},"elementArrayFinder_":{"locator_":{"$ref":"$[\"parentElementArrayFinder\"][\"locator_\"]"}},"level":"info","message":"help button is","timestamp":"2014-10-09T12:53:36.185Z"}
{"level":"info","message":"Got help style of display: none;","timestamp":"2014-10-09T12:53:36.493Z"}
{"level":"info","message":"Saving screenshot to images/helpClose-inline-internet explorer-11.png","timestamp":"2014-10-09T12:53:36.535Z"}
{"level":"info","message":"Got help style of ","timestamp":"2014-10-09T12:53:40.447Z"}
{"level":"info","message":"Saving screenshot to images/help-inline-safari-6.0.5.png","timestamp":"2014-10-09T12:53:40.491Z"}
{"level":"info","message":"Saved screenshot","timestamp":"2014-10-09T12:53:41.347Z"}
{"level":"info","message":"Clicking the zoom button","timestamp":"2014-10-09T12:53:41.395Z"}
{"level":"info","message":"Saving screenshot to images/zoom-inline-internet explorer-11.png","timestamp":"2014-10-09T12:53:41.399Z"}
{"level":"info","message":"Saved screenshot","timestamp":"2014-10-09T12:53:44.252Z"}
{"level":"info","message":"Clicking the help button","timestamp":"2014-10-09T12:53:44.300Z"}
{"parentElementArrayFinder":{"locator_":{"using":"css selector","value":".zoe-btn-help"}},"elementArrayFinder_":{"locator_":{"$ref":"$[\"parentElementArrayFinder\"][\"locator_\"]"}},"level":"info","message":"help button is","timestamp":"2014-10-09T12:53:44.302Z"}
{"level":"info","message":"Got help style of display: none; ","timestamp":"2014-10-09T12:53:48.467Z"}
{"level":"info","message":"Saving screenshot to images/helpClose-inline-safari-6.0.5.png","timestamp":"2014-10-09T12:53:48.511Z"}
{"level":"info","message":"Saved screenshot","timestamp":"2014-10-09T12:53:51.929Z"}
{"level":"info","message":"Clicking the zoom button","timestamp":"2014-10-09T12:53:51.940Z"}
{"level":"info","message":"Saving screenshot to images/zoomClose-inline-internet explorer-11.png","timestamp":"2014-10-09T12:53:51.943Z"}
{"level":"info","message":"Saved screenshot","timestamp":"2014-10-09T12:53:54.647Z"}
{"level":"info","message":"Clicking the zoom button","timestamp":"2014-10-09T12:53:54.695Z"}
{"level":"info","message":"Saving screenshot to images/zoom-inline-safari-6.0.5.png","timestamp":"2014-10-09T12:53:54.700Z"}
{"level":"info","message":"Saved screenshot","timestamp":"2014-10-09T12:53:59.145Z"}
{"level":"info","message":"Opening URL: http://jenkins.zoetrope.io:8888/v3/testPopover.html","timestamp":"2014-10-09T12:53:59.157Z"}
{"level":"info","message":"Initialising file paths with browser & version","timestamp":"2014-10-09T12:53:59.157Z"}
{"level":"info","message":"Initialising file paths with browser & version","timestamp":"2014-10-09T12:53:59.157Z"}
{"level":"info","message":"Initialising file paths with browser & version","timestamp":"2014-10-09T12:53:59.157Z"}
{"level":"info","message":"Initialising file paths with browser & version","timestamp":"2014-10-09T12:53:59.157Z"}
{"level":"info","message":"Initialising file paths with browser & version","timestamp":"2014-10-09T12:53:59.157Z"}
{"level":"info","message":"Initialising file paths with browser & version","timestamp":"2014-10-09T12:53:59.157Z"}
{"level":"info","message":"Saving screenshot to images/load-popover-internet explorer-11.png","timestamp":"2014-10-09T12:54:00.570Z"}
{"level":"info","message":"Saved screenshot","timestamp":"2014-10-09T12:54:01.396Z"}
{"level":"info","message":"Clicking the zoom button","timestamp":"2014-10-09T12:54:01.420Z"}
{"level":"info","message":"Saving screenshot to images/zoomClose-inline-safari-6.0.5.png","timestamp":"2014-10-09T12:54:01.423Z"}
{"level":"info","message":"Saved screenshot","timestamp":"2014-10-09T12:54:03.538Z"}
{"level":"info","message":"Clicking on widget trigger","timestamp":"2014-10-09T12:54:03.569Z"}
{"level":"info","message":"Saving screenshot to images/openWidget-popover-internet explorer-11.png","timestamp":"2014-10-09T12:54:06.444Z"}
{"level":"info","message":"Saved screenshot","timestamp":"2014-10-09T12:54:06.586Z"}
{"level":"info","message":"Opening URL: http://jenkins.zoetrope.io:8888/v3/testPopover.html","timestamp":"2014-10-09T12:54:06.600Z"}
{"level":"info","message":"Initialising file paths with browser & version","timestamp":"2014-10-09T12:54:06.600Z"}
{"level":"info","message":"Initialising file paths with browser & version","timestamp":"2014-10-09T12:54:06.600Z"}
{"level":"info","message":"Initialising file paths with browser & version","timestamp":"2014-10-09T12:54:06.600Z"}
{"level":"info","message":"Initialising file paths with browser & version","timestamp":"2014-10-09T12:54:06.600Z"}
{"level":"info","message":"Initialising file paths with browser & version","timestamp":"2014-10-09T12:54:06.600Z"}
{"level":"info","message":"Initialising file paths with browser & version","timestamp":"2014-10-09T12:54:06.600Z"}
{"level":"info","message":"Saving screenshot to images/load-popover-safari-6.0.5.png","timestamp":"2014-10-09T12:54:07.840Z"}
{"level":"info","message":"Saved screenshot","timestamp":"2014-10-09T12:54:09.632Z"}
{"level":"info","message":"Clicking the help button","timestamp":"2014-10-09T12:54:09.664Z"}
{"parentElementArrayFinder":{"locator_":{"using":"css selector","value":".zoe-btn-help"}},"elementArrayFinder_":{"locator_":{"$ref":"$[\"parentElementArrayFinder\"][\"locator_\"]"}},"level":"info","message":"help button is","timestamp":"2014-10-09T12:54:09.667Z"}
{"level":"info","message":"Saved screenshot","timestamp":"2014-10-09T12:54:11.154Z"}
{"level":"info","message":"Clicking on widget trigger","timestamp":"2014-10-09T12:54:11.190Z"}
{"level":"info","message":"Got help style of ","timestamp":"2014-10-09T12:54:12.702Z"}
{"level":"info","message":"Saving screenshot to images/help-popover-internet explorer-11.png","timestamp":"2014-10-09T12:54:12.744Z"}
{"level":"info","message":"Saving screenshot to images/openWidget-popover-safari-6.0.5.png","timestamp":"2014-10-09T12:54:13.259Z"}
{"level":"info","message":"Saved screenshot","timestamp":"2014-10-09T12:54:15.163Z"}
{"level":"info","message":"Clicking the help button","timestamp":"2014-10-09T12:54:15.207Z"}
{"parentElementArrayFinder":{"locator_":{"using":"css selector","value":".zoe-btn-help"}},"elementArrayFinder_":{"locator_":{"$ref":"$[\"parentElementArrayFinder\"][\"locator_\"]"}},"level":"info","message":"help button is","timestamp":"2014-10-09T12:54:15.209Z"}
{"level":"info","message":"Saved screenshot","timestamp":"2014-10-09T12:54:17.566Z"}
{"level":"info","message":"Clicking the help button","timestamp":"2014-10-09T12:54:17.598Z"}
{"parentElementArrayFinder":{"locator_":{"using":"css selector","value":".zoe-btn-help"}},"elementArrayFinder_":{"locator_":{"$ref":"$[\"parentElementArrayFinder\"][\"locator_\"]"}},"level":"info","message":"help button is","timestamp":"2014-10-09T12:54:17.601Z"}
{"level":"info","message":"Got help style of display: none;","timestamp":"2014-10-09T12:54:17.780Z"}
{"level":"info","message":"Saving screenshot to images/helpClose-popover-internet explorer-11.png","timestamp":"2014-10-09T12:54:17.822Z"}
{"level":"info","message":"Got help style of ","timestamp":"2014-10-09T12:54:19.985Z"}
{"level":"info","message":"Saving screenshot to images/help-popover-safari-6.0.5.png","timestamp":"2014-10-09T12:54:20.029Z"}
{"level":"info","message":"Saved screenshot","timestamp":"2014-10-09T12:54:20.316Z"}
{"level":"info","message":"Clicking the zoom button","timestamp":"2014-10-09T12:54:20.359Z"}
{"level":"info","message":"Saving screenshot to images/zoom-popover-internet explorer-11.png","timestamp":"2014-10-09T12:54:20.362Z"}
{"level":"info","message":"Saved screenshot","timestamp":"2014-10-09T12:54:24.543Z"}
{"level":"info","message":"Clicking the help button","timestamp":"2014-10-09T12:54:24.584Z"}
{"parentElementArrayFinder":{"locator_":{"using":"css selector","value":".zoe-btn-help"}},"elementArrayFinder_":{"locator_":{"$ref":"$[\"parentElementArrayFinder\"][\"locator_\"]"}},"level":"info","message":"help button is","timestamp":"2014-10-09T12:54:24.586Z"}
{"level":"info","message":"Saved screenshot","timestamp":"2014-10-09T12:54:27.184Z"}
{"level":"info","message":"Clicking the zoom button","timestamp":"2014-10-09T12:54:27.206Z"}
{"level":"info","message":"Saving screenshot to images/zoomClose-popover-internet explorer-11.png","timestamp":"2014-10-09T12:54:27.210Z"}
{"level":"info","message":"Got help style of display: none; ","timestamp":"2014-10-09T12:54:28.386Z"}
{"level":"info","message":"Saving screenshot to images/helpClose-popover-safari-6.0.5.png","timestamp":"2014-10-09T12:54:28.429Z"}
{"level":"info","message":"Saved screenshot","timestamp":"2014-10-09T12:54:31.820Z"}
{"level":"info","message":"Saved screenshot","timestamp":"2014-10-09T12:54:32.170Z"}
{"level":"info","message":"Clicking the zoom button","timestamp":"2014-10-09T12:54:32.225Z"}
{"level":"info","message":"Saving screenshot to images/zoom-popover-safari-6.0.5.png","timestamp":"2014-10-09T12:54:32.229Z"}
{"level":"info","message":"Saved screenshot","timestamp":"2014-10-09T12:54:40.846Z"}
{"level":"info","message":"Clicking the zoom button","timestamp":"2014-10-09T12:54:40.857Z"}
{"level":"info","message":"Saving screenshot to images/zoomClose-popover-safari-6.0.5.png","timestamp":"2014-10-09T12:54:40.860Z"}
{"level":"info","message":"Saved screenshot","timestamp":"2014-10-09T12:54:48.032Z"}
{"takesScreenshot":true,"version":"6.1","cssSelectorsEnabled":true,"javascriptEnabled":true,"databaseEnabled":true,"locationContextEnabled":true,"platform":"MAC","browserName":"iPhone","webdriver.remote.sessionid":"8748d170dd09441c91173521e9e37cfa","hasMetadata":true,"webStorageEnabled":true,"level":"info","message":"","timestamp":"2014-10-09T12:55:25.411Z"}
{"level":"info","message":"undefined","timestamp":"2014-10-09T12:55:25.412Z"}
{"level":"info","message":"Initialising file paths with browser & version","timestamp":"2014-10-09T12:55:25.412Z"}
{"level":"info","message":"Opening URL: http://jenkins.zoetrope.io:8888/v3/testInline.html","timestamp":"2014-10-09T12:55:27.653Z"}
{"level":"info","message":"Initialising file paths with browser & version","timestamp":"2014-10-09T12:55:27.654Z"}
{"level":"info","message":"Initialising file paths with browser & version","timestamp":"2014-10-09T12:55:27.654Z"}
{"level":"info","message":"Initialising file paths with browser & version","timestamp":"2014-10-09T12:55:27.654Z"}
{"level":"info","message":"Initialising file paths with browser & version","timestamp":"2014-10-09T12:55:27.654Z"}
{"level":"info","message":"Initialising file paths with browser & version","timestamp":"2014-10-09T12:55:27.654Z"}
{"level":"info","message":"Initialising file paths with browser & version","timestamp":"2014-10-09T12:55:27.654Z"}
{"takesScreenshot":true,"version":"6.1","cssSelectorsEnabled":true,"javascriptEnabled":true,"databaseEnabled":true,"locationContextEnabled":true,"platform":"MAC","browserName":"iPad","webdriver.remote.sessionid":"525e5f13dc524838b1fa19ea24d651a1","hasMetadata":true,"webStorageEnabled":true,"level":"info","message":"","timestamp":"2014-10-09T12:55:31.197Z"}
{"level":"info","message":"undefined","timestamp":"2014-10-09T12:55:31.198Z"}
{"level":"info","message":"Initialising file paths with browser & version","timestamp":"2014-10-09T12:55:31.198Z"}
{"level":"info","message":"Saving screenshot to images/load-inline-iPhone-6.1.png","timestamp":"2014-10-09T12:55:32.297Z"}
{"level":"info","message":"Opening URL: http://jenkins.zoetrope.io:8888/v3/testInline.html","timestamp":"2014-10-09T12:55:32.807Z"}
{"level":"info","message":"Initialising file paths with browser & version","timestamp":"2014-10-09T12:55:32.807Z"}
{"level":"info","message":"Initialising file paths with browser & version","timestamp":"2014-10-09T12:55:32.807Z"}
{"level":"info","message":"Initialising file paths with browser & version","timestamp":"2014-10-09T12:55:32.807Z"}
{"level":"info","message":"Initialising file paths with browser & version","timestamp":"2014-10-09T12:55:32.807Z"}
{"level":"info","message":"Initialising file paths with browser & version","timestamp":"2014-10-09T12:55:32.807Z"}
{"level":"info","message":"Initialising file paths with browser & version","timestamp":"2014-10-09T12:55:32.807Z"}
{"level":"info","message":"Saved screenshot","timestamp":"2014-10-09T12:55:37.390Z"}
{"level":"info","message":"Clicking the help button","timestamp":"2014-10-09T12:55:37.424Z"}
{"parentElementArrayFinder":{"locator_":{"using":"css selector","value":".zoe-btn-help"}},"elementArrayFinder_":{"locator_":{"$ref":"$[\"parentElementArrayFinder\"][\"locator_\"]"}},"level":"info","message":"help button is","timestamp":"2014-10-09T12:55:37.427Z"}
{"level":"info","message":"Saving screenshot to images/load-inline-iPad-6.1.png","timestamp":"2014-10-09T12:55:38.614Z"}
{"level":"info","message":"Got help style of ","timestamp":"2014-10-09T12:55:40.717Z"}
{"level":"info","message":"Saving screenshot to images/help-inline-iPhone-6.1.png","timestamp":"2014-10-09T12:55:40.759Z"}
{"level":"info","message":"Saved screenshot","timestamp":"2014-10-09T12:55:41.260Z"}
{"level":"info","message":"Clicking the help button","timestamp":"2014-10-09T12:55:41.308Z"}
{"parentElementArrayFinder":{"locator_":{"using":"css selector","value":".zoe-btn-help"}},"elementArrayFinder_":{"locator_":{"$ref":"$[\"parentElementArrayFinder\"][\"locator_\"]"}},"level":"info","message":"help button is","timestamp":"2014-10-09T12:55:41.311Z"}
{"level":"info","message":"Saved screenshot","timestamp":"2014-10-09T12:55:42.764Z"}
{"level":"info","message":"Clicking the help button","timestamp":"2014-10-09T12:55:42.820Z"}
{"parentElementArrayFinder":{"locator_":{"using":"css selector","value":".zoe-btn-help"}},"elementArrayFinder_":{"locator_":{"$ref":"$[\"parentElementArrayFinder\"][\"locator_\"]"}},"level":"info","message":"help button is","timestamp":"2014-10-09T12:55:42.823Z"}
{"level":"info","message":"Got help style of ","timestamp":"2014-10-09T12:55:45.002Z"}
{"level":"info","message":"Saving screenshot to images/help-inline-iPad-6.1.png","timestamp":"2014-10-09T12:55:45.046Z"}
{"level":"info","message":"Got help style of display: none; ","timestamp":"2014-10-09T12:55:46.076Z"}
{"level":"info","message":"Saving screenshot to images/helpClose-inline-iPhone-6.1.png","timestamp":"2014-10-09T12:55:46.118Z"}
{"level":"info","message":"Saved screenshot","timestamp":"2014-10-09T12:55:47.071Z"}
{"level":"info","message":"Clicking the help button","timestamp":"2014-10-09T12:55:47.114Z"}
{"parentElementArrayFinder":{"locator_":{"using":"css selector","value":".zoe-btn-help"}},"elementArrayFinder_":{"locator_":{"$ref":"$[\"parentElementArrayFinder\"][\"locator_\"]"}},"level":"info","message":"help button is","timestamp":"2014-10-09T12:55:47.116Z"}
{"level":"info","message":"Saved screenshot","timestamp":"2014-10-09T12:55:48.805Z"}
{"level":"info","message":"Clicking the zoom button","timestamp":"2014-10-09T12:55:48.847Z"}
{"level":"info","message":"Saving screenshot to images/zoom-inline-iPhone-6.1.png","timestamp":"2014-10-09T12:55:48.851Z"}
{"level":"info","message":"Got help style of display: none; ","timestamp":"2014-10-09T12:55:50.216Z"}
{"level":"info","message":"Saving screenshot to images/helpClose-inline-iPad-6.1.png","timestamp":"2014-10-09T12:55:50.256Z"}
{"level":"info","message":"Saved screenshot","timestamp":"2014-10-09T12:55:52.716Z"}
{"level":"info","message":"Clicking the zoom button","timestamp":"2014-10-09T12:55:52.757Z"}
{"level":"info","message":"Saving screenshot to images/zoom-inline-iPad-6.1.png","timestamp":"2014-10-09T12:55:52.760Z"}
{"level":"info","message":"Saved screenshot","timestamp":"2014-10-09T12:55:58.222Z"}
{"level":"info","message":"Clicking the zoom button","timestamp":"2014-10-09T12:55:58.234Z"}
{"level":"info","message":"Saving screenshot to images/zoomClose-inline-iPhone-6.1.png","timestamp":"2014-10-09T12:55:58.238Z"}
{"level":"info","message":"Saved screenshot","timestamp":"2014-10-09T12:56:00.765Z"}
{"level":"info","message":"Clicking the zoom button","timestamp":"2014-10-09T12:56:00.776Z"}
{"level":"info","message":"Saving screenshot to images/zoomClose-inline-iPad-6.1.png","timestamp":"2014-10-09T12:56:00.780Z"}
{"level":"info","message":"Saved screenshot","timestamp":"2014-10-09T12:56:05.483Z"}
{"level":"info","message":"Opening URL: http://jenkins.zoetrope.io:8888/v3/testPopover.html","timestamp":"2014-10-09T12:56:05.499Z"}
{"level":"info","message":"Initialising file paths with browser & version","timestamp":"2014-10-09T12:56:05.500Z"}
{"level":"info","message":"Initialising file paths with browser & version","timestamp":"2014-10-09T12:56:05.500Z"}
{"level":"info","message":"Initialising file paths with browser & version","timestamp":"2014-10-09T12:56:05.500Z"}
{"level":"info","message":"Initialising file paths with browser & version","timestamp":"2014-10-09T12:56:05.500Z"}
{"level":"info","message":"Initialising file paths with browser & version","timestamp":"2014-10-09T12:56:05.500Z"}
{"level":"info","message":"Initialising file paths with browser & version","timestamp":"2014-10-09T12:56:05.500Z"}
{"level":"info","message":"Saving screenshot to images/load-popover-iPhone-6.1.png","timestamp":"2014-10-09T12:56:06.966Z"}
{"level":"info","message":"Saved screenshot","timestamp":"2014-10-09T12:56:08.668Z"}
{"level":"info","message":"Opening URL: http://jenkins.zoetrope.io:8888/v3/testPopover.html","timestamp":"2014-10-09T12:56:08.695Z"}
{"level":"info","message":"Initialising file paths with browser & version","timestamp":"2014-10-09T12:56:08.695Z"}
{"level":"info","message":"Initialising file paths with browser & version","timestamp":"2014-10-09T12:56:08.696Z"}
{"level":"info","message":"Initialising file paths with browser & version","timestamp":"2014-10-09T12:56:08.696Z"}
{"level":"info","message":"Initialising file paths with browser & version","timestamp":"2014-10-09T12:56:08.696Z"}
{"level":"info","message":"Initialising file paths with browser & version","timestamp":"2014-10-09T12:56:08.696Z"}
{"level":"info","message":"Initialising file paths with browser & version","timestamp":"2014-10-09T12:56:08.696Z"}
{"level":"info","message":"Saved screenshot","timestamp":"2014-10-09T12:56:10.091Z"}
{"level":"info","message":"Saving screenshot to images/load-popover-iPad-6.1.png","timestamp":"2014-10-09T12:56:10.112Z"}
{"level":"info","message":"Clicking on widget trigger","timestamp":"2014-10-09T12:56:10.123Z"}
{"level":"info","message":"Saving screenshot to images/openWidget-popover-iPhone-6.1.png","timestamp":"2014-10-09T12:56:12.253Z"}
{"level":"info","message":"Saved screenshot","timestamp":"2014-10-09T12:56:13.036Z"}
{"level":"info","message":"Clicking on widget trigger","timestamp":"2014-10-09T12:56:13.067Z"}
{"level":"info","message":"Saved screenshot","timestamp":"2014-10-09T12:56:14.480Z"}
{"level":"info","message":"Clicking the help button","timestamp":"2014-10-09T12:56:14.526Z"}
{"parentElementArrayFinder":{"locator_":{"using":"css selector","value":".zoe-btn-help"}},"elementArrayFinder_":{"locator_":{"$ref":"$[\"parentElementArrayFinder\"][\"locator_\"]"}},"level":"info","message":"help button is","timestamp":"2014-10-09T12:56:14.529Z"}
{"level":"info","message":"Saving screenshot to images/openWidget-popover-iPad-6.1.png","timestamp":"2014-10-09T12:56:15.333Z"}
{"level":"info","message":"Got help style of ","timestamp":"2014-10-09T12:56:17.788Z"}
{"level":"info","message":"Saving screenshot to images/help-popover-iPhone-6.1.png","timestamp":"2014-10-09T12:56:17.831Z"}
{"level":"info","message":"Saved screenshot","timestamp":"2014-10-09T12:56:18.876Z"}
{"level":"info","message":"Clicking the help button","timestamp":"2014-10-09T12:56:18.925Z"}
{"parentElementArrayFinder":{"locator_":{"using":"css selector","value":".zoe-btn-help"}},"elementArrayFinder_":{"locator_":{"$ref":"$[\"parentElementArrayFinder\"][\"locator_\"]"}},"level":"info","message":"help button is","timestamp":"2014-10-09T12:56:18.927Z"}
{"level":"info","message":"Saved screenshot","timestamp":"2014-10-09T12:56:19.677Z"}
{"level":"info","message":"Clicking the help button","timestamp":"2014-10-09T12:56:19.724Z"}
{"parentElementArrayFinder":{"locator_":{"using":"css selector","value":".zoe-btn-help"}},"elementArrayFinder_":{"locator_":{"$ref":"$[\"parentElementArrayFinder\"][\"locator_\"]"}},"level":"info","message":"help button is","timestamp":"2014-10-09T12:56:19.726Z"}
{"level":"info","message":"Got help style of ","timestamp":"2014-10-09T12:56:22.132Z"}
{"level":"info","message":"Saving screenshot to images/help-popover-iPad-6.1.png","timestamp":"2014-10-09T12:56:22.174Z"}
{"level":"info","message":"Got help style of display: none; ","timestamp":"2014-10-09T12:56:23.054Z"}
{"level":"info","message":"Saving screenshot to images/helpClose-popover-iPhone-6.1.png","timestamp":"2014-10-09T12:56:23.095Z"}
{"level":"info","message":"Saved screenshot","timestamp":"2014-10-09T12:56:25.103Z"}
{"level":"info","message":"Clicking the help button","timestamp":"2014-10-09T12:56:25.150Z"}
{"parentElementArrayFinder":{"locator_":{"using":"css selector","value":".zoe-btn-help"}},"elementArrayFinder_":{"locator_":{"$ref":"$[\"parentElementArrayFinder\"][\"locator_\"]"}},"level":"info","message":"help button is","timestamp":"2014-10-09T12:56:25.152Z"}
{"level":"info","message":"Saved screenshot","timestamp":"2014-10-09T12:56:25.915Z"}
{"level":"info","message":"Clicking the zoom button","timestamp":"2014-10-09T12:56:25.971Z"}
{"level":"info","message":"Saving screenshot to images/zoom-popover-iPhone-6.1.png","timestamp":"2014-10-09T12:56:25.974Z"}
{"level":"info","message":"Got help style of display: none; ","timestamp":"2014-10-09T12:56:28.298Z"}
{"level":"info","message":"Saving screenshot to images/helpClose-popover-iPad-6.1.png","timestamp":"2014-10-09T12:56:28.340Z"}
{"level":"info","message":"Saved screenshot","timestamp":"2014-10-09T12:56:30.835Z"}
{"level":"info","message":"Clicking the zoom button","timestamp":"2014-10-09T12:56:30.889Z"}
{"level":"info","message":"Saving screenshot to images/zoom-popover-iPad-6.1.png","timestamp":"2014-10-09T12:56:30.894Z"}
{"level":"info","message":"Saved screenshot","timestamp":"2014-10-09T12:56:33.482Z"}
{"level":"info","message":"Clicking the zoom button","timestamp":"2014-10-09T12:56:33.492Z"}
{"level":"info","message":"Saving screenshot to images/zoomClose-popover-iPhone-6.1.png","timestamp":"2014-10-09T12:56:33.498Z"}
{"level":"info","message":"Saved screenshot","timestamp":"2014-10-09T12:56:37.880Z"}
{"level":"info","message":"Saved screenshot","timestamp":"2014-10-09T12:56:38.229Z"}
{"level":"info","message":"Clicking the zoom button","timestamp":"2014-10-09T12:56:38.240Z"}
{"level":"info","message":"Saving screenshot to images/zoomClose-popover-iPad-6.1.png","timestamp":"2014-10-09T12:56:38.245Z"}
{"level":"info","message":"Saved screenshot","timestamp":"2014-10-09T12:56:43.176Z"}
{"rotatable":false,"browserConnectionEnabled":false,"acceptSslCerts":true,"cssSelectorsEnabled":true,"chrome":{"chromedriverVersion":"2.4.226107"},"javascriptEnabled":true,"version":"30.0.1599.65","webdriver.remote.sessionid":"621407a32d8a4ca29dbc0cca63879363","databaseEnabled":true,"locationContextEnabled":true,"platform":"Windows NT","browserName":"chrome","takesScreenshot":true,"hasMetadata":true,"nativeEvents":true,"applicationCacheEnabled":false,"webStorageEnabled":true,"handlesAlerts":true,"level":"info","message":"","timestamp":"2014-10-09T12:56:47.684Z"}
{"level":"info","message":"undefined","timestamp":"2014-10-09T12:56:47.685Z"}
{"level":"info","message":"Initialising file paths with browser & version","timestamp":"2014-10-09T12:56:47.686Z"}
{"level":"info","message":"Opening URL: http://jenkins.zoetrope.io:8888/v3/testInline.html","timestamp":"2014-10-09T12:56:49.092Z"}
{"level":"info","message":"Initialising file paths with browser & version","timestamp":"2014-10-09T12:56:49.092Z"}
{"level":"info","message":"Initialising file paths with browser & version","timestamp":"2014-10-09T12:56:49.092Z"}
{"level":"info","message":"Initialising file paths with browser & version","timestamp":"2014-10-09T12:56:49.092Z"}
{"level":"info","message":"Initialising file paths with browser & version","timestamp":"2014-10-09T12:56:49.092Z"}
{"level":"info","message":"Initialising file paths with browser & version","timestamp":"2014-10-09T12:56:49.092Z"}
{"level":"info","message":"Initialising file paths with browser & version","timestamp":"2014-10-09T12:56:49.092Z"}
{"level":"info","message":"Saving screenshot to images/load-inline-chrome-30.0.1599.65.png","timestamp":"2014-10-09T12:56:54.408Z"}
{"level":"info","message":"Saved screenshot","timestamp":"2014-10-09T12:56:56.418Z"}
{"level":"info","message":"Clicking the help button","timestamp":"2014-10-09T12:56:56.453Z"}
{"parentElementArrayFinder":{"locator_":{"using":"css selector","value":".zoe-btn-help"}},"elementArrayFinder_":{"locator_":{"$ref":"$[\"parentElementArrayFinder\"][\"locator_\"]"}},"level":"info","message":"help button is","timestamp":"2014-10-09T12:56:56.457Z"}
{"level":"info","message":"Got help style of ","timestamp":"2014-10-09T12:56:58.606Z"}
{"level":"info","message":"Saving screenshot to images/help-inline-chrome-30.0.1599.65.png","timestamp":"2014-10-09T12:56:58.650Z"}
{"level":"info","message":"Saved screenshot","timestamp":"2014-10-09T12:57:00.759Z"}
{"level":"info","message":"Clicking the help button","timestamp":"2014-10-09T12:57:00.805Z"}
{"parentElementArrayFinder":{"locator_":{"using":"css selector","value":".zoe-btn-help"}},"elementArrayFinder_":{"locator_":{"$ref":"$[\"parentElementArrayFinder\"][\"locator_\"]"}},"level":"info","message":"help button is","timestamp":"2014-10-09T12:57:00.809Z"}
{"level":"info","message":"Got help style of display: none;","timestamp":"2014-10-09T12:57:02.852Z"}
{"level":"info","message":"Saving screenshot to images/helpClose-inline-chrome-30.0.1599.65.png","timestamp":"2014-10-09T12:57:02.894Z"}
{"level":"info","message":"Saved screenshot","timestamp":"2014-10-09T12:57:04.689Z"}
{"level":"info","message":"Clicking the zoom button","timestamp":"2014-10-09T12:57:04.750Z"}
{"level":"info","message":"Saving screenshot to images/zoom-inline-chrome-30.0.1599.65.png","timestamp":"2014-10-09T12:57:04.756Z"}
{"rotatable":true,"browserConnectionEnabled":true,"acceptSslCerts":true,"cssSelectorsEnabled":true,"javascriptEnabled":true,"locationContextEnabled":true,"takesScreenshot":true,"platform":"ANDROID","browserName":"android","webdriver.remote.sessionid":"e5f5d94e4b4e4367b76f06a155748cb3","hasMetadata":true,"version":"18","applicationCacheEnabled":true,"webStorageEnabled":true,"handlesAlerts":true,"level":"info","message":"","timestamp":"2014-10-09T12:57:06.616Z"}
{"level":"info","message":"undefined","timestamp":"2014-10-09T12:57:06.617Z"}
{"level":"info","message":"Initialising file paths with browser & version","timestamp":"2014-10-09T12:57:06.617Z"}
{"level":"info","message":"Opening URL: http://jenkins.zoetrope.io:8888/v3/testInline.html","timestamp":"2014-10-09T12:57:08.041Z"}
{"level":"info","message":"Initialising file paths with browser & version","timestamp":"2014-10-09T12:57:08.042Z"}
{"level":"info","message":"Initialising file paths with browser & version","timestamp":"2014-10-09T12:57:08.042Z"}
{"level":"info","message":"Initialising file paths with browser & version","timestamp":"2014-10-09T12:57:08.042Z"}
{"level":"info","message":"Initialising file paths with browser & version","timestamp":"2014-10-09T12:57:08.042Z"}
{"level":"info","message":"Initialising file paths with browser & version","timestamp":"2014-10-09T12:57:08.042Z"}
{"level":"info","message":"Initialising file paths with browser & version","timestamp":"2014-10-09T12:57:08.042Z"}
{"level":"info","message":"Saved screenshot","timestamp":"2014-10-09T12:57:09.636Z"}
{"level":"info","message":"Clicking the zoom button","timestamp":"2014-10-09T12:57:09.647Z"}
{"level":"info","message":"Saving screenshot to images/zoomClose-inline-chrome-30.0.1599.65.png","timestamp":"2014-10-09T12:57:09.653Z"}
{"level":"info","message":"Saved screenshot","timestamp":"2014-10-09T12:57:14.204Z"}
{"level":"info","message":"Opening URL: http://jenkins.zoetrope.io:8888/v3/testPopover.html","timestamp":"2014-10-09T12:57:14.216Z"}
{"level":"info","message":"Initialising file paths with browser & version","timestamp":"2014-10-09T12:57:14.216Z"}
{"level":"info","message":"Initialising file paths with browser & version","timestamp":"2014-10-09T12:57:14.216Z"}
{"level":"info","message":"Initialising file paths with browser & version","timestamp":"2014-10-09T12:57:14.216Z"}
{"level":"info","message":"Initialising file paths with browser & version","timestamp":"2014-10-09T12:57:14.216Z"}
{"level":"info","message":"Initialising file paths with browser & version","timestamp":"2014-10-09T12:57:14.216Z"}
{"level":"info","message":"Initialising file paths with browser & version","timestamp":"2014-10-09T12:57:14.216Z"}
{"level":"info","message":"Saving screenshot to images/load-inline-android-18.png","timestamp":"2014-10-09T12:57:14.420Z"}
{"level":"info","message":"Saving screenshot to images/load-popover-chrome-30.0.1599.65.png","timestamp":"2014-10-09T12:57:15.391Z"}
{"level":"info","message":"Saved screenshot","timestamp":"2014-10-09T12:57:16.393Z"}
{"level":"info","message":"Clicking the help button","timestamp":"2014-10-09T12:57:16.428Z"}
{"parentElementArrayFinder":{"locator_":{"using":"css selector","value":".zoe-btn-help"}},"elementArrayFinder_":{"locator_":{"$ref":"$[\"parentElementArrayFinder\"][\"locator_\"]"}},"level":"info","message":"help button is","timestamp":"2014-10-09T12:57:16.432Z"}
{"level":"info","message":"Saved screenshot","timestamp":"2014-10-09T12:57:17.568Z"}
{"level":"info","message":"Clicking on widget trigger","timestamp":"2014-10-09T12:57:17.602Z"}
{"level":"info","message":"Got help style of ","timestamp":"2014-10-09T12:57:19.914Z"}
{"level":"info","message":"Saving screenshot to images/openWidget-popover-chrome-30.0.1599.65.png","timestamp":"2014-10-09T12:57:19.917Z"}
{"level":"info","message":"Saving screenshot to images/help-inline-android-18.png","timestamp":"2014-10-09T12:57:19.959Z"}
{"level":"info","message":"Saved screenshot","timestamp":"2014-10-09T12:57:21.642Z"}
{"level":"info","message":"Clicking the help button","timestamp":"2014-10-09T12:57:21.692Z"}
{"parentElementArrayFinder":{"locator_":{"using":"css selector","value":".zoe-btn-help"}},"elementArrayFinder_":{"locator_":{"$ref":"$[\"parentElementArrayFinder\"][\"locator_\"]"}},"level":"info","message":"help button is","timestamp":"2014-10-09T12:57:21.695Z"}
{"level":"info","message":"Saved screenshot","timestamp":"2014-10-09T12:57:22.586Z"}
{"level":"info","message":"Clicking the help button","timestamp":"2014-10-09T12:57:22.620Z"}
{"parentElementArrayFinder":{"locator_":{"using":"css selector","value":".zoe-btn-help"}},"elementArrayFinder_":{"locator_":{"$ref":"$[\"parentElementArrayFinder\"][\"locator_\"]"}},"level":"info","message":"help button is","timestamp":"2014-10-09T12:57:22.624Z"}
{"level":"info","message":"Got help style of ","timestamp":"2014-10-09T12:57:24.810Z"}
{"level":"info","message":"Saving screenshot to images/help-popover-chrome-30.0.1599.65.png","timestamp":"2014-10-09T12:57:24.852Z"}
{"level":"info","message":"Got help style of display: none; ","timestamp":"2014-10-09T12:57:25.081Z"}
{"level":"info","message":"Saving screenshot to images/helpClose-inline-android-18.png","timestamp":"2014-10-09T12:57:25.123Z"}
{"level":"info","message":"Saved screenshot","timestamp":"2014-10-09T12:57:26.666Z"}
{"level":"info","message":"Clicking the zoom button","timestamp":"2014-10-09T12:57:26.711Z"}
{"level":"info","message":"Saving screenshot to images/zoom-inline-android-18.png","timestamp":"2014-10-09T12:57:26.717Z"}
{"level":"info","message":"Saved screenshot","timestamp":"2014-10-09T12:57:27.070Z"}
{"level":"info","message":"Clicking the help button","timestamp":"2014-10-09T12:57:27.126Z"}
{"parentElementArrayFinder":{"locator_":{"using":"css selector","value":".zoe-btn-help"}},"elementArrayFinder_":{"locator_":{"$ref":"$[\"parentElementArrayFinder\"][\"locator_\"]"}},"level":"info","message":"help button is","timestamp":"2014-10-09T12:57:27.130Z"}
{"level":"info","message":"Got help style of display: none;","timestamp":"2014-10-09T12:57:29.365Z"}
{"level":"info","message":"Saving screenshot to images/helpClose-popover-chrome-30.0.1599.65.png","timestamp":"2014-10-09T12:57:29.408Z"}
{"level":"info","message":"Saved screenshot","timestamp":"2014-10-09T12:57:31.554Z"}
{"level":"info","message":"Clicking the zoom button","timestamp":"2014-10-09T12:57:31.596Z"}
{"level":"info","message":"Saving screenshot to images/zoom-popover-chrome-30.0.1599.65.png","timestamp":"2014-10-09T12:57:31.602Z"}
{"level":"info","message":"Saved screenshot","timestamp":"2014-10-09T12:57:32.731Z"}
{"level":"info","message":"Clicking the zoom button","timestamp":"2014-10-09T12:57:32.741Z"}
{"level":"info","message":"Saving screenshot to images/zoomClose-inline-android-18.png","timestamp":"2014-10-09T12:57:32.747Z"}
{"level":"info","message":"Saved screenshot","timestamp":"2014-10-09T12:57:37.874Z"}
{"level":"info","message":"Clicking the zoom button","timestamp":"2014-10-09T12:57:37.901Z"}
{"level":"info","message":"Saving screenshot to images/zoomClose-popover-chrome-30.0.1599.65.png","timestamp":"2014-10-09T12:57:37.908Z"}
{"level":"info","message":"Saved screenshot","timestamp":"2014-10-09T12:57:38.469Z"}
{"level":"info","message":"Opening URL: http://jenkins.zoetrope.io:8888/v3/testPopover.html","timestamp":"2014-10-09T12:57:38.495Z"}
{"level":"info","message":"Initialising file paths with browser & version","timestamp":"2014-10-09T12:57:38.495Z"}
{"level":"info","message":"Initialising file paths with browser & version","timestamp":"2014-10-09T12:57:38.495Z"}
{"level":"info","message":"Initialising file paths with browser & version","timestamp":"2014-10-09T12:57:38.495Z"}
{"level":"info","message":"Initialising file paths with browser & version","timestamp":"2014-10-09T12:57:38.495Z"}
{"level":"info","message":"Initialising file paths with browser & version","timestamp":"2014-10-09T12:57:38.495Z"}
{"level":"info","message":"Initialising file paths with browser & version","timestamp":"2014-10-09T12:57:38.495Z"}
{"level":"info","message":"Saved screenshot","timestamp":"2014-10-09T12:57:42.355Z"}
{"level":"info","message":"Saving screenshot to images/load-popover-android-18.png","timestamp":"2014-10-09T12:57:43.957Z"}
{"level":"info","message":"Saved screenshot","timestamp":"2014-10-09T12:57:46.520Z"}
{"level":"info","message":"Clicking on widget trigger","timestamp":"2014-10-09T12:57:46.551Z"}
{"level":"info","message":"Saving screenshot to images/openWidget-popover-android-18.png","timestamp":"2014-10-09T12:57:50.431Z"}
{"level":"info","message":"Saved screenshot","timestamp":"2014-10-09T12:57:52.500Z"}
{"level":"info","message":"Clicking the help button","timestamp":"2014-10-09T12:57:52.548Z"}
{"parentElementArrayFinder":{"locator_":{"using":"css selector","value":".zoe-btn-help"}},"elementArrayFinder_":{"locator_":{"$ref":"$[\"parentElementArrayFinder\"][\"locator_\"]"}},"level":"info","message":"help button is","timestamp":"2014-10-09T12:57:52.552Z"}
{"level":"info","message":"Got help style of ","timestamp":"2014-10-09T12:57:56.929Z"}
{"level":"info","message":"Saving screenshot to images/help-popover-android-18.png","timestamp":"2014-10-09T12:57:56.971Z"}
{"rotatable":false,"browserConnectionEnabled":true,"acceptSslCerts":true,"cssSelectorsEnabled":true,"javascriptEnabled":true,"nativeEvents":true,"databaseEnabled":true,"locationContextEnabled":true,"takesScreenshot":true,"platform":"XP","browserName":"firefox","webdriver.remote.sessionid":"97cee30e3ed04efc894e14a6d7901f88","hasMetadata":true,"version":"27.0","applicationCacheEnabled":true,"webStorageEnabled":true,"handlesAlerts":true,"level":"info","message":"","timestamp":"2014-10-09T12:57:57.264Z"}
{"level":"info","message":"undefined","timestamp":"2014-10-09T12:57:57.265Z"}
{"level":"info","message":"Initialising file paths with browser & version","timestamp":"2014-10-09T12:57:57.265Z"}
{"level":"info","message":"Opening URL: http://jenkins.zoetrope.io:8888/v3/testInline.html","timestamp":"2014-10-09T12:57:59.458Z"}
{"level":"info","message":"Initialising file paths with browser & version","timestamp":"2014-10-09T12:57:59.458Z"}
{"level":"info","message":"Initialising file paths with browser & version","timestamp":"2014-10-09T12:57:59.458Z"}
{"level":"info","message":"Initialising file paths with browser & version","timestamp":"2014-10-09T12:57:59.458Z"}
{"level":"info","message":"Initialising file paths with browser & version","timestamp":"2014-10-09T12:57:59.458Z"}
{"level":"info","message":"Initialising file paths with browser & version","timestamp":"2014-10-09T12:57:59.458Z"}
{"level":"info","message":"Initialising file paths with browser & version","timestamp":"2014-10-09T12:57:59.458Z"}
{"level":"info","message":"Saved screenshot","timestamp":"2014-10-09T12:57:59.951Z"}
{"level":"info","message":"Clicking the help button","timestamp":"2014-10-09T12:57:59.994Z"}
{"parentElementArrayFinder":{"locator_":{"using":"css selector","value":".zoe-btn-help"}},"elementArrayFinder_":{"locator_":{"$ref":"$[\"parentElementArrayFinder\"][\"locator_\"]"}},"level":"info","message":"help button is","timestamp":"2014-10-09T12:57:59.998Z"}
{"level":"info","message":"Saving screenshot to images/load-inline-firefox-27.0.png","timestamp":"2014-10-09T12:58:04.717Z"}
{"level":"info","message":"Got help style of display: none; ","timestamp":"2014-10-09T12:58:04.883Z"}
{"level":"info","message":"Saving screenshot to images/helpClose-popover-android-18.png","timestamp":"2014-10-09T12:58:04.926Z"}
{"level":"info","message":"Saved screenshot","timestamp":"2014-10-09T12:58:06.649Z"}
{"level":"info","message":"Clicking the help button","timestamp":"2014-10-09T12:58:06.686Z"}
{"parentElementArrayFinder":{"locator_":{"using":"css selector","value":".zoe-btn-help"}},"elementArrayFinder_":{"locator_":{"$ref":"$[\"parentElementArrayFinder\"][\"locator_\"]"}},"level":"info","message":"help button is","timestamp":"2014-10-09T12:58:06.690Z"}
{"level":"info","message":"Saved screenshot","timestamp":"2014-10-09T12:58:06.859Z"}
{"level":"info","message":"Clicking the zoom button","timestamp":"2014-10-09T12:58:06.908Z"}
{"level":"info","message":"Saving screenshot to images/zoom-popover-android-18.png","timestamp":"2014-10-09T12:58:06.915Z"}
{"level":"info","message":"Got help style of ","timestamp":"2014-10-09T12:58:10.434Z"}
{"level":"info","message":"Saving screenshot to images/help-inline-firefox-27.0.png","timestamp":"2014-10-09T12:58:10.477Z"}
{"level":"info","message":"Saved screenshot","timestamp":"2014-10-09T12:58:12.247Z"}
{"level":"info","message":"Clicking the help button","timestamp":"2014-10-09T12:58:12.303Z"}
{"parentElementArrayFinder":{"locator_":{"using":"css selector","value":".zoe-btn-help"}},"elementArrayFinder_":{"locator_":{"$ref":"$[\"parentElementArrayFinder\"][\"locator_\"]"}},"level":"info","message":"help button is","timestamp":"2014-10-09T12:58:12.308Z"}
{"level":"info","message":"Saved screenshot","timestamp":"2014-10-09T12:58:13.302Z"}
{"level":"info","message":"Clicking the zoom button","timestamp":"2014-10-09T12:58:13.313Z"}
{"level":"info","message":"Saving screenshot to images/zoomClose-popover-android-18.png","timestamp":"2014-10-09T12:58:13.319Z"}
{"level":"info","message":"Got help style of display: none;","timestamp":"2014-10-09T12:58:14.608Z"}
{"level":"info","message":"Saving screenshot to images/helpClose-inline-firefox-27.0.png","timestamp":"2014-10-09T12:58:14.650Z"}
{"level":"info","message":"Saved screenshot","timestamp":"2014-10-09T12:58:16.846Z"}
{"level":"info","message":"Clicking the zoom button","timestamp":"2014-10-09T12:58:16.894Z"}
{"level":"info","message":"Saving screenshot to images/zoom-inline-firefox-27.0.png","timestamp":"2014-10-09T12:58:16.899Z"}
{"level":"info","message":"Saved screenshot","timestamp":"2014-10-09T12:58:18.102Z"}
{"level":"info","message":"Saved screenshot","timestamp":"2014-10-09T12:58:21.707Z"}
{"level":"info","message":"Clicking the zoom button","timestamp":"2014-10-09T12:58:21.718Z"}
{"level":"info","message":"Saving screenshot to images/zoomClose-inline-firefox-27.0.png","timestamp":"2014-10-09T12:58:21.725Z"}
{"level":"info","message":"Saved screenshot","timestamp":"2014-10-09T12:58:26.533Z"}
{"level":"info","message":"Opening URL: http://jenkins.zoetrope.io:8888/v3/testPopover.html","timestamp":"2014-10-09T12:58:26.558Z"}
{"level":"info","message":"Initialising file paths with browser & version","timestamp":"2014-10-09T12:58:26.558Z"}
{"level":"info","message":"Initialising file paths with browser & version","timestamp":"2014-10-09T12:58:26.558Z"}
{"level":"info","message":"Initialising file paths with browser & version","timestamp":"2014-10-09T12:58:26.558Z"}
{"level":"info","message":"Initialising file paths with browser & version","timestamp":"2014-10-09T12:58:26.558Z"}
{"level":"info","message":"Initialising file paths with browser & version","timestamp":"2014-10-09T12:58:26.558Z"}
{"level":"info","message":"Initialising file paths with browser & version","timestamp":"2014-10-09T12:58:26.558Z"}
{"level":"info","message":"Saving screenshot to images/load-popover-firefox-27.0.png","timestamp":"2014-10-09T12:58:27.736Z"}
{"level":"info","message":"Saved screenshot","timestamp":"2014-10-09T12:58:29.913Z"}
{"level":"info","message":"Clicking on widget trigger","timestamp":"2014-10-09T12:58:29.951Z"}
{"level":"info","message":"Saving screenshot to images/openWidget-popover-firefox-27.0.png","timestamp":"2014-10-09T12:58:32.446Z"}
{"level":"info","message":"Saved screenshot","timestamp":"2014-10-09T12:58:37.071Z"}
{"level":"info","message":"Clicking the help button","timestamp":"2014-10-09T12:58:37.103Z"}
{"parentElementArrayFinder":{"locator_":{"using":"css selector","value":".zoe-btn-help"}},"elementArrayFinder_":{"locator_":{"$ref":"$[\"parentElementArrayFinder\"][\"locator_\"]"}},"level":"info","message":"help button is","timestamp":"2014-10-09T12:58:37.106Z"}
{"level":"info","message":"Got help style of ","timestamp":"2014-10-09T12:58:39.620Z"}
{"level":"info","message":"Saving screenshot to images/help-popover-firefox-27.0.png","timestamp":"2014-10-09T12:58:39.663Z"}
{"level":"info","message":"Saved screenshot","timestamp":"2014-10-09T12:58:42.803Z"}
{"level":"info","message":"Clicking the help button","timestamp":"2014-10-09T12:58:42.859Z"}
{"parentElementArrayFinder":{"locator_":{"using":"css selector","value":".zoe-btn-help"}},"elementArrayFinder_":{"locator_":{"$ref":"$[\"parentElementArrayFinder\"][\"locator_\"]"}},"level":"info","message":"help button is","timestamp":"2014-10-09T12:58:42.863Z"}
{"level":"info","message":"Got help style of display: none;","timestamp":"2014-10-09T12:58:45.313Z"}
{"level":"info","message":"Saving screenshot to images/helpClose-popover-firefox-27.0.png","timestamp":"2014-10-09T12:58:45.355Z"}
{"level":"info","message":"Saved screenshot","timestamp":"2014-10-09T12:58:48.876Z"}
{"level":"info","message":"Clicking the zoom button","timestamp":"2014-10-09T12:58:48.931Z"}
{"level":"info","message":"Saving screenshot to images/zoom-popover-firefox-27.0.png","timestamp":"2014-10-09T12:58:48.937Z"}
{"level":"info","message":"Saved screenshot","timestamp":"2014-10-09T12:58:55.310Z"}
{"level":"info","message":"Clicking the zoom button","timestamp":"2014-10-09T12:58:55.321Z"}
{"level":"info","message":"Saving screenshot to images/zoomClose-popover-firefox-27.0.png","timestamp":"2014-10-09T12:58:55.327Z"}
{"level":"info","message":"Saved screenshot","timestamp":"2014-10-09T12:59:01.834Z"}
{"level":"info","message":"Initialising jasmine tests","timestamp":"2014-10-09T12:59:12.162Z"}
{"level":"info","message":"Initialising jasmine tests","timestamp":"2014-10-09T12:59:12.295Z"}
{"level":"info","message":"Initialising jasmine tests","timestamp":"2014-10-09T12:59:12.331Z"}
{"level":"info","message":"Initialising jasmine tests","timestamp":"2014-10-09T12:59:12.377Z"}
{"level":"info","message":"Initialising jasmine tests","timestamp":"2014-10-09T12:59:12.381Z"}
{"level":"info","message":"Initialising jasmine tests","timestamp":"2014-10-09T12:59:12.399Z"}
{"level":"info","message":"Initialising jasmine tests","timestamp":"2014-10-09T12:59:12.400Z"}
{"rotatable":false,"browserConnectionEnabled":false,"acceptSslCerts":true,"cssSelectorsEnabled":true,"chrome":{"chromedriverVersion":"2.4.226107"},"javascriptEnabled":true,"version":"30.0.1599.65","webdriver.remote.sessionid":"a30b47d9854042a5ba56e99ce34976b1","databaseEnabled":true,"locationContextEnabled":true,"platform":"Windows NT","browserName":"chrome","takesScreenshot":true,"hasMetadata":true,"nativeEvents":true,"applicationCacheEnabled":false,"webStorageEnabled":true,"handlesAlerts":true,"level":"info","message":"","timestamp":"2014-10-09T12:59:22.326Z"}
{"level":"info","message":"undefined","timestamp":"2014-10-09T12:59:22.328Z"}
{"level":"info","message":"Initialising file paths with browser & version","timestamp":"2014-10-09T12:59:22.328Z"}
{"level":"info","message":"Opening URL: http://jenkins.zoetrope.io:8888/v3/testInline.html","timestamp":"2014-10-09T12:59:22.741Z"}
{"level":"info","message":"Initialising file paths with browser & version","timestamp":"2014-10-09T12:59:22.741Z"}
{"level":"info","message":"Initialising file paths with browser & version","timestamp":"2014-10-09T12:59:22.741Z"}
{"level":"info","message":"Initialising file paths with browser & version","timestamp":"2014-10-09T12:59:22.742Z"}
{"level":"info","message":"Initialising file paths with browser & version","timestamp":"2014-10-09T12:59:22.742Z"}
{"level":"info","message":"Initialising file paths with browser & version","timestamp":"2014-10-09T12:59:22.742Z"}
{"level":"info","message":"Initialising file paths with browser & version","timestamp":"2014-10-09T12:59:22.742Z"}
{"rotatable":false,"browserConnectionEnabled":true,"acceptSslCerts":true,"cssSelectorsEnabled":true,"javascriptEnabled":true,"nativeEvents":true,"databaseEnabled":true,"locationContextEnabled":true,"takesScreenshot":true,"platform":"XP","browserName":"firefox","webdriver.remote.sessionid":"7cb4cb90d46747f2abb39c4116ed586f","hasMetadata":true,"version":"27.0","applicationCacheEnabled":true,"webStorageEnabled":true,"handlesAlerts":true,"level":"info","message":"","timestamp":"2014-10-09T12:59:25.779Z"}
{"level":"info","message":"undefined","timestamp":"2014-10-09T12:59:25.781Z"}
{"level":"info","message":"Initialising file paths with browser & version","timestamp":"2014-10-09T12:59:25.781Z"}
{"level":"info","message":"Opening URL: http://jenkins.zoetrope.io:8888/v3/testInline.html","timestamp":"2014-10-09T12:59:26.335Z"}
{"level":"info","message":"Initialising file paths with browser & version","timestamp":"2014-10-09T12:59:26.335Z"}
{"level":"info","message":"Initialising file paths with browser & version","timestamp":"2014-10-09T12:59:26.335Z"}
{"level":"info","message":"Initialising file paths with browser & version","timestamp":"2014-10-09T12:59:26.335Z"}
{"level":"info","message":"Initialising file paths with browser & version","timestamp":"2014-10-09T12:59:26.335Z"}
{"level":"info","message":"Initialising file paths with browser & version","timestamp":"2014-10-09T12:59:26.336Z"}
{"level":"info","message":"Initialising file paths with browser & version","timestamp":"2014-10-09T12:59:26.336Z"}
{"level":"info","message":"Comparing images for stageload","timestamp":"2014-10-09T12:59:27.151Z"}
{"level":"info","message":"Saving screenshot to /tmp/screenchrome30.0.1599.65a30b47d9854042a5ba56e99ce34976b1.png.load","timestamp":"2014-10-09T12:59:27.152Z"}
{"level":"info","message":"Saved screenshot","timestamp":"2014-10-09T12:59:30.214Z"}
{"level":"info","message":"Comparing images from paths: /tmp/screenchrome30.0.1599.65a30b47d9854042a5ba56e99ce34976b1.png.load and images/load-inline-chrome-30.0.1599.65.png","timestamp":"2014-10-09T12:59:30.215Z"}
{"level":"info","message":"Clicking the help button","timestamp":"2014-10-09T12:59:30.256Z"}
{"parentElementArrayFinder":{"locator_":{"using":"css selector","value":".zoe-btn-help"}},"elementArrayFinder_":{"locator_":{"$ref":"$[\"parentElementArrayFinder\"][\"locator_\"]"}},"level":"info","message":"help button is","timestamp":"2014-10-09T12:59:30.260Z"}
{"level":"info","message":"Image comparison gave: 0","timestamp":"2014-10-09T12:59:30.458Z"}
{"level":"info","message":"chrome30.0.1599.65a30b47d9854042a5ba56e99ce34976b1 compared images for stage: loadwith eqaulity of: 0","timestamp":"2014-10-09T12:59:30.459Z"}
{"level":"info","message":"Comparing images for stageload","timestamp":"2014-10-09T12:59:31.021Z"}
{"level":"info","message":"Saving screenshot to /tmp/screenfirefox27.07cb4cb90d46747f2abb39c4116ed586f.png.load","timestamp":"2014-10-09T12:59:31.022Z"}
{"level":"info","message":"Got help style of ","timestamp":"2014-10-09T12:59:32.199Z"}
{"level":"info","message":"Comparing images for stagehelp","timestamp":"2014-10-09T12:59:32.243Z"}
{"level":"info","message":"Saving screenshot to /tmp/screenchrome30.0.1599.65a30b47d9854042a5ba56e99ce34976b1.png.help","timestamp":"2014-10-09T12:59:32.243Z"}
{"level":"info","message":"Saved screenshot","timestamp":"2014-10-09T12:59:33.780Z"}
{"level":"info","message":"Saved screenshot","timestamp":"2014-10-09T12:59:33.781Z"}
{"level":"info","message":"Comparing images from paths: /tmp/screenchrome30.0.1599.65a30b47d9854042a5ba56e99ce34976b1.png.help and images/help-inline-chrome-30.0.1599.65.png","timestamp":"2014-10-09T12:59:33.781Z"}
{"level":"info","message":"Comparing images from paths: /tmp/screenfirefox27.07cb4cb90d46747f2abb39c4116ed586f.png.load and images/load-inline-firefox-27.0.png","timestamp":"2014-10-09T12:59:33.781Z"}
{"level":"info","message":"Clicking the help button","timestamp":"2014-10-09T12:59:33.817Z"}
{"parentElementArrayFinder":{"locator_":{"using":"css selector","value":".zoe-btn-help"}},"elementArrayFinder_":{"locator_":{"$ref":"$[\"parentElementArrayFinder\"][\"locator_\"]"}},"level":"info","message":"help button is","timestamp":"2014-10-09T12:59:33.820Z"}
{"level":"info","message":"Clicking the help button","timestamp":"2014-10-09T12:59:33.825Z"}
{"parentElementArrayFinder":{"locator_":{"using":"css selector","value":".zoe-btn-help"}},"elementArrayFinder_":{"locator_":{"$ref":"$[\"parentElementArrayFinder\"][\"locator_\"]"}},"level":"info","message":"help button is","timestamp":"2014-10-09T12:59:33.828Z"}
{"level":"info","message":"Comparing images for stagehelpClose","timestamp":"2014-10-09T12:59:33.829Z"}
{"level":"info","message":"Saving screenshot to /tmp/screenchrome30.0.1599.65a30b47d9854042a5ba56e99ce34976b1.png.helpClose","timestamp":"2014-10-09T12:59:33.830Z"}
{"level":"info","message":"Image comparison gave: 0","timestamp":"2014-10-09T12:59:33.922Z"}
{"level":"info","message":"firefox27.07cb4cb90d46747f2abb39c4116ed586f compared images for stage: loadwith eqaulity of: 0","timestamp":"2014-10-09T12:59:33.923Z"}
{"level":"info","message":"Image comparison gave: 0","timestamp":"2014-10-09T12:59:33.933Z"}
{"level":"info","message":"chrome30.0.1599.65a30b47d9854042a5ba56e99ce34976b1 compared images for stage: helpwith eqaulity of: 0","timestamp":"2014-10-09T12:59:33.934Z"}
{"level":"info","message":"Got help style of display: none;","timestamp":"2014-10-09T12:59:35.725Z"}
{"level":"info","message":"Got help style of ","timestamp":"2014-10-09T12:59:36.050Z"}
{"level":"info","message":"Comparing images for stagehelp","timestamp":"2014-10-09T12:59:36.095Z"}
{"level":"info","message":"Saving screenshot to /tmp/screenfirefox27.07cb4cb90d46747f2abb39c4116ed586f.png.help","timestamp":"2014-10-09T12:59:36.096Z"}
{"level":"info","message":"Saved screenshot","timestamp":"2014-10-09T12:59:38.407Z"}
{"level":"info","message":"Comparing images from paths: /tmp/screenchrome30.0.1599.65a30b47d9854042a5ba56e99ce34976b1.png.helpClose and images/helpClose-inline-chrome-30.0.1599.65.png","timestamp":"2014-10-09T12:59:38.407Z"}
{"level":"info","message":"Clicking the zoom button","timestamp":"2014-10-09T12:59:38.441Z"}
{"level":"info","message":"Comparing images for stagezoom","timestamp":"2014-10-09T12:59:38.445Z"}
{"level":"info","message":"Saving screenshot to /tmp/screenchrome30.0.1599.65a30b47d9854042a5ba56e99ce34976b1.png.zoom","timestamp":"2014-10-09T12:59:38.446Z"}
{"level":"info","message":"Image comparison gave: 0","timestamp":"2014-10-09T12:59:38.519Z"}
{"level":"info","message":"chrome30.0.1599.65a30b47d9854042a5ba56e99ce34976b1 compared images for stage: helpClosewith eqaulity of: 0","timestamp":"2014-10-09T12:59:38.519Z"}
{"level":"info","message":"Saved screenshot","timestamp":"2014-10-09T12:59:38.751Z"}
{"level":"info","message":"Comparing images from paths: /tmp/screenfirefox27.07cb4cb90d46747f2abb39c4116ed586f.png.help and images/help-inline-firefox-27.0.png","timestamp":"2014-10-09T12:59:38.751Z"}
{"level":"info","message":"Clicking the help button","timestamp":"2014-10-09T12:59:38.799Z"}
{"parentElementArrayFinder":{"locator_":{"using":"css selector","value":".zoe-btn-help"}},"elementArrayFinder_":{"locator_":{"$ref":"$[\"parentElementArrayFinder\"][\"locator_\"]"}},"level":"info","message":"help button is","timestamp":"2014-10-09T12:59:38.802Z"}
{"level":"info","message":"Comparing images for stagehelpClose","timestamp":"2014-10-09T12:59:38.804Z"}
{"level":"info","message":"Saving screenshot to /tmp/screenfirefox27.07cb4cb90d46747f2abb39c4116ed586f.png.helpClose","timestamp":"2014-10-09T12:59:38.804Z"}
{"level":"info","message":"Image comparison gave: 0","timestamp":"2014-10-09T12:59:38.822Z"}
{"level":"info","message":"firefox27.07cb4cb90d46747f2abb39c4116ed586f compared images for stage: helpwith eqaulity of: 0","timestamp":"2014-10-09T12:59:38.823Z"}
{"level":"info","message":"Got help style of display: none;","timestamp":"2014-10-09T12:59:40.806Z"}
{"level":"info","message":"Saved screenshot","timestamp":"2014-10-09T12:59:42.511Z"}
{"level":"info","message":"Comparing images from paths: /tmp/screenfirefox27.07cb4cb90d46747f2abb39c4116ed586f.png.helpClose and images/helpClose-inline-firefox-27.0.png","timestamp":"2014-10-09T12:59:42.512Z"}
{"level":"info","message":"Clicking the zoom button","timestamp":"2014-10-09T12:59:42.540Z"}
{"level":"info","message":"Comparing images for stagezoom","timestamp":"2014-10-09T12:59:42.544Z"}
{"level":"info","message":"Saving screenshot to /tmp/screenfirefox27.07cb4cb90d46747f2abb39c4116ed586f.png.zoom","timestamp":"2014-10-09T12:59:42.544Z"}
{"level":"info","message":"Image comparison gave: 0","timestamp":"2014-10-09T12:59:42.573Z"}
{"level":"info","message":"firefox27.07cb4cb90d46747f2abb39c4116ed586f compared images for stage: helpClosewith eqaulity of: 0","timestamp":"2014-10-09T12:59:42.573Z"}
{"level":"info","message":"Saved screenshot","timestamp":"2014-10-09T12:59:42.908Z"}
{"level":"info","message":"Comparing images from paths: /tmp/screenchrome30.0.1599.65a30b47d9854042a5ba56e99ce34976b1.png.zoom and images/zoom-inline-chrome-30.0.1599.65.png","timestamp":"2014-10-09T12:59:42.908Z"}
{"level":"info","message":"Clicking the zoom button","timestamp":"2014-10-09T12:59:42.922Z"}
{"level":"info","message":"Comparing images for stagezoomClose","timestamp":"2014-10-09T12:59:42.927Z"}
{"level":"info","message":"Saving screenshot to /tmp/screenchrome30.0.1599.65a30b47d9854042a5ba56e99ce34976b1.png.zoomClose","timestamp":"2014-10-09T12:59:42.927Z"}
{"level":"info","message":"Image comparison gave: 0","timestamp":"2014-10-09T12:59:43.013Z"}
{"level":"info","message":"chrome30.0.1599.65a30b47d9854042a5ba56e99ce34976b1 compared images for stage: zoomwith eqaulity of: 0","timestamp":"2014-10-09T12:59:43.014Z"}
{"level":"info","message":"Saved screenshot","timestamp":"2014-10-09T12:59:46.239Z"}
{"level":"info","message":"Comparing images from paths: /tmp/screenchrome30.0.1599.65a30b47d9854042a5ba56e99ce34976b1.png.zoomClose and images/zoomClose-inline-chrome-30.0.1599.65.png","timestamp":"2014-10-09T12:59:46.239Z"}
{"level":"info","message":"Opening URL: http://jenkins.zoetrope.io:8888/v3/testPopover.html","timestamp":"2014-10-09T12:59:46.266Z"}
{"level":"info","message":"Initialising file paths with browser & version","timestamp":"2014-10-09T12:59:46.266Z"}
{"level":"info","message":"Initialising file paths with browser & version","timestamp":"2014-10-09T12:59:46.266Z"}
{"level":"info","message":"Initialising file paths with browser & version","timestamp":"2014-10-09T12:59:46.267Z"}
{"level":"info","message":"Initialising file paths with browser & version","timestamp":"2014-10-09T12:59:46.267Z"}
{"level":"info","message":"Initialising file paths with browser & version","timestamp":"2014-10-09T12:59:46.267Z"}
{"level":"info","message":"Initialising file paths with browser & version","timestamp":"2014-10-09T12:59:46.267Z"}
{"level":"info","message":"Image comparison gave: 0","timestamp":"2014-10-09T12:59:46.332Z"}
{"level":"info","message":"chrome30.0.1599.65a30b47d9854042a5ba56e99ce34976b1 compared images for stage: zoomClosewith eqaulity of: 0","timestamp":"2014-10-09T12:59:46.332Z"}
{"level":"info","message":"Saved screenshot","timestamp":"2014-10-09T12:59:47.215Z"}
{"level":"info","message":"Comparing images from paths: /tmp/screenfirefox27.07cb4cb90d46747f2abb39c4116ed586f.png.zoom and images/zoom-inline-firefox-27.0.png","timestamp":"2014-10-09T12:59:47.215Z"}
{"level":"info","message":"Clicking the zoom button","timestamp":"2014-10-09T12:59:47.231Z"}
{"level":"info","message":"Comparing images for stagezoomClose","timestamp":"2014-10-09T12:59:47.237Z"}
{"level":"info","message":"Saving screenshot to /tmp/screenfirefox27.07cb4cb90d46747f2abb39c4116ed586f.png.zoomClose","timestamp":"2014-10-09T12:59:47.238Z"}
{"level":"info","message":"Image comparison gave: 0","timestamp":"2014-10-09T12:59:47.291Z"}
{"level":"info","message":"firefox27.07cb4cb90d46747f2abb39c4116ed586f compared images for stage: zoomwith eqaulity of: 0","timestamp":"2014-10-09T12:59:47.291Z"}
{"level":"info","message":"Comparing images for stageload","timestamp":"2014-10-09T12:59:47.305Z"}
{"level":"info","message":"Saving screenshot to /tmp/screenchrome30.0.1599.65a30b47d9854042a5ba56e99ce34976b1.png.load","timestamp":"2014-10-09T12:59:47.305Z"}
{"level":"info","message":"Saved screenshot","timestamp":"2014-10-09T12:59:51.097Z"}
{"level":"info","message":"Comparing images from paths: /tmp/screenchrome30.0.1599.65a30b47d9854042a5ba56e99ce34976b1.png.load and images/load-popover-chrome-30.0.1599.65.png","timestamp":"2014-10-09T12:59:51.097Z"}
{"level":"info","message":"Clicking on widget trigger","timestamp":"2014-10-09T12:59:51.134Z"}
{"level":"info","message":"Image comparison gave: 0","timestamp":"2014-10-09T12:59:51.197Z"}
{"level":"info","message":"chrome30.0.1599.65a30b47d9854042a5ba56e99ce34976b1 compared images for stage: loadwith eqaulity of: 0","timestamp":"2014-10-09T12:59:51.197Z"}
{"level":"info","message":"Saved screenshot","timestamp":"2014-10-09T12:59:52.132Z"}
{"level":"info","message":"Comparing images from paths: /tmp/screenfirefox27.07cb4cb90d46747f2abb39c4116ed586f.png.zoomClose and images/zoomClose-inline-firefox-27.0.png","timestamp":"2014-10-09T12:59:52.132Z"}
{"level":"info","message":"Opening URL: http://jenkins.zoetrope.io:8888/v3/testPopover.html","timestamp":"2014-10-09T12:59:52.161Z"}
{"level":"info","message":"Initialising file paths with browser & version","timestamp":"2014-10-09T12:59:52.161Z"}
{"level":"info","message":"Initialising file paths with browser & version","timestamp":"2014-10-09T12:59:52.162Z"}
{"level":"info","message":"Initialising file paths with browser & version","timestamp":"2014-10-09T12:59:52.162Z"}
{"level":"info","message":"Initialising file paths with browser & version","timestamp":"2014-10-09T12:59:52.162Z"}
{"level":"info","message":"Initialising file paths with browser & version","timestamp":"2014-10-09T12:59:52.162Z"}
{"level":"info","message":"Initialising file paths with browser & version","timestamp":"2014-10-09T12:59:52.162Z"}
{"level":"info","message":"Image comparison gave: 0","timestamp":"2014-10-09T12:59:52.207Z"}
{"level":"info","message":"firefox27.07cb4cb90d46747f2abb39c4116ed586f compared images for stage: zoomClosewith eqaulity of: 0","timestamp":"2014-10-09T12:59:52.208Z"}
{"level":"info","message":"Comparing images for stageopenWidget","timestamp":"2014-10-09T12:59:52.298Z"}
{"level":"info","message":"Saving screenshot to /tmp/screenchrome30.0.1599.65a30b47d9854042a5ba56e99ce34976b1.png.openWidget","timestamp":"2014-10-09T12:59:52.298Z"}
{"level":"info","message":"Comparing images for stageload","timestamp":"2014-10-09T12:59:53.161Z"}
{"level":"info","message":"Saving screenshot to /tmp/screenfirefox27.07cb4cb90d46747f2abb39c4116ed586f.png.load","timestamp":"2014-10-09T12:59:53.161Z"}
{"level":"info","message":"Saved screenshot","timestamp":"2014-10-09T12:59:55.222Z"}
{"level":"info","message":"Comparing images from paths: /tmp/screenfirefox27.07cb4cb90d46747f2abb39c4116ed586f.png.load and images/load-popover-firefox-27.0.png","timestamp":"2014-10-09T12:59:55.222Z"}
{"level":"info","message":"Clicking on widget trigger","timestamp":"2014-10-09T12:59:55.259Z"}
{"level":"info","message":"Image comparison gave: 0","timestamp":"2014-10-09T12:59:55.288Z"}
{"level":"info","message":"firefox27.07cb4cb90d46747f2abb39c4116ed586f compared images for stage: loadwith eqaulity of: 0","timestamp":"2014-10-09T12:59:55.289Z"}
{"level":"info","message":"Saved screenshot","timestamp":"2014-10-09T12:59:55.514Z"}
{"level":"info","message":"Comparing images from paths: /tmp/screenchrome30.0.1599.65a30b47d9854042a5ba56e99ce34976b1.png.openWidget and images/openWidget-popover-chrome-30.0.1599.65.png","timestamp":"2014-10-09T12:59:55.515Z"}
{"level":"info","message":"Clicking the help button","timestamp":"2014-10-09T12:59:55.562Z"}
{"parentElementArrayFinder":{"locator_":{"using":"css selector","value":".zoe-btn-help"}},"elementArrayFinder_":{"locator_":{"$ref":"$[\"parentElementArrayFinder\"][\"locator_\"]"}},"level":"info","message":"help button is","timestamp":"2014-10-09T12:59:55.565Z"}
{"level":"info","message":"Image comparison gave: 0.0000094252","timestamp":"2014-10-09T12:59:55.606Z"}
{"level":"info","message":"chrome30.0.1599.65a30b47d9854042a5ba56e99ce34976b1 compared images for stage: openWidgetwith eqaulity of: 0.0000094252","timestamp":"2014-10-09T12:59:55.606Z"}
{"level":"info","message":"Comparing images for stageopenWidget","timestamp":"2014-10-09T12:59:56.634Z"}
{"level":"info","message":"Saving screenshot to /tmp/screenfirefox27.07cb4cb90d46747f2abb39c4116ed586f.png.openWidget","timestamp":"2014-10-09T12:59:56.634Z"}
{"level":"info","message":"Got help style of ","timestamp":"2014-10-09T12:59:57.565Z"}
{"level":"info","message":"Comparing images for stagehelp","timestamp":"2014-10-09T12:59:57.607Z"}
{"level":"info","message":"Saving screenshot to /tmp/screenchrome30.0.1599.65a30b47d9854042a5ba56e99ce34976b1.png.help","timestamp":"2014-10-09T12:59:57.608Z"}
{"level":"info","message":"Saved screenshot","timestamp":"2014-10-09T13:00:01.105Z"}
{"level":"info","message":"Comparing images from paths: /tmp/screenchrome30.0.1599.65a30b47d9854042a5ba56e99ce34976b1.png.help and images/help-popover-chrome-30.0.1599.65.png","timestamp":"2014-10-09T13:00:01.106Z"}
{"level":"info","message":"Clicking the help button","timestamp":"2014-10-09T13:00:01.152Z"}
{"parentElementArrayFinder":{"locator_":{"using":"css selector","value":".zoe-btn-help"}},"elementArrayFinder_":{"locator_":{"$ref":"$[\"parentElementArrayFinder\"][\"locator_\"]"}},"level":"info","message":"help button is","timestamp":"2014-10-09T13:00:01.155Z"}
{"level":"info","message":"Comparing images for stagehelpClose","timestamp":"2014-10-09T13:00:01.157Z"}
{"level":"info","message":"Saving screenshot to /tmp/screenchrome30.0.1599.65a30b47d9854042a5ba56e99ce34976b1.png.helpClose","timestamp":"2014-10-09T13:00:01.157Z"}
{"level":"info","message":"Image comparison gave: 0","timestamp":"2014-10-09T13:00:01.205Z"}
{"level":"info","message":"chrome30.0.1599.65a30b47d9854042a5ba56e99ce34976b1 compared images for stage: helpwith eqaulity of: 0","timestamp":"2014-10-09T13:00:01.205Z"}
{"level":"info","message":"Saved screenshot","timestamp":"2014-10-09T13:00:02.174Z"}
{"level":"info","message":"Comparing images from paths: /tmp/screenfirefox27.07cb4cb90d46747f2abb39c4116ed586f.png.openWidget and images/openWidget-popover-firefox-27.0.png","timestamp":"2014-10-09T13:00:02.175Z"}
{"level":"info","message":"Clicking the help button","timestamp":"2014-10-09T13:00:02.210Z"}
{"parentElementArrayFinder":{"locator_":{"using":"css selector","value":".zoe-btn-help"}},"elementArrayFinder_":{"locator_":{"$ref":"$[\"parentElementArrayFinder\"][\"locator_\"]"}},"level":"info","message":"help button is","timestamp":"2014-10-09T13:00:02.219Z"}
{"level":"info","message":"Image comparison gave: 0","timestamp":"2014-10-09T13:00:02.250Z"}
{"level":"info","message":"firefox27.07cb4cb90d46747f2abb39c4116ed586f compared images for stage: openWidgetwith eqaulity of: 0","timestamp":"2014-10-09T13:00:02.251Z"}
{"level":"info","message":"Got help style of display: none;","timestamp":"2014-10-09T13:00:03.105Z"}
{"level":"info","message":"Got help style of ","timestamp":"2014-10-09T13:00:04.260Z"}
{"level":"info","message":"Comparing images for stagehelp","timestamp":"2014-10-09T13:00:04.303Z"}
{"level":"info","message":"Saving screenshot to /tmp/screenfirefox27.07cb4cb90d46747f2abb39c4116ed586f.png.help","timestamp":"2014-10-09T13:00:04.304Z"}
{"level":"info","message":"Saved screenshot","timestamp":"2014-10-09T13:00:05.276Z"}
{"level":"info","message":"Comparing images from paths: /tmp/screenchrome30.0.1599.65a30b47d9854042a5ba56e99ce34976b1.png.helpClose and images/helpClose-popover-chrome-30.0.1599.65.png","timestamp":"2014-10-09T13:00:05.276Z"}
{"level":"info","message":"Clicking the zoom button","timestamp":"2014-10-09T13:00:05.291Z"}
{"level":"info","message":"Comparing images for stagezoom","timestamp":"2014-10-09T13:00:05.296Z"}
{"level":"info","message":"Saving screenshot to /tmp/screenchrome30.0.1599.65a30b47d9854042a5ba56e99ce34976b1.png.zoom","timestamp":"2014-10-09T13:00:05.297Z"}
{"level":"info","message":"Image comparison gave: 0","timestamp":"2014-10-09T13:00:05.374Z"}
{"level":"info","message":"chrome30.0.1599.65a30b47d9854042a5ba56e99ce34976b1 compared images for stage: helpClosewith eqaulity of: 0","timestamp":"2014-10-09T13:00:05.374Z"}
{"level":"info","message":"Saved screenshot","timestamp":"2014-10-09T13:00:07.130Z"}
{"level":"info","message":"Comparing images from paths: /tmp/screenfirefox27.07cb4cb90d46747f2abb39c4116ed586f.png.help and images/help-popover-firefox-27.0.png","timestamp":"2014-10-09T13:00:07.131Z"}
{"level":"info","message":"Clicking the help button","timestamp":"2014-10-09T13:00:07.178Z"}
{"parentElementArrayFinder":{"locator_":{"using":"css selector","value":".zoe-btn-help"}},"elementArrayFinder_":{"locator_":{"$ref":"$[\"parentElementArrayFinder\"][\"locator_\"]"}},"level":"info","message":"help button is","timestamp":"2014-10-09T13:00:07.180Z"}
{"level":"info","message":"Comparing images for stagehelpClose","timestamp":"2014-10-09T13:00:07.182Z"}
{"level":"info","message":"Saving screenshot to /tmp/screenfirefox27.07cb4cb90d46747f2abb39c4116ed586f.png.helpClose","timestamp":"2014-10-09T13:00:07.183Z"}
{"level":"info","message":"Image comparison gave: 0","timestamp":"2014-10-09T13:00:07.201Z"}
{"level":"info","message":"firefox27.07cb4cb90d46747f2abb39c4116ed586f compared images for stage: helpwith eqaulity of: 0","timestamp":"2014-10-09T13:00:07.201Z"}
{"level":"info","message":"Saved screenshot","timestamp":"2014-10-09T13:00:10.229Z"}
{"level":"info","message":"Comparing images from paths: /tmp/screenchrome30.0.1599.65a30b47d9854042a5ba56e99ce34976b1.png.zoom and images/zoom-popover-chrome-30.0.1599.65.png","timestamp":"2014-10-09T13:00:10.229Z"}
{"level":"info","message":"Clicking the zoom button","timestamp":"2014-10-09T13:00:10.258Z"}
{"level":"info","message":"Comparing images for stagezoomClose","timestamp":"2014-10-09T13:00:10.264Z"}
{"level":"info","message":"Saving screenshot to /tmp/screenchrome30.0.1599.65a30b47d9854042a5ba56e99ce34976b1.png.zoomClose","timestamp":"2014-10-09T13:00:10.264Z"}
{"level":"info","message":"Image comparison gave: 0","timestamp":"2014-10-09T13:00:10.395Z"}
{"level":"info","message":"chrome30.0.1599.65a30b47d9854042a5ba56e99ce34976b1 compared images for stage: zoomwith eqaulity of: 0","timestamp":"2014-10-09T13:00:10.395Z"}
{"level":"info","message":"Got help style of display: none;","timestamp":"2014-10-09T13:00:10.612Z"}
{"level":"info","message":"Saved screenshot","timestamp":"2014-10-09T13:00:13.703Z"}
{"level":"info","message":"Comparing images from paths: /tmp/screenfirefox27.07cb4cb90d46747f2abb39c4116ed586f.png.helpClose and images/helpClose-popover-firefox-27.0.png","timestamp":"2014-10-09T13:00:13.703Z"}
{"level":"info","message":"Clicking the zoom button","timestamp":"2014-10-09T13:00:13.719Z"}
{"level":"info","message":"Comparing images for stagezoom","timestamp":"2014-10-09T13:00:13.736Z"}
{"level":"info","message":"Saving screenshot to /tmp/screenfirefox27.07cb4cb90d46747f2abb39c4116ed586f.png.zoom","timestamp":"2014-10-09T13:00:13.736Z"}
{"level":"info","message":"Image comparison gave: 0","timestamp":"2014-10-09T13:00:13.813Z"}
{"level":"info","message":"firefox27.07cb4cb90d46747f2abb39c4116ed586f compared images for stage: helpClosewith eqaulity of: 0","timestamp":"2014-10-09T13:00:13.813Z"}
{"level":"info","message":"Saved screenshot","timestamp":"2014-10-09T13:00:14.059Z"}
{"level":"info","message":"Comparing images from paths: /tmp/screenchrome30.0.1599.65a30b47d9854042a5ba56e99ce34976b1.png.zoomClose and images/zoomClose-popover-chrome-30.0.1599.65.png","timestamp":"2014-10-09T13:00:14.059Z"}
{"level":"info","message":"Image comparison gave: 0","timestamp":"2014-10-09T13:00:14.155Z"}
{"level":"info","message":"chrome30.0.1599.65a30b47d9854042a5ba56e99ce34976b1 compared images for stage: zoomClosewith eqaulity of: 0","timestamp":"2014-10-09T13:00:14.155Z"}
{"level":"info","message":"Saved screenshot","timestamp":"2014-10-09T13:00:20.124Z"}
{"level":"info","message":"Comparing images from paths: /tmp/screenfirefox27.07cb4cb90d46747f2abb39c4116ed586f.png.zoom and images/zoom-popover-firefox-27.0.png","timestamp":"2014-10-09T13:00:20.124Z"}
{"level":"info","message":"Clicking the zoom button","timestamp":"2014-10-09T13:00:20.139Z"}
{"level":"info","message":"Comparing images for stagezoomClose","timestamp":"2014-10-09T13:00:20.144Z"}
{"level":"info","message":"Saving screenshot to /tmp/screenfirefox27.07cb4cb90d46747f2abb39c4116ed586f.png.zoomClose","timestamp":"2014-10-09T13:00:20.144Z"}
{"level":"info","message":"Image comparison gave: 0","timestamp":"2014-10-09T13:00:20.193Z"}
{"level":"info","message":"firefox27.07cb4cb90d46747f2abb39c4116ed586f compared images for stage: zoomwith eqaulity of: 0","timestamp":"2014-10-09T13:00:20.193Z"}
{"level":"info","message":"Saved screenshot","timestamp":"2014-10-09T13:00:26.060Z"}
{"level":"info","message":"Comparing images from paths: /tmp/screenfirefox27.07cb4cb90d46747f2abb39c4116ed586f.png.zoomClose and images/zoomClose-popover-firefox-27.0.png","timestamp":"2014-10-09T13:00:26.060Z"}
{"level":"info","message":"Image comparison gave: 0","timestamp":"2014-10-09T13:00:26.125Z"}
{"level":"info","message":"firefox27.07cb4cb90d46747f2abb39c4116ed586f compared images for stage: zoomClosewith eqaulity of: 0","timestamp":"2014-10-09T13:00:26.125Z"}
{"takesScreenshot":true,"version":"6.0.5","cssSelectorsEnabled":true,"javascriptEnabled":true,"browserName":"safari","platform":"MAC","secureSsl":true,"webdriver.remote.sessionid":"14cdafa548ad440cb1454ffc1f2e15fa","hasMetadata":true,"level":"info","message":"","timestamp":"2014-10-09T13:00:32.677Z"}
{"level":"info","message":"undefined","timestamp":"2014-10-09T13:00:32.679Z"}
{"level":"info","message":"Initialising file paths with browser & version","timestamp":"2014-10-09T13:00:32.679Z"}
{"level":"info","message":"Opening URL: http://jenkins.zoetrope.io:8888/v3/testInline.html","timestamp":"2014-10-09T13:00:33.081Z"}
{"level":"info","message":"Initialising file paths with browser & version","timestamp":"2014-10-09T13:00:33.082Z"}
{"level":"info","message":"Initialising file paths with browser & version","timestamp":"2014-10-09T13:00:33.082Z"}
{"level":"info","message":"Initialising file paths with browser & version","timestamp":"2014-10-09T13:00:33.082Z"}
{"level":"info","message":"Initialising file paths with browser & version","timestamp":"2014-10-09T13:00:33.082Z"}
{"level":"info","message":"Initialising file paths with browser & version","timestamp":"2014-10-09T13:00:33.082Z"}
{"level":"info","message":"Initialising file paths with browser & version","timestamp":"2014-10-09T13:00:33.082Z"}
{"level":"info","message":"Comparing images for stageload","timestamp":"2014-10-09T13:00:38.271Z"}
{"level":"info","message":"Saving screenshot to /tmp/screensafari6.0.514cdafa548ad440cb1454ffc1f2e15fa.png.load","timestamp":"2014-10-09T13:00:38.272Z"}
{"level":"info","message":"Saved screenshot","timestamp":"2014-10-09T13:00:42.191Z"}
{"level":"info","message":"Comparing images from paths: /tmp/screensafari6.0.514cdafa548ad440cb1454ffc1f2e15fa.png.load and images/load-inline-safari-6.0.5.png","timestamp":"2014-10-09T13:00:42.192Z"}
{"level":"info","message":"Clicking the help button","timestamp":"2014-10-09T13:00:42.231Z"}
{"parentElementArrayFinder":{"locator_":{"using":"css selector","value":".zoe-btn-help"}},"elementArrayFinder_":{"locator_":{"$ref":"$[\"parentElementArrayFinder\"][\"locator_\"]"}},"level":"info","message":"help button is","timestamp":"2014-10-09T13:00:42.235Z"}
{"level":"info","message":"Image comparison gave: 0","timestamp":"2014-10-09T13:00:42.291Z"}
{"level":"info","message":"safari6.0.514cdafa548ad440cb1454ffc1f2e15fa compared images for stage: loadwith eqaulity of: 0","timestamp":"2014-10-09T13:00:42.291Z"}
{"level":"info","message":"Got help style of ","timestamp":"2014-10-09T13:00:46.875Z"}
{"level":"info","message":"Comparing images for stagehelp","timestamp":"2014-10-09T13:00:46.918Z"}
{"level":"info","message":"Saving screenshot to /tmp/screensafari6.0.514cdafa548ad440cb1454ffc1f2e15fa.png.help","timestamp":"2014-10-09T13:00:46.918Z"}
{"level":"info","message":"Saved screenshot","timestamp":"2014-10-09T13:00:48.849Z"}
{"level":"info","message":"Comparing images from paths: /tmp/screensafari6.0.514cdafa548ad440cb1454ffc1f2e15fa.png.help and images/help-inline-safari-6.0.5.png","timestamp":"2014-10-09T13:00:48.850Z"}
{"level":"info","message":"Clicking the help button","timestamp":"2014-10-09T13:00:48.909Z"}
{"parentElementArrayFinder":{"locator_":{"using":"css selector","value":".zoe-btn-help"}},"elementArrayFinder_":{"locator_":{"$ref":"$[\"parentElementArrayFinder\"][\"locator_\"]"}},"level":"info","message":"help button is","timestamp":"2014-10-09T13:00:48.912Z"}
{"level":"info","message":"Comparing images for stagehelpClose","timestamp":"2014-10-09T13:00:48.914Z"}
{"level":"info","message":"Saving screenshot to /tmp/screensafari6.0.514cdafa548ad440cb1454ffc1f2e15fa.png.helpClose","timestamp":"2014-10-09T13:00:48.914Z"}
{"level":"info","message":"Image comparison gave: 0","timestamp":"2014-10-09T13:00:48.942Z"}
{"level":"info","message":"safari6.0.514cdafa548ad440cb1454ffc1f2e15fa compared images for stage: helpwith eqaulity of: 0","timestamp":"2014-10-09T13:00:48.942Z"}
{"level":"info","message":"Got help style of display: none; ","timestamp":"2014-10-09T13:00:52.869Z"}
{"level":"info","message":"Saved screenshot","timestamp":"2014-10-09T13:00:55.138Z"}
{"level":"info","message":"Comparing images from paths: /tmp/screensafari6.0.514cdafa548ad440cb1454ffc1f2e15fa.png.helpClose and images/helpClose-inline-safari-6.0.5.png","timestamp":"2014-10-09T13:00:55.138Z"}
{"level":"info","message":"Clicking the zoom button","timestamp":"2014-10-09T13:00:55.152Z"}
{"level":"info","message":"Comparing images for stagezoom","timestamp":"2014-10-09T13:00:55.157Z"}
{"level":"info","message":"Saving screenshot to /tmp/screensafari6.0.514cdafa548ad440cb1454ffc1f2e15fa.png.zoom","timestamp":"2014-10-09T13:00:55.157Z"}
{"level":"info","message":"Image comparison gave: 0","timestamp":"2014-10-09T13:00:55.225Z"}
{"level":"info","message":"safari6.0.514cdafa548ad440cb1454ffc1f2e15fa compared images for stage: helpClosewith eqaulity of: 0","timestamp":"2014-10-09T13:00:55.225Z"}
{"level":"info","message":"Saved screenshot","timestamp":"2014-10-09T13:01:01.800Z"}
{"level":"info","message":"Comparing images from paths: /tmp/screensafari6.0.514cdafa548ad440cb1454ffc1f2e15fa.png.zoom and images/zoom-inline-safari-6.0.5.png","timestamp":"2014-10-09T13:01:01.800Z"}
{"level":"info","message":"Clicking the zoom button","timestamp":"2014-10-09T13:01:01.815Z"}
{"level":"info","message":"Comparing images for stagezoomClose","timestamp":"2014-10-09T13:01:01.820Z"}
{"level":"info","message":"Saving screenshot to /tmp/screensafari6.0.514cdafa548ad440cb1454ffc1f2e15fa.png.zoomClose","timestamp":"2014-10-09T13:01:01.820Z"}
{"level":"info","message":"Image comparison gave: 0","timestamp":"2014-10-09T13:01:01.895Z"}
{"level":"info","message":"safari6.0.514cdafa548ad440cb1454ffc1f2e15fa compared images for stage: zoomwith eqaulity of: 0","timestamp":"2014-10-09T13:01:01.895Z"}
{"level":"info","message":"Saved screenshot","timestamp":"2014-10-09T13:01:05.571Z"}
{"level":"info","message":"Comparing images from paths: /tmp/screensafari6.0.514cdafa548ad440cb1454ffc1f2e15fa.png.zoomClose and images/zoomClose-inline-safari-6.0.5.png","timestamp":"2014-10-09T13:01:05.572Z"}
{"level":"info","message":"Opening URL: http://jenkins.zoetrope.io:8888/v3/testPopover.html","timestamp":"2014-10-09T13:01:05.586Z"}
{"level":"info","message":"Initialising file paths with browser & version","timestamp":"2014-10-09T13:01:05.586Z"}
{"level":"info","message":"Initialising file paths with browser & version","timestamp":"2014-10-09T13:01:05.586Z"}
{"level":"info","message":"Initialising file paths with browser & version","timestamp":"2014-10-09T13:01:05.586Z"}
{"level":"info","message":"Initialising file paths with browser & version","timestamp":"2014-10-09T13:01:05.587Z"}
{"level":"info","message":"Initialising file paths with browser & version","timestamp":"2014-10-09T13:01:05.587Z"}
{"level":"info","message":"Initialising file paths with browser & version","timestamp":"2014-10-09T13:01:05.587Z"}
{"level":"info","message":"Image comparison gave: 0","timestamp":"2014-10-09T13:01:05.664Z"}
{"level":"info","message":"safari6.0.514cdafa548ad440cb1454ffc1f2e15fa compared images for stage: zoomClosewith eqaulity of: 0","timestamp":"2014-10-09T13:01:05.664Z"}
{"level":"info","message":"Comparing images for stageload","timestamp":"2014-10-09T13:01:06.580Z"}
{"level":"info","message":"Saving screenshot to /tmp/screensafari6.0.514cdafa548ad440cb1454ffc1f2e15fa.png.load","timestamp":"2014-10-09T13:01:06.581Z"}
{"level":"info","message":"Saved screenshot","timestamp":"2014-10-09T13:01:12.421Z"}
{"level":"info","message":"Comparing images from paths: /tmp/screensafari6.0.514cdafa548ad440cb1454ffc1f2e15fa.png.load and images/load-popover-safari-6.0.5.png","timestamp":"2014-10-09T13:01:12.421Z"}
{"level":"info","message":"Clicking on widget trigger","timestamp":"2014-10-09T13:01:12.458Z"}
{"level":"info","message":"Image comparison gave: 0","timestamp":"2014-10-09T13:01:12.507Z"}
{"level":"info","message":"safari6.0.514cdafa548ad440cb1454ffc1f2e15fa compared images for stage: loadwith eqaulity of: 0","timestamp":"2014-10-09T13:01:12.507Z"}
{"takesScreenshot":true,"version":"6.1","cssSelectorsEnabled":true,"javascriptEnabled":true,"databaseEnabled":true,"locationContextEnabled":true,"platform":"MAC","browserName":"iPad","webdriver.remote.sessionid":"480add6a4fab40509ea2a459484a18d7","hasMetadata":true,"webStorageEnabled":true,"level":"info","message":"","timestamp":"2014-10-09T13:01:13.281Z"}
{"level":"info","message":"undefined","timestamp":"2014-10-09T13:01:13.283Z"}
{"level":"info","message":"Initialising file paths with browser & version","timestamp":"2014-10-09T13:01:13.283Z"}
{"level":"info","message":"Opening URL: http://jenkins.zoetrope.io:8888/v3/testInline.html","timestamp":"2014-10-09T13:01:13.886Z"}
{"level":"info","message":"Comparing images for stageopenWidget","timestamp":"2014-10-09T13:01:13.892Z"}
{"level":"info","message":"Initialising file paths with browser & version","timestamp":"2014-10-09T13:01:13.887Z"}
{"level":"info","message":"Initialising file paths with browser & version","timestamp":"2014-10-09T13:01:13.887Z"}
{"level":"info","message":"Initialising file paths with browser & version","timestamp":"2014-10-09T13:01:13.887Z"}
{"level":"info","message":"Initialising file paths with browser & version","timestamp":"2014-10-09T13:01:13.887Z"}
{"level":"info","message":"Initialising file paths with browser & version","timestamp":"2014-10-09T13:01:13.887Z"}
{"level":"info","message":"Initialising file paths with browser & version","timestamp":"2014-10-09T13:01:13.887Z"}
{"level":"info","message":"Saving screenshot to /tmp/screensafari6.0.514cdafa548ad440cb1454ffc1f2e15fa.png.openWidget","timestamp":"2014-10-09T13:01:13.893Z"}
{"level":"info","message":"Saved screenshot","timestamp":"2014-10-09T13:01:18.622Z"}
{"level":"info","message":"Comparing images from paths: /tmp/screensafari6.0.514cdafa548ad440cb1454ffc1f2e15fa.png.openWidget and images/openWidget-popover-safari-6.0.5.png","timestamp":"2014-10-09T13:01:18.622Z"}
{"level":"info","message":"Clicking the help button","timestamp":"2014-10-09T13:01:18.671Z"}
{"parentElementArrayFinder":{"locator_":{"using":"css selector","value":".zoe-btn-help"}},"elementArrayFinder_":{"locator_":{"$ref":"$[\"parentElementArrayFinder\"][\"locator_\"]"}},"level":"info","message":"help button is","timestamp":"2014-10-09T13:01:18.673Z"}
{"level":"info","message":"Image comparison gave: 0.0000199069","timestamp":"2014-10-09T13:01:18.730Z"}
{"level":"info","message":"safari6.0.514cdafa548ad440cb1454ffc1f2e15fa compared images for stage: openWidgetwith eqaulity of: 0.0000199069","timestamp":"2014-10-09T13:01:18.730Z"}
{"level":"info","message":"Comparing images for stageload","timestamp":"2014-10-09T13:01:18.911Z"}
{"level":"info","message":"Saving screenshot to /tmp/screeniPad6.1480add6a4fab40509ea2a459484a18d7.png.load","timestamp":"2014-10-09T13:01:18.912Z"}
{"level":"info","message":"Got help style of ","timestamp":"2014-10-09T13:01:20.920Z"}
{"level":"info","message":"Comparing images for stagehelp","timestamp":"2014-10-09T13:01:20.963Z"}
{"level":"info","message":"Saving screenshot to /tmp/screensafari6.0.514cdafa548ad440cb1454ffc1f2e15fa.png.help","timestamp":"2014-10-09T13:01:20.963Z"}
{"level":"info","message":"Saved screenshot","timestamp":"2014-10-09T13:01:22.596Z"}
{"level":"info","message":"Comparing images from paths: /tmp/screeniPad6.1480add6a4fab40509ea2a459484a18d7.png.load and images/load-inline-iPad-6.1.png","timestamp":"2014-10-09T13:01:22.598Z"}
{"level":"info","message":"Clicking the help button","timestamp":"2014-10-09T13:01:22.636Z"}
{"parentElementArrayFinder":{"locator_":{"using":"css selector","value":".zoe-btn-help"}},"elementArrayFinder_":{"locator_":{"$ref":"$[\"parentElementArrayFinder\"][\"locator_\"]"}},"level":"info","message":"help button is","timestamp":"2014-10-09T13:01:22.640Z"}
{"level":"info","message":"Image comparison gave: 0.0000441798","timestamp":"2014-10-09T13:01:22.643Z"}
{"level":"info","message":"iPad6.1480add6a4fab40509ea2a459484a18d7 compared images for stage: loadwith eqaulity of: 0.0000441798","timestamp":"2014-10-09T13:01:22.643Z"}
{"level":"info","message":"Saved screenshot","timestamp":"2014-10-09T13:01:24.085Z"}
{"level":"info","message":"Comparing images from paths: /tmp/screensafari6.0.514cdafa548ad440cb1454ffc1f2e15fa.png.help and images/help-popover-safari-6.0.5.png","timestamp":"2014-10-09T13:01:24.086Z"}
{"level":"info","message":"Clicking the help button","timestamp":"2014-10-09T13:01:24.131Z"}
{"parentElementArrayFinder":{"locator_":{"using":"css selector","value":".zoe-btn-help"}},"elementArrayFinder_":{"locator_":{"$ref":"$[\"parentElementArrayFinder\"][\"locator_\"]"}},"level":"info","message":"help button is","timestamp":"2014-10-09T13:01:24.134Z"}
{"level":"info","message":"Comparing images for stagehelpClose","timestamp":"2014-10-09T13:01:24.136Z"}
{"level":"info","message":"Saving screenshot to /tmp/screensafari6.0.514cdafa548ad440cb1454ffc1f2e15fa.png.helpClose","timestamp":"2014-10-09T13:01:24.136Z"}
{"level":"info","message":"Image comparison gave: 0","timestamp":"2014-10-09T13:01:24.192Z"}
{"level":"info","message":"safari6.0.514cdafa548ad440cb1454ffc1f2e15fa compared images for stage: helpwith eqaulity of: 0","timestamp":"2014-10-09T13:01:24.192Z"}
{"level":"info","message":"Got help style of ","timestamp":"2014-10-09T13:01:26.063Z"}
{"level":"info","message":"Comparing images for stagehelp","timestamp":"2014-10-09T13:01:26.108Z"}
{"level":"info","message":"Saving screenshot to /tmp/screeniPad6.1480add6a4fab40509ea2a459484a18d7.png.help","timestamp":"2014-10-09T13:01:26.108Z"}
{"level":"info","message":"Got help style of display: none; ","timestamp":"2014-10-09T13:01:26.399Z"}
{"level":"info","message":"Saved screenshot","timestamp":"2014-10-09T13:01:28.550Z"}
{"level":"info","message":"Comparing images from paths: /tmp/screeniPad6.1480add6a4fab40509ea2a459484a18d7.png.help and images/help-inline-iPad-6.1.png","timestamp":"2014-10-09T13:01:28.550Z"}
{"level":"info","message":"Image comparison gave: 0","timestamp":"2014-10-09T13:01:28.580Z"}
{"level":"info","message":"iPad6.1480add6a4fab40509ea2a459484a18d7 compared images for stage: helpwith eqaulity of: 0","timestamp":"2014-10-09T13:01:28.581Z"}
{"level":"info","message":"Clicking the help button","timestamp":"2014-10-09T13:01:28.594Z"}
{"parentElementArrayFinder":{"locator_":{"using":"css selector","value":".zoe-btn-help"}},"elementArrayFinder_":{"locator_":{"$ref":"$[\"parentElementArrayFinder\"][\"locator_\"]"}},"level":"info","message":"help button is","timestamp":"2014-10-09T13:01:28.597Z"}
{"level":"info","message":"Comparing images for stagehelpClose","timestamp":"2014-10-09T13:01:28.599Z"}
{"level":"info","message":"Saving screenshot to /tmp/screeniPad6.1480add6a4fab40509ea2a459484a18d7.png.helpClose","timestamp":"2014-10-09T13:01:28.599Z"}
{"level":"info","message":"Saved screenshot","timestamp":"2014-10-09T13:01:29.690Z"}
{"level":"info","message":"Comparing images from paths: /tmp/screensafari6.0.514cdafa548ad440cb1454ffc1f2e15fa.png.helpClose and images/helpClose-popover-safari-6.0.5.png","timestamp":"2014-10-09T13:01:29.690Z"}
{"level":"info","message":"Clicking the zoom button","timestamp":"2014-10-09T13:01:29.703Z"}
{"level":"info","message":"Comparing images for stagezoom","timestamp":"2014-10-09T13:01:29.708Z"}
{"level":"info","message":"Saving screenshot to /tmp/screensafari6.0.514cdafa548ad440cb1454ffc1f2e15fa.png.zoom","timestamp":"2014-10-09T13:01:29.708Z"}
{"level":"info","message":"Image comparison gave: 0","timestamp":"2014-10-09T13:01:29.793Z"}
{"level":"info","message":"safari6.0.514cdafa548ad440cb1454ffc1f2e15fa compared images for stage: helpClosewith eqaulity of: 0","timestamp":"2014-10-09T13:01:29.793Z"}
{"level":"info","message":"Got help style of display: none; ","timestamp":"2014-10-09T13:01:31.942Z"}
{"level":"info","message":"Saved screenshot","timestamp":"2014-10-09T13:01:37.186Z"}
{"level":"info","message":"Comparing images from paths: /tmp/screeniPad6.1480add6a4fab40509ea2a459484a18d7.png.helpClose and images/helpClose-inline-iPad-6.1.png","timestamp":"2014-10-09T13:01:37.187Z"}
{"level":"info","message":"Clicking the zoom button","timestamp":"2014-10-09T13:01:37.201Z"}
{"level":"info","message":"Comparing images for stagezoom","timestamp":"2014-10-09T13:01:37.206Z"}
{"level":"info","message":"Saving screenshot to /tmp/screeniPad6.1480add6a4fab40509ea2a459484a18d7.png.zoom","timestamp":"2014-10-09T13:01:37.206Z"}
{"level":"info","message":"Image comparison gave: 0","timestamp":"2014-10-09T13:01:37.218Z"}
{"level":"info","message":"iPad6.1480add6a4fab40509ea2a459484a18d7 compared images for stage: helpClosewith eqaulity of: 0","timestamp":"2014-10-09T13:01:37.219Z"}
{"level":"info","message":"Saved screenshot","timestamp":"2014-10-09T13:01:38.885Z"}
{"level":"info","message":"Comparing images from paths: /tmp/screensafari6.0.514cdafa548ad440cb1454ffc1f2e15fa.png.zoom and images/zoom-popover-safari-6.0.5.png","timestamp":"2014-10-09T13:01:38.885Z"}
{"level":"info","message":"Clicking the zoom button","timestamp":"2014-10-09T13:01:38.911Z"}
{"level":"info","message":"Comparing images for stagezoomClose","timestamp":"2014-10-09T13:01:38.915Z"}
{"level":"info","message":"Saving screenshot to /tmp/screensafari6.0.514cdafa548ad440cb1454ffc1f2e15fa.png.zoomClose","timestamp":"2014-10-09T13:01:38.915Z"}
{"level":"info","message":"Image comparison gave: 0","timestamp":"2014-10-09T13:01:38.984Z"}
{"level":"info","message":"safari6.0.514cdafa548ad440cb1454ffc1f2e15fa compared images for stage: zoomwith eqaulity of: 0","timestamp":"2014-10-09T13:01:38.984Z"}
{"level":"info","message":"Saved screenshot","timestamp":"2014-10-09T13:01:43.545Z"}
{"level":"info","message":"Comparing images from paths: /tmp/screensafari6.0.514cdafa548ad440cb1454ffc1f2e15fa.png.zoomClose and images/zoomClose-popover-safari-6.0.5.png","timestamp":"2014-10-09T13:01:43.545Z"}
{"level":"info","message":"Image comparison gave: 0","timestamp":"2014-10-09T13:01:43.646Z"}
{"level":"info","message":"safari6.0.514cdafa548ad440cb1454ffc1f2e15fa compared images for stage: zoomClosewith eqaulity of: 0","timestamp":"2014-10-09T13:01:43.646Z"}
{"level":"info","message":"Saved screenshot","timestamp":"2014-10-09T13:01:48.952Z"}
{"level":"info","message":"Comparing images from paths: /tmp/screeniPad6.1480add6a4fab40509ea2a459484a18d7.png.zoom and images/zoom-inline-iPad-6.1.png","timestamp":"2014-10-09T13:01:48.952Z"}
{"level":"info","message":"Clicking the zoom button","timestamp":"2014-10-09T13:01:48.982Z"}
{"level":"info","message":"Comparing images for stagezoomClose","timestamp":"2014-10-09T13:01:48.987Z"}
{"level":"info","message":"Saving screenshot to /tmp/screeniPad6.1480add6a4fab40509ea2a459484a18d7.png.zoomClose","timestamp":"2014-10-09T13:01:48.987Z"}
{"level":"info","message":"Image comparison gave: 0","timestamp":"2014-10-09T13:01:48.992Z"}
{"level":"info","message":"iPad6.1480add6a4fab40509ea2a459484a18d7 compared images for stage: zoomwith eqaulity of: 0","timestamp":"2014-10-09T13:01:48.992Z"}
{"level":"info","message":"Saved screenshot","timestamp":"2014-10-09T13:01:54.774Z"}
{"level":"info","message":"Comparing images from paths: /tmp/screeniPad6.1480add6a4fab40509ea2a459484a18d7.png.zoomClose and images/zoomClose-inline-iPad-6.1.png","timestamp":"2014-10-09T13:01:54.774Z"}
{"level":"info","message":"Opening URL: http://jenkins.zoetrope.io:8888/v3/testPopover.html","timestamp":"2014-10-09T13:01:54.791Z"}
{"level":"info","message":"Initialising file paths with browser & version","timestamp":"2014-10-09T13:01:54.791Z"}
{"level":"info","message":"Initialising file paths with browser & version","timestamp":"2014-10-09T13:01:54.791Z"}
{"level":"info","message":"Initialising file paths with browser & version","timestamp":"2014-10-09T13:01:54.792Z"}
{"level":"info","message":"Initialising file paths with browser & version","timestamp":"2014-10-09T13:01:54.792Z"}
{"level":"info","message":"Initialising file paths with browser & version","timestamp":"2014-10-09T13:01:54.792Z"}
{"level":"info","message":"Initialising file paths with browser & version","timestamp":"2014-10-09T13:01:54.792Z"}
{"level":"info","message":"Image comparison gave: 0","timestamp":"2014-10-09T13:01:54.806Z"}
{"level":"info","message":"iPad6.1480add6a4fab40509ea2a459484a18d7 compared images for stage: zoomClosewith eqaulity of: 0","timestamp":"2014-10-09T13:01:54.806Z"}
{"level":"info","message":"Comparing images for stageload","timestamp":"2014-10-09T13:01:56.231Z"}
{"level":"info","message":"Saving screenshot to /tmp/screeniPad6.1480add6a4fab40509ea2a459484a18d7.png.load","timestamp":"2014-10-09T13:01:56.231Z"}
{"level":"info","message":"Saved screenshot","timestamp":"2014-10-09T13:02:00.590Z"}
{"level":"info","message":"Comparing images from paths: /tmp/screeniPad6.1480add6a4fab40509ea2a459484a18d7.png.load and images/load-popover-iPad-6.1.png","timestamp":"2014-10-09T13:02:00.590Z"}
{"level":"info","message":"Image comparison gave: 0","timestamp":"2014-10-09T13:02:00.625Z"}
{"level":"info","message":"iPad6.1480add6a4fab40509ea2a459484a18d7 compared images for stage: loadwith eqaulity of: 0","timestamp":"2014-10-09T13:02:00.625Z"}
{"level":"info","message":"Clicking on widget trigger","timestamp":"2014-10-09T13:02:00.628Z"}
{"level":"info","message":"Comparing images for stageopenWidget","timestamp":"2014-10-09T13:02:03.216Z"}
{"level":"info","message":"Saving screenshot to /tmp/screeniPad6.1480add6a4fab40509ea2a459484a18d7.png.openWidget","timestamp":"2014-10-09T13:02:03.216Z"}
{"rotatable":true,"browserConnectionEnabled":true,"acceptSslCerts":true,"cssSelectorsEnabled":true,"javascriptEnabled":true,"locationContextEnabled":true,"takesScreenshot":true,"platform":"ANDROID","browserName":"android","webdriver.remote.sessionid":"adad23d7e0e949689daf296d40f807a1","hasMetadata":true,"version":"18","applicationCacheEnabled":true,"webStorageEnabled":true,"handlesAlerts":true,"level":"info","message":"","timestamp":"2014-10-09T13:02:07.895Z"}
{"level":"info","message":"undefined","timestamp":"2014-10-09T13:02:07.896Z"}
{"level":"info","message":"Initialising file paths with browser & version","timestamp":"2014-10-09T13:02:07.897Z"}
{"level":"info","message":"Opening URL: http://jenkins.zoetrope.io:8888/v3/testInline.html","timestamp":"2014-10-09T13:02:08.318Z"}
{"level":"info","message":"Initialising file paths with browser & version","timestamp":"2014-10-09T13:02:08.319Z"}
{"level":"info","message":"Initialising file paths with browser & version","timestamp":"2014-10-09T13:02:08.319Z"}
{"level":"info","message":"Initialising file paths with browser & version","timestamp":"2014-10-09T13:02:08.319Z"}
{"level":"info","message":"Initialising file paths with browser & version","timestamp":"2014-10-09T13:02:08.319Z"}
{"level":"info","message":"Initialising file paths with browser & version","timestamp":"2014-10-09T13:02:08.319Z"}
{"level":"info","message":"Initialising file paths with browser & version","timestamp":"2014-10-09T13:02:08.319Z"}
{"level":"info","message":"Saved screenshot","timestamp":"2014-10-09T13:02:08.770Z"}
{"level":"info","message":"Comparing images from paths: /tmp/screeniPad6.1480add6a4fab40509ea2a459484a18d7.png.openWidget and images/openWidget-popover-iPad-6.1.png","timestamp":"2014-10-09T13:02:08.771Z"}
{"level":"info","message":"Image comparison gave: 0.0000802781","timestamp":"2014-10-09T13:02:08.804Z"}
{"level":"info","message":"iPad6.1480add6a4fab40509ea2a459484a18d7 compared images for stage: openWidgetwith eqaulity of: 0.0000802781","timestamp":"2014-10-09T13:02:08.805Z"}
{"level":"info","message":"Clicking the help button","timestamp":"2014-10-09T13:02:08.820Z"}
{"parentElementArrayFinder":{"locator_":{"using":"css selector","value":".zoe-btn-help"}},"elementArrayFinder_":{"locator_":{"$ref":"$[\"parentElementArrayFinder\"][\"locator_\"]"}},"level":"info","message":"help button is","timestamp":"2014-10-09T13:02:08.823Z"}
{"level":"info","message":"Got help style of ","timestamp":"2014-10-09T13:02:13.276Z"}
{"level":"info","message":"Comparing images for stagehelp","timestamp":"2014-10-09T13:02:13.318Z"}
{"level":"info","message":"Saving screenshot to /tmp/screeniPad6.1480add6a4fab40509ea2a459484a18d7.png.help","timestamp":"2014-10-09T13:02:13.318Z"}
{"level":"info","message":"Comparing images for stageload","timestamp":"2014-10-09T13:02:14.859Z"}
{"level":"info","message":"Saving screenshot to /tmp/screenandroid18adad23d7e0e949689daf296d40f807a1.png.load","timestamp":"2014-10-09T13:02:14.860Z"}
{"level":"info","message":"Saved screenshot","timestamp":"2014-10-09T13:02:15.688Z"}
{"level":"info","message":"Comparing images from paths: /tmp/screeniPad6.1480add6a4fab40509ea2a459484a18d7.png.help and images/help-popover-iPad-6.1.png","timestamp":"2014-10-09T13:02:15.688Z"}
{"level":"info","message":"Image comparison gave: 0","timestamp":"2014-10-09T13:02:15.717Z"}
{"level":"info","message":"iPad6.1480add6a4fab40509ea2a459484a18d7 compared images for stage: helpwith eqaulity of: 0","timestamp":"2014-10-09T13:02:15.717Z"}
{"level":"info","message":"Clicking the help button","timestamp":"2014-10-09T13:02:15.733Z"}
{"parentElementArrayFinder":{"locator_":{"using":"css selector","value":".zoe-btn-help"}},"elementArrayFinder_":{"locator_":{"$ref":"$[\"parentElementArrayFinder\"][\"locator_\"]"}},"level":"info","message":"help button is","timestamp":"2014-10-09T13:02:15.736Z"}
{"level":"info","message":"Comparing images for stagehelpClose","timestamp":"2014-10-09T13:02:15.738Z"}
{"level":"info","message":"Saving screenshot to /tmp/screeniPad6.1480add6a4fab40509ea2a459484a18d7.png.helpClose","timestamp":"2014-10-09T13:02:15.739Z"}
{"level":"info","message":"Saved screenshot","timestamp":"2014-10-09T13:02:17.596Z"}
{"level":"info","message":"Comparing images from paths: /tmp/screenandroid18adad23d7e0e949689daf296d40f807a1.png.load and images/load-inline-android-18.png","timestamp":"2014-10-09T13:02:17.598Z"}
{"level":"info","message":"Image comparison gave: 0","timestamp":"2014-10-09T13:02:17.626Z"}
{"level":"info","message":"android18adad23d7e0e949689daf296d40f807a1 compared images for stage: loadwith eqaulity of: 0","timestamp":"2014-10-09T13:02:17.627Z"}
{"level":"info","message":"Clicking the help button","timestamp":"2014-10-09T13:02:17.651Z"}
{"parentElementArrayFinder":{"locator_":{"using":"css selector","value":".zoe-btn-help"}},"elementArrayFinder_":{"locator_":{"$ref":"$[\"parentElementArrayFinder\"][\"locator_\"]"}},"level":"info","message":"help button is","timestamp":"2014-10-09T13:02:17.655Z"}
{"level":"info","message":"Got help style of display: none; ","timestamp":"2014-10-09T13:02:19.089Z"}
{"level":"info","message":"Got help style of ","timestamp":"2014-10-09T13:02:21.059Z"}
{"level":"info","message":"Comparing images for stagehelp","timestamp":"2014-10-09T13:02:21.103Z"}
{"level":"info","message":"Saving screenshot to /tmp/screenandroid18adad23d7e0e949689daf296d40f807a1.png.help","timestamp":"2014-10-09T13:02:21.104Z"}
{"level":"info","message":"Saved screenshot","timestamp":"2014-10-09T13:02:21.766Z"}
{"level":"info","message":"Comparing images from paths: /tmp/screeniPad6.1480add6a4fab40509ea2a459484a18d7.png.helpClose and images/helpClose-popover-iPad-6.1.png","timestamp":"2014-10-09T13:02:21.766Z"}
{"level":"info","message":"Clicking the zoom button","timestamp":"2014-10-09T13:02:21.781Z"}
{"level":"info","message":"Comparing images for stagezoom","timestamp":"2014-10-09T13:02:21.786Z"}
{"level":"info","message":"Saving screenshot to /tmp/screeniPad6.1480add6a4fab40509ea2a459484a18d7.png.zoom","timestamp":"2014-10-09T13:02:21.786Z"}
{"level":"info","message":"Image comparison gave: 0","timestamp":"2014-10-09T13:02:21.798Z"}
{"level":"info","message":"iPad6.1480add6a4fab40509ea2a459484a18d7 compared images for stage: helpClosewith eqaulity of: 0","timestamp":"2014-10-09T13:02:21.798Z"}
{"level":"info","message":"Saved screenshot","timestamp":"2014-10-09T13:02:22.574Z"}
{"level":"info","message":"Comparing images from paths: /tmp/screenandroid18adad23d7e0e949689daf296d40f807a1.png.help and images/help-inline-android-18.png","timestamp":"2014-10-09T13:02:22.574Z"}
{"level":"info","message":"Image comparison gave: 0","timestamp":"2014-10-09T13:02:22.598Z"}
{"level":"info","message":"android18adad23d7e0e949689daf296d40f807a1 compared images for stage: helpwith eqaulity of: 0","timestamp":"2014-10-09T13:02:22.599Z"}
{"level":"info","message":"Clicking the help button","timestamp":"2014-10-09T13:02:22.619Z"}
{"parentElementArrayFinder":{"locator_":{"using":"css selector","value":".zoe-btn-help"}},"elementArrayFinder_":{"locator_":{"$ref":"$[\"parentElementArrayFinder\"][\"locator_\"]"}},"level":"info","message":"help button is","timestamp":"2014-10-09T13:02:22.622Z"}
{"level":"info","message":"Comparing images for stagehelpClose","timestamp":"2014-10-09T13:02:22.624Z"}
{"level":"info","message":"Saving screenshot to /tmp/screenandroid18adad23d7e0e949689daf296d40f807a1.png.helpClose","timestamp":"2014-10-09T13:02:22.624Z"}
{"level":"info","message":"Got help style of display: none; ","timestamp":"2014-10-09T13:02:25.947Z"}
{"level":"info","message":"Saved screenshot","timestamp":"2014-10-09T13:02:28.766Z"}
{"level":"info","message":"Comparing images from paths: /tmp/screenandroid18adad23d7e0e949689daf296d40f807a1.png.helpClose and images/helpClose-inline-android-18.png","timestamp":"2014-10-09T13:02:28.767Z"}
{"level":"info","message":"Clicking the zoom button","timestamp":"2014-10-09T13:02:28.783Z"}
{"level":"info","message":"Comparing images for stagezoom","timestamp":"2014-10-09T13:02:28.789Z"}
{"level":"info","message":"Saving screenshot to /tmp/screenandroid18adad23d7e0e949689daf296d40f807a1.png.zoom","timestamp":"2014-10-09T13:02:28.789Z"}
{"level":"info","message":"Image comparison gave: 0","timestamp":"2014-10-09T13:02:28.796Z"}
{"level":"info","message":"android18adad23d7e0e949689daf296d40f807a1 compared images for stage: helpClosewith eqaulity of: 0","timestamp":"2014-10-09T13:02:28.796Z"}
{"level":"info","message":"Saved screenshot","timestamp":"2014-10-09T13:02:29.847Z"}
{"level":"info","message":"Comparing images from paths: /tmp/screeniPad6.1480add6a4fab40509ea2a459484a18d7.png.zoom and images/zoom-popover-iPad-6.1.png","timestamp":"2014-10-09T13:02:29.848Z"}
{"level":"info","message":"Clicking the zoom button","timestamp":"2014-10-09T13:02:29.863Z"}
{"level":"info","message":"Comparing images for stagezoomClose","timestamp":"2014-10-09T13:02:29.867Z"}
{"level":"info","message":"Saving screenshot to /tmp/screeniPad6.1480add6a4fab40509ea2a459484a18d7.png.zoomClose","timestamp":"2014-10-09T13:02:29.868Z"}
{"level":"info","message":"Image comparison gave: 0","timestamp":"2014-10-09T13:02:29.879Z"}
{"level":"info","message":"iPad6.1480add6a4fab40509ea2a459484a18d7 compared images for stage: zoomwith eqaulity of: 0","timestamp":"2014-10-09T13:02:29.879Z"}
{"level":"info","message":"Saved screenshot","timestamp":"2014-10-09T13:02:35.631Z"}
{"level":"info","message":"Comparing images from paths: /tmp/screenandroid18adad23d7e0e949689daf296d40f807a1.png.zoom and images/zoom-inline-android-18.png","timestamp":"2014-10-09T13:02:35.632Z"}
{"level":"info","message":"Clicking the zoom button","timestamp":"2014-10-09T13:02:35.658Z"}
{"level":"info","message":"Comparing images for stagezoomClose","timestamp":"2014-10-09T13:02:35.664Z"}
{"level":"info","message":"Saving screenshot to /tmp/screenandroid18adad23d7e0e949689daf296d40f807a1.png.zoomClose","timestamp":"2014-10-09T13:02:35.664Z"}
{"level":"info","message":"Image comparison gave: 0","timestamp":"2014-10-09T13:02:35.670Z"}
{"level":"info","message":"android18adad23d7e0e949689daf296d40f807a1 compared images for stage: zoomwith eqaulity of: 0","timestamp":"2014-10-09T13:02:35.670Z"}
{"level":"info","message":"Saved screenshot","timestamp":"2014-10-09T13:02:35.939Z"}
{"level":"info","message":"Comparing images from paths: /tmp/screeniPad6.1480add6a4fab40509ea2a459484a18d7.png.zoomClose and images/zoomClose-popover-iPad-6.1.png","timestamp":"2014-10-09T13:02:35.939Z"}
{"level":"info","message":"Image comparison gave: 0","timestamp":"2014-10-09T13:02:35.972Z"}
{"level":"info","message":"iPad6.1480add6a4fab40509ea2a459484a18d7 compared images for stage: zoomClosewith eqaulity of: 0","timestamp":"2014-10-09T13:02:35.973Z"}
{"level":"info","message":"Saved screenshot","timestamp":"2014-10-09T13:02:44.736Z"}
{"level":"info","message":"Comparing images from paths: /tmp/screenandroid18adad23d7e0e949689daf296d40f807a1.png.zoomClose and images/zoomClose-inline-android-18.png","timestamp":"2014-10-09T13:02:44.736Z"}
{"level":"info","message":"Opening URL: http://jenkins.zoetrope.io:8888/v3/testPopover.html","timestamp":"2014-10-09T13:02:44.750Z"}
{"level":"info","message":"Initialising file paths with browser & version","timestamp":"2014-10-09T13:02:44.750Z"}
{"level":"info","message":"Initialising file paths with browser & version","timestamp":"2014-10-09T13:02:44.750Z"}
{"level":"info","message":"Initialising file paths with browser & version","timestamp":"2014-10-09T13:02:44.750Z"}
{"level":"info","message":"Initialising file paths with browser & version","timestamp":"2014-10-09T13:02:44.750Z"}
{"level":"info","message":"Initialising file paths with browser & version","timestamp":"2014-10-09T13:02:44.750Z"}
{"level":"info","message":"Initialising file paths with browser & version","timestamp":"2014-10-09T13:02:44.750Z"}
{"level":"info","message":"Image comparison gave: 0","timestamp":"2014-10-09T13:02:44.762Z"}
{"level":"info","message":"android18adad23d7e0e949689daf296d40f807a1 compared images for stage: zoomClosewith eqaulity of: 0","timestamp":"2014-10-09T13:02:44.762Z"}
{"level":"info","message":"Comparing images for stageload","timestamp":"2014-10-09T13:02:50.410Z"}
{"level":"info","message":"Saving screenshot to /tmp/screenandroid18adad23d7e0e949689daf296d40f807a1.png.load","timestamp":"2014-10-09T13:02:50.410Z"}
{"takesScreenshot":true,"webdriver.remote.sessionid":"be9de37d532242398faba424d63239df","unexpectedAlertBehaviour":"dismiss","ie.browserCommandLineSwitches":"","browserAttachTimeout":0,"ie.ensureCleanSession":false,"ignoreProtectedModeSettings":false,"platform":"WINDOWS","version":"11","ignoreZoomSetting":false,"nativeEvents":true,"handlesAlerts":true,"javascriptEnabled":true,"requireWindowFocus":false,"ie.usePerProcessProxy":false,"hasMetadata":true,"initialBrowserUrl":"http://localhost:16386/","enableElementCacheCleanup":true,"cssSelectorsEnabled":true,"browserName":"internet explorer","elementScrollBehavior":0,"enablePersistentHover":true,"ie.forceCreateProcessApi":false,"level":"info","message":"","timestamp":"2014-10-09T13:02:50.437Z"}
{"level":"info","message":"undefined","timestamp":"2014-10-09T13:02:50.438Z"}
{"level":"info","message":"Initialising file paths with browser & version","timestamp":"2014-10-09T13:02:50.438Z"}
{"level":"info","message":"Opening URL: http://jenkins.zoetrope.io:8888/v3/testInline.html","timestamp":"2014-10-09T13:02:50.848Z"}
{"level":"info","message":"Initialising file paths with browser & version","timestamp":"2014-10-09T13:02:50.849Z"}
{"level":"info","message":"Initialising file paths with browser & version","timestamp":"2014-10-09T13:02:50.849Z"}
{"level":"info","message":"Initialising file paths with browser & version","timestamp":"2014-10-09T13:02:50.849Z"}
{"level":"info","message":"Initialising file paths with browser & version","timestamp":"2014-10-09T13:02:50.849Z"}
{"level":"info","message":"Initialising file paths with browser & version","timestamp":"2014-10-09T13:02:50.849Z"}
{"level":"info","message":"Initialising file paths with browser & version","timestamp":"2014-10-09T13:02:50.849Z"}
{"level":"info","message":"Saved screenshot","timestamp":"2014-10-09T13:02:53.549Z"}
{"level":"info","message":"Comparing images from paths: /tmp/screenandroid18adad23d7e0e949689daf296d40f807a1.png.load and images/load-popover-android-18.png","timestamp":"2014-10-09T13:02:53.549Z"}
{"level":"info","message":"Image comparison gave: 0","timestamp":"2014-10-09T13:02:53.581Z"}
{"level":"info","message":"android18adad23d7e0e949689daf296d40f807a1 compared images for stage: loadwith eqaulity of: 0","timestamp":"2014-10-09T13:02:53.581Z"}
{"level":"info","message":"Clicking on widget trigger","timestamp":"2014-10-09T13:02:53.584Z"}
{"level":"info","message":"Comparing images for stageopenWidget","timestamp":"2014-10-09T13:02:56.122Z"}
{"level":"info","message":"Saving screenshot to /tmp/screenandroid18adad23d7e0e949689daf296d40f807a1.png.openWidget","timestamp":"2014-10-09T13:02:56.123Z"}
{"level":"info","message":"Saved screenshot","timestamp":"2014-10-09T13:03:00.923Z"}
{"level":"info","message":"Comparing images from paths: /tmp/screenandroid18adad23d7e0e949689daf296d40f807a1.png.openWidget and images/openWidget-popover-android-18.png","timestamp":"2014-10-09T13:03:00.923Z"}
{"level":"info","message":"Image comparison gave: 0","timestamp":"2014-10-09T13:03:00.953Z"}
{"level":"info","message":"android18adad23d7e0e949689daf296d40f807a1 compared images for stage: openWidgetwith eqaulity of: 0","timestamp":"2014-10-09T13:03:00.953Z"}
{"level":"info","message":"Clicking the help button","timestamp":"2014-10-09T13:03:00.973Z"}
{"parentElementArrayFinder":{"locator_":{"using":"css selector","value":".zoe-btn-help"}},"elementArrayFinder_":{"locator_":{"$ref":"$[\"parentElementArrayFinder\"][\"locator_\"]"}},"level":"info","message":"help button is","timestamp":"2014-10-09T13:03:00.976Z"}
{"level":"info","message":"Comparing images for stageload","timestamp":"2014-10-09T13:03:01.699Z"}
{"level":"info","message":"Saving screenshot to /tmp/screeninternet explorer11be9de37d532242398faba424d63239df.png.load","timestamp":"2014-10-09T13:03:01.700Z"}
{"level":"info","message":"Got help style of ","timestamp":"2014-10-09T13:03:05.355Z"}
{"level":"info","message":"Comparing images for stagehelp","timestamp":"2014-10-09T13:03:05.395Z"}
{"level":"info","message":"Saving screenshot to /tmp/screenandroid18adad23d7e0e949689daf296d40f807a1.png.help","timestamp":"2014-10-09T13:03:05.396Z"}
{"level":"info","message":"Saved screenshot","timestamp":"2014-10-09T13:03:07.149Z"}
{"level":"info","message":"Comparing images from paths: /tmp/screeninternet explorer11be9de37d532242398faba424d63239df.png.load and images/load-inline-internet explorer-11.png","timestamp":"2014-10-09T13:03:07.150Z"}
{"level":"info","message":"Clicking the help button","timestamp":"2014-10-09T13:03:07.188Z"}
{"parentElementArrayFinder":{"locator_":{"using":"css selector","value":".zoe-btn-help"}},"elementArrayFinder_":{"locator_":{"$ref":"$[\"parentElementArrayFinder\"][\"locator_\"]"}},"level":"info","message":"help button is","timestamp":"2014-10-09T13:03:07.192Z"}
{"level":"info","message":"Image comparison gave: 0","timestamp":"2014-10-09T13:03:07.442Z"}
{"level":"info","message":"internet explorer11be9de37d532242398faba424d63239df compared images for stage: loadwith eqaulity of: 0","timestamp":"2014-10-09T13:03:07.443Z"}
{"level":"info","message":"Saved screenshot","timestamp":"2014-10-09T13:03:07.970Z"}
{"level":"info","message":"Comparing images from paths: /tmp/screenandroid18adad23d7e0e949689daf296d40f807a1.png.help and images/help-popover-android-18.png","timestamp":"2014-10-09T13:03:07.970Z"}
{"level":"info","message":"Image comparison gave: 0","timestamp":"2014-10-09T13:03:07.986Z"}
{"level":"info","message":"android18adad23d7e0e949689daf296d40f807a1 compared images for stage: helpwith eqaulity of: 0","timestamp":"2014-10-09T13:03:07.986Z"}
{"level":"info","message":"Clicking the help button","timestamp":"2014-10-09T13:03:08.015Z"}
{"parentElementArrayFinder":{"locator_":{"using":"css selector","value":".zoe-btn-help"}},"elementArrayFinder_":{"locator_":{"$ref":"$[\"parentElementArrayFinder\"][\"locator_\"]"}},"level":"info","message":"help button is","timestamp":"2014-10-09T13:03:08.018Z"}
{"level":"info","message":"Comparing images for stagehelpClose","timestamp":"2014-10-09T13:03:08.019Z"}
{"level":"info","message":"Saving screenshot to /tmp/screenandroid18adad23d7e0e949689daf296d40f807a1.png.helpClose","timestamp":"2014-10-09T13:03:08.019Z"}
{"level":"info","message":"Got help style of ","timestamp":"2014-10-09T13:03:09.867Z"}
{"level":"info","message":"Comparing images for stagehelp","timestamp":"2014-10-09T13:03:09.909Z"}
{"level":"info","message":"Saving screenshot to /tmp/screeninternet explorer11be9de37d532242398faba424d63239df.png.help","timestamp":"2014-10-09T13:03:09.909Z"}
{"level":"info","message":"Got help style of display: none; ","timestamp":"2014-10-09T13:03:11.286Z"}
{"level":"info","message":"Saved screenshot","timestamp":"2014-10-09T13:03:13.264Z"}
{"level":"info","message":"Comparing images from paths: /tmp/screenandroid18adad23d7e0e949689daf296d40f807a1.png.helpClose and images/helpClose-popover-android-18.png","timestamp":"2014-10-09T13:03:13.264Z"}
{"level":"info","message":"Clicking the zoom button","timestamp":"2014-10-09T13:03:13.280Z"}
{"level":"info","message":"Comparing images for stagezoom","timestamp":"2014-10-09T13:03:13.285Z"}
{"level":"info","message":"Saving screenshot to /tmp/screenandroid18adad23d7e0e949689daf296d40f807a1.png.zoom","timestamp":"2014-10-09T13:03:13.285Z"}
{"level":"info","message":"Image comparison gave: 0","timestamp":"2014-10-09T13:03:13.291Z"}
{"level":"info","message":"android18adad23d7e0e949689daf296d40f807a1 compared images for stage: helpClosewith eqaulity of: 0","timestamp":"2014-10-09T13:03:13.291Z"}
{"level":"info","message":"Saved screenshot","timestamp":"2014-10-09T13:03:13.542Z"}
{"level":"info","message":"Comparing images from paths: /tmp/screeninternet explorer11be9de37d532242398faba424d63239df.png.help and images/help-inline-internet explorer-11.png","timestamp":"2014-10-09T13:03:13.542Z"}
{"level":"info","message":"Clicking the help button","timestamp":"2014-10-09T13:03:13.601Z"}
{"parentElementArrayFinder":{"locator_":{"using":"css selector","value":".zoe-btn-help"}},"elementArrayFinder_":{"locator_":{"$ref":"$[\"parentElementArrayFinder\"][\"locator_\"]"}},"level":"info","message":"help button is","timestamp":"2014-10-09T13:03:13.604Z"}
{"level":"info","message":"Comparing images for stagehelpClose","timestamp":"2014-10-09T13:03:13.606Z"}
{"level":"info","message":"Saving screenshot to /tmp/screeninternet explorer11be9de37d532242398faba424d63239df.png.helpClose","timestamp":"2014-10-09T13:03:13.606Z"}
{"level":"info","message":"Image comparison gave: 0","timestamp":"2014-10-09T13:03:13.765Z"}
{"level":"info","message":"internet explorer11be9de37d532242398faba424d63239df compared images for stage: helpwith eqaulity of: 0","timestamp":"2014-10-09T13:03:13.765Z"}
{"level":"info","message":"Got help style of display: none;","timestamp":"2014-10-09T13:03:15.881Z"}
{"level":"info","message":"Saved screenshot","timestamp":"2014-10-09T13:03:18.718Z"}
{"level":"info","message":"Comparing images from paths: /tmp/screenandroid18adad23d7e0e949689daf296d40f807a1.png.zoom and images/zoom-popover-android-18.png","timestamp":"2014-10-09T13:03:18.718Z"}
{"level":"info","message":"Clicking the zoom button","timestamp":"2014-10-09T13:03:18.731Z"}
{"level":"info","message":"Comparing images for stagezoomClose","timestamp":"2014-10-09T13:03:18.737Z"}
{"level":"info","message":"Saving screenshot to /tmp/screenandroid18adad23d7e0e949689daf296d40f807a1.png.zoomClose","timestamp":"2014-10-09T13:03:18.737Z"}
{"level":"info","message":"Image comparison gave: 0","timestamp":"2014-10-09T13:03:18.745Z"}
{"level":"info","message":"android18adad23d7e0e949689daf296d40f807a1 compared images for stage: zoomwith eqaulity of: 0","timestamp":"2014-10-09T13:03:18.745Z"}
{"level":"info","message":"Saved screenshot","timestamp":"2014-10-09T13:03:19.933Z"}
{"level":"info","message":"Comparing images from paths: /tmp/screeninternet explorer11be9de37d532242398faba424d63239df.png.helpClose and images/helpClose-inline-internet explorer-11.png","timestamp":"2014-10-09T13:03:19.933Z"}
{"level":"info","message":"Clicking the zoom button","timestamp":"2014-10-09T13:03:19.949Z"}
{"level":"info","message":"Comparing images for stagezoom","timestamp":"2014-10-09T13:03:19.955Z"}
{"level":"info","message":"Saving screenshot to /tmp/screeninternet explorer11be9de37d532242398faba424d63239df.png.zoom","timestamp":"2014-10-09T13:03:19.955Z"}
{"level":"info","message":"Image comparison gave: 0","timestamp":"2014-10-09T13:03:20.010Z"}
{"level":"info","message":"internet explorer11be9de37d532242398faba424d63239df compared images for stage: helpClosewith eqaulity of: 0","timestamp":"2014-10-09T13:03:20.010Z"}
{"level":"info","message":"Saved screenshot","timestamp":"2014-10-09T13:03:23.458Z"}
{"level":"info","message":"Comparing images from paths: /tmp/screenandroid18adad23d7e0e949689daf296d40f807a1.png.zoomClose and images/zoomClose-popover-android-18.png","timestamp":"2014-10-09T13:03:23.458Z"}
{"level":"info","message":"Image comparison gave: 0","timestamp":"2014-10-09T13:03:23.483Z"}
{"level":"info","message":"android18adad23d7e0e949689daf296d40f807a1 compared images for stage: zoomClosewith eqaulity of: 0","timestamp":"2014-10-09T13:03:23.483Z"}
{"level":"info","message":"Saved screenshot","timestamp":"2014-10-09T13:03:27.643Z"}
{"level":"info","message":"Comparing images from paths: /tmp/screeninternet explorer11be9de37d532242398faba424d63239df.png.zoom and images/zoom-inline-internet explorer-11.png","timestamp":"2014-10-09T13:03:27.643Z"}
{"level":"info","message":"Clicking the zoom button","timestamp":"2014-10-09T13:03:27.657Z"}
{"level":"info","message":"Comparing images for stagezoomClose","timestamp":"2014-10-09T13:03:27.662Z"}
{"level":"info","message":"Saving screenshot to /tmp/screeninternet explorer11be9de37d532242398faba424d63239df.png.zoomClose","timestamp":"2014-10-09T13:03:27.663Z"}
{"level":"info","message":"Image comparison gave: 0","timestamp":"2014-10-09T13:03:27.710Z"}
{"level":"info","message":"internet explorer11be9de37d532242398faba424d63239df compared images for stage: zoomwith eqaulity of: 0","timestamp":"2014-10-09T13:03:27.710Z"}
{"level":"info","message":"Saved screenshot","timestamp":"2014-10-09T13:03:33.667Z"}
{"level":"info","message":"Comparing images from paths: /tmp/screeninternet explorer11be9de37d532242398faba424d63239df.png.zoomClose and images/zoomClose-inline-internet explorer-11.png","timestamp":"2014-10-09T13:03:33.667Z"}
{"level":"info","message":"Opening URL: http://jenkins.zoetrope.io:8888/v3/testPopover.html","timestamp":"2014-10-09T13:03:33.683Z"}
{"level":"info","message":"Initialising file paths with browser & version","timestamp":"2014-10-09T13:03:33.683Z"}
{"level":"info","message":"Initialising file paths with browser & version","timestamp":"2014-10-09T13:03:33.683Z"}
{"level":"info","message":"Initialising file paths with browser & version","timestamp":"2014-10-09T13:03:33.684Z"}
{"level":"info","message":"Initialising file paths with browser & version","timestamp":"2014-10-09T13:03:33.684Z"}
{"level":"info","message":"Initialising file paths with browser & version","timestamp":"2014-10-09T13:03:33.684Z"}
{"level":"info","message":"Initialising file paths with browser & version","timestamp":"2014-10-09T13:03:33.684Z"}
{"level":"info","message":"Image comparison gave: 0","timestamp":"2014-10-09T13:03:33.732Z"}
{"level":"info","message":"internet explorer11be9de37d532242398faba424d63239df compared images for stage: zoomClosewith eqaulity of: 0","timestamp":"2014-10-09T13:03:33.732Z"}
{"level":"info","message":"Comparing images for stageload","timestamp":"2014-10-09T13:03:35.111Z"}
{"level":"info","message":"Saving screenshot to /tmp/screeninternet explorer11be9de37d532242398faba424d63239df.png.load","timestamp":"2014-10-09T13:03:35.111Z"}
{"level":"info","message":"Saved screenshot","timestamp":"2014-10-09T13:03:37.428Z"}
{"level":"info","message":"Comparing images from paths: /tmp/screeninternet explorer11be9de37d532242398faba424d63239df.png.load and images/load-popover-internet explorer-11.png","timestamp":"2014-10-09T13:03:37.428Z"}
{"level":"info","message":"Clicking on widget trigger","timestamp":"2014-10-09T13:03:37.465Z"}
{"level":"info","message":"Image comparison gave: 0","timestamp":"2014-10-09T13:03:37.488Z"}
{"level":"info","message":"internet explorer11be9de37d532242398faba424d63239df compared images for stage: loadwith eqaulity of: 0","timestamp":"2014-10-09T13:03:37.488Z"}
{"level":"info","message":"Comparing images for stageopenWidget","timestamp":"2014-10-09T13:03:40.434Z"}
{"level":"info","message":"Saving screenshot to /tmp/screeninternet explorer11be9de37d532242398faba424d63239df.png.openWidget","timestamp":"2014-10-09T13:03:40.436Z"}
{"level":"info","message":"Saved screenshot","timestamp":"2014-10-09T13:03:43.763Z"}
{"level":"info","message":"Comparing images from paths: /tmp/screeninternet explorer11be9de37d532242398faba424d63239df.png.openWidget and images/openWidget-popover-internet explorer-11.png","timestamp":"2014-10-09T13:03:43.764Z"}
{"level":"info","message":"Clicking the help button","timestamp":"2014-10-09T13:03:43.814Z"}
{"parentElementArrayFinder":{"locator_":{"using":"css selector","value":".zoe-btn-help"}},"elementArrayFinder_":{"locator_":{"$ref":"$[\"parentElementArrayFinder\"][\"locator_\"]"}},"level":"info","message":"help button is","timestamp":"2014-10-09T13:03:43.817Z"}
{"level":"info","message":"Image comparison gave: 0","timestamp":"2014-10-09T13:03:43.831Z"}
{"level":"info","message":"internet explorer11be9de37d532242398faba424d63239df compared images for stage: openWidgetwith eqaulity of: 0","timestamp":"2014-10-09T13:03:43.831Z"}
{"level":"info","message":"Got help style of ","timestamp":"2014-10-09T13:03:46.476Z"}
{"level":"info","message":"Comparing images for stagehelp","timestamp":"2014-10-09T13:03:46.518Z"}
{"level":"info","message":"Saving screenshot to /tmp/screeninternet explorer11be9de37d532242398faba424d63239df.png.help","timestamp":"2014-10-09T13:03:46.519Z"}
{"level":"info","message":"Saved screenshot","timestamp":"2014-10-09T13:03:48.792Z"}
{"level":"info","message":"Comparing images from paths: /tmp/screeninternet explorer11be9de37d532242398faba424d63239df.png.help and images/help-popover-internet explorer-11.png","timestamp":"2014-10-09T13:03:48.792Z"}
{"level":"info","message":"Clicking the help button","timestamp":"2014-10-09T13:03:48.839Z"}
{"parentElementArrayFinder":{"locator_":{"using":"css selector","value":".zoe-btn-help"}},"elementArrayFinder_":{"locator_":{"$ref":"$[\"parentElementArrayFinder\"][\"locator_\"]"}},"level":"info","message":"help button is","timestamp":"2014-10-09T13:03:48.842Z"}
{"level":"info","message":"Comparing images for stagehelpClose","timestamp":"2014-10-09T13:03:48.844Z"}
{"level":"info","message":"Saving screenshot to /tmp/screeninternet explorer11be9de37d532242398faba424d63239df.png.helpClose","timestamp":"2014-10-09T13:03:48.845Z"}
{"level":"info","message":"Image comparison gave: 0","timestamp":"2014-10-09T13:03:48.863Z"}
{"level":"info","message":"internet explorer11be9de37d532242398faba424d63239df compared images for stage: helpwith eqaulity of: 0","timestamp":"2014-10-09T13:03:48.864Z"}
{"level":"info","message":"Got help style of display: none;","timestamp":"2014-10-09T13:03:51.463Z"}
{"level":"info","message":"Saved screenshot","timestamp":"2014-10-09T13:03:54.604Z"}
{"level":"info","message":"Comparing images from paths: /tmp/screeninternet explorer11be9de37d532242398faba424d63239df.png.helpClose and images/helpClose-popover-internet explorer-11.png","timestamp":"2014-10-09T13:03:54.604Z"}
{"level":"info","message":"Clicking the zoom button","timestamp":"2014-10-09T13:03:54.619Z"}
{"level":"info","message":"Comparing images for stagezoom","timestamp":"2014-10-09T13:03:54.629Z"}
{"level":"info","message":"Saving screenshot to /tmp/screeninternet explorer11be9de37d532242398faba424d63239df.png.zoom","timestamp":"2014-10-09T13:03:54.629Z"}
{"level":"info","message":"Image comparison gave: 0","timestamp":"2014-10-09T13:03:54.667Z"}
{"level":"info","message":"internet explorer11be9de37d532242398faba424d63239df compared images for stage: helpClosewith eqaulity of: 0","timestamp":"2014-10-09T13:03:54.668Z"}
{"level":"info","message":"Saved screenshot","timestamp":"2014-10-09T13:04:03.674Z"}
{"level":"info","message":"Comparing images from paths: /tmp/screeninternet explorer11be9de37d532242398faba424d63239df.png.zoom and images/zoom-popover-internet explorer-11.png","timestamp":"2014-10-09T13:04:03.675Z"}
{"level":"info","message":"Clicking the zoom button","timestamp":"2014-10-09T13:04:03.704Z"}
{"level":"info","message":"Comparing images for stagezoomClose","timestamp":"2014-10-09T13:04:03.710Z"}
{"level":"info","message":"Saving screenshot to /tmp/screeninternet explorer11be9de37d532242398faba424d63239df.png.zoomClose","timestamp":"2014-10-09T13:04:03.710Z"}
{"level":"info","message":"Image comparison gave: 0","timestamp":"2014-10-09T13:04:03.750Z"}
{"level":"info","message":"internet explorer11be9de37d532242398faba424d63239df compared images for stage: zoomwith eqaulity of: 0","timestamp":"2014-10-09T13:04:03.750Z"}
{"takesScreenshot":true,"version":"6.1","cssSelectorsEnabled":true,"javascriptEnabled":true,"databaseEnabled":true,"locationContextEnabled":true,"platform":"MAC","browserName":"iPhone","webdriver.remote.sessionid":"10192de0aea04dd09390654828b591ca","hasMetadata":true,"webStorageEnabled":true,"level":"info","message":"","timestamp":"2014-10-09T13:04:06.417Z"}
{"level":"info","message":"undefined","timestamp":"2014-10-09T13:04:06.418Z"}
{"level":"info","message":"Initialising file paths with browser & version","timestamp":"2014-10-09T13:04:06.418Z"}
{"level":"info","message":"Opening URL: http://jenkins.zoetrope.io:8888/v3/testInline.html","timestamp":"2014-10-09T13:04:07.040Z"}
{"level":"info","message":"Initialising file paths with browser & version","timestamp":"2014-10-09T13:04:07.040Z"}
{"level":"info","message":"Initialising file paths with browser & version","timestamp":"2014-10-09T13:04:07.040Z"}
{"level":"info","message":"Initialising file paths with browser & version","timestamp":"2014-10-09T13:04:07.041Z"}
{"level":"info","message":"Initialising file paths with browser & version","timestamp":"2014-10-09T13:04:07.041Z"}
{"level":"info","message":"Initialising file paths with browser & version","timestamp":"2014-10-09T13:04:07.041Z"}
{"level":"info","message":"Initialising file paths with browser & version","timestamp":"2014-10-09T13:04:07.041Z"}
{"level":"info","message":"Saved screenshot","timestamp":"2014-10-09T13:04:08.293Z"}
{"level":"info","message":"Comparing images from paths: /tmp/screeninternet explorer11be9de37d532242398faba424d63239df.png.zoomClose and images/zoomClose-popover-internet explorer-11.png","timestamp":"2014-10-09T13:04:08.293Z"}
{"level":"info","message":"Image comparison gave: 0","timestamp":"2014-10-09T13:04:08.359Z"}
{"level":"info","message":"internet explorer11be9de37d532242398faba424d63239df compared images for stage: zoomClosewith eqaulity of: 0","timestamp":"2014-10-09T13:04:08.359Z"}
{"level":"info","message":"Comparing images for stageload","timestamp":"2014-10-09T13:04:11.270Z"}
{"level":"info","message":"Saving screenshot to /tmp/screeniPhone6.110192de0aea04dd09390654828b591ca.png.load","timestamp":"2014-10-09T13:04:11.271Z"}
{"level":"info","message":"Saved screenshot","timestamp":"2014-10-09T13:04:14.962Z"}
{"level":"info","message":"Comparing images from paths: /tmp/screeniPhone6.110192de0aea04dd09390654828b591ca.png.load and images/load-inline-iPhone-6.1.png","timestamp":"2014-10-09T13:04:14.963Z"}
{"level":"info","message":"Image comparison gave: 0","timestamp":"2014-10-09T13:04:14.996Z"}
{"level":"info","message":"iPhone6.110192de0aea04dd09390654828b591ca compared images for stage: loadwith eqaulity of: 0","timestamp":"2014-10-09T13:04:14.997Z"}
{"level":"info","message":"Clicking the help button","timestamp":"2014-10-09T13:04:15.015Z"}
{"parentElementArrayFinder":{"locator_":{"using":"css selector","value":".zoe-btn-help"}},"elementArrayFinder_":{"locator_":{"$ref":"$[\"parentElementArrayFinder\"][\"locator_\"]"}},"level":"info","message":"help button is","timestamp":"2014-10-09T13:04:15.019Z"}
{"level":"info","message":"Got help style of ","timestamp":"2014-10-09T13:04:18.022Z"}
{"level":"info","message":"Comparing images for stagehelp","timestamp":"2014-10-09T13:04:18.066Z"}
{"level":"info","message":"Saving screenshot to /tmp/screeniPhone6.110192de0aea04dd09390654828b591ca.png.help","timestamp":"2014-10-09T13:04:18.067Z"}
{"level":"info","message":"Saved screenshot","timestamp":"2014-10-09T13:04:19.893Z"}
{"level":"info","message":"Comparing images from paths: /tmp/screeniPhone6.110192de0aea04dd09390654828b591ca.png.help and images/help-inline-iPhone-6.1.png","timestamp":"2014-10-09T13:04:19.893Z"}
{"level":"info","message":"Image comparison gave: 0","timestamp":"2014-10-09T13:04:19.921Z"}
{"level":"info","message":"iPhone6.110192de0aea04dd09390654828b591ca compared images for stage: helpwith eqaulity of: 0","timestamp":"2014-10-09T13:04:19.922Z"}
{"level":"info","message":"Clicking the help button","timestamp":"2014-10-09T13:04:19.940Z"}
{"parentElementArrayFinder":{"locator_":{"using":"css selector","value":".zoe-btn-help"}},"elementArrayFinder_":{"locator_":{"$ref":"$[\"parentElementArrayFinder\"][\"locator_\"]"}},"level":"info","message":"help button is","timestamp":"2014-10-09T13:04:19.944Z"}
{"level":"info","message":"Comparing images for stagehelpClose","timestamp":"2014-10-09T13:04:19.946Z"}
{"level":"info","message":"Saving screenshot to /tmp/screeniPhone6.110192de0aea04dd09390654828b591ca.png.helpClose","timestamp":"2014-10-09T13:04:19.946Z"}
{"level":"info","message":"Got help style of display: none; ","timestamp":"2014-10-09T13:04:22.976Z"}
{"level":"info","message":"Saved screenshot","timestamp":"2014-10-09T13:04:25.209Z"}
{"level":"info","message":"Comparing images from paths: /tmp/screeniPhone6.110192de0aea04dd09390654828b591ca.png.helpClose and images/helpClose-inline-iPhone-6.1.png","timestamp":"2014-10-09T13:04:25.210Z"}
{"level":"info","message":"Clicking the zoom button","timestamp":"2014-10-09T13:04:25.226Z"}
{"level":"info","message":"Comparing images for stagezoom","timestamp":"2014-10-09T13:04:25.231Z"}
{"level":"info","message":"Saving screenshot to /tmp/screeniPhone6.110192de0aea04dd09390654828b591ca.png.zoom","timestamp":"2014-10-09T13:04:25.231Z"}
{"level":"info","message":"Image comparison gave: 0","timestamp":"2014-10-09T13:04:25.239Z"}
{"level":"info","message":"iPhone6.110192de0aea04dd09390654828b591ca compared images for stage: helpClosewith eqaulity of: 0","timestamp":"2014-10-09T13:04:25.239Z"}
{"level":"info","message":"Saved screenshot","timestamp":"2014-10-09T13:04:33.227Z"}
{"level":"info","message":"Comparing images from paths: /tmp/screeniPhone6.110192de0aea04dd09390654828b591ca.png.zoom and images/zoom-inline-iPhone-6.1.png","timestamp":"2014-10-09T13:04:33.227Z"}
{"level":"info","message":"Clicking the zoom button","timestamp":"2014-10-09T13:04:33.242Z"}
{"level":"info","message":"Comparing images for stagezoomClose","timestamp":"2014-10-09T13:04:33.249Z"}
{"level":"info","message":"Saving screenshot to /tmp/screeniPhone6.110192de0aea04dd09390654828b591ca.png.zoomClose","timestamp":"2014-10-09T13:04:33.249Z"}
{"level":"info","message":"Image comparison gave: 0","timestamp":"2014-10-09T13:04:33.262Z"}
{"level":"info","message":"iPhone6.110192de0aea04dd09390654828b591ca compared images for stage: zoomwith eqaulity of: 0","timestamp":"2014-10-09T13:04:33.262Z"}
{"level":"info","message":"Saved screenshot","timestamp":"2014-10-09T13:04:40.278Z"}
{"level":"info","message":"Comparing images from paths: /tmp/screeniPhone6.110192de0aea04dd09390654828b591ca.png.zoomClose and images/zoomClose-inline-iPhone-6.1.png","timestamp":"2014-10-09T13:04:40.278Z"}
{"level":"info","message":"Image comparison gave: 0","timestamp":"2014-10-09T13:04:40.308Z"}
{"level":"info","message":"iPhone6.110192de0aea04dd09390654828b591ca compared images for stage: zoomClosewith eqaulity of: 0","timestamp":"2014-10-09T13:04:40.308Z"}
{"level":"info","message":"Opening URL: http://jenkins.zoetrope.io:8888/v3/testPopover.html","timestamp":"2014-10-09T13:04:40.309Z"}
{"level":"info","message":"Initialising file paths with browser & version","timestamp":"2014-10-09T13:04:40.309Z"}
{"level":"info","message":"Initialising file paths with browser & version","timestamp":"2014-10-09T13:04:40.309Z"}
{"level":"info","message":"Initialising file paths with browser & version","timestamp":"2014-10-09T13:04:40.310Z"}
{"level":"info","message":"Initialising file paths with browser & version","timestamp":"2014-10-09T13:04:40.310Z"}
{"level":"info","message":"Initialising file paths with browser & version","timestamp":"2014-10-09T13:04:40.310Z"}
{"level":"info","message":"Initialising file paths with browser & version","timestamp":"2014-10-09T13:04:40.310Z"}
{"level":"info","message":"Comparing images for stageload","timestamp":"2014-10-09T13:04:41.648Z"}
{"level":"info","message":"Saving screenshot to /tmp/screeniPhone6.110192de0aea04dd09390654828b591ca.png.load","timestamp":"2014-10-09T13:04:41.648Z"}
{"level":"info","message":"Saved screenshot","timestamp":"2014-10-09T13:04:44.711Z"}
{"level":"info","message":"Comparing images from paths: /tmp/screeniPhone6.110192de0aea04dd09390654828b591ca.png.load and images/load-popover-iPhone-6.1.png","timestamp":"2014-10-09T13:04:44.712Z"}
{"level":"info","message":"Image comparison gave: 0","timestamp":"2014-10-09T13:04:44.740Z"}
{"level":"info","message":"iPhone6.110192de0aea04dd09390654828b591ca compared images for stage: loadwith eqaulity of: 0","timestamp":"2014-10-09T13:04:44.740Z"}
{"level":"info","message":"Clicking on widget trigger","timestamp":"2014-10-09T13:04:44.746Z"}
{"level":"info","message":"Comparing images for stageopenWidget","timestamp":"2014-10-09T13:04:46.603Z"}
{"level":"info","message":"Saving screenshot to /tmp/screeniPhone6.110192de0aea04dd09390654828b591ca.png.openWidget","timestamp":"2014-10-09T13:04:46.603Z"}
{"level":"info","message":"Saved screenshot","timestamp":"2014-10-09T13:04:51.128Z"}
{"level":"info","message":"Comparing images from paths: /tmp/screeniPhone6.110192de0aea04dd09390654828b591ca.png.openWidget and images/openWidget-popover-iPhone-6.1.png","timestamp":"2014-10-09T13:04:51.129Z"}
{"level":"info","message":"Image comparison gave: 0","timestamp":"2014-10-09T13:04:51.160Z"}
{"level":"info","message":"iPhone6.110192de0aea04dd09390654828b591ca compared images for stage: openWidgetwith eqaulity of: 0","timestamp":"2014-10-09T13:04:51.160Z"}
{"level":"info","message":"Clicking the help button","timestamp":"2014-10-09T13:04:51.166Z"}
{"parentElementArrayFinder":{"locator_":{"using":"css selector","value":".zoe-btn-help"}},"elementArrayFinder_":{"locator_":{"$ref":"$[\"parentElementArrayFinder\"][\"locator_\"]"}},"level":"info","message":"help button is","timestamp":"2014-10-09T13:04:51.169Z"}
{"level":"info","message":"Got help style of ","timestamp":"2014-10-09T13:04:54.407Z"}
{"level":"info","message":"Comparing images for stagehelp","timestamp":"2014-10-09T13:04:54.448Z"}
{"level":"info","message":"Saving screenshot to /tmp/screeniPhone6.110192de0aea04dd09390654828b591ca.png.help","timestamp":"2014-10-09T13:04:54.448Z"}
{"level":"info","message":"Saved screenshot","timestamp":"2014-10-09T13:04:56.140Z"}
{"level":"info","message":"Comparing images from paths: /tmp/screeniPhone6.110192de0aea04dd09390654828b591ca.png.help and images/help-popover-iPhone-6.1.png","timestamp":"2014-10-09T13:04:56.140Z"}
{"level":"info","message":"Image comparison gave: 0","timestamp":"2014-10-09T13:04:56.172Z"}
{"level":"info","message":"iPhone6.110192de0aea04dd09390654828b591ca compared images for stage: helpwith eqaulity of: 0","timestamp":"2014-10-09T13:04:56.173Z"}
{"level":"info","message":"Clicking the help button","timestamp":"2014-10-09T13:04:56.199Z"}
{"parentElementArrayFinder":{"locator_":{"using":"css selector","value":".zoe-btn-help"}},"elementArrayFinder_":{"locator_":{"$ref":"$[\"parentElementArrayFinder\"][\"locator_\"]"}},"level":"info","message":"help button is","timestamp":"2014-10-09T13:04:56.201Z"}
{"level":"info","message":"Comparing images for stagehelpClose","timestamp":"2014-10-09T13:04:56.203Z"}
{"level":"info","message":"Saving screenshot to /tmp/screeniPhone6.110192de0aea04dd09390654828b591ca.png.helpClose","timestamp":"2014-10-09T13:04:56.203Z"}
{"level":"info","message":"Got help style of display: none; ","timestamp":"2014-10-09T13:04:59.262Z"}
{"level":"info","message":"Saved screenshot","timestamp":"2014-10-09T13:05:01.039Z"}
{"level":"info","message":"Comparing images from paths: /tmp/screeniPhone6.110192de0aea04dd09390654828b591ca.png.helpClose and images/helpClose-popover-iPhone-6.1.png","timestamp":"2014-10-09T13:05:01.039Z"}
{"level":"info","message":"Clicking the zoom button","timestamp":"2014-10-09T13:05:01.053Z"}
{"level":"info","message":"Comparing images for stagezoom","timestamp":"2014-10-09T13:05:01.058Z"}
{"level":"info","message":"Saving screenshot to /tmp/screeniPhone6.110192de0aea04dd09390654828b591ca.png.zoom","timestamp":"2014-10-09T13:05:01.058Z"}
{"level":"info","message":"Image comparison gave: 0","timestamp":"2014-10-09T13:05:01.067Z"}
{"level":"info","message":"iPhone6.110192de0aea04dd09390654828b591ca compared images for stage: helpClosewith eqaulity of: 0","timestamp":"2014-10-09T13:05:01.067Z"}
{"level":"info","message":"Saved screenshot","timestamp":"2014-10-09T13:05:10.769Z"}
{"level":"info","message":"Comparing images from paths: /tmp/screeniPhone6.110192de0aea04dd09390654828b591ca.png.zoom and images/zoom-popover-iPhone-6.1.png","timestamp":"2014-10-09T13:05:10.769Z"}
{"level":"info","message":"Clicking the zoom button","timestamp":"2014-10-09T13:05:10.801Z"}
{"level":"info","message":"Comparing images for stagezoomClose","timestamp":"2014-10-09T13:05:10.806Z"}
{"level":"info","message":"Saving screenshot to /tmp/screeniPhone6.110192de0aea04dd09390654828b591ca.png.zoomClose","timestamp":"2014-10-09T13:05:10.806Z"}
{"level":"info","message":"Image comparison gave: 0","timestamp":"2014-10-09T13:05:10.810Z"}
{"level":"info","message":"iPhone6.110192de0aea04dd09390654828b591ca compared images for stage: zoomwith eqaulity of: 0","timestamp":"2014-10-09T13:05:10.810Z"}
{"level":"info","message":"Saved screenshot","timestamp":"2014-10-09T13:05:17.364Z"}
{"level":"info","message":"Comparing images from paths: /tmp/screeniPhone6.110192de0aea04dd09390654828b591ca.png.zoomClose and images/zoomClose-popover-iPhone-6.1.png","timestamp":"2014-10-09T13:05:17.365Z"}
{"level":"info","message":"Image comparison gave: 0","timestamp":"2014-10-09T13:05:17.392Z"}
{"level":"info","message":"iPhone6.110192de0aea04dd09390654828b591ca compared images for stage: zoomClosewith eqaulity of: 0","timestamp":"2014-10-09T13:05:17.392Z"}
